=== TIMESTAMP AVANT ===
1779384825.975841781

=== GPU INFO ===
00:02.0 VGA compatible controller: Intel Corporation WhiskeyLake-U GT2 [UHD Graphics 620] (rev 02) (prog-if 00 [VGA controller])
	DeviceName: Onboard - Video
	Subsystem: Dell WhiskeyLake-U GT2 [UHD Graphics 620]
	Flags: bus master, fast devsel, latency 0, IRQ 146, IOMMU group 0
	Memory at a0000000 (64-bit, non-prefetchable) [size=16M]
	Memory at 90000000 (64-bit, prefetchable) [size=256M]
	I/O ports at 4000 [size=64]
	Expansion ROM at 000c0000 [virtual] [disabled] [size=128K]
	Capabilities: <access denied>
	Kernel driver in use: i915
	Kernel modules: i915


=== MEMORY INFO ===
               total        used        free      shared  buff/cache   available
Mem:           7.4Gi       6.3Gi       515Mi       706Mi       1.6Gi       1.1Gi
Swap:          4.0Gi       1.6Gi       2.4Gi

=== DRM DEVICES ===
total 0
drwxr-xr-x   3 root root        100 May 21 17:24 .
drwxr-xr-x  21 root root       5080 May 21 17:24 ..
drwxr-xr-x   2 root root         80 May 21 17:24 by-path
crw-rw----+  1 root video  226,   1 May 21 17:24 card1
crw-rw----+  1 root render 226, 128 May 21 17:24 renderD128

=== I915 PARAMS ===
