
================================================================================
🎯 ENTRAÎNEMENT FOCALISÉ - JEU LS20 UNIQUEMENT
================================================================================
Jeu Cible: ls20-9607627b
Objectif: VICTOIRE en < 5 minutes
Monitoring: TEMPS RÉEL pour CHAQUE action
Timestamp: 2026-06-16T18:30:21.845688
================================================================================

✅ arc-agi importé
✅ MAGEN V40.3 modules chargés

================================================================================
CONNEXION API ARC-AGI-3
================================================================================

INFO:arc_agi.scorecard:Initialized ScorecardManager with idle_for=0:15:00 and max_open_for=3 days, 0:00:00
2026-06-16 18:30:23 | INFO | Successfully fetched 25 environment(s) from API
✅ Connexion API réussie

✅ Scorecard: ef6dfc87-2675-4c0f-abf1-9874ee02756e
   URL: https://arcprize.org/scorecards/ef6dfc87-2675-4c0f-abf1-9874ee02756e

================================================================================
ENTRAÎNEMENT EN LOOP - JEU ls20-9607627b
================================================================================


================================================================================
TENTATIVE #1 - Temps écoulé: 0.0s / 300s
Temps restant: 300.0s
================================================================================

2026-06-16 18:30:23 | INFO | Successfully fetched metadata for game ls20
2026-06-16 18:30:24 | ERROR | Failed to reset game ls20-9607627b: 400 Client Error: Bad Request for url: https://three.arcprize.org/api/cmd/RESET
Traceback (most recent call last):
  File "/home/lvx/.local/lib/python3.12/site-packages/arc_agi/remote_wrapper.py", line 108, in reset
    response.raise_for_status()
  File "/home/lvx/.local/lib/python3.12/site-packages/requests/models.py", line 1028, in raise_for_status
    raise HTTPError(http_error_msg, response=self)
requests.exceptions.HTTPError: 400 Client Error: Bad Request for url: https://three.arcprize.org/api/cmd/RESET
[MAGEN V40.3] Adaptateur initialisé pour ls20-9607627b
[MAGEN V40.3] Actions disponibles: 6
   🔄 RESET tentative 1/3...
2026-06-16 18:30:24 | ERROR | Failed to reset game ls20-9607627b: 400 Client Error: Bad Request for url: https://three.arcprize.org/api/cmd/RESET
Traceback (most recent call last):
  File "/home/lvx/.local/lib/python3.12/site-packages/arc_agi/remote_wrapper.py", line 108, in reset
    response.raise_for_status()
  File "/home/lvx/.local/lib/python3.12/site-packages/requests/models.py", line 1028, in raise_for_status
    raise HTTPError(http_error_msg, response=self)
requests.exceptions.HTTPError: 400 Client Error: Bad Request for url: https://three.arcprize.org/api/cmd/RESET
   ⏳ Attente 2.0s...
   🔄 RESET tentative 2/3...
2026-06-16 18:30:26 | ERROR | Failed to reset game ls20-9607627b: 400 Client Error: Bad Request for url: https://three.arcprize.org/api/cmd/RESET
Traceback (most recent call last):
  File "/home/lvx/.local/lib/python3.12/site-packages/arc_agi/remote_wrapper.py", line 108, in reset
    response.raise_for_status()
  File "/home/lvx/.local/lib/python3.12/site-packages/requests/models.py", line 1028, in raise_for_status
    raise HTTPError(http_error_msg, response=self)
requests.exceptions.HTTPError: 400 Client Error: Bad Request for url: https://three.arcprize.org/api/cmd/RESET
   ⏳ Attente 2.0s...
   🔄 RESET tentative 3/3...
2026-06-16 18:30:29 | ERROR | Failed to reset game ls20-9607627b: 400 Client Error: Bad Request for url: https://three.arcprize.org/api/cmd/RESET
Traceback (most recent call last):
  File "/home/lvx/.local/lib/python3.12/site-packages/arc_agi/remote_wrapper.py", line 108, in reset
    response.raise_for_status()
  File "/home/lvx/.local/lib/python3.12/site-packages/requests/models.py", line 1028, in raise_for_status
    raise HTTPError(http_error_msg, response=self)
requests.exceptions.HTTPError: 400 Client Error: Bad Request for url: https://three.arcprize.org/api/cmd/RESET
   ⏳ Attente 2.0s...
   ❌ Impossible de démarrer: Impossible de démarrer après 3 tentatives

================================================================================
TENTATIVE #2 - Temps écoulé: 7.3s / 300s
Temps restant: 292.7s
================================================================================

2026-06-16 18:30:31 | INFO | Successfully fetched metadata for game ls20
2026-06-16 18:30:31 | ERROR | Failed to reset game ls20-9607627b: 400 Client Error: Bad Request for url: https://three.arcprize.org/api/cmd/RESET
Traceback (most recent call last):
  File "/home/lvx/.local/lib/python3.12/site-packages/arc_agi/remote_wrapper.py", line 108, in reset
    response.raise_for_status()
  File "/home/lvx/.local/lib/python3.12/site-packages/requests/models.py", line 1028, in raise_for_status
    raise HTTPError(http_error_msg, response=self)
requests.exceptions.HTTPError: 400 Client Error: Bad Request for url: https://three.arcprize.org/api/cmd/RESET
[MAGEN V40.3] Adaptateur initialisé pour ls20-9607627b
[MAGEN V40.3] Actions disponibles: 6
   🔄 RESET tentative 1/3...
2026-06-16 18:30:32 | ERROR | Failed to reset game ls20-9607627b: 400 Client Error: Bad Request for url: https://three.arcprize.org/api/cmd/RESET
Traceback (most recent call last):
  File "/home/lvx/.local/lib/python3.12/site-packages/arc_agi/remote_wrapper.py", line 108, in reset
    response.raise_for_status()
  File "/home/lvx/.local/lib/python3.12/site-packages/requests/models.py", line 1028, in raise_for_status
    raise HTTPError(http_error_msg, response=self)
requests.exceptions.HTTPError: 400 Client Error: Bad Request for url: https://three.arcprize.org/api/cmd/RESET
   ⏳ Attente 2.0s...
   🔄 RESET tentative 2/3...
2026-06-16 18:30:34 | ERROR | Failed to reset game ls20-9607627b: 400 Client Error: Bad Request for url: https://three.arcprize.org/api/cmd/RESET
Traceback (most recent call last):
  File "/home/lvx/.local/lib/python3.12/site-packages/arc_agi/remote_wrapper.py", line 108, in reset
    response.raise_for_status()
  File "/home/lvx/.local/lib/python3.12/site-packages/requests/models.py", line 1028, in raise_for_status
    raise HTTPError(http_error_msg, response=self)
requests.exceptions.HTTPError: 400 Client Error: Bad Request for url: https://three.arcprize.org/api/cmd/RESET
   ⏳ Attente 2.0s...
   🔄 RESET tentative 3/3...
2026-06-16 18:30:36 | ERROR | Failed to reset game ls20-9607627b: 400 Client Error: Bad Request for url: https://three.arcprize.org/api/cmd/RESET
Traceback (most recent call last):
  File "/home/lvx/.local/lib/python3.12/site-packages/arc_agi/remote_wrapper.py", line 108, in reset
    response.raise_for_status()
  File "/home/lvx/.local/lib/python3.12/site-packages/requests/models.py", line 1028, in raise_for_status
    raise HTTPError(http_error_msg, response=self)
requests.exceptions.HTTPError: 400 Client Error: Bad Request for url: https://three.arcprize.org/api/cmd/RESET
   ⏳ Attente 2.0s...
   ❌ Impossible de démarrer: Impossible de démarrer après 3 tentatives

================================================================================
TENTATIVE #3 - Temps écoulé: 15.2s / 300s
Temps restant: 284.8s
================================================================================

2026-06-16 18:30:39 | INFO | Successfully fetched metadata for game ls20
2026-06-16 18:30:39 | ERROR | Failed to reset game ls20-9607627b: 400 Client Error: Bad Request for url: https://three.arcprize.org/api/cmd/RESET
Traceback (most recent call last):
  File "/home/lvx/.local/lib/python3.12/site-packages/arc_agi/remote_wrapper.py", line 108, in reset
    response.raise_for_status()
  File "/home/lvx/.local/lib/python3.12/site-packages/requests/models.py", line 1028, in raise_for_status
    raise HTTPError(http_error_msg, response=self)
requests.exceptions.HTTPError: 400 Client Error: Bad Request for url: https://three.arcprize.org/api/cmd/RESET
[MAGEN V40.3] Adaptateur initialisé pour ls20-9607627b
[MAGEN V40.3] Actions disponibles: 6
   🔄 RESET tentative 1/3...
2026-06-16 18:30:40 | ERROR | Failed to reset game ls20-9607627b: 400 Client Error: Bad Request for url: https://three.arcprize.org/api/cmd/RESET
Traceback (most recent call last):
  File "/home/lvx/.local/lib/python3.12/site-packages/arc_agi/remote_wrapper.py", line 108, in reset
    response.raise_for_status()
  File "/home/lvx/.local/lib/python3.12/site-packages/requests/models.py", line 1028, in raise_for_status
    raise HTTPError(http_error_msg, response=self)
requests.exceptions.HTTPError: 400 Client Error: Bad Request for url: https://three.arcprize.org/api/cmd/RESET
   ⏳ Attente 2.0s...
   🔄 RESET tentative 2/3...
2026-06-16 18:30:42 | ERROR | Failed to reset game ls20-9607627b: 400 Client Error: Bad Request for url: https://three.arcprize.org/api/cmd/RESET
Traceback (most recent call last):
  File "/home/lvx/.local/lib/python3.12/site-packages/arc_agi/remote_wrapper.py", line 108, in reset
    response.raise_for_status()
  File "/home/lvx/.local/lib/python3.12/site-packages/requests/models.py", line 1028, in raise_for_status
    raise HTTPError(http_error_msg, response=self)
requests.exceptions.HTTPError: 400 Client Error: Bad Request for url: https://three.arcprize.org/api/cmd/RESET
   ⏳ Attente 2.0s...
   🔄 RESET tentative 3/3...
2026-06-16 18:30:44 | ERROR | Failed to reset game ls20-9607627b: 400 Client Error: Bad Request for url: https://three.arcprize.org/api/cmd/RESET
Traceback (most recent call last):
  File "/home/lvx/.local/lib/python3.12/site-packages/arc_agi/remote_wrapper.py", line 108, in reset
    response.raise_for_status()
  File "/home/lvx/.local/lib/python3.12/site-packages/requests/models.py", line 1028, in raise_for_status
    raise HTTPError(http_error_msg, response=self)
requests.exceptions.HTTPError: 400 Client Error: Bad Request for url: https://three.arcprize.org/api/cmd/RESET
   ⏳ Attente 2.0s...
   ❌ Impossible de démarrer: Impossible de démarrer après 3 tentatives

================================================================================
TENTATIVE #4 - Temps écoulé: 22.8s / 300s
Temps restant: 277.2s
================================================================================

2026-06-16 18:30:46 | INFO | Successfully fetched metadata for game ls20
2026-06-16 18:30:47 | ERROR | Failed to reset game ls20-9607627b: 400 Client Error: Bad Request for url: https://three.arcprize.org/api/cmd/RESET
Traceback (most recent call last):
  File "/home/lvx/.local/lib/python3.12/site-packages/arc_agi/remote_wrapper.py", line 108, in reset
    response.raise_for_status()
  File "/home/lvx/.local/lib/python3.12/site-packages/requests/models.py", line 1028, in raise_for_status
    raise HTTPError(http_error_msg, response=self)
requests.exceptions.HTTPError: 400 Client Error: Bad Request for url: https://three.arcprize.org/api/cmd/RESET
[MAGEN V40.3] Adaptateur initialisé pour ls20-9607627b
[MAGEN V40.3] Actions disponibles: 6
   🔄 RESET tentative 1/3...
2026-06-16 18:30:47 | ERROR | Failed to reset game ls20-9607627b: 400 Client Error: Bad Request for url: https://three.arcprize.org/api/cmd/RESET
Traceback (most recent call last):
  File "/home/lvx/.local/lib/python3.12/site-packages/arc_agi/remote_wrapper.py", line 108, in reset
    response.raise_for_status()
  File "/home/lvx/.local/lib/python3.12/site-packages/requests/models.py", line 1028, in raise_for_status
    raise HTTPError(http_error_msg, response=self)
requests.exceptions.HTTPError: 400 Client Error: Bad Request for url: https://three.arcprize.org/api/cmd/RESET
   ⏳ Attente 2.0s...
   🔄 RESET tentative 2/3...
2026-06-16 18:30:49 | ERROR | Failed to reset game ls20-9607627b: 400 Client Error: Bad Request for url: https://three.arcprize.org/api/cmd/RESET
Traceback (most recent call last):
  File "/home/lvx/.local/lib/python3.12/site-packages/arc_agi/remote_wrapper.py", line 108, in reset
    response.raise_for_status()
  File "/home/lvx/.local/lib/python3.12/site-packages/requests/models.py", line 1028, in raise_for_status
    raise HTTPError(http_error_msg, response=self)
requests.exceptions.HTTPError: 400 Client Error: Bad Request for url: https://three.arcprize.org/api/cmd/RESET
   ⏳ Attente 2.0s...
   🔄 RESET tentative 3/3...
2026-06-16 18:30:52 | ERROR | Failed to reset game ls20-9607627b: 400 Client Error: Bad Request for url: https://three.arcprize.org/api/cmd/RESET
Traceback (most recent call last):
  File "/home/lvx/.local/lib/python3.12/site-packages/arc_agi/remote_wrapper.py", line 108, in reset
    response.raise_for_status()
  File "/home/lvx/.local/lib/python3.12/site-packages/requests/models.py", line 1028, in raise_for_status
    raise HTTPError(http_error_msg, response=self)
requests.exceptions.HTTPError: 400 Client Error: Bad Request for url: https://three.arcprize.org/api/cmd/RESET
   ⏳ Attente 2.0s...
   ❌ Impossible de démarrer: Impossible de démarrer après 3 tentatives

================================================================================
TENTATIVE #5 - Temps écoulé: 30.3s / 300s
Temps restant: 269.7s
================================================================================

2026-06-16 18:30:54 | INFO | Successfully fetched metadata for game ls20
2026-06-16 18:30:54 | ERROR | Failed to reset game ls20-9607627b: 400 Client Error: Bad Request for url: https://three.arcprize.org/api/cmd/RESET
Traceback (most recent call last):
  File "/home/lvx/.local/lib/python3.12/site-packages/arc_agi/remote_wrapper.py", line 108, in reset
    response.raise_for_status()
  File "/home/lvx/.local/lib/python3.12/site-packages/requests/models.py", line 1028, in raise_for_status
    raise HTTPError(http_error_msg, response=self)
requests.exceptions.HTTPError: 400 Client Error: Bad Request for url: https://three.arcprize.org/api/cmd/RESET
[MAGEN V40.3] Adaptateur initialisé pour ls20-9607627b
[MAGEN V40.3] Actions disponibles: 6
   🔄 RESET tentative 1/3...
2026-06-16 18:30:55 | ERROR | Failed to reset game ls20-9607627b: 400 Client Error: Bad Request for url: https://three.arcprize.org/api/cmd/RESET
Traceback (most recent call last):
  File "/home/lvx/.local/lib/python3.12/site-packages/arc_agi/remote_wrapper.py", line 108, in reset
    response.raise_for_status()
  File "/home/lvx/.local/lib/python3.12/site-packages/requests/models.py", line 1028, in raise_for_status
    raise HTTPError(http_error_msg, response=self)
requests.exceptions.HTTPError: 400 Client Error: Bad Request for url: https://three.arcprize.org/api/cmd/RESET
   ⏳ Attente 2.0s...
   🔄 RESET tentative 2/3...
2026-06-16 18:30:57 | ERROR | Failed to reset game ls20-9607627b: 400 Client Error: Bad Request for url: https://three.arcprize.org/api/cmd/RESET
Traceback (most recent call last):
  File "/home/lvx/.local/lib/python3.12/site-packages/arc_agi/remote_wrapper.py", line 108, in reset
    response.raise_for_status()
  File "/home/lvx/.local/lib/python3.12/site-packages/requests/models.py", line 1028, in raise_for_status
    raise HTTPError(http_error_msg, response=self)
requests.exceptions.HTTPError: 400 Client Error: Bad Request for url: https://three.arcprize.org/api/cmd/RESET
   ⏳ Attente 2.0s...
   🔄 RESET tentative 3/3...
2026-06-16 18:30:59 | ERROR | Failed to reset game ls20-9607627b: 400 Client Error: Bad Request for url: https://three.arcprize.org/api/cmd/RESET
Traceback (most recent call last):
  File "/home/lvx/.local/lib/python3.12/site-packages/arc_agi/remote_wrapper.py", line 108, in reset
    response.raise_for_status()
  File "/home/lvx/.local/lib/python3.12/site-packages/requests/models.py", line 1028, in raise_for_status
    raise HTTPError(http_error_msg, response=self)
requests.exceptions.HTTPError: 400 Client Error: Bad Request for url: https://three.arcprize.org/api/cmd/RESET
   ⏳ Attente 2.0s...
   ❌ Impossible de démarrer: Impossible de démarrer après 3 tentatives

================================================================================
TENTATIVE #6 - Temps écoulé: 37.9s / 300s
Temps restant: 262.1s
================================================================================

2026-06-16 18:31:01 | INFO | Successfully fetched metadata for game ls20
2026-06-16 18:31:02 | ERROR | Failed to reset game ls20-9607627b: 400 Client Error: Bad Request for url: https://three.arcprize.org/api/cmd/RESET
Traceback (most recent call last):
  File "/home/lvx/.local/lib/python3.12/site-packages/arc_agi/remote_wrapper.py", line 108, in reset
    response.raise_for_status()
  File "/home/lvx/.local/lib/python3.12/site-packages/requests/models.py", line 1028, in raise_for_status
    raise HTTPError(http_error_msg, response=self)
requests.exceptions.HTTPError: 400 Client Error: Bad Request for url: https://three.arcprize.org/api/cmd/RESET
[MAGEN V40.3] Adaptateur initialisé pour ls20-9607627b
[MAGEN V40.3] Actions disponibles: 6
   🔄 RESET tentative 1/3...
2026-06-16 18:31:02 | ERROR | Failed to reset game ls20-9607627b: 400 Client Error: Bad Request for url: https://three.arcprize.org/api/cmd/RESET
Traceback (most recent call last):
  File "/home/lvx/.local/lib/python3.12/site-packages/arc_agi/remote_wrapper.py", line 108, in reset
    response.raise_for_status()
  File "/home/lvx/.local/lib/python3.12/site-packages/requests/models.py", line 1028, in raise_for_status
    raise HTTPError(http_error_msg, response=self)
requests.exceptions.HTTPError: 400 Client Error: Bad Request for url: https://three.arcprize.org/api/cmd/RESET
   ⏳ Attente 2.0s...
   🔄 RESET tentative 2/3...
2026-06-16 18:31:04 | ERROR | Failed to reset game ls20-9607627b: 400 Client Error: Bad Request for url: https://three.arcprize.org/api/cmd/RESET
Traceback (most recent call last):
  File "/home/lvx/.local/lib/python3.12/site-packages/arc_agi/remote_wrapper.py", line 108, in reset
    response.raise_for_status()
  File "/home/lvx/.local/lib/python3.12/site-packages/requests/models.py", line 1028, in raise_for_status
    raise HTTPError(http_error_msg, response=self)
requests.exceptions.HTTPError: 400 Client Error: Bad Request for url: https://three.arcprize.org/api/cmd/RESET
   ⏳ Attente 2.0s...
   🔄 RESET tentative 3/3...
2026-06-16 18:31:07 | ERROR | Failed to reset game ls20-9607627b: 400 Client Error: Bad Request for url: https://three.arcprize.org/api/cmd/RESET
Traceback (most recent call last):
  File "/home/lvx/.local/lib/python3.12/site-packages/arc_agi/remote_wrapper.py", line 108, in reset
    response.raise_for_status()
  File "/home/lvx/.local/lib/python3.12/site-packages/requests/models.py", line 1028, in raise_for_status
    raise HTTPError(http_error_msg, response=self)
requests.exceptions.HTTPError: 400 Client Error: Bad Request for url: https://three.arcprize.org/api/cmd/RESET
   ⏳ Attente 2.0s...
   ❌ Impossible de démarrer: Impossible de démarrer après 3 tentatives

================================================================================
TENTATIVE #7 - Temps écoulé: 45.4s / 300s
Temps restant: 254.6s
================================================================================

2026-06-16 18:31:09 | INFO | Successfully fetched metadata for game ls20
2026-06-16 18:31:10 | ERROR | Failed to reset game ls20-9607627b: 400 Client Error: Bad Request for url: https://three.arcprize.org/api/cmd/RESET
Traceback (most recent call last):
  File "/home/lvx/.local/lib/python3.12/site-packages/arc_agi/remote_wrapper.py", line 108, in reset
    response.raise_for_status()
  File "/home/lvx/.local/lib/python3.12/site-packages/requests/models.py", line 1028, in raise_for_status
    raise HTTPError(http_error_msg, response=self)
requests.exceptions.HTTPError: 400 Client Error: Bad Request for url: https://three.arcprize.org/api/cmd/RESET
[MAGEN V40.3] Adaptateur initialisé pour ls20-9607627b
[MAGEN V40.3] Actions disponibles: 6
   🔄 RESET tentative 1/3...
2026-06-16 18:31:10 | ERROR | Failed to reset game ls20-9607627b: 400 Client Error: Bad Request for url: https://three.arcprize.org/api/cmd/RESET
Traceback (most recent call last):
  File "/home/lvx/.local/lib/python3.12/site-packages/arc_agi/remote_wrapper.py", line 108, in reset
    response.raise_for_status()
  File "/home/lvx/.local/lib/python3.12/site-packages/requests/models.py", line 1028, in raise_for_status
    raise HTTPError(http_error_msg, response=self)
requests.exceptions.HTTPError: 400 Client Error: Bad Request for url: https://three.arcprize.org/api/cmd/RESET
   ⏳ Attente 2.0s...
   🔄 RESET tentative 2/3...
2026-06-16 18:31:12 | ERROR | Failed to reset game ls20-9607627b: 400 Client Error: Bad Request for url: https://three.arcprize.org/api/cmd/RESET
Traceback (most recent call last):
  File "/home/lvx/.local/lib/python3.12/site-packages/arc_agi/remote_wrapper.py", line 108, in reset
    response.raise_for_status()
  File "/home/lvx/.local/lib/python3.12/site-packages/requests/models.py", line 1028, in raise_for_status
    raise HTTPError(http_error_msg, response=self)
requests.exceptions.HTTPError: 400 Client Error: Bad Request for url: https://three.arcprize.org/api/cmd/RESET
   ⏳ Attente 2.0s...
   🔄 RESET tentative 3/3...
2026-06-16 18:31:14 | ERROR | Failed to reset game ls20-9607627b: 400 Client Error: Bad Request for url: https://three.arcprize.org/api/cmd/RESET
Traceback (most recent call last):
  File "/home/lvx/.local/lib/python3.12/site-packages/arc_agi/remote_wrapper.py", line 108, in reset
    response.raise_for_status()
  File "/home/lvx/.local/lib/python3.12/site-packages/requests/models.py", line 1028, in raise_for_status
    raise HTTPError(http_error_msg, response=self)
requests.exceptions.HTTPError: 400 Client Error: Bad Request for url: https://three.arcprize.org/api/cmd/RESET
   ⏳ Attente 2.0s...
   ❌ Impossible de démarrer: Impossible de démarrer après 3 tentatives

================================================================================
TENTATIVE #8 - Temps écoulé: 53.2s / 300s
Temps restant: 246.8s
================================================================================

2026-06-16 18:31:17 | INFO | Successfully fetched metadata for game ls20
2026-06-16 18:31:17 | ERROR | Failed to reset game ls20-9607627b: 400 Client Error: Bad Request for url: https://three.arcprize.org/api/cmd/RESET
Traceback (most recent call last):
  File "/home/lvx/.local/lib/python3.12/site-packages/arc_agi/remote_wrapper.py", line 108, in reset
    response.raise_for_status()
  File "/home/lvx/.local/lib/python3.12/site-packages/requests/models.py", line 1028, in raise_for_status
    raise HTTPError(http_error_msg, response=self)
requests.exceptions.HTTPError: 400 Client Error: Bad Request for url: https://three.arcprize.org/api/cmd/RESET
[MAGEN V40.3] Adaptateur initialisé pour ls20-9607627b
[MAGEN V40.3] Actions disponibles: 6
   🔄 RESET tentative 1/3...
2026-06-16 18:31:17 | ERROR | Failed to reset game ls20-9607627b: 400 Client Error: Bad Request for url: https://three.arcprize.org/api/cmd/RESET
Traceback (most recent call last):
  File "/home/lvx/.local/lib/python3.12/site-packages/arc_agi/remote_wrapper.py", line 108, in reset
    response.raise_for_status()
  File "/home/lvx/.local/lib/python3.12/site-packages/requests/models.py", line 1028, in raise_for_status
    raise HTTPError(http_error_msg, response=self)
requests.exceptions.HTTPError: 400 Client Error: Bad Request for url: https://three.arcprize.org/api/cmd/RESET
   ⏳ Attente 2.0s...
   🔄 RESET tentative 2/3...
2026-06-16 18:31:20 | ERROR | Failed to reset game ls20-9607627b: 400 Client Error: Bad Request for url: https://three.arcprize.org/api/cmd/RESET
Traceback (most recent call last):
  File "/home/lvx/.local/lib/python3.12/site-packages/arc_agi/remote_wrapper.py", line 108, in reset
    response.raise_for_status()
  File "/home/lvx/.local/lib/python3.12/site-packages/requests/models.py", line 1028, in raise_for_status
    raise HTTPError(http_error_msg, response=self)
requests.exceptions.HTTPError: 400 Client Error: Bad Request for url: https://three.arcprize.org/api/cmd/RESET
   ⏳ Attente 2.0s...
   🔄 RESET tentative 3/3...
2026-06-16 18:31:22 | ERROR | Failed to reset game ls20-9607627b: 400 Client Error: Bad Request for url: https://three.arcprize.org/api/cmd/RESET
Traceback (most recent call last):
  File "/home/lvx/.local/lib/python3.12/site-packages/arc_agi/remote_wrapper.py", line 108, in reset
    response.raise_for_status()
  File "/home/lvx/.local/lib/python3.12/site-packages/requests/models.py", line 1028, in raise_for_status
    raise HTTPError(http_error_msg, response=self)
requests.exceptions.HTTPError: 400 Client Error: Bad Request for url: https://three.arcprize.org/api/cmd/RESET
   ⏳ Attente 2.0s...
   ❌ Impossible de démarrer: Impossible de démarrer après 3 tentatives

================================================================================
TENTATIVE #9 - Temps écoulé: 60.7s / 300s
Temps restant: 239.3s
================================================================================

2026-06-16 18:31:24 | INFO | Successfully fetched metadata for game ls20
2026-06-16 18:31:25 | ERROR | Failed to reset game ls20-9607627b: 400 Client Error: Bad Request for url: https://three.arcprize.org/api/cmd/RESET
Traceback (most recent call last):
  File "/home/lvx/.local/lib/python3.12/site-packages/arc_agi/remote_wrapper.py", line 108, in reset
    response.raise_for_status()
  File "/home/lvx/.local/lib/python3.12/site-packages/requests/models.py", line 1028, in raise_for_status
    raise HTTPError(http_error_msg, response=self)
requests.exceptions.HTTPError: 400 Client Error: Bad Request for url: https://three.arcprize.org/api/cmd/RESET
[MAGEN V40.3] Adaptateur initialisé pour ls20-9607627b
[MAGEN V40.3] Actions disponibles: 6
   🔄 RESET tentative 1/3...
2026-06-16 18:31:25 | ERROR | Failed to reset game ls20-9607627b: 400 Client Error: Bad Request for url: https://three.arcprize.org/api/cmd/RESET
Traceback (most recent call last):
  File "/home/lvx/.local/lib/python3.12/site-packages/arc_agi/remote_wrapper.py", line 108, in reset
    response.raise_for_status()
  File "/home/lvx/.local/lib/python3.12/site-packages/requests/models.py", line 1028, in raise_for_status
    raise HTTPError(http_error_msg, response=self)
requests.exceptions.HTTPError: 400 Client Error: Bad Request for url: https://three.arcprize.org/api/cmd/RESET
   ⏳ Attente 2.0s...
   🔄 RESET tentative 2/3...
2026-06-16 18:31:27 | ERROR | Failed to reset game ls20-9607627b: 400 Client Error: Bad Request for url: https://three.arcprize.org/api/cmd/RESET
Traceback (most recent call last):
  File "/home/lvx/.local/lib/python3.12/site-packages/arc_agi/remote_wrapper.py", line 108, in reset
    response.raise_for_status()
  File "/home/lvx/.local/lib/python3.12/site-packages/requests/models.py", line 1028, in raise_for_status
    raise HTTPError(http_error_msg, response=self)
requests.exceptions.HTTPError: 400 Client Error: Bad Request for url: https://three.arcprize.org/api/cmd/RESET
   ⏳ Attente 2.0s...
   🔄 RESET tentative 3/3...
2026-06-16 18:31:30 | ERROR | Failed to reset game ls20-9607627b: 400 Client Error: Bad Request for url: https://three.arcprize.org/api/cmd/RESET
Traceback (most recent call last):
  File "/home/lvx/.local/lib/python3.12/site-packages/arc_agi/remote_wrapper.py", line 108, in reset
    response.raise_for_status()
  File "/home/lvx/.local/lib/python3.12/site-packages/requests/models.py", line 1028, in raise_for_status
    raise HTTPError(http_error_msg, response=self)
requests.exceptions.HTTPError: 400 Client Error: Bad Request for url: https://three.arcprize.org/api/cmd/RESET
   ⏳ Attente 2.0s...
   ❌ Impossible de démarrer: Impossible de démarrer après 3 tentatives

================================================================================
TENTATIVE #10 - Temps écoulé: 68.3s / 300s
Temps restant: 231.7s
================================================================================

2026-06-16 18:31:32 | INFO | Successfully fetched metadata for game ls20
2026-06-16 18:31:32 | ERROR | Failed to reset game ls20-9607627b: 400 Client Error: Bad Request for url: https://three.arcprize.org/api/cmd/RESET
Traceback (most recent call last):
  File "/home/lvx/.local/lib/python3.12/site-packages/arc_agi/remote_wrapper.py", line 108, in reset
    response.raise_for_status()
  File "/home/lvx/.local/lib/python3.12/site-packages/requests/models.py", line 1028, in raise_for_status
    raise HTTPError(http_error_msg, response=self)
requests.exceptions.HTTPError: 400 Client Error: Bad Request for url: https://three.arcprize.org/api/cmd/RESET
[MAGEN V40.3] Adaptateur initialisé pour ls20-9607627b
[MAGEN V40.3] Actions disponibles: 6
   🔄 RESET tentative 1/3...
2026-06-16 18:31:33 | ERROR | Failed to reset game ls20-9607627b: 400 Client Error: Bad Request for url: https://three.arcprize.org/api/cmd/RESET
Traceback (most recent call last):
  File "/home/lvx/.local/lib/python3.12/site-packages/arc_agi/remote_wrapper.py", line 108, in reset
    response.raise_for_status()
  File "/home/lvx/.local/lib/python3.12/site-packages/requests/models.py", line 1028, in raise_for_status
    raise HTTPError(http_error_msg, response=self)
requests.exceptions.HTTPError: 400 Client Error: Bad Request for url: https://three.arcprize.org/api/cmd/RESET
   ⏳ Attente 2.0s...
   🔄 RESET tentative 2/3...
2026-06-16 18:31:35 | ERROR | Failed to reset game ls20-9607627b: 400 Client Error: Bad Request for url: https://three.arcprize.org/api/cmd/RESET
Traceback (most recent call last):
  File "/home/lvx/.local/lib/python3.12/site-packages/arc_agi/remote_wrapper.py", line 108, in reset
    response.raise_for_status()
  File "/home/lvx/.local/lib/python3.12/site-packages/requests/models.py", line 1028, in raise_for_status
    raise HTTPError(http_error_msg, response=self)
requests.exceptions.HTTPError: 400 Client Error: Bad Request for url: https://three.arcprize.org/api/cmd/RESET
   ⏳ Attente 2.0s...
   🔄 RESET tentative 3/3...
2026-06-16 18:31:37 | ERROR | Failed to reset game ls20-9607627b: 400 Client Error: Bad Request for url: https://three.arcprize.org/api/cmd/RESET
Traceback (most recent call last):
  File "/home/lvx/.local/lib/python3.12/site-packages/arc_agi/remote_wrapper.py", line 108, in reset
    response.raise_for_status()
  File "/home/lvx/.local/lib/python3.12/site-packages/requests/models.py", line 1028, in raise_for_status
    raise HTTPError(http_error_msg, response=self)
requests.exceptions.HTTPError: 400 Client Error: Bad Request for url: https://three.arcprize.org/api/cmd/RESET
   ⏳ Attente 2.0s...
   ❌ Impossible de démarrer: Impossible de démarrer après 3 tentatives

================================================================================
TENTATIVE #11 - Temps écoulé: 76.2s / 300s
Temps restant: 223.8s
================================================================================

2026-06-16 18:31:40 | INFO | Successfully fetched metadata for game ls20
2026-06-16 18:31:40 | ERROR | Failed to reset game ls20-9607627b: 400 Client Error: Bad Request for url: https://three.arcprize.org/api/cmd/RESET
Traceback (most recent call last):
  File "/home/lvx/.local/lib/python3.12/site-packages/arc_agi/remote_wrapper.py", line 108, in reset
    response.raise_for_status()
  File "/home/lvx/.local/lib/python3.12/site-packages/requests/models.py", line 1028, in raise_for_status
    raise HTTPError(http_error_msg, response=self)
requests.exceptions.HTTPError: 400 Client Error: Bad Request for url: https://three.arcprize.org/api/cmd/RESET
[MAGEN V40.3] Adaptateur initialisé pour ls20-9607627b
[MAGEN V40.3] Actions disponibles: 6
   🔄 RESET tentative 1/3...
2026-06-16 18:31:41 | ERROR | Failed to reset game ls20-9607627b: 400 Client Error: Bad Request for url: https://three.arcprize.org/api/cmd/RESET
Traceback (most recent call last):
  File "/home/lvx/.local/lib/python3.12/site-packages/arc_agi/remote_wrapper.py", line 108, in reset
    response.raise_for_status()
  File "/home/lvx/.local/lib/python3.12/site-packages/requests/models.py", line 1028, in raise_for_status
    raise HTTPError(http_error_msg, response=self)
requests.exceptions.HTTPError: 400 Client Error: Bad Request for url: https://three.arcprize.org/api/cmd/RESET
   ⏳ Attente 2.0s...
   🔄 RESET tentative 2/3...
2026-06-16 18:31:43 | ERROR | Failed to reset game ls20-9607627b: 400 Client Error: Bad Request for url: https://three.arcprize.org/api/cmd/RESET
Traceback (most recent call last):
  File "/home/lvx/.local/lib/python3.12/site-packages/arc_agi/remote_wrapper.py", line 108, in reset
    response.raise_for_status()
  File "/home/lvx/.local/lib/python3.12/site-packages/requests/models.py", line 1028, in raise_for_status
    raise HTTPError(http_error_msg, response=self)
requests.exceptions.HTTPError: 400 Client Error: Bad Request for url: https://three.arcprize.org/api/cmd/RESET
   ⏳ Attente 2.0s...
   🔄 RESET tentative 3/3...
2026-06-16 18:31:45 | ERROR | Failed to reset game ls20-9607627b: 400 Client Error: Bad Request for url: https://three.arcprize.org/api/cmd/RESET
Traceback (most recent call last):
  File "/home/lvx/.local/lib/python3.12/site-packages/arc_agi/remote_wrapper.py", line 108, in reset
    response.raise_for_status()
  File "/home/lvx/.local/lib/python3.12/site-packages/requests/models.py", line 1028, in raise_for_status
    raise HTTPError(http_error_msg, response=self)
requests.exceptions.HTTPError: 400 Client Error: Bad Request for url: https://three.arcprize.org/api/cmd/RESET
   ⏳ Attente 2.0s...
   ❌ Impossible de démarrer: Impossible de démarrer après 3 tentatives

================================================================================
TENTATIVE #12 - Temps écoulé: 84.0s / 300s
Temps restant: 216.0s
================================================================================

2026-06-16 18:31:48 | INFO | Successfully fetched metadata for game ls20
2026-06-16 18:31:48 | ERROR | Failed to reset game ls20-9607627b: 400 Client Error: Bad Request for url: https://three.arcprize.org/api/cmd/RESET
Traceback (most recent call last):
  File "/home/lvx/.local/lib/python3.12/site-packages/arc_agi/remote_wrapper.py", line 108, in reset
    response.raise_for_status()
  File "/home/lvx/.local/lib/python3.12/site-packages/requests/models.py", line 1028, in raise_for_status
    raise HTTPError(http_error_msg, response=self)
requests.exceptions.HTTPError: 400 Client Error: Bad Request for url: https://three.arcprize.org/api/cmd/RESET
[MAGEN V40.3] Adaptateur initialisé pour ls20-9607627b
[MAGEN V40.3] Actions disponibles: 6
   🔄 RESET tentative 1/3...
2026-06-16 18:31:49 | ERROR | Failed to reset game ls20-9607627b: 400 Client Error: Bad Request for url: https://three.arcprize.org/api/cmd/RESET
Traceback (most recent call last):
  File "/home/lvx/.local/lib/python3.12/site-packages/arc_agi/remote_wrapper.py", line 108, in reset
    response.raise_for_status()
  File "/home/lvx/.local/lib/python3.12/site-packages/requests/models.py", line 1028, in raise_for_status
    raise HTTPError(http_error_msg, response=self)
requests.exceptions.HTTPError: 400 Client Error: Bad Request for url: https://three.arcprize.org/api/cmd/RESET
   ⏳ Attente 2.0s...
   🔄 RESET tentative 2/3...
2026-06-16 18:31:51 | ERROR | Failed to reset game ls20-9607627b: 400 Client Error: Bad Request for url: https://three.arcprize.org/api/cmd/RESET
Traceback (most recent call last):
  File "/home/lvx/.local/lib/python3.12/site-packages/arc_agi/remote_wrapper.py", line 108, in reset
    response.raise_for_status()
  File "/home/lvx/.local/lib/python3.12/site-packages/requests/models.py", line 1028, in raise_for_status
    raise HTTPError(http_error_msg, response=self)
requests.exceptions.HTTPError: 400 Client Error: Bad Request for url: https://three.arcprize.org/api/cmd/RESET
   ⏳ Attente 2.0s...
   🔄 RESET tentative 3/3...
2026-06-16 18:31:53 | ERROR | Failed to reset game ls20-9607627b: 400 Client Error: Bad Request for url: https://three.arcprize.org/api/cmd/RESET
Traceback (most recent call last):
  File "/home/lvx/.local/lib/python3.12/site-packages/arc_agi/remote_wrapper.py", line 108, in reset
    response.raise_for_status()
  File "/home/lvx/.local/lib/python3.12/site-packages/requests/models.py", line 1028, in raise_for_status
    raise HTTPError(http_error_msg, response=self)
requests.exceptions.HTTPError: 400 Client Error: Bad Request for url: https://three.arcprize.org/api/cmd/RESET
   ⏳ Attente 2.0s...
   ❌ Impossible de démarrer: Impossible de démarrer après 3 tentatives

================================================================================
TENTATIVE #13 - Temps écoulé: 91.8s / 300s
Temps restant: 208.2s
================================================================================

2026-06-16 18:31:56 | INFO | Successfully fetched metadata for game ls20
2026-06-16 18:31:56 | ERROR | Failed to reset game ls20-9607627b: 400 Client Error: Bad Request for url: https://three.arcprize.org/api/cmd/RESET
Traceback (most recent call last):
  File "/home/lvx/.local/lib/python3.12/site-packages/arc_agi/remote_wrapper.py", line 108, in reset
    response.raise_for_status()
  File "/home/lvx/.local/lib/python3.12/site-packages/requests/models.py", line 1028, in raise_for_status
    raise HTTPError(http_error_msg, response=self)
requests.exceptions.HTTPError: 400 Client Error: Bad Request for url: https://three.arcprize.org/api/cmd/RESET
[MAGEN V40.3] Adaptateur initialisé pour ls20-9607627b
[MAGEN V40.3] Actions disponibles: 6
   🔄 RESET tentative 1/3...
2026-06-16 18:31:56 | ERROR | Failed to reset game ls20-9607627b: 400 Client Error: Bad Request for url: https://three.arcprize.org/api/cmd/RESET
Traceback (most recent call last):
  File "/home/lvx/.local/lib/python3.12/site-packages/arc_agi/remote_wrapper.py", line 108, in reset
    response.raise_for_status()
  File "/home/lvx/.local/lib/python3.12/site-packages/requests/models.py", line 1028, in raise_for_status
    raise HTTPError(http_error_msg, response=self)
requests.exceptions.HTTPError: 400 Client Error: Bad Request for url: https://three.arcprize.org/api/cmd/RESET
   ⏳ Attente 2.0s...
   🔄 RESET tentative 2/3...
2026-06-16 18:31:58 | ERROR | Failed to reset game ls20-9607627b: 400 Client Error: Bad Request for url: https://three.arcprize.org/api/cmd/RESET
Traceback (most recent call last):
  File "/home/lvx/.local/lib/python3.12/site-packages/arc_agi/remote_wrapper.py", line 108, in reset
    response.raise_for_status()
  File "/home/lvx/.local/lib/python3.12/site-packages/requests/models.py", line 1028, in raise_for_status
    raise HTTPError(http_error_msg, response=self)
requests.exceptions.HTTPError: 400 Client Error: Bad Request for url: https://three.arcprize.org/api/cmd/RESET
   ⏳ Attente 2.0s...
   🔄 RESET tentative 3/3...
2026-06-16 18:32:01 | ERROR | Failed to reset game ls20-9607627b: 400 Client Error: Bad Request for url: https://three.arcprize.org/api/cmd/RESET
Traceback (most recent call last):
  File "/home/lvx/.local/lib/python3.12/site-packages/arc_agi/remote_wrapper.py", line 108, in reset
    response.raise_for_status()
  File "/home/lvx/.local/lib/python3.12/site-packages/requests/models.py", line 1028, in raise_for_status
    raise HTTPError(http_error_msg, response=self)
requests.exceptions.HTTPError: 400 Client Error: Bad Request for url: https://three.arcprize.org/api/cmd/RESET
   ⏳ Attente 2.0s...
   ❌ Impossible de démarrer: Impossible de démarrer après 3 tentatives

================================================================================
TENTATIVE #14 - Temps écoulé: 99.6s / 300s
Temps restant: 200.4s
================================================================================

2026-06-16 18:32:03 | INFO | Successfully fetched metadata for game ls20
2026-06-16 18:32:03 | ERROR | Failed to reset game ls20-9607627b: 400 Client Error: Bad Request for url: https://three.arcprize.org/api/cmd/RESET
Traceback (most recent call last):
  File "/home/lvx/.local/lib/python3.12/site-packages/arc_agi/remote_wrapper.py", line 108, in reset
    response.raise_for_status()
  File "/home/lvx/.local/lib/python3.12/site-packages/requests/models.py", line 1028, in raise_for_status
    raise HTTPError(http_error_msg, response=self)
requests.exceptions.HTTPError: 400 Client Error: Bad Request for url: https://three.arcprize.org/api/cmd/RESET
[MAGEN V40.3] Adaptateur initialisé pour ls20-9607627b
[MAGEN V40.3] Actions disponibles: 6
   🔄 RESET tentative 1/3...
2026-06-16 18:32:04 | ERROR | Failed to reset game ls20-9607627b: 400 Client Error: Bad Request for url: https://three.arcprize.org/api/cmd/RESET
Traceback (most recent call last):
  File "/home/lvx/.local/lib/python3.12/site-packages/arc_agi/remote_wrapper.py", line 108, in reset
    response.raise_for_status()
  File "/home/lvx/.local/lib/python3.12/site-packages/requests/models.py", line 1028, in raise_for_status
    raise HTTPError(http_error_msg, response=self)
requests.exceptions.HTTPError: 400 Client Error: Bad Request for url: https://three.arcprize.org/api/cmd/RESET
   ⏳ Attente 2.0s...
   🔄 RESET tentative 2/3...
2026-06-16 18:32:06 | ERROR | Failed to reset game ls20-9607627b: 400 Client Error: Bad Request for url: https://three.arcprize.org/api/cmd/RESET
Traceback (most recent call last):
  File "/home/lvx/.local/lib/python3.12/site-packages/arc_agi/remote_wrapper.py", line 108, in reset
    response.raise_for_status()
  File "/home/lvx/.local/lib/python3.12/site-packages/requests/models.py", line 1028, in raise_for_status
    raise HTTPError(http_error_msg, response=self)
requests.exceptions.HTTPError: 400 Client Error: Bad Request for url: https://three.arcprize.org/api/cmd/RESET
   ⏳ Attente 2.0s...
   🔄 RESET tentative 3/3...
2026-06-16 18:32:08 | ERROR | Failed to reset game ls20-9607627b: 400 Client Error: Bad Request for url: https://three.arcprize.org/api/cmd/RESET
Traceback (most recent call last):
  File "/home/lvx/.local/lib/python3.12/site-packages/arc_agi/remote_wrapper.py", line 108, in reset
    response.raise_for_status()
  File "/home/lvx/.local/lib/python3.12/site-packages/requests/models.py", line 1028, in raise_for_status
    raise HTTPError(http_error_msg, response=self)
requests.exceptions.HTTPError: 400 Client Error: Bad Request for url: https://three.arcprize.org/api/cmd/RESET
   ⏳ Attente 2.0s...
   ❌ Impossible de démarrer: Impossible de démarrer après 3 tentatives

================================================================================
TENTATIVE #15 - Temps écoulé: 107.1s / 300s
Temps restant: 192.9s
================================================================================

2026-06-16 18:32:11 | INFO | Successfully fetched metadata for game ls20
2026-06-16 18:32:11 | ERROR | Failed to reset game ls20-9607627b: 400 Client Error: Bad Request for url: https://three.arcprize.org/api/cmd/RESET
Traceback (most recent call last):
  File "/home/lvx/.local/lib/python3.12/site-packages/arc_agi/remote_wrapper.py", line 108, in reset
    response.raise_for_status()
  File "/home/lvx/.local/lib/python3.12/site-packages/requests/models.py", line 1028, in raise_for_status
    raise HTTPError(http_error_msg, response=self)
requests.exceptions.HTTPError: 400 Client Error: Bad Request for url: https://three.arcprize.org/api/cmd/RESET
[MAGEN V40.3] Adaptateur initialisé pour ls20-9607627b
[MAGEN V40.3] Actions disponibles: 6
   🔄 RESET tentative 1/3...
2026-06-16 18:32:11 | ERROR | Failed to reset game ls20-9607627b: 400 Client Error: Bad Request for url: https://three.arcprize.org/api/cmd/RESET
Traceback (most recent call last):
  File "/home/lvx/.local/lib/python3.12/site-packages/arc_agi/remote_wrapper.py", line 108, in reset
    response.raise_for_status()
  File "/home/lvx/.local/lib/python3.12/site-packages/requests/models.py", line 1028, in raise_for_status
    raise HTTPError(http_error_msg, response=self)
requests.exceptions.HTTPError: 400 Client Error: Bad Request for url: https://three.arcprize.org/api/cmd/RESET
   ⏳ Attente 2.0s...
   🔄 RESET tentative 2/3...
2026-06-16 18:32:13 | ERROR | Failed to reset game ls20-9607627b: 400 Client Error: Bad Request for url: https://three.arcprize.org/api/cmd/RESET
Traceback (most recent call last):
  File "/home/lvx/.local/lib/python3.12/site-packages/arc_agi/remote_wrapper.py", line 108, in reset
    response.raise_for_status()
  File "/home/lvx/.local/lib/python3.12/site-packages/requests/models.py", line 1028, in raise_for_status
    raise HTTPError(http_error_msg, response=self)
requests.exceptions.HTTPError: 400 Client Error: Bad Request for url: https://three.arcprize.org/api/cmd/RESET
   ⏳ Attente 2.0s...
   🔄 RESET tentative 3/3...
2026-06-16 18:32:16 | ERROR | Failed to reset game ls20-9607627b: 400 Client Error: Bad Request for url: https://three.arcprize.org/api/cmd/RESET
Traceback (most recent call last):
  File "/home/lvx/.local/lib/python3.12/site-packages/arc_agi/remote_wrapper.py", line 108, in reset
    response.raise_for_status()
  File "/home/lvx/.local/lib/python3.12/site-packages/requests/models.py", line 1028, in raise_for_status
    raise HTTPError(http_error_msg, response=self)
requests.exceptions.HTTPError: 400 Client Error: Bad Request for url: https://three.arcprize.org/api/cmd/RESET
   ⏳ Attente 2.0s...
   ❌ Impossible de démarrer: Impossible de démarrer après 3 tentatives

================================================================================
TENTATIVE #16 - Temps écoulé: 114.6s / 300s
Temps restant: 185.4s
================================================================================

2026-06-16 18:32:18 | INFO | Successfully fetched metadata for game ls20
2026-06-16 18:32:19 | ERROR | Failed to reset game ls20-9607627b: 400 Client Error: Bad Request for url: https://three.arcprize.org/api/cmd/RESET
Traceback (most recent call last):
  File "/home/lvx/.local/lib/python3.12/site-packages/arc_agi/remote_wrapper.py", line 108, in reset
    response.raise_for_status()
  File "/home/lvx/.local/lib/python3.12/site-packages/requests/models.py", line 1028, in raise_for_status
    raise HTTPError(http_error_msg, response=self)
requests.exceptions.HTTPError: 400 Client Error: Bad Request for url: https://three.arcprize.org/api/cmd/RESET
[MAGEN V40.3] Adaptateur initialisé pour ls20-9607627b
[MAGEN V40.3] Actions disponibles: 6
   🔄 RESET tentative 1/3...
2026-06-16 18:32:19 | ERROR | Failed to reset game ls20-9607627b: 400 Client Error: Bad Request for url: https://three.arcprize.org/api/cmd/RESET
Traceback (most recent call last):
  File "/home/lvx/.local/lib/python3.12/site-packages/arc_agi/remote_wrapper.py", line 108, in reset
    response.raise_for_status()
  File "/home/lvx/.local/lib/python3.12/site-packages/requests/models.py", line 1028, in raise_for_status
    raise HTTPError(http_error_msg, response=self)
requests.exceptions.HTTPError: 400 Client Error: Bad Request for url: https://three.arcprize.org/api/cmd/RESET
   ⏳ Attente 2.0s...
   🔄 RESET tentative 2/3...
2026-06-16 18:32:22 | ERROR | Failed to reset game ls20-9607627b: 400 Client Error: Bad Request for url: https://three.arcprize.org/api/cmd/RESET
Traceback (most recent call last):
  File "/home/lvx/.local/lib/python3.12/site-packages/arc_agi/remote_wrapper.py", line 108, in reset
    response.raise_for_status()
  File "/home/lvx/.local/lib/python3.12/site-packages/requests/models.py", line 1028, in raise_for_status
    raise HTTPError(http_error_msg, response=self)
requests.exceptions.HTTPError: 400 Client Error: Bad Request for url: https://three.arcprize.org/api/cmd/RESET
   ⏳ Attente 2.0s...
   🔄 RESET tentative 3/3...
2026-06-16 18:32:24 | ERROR | Failed to reset game ls20-9607627b: 400 Client Error: Bad Request for url: https://three.arcprize.org/api/cmd/RESET
Traceback (most recent call last):
  File "/home/lvx/.local/lib/python3.12/site-packages/arc_agi/remote_wrapper.py", line 108, in reset
    response.raise_for_status()
  File "/home/lvx/.local/lib/python3.12/site-packages/requests/models.py", line 1028, in raise_for_status
    raise HTTPError(http_error_msg, response=self)
requests.exceptions.HTTPError: 400 Client Error: Bad Request for url: https://three.arcprize.org/api/cmd/RESET
   ⏳ Attente 2.0s...
   ❌ Impossible de démarrer: Impossible de démarrer après 3 tentatives

================================================================================
TENTATIVE #17 - Temps écoulé: 122.5s / 300s
Temps restant: 177.5s
================================================================================

2026-06-16 18:32:26 | INFO | Successfully fetched metadata for game ls20
2026-06-16 18:32:26 | ERROR | Failed to reset game ls20-9607627b: 400 Client Error: Bad Request for url: https://three.arcprize.org/api/cmd/RESET
Traceback (most recent call last):
  File "/home/lvx/.local/lib/python3.12/site-packages/arc_agi/remote_wrapper.py", line 108, in reset
    response.raise_for_status()
  File "/home/lvx/.local/lib/python3.12/site-packages/requests/models.py", line 1028, in raise_for_status
    raise HTTPError(http_error_msg, response=self)
requests.exceptions.HTTPError: 400 Client Error: Bad Request for url: https://three.arcprize.org/api/cmd/RESET
[MAGEN V40.3] Adaptateur initialisé pour ls20-9607627b
[MAGEN V40.3] Actions disponibles: 6
   🔄 RESET tentative 1/3...
2026-06-16 18:32:27 | ERROR | Failed to reset game ls20-9607627b: 400 Client Error: Bad Request for url: https://three.arcprize.org/api/cmd/RESET
Traceback (most recent call last):
  File "/home/lvx/.local/lib/python3.12/site-packages/arc_agi/remote_wrapper.py", line 108, in reset
    response.raise_for_status()
  File "/home/lvx/.local/lib/python3.12/site-packages/requests/models.py", line 1028, in raise_for_status
    raise HTTPError(http_error_msg, response=self)
requests.exceptions.HTTPError: 400 Client Error: Bad Request for url: https://three.arcprize.org/api/cmd/RESET
