
================================================================================
🧪 TEST AGENT MAGEN V22 - ARC-AGI-3 LOCAL
================================================================================
Architecture: TLE + PatternMatcher + ObjectExtractor + MetaArbiter + C17+C18+C19
Score baseline: 174/400 (43.5%) sur puzzles statiques
Test: 3 jeux avec max 100 actions par jeu
================================================================================

[TLE] Action space initialized: 5 actions
[MAGEN] Agent ARC-AGI-3 initialisé avec architecture complète
[MAGEN] Composants: TLE, PatternMatcher, ObjectExtractor, MetaArbiter, C17+C18+C19
================================================================================
🧠 MAGEN V22 - AGENT COMPLET POUR ARC-AGI-3
================================================================================
Session ID: 20260614_020557
API Key: b6ebc9c5...55d4
Mode: 🔒 PRIVÉ (aucune soumission publique)
Architecture: TLE + PatternMatcher + ObjectExtractor + MetaArbiter + C17+C18+C19
Score baseline MAGEN: 174/400 (43.5%) sur puzzles statiques
================================================================================

🚀 Lancement test sur 3 jeux...


📡 Initialisation ARC-AGI Arcade...
INFO:arc_agi.scorecard:Initialized ScorecardManager with idle_for=0:15:00 and max_open_for=3 days, 0:00:00
2026-06-14 02:05:58 | INFO | Successfully fetched 25 environment(s) from API
2026-06-14 02:05:58 | INFO | Created new scorecard: 692c707a-cc87-47d9-974c-d2130ddce3d2
✅ Arcade initialisé (scorecard: 692c707a...)
🔒 Mode: PRIVÉ (pas de leaderboard public)

🎮 Récupération liste des jeux...
✅ 31 jeux disponibles

🎯 Compétition: 3 jeux
🔒 Mode: PRIVÉ (pas de leaderboard public)
⏱️  Début: 2026-06-14T02:05:57.924155

================================================================================
📍 Progression: 1/3 (33.3%)
================================================================================

================================================================================
🎮 Jeu: ar25-0c556536
================================================================================
2026-06-14 02:05:59 | INFO | Created new scorecard: a5862193-16b8-4eb4-8e68-e360d0f50619
2026-06-14 02:05:59 | INFO | Successfully fetched metadata for game ar25
2026-06-14 02:05:59 | INFO | Successfully reset game ar25-0c556536, guid=ca8e9aac-7c0e-4aaa-881f-7fcc673bdbeb, scorecard_id=a5862193-16b8-4eb4-8e68-e360d0f50619

[MAGEN] Début jeu - Max actions: 100
2026-06-14 02:05:59 | INFO | Successfully reset game ar25-0c556536, guid=ca8e9aac-7c0e-4aaa-881f-7fcc673bdbeb, scorecard_id=a5862193-16b8-4eb4-8e68-e360d0f50619
Traceback (most recent call last):
  File "/home/lvx/LVX/lumvorax2/src/MAGEN/submit_arc_agi_3_private.py", line 184, in play_game
    magen_result = self.magen_agent.play_game(env, max_actions=max_actions)
                   ^^^^^^^^^^^^^^^^^^^^^^^^^^^^^^^^^^^^^^^^^^^^^^^^^^^^^^^^
  File "/home/lvx/LVX/lumvorax2/src/MAGEN/magen_arc_agi_agent.py", line 503, in play_game
    decision = self.decide(obs, safe_actions)
               ^^^^^^^^^^^^^^^^^^^^^^^^^^^^^^
  File "/home/lvx/LVX/lumvorax2/src/MAGEN/magen_arc_agi_agent.py", line 306, in decide
    should_stop = self.trajectory_analyzer.should_stop_early(
                  ^^^^^^^^^^^^^^^^^^^^^^^^^^^^^^^^^^^^^^^^^^
AttributeError: 'TrajectoryAnalyzer' object has no attribute 'should_stop_early'
[ObjectExtractor] Extracted 0 structured objects
[C18 BUDGET] Allocation rotate_90:
  Réputation: 0.600 → multiplier=0.600
  Contexte: grid=100, colors=1 → multiplier=1.100
  Budget alloué: 7 (min=3, max=30)
[C18 BUDGET] Allocation rotate_180:
  Réputation: 0.600 → multiplier=0.600
  Contexte: grid=100, colors=1 → multiplier=1.100
  Budget alloué: 7 (min=3, max=30)
[C18 BUDGET] Allocation mirror_horizontal:
  Réputation: 0.600 → multiplier=0.600
  Contexte: grid=100, colors=1 → multiplier=1.100
  Budget alloué: 7 (min=3, max=30)
[C18 BUDGET] Allocation mirror_vertical:
  Réputation: 0.600 → multiplier=0.600
  Contexte: grid=100, colors=1 → multiplier=1.100
  Budget alloué: 7 (min=3, max=30)
[C18 BUDGET] Allocation identity:
  Réputation: 0.600 → multiplier=0.600
  Contexte: grid=100, colors=1 → multiplier=1.100
  Budget alloué: 7 (min=3, max=30)
[MAGEN] Décision: ACTION1 (rotate_90) - Stratégie: transformation_learning, Score: 0.60, Budget: 7.0
[ObjectExtractor] Extracted 0 structured objects
[PatternMatcher] Candidat AVANCÉ: object_counting (conf=1.0)
[PatternMatcher] Candidat AVANCÉ: diagonal_symmetry (conf=1.0)
[PatternMatcher] Candidat AVANCÉ: grid_tiling (conf=0.9)
[PatternMatcher] ✅ SÉLECTIONNÉ: object_counting (conf=1.0)
[MAGEN] Pattern détecté: object_counting (conf=1.00)
[MAGEN] Décision: ACTION2 (rotate_180) - Stratégie: transformation_learning, Score: 0.60, Budget: 7.0
[ObjectExtractor] Extracted 0 structured objects
[PatternMatcher] Candidat AVANCÉ: object_counting (conf=1.0)
[PatternMatcher] Candidat AVANCÉ: diagonal_symmetry (conf=1.0)
[PatternMatcher] Candidat AVANCÉ: grid_tiling (conf=0.9)
[PatternMatcher] ✅ SÉLECTIONNÉ: object_counting (conf=1.0)
[MAGEN] Pattern détecté: object_counting (conf=1.00)
[MAGEN] Décision: ACTION3 (mirror_horizontal) - Stratégie: transformation_learning, Score: 0.60, Budget: 7.0
[ObjectExtractor] Extracted 0 structured objects
[PatternMatcher] Candidat AVANCÉ: object_counting (conf=1.0)
[PatternMatcher] Candidat AVANCÉ: diagonal_symmetry (conf=1.0)
[PatternMatcher] Candidat AVANCÉ: grid_tiling (conf=0.9)
[PatternMatcher] ✅ SÉLECTIONNÉ: object_counting (conf=1.0)
[MAGEN] Pattern détecté: object_counting (conf=1.00)
❌ Erreur pendant le jeu: 'TrajectoryAnalyzer' object has no attribute 'should_stop_early'

================================================================================
📍 Progression: 2/3 (66.7%)
================================================================================

================================================================================
🎮 Jeu: ar25-0c556536
================================================================================
2026-06-14 02:06:00 | INFO | Successfully fetched metadata for game ar25
2026-06-14 02:06:01 | INFO | Successfully reset game ar25-0c556536, guid=302ccd87-f13f-43b8-a057-53b35ebb9050, scorecard_id=a5862193-16b8-4eb4-8e68-e360d0f50619

[MAGEN] Début jeu - Max actions: 100
2026-06-14 02:06:01 | INFO | Successfully reset game ar25-0c556536, guid=302ccd87-f13f-43b8-a057-53b35ebb9050, scorecard_id=a5862193-16b8-4eb4-8e68-e360d0f50619
Traceback (most recent call last):
  File "/home/lvx/LVX/lumvorax2/src/MAGEN/submit_arc_agi_3_private.py", line 184, in play_game
    magen_result = self.magen_agent.play_game(env, max_actions=max_actions)
                   ^^^^^^^^^^^^^^^^^^^^^^^^^^^^^^^^^^^^^^^^^^^^^^^^^^^^^^^^
  File "/home/lvx/LVX/lumvorax2/src/MAGEN/magen_arc_agi_agent.py", line 503, in play_game
    decision = self.decide(obs, safe_actions)
               ^^^^^^^^^^^^^^^^^^^^^^^^^^^^^^
  File "/home/lvx/LVX/lumvorax2/src/MAGEN/magen_arc_agi_agent.py", line 306, in decide
    should_stop = self.trajectory_analyzer.should_stop_early(
                  ^^^^^^^^^^^^^^^^^^^^^^^^^^^^^^^^^^^^^^^^^^
AttributeError: 'TrajectoryAnalyzer' object has no attribute 'should_stop_early'
[ObjectExtractor] Extracted 0 structured objects
[MAGEN] Décision: ACTION4 (mirror_vertical) - Stratégie: transformation_learning, Score: 0.60, Budget: 7.0
[ObjectExtractor] Extracted 0 structured objects
[PatternMatcher] Candidat AVANCÉ: object_counting (conf=1.0)
[PatternMatcher] Candidat AVANCÉ: diagonal_symmetry (conf=1.0)
[PatternMatcher] Candidat AVANCÉ: grid_tiling (conf=0.9)
[PatternMatcher] ✅ SÉLECTIONNÉ: object_counting (conf=1.0)
[MAGEN] Pattern détecté: object_counting (conf=1.00)
[MAGEN] Décision: ACTION5 (identity) - Stratégie: transformation_learning, Score: 0.60, Budget: 7.0
[ObjectExtractor] Extracted 0 structured objects
[PatternMatcher] Candidat AVANCÉ: object_counting (conf=1.0)
[PatternMatcher] Candidat AVANCÉ: diagonal_symmetry (conf=1.0)
[PatternMatcher] Candidat AVANCÉ: grid_tiling (conf=0.9)
[PatternMatcher] ✅ SÉLECTIONNÉ: object_counting (conf=1.0)
[MAGEN] Pattern détecté: object_counting (conf=1.00)
[MAGEN] Décision: ACTION1 (rotate_90) - Stratégie: transformation_learning, Score: 0.07, Budget: 7.0
[ObjectExtractor] Extracted 0 structured objects
[PatternMatcher] Candidat AVANCÉ: object_counting (conf=1.0)
[PatternMatcher] Candidat AVANCÉ: diagonal_symmetry (conf=1.0)
[PatternMatcher] Candidat AVANCÉ: grid_tiling (conf=0.9)
[PatternMatcher] ✅ SÉLECTIONNÉ: object_counting (conf=1.0)
[MAGEN] Pattern détecté: object_counting (conf=1.00)
❌ Erreur pendant le jeu: 'TrajectoryAnalyzer' object has no attribute 'should_stop_early'

================================================================================
📍 Progression: 3/3 (100.0%)
================================================================================

================================================================================
🎮 Jeu: cd82-fb555c5d
================================================================================
2026-06-14 02:06:02 | INFO | Successfully fetched metadata for game cd82
2026-06-14 02:06:03 | INFO | Successfully reset game cd82-fb555c5d, guid=687f8c5d-758e-4106-99d2-c08d9404da8e, scorecard_id=a5862193-16b8-4eb4-8e68-e360d0f50619

[MAGEN] Début jeu - Max actions: 100
2026-06-14 02:06:03 | INFO | Successfully reset game cd82-fb555c5d, guid=687f8c5d-758e-4106-99d2-c08d9404da8e, scorecard_id=a5862193-16b8-4eb4-8e68-e360d0f50619
Traceback (most recent call last):
  File "/home/lvx/LVX/lumvorax2/src/MAGEN/submit_arc_agi_3_private.py", line 184, in play_game
    magen_result = self.magen_agent.play_game(env, max_actions=max_actions)
                   ^^^^^^^^^^^^^^^^^^^^^^^^^^^^^^^^^^^^^^^^^^^^^^^^^^^^^^^^
  File "/home/lvx/LVX/lumvorax2/src/MAGEN/magen_arc_agi_agent.py", line 503, in play_game
    decision = self.decide(obs, safe_actions)
               ^^^^^^^^^^^^^^^^^^^^^^^^^^^^^^
  File "/home/lvx/LVX/lumvorax2/src/MAGEN/magen_arc_agi_agent.py", line 306, in decide
    should_stop = self.trajectory_analyzer.should_stop_early(
                  ^^^^^^^^^^^^^^^^^^^^^^^^^^^^^^^^^^^^^^^^^^
AttributeError: 'TrajectoryAnalyzer' object has no attribute 'should_stop_early'
[ObjectExtractor] Extracted 0 structured objects
[MAGEN] Décision: ACTION2 (rotate_180) - Stratégie: transformation_learning, Score: 0.07, Budget: 7.0
[ObjectExtractor] Extracted 0 structured objects
[PatternMatcher] Candidat AVANCÉ: object_counting (conf=1.0)
[PatternMatcher] Candidat AVANCÉ: diagonal_symmetry (conf=1.0)
[PatternMatcher] Candidat AVANCÉ: grid_tiling (conf=0.9)
[PatternMatcher] ✅ SÉLECTIONNÉ: object_counting (conf=1.0)
[MAGEN] Pattern détecté: object_counting (conf=1.00)
[MAGEN] Décision: ACTION3 (mirror_horizontal) - Stratégie: transformation_learning, Score: 0.07, Budget: 7.0
[ObjectExtractor] Extracted 0 structured objects
[PatternMatcher] Candidat AVANCÉ: object_counting (conf=1.0)
[PatternMatcher] Candidat AVANCÉ: diagonal_symmetry (conf=1.0)
[PatternMatcher] Candidat AVANCÉ: grid_tiling (conf=0.9)
[PatternMatcher] ✅ SÉLECTIONNÉ: object_counting (conf=1.0)
[MAGEN] Pattern détecté: object_counting (conf=1.00)
[MAGEN] Décision: ACTION4 (mirror_vertical) - Stratégie: transformation_learning, Score: 0.07, Budget: 7.0
[ObjectExtractor] Extracted 0 structured objects
[PatternMatcher] Candidat AVANCÉ: object_counting (conf=1.0)
[PatternMatcher] Candidat AVANCÉ: diagonal_symmetry (conf=1.0)
[PatternMatcher] Candidat AVANCÉ: grid_tiling (conf=0.9)
[PatternMatcher] ✅ SÉLECTIONNÉ: object_counting (conf=1.0)
[MAGEN] Pattern détecté: object_counting (conf=1.00)
❌ Erreur pendant le jeu: 'TrajectoryAnalyzer' object has no attribute 'should_stop_early'
2026-06-14 02:06:04 | INFO | Closed scorecard: a5862193-16b8-4eb4-8e68-e360d0f50619

================================================================================
🏆 SCORECARD FINAL
================================================================================
Score: 0.00
Scorecard ID: 692c707a-cc87-47d9-974c-d2130ddce3d2
================================================================================

💾 Résultats sauvegardés: results/arc_agi_3/private_submission_20260614_020557.json

================================================================================
📊 RÉSUMÉ FINAL - MODE PRIVÉ
================================================================================
Session: 20260614_020557
Jeux joués: 3
Score total: 0.00
Score scorecard: 0.00
Début: 2026-06-14T02:05:57.924155
Fin: 2026-06-14T02:06:03.989050
================================================================================
🔒 Mode: PRIVÉ (aucune soumission publique)
================================================================================

================================================================================
✅ TEST TERMINÉ
================================================================================
Résultats sauvegardés dans: results_magen_v22_20260614_020557.json
Logs forensiques disponibles dans le répertoire forensic/
================================================================================

