
================================================================================
🎯 ENTRAÎNEMENT FOCALISÉ - JEU LS20 UNIQUEMENT
================================================================================
Jeu Cible: ls20-9607627b
Objectif: VICTOIRE en < 5 minutes
Monitoring: TEMPS RÉEL pour CHAQUE action
Timestamp: 2026-06-16T18:47:46.374255
================================================================================

✅ arc-agi importé
✅ MAGEN V40.3 modules chargés

================================================================================
CONNEXION API ARC-AGI-3
================================================================================

INFO:arc_agi.scorecard:Initialized ScorecardManager with idle_for=0:15:00 and max_open_for=3 days, 0:00:00
2026-06-16 18:47:48 | INFO | Successfully fetched 25 environment(s) from API
✅ Connexion API réussie

2026-06-16 18:47:48 | INFO | Created new scorecard: d128dce1-a669-4b2a-911f-d3fa9ec98314
✅ Nouveau scorecard créé: d128dce1-a669-4b2a-911f-d3fa9ec98314
   URL: https://arcprize.org/scorecards/d128dce1-a669-4b2a-911f-d3fa9ec98314

================================================================================
ENTRAÎNEMENT EN LOOP - JEU ls20-9607627b
================================================================================


================================================================================
TENTATIVE #1 - Temps écoulé: 0.0s / 300s
Temps restant: 300.0s
================================================================================

2026-06-16 18:47:49 | INFO | Successfully fetched metadata for game ls20
2026-06-16 18:47:49 | INFO | Recording to recordings/d128dce1-a669-4b2a-911f-d3fa9ec98314/ls20-9607627b-264de6fb-4944-4f67-91dd-5effee35fe75.jsonl
2026-06-16 18:47:49 | INFO | Successfully reset game ls20-9607627b, guid=264de6fb-4944-4f67-91dd-5effee35fe75, scorecard_id=d128dce1-a669-4b2a-911f-d3fa9ec98314
[MAGEN V40.3] Adaptateur initialisé pour ls20-9607627b
[MAGEN V40.3] Actions disponibles: 6
   🔄 RESET tentative 1/3...
2026-06-16 18:47:50 | INFO | Recording to recordings/d128dce1-a669-4b2a-911f-d3fa9ec98314/ls20-9607627b-264de6fb-4944-4f67-91dd-5effee35fe75.jsonl
2026-06-16 18:47:50 | INFO | Successfully reset game ls20-9607627b, guid=264de6fb-4944-4f67-91dd-5effee35fe75, scorecard_id=d128dce1-a669-4b2a-911f-d3fa9ec98314
   ⏳ Attente 2.0s...
   🔄 RESET tentative 2/3...
2026-06-16 18:47:52 | INFO | Recording to recordings/d128dce1-a669-4b2a-911f-d3fa9ec98314/ls20-9607627b-264de6fb-4944-4f67-91dd-5effee35fe75.jsonl
2026-06-16 18:47:52 | INFO | Successfully reset game ls20-9607627b, guid=264de6fb-4944-4f67-91dd-5effee35fe75, scorecard_id=d128dce1-a669-4b2a-911f-d3fa9ec98314
   ⏳ Attente 2.0s...
   🔄 RESET tentative 3/3...
2026-06-16 18:47:55 | INFO | Recording to recordings/d128dce1-a669-4b2a-911f-d3fa9ec98314/ls20-9607627b-264de6fb-4944-4f67-91dd-5effee35fe75.jsonl
2026-06-16 18:47:55 | INFO | Successfully reset game ls20-9607627b, guid=264de6fb-4944-4f67-91dd-5effee35fe75, scorecard_id=d128dce1-a669-4b2a-911f-d3fa9ec98314
   ⏳ Attente 2.0s...
   ❌ Impossible de démarrer: Impossible de démarrer après 3 tentatives

================================================================================
TENTATIVE #2 - Temps écoulé: 8.6s / 300s
Temps restant: 291.4s
================================================================================

2026-06-16 18:47:58 | INFO | Successfully fetched metadata for game ls20
2026-06-16 18:47:58 | ERROR | Failed to reset game ls20-9607627b: 400 Client Error: Bad Request for url: https://three.arcprize.org/api/cmd/RESET
Traceback (most recent call last):
  File "/home/lvx/.local/lib/python3.12/site-packages/arc_agi/remote_wrapper.py", line 108, in reset
    response.raise_for_status()
  File "/home/lvx/.local/lib/python3.12/site-packages/requests/models.py", line 1028, in raise_for_status
    raise HTTPError(http_error_msg, response=self)
requests.exceptions.HTTPError: 400 Client Error: Bad Request for url: https://three.arcprize.org/api/cmd/RESET
[MAGEN V40.3] Adaptateur initialisé pour ls20-9607627b
[MAGEN V40.3] Actions disponibles: 6
   🔄 RESET tentative 1/3...
2026-06-16 18:47:58 | ERROR | Failed to reset game ls20-9607627b: 400 Client Error: Bad Request for url: https://three.arcprize.org/api/cmd/RESET
Traceback (most recent call last):
  File "/home/lvx/.local/lib/python3.12/site-packages/arc_agi/remote_wrapper.py", line 108, in reset
    response.raise_for_status()
  File "/home/lvx/.local/lib/python3.12/site-packages/requests/models.py", line 1028, in raise_for_status
    raise HTTPError(http_error_msg, response=self)
requests.exceptions.HTTPError: 400 Client Error: Bad Request for url: https://three.arcprize.org/api/cmd/RESET
   ⏳ Attente 2.0s...
   🔄 RESET tentative 2/3...
2026-06-16 18:48:01 | ERROR | Failed to reset game ls20-9607627b: 400 Client Error: Bad Request for url: https://three.arcprize.org/api/cmd/RESET
Traceback (most recent call last):
  File "/home/lvx/.local/lib/python3.12/site-packages/arc_agi/remote_wrapper.py", line 108, in reset
    response.raise_for_status()
  File "/home/lvx/.local/lib/python3.12/site-packages/requests/models.py", line 1028, in raise_for_status
    raise HTTPError(http_error_msg, response=self)
requests.exceptions.HTTPError: 400 Client Error: Bad Request for url: https://three.arcprize.org/api/cmd/RESET
   ⏳ Attente 2.0s...
   🔄 RESET tentative 3/3...
2026-06-16 18:48:03 | ERROR | Failed to reset game ls20-9607627b: 400 Client Error: Bad Request for url: https://three.arcprize.org/api/cmd/RESET
Traceback (most recent call last):
  File "/home/lvx/.local/lib/python3.12/site-packages/arc_agi/remote_wrapper.py", line 108, in reset
    response.raise_for_status()
  File "/home/lvx/.local/lib/python3.12/site-packages/requests/models.py", line 1028, in raise_for_status
    raise HTTPError(http_error_msg, response=self)
requests.exceptions.HTTPError: 400 Client Error: Bad Request for url: https://three.arcprize.org/api/cmd/RESET
   ⏳ Attente 2.0s...
   ❌ Impossible de démarrer: Impossible de démarrer après 3 tentatives

================================================================================
TENTATIVE #3 - Temps écoulé: 16.7s / 300s
Temps restant: 283.3s
================================================================================

2026-06-16 18:48:06 | INFO | Successfully fetched metadata for game ls20
2026-06-16 18:48:06 | ERROR | Failed to reset game ls20-9607627b: 400 Client Error: Bad Request for url: https://three.arcprize.org/api/cmd/RESET
Traceback (most recent call last):
  File "/home/lvx/.local/lib/python3.12/site-packages/arc_agi/remote_wrapper.py", line 108, in reset
    response.raise_for_status()
  File "/home/lvx/.local/lib/python3.12/site-packages/requests/models.py", line 1028, in raise_for_status
    raise HTTPError(http_error_msg, response=self)
requests.exceptions.HTTPError: 400 Client Error: Bad Request for url: https://three.arcprize.org/api/cmd/RESET
[MAGEN V40.3] Adaptateur initialisé pour ls20-9607627b
[MAGEN V40.3] Actions disponibles: 6
   🔄 RESET tentative 1/3...
2026-06-16 18:48:06 | ERROR | Failed to reset game ls20-9607627b: 400 Client Error: Bad Request for url: https://three.arcprize.org/api/cmd/RESET
Traceback (most recent call last):
  File "/home/lvx/.local/lib/python3.12/site-packages/arc_agi/remote_wrapper.py", line 108, in reset
    response.raise_for_status()
  File "/home/lvx/.local/lib/python3.12/site-packages/requests/models.py", line 1028, in raise_for_status
    raise HTTPError(http_error_msg, response=self)
requests.exceptions.HTTPError: 400 Client Error: Bad Request for url: https://three.arcprize.org/api/cmd/RESET
   ⏳ Attente 2.0s...
   🔄 RESET tentative 2/3...
2026-06-16 18:48:08 | ERROR | Failed to reset game ls20-9607627b: 400 Client Error: Bad Request for url: https://three.arcprize.org/api/cmd/RESET
Traceback (most recent call last):
  File "/home/lvx/.local/lib/python3.12/site-packages/arc_agi/remote_wrapper.py", line 108, in reset
    response.raise_for_status()
  File "/home/lvx/.local/lib/python3.12/site-packages/requests/models.py", line 1028, in raise_for_status
    raise HTTPError(http_error_msg, response=self)
requests.exceptions.HTTPError: 400 Client Error: Bad Request for url: https://three.arcprize.org/api/cmd/RESET
   ⏳ Attente 2.0s...
   🔄 RESET tentative 3/3...
2026-06-16 18:48:11 | ERROR | Failed to reset game ls20-9607627b: 400 Client Error: Bad Request for url: https://three.arcprize.org/api/cmd/RESET
Traceback (most recent call last):
  File "/home/lvx/.local/lib/python3.12/site-packages/arc_agi/remote_wrapper.py", line 108, in reset
    response.raise_for_status()
  File "/home/lvx/.local/lib/python3.12/site-packages/requests/models.py", line 1028, in raise_for_status
    raise HTTPError(http_error_msg, response=self)
requests.exceptions.HTTPError: 400 Client Error: Bad Request for url: https://three.arcprize.org/api/cmd/RESET
   ⏳ Attente 2.0s...
   ❌ Impossible de démarrer: Impossible de démarrer après 3 tentatives

================================================================================
TENTATIVE #4 - Temps écoulé: 24.4s / 300s
Temps restant: 275.6s
================================================================================

2026-06-16 18:48:13 | INFO | Successfully fetched metadata for game ls20
2026-06-16 18:48:14 | ERROR | Failed to reset game ls20-9607627b: 400 Client Error: Bad Request for url: https://three.arcprize.org/api/cmd/RESET
Traceback (most recent call last):
  File "/home/lvx/.local/lib/python3.12/site-packages/arc_agi/remote_wrapper.py", line 108, in reset
    response.raise_for_status()
  File "/home/lvx/.local/lib/python3.12/site-packages/requests/models.py", line 1028, in raise_for_status
    raise HTTPError(http_error_msg, response=self)
requests.exceptions.HTTPError: 400 Client Error: Bad Request for url: https://three.arcprize.org/api/cmd/RESET
[MAGEN V40.3] Adaptateur initialisé pour ls20-9607627b
[MAGEN V40.3] Actions disponibles: 6
   🔄 RESET tentative 1/3...
2026-06-16 18:48:14 | ERROR | Failed to reset game ls20-9607627b: 400 Client Error: Bad Request for url: https://three.arcprize.org/api/cmd/RESET
Traceback (most recent call last):
  File "/home/lvx/.local/lib/python3.12/site-packages/arc_agi/remote_wrapper.py", line 108, in reset
    response.raise_for_status()
  File "/home/lvx/.local/lib/python3.12/site-packages/requests/models.py", line 1028, in raise_for_status
    raise HTTPError(http_error_msg, response=self)
requests.exceptions.HTTPError: 400 Client Error: Bad Request for url: https://three.arcprize.org/api/cmd/RESET
   ⏳ Attente 2.0s...
   🔄 RESET tentative 2/3...
2026-06-16 18:48:16 | ERROR | Failed to reset game ls20-9607627b: 400 Client Error: Bad Request for url: https://three.arcprize.org/api/cmd/RESET
Traceback (most recent call last):
  File "/home/lvx/.local/lib/python3.12/site-packages/arc_agi/remote_wrapper.py", line 108, in reset
    response.raise_for_status()
  File "/home/lvx/.local/lib/python3.12/site-packages/requests/models.py", line 1028, in raise_for_status
    raise HTTPError(http_error_msg, response=self)
requests.exceptions.HTTPError: 400 Client Error: Bad Request for url: https://three.arcprize.org/api/cmd/RESET
   ⏳ Attente 2.0s...
   🔄 RESET tentative 3/3...
2026-06-16 18:48:19 | ERROR | Failed to reset game ls20-9607627b: 400 Client Error: Bad Request for url: https://three.arcprize.org/api/cmd/RESET
Traceback (most recent call last):
  File "/home/lvx/.local/lib/python3.12/site-packages/arc_agi/remote_wrapper.py", line 108, in reset
    response.raise_for_status()
  File "/home/lvx/.local/lib/python3.12/site-packages/requests/models.py", line 1028, in raise_for_status
    raise HTTPError(http_error_msg, response=self)
requests.exceptions.HTTPError: 400 Client Error: Bad Request for url: https://three.arcprize.org/api/cmd/RESET
   ⏳ Attente 2.0s...
   ❌ Impossible de démarrer: Impossible de démarrer après 3 tentatives

================================================================================
TENTATIVE #5 - Temps écoulé: 32.3s / 300s
Temps restant: 267.7s
================================================================================

2026-06-16 18:48:21 | INFO | Successfully fetched metadata for game ls20
2026-06-16 18:48:21 | ERROR | Failed to reset game ls20-9607627b: 400 Client Error: Bad Request for url: https://three.arcprize.org/api/cmd/RESET
Traceback (most recent call last):
  File "/home/lvx/.local/lib/python3.12/site-packages/arc_agi/remote_wrapper.py", line 108, in reset
    response.raise_for_status()
  File "/home/lvx/.local/lib/python3.12/site-packages/requests/models.py", line 1028, in raise_for_status
    raise HTTPError(http_error_msg, response=self)
requests.exceptions.HTTPError: 400 Client Error: Bad Request for url: https://three.arcprize.org/api/cmd/RESET
[MAGEN V40.3] Adaptateur initialisé pour ls20-9607627b
[MAGEN V40.3] Actions disponibles: 6
   🔄 RESET tentative 1/3...
2026-06-16 18:48:22 | ERROR | Failed to reset game ls20-9607627b: 400 Client Error: Bad Request for url: https://three.arcprize.org/api/cmd/RESET
Traceback (most recent call last):
  File "/home/lvx/.local/lib/python3.12/site-packages/arc_agi/remote_wrapper.py", line 108, in reset
    response.raise_for_status()
  File "/home/lvx/.local/lib/python3.12/site-packages/requests/models.py", line 1028, in raise_for_status
    raise HTTPError(http_error_msg, response=self)
requests.exceptions.HTTPError: 400 Client Error: Bad Request for url: https://three.arcprize.org/api/cmd/RESET
   ⏳ Attente 2.0s...
   🔄 RESET tentative 2/3...
2026-06-16 18:48:24 | ERROR | Failed to reset game ls20-9607627b: 400 Client Error: Bad Request for url: https://three.arcprize.org/api/cmd/RESET
Traceback (most recent call last):
  File "/home/lvx/.local/lib/python3.12/site-packages/arc_agi/remote_wrapper.py", line 108, in reset
    response.raise_for_status()
  File "/home/lvx/.local/lib/python3.12/site-packages/requests/models.py", line 1028, in raise_for_status
    raise HTTPError(http_error_msg, response=self)
requests.exceptions.HTTPError: 400 Client Error: Bad Request for url: https://three.arcprize.org/api/cmd/RESET
   ⏳ Attente 2.0s...
   🔄 RESET tentative 3/3...
2026-06-16 18:48:26 | ERROR | Failed to reset game ls20-9607627b: 400 Client Error: Bad Request for url: https://three.arcprize.org/api/cmd/RESET
Traceback (most recent call last):
  File "/home/lvx/.local/lib/python3.12/site-packages/arc_agi/remote_wrapper.py", line 108, in reset
    response.raise_for_status()
  File "/home/lvx/.local/lib/python3.12/site-packages/requests/models.py", line 1028, in raise_for_status
    raise HTTPError(http_error_msg, response=self)
requests.exceptions.HTTPError: 400 Client Error: Bad Request for url: https://three.arcprize.org/api/cmd/RESET
   ⏳ Attente 2.0s...
   ❌ Impossible de démarrer: Impossible de démarrer après 3 tentatives

================================================================================
TENTATIVE #6 - Temps écoulé: 40.0s / 300s
Temps restant: 260.0s
================================================================================

2026-06-16 18:48:29 | INFO | Successfully fetched metadata for game ls20
2026-06-16 18:48:29 | ERROR | Failed to reset game ls20-9607627b: 400 Client Error: Bad Request for url: https://three.arcprize.org/api/cmd/RESET
Traceback (most recent call last):
  File "/home/lvx/.local/lib/python3.12/site-packages/arc_agi/remote_wrapper.py", line 108, in reset
    response.raise_for_status()
  File "/home/lvx/.local/lib/python3.12/site-packages/requests/models.py", line 1028, in raise_for_status
    raise HTTPError(http_error_msg, response=self)
requests.exceptions.HTTPError: 400 Client Error: Bad Request for url: https://three.arcprize.org/api/cmd/RESET
[MAGEN V40.3] Adaptateur initialisé pour ls20-9607627b
[MAGEN V40.3] Actions disponibles: 6
   🔄 RESET tentative 1/3...
2026-06-16 18:48:29 | ERROR | Failed to reset game ls20-9607627b: 400 Client Error: Bad Request for url: https://three.arcprize.org/api/cmd/RESET
Traceback (most recent call last):
  File "/home/lvx/.local/lib/python3.12/site-packages/arc_agi/remote_wrapper.py", line 108, in reset
    response.raise_for_status()
  File "/home/lvx/.local/lib/python3.12/site-packages/requests/models.py", line 1028, in raise_for_status
    raise HTTPError(http_error_msg, response=self)
requests.exceptions.HTTPError: 400 Client Error: Bad Request for url: https://three.arcprize.org/api/cmd/RESET
   ⏳ Attente 2.0s...
   🔄 RESET tentative 2/3...
2026-06-16 18:48:32 | ERROR | Failed to reset game ls20-9607627b: 400 Client Error: Bad Request for url: https://three.arcprize.org/api/cmd/RESET
Traceback (most recent call last):
  File "/home/lvx/.local/lib/python3.12/site-packages/arc_agi/remote_wrapper.py", line 108, in reset
    response.raise_for_status()
  File "/home/lvx/.local/lib/python3.12/site-packages/requests/models.py", line 1028, in raise_for_status
    raise HTTPError(http_error_msg, response=self)
requests.exceptions.HTTPError: 400 Client Error: Bad Request for url: https://three.arcprize.org/api/cmd/RESET
   ⏳ Attente 2.0s...
   🔄 RESET tentative 3/3...
2026-06-16 18:48:34 | ERROR | Failed to reset game ls20-9607627b: 400 Client Error: Bad Request for url: https://three.arcprize.org/api/cmd/RESET
Traceback (most recent call last):
  File "/home/lvx/.local/lib/python3.12/site-packages/arc_agi/remote_wrapper.py", line 108, in reset
    response.raise_for_status()
  File "/home/lvx/.local/lib/python3.12/site-packages/requests/models.py", line 1028, in raise_for_status
    raise HTTPError(http_error_msg, response=self)
requests.exceptions.HTTPError: 400 Client Error: Bad Request for url: https://three.arcprize.org/api/cmd/RESET
   ⏳ Attente 2.0s...
   ❌ Impossible de démarrer: Impossible de démarrer après 3 tentatives

================================================================================
TENTATIVE #7 - Temps écoulé: 47.7s / 300s
Temps restant: 252.3s
================================================================================

2026-06-16 18:48:36 | INFO | Successfully fetched metadata for game ls20
2026-06-16 18:48:37 | ERROR | Failed to reset game ls20-9607627b: 400 Client Error: Bad Request for url: https://three.arcprize.org/api/cmd/RESET
Traceback (most recent call last):
  File "/home/lvx/.local/lib/python3.12/site-packages/arc_agi/remote_wrapper.py", line 108, in reset
    response.raise_for_status()
  File "/home/lvx/.local/lib/python3.12/site-packages/requests/models.py", line 1028, in raise_for_status
    raise HTTPError(http_error_msg, response=self)
requests.exceptions.HTTPError: 400 Client Error: Bad Request for url: https://three.arcprize.org/api/cmd/RESET
[MAGEN V40.3] Adaptateur initialisé pour ls20-9607627b
[MAGEN V40.3] Actions disponibles: 6
   🔄 RESET tentative 1/3...
2026-06-16 18:48:37 | ERROR | Failed to reset game ls20-9607627b: 400 Client Error: Bad Request for url: https://three.arcprize.org/api/cmd/RESET
Traceback (most recent call last):
  File "/home/lvx/.local/lib/python3.12/site-packages/arc_agi/remote_wrapper.py", line 108, in reset
    response.raise_for_status()
  File "/home/lvx/.local/lib/python3.12/site-packages/requests/models.py", line 1028, in raise_for_status
    raise HTTPError(http_error_msg, response=self)
requests.exceptions.HTTPError: 400 Client Error: Bad Request for url: https://three.arcprize.org/api/cmd/RESET
   ⏳ Attente 2.0s...
   🔄 RESET tentative 2/3...
2026-06-16 18:48:39 | ERROR | Failed to reset game ls20-9607627b: 400 Client Error: Bad Request for url: https://three.arcprize.org/api/cmd/RESET
Traceback (most recent call last):
  File "/home/lvx/.local/lib/python3.12/site-packages/arc_agi/remote_wrapper.py", line 108, in reset
    response.raise_for_status()
  File "/home/lvx/.local/lib/python3.12/site-packages/requests/models.py", line 1028, in raise_for_status
    raise HTTPError(http_error_msg, response=self)
requests.exceptions.HTTPError: 400 Client Error: Bad Request for url: https://three.arcprize.org/api/cmd/RESET
   ⏳ Attente 2.0s...
   🔄 RESET tentative 3/3...
2026-06-16 18:48:42 | ERROR | Failed to reset game ls20-9607627b: 400 Client Error: Bad Request for url: https://three.arcprize.org/api/cmd/RESET
Traceback (most recent call last):
  File "/home/lvx/.local/lib/python3.12/site-packages/arc_agi/remote_wrapper.py", line 108, in reset
    response.raise_for_status()
  File "/home/lvx/.local/lib/python3.12/site-packages/requests/models.py", line 1028, in raise_for_status
    raise HTTPError(http_error_msg, response=self)
requests.exceptions.HTTPError: 400 Client Error: Bad Request for url: https://three.arcprize.org/api/cmd/RESET
   ⏳ Attente 2.0s...
   ❌ Impossible de démarrer: Impossible de démarrer après 3 tentatives

================================================================================
TENTATIVE #8 - Temps écoulé: 55.4s / 300s
Temps restant: 244.6s
================================================================================

2026-06-16 18:48:44 | INFO | Successfully fetched metadata for game ls20
2026-06-16 18:48:44 | ERROR | Failed to reset game ls20-9607627b: 400 Client Error: Bad Request for url: https://three.arcprize.org/api/cmd/RESET
Traceback (most recent call last):
  File "/home/lvx/.local/lib/python3.12/site-packages/arc_agi/remote_wrapper.py", line 108, in reset
    response.raise_for_status()
  File "/home/lvx/.local/lib/python3.12/site-packages/requests/models.py", line 1028, in raise_for_status
    raise HTTPError(http_error_msg, response=self)
requests.exceptions.HTTPError: 400 Client Error: Bad Request for url: https://three.arcprize.org/api/cmd/RESET
[MAGEN V40.3] Adaptateur initialisé pour ls20-9607627b
[MAGEN V40.3] Actions disponibles: 6
   🔄 RESET tentative 1/3...
2026-06-16 18:48:45 | ERROR | Failed to reset game ls20-9607627b: 400 Client Error: Bad Request for url: https://three.arcprize.org/api/cmd/RESET
Traceback (most recent call last):
  File "/home/lvx/.local/lib/python3.12/site-packages/arc_agi/remote_wrapper.py", line 108, in reset
    response.raise_for_status()
  File "/home/lvx/.local/lib/python3.12/site-packages/requests/models.py", line 1028, in raise_for_status
    raise HTTPError(http_error_msg, response=self)
requests.exceptions.HTTPError: 400 Client Error: Bad Request for url: https://three.arcprize.org/api/cmd/RESET
   ⏳ Attente 2.0s...
   🔄 RESET tentative 2/3...
2026-06-16 18:48:47 | ERROR | Failed to reset game ls20-9607627b: 400 Client Error: Bad Request for url: https://three.arcprize.org/api/cmd/RESET
Traceback (most recent call last):
  File "/home/lvx/.local/lib/python3.12/site-packages/arc_agi/remote_wrapper.py", line 108, in reset
    response.raise_for_status()
  File "/home/lvx/.local/lib/python3.12/site-packages/requests/models.py", line 1028, in raise_for_status
    raise HTTPError(http_error_msg, response=self)
requests.exceptions.HTTPError: 400 Client Error: Bad Request for url: https://three.arcprize.org/api/cmd/RESET
   ⏳ Attente 2.0s...
   🔄 RESET tentative 3/3...
2026-06-16 18:48:49 | ERROR | Failed to reset game ls20-9607627b: 400 Client Error: Bad Request for url: https://three.arcprize.org/api/cmd/RESET
Traceback (most recent call last):
  File "/home/lvx/.local/lib/python3.12/site-packages/arc_agi/remote_wrapper.py", line 108, in reset
    response.raise_for_status()
  File "/home/lvx/.local/lib/python3.12/site-packages/requests/models.py", line 1028, in raise_for_status
    raise HTTPError(http_error_msg, response=self)
requests.exceptions.HTTPError: 400 Client Error: Bad Request for url: https://three.arcprize.org/api/cmd/RESET
   ⏳ Attente 2.0s...
   ❌ Impossible de démarrer: Impossible de démarrer après 3 tentatives

================================================================================
TENTATIVE #9 - Temps écoulé: 62.8s / 300s
Temps restant: 237.2s
================================================================================

2026-06-16 18:48:52 | INFO | Successfully fetched metadata for game ls20
2026-06-16 18:48:52 | ERROR | Failed to reset game ls20-9607627b: 400 Client Error: Bad Request for url: https://three.arcprize.org/api/cmd/RESET
Traceback (most recent call last):
  File "/home/lvx/.local/lib/python3.12/site-packages/arc_agi/remote_wrapper.py", line 108, in reset
    response.raise_for_status()
  File "/home/lvx/.local/lib/python3.12/site-packages/requests/models.py", line 1028, in raise_for_status
    raise HTTPError(http_error_msg, response=self)
requests.exceptions.HTTPError: 400 Client Error: Bad Request for url: https://three.arcprize.org/api/cmd/RESET
[MAGEN V40.3] Adaptateur initialisé pour ls20-9607627b
[MAGEN V40.3] Actions disponibles: 6
   🔄 RESET tentative 1/3...
2026-06-16 18:48:53 | ERROR | Failed to reset game ls20-9607627b: 400 Client Error: Bad Request for url: https://three.arcprize.org/api/cmd/RESET
Traceback (most recent call last):
  File "/home/lvx/.local/lib/python3.12/site-packages/arc_agi/remote_wrapper.py", line 108, in reset
    response.raise_for_status()
  File "/home/lvx/.local/lib/python3.12/site-packages/requests/models.py", line 1028, in raise_for_status
    raise HTTPError(http_error_msg, response=self)
requests.exceptions.HTTPError: 400 Client Error: Bad Request for url: https://three.arcprize.org/api/cmd/RESET
   ⏳ Attente 2.0s...
   🔄 RESET tentative 2/3...
2026-06-16 18:48:55 | ERROR | Failed to reset game ls20-9607627b: 400 Client Error: Bad Request for url: https://three.arcprize.org/api/cmd/RESET
Traceback (most recent call last):
  File "/home/lvx/.local/lib/python3.12/site-packages/arc_agi/remote_wrapper.py", line 108, in reset
    response.raise_for_status()
  File "/home/lvx/.local/lib/python3.12/site-packages/requests/models.py", line 1028, in raise_for_status
    raise HTTPError(http_error_msg, response=self)
requests.exceptions.HTTPError: 400 Client Error: Bad Request for url: https://three.arcprize.org/api/cmd/RESET
   ⏳ Attente 2.0s...
   🔄 RESET tentative 3/3...
2026-06-16 18:48:57 | ERROR | Failed to reset game ls20-9607627b: 400 Client Error: Bad Request for url: https://three.arcprize.org/api/cmd/RESET
Traceback (most recent call last):
  File "/home/lvx/.local/lib/python3.12/site-packages/arc_agi/remote_wrapper.py", line 108, in reset
    response.raise_for_status()
  File "/home/lvx/.local/lib/python3.12/site-packages/requests/models.py", line 1028, in raise_for_status
    raise HTTPError(http_error_msg, response=self)
requests.exceptions.HTTPError: 400 Client Error: Bad Request for url: https://three.arcprize.org/api/cmd/RESET
   ⏳ Attente 2.0s...
   ❌ Impossible de démarrer: Impossible de démarrer après 3 tentatives

================================================================================
TENTATIVE #10 - Temps écoulé: 70.5s / 300s
Temps restant: 229.5s
================================================================================

2026-06-16 18:48:59 | INFO | Successfully fetched metadata for game ls20
2026-06-16 18:49:00 | ERROR | Failed to reset game ls20-9607627b: 400 Client Error: Bad Request for url: https://three.arcprize.org/api/cmd/RESET
Traceback (most recent call last):
  File "/home/lvx/.local/lib/python3.12/site-packages/arc_agi/remote_wrapper.py", line 108, in reset
    response.raise_for_status()
  File "/home/lvx/.local/lib/python3.12/site-packages/requests/models.py", line 1028, in raise_for_status
    raise HTTPError(http_error_msg, response=self)
requests.exceptions.HTTPError: 400 Client Error: Bad Request for url: https://three.arcprize.org/api/cmd/RESET
[MAGEN V40.3] Adaptateur initialisé pour ls20-9607627b
[MAGEN V40.3] Actions disponibles: 6
   🔄 RESET tentative 1/3...
2026-06-16 18:49:00 | ERROR | Failed to reset game ls20-9607627b: 400 Client Error: Bad Request for url: https://three.arcprize.org/api/cmd/RESET
Traceback (most recent call last):
  File "/home/lvx/.local/lib/python3.12/site-packages/arc_agi/remote_wrapper.py", line 108, in reset
    response.raise_for_status()
  File "/home/lvx/.local/lib/python3.12/site-packages/requests/models.py", line 1028, in raise_for_status
    raise HTTPError(http_error_msg, response=self)
requests.exceptions.HTTPError: 400 Client Error: Bad Request for url: https://three.arcprize.org/api/cmd/RESET
   ⏳ Attente 2.0s...
   🔄 RESET tentative 2/3...
2026-06-16 18:49:02 | ERROR | Failed to reset game ls20-9607627b: 400 Client Error: Bad Request for url: https://three.arcprize.org/api/cmd/RESET
Traceback (most recent call last):
  File "/home/lvx/.local/lib/python3.12/site-packages/arc_agi/remote_wrapper.py", line 108, in reset
    response.raise_for_status()
  File "/home/lvx/.local/lib/python3.12/site-packages/requests/models.py", line 1028, in raise_for_status
    raise HTTPError(http_error_msg, response=self)
requests.exceptions.HTTPError: 400 Client Error: Bad Request for url: https://three.arcprize.org/api/cmd/RESET
   ⏳ Attente 2.0s...
   🔄 RESET tentative 3/3...
2026-06-16 18:49:05 | ERROR | Failed to reset game ls20-9607627b: 400 Client Error: Bad Request for url: https://three.arcprize.org/api/cmd/RESET
Traceback (most recent call last):
  File "/home/lvx/.local/lib/python3.12/site-packages/arc_agi/remote_wrapper.py", line 108, in reset
    response.raise_for_status()
  File "/home/lvx/.local/lib/python3.12/site-packages/requests/models.py", line 1028, in raise_for_status
    raise HTTPError(http_error_msg, response=self)
requests.exceptions.HTTPError: 400 Client Error: Bad Request for url: https://three.arcprize.org/api/cmd/RESET
   ⏳ Attente 2.0s...
   ❌ Impossible de démarrer: Impossible de démarrer après 3 tentatives

================================================================================
TENTATIVE #11 - Temps écoulé: 78.3s / 300s
Temps restant: 221.7s
================================================================================

2026-06-16 18:49:07 | INFO | Successfully fetched metadata for game ls20
2026-06-16 18:49:07 | ERROR | Failed to reset game ls20-9607627b: 400 Client Error: Bad Request for url: https://three.arcprize.org/api/cmd/RESET
Traceback (most recent call last):
  File "/home/lvx/.local/lib/python3.12/site-packages/arc_agi/remote_wrapper.py", line 108, in reset
    response.raise_for_status()
  File "/home/lvx/.local/lib/python3.12/site-packages/requests/models.py", line 1028, in raise_for_status
    raise HTTPError(http_error_msg, response=self)
requests.exceptions.HTTPError: 400 Client Error: Bad Request for url: https://three.arcprize.org/api/cmd/RESET
[MAGEN V40.3] Adaptateur initialisé pour ls20-9607627b
[MAGEN V40.3] Actions disponibles: 6
   🔄 RESET tentative 1/3...
2026-06-16 18:49:08 | ERROR | Failed to reset game ls20-9607627b: 400 Client Error: Bad Request for url: https://three.arcprize.org/api/cmd/RESET
Traceback (most recent call last):
  File "/home/lvx/.local/lib/python3.12/site-packages/arc_agi/remote_wrapper.py", line 108, in reset
    response.raise_for_status()
  File "/home/lvx/.local/lib/python3.12/site-packages/requests/models.py", line 1028, in raise_for_status
    raise HTTPError(http_error_msg, response=self)
requests.exceptions.HTTPError: 400 Client Error: Bad Request for url: https://three.arcprize.org/api/cmd/RESET
   ⏳ Attente 2.0s...
   🔄 RESET tentative 2/3...
2026-06-16 18:49:10 | ERROR | Failed to reset game ls20-9607627b: 400 Client Error: Bad Request for url: https://three.arcprize.org/api/cmd/RESET
Traceback (most recent call last):
  File "/home/lvx/.local/lib/python3.12/site-packages/arc_agi/remote_wrapper.py", line 108, in reset
    response.raise_for_status()
  File "/home/lvx/.local/lib/python3.12/site-packages/requests/models.py", line 1028, in raise_for_status
    raise HTTPError(http_error_msg, response=self)
requests.exceptions.HTTPError: 400 Client Error: Bad Request for url: https://three.arcprize.org/api/cmd/RESET
   ⏳ Attente 2.0s...
   🔄 RESET tentative 3/3...
2026-06-16 18:49:12 | ERROR | Failed to reset game ls20-9607627b: 400 Client Error: Bad Request for url: https://three.arcprize.org/api/cmd/RESET
Traceback (most recent call last):
  File "/home/lvx/.local/lib/python3.12/site-packages/arc_agi/remote_wrapper.py", line 108, in reset
    response.raise_for_status()
  File "/home/lvx/.local/lib/python3.12/site-packages/requests/models.py", line 1028, in raise_for_status
    raise HTTPError(http_error_msg, response=self)
requests.exceptions.HTTPError: 400 Client Error: Bad Request for url: https://three.arcprize.org/api/cmd/RESET
   ⏳ Attente 2.0s...
   ❌ Impossible de démarrer: Impossible de démarrer après 3 tentatives

================================================================================
TENTATIVE #12 - Temps écoulé: 86.0s / 300s
Temps restant: 214.0s
================================================================================

2026-06-16 18:49:15 | INFO | Successfully fetched metadata for game ls20
2026-06-16 18:49:15 | ERROR | Failed to reset game ls20-9607627b: 400 Client Error: Bad Request for url: https://three.arcprize.org/api/cmd/RESET
Traceback (most recent call last):
  File "/home/lvx/.local/lib/python3.12/site-packages/arc_agi/remote_wrapper.py", line 108, in reset
    response.raise_for_status()
  File "/home/lvx/.local/lib/python3.12/site-packages/requests/models.py", line 1028, in raise_for_status
    raise HTTPError(http_error_msg, response=self)
requests.exceptions.HTTPError: 400 Client Error: Bad Request for url: https://three.arcprize.org/api/cmd/RESET
[MAGEN V40.3] Adaptateur initialisé pour ls20-9607627b
[MAGEN V40.3] Actions disponibles: 6
   🔄 RESET tentative 1/3...
2026-06-16 18:49:16 | ERROR | Failed to reset game ls20-9607627b: 400 Client Error: Bad Request for url: https://three.arcprize.org/api/cmd/RESET
Traceback (most recent call last):
  File "/home/lvx/.local/lib/python3.12/site-packages/arc_agi/remote_wrapper.py", line 108, in reset
    response.raise_for_status()
  File "/home/lvx/.local/lib/python3.12/site-packages/requests/models.py", line 1028, in raise_for_status
    raise HTTPError(http_error_msg, response=self)
requests.exceptions.HTTPError: 400 Client Error: Bad Request for url: https://three.arcprize.org/api/cmd/RESET
   ⏳ Attente 2.0s...
   🔄 RESET tentative 2/3...
2026-06-16 18:49:18 | ERROR | Failed to reset game ls20-9607627b: 400 Client Error: Bad Request for url: https://three.arcprize.org/api/cmd/RESET
Traceback (most recent call last):
  File "/home/lvx/.local/lib/python3.12/site-packages/arc_agi/remote_wrapper.py", line 108, in reset
    response.raise_for_status()
  File "/home/lvx/.local/lib/python3.12/site-packages/requests/models.py", line 1028, in raise_for_status
    raise HTTPError(http_error_msg, response=self)
requests.exceptions.HTTPError: 400 Client Error: Bad Request for url: https://three.arcprize.org/api/cmd/RESET
   ⏳ Attente 2.0s...
   🔄 RESET tentative 3/3...
2026-06-16 18:49:20 | ERROR | Failed to reset game ls20-9607627b: 400 Client Error: Bad Request for url: https://three.arcprize.org/api/cmd/RESET
Traceback (most recent call last):
  File "/home/lvx/.local/lib/python3.12/site-packages/arc_agi/remote_wrapper.py", line 108, in reset
    response.raise_for_status()
  File "/home/lvx/.local/lib/python3.12/site-packages/requests/models.py", line 1028, in raise_for_status
    raise HTTPError(http_error_msg, response=self)
requests.exceptions.HTTPError: 400 Client Error: Bad Request for url: https://three.arcprize.org/api/cmd/RESET
   ⏳ Attente 2.0s...
   ❌ Impossible de démarrer: Impossible de démarrer après 3 tentatives

================================================================================
TENTATIVE #13 - Temps écoulé: 93.5s / 300s
Temps restant: 206.5s
================================================================================

2026-06-16 18:49:22 | INFO | Successfully fetched metadata for game ls20
2026-06-16 18:49:22 | ERROR | Failed to reset game ls20-9607627b: 400 Client Error: Bad Request for url: https://three.arcprize.org/api/cmd/RESET
Traceback (most recent call last):
  File "/home/lvx/.local/lib/python3.12/site-packages/arc_agi/remote_wrapper.py", line 108, in reset
    response.raise_for_status()
  File "/home/lvx/.local/lib/python3.12/site-packages/requests/models.py", line 1028, in raise_for_status
    raise HTTPError(http_error_msg, response=self)
requests.exceptions.HTTPError: 400 Client Error: Bad Request for url: https://three.arcprize.org/api/cmd/RESET
[MAGEN V40.3] Adaptateur initialisé pour ls20-9607627b
[MAGEN V40.3] Actions disponibles: 6
   🔄 RESET tentative 1/3...
2026-06-16 18:49:23 | ERROR | Failed to reset game ls20-9607627b: 400 Client Error: Bad Request for url: https://three.arcprize.org/api/cmd/RESET
Traceback (most recent call last):
  File "/home/lvx/.local/lib/python3.12/site-packages/arc_agi/remote_wrapper.py", line 108, in reset
    response.raise_for_status()
  File "/home/lvx/.local/lib/python3.12/site-packages/requests/models.py", line 1028, in raise_for_status
    raise HTTPError(http_error_msg, response=self)
requests.exceptions.HTTPError: 400 Client Error: Bad Request for url: https://three.arcprize.org/api/cmd/RESET
