✅ ARC_API_KEY chargée depuis Doppler: 705f499b...

================================================================================
🎯 ENTRAÎNEMENT FOCALISÉ - JEU LS20 UNIQUEMENT
================================================================================
Jeu Cible: ls20-9607627b
Objectif: VICTOIRE en < 5 minutes
Monitoring: TEMPS RÉEL pour CHAQUE action
Timestamp: 2026-06-16T19:15:59.212157
================================================================================

✅ arc-agi importé
✅ MAGEN V40.3 modules chargés

================================================================================
CONNEXION API ARC-AGI-3
================================================================================

INFO:arc_agi.scorecard:Initialized ScorecardManager with idle_for=0:15:00 and max_open_for=3 days, 0:00:00
2026-06-16 19:16:01 | INFO | Successfully fetched 25 environment(s) from API
✅ Connexion API réussie

================================================================================
ENTRAÎNEMENT EN LOOP - JEU ls20-9607627b
================================================================================


================================================================================
TENTATIVE #1 - Temps écoulé: 0.0s / 60s
Temps restant: 60.0s
================================================================================

2026-06-16 19:16:01 | INFO | Created new scorecard: 5d9329cf-65f9-4ef3-a5e3-813cafed663b
✅ Scorecard #1 créé: 5d9329cf-65f9-4ef3-a5e3-813cafed663b
2026-06-16 19:16:02 | INFO | Successfully fetched metadata for game ls20
2026-06-16 19:16:02 | INFO | Recording to recordings/5d9329cf-65f9-4ef3-a5e3-813cafed663b/ls20-9607627b-1a7a7938-a5be-4cd8-b6b3-254230e7988c.jsonl
2026-06-16 19:16:02 | INFO | Successfully reset game ls20-9607627b, guid=1a7a7938-a5be-4cd8-b6b3-254230e7988c, scorecard_id=5d9329cf-65f9-4ef3-a5e3-813cafed663b
[MAGEN V40.3] Adaptateur initialisé pour ls20-9607627b
[MAGEN V40.3] Actions disponibles: 6
   🔄 RESET tentative 1/3...
2026-06-16 19:16:02 | INFO | Recording to recordings/5d9329cf-65f9-4ef3-a5e3-813cafed663b/ls20-9607627b-1a7a7938-a5be-4cd8-b6b3-254230e7988c.jsonl
2026-06-16 19:16:02 | INFO | Successfully reset game ls20-9607627b, guid=1a7a7938-a5be-4cd8-b6b3-254230e7988c, scorecard_id=5d9329cf-65f9-4ef3-a5e3-813cafed663b
   ⏳ Attente 2.0s...
   ✅ Jeu démarré avec succès
   ❌ Erreur tentative: unhashable type: 'WorldModelConsultation'
   ⚠️  Erreur fermeture env: 'RemoteEnvironmentWrapper' object has no attribute 'close'

================================================================================
TENTATIVE #2 - Temps écoulé: 3.7s / 60s
Temps restant: 56.3s
================================================================================

2026-06-16 19:16:05 | INFO | Created new scorecard: 3756cb25-ae0e-4631-92de-8c13e661bba1
✅ Scorecard #2 créé: 3756cb25-ae0e-4631-92de-8c13e661bba1
2026-06-16 19:16:05 | INFO | Successfully fetched metadata for game ls20
2026-06-16 19:16:05 | INFO | Recording to recordings/3756cb25-ae0e-4631-92de-8c13e661bba1/ls20-9607627b-a48c8fbb-c501-4368-92d3-c5d307779ba4.jsonl
2026-06-16 19:16:05 | INFO | Successfully reset game ls20-9607627b, guid=a48c8fbb-c501-4368-92d3-c5d307779ba4, scorecard_id=3756cb25-ae0e-4631-92de-8c13e661bba1
[MAGEN V40.3] Adaptateur initialisé pour ls20-9607627b
[MAGEN V40.3] Actions disponibles: 6
   🔄 RESET tentative 1/3...
2026-06-16 19:16:06 | INFO | Recording to recordings/3756cb25-ae0e-4631-92de-8c13e661bba1/ls20-9607627b-a48c8fbb-c501-4368-92d3-c5d307779ba4.jsonl
2026-06-16 19:16:06 | INFO | Successfully reset game ls20-9607627b, guid=a48c8fbb-c501-4368-92d3-c5d307779ba4, scorecard_id=3756cb25-ae0e-4631-92de-8c13e661bba1
   ⏳ Attente 2.0s...
   ✅ Jeu démarré avec succès
   ❌ Erreur tentative: unhashable type: 'WorldModelConsultation'
   ⚠️  Erreur fermeture env: 'RemoteEnvironmentWrapper' object has no attribute 'close'

================================================================================
TENTATIVE #3 - Temps écoulé: 6.9s / 60s
Temps restant: 53.1s
================================================================================

2026-06-16 19:16:08 | INFO | Created new scorecard: 95b04470-1c7b-4c4a-991f-0017dcf21d5c
✅ Scorecard #3 créé: 95b04470-1c7b-4c4a-991f-0017dcf21d5c
2026-06-16 19:16:08 | INFO | Successfully fetched metadata for game ls20
2026-06-16 19:16:08 | INFO | Recording to recordings/95b04470-1c7b-4c4a-991f-0017dcf21d5c/ls20-9607627b-5959cbc3-90f4-462b-bd24-7d6668d7f684.jsonl
2026-06-16 19:16:08 | INFO | Successfully reset game ls20-9607627b, guid=5959cbc3-90f4-462b-bd24-7d6668d7f684, scorecard_id=95b04470-1c7b-4c4a-991f-0017dcf21d5c
[MAGEN V40.3] Adaptateur initialisé pour ls20-9607627b
[MAGEN V40.3] Actions disponibles: 6
   🔄 RESET tentative 1/3...
2026-06-16 19:16:09 | INFO | Recording to recordings/95b04470-1c7b-4c4a-991f-0017dcf21d5c/ls20-9607627b-5959cbc3-90f4-462b-bd24-7d6668d7f684.jsonl
2026-06-16 19:16:09 | INFO | Successfully reset game ls20-9607627b, guid=5959cbc3-90f4-462b-bd24-7d6668d7f684, scorecard_id=95b04470-1c7b-4c4a-991f-0017dcf21d5c
   ⏳ Attente 2.0s...
   ✅ Jeu démarré avec succès
   ❌ Erreur tentative: unhashable type: 'WorldModelConsultation'
   ⚠️  Erreur fermeture env: 'RemoteEnvironmentWrapper' object has no attribute 'close'

================================================================================
TENTATIVE #4 - Temps écoulé: 10.2s / 60s
Temps restant: 49.8s
================================================================================

2026-06-16 19:16:11 | INFO | Created new scorecard: 66723d26-7c9a-43ef-9833-518c3d2dc7a8
✅ Scorecard #4 créé: 66723d26-7c9a-43ef-9833-518c3d2dc7a8
2026-06-16 19:16:11 | INFO | Successfully fetched metadata for game ls20
2026-06-16 19:16:12 | INFO | Recording to recordings/66723d26-7c9a-43ef-9833-518c3d2dc7a8/ls20-9607627b-7c673fd0-b763-43db-9679-9195d267afad.jsonl
2026-06-16 19:16:12 | INFO | Successfully reset game ls20-9607627b, guid=7c673fd0-b763-43db-9679-9195d267afad, scorecard_id=66723d26-7c9a-43ef-9833-518c3d2dc7a8
[MAGEN V40.3] Adaptateur initialisé pour ls20-9607627b
[MAGEN V40.3] Actions disponibles: 6
   🔄 RESET tentative 1/3...
2026-06-16 19:16:12 | INFO | Recording to recordings/66723d26-7c9a-43ef-9833-518c3d2dc7a8/ls20-9607627b-7c673fd0-b763-43db-9679-9195d267afad.jsonl
2026-06-16 19:16:12 | INFO | Successfully reset game ls20-9607627b, guid=7c673fd0-b763-43db-9679-9195d267afad, scorecard_id=66723d26-7c9a-43ef-9833-518c3d2dc7a8
   ⏳ Attente 2.0s...
   ✅ Jeu démarré avec succès
   ❌ Erreur tentative: unhashable type: 'WorldModelConsultation'
   ⚠️  Erreur fermeture env: 'RemoteEnvironmentWrapper' object has no attribute 'close'

================================================================================
TENTATIVE #5 - Temps écoulé: 13.3s / 60s
Temps restant: 46.7s
================================================================================

2026-06-16 19:16:14 | INFO | Created new scorecard: 84e0e66b-d721-4e49-9149-47cffb988d92
✅ Scorecard #5 créé: 84e0e66b-d721-4e49-9149-47cffb988d92
2026-06-16 19:16:14 | INFO | Successfully fetched metadata for game ls20
2026-06-16 19:16:15 | INFO | Recording to recordings/84e0e66b-d721-4e49-9149-47cffb988d92/ls20-9607627b-f8450673-ec84-46c5-a809-6da47403331e.jsonl
2026-06-16 19:16:15 | INFO | Successfully reset game ls20-9607627b, guid=f8450673-ec84-46c5-a809-6da47403331e, scorecard_id=84e0e66b-d721-4e49-9149-47cffb988d92
[MAGEN V40.3] Adaptateur initialisé pour ls20-9607627b
[MAGEN V40.3] Actions disponibles: 6
   🔄 RESET tentative 1/3...
2026-06-16 19:16:15 | INFO | Recording to recordings/84e0e66b-d721-4e49-9149-47cffb988d92/ls20-9607627b-f8450673-ec84-46c5-a809-6da47403331e.jsonl
2026-06-16 19:16:15 | INFO | Successfully reset game ls20-9607627b, guid=f8450673-ec84-46c5-a809-6da47403331e, scorecard_id=84e0e66b-d721-4e49-9149-47cffb988d92
   ⏳ Attente 2.0s...
   ✅ Jeu démarré avec succès
   ❌ Erreur tentative: unhashable type: 'WorldModelConsultation'
   ⚠️  Erreur fermeture env: 'RemoteEnvironmentWrapper' object has no attribute 'close'

================================================================================
TENTATIVE #6 - Temps écoulé: 16.4s / 60s
Temps restant: 43.6s
================================================================================

2026-06-16 19:16:17 | INFO | Created new scorecard: afd5ac8f-2f6a-449f-8339-626070af20de
✅ Scorecard #6 créé: afd5ac8f-2f6a-449f-8339-626070af20de
2026-06-16 19:16:17 | INFO | Successfully fetched metadata for game ls20
2026-06-16 19:16:18 | INFO | Recording to recordings/afd5ac8f-2f6a-449f-8339-626070af20de/ls20-9607627b-02b37a70-6c08-47d1-9a43-f80a43ef12f7.jsonl
2026-06-16 19:16:18 | INFO | Successfully reset game ls20-9607627b, guid=02b37a70-6c08-47d1-9a43-f80a43ef12f7, scorecard_id=afd5ac8f-2f6a-449f-8339-626070af20de
[MAGEN V40.3] Adaptateur initialisé pour ls20-9607627b
[MAGEN V40.3] Actions disponibles: 6
   🔄 RESET tentative 1/3...
2026-06-16 19:16:18 | INFO | Recording to recordings/afd5ac8f-2f6a-449f-8339-626070af20de/ls20-9607627b-02b37a70-6c08-47d1-9a43-f80a43ef12f7.jsonl
2026-06-16 19:16:18 | INFO | Successfully reset game ls20-9607627b, guid=02b37a70-6c08-47d1-9a43-f80a43ef12f7, scorecard_id=afd5ac8f-2f6a-449f-8339-626070af20de
   ⏳ Attente 2.0s...
   ✅ Jeu démarré avec succès
   ❌ Erreur tentative: unhashable type: 'WorldModelConsultation'
   ⚠️  Erreur fermeture env: 'RemoteEnvironmentWrapper' object has no attribute 'close'

================================================================================
TENTATIVE #7 - Temps écoulé: 19.5s / 60s
Temps restant: 40.5s
================================================================================

2026-06-16 19:16:20 | INFO | Created new scorecard: d6db5b48-da76-4fc0-bb87-bb63d364e33c
✅ Scorecard #7 créé: d6db5b48-da76-4fc0-bb87-bb63d364e33c
2026-06-16 19:16:21 | INFO | Successfully fetched metadata for game ls20
2026-06-16 19:16:21 | INFO | Recording to recordings/d6db5b48-da76-4fc0-bb87-bb63d364e33c/ls20-9607627b-192b752a-ef5b-4367-aa9a-62e5cfee8639.jsonl
2026-06-16 19:16:21 | INFO | Successfully reset game ls20-9607627b, guid=192b752a-ef5b-4367-aa9a-62e5cfee8639, scorecard_id=d6db5b48-da76-4fc0-bb87-bb63d364e33c
[MAGEN V40.3] Adaptateur initialisé pour ls20-9607627b
[MAGEN V40.3] Actions disponibles: 6
   🔄 RESET tentative 1/3...
2026-06-16 19:16:21 | INFO | Recording to recordings/d6db5b48-da76-4fc0-bb87-bb63d364e33c/ls20-9607627b-192b752a-ef5b-4367-aa9a-62e5cfee8639.jsonl
2026-06-16 19:16:21 | INFO | Successfully reset game ls20-9607627b, guid=192b752a-ef5b-4367-aa9a-62e5cfee8639, scorecard_id=d6db5b48-da76-4fc0-bb87-bb63d364e33c
   ⏳ Attente 2.0s...
   ✅ Jeu démarré avec succès
   ❌ Erreur tentative: unhashable type: 'WorldModelConsultation'
   ⚠️  Erreur fermeture env: 'RemoteEnvironmentWrapper' object has no attribute 'close'

================================================================================
TENTATIVE #8 - Temps écoulé: 22.6s / 60s
Temps restant: 37.4s
================================================================================

2026-06-16 19:16:23 | INFO | Created new scorecard: 1dbb6a00-8315-45b6-b30b-56e788ec0a33
✅ Scorecard #8 créé: 1dbb6a00-8315-45b6-b30b-56e788ec0a33
2026-06-16 19:16:24 | INFO | Successfully fetched metadata for game ls20
2026-06-16 19:16:24 | INFO | Recording to recordings/1dbb6a00-8315-45b6-b30b-56e788ec0a33/ls20-9607627b-0e68ddfc-345e-414b-ae5d-0241b64a1b4d.jsonl
2026-06-16 19:16:24 | INFO | Successfully reset game ls20-9607627b, guid=0e68ddfc-345e-414b-ae5d-0241b64a1b4d, scorecard_id=1dbb6a00-8315-45b6-b30b-56e788ec0a33
[MAGEN V40.3] Adaptateur initialisé pour ls20-9607627b
[MAGEN V40.3] Actions disponibles: 6
   🔄 RESET tentative 1/3...
2026-06-16 19:16:24 | INFO | Recording to recordings/1dbb6a00-8315-45b6-b30b-56e788ec0a33/ls20-9607627b-0e68ddfc-345e-414b-ae5d-0241b64a1b4d.jsonl
2026-06-16 19:16:24 | INFO | Successfully reset game ls20-9607627b, guid=0e68ddfc-345e-414b-ae5d-0241b64a1b4d, scorecard_id=1dbb6a00-8315-45b6-b30b-56e788ec0a33
   ⏳ Attente 2.0s...
   ✅ Jeu démarré avec succès
   ❌ Erreur tentative: unhashable type: 'WorldModelConsultation'
   ⚠️  Erreur fermeture env: 'RemoteEnvironmentWrapper' object has no attribute 'close'

================================================================================
TENTATIVE #9 - Temps écoulé: 25.6s / 60s
Temps restant: 34.4s
================================================================================

2026-06-16 19:16:27 | INFO | Created new scorecard: 04605e40-594e-4f81-8cbb-6a65aa03e2cd
✅ Scorecard #9 créé: 04605e40-594e-4f81-8cbb-6a65aa03e2cd
2026-06-16 19:16:27 | INFO | Successfully fetched metadata for game ls20
2026-06-16 19:16:27 | INFO | Recording to recordings/04605e40-594e-4f81-8cbb-6a65aa03e2cd/ls20-9607627b-301c83da-9a86-454f-91d1-d936046f37c0.jsonl
2026-06-16 19:16:27 | INFO | Successfully reset game ls20-9607627b, guid=301c83da-9a86-454f-91d1-d936046f37c0, scorecard_id=04605e40-594e-4f81-8cbb-6a65aa03e2cd
[MAGEN V40.3] Adaptateur initialisé pour ls20-9607627b
[MAGEN V40.3] Actions disponibles: 6
   🔄 RESET tentative 1/3...
2026-06-16 19:16:27 | INFO | Recording to recordings/04605e40-594e-4f81-8cbb-6a65aa03e2cd/ls20-9607627b-301c83da-9a86-454f-91d1-d936046f37c0.jsonl
2026-06-16 19:16:27 | INFO | Successfully reset game ls20-9607627b, guid=301c83da-9a86-454f-91d1-d936046f37c0, scorecard_id=04605e40-594e-4f81-8cbb-6a65aa03e2cd
   ⏳ Attente 2.0s...
   ✅ Jeu démarré avec succès
   ❌ Erreur tentative: unhashable type: 'WorldModelConsultation'
   ⚠️  Erreur fermeture env: 'RemoteEnvironmentWrapper' object has no attribute 'close'

================================================================================
TENTATIVE #10 - Temps écoulé: 28.8s / 60s
Temps restant: 31.2s
================================================================================

2026-06-16 19:16:30 | INFO | Created new scorecard: 4f703ddf-91df-405d-bf42-b2fb798eadf5
✅ Scorecard #10 créé: 4f703ddf-91df-405d-bf42-b2fb798eadf5
2026-06-16 19:16:30 | INFO | Successfully fetched metadata for game ls20
2026-06-16 19:16:30 | INFO | Recording to recordings/4f703ddf-91df-405d-bf42-b2fb798eadf5/ls20-9607627b-173c5f87-2a6b-4979-a902-d10f4cf31124.jsonl
2026-06-16 19:16:30 | INFO | Successfully reset game ls20-9607627b, guid=173c5f87-2a6b-4979-a902-d10f4cf31124, scorecard_id=4f703ddf-91df-405d-bf42-b2fb798eadf5
[MAGEN V40.3] Adaptateur initialisé pour ls20-9607627b
[MAGEN V40.3] Actions disponibles: 6
   🔄 RESET tentative 1/3...
2026-06-16 19:16:31 | INFO | Recording to recordings/4f703ddf-91df-405d-bf42-b2fb798eadf5/ls20-9607627b-173c5f87-2a6b-4979-a902-d10f4cf31124.jsonl
2026-06-16 19:16:31 | INFO | Successfully reset game ls20-9607627b, guid=173c5f87-2a6b-4979-a902-d10f4cf31124, scorecard_id=4f703ddf-91df-405d-bf42-b2fb798eadf5
   ⏳ Attente 2.0s...
   ✅ Jeu démarré avec succès
   ❌ Erreur tentative: unhashable type: 'WorldModelConsultation'
   ⚠️  Erreur fermeture env: 'RemoteEnvironmentWrapper' object has no attribute 'close'

================================================================================
TENTATIVE #11 - Temps écoulé: 32.0s / 60s
Temps restant: 28.0s
================================================================================

2026-06-16 19:16:33 | INFO | Created new scorecard: d2631648-b755-4c17-8350-e6a2529e9eea
✅ Scorecard #11 créé: d2631648-b755-4c17-8350-e6a2529e9eea
2026-06-16 19:16:33 | INFO | Successfully fetched metadata for game ls20
2026-06-16 19:16:33 | INFO | Recording to recordings/d2631648-b755-4c17-8350-e6a2529e9eea/ls20-9607627b-033627e6-a25b-4508-bd63-ed5ed056458f.jsonl
2026-06-16 19:16:33 | INFO | Successfully reset game ls20-9607627b, guid=033627e6-a25b-4508-bd63-ed5ed056458f, scorecard_id=d2631648-b755-4c17-8350-e6a2529e9eea
[MAGEN V40.3] Adaptateur initialisé pour ls20-9607627b
[MAGEN V40.3] Actions disponibles: 6
   🔄 RESET tentative 1/3...
2026-06-16 19:16:34 | INFO | Recording to recordings/d2631648-b755-4c17-8350-e6a2529e9eea/ls20-9607627b-033627e6-a25b-4508-bd63-ed5ed056458f.jsonl
2026-06-16 19:16:34 | INFO | Successfully reset game ls20-9607627b, guid=033627e6-a25b-4508-bd63-ed5ed056458f, scorecard_id=d2631648-b755-4c17-8350-e6a2529e9eea
   ⏳ Attente 2.0s...
   ✅ Jeu démarré avec succès
   ❌ Erreur tentative: unhashable type: 'WorldModelConsultation'
   ⚠️  Erreur fermeture env: 'RemoteEnvironmentWrapper' object has no attribute 'close'

================================================================================
TENTATIVE #12 - Temps écoulé: 35.2s / 60s
Temps restant: 24.8s
================================================================================

2026-06-16 19:16:36 | INFO | Created new scorecard: b7330f24-ec2f-4505-92cb-a8bc5eb021c0
✅ Scorecard #12 créé: b7330f24-ec2f-4505-92cb-a8bc5eb021c0
2026-06-16 19:16:36 | INFO | Successfully fetched metadata for game ls20
2026-06-16 19:16:37 | INFO | Recording to recordings/b7330f24-ec2f-4505-92cb-a8bc5eb021c0/ls20-9607627b-0fa95f10-a638-4024-a739-c318ea7c84a2.jsonl
2026-06-16 19:16:37 | INFO | Successfully reset game ls20-9607627b, guid=0fa95f10-a638-4024-a739-c318ea7c84a2, scorecard_id=b7330f24-ec2f-4505-92cb-a8bc5eb021c0
[MAGEN V40.3] Adaptateur initialisé pour ls20-9607627b
[MAGEN V40.3] Actions disponibles: 6
   🔄 RESET tentative 1/3...
2026-06-16 19:16:37 | INFO | Recording to recordings/b7330f24-ec2f-4505-92cb-a8bc5eb021c0/ls20-9607627b-0fa95f10-a638-4024-a739-c318ea7c84a2.jsonl
2026-06-16 19:16:37 | INFO | Successfully reset game ls20-9607627b, guid=0fa95f10-a638-4024-a739-c318ea7c84a2, scorecard_id=b7330f24-ec2f-4505-92cb-a8bc5eb021c0
   ⏳ Attente 2.0s...
   ✅ Jeu démarré avec succès
   ❌ Erreur tentative: unhashable type: 'WorldModelConsultation'
   ⚠️  Erreur fermeture env: 'RemoteEnvironmentWrapper' object has no attribute 'close'

================================================================================
TENTATIVE #13 - Temps écoulé: 38.3s / 60s
Temps restant: 21.7s
================================================================================

2026-06-16 19:16:39 | INFO | Created new scorecard: 6fc9a340-e621-40cf-832b-a1e64653f3f4
✅ Scorecard #13 créé: 6fc9a340-e621-40cf-832b-a1e64653f3f4
2026-06-16 19:16:40 | INFO | Successfully fetched metadata for game ls20
2026-06-16 19:16:40 | INFO | Recording to recordings/6fc9a340-e621-40cf-832b-a1e64653f3f4/ls20-9607627b-288903d1-f988-40af-86bf-a1bee2619bea.jsonl
2026-06-16 19:16:40 | INFO | Successfully reset game ls20-9607627b, guid=288903d1-f988-40af-86bf-a1bee2619bea, scorecard_id=6fc9a340-e621-40cf-832b-a1e64653f3f4
[MAGEN V40.3] Adaptateur initialisé pour ls20-9607627b
[MAGEN V40.3] Actions disponibles: 6
   🔄 RESET tentative 1/3...
2026-06-16 19:16:40 | INFO | Recording to recordings/6fc9a340-e621-40cf-832b-a1e64653f3f4/ls20-9607627b-288903d1-f988-40af-86bf-a1bee2619bea.jsonl
2026-06-16 19:16:40 | INFO | Successfully reset game ls20-9607627b, guid=288903d1-f988-40af-86bf-a1bee2619bea, scorecard_id=6fc9a340-e621-40cf-832b-a1e64653f3f4
   ⏳ Attente 2.0s...
   ✅ Jeu démarré avec succès
   ❌ Erreur tentative: unhashable type: 'WorldModelConsultation'
   ⚠️  Erreur fermeture env: 'RemoteEnvironmentWrapper' object has no attribute 'close'

================================================================================
TENTATIVE #14 - Temps écoulé: 41.7s / 60s
Temps restant: 18.3s
================================================================================

2026-06-16 19:16:43 | INFO | Created new scorecard: 7772d8c7-f29e-403a-bb17-77e8f64fab27
✅ Scorecard #14 créé: 7772d8c7-f29e-403a-bb17-77e8f64fab27
2026-06-16 19:16:43 | INFO | Successfully fetched metadata for game ls20
2026-06-16 19:16:43 | INFO | Recording to recordings/7772d8c7-f29e-403a-bb17-77e8f64fab27/ls20-9607627b-7abecc5c-6ad7-49ee-8826-9980e621f558.jsonl
2026-06-16 19:16:43 | INFO | Successfully reset game ls20-9607627b, guid=7abecc5c-6ad7-49ee-8826-9980e621f558, scorecard_id=7772d8c7-f29e-403a-bb17-77e8f64fab27
[MAGEN V40.3] Adaptateur initialisé pour ls20-9607627b
[MAGEN V40.3] Actions disponibles: 6
   🔄 RESET tentative 1/3...
2026-06-16 19:16:44 | INFO | Recording to recordings/7772d8c7-f29e-403a-bb17-77e8f64fab27/ls20-9607627b-7abecc5c-6ad7-49ee-8826-9980e621f558.jsonl
2026-06-16 19:16:44 | INFO | Successfully reset game ls20-9607627b, guid=7abecc5c-6ad7-49ee-8826-9980e621f558, scorecard_id=7772d8c7-f29e-403a-bb17-77e8f64fab27
   ⏳ Attente 2.0s...
   ✅ Jeu démarré avec succès
   ❌ Erreur tentative: unhashable type: 'WorldModelConsultation'
   ⚠️  Erreur fermeture env: 'RemoteEnvironmentWrapper' object has no attribute 'close'

================================================================================
TENTATIVE #15 - Temps écoulé: 44.9s / 60s
Temps restant: 15.1s
================================================================================

2026-06-16 19:16:46 | INFO | Created new scorecard: 8229a094-51ad-43c9-9065-9e86163d15b1
✅ Scorecard #15 créé: 8229a094-51ad-43c9-9065-9e86163d15b1
2026-06-16 19:16:46 | INFO | Successfully fetched metadata for game ls20
2026-06-16 19:16:46 | INFO | Recording to recordings/8229a094-51ad-43c9-9065-9e86163d15b1/ls20-9607627b-7e6c7aad-dace-4d9c-aee6-9ef794b23e58.jsonl
2026-06-16 19:16:46 | INFO | Successfully reset game ls20-9607627b, guid=7e6c7aad-dace-4d9c-aee6-9ef794b23e58, scorecard_id=8229a094-51ad-43c9-9065-9e86163d15b1
[MAGEN V40.3] Adaptateur initialisé pour ls20-9607627b
[MAGEN V40.3] Actions disponibles: 6
   🔄 RESET tentative 1/3...
2026-06-16 19:16:47 | INFO | Recording to recordings/8229a094-51ad-43c9-9065-9e86163d15b1/ls20-9607627b-7e6c7aad-dace-4d9c-aee6-9ef794b23e58.jsonl
2026-06-16 19:16:47 | INFO | Successfully reset game ls20-9607627b, guid=7e6c7aad-dace-4d9c-aee6-9ef794b23e58, scorecard_id=8229a094-51ad-43c9-9065-9e86163d15b1
   ⏳ Attente 2.0s...
   ✅ Jeu démarré avec succès
   ❌ Erreur tentative: unhashable type: 'WorldModelConsultation'
   ⚠️  Erreur fermeture env: 'RemoteEnvironmentWrapper' object has no attribute 'close'

================================================================================
TENTATIVE #16 - Temps écoulé: 47.9s / 60s
Temps restant: 12.1s
================================================================================

2026-06-16 19:16:49 | INFO | Created new scorecard: f3926632-f21c-411a-b78f-e67b37830aad
✅ Scorecard #16 créé: f3926632-f21c-411a-b78f-e67b37830aad
2026-06-16 19:16:49 | INFO | Successfully fetched metadata for game ls20
2026-06-16 19:16:49 | INFO | Recording to recordings/f3926632-f21c-411a-b78f-e67b37830aad/ls20-9607627b-dd0e1929-e643-4dbf-8622-68210a42d2a7.jsonl
2026-06-16 19:16:49 | INFO | Successfully reset game ls20-9607627b, guid=dd0e1929-e643-4dbf-8622-68210a42d2a7, scorecard_id=f3926632-f21c-411a-b78f-e67b37830aad
[MAGEN V40.3] Adaptateur initialisé pour ls20-9607627b
[MAGEN V40.3] Actions disponibles: 6
   🔄 RESET tentative 1/3...
2026-06-16 19:16:50 | INFO | Recording to recordings/f3926632-f21c-411a-b78f-e67b37830aad/ls20-9607627b-dd0e1929-e643-4dbf-8622-68210a42d2a7.jsonl
2026-06-16 19:16:50 | INFO | Successfully reset game ls20-9607627b, guid=dd0e1929-e643-4dbf-8622-68210a42d2a7, scorecard_id=f3926632-f21c-411a-b78f-e67b37830aad
   ⏳ Attente 2.0s...
   ✅ Jeu démarré avec succès
   ❌ Erreur tentative: unhashable type: 'WorldModelConsultation'
   ⚠️  Erreur fermeture env: 'RemoteEnvironmentWrapper' object has no attribute 'close'

================================================================================
TENTATIVE #17 - Temps écoulé: 51.1s / 60s
Temps restant: 8.9s
================================================================================

2026-06-16 19:16:52 | INFO | Created new scorecard: 3f87bf14-4470-490a-b1b8-d3be08602349
✅ Scorecard #17 créé: 3f87bf14-4470-490a-b1b8-d3be08602349
2026-06-16 19:16:52 | INFO | Successfully fetched metadata for game ls20
2026-06-16 19:16:53 | INFO | Recording to recordings/3f87bf14-4470-490a-b1b8-d3be08602349/ls20-9607627b-98bab727-426e-4658-a32c-618eeae4a194.jsonl
2026-06-16 19:16:53 | INFO | Successfully reset game ls20-9607627b, guid=98bab727-426e-4658-a32c-618eeae4a194, scorecard_id=3f87bf14-4470-490a-b1b8-d3be08602349
[MAGEN V40.3] Adaptateur initialisé pour ls20-9607627b
[MAGEN V40.3] Actions disponibles: 6
   🔄 RESET tentative 1/3...
2026-06-16 19:16:53 | INFO | Recording to recordings/3f87bf14-4470-490a-b1b8-d3be08602349/ls20-9607627b-98bab727-426e-4658-a32c-618eeae4a194.jsonl
2026-06-16 19:16:53 | INFO | Successfully reset game ls20-9607627b, guid=98bab727-426e-4658-a32c-618eeae4a194, scorecard_id=3f87bf14-4470-490a-b1b8-d3be08602349
   ⏳ Attente 2.0s...
   ✅ Jeu démarré avec succès
   ❌ Erreur tentative: unhashable type: 'WorldModelConsultation'
   ⚠️  Erreur fermeture env: 'RemoteEnvironmentWrapper' object has no attribute 'close'

================================================================================
TENTATIVE #18 - Temps écoulé: 54.4s / 60s
Temps restant: 5.6s
================================================================================

2026-06-16 19:16:55 | INFO | Created new scorecard: 42de865e-56ce-4ac5-baf9-1e9c48970e19
✅ Scorecard #18 créé: 42de865e-56ce-4ac5-baf9-1e9c48970e19
2026-06-16 19:16:55 | INFO | Successfully fetched metadata for game ls20
2026-06-16 19:16:56 | INFO | Recording to recordings/42de865e-56ce-4ac5-baf9-1e9c48970e19/ls20-9607627b-c80c48f8-3d44-46a1-ae96-9e268eccf86a.jsonl
2026-06-16 19:16:56 | INFO | Successfully reset game ls20-9607627b, guid=c80c48f8-3d44-46a1-ae96-9e268eccf86a, scorecard_id=42de865e-56ce-4ac5-baf9-1e9c48970e19
[MAGEN V40.3] Adaptateur initialisé pour ls20-9607627b
[MAGEN V40.3] Actions disponibles: 6
   🔄 RESET tentative 1/3...
2026-06-16 19:16:56 | INFO | Recording to recordings/42de865e-56ce-4ac5-baf9-1e9c48970e19/ls20-9607627b-c80c48f8-3d44-46a1-ae96-9e268eccf86a.jsonl
2026-06-16 19:16:56 | INFO | Successfully reset game ls20-9607627b, guid=c80c48f8-3d44-46a1-ae96-9e268eccf86a, scorecard_id=42de865e-56ce-4ac5-baf9-1e9c48970e19
   ⏳ Attente 2.0s...
   ✅ Jeu démarré avec succès
   ❌ Erreur tentative: unhashable type: 'WorldModelConsultation'
   ⚠️  Erreur fermeture env: 'RemoteEnvironmentWrapper' object has no attribute 'close'

================================================================================
TENTATIVE #19 - Temps écoulé: 57.4s / 60s
Temps restant: 2.6s
================================================================================

2026-06-16 19:16:59 | INFO | Created new scorecard: 8ca5c903-fff9-4149-8160-0b4eb7420dc3
✅ Scorecard #19 créé: 8ca5c903-fff9-4149-8160-0b4eb7420dc3
2026-06-16 19:16:59 | INFO | Successfully fetched metadata for game ls20
2026-06-16 19:16:59 | INFO | Recording to recordings/8ca5c903-fff9-4149-8160-0b4eb7420dc3/ls20-9607627b-dd759410-0a66-45e8-b3c3-8fc5300bf064.jsonl
2026-06-16 19:16:59 | INFO | Successfully reset game ls20-9607627b, guid=dd759410-0a66-45e8-b3c3-8fc5300bf064, scorecard_id=8ca5c903-fff9-4149-8160-0b4eb7420dc3
[MAGEN V40.3] Adaptateur initialisé pour ls20-9607627b
[MAGEN V40.3] Actions disponibles: 6
   🔄 RESET tentative 1/3...
2026-06-16 19:16:59 | INFO | Recording to recordings/8ca5c903-fff9-4149-8160-0b4eb7420dc3/ls20-9607627b-dd759410-0a66-45e8-b3c3-8fc5300bf064.jsonl
2026-06-16 19:16:59 | INFO | Successfully reset game ls20-9607627b, guid=dd759410-0a66-45e8-b3c3-8fc5300bf064, scorecard_id=8ca5c903-fff9-4149-8160-0b4eb7420dc3
   ⏳ Attente 2.0s...
   ✅ Jeu démarré avec succès
   ❌ Erreur tentative: unhashable type: 'WorldModelConsultation'
   ⚠️  Erreur fermeture env: 'RemoteEnvironmentWrapper' object has no attribute 'close'

================================================================================
RÉSUMÉ ENTRAÎNEMENT
================================================================================
Jeu: ls20-9607627b
Tentatives: 19
Temps total: 60.7s
Meilleur reward: 0.00
Niveau maximum atteint: 0
Jeu complété: ❌ NON
================================================================================

✅ Stats sauvegardées: /home/lvx/LVX/lumvorax2/src/MAGEN/results/training_ls20_20260616_191701.json
