
================================================================================
🎯 ENTRAÎNEMENT FOCALISÉ - JEU LS20 UNIQUEMENT
================================================================================
Jeu Cible: ls20-9607627b
Objectif: VICTOIRE en < 5 minutes
Monitoring: TEMPS RÉEL pour CHAQUE action
Timestamp: 2026-06-16T18:20:50.956118
================================================================================

✅ arc-agi importé
✅ MAGEN V40.3 modules chargés

================================================================================
CONNEXION API ARC-AGI-3
================================================================================

INFO:arc_agi.scorecard:Initialized ScorecardManager with idle_for=0:15:00 and max_open_for=3 days, 0:00:00
2026-06-16 18:20:53 | INFO | Successfully fetched 25 environment(s) from API
✅ Connexion API réussie

✅ Scorecard: ef6dfc87-2675-4c0f-abf1-9874ee02756e
   URL: https://arcprize.org/scorecards/ef6dfc87-2675-4c0f-abf1-9874ee02756e

================================================================================
ENTRAÎNEMENT EN LOOP - JEU ls20-9607627b
================================================================================


================================================================================
TENTATIVE #1 - Temps écoulé: 0.0s / 300s
Temps restant: 300.0s
================================================================================

2026-06-16 18:20:53 | INFO | Successfully fetched metadata for game ls20
2026-06-16 18:20:53 | ERROR | Failed to reset game ls20-9607627b: 400 Client Error: Bad Request for url: https://three.arcprize.org/api/cmd/RESET
Traceback (most recent call last):
  File "/home/lvx/.local/lib/python3.12/site-packages/arc_agi/remote_wrapper.py", line 108, in reset
    response.raise_for_status()
  File "/home/lvx/.local/lib/python3.12/site-packages/requests/models.py", line 1028, in raise_for_status
    raise HTTPError(http_error_msg, response=self)
requests.exceptions.HTTPError: 400 Client Error: Bad Request for url: https://three.arcprize.org/api/cmd/RESET
[MAGEN V40.3] Adaptateur initialisé pour ls20-9607627b
[MAGEN V40.3] Actions disponibles: 6
   🔄 RESET tentative 1/3...
2026-06-16 18:20:54 | ERROR | Failed to reset game ls20-9607627b: 400 Client Error: Bad Request for url: https://three.arcprize.org/api/cmd/RESET
Traceback (most recent call last):
  File "/home/lvx/.local/lib/python3.12/site-packages/arc_agi/remote_wrapper.py", line 108, in reset
    response.raise_for_status()
  File "/home/lvx/.local/lib/python3.12/site-packages/requests/models.py", line 1028, in raise_for_status
    raise HTTPError(http_error_msg, response=self)
requests.exceptions.HTTPError: 400 Client Error: Bad Request for url: https://three.arcprize.org/api/cmd/RESET
   ⏳ Attente 2.0s...
   🔄 RESET tentative 2/3...
2026-06-16 18:20:56 | ERROR | Failed to reset game ls20-9607627b: 400 Client Error: Bad Request for url: https://three.arcprize.org/api/cmd/RESET
Traceback (most recent call last):
  File "/home/lvx/.local/lib/python3.12/site-packages/arc_agi/remote_wrapper.py", line 108, in reset
    response.raise_for_status()
  File "/home/lvx/.local/lib/python3.12/site-packages/requests/models.py", line 1028, in raise_for_status
    raise HTTPError(http_error_msg, response=self)
requests.exceptions.HTTPError: 400 Client Error: Bad Request for url: https://three.arcprize.org/api/cmd/RESET
   ⏳ Attente 2.0s...
   🔄 RESET tentative 3/3...
2026-06-16 18:20:58 | ERROR | Failed to reset game ls20-9607627b: 400 Client Error: Bad Request for url: https://three.arcprize.org/api/cmd/RESET
Traceback (most recent call last):
  File "/home/lvx/.local/lib/python3.12/site-packages/arc_agi/remote_wrapper.py", line 108, in reset
    response.raise_for_status()
  File "/home/lvx/.local/lib/python3.12/site-packages/requests/models.py", line 1028, in raise_for_status
    raise HTTPError(http_error_msg, response=self)
requests.exceptions.HTTPError: 400 Client Error: Bad Request for url: https://three.arcprize.org/api/cmd/RESET
   ⏳ Attente 2.0s...
   ❌ Impossible de démarrer: Impossible de démarrer après 3 tentatives

================================================================================
TENTATIVE #2 - Temps écoulé: 7.8s / 300s
Temps restant: 292.2s
================================================================================

2026-06-16 18:21:01 | INFO | Successfully fetched metadata for game ls20
2026-06-16 18:21:01 | ERROR | Failed to reset game ls20-9607627b: 400 Client Error: Bad Request for url: https://three.arcprize.org/api/cmd/RESET
Traceback (most recent call last):
  File "/home/lvx/.local/lib/python3.12/site-packages/arc_agi/remote_wrapper.py", line 108, in reset
    response.raise_for_status()
  File "/home/lvx/.local/lib/python3.12/site-packages/requests/models.py", line 1028, in raise_for_status
    raise HTTPError(http_error_msg, response=self)
requests.exceptions.HTTPError: 400 Client Error: Bad Request for url: https://three.arcprize.org/api/cmd/RESET
[MAGEN V40.3] Adaptateur initialisé pour ls20-9607627b
[MAGEN V40.3] Actions disponibles: 6
   🔄 RESET tentative 1/3...
2026-06-16 18:21:02 | ERROR | Failed to reset game ls20-9607627b: 400 Client Error: Bad Request for url: https://three.arcprize.org/api/cmd/RESET
Traceback (most recent call last):
  File "/home/lvx/.local/lib/python3.12/site-packages/arc_agi/remote_wrapper.py", line 108, in reset
    response.raise_for_status()
  File "/home/lvx/.local/lib/python3.12/site-packages/requests/models.py", line 1028, in raise_for_status
    raise HTTPError(http_error_msg, response=self)
requests.exceptions.HTTPError: 400 Client Error: Bad Request for url: https://three.arcprize.org/api/cmd/RESET
   ⏳ Attente 2.0s...
   🔄 RESET tentative 2/3...
2026-06-16 18:21:04 | ERROR | Failed to reset game ls20-9607627b: 400 Client Error: Bad Request for url: https://three.arcprize.org/api/cmd/RESET
Traceback (most recent call last):
  File "/home/lvx/.local/lib/python3.12/site-packages/arc_agi/remote_wrapper.py", line 108, in reset
    response.raise_for_status()
  File "/home/lvx/.local/lib/python3.12/site-packages/requests/models.py", line 1028, in raise_for_status
    raise HTTPError(http_error_msg, response=self)
requests.exceptions.HTTPError: 400 Client Error: Bad Request for url: https://three.arcprize.org/api/cmd/RESET
   ⏳ Attente 2.0s...
   🔄 RESET tentative 3/3...
2026-06-16 18:21:06 | ERROR | Failed to reset game ls20-9607627b: 400 Client Error: Bad Request for url: https://three.arcprize.org/api/cmd/RESET
Traceback (most recent call last):
  File "/home/lvx/.local/lib/python3.12/site-packages/arc_agi/remote_wrapper.py", line 108, in reset
    response.raise_for_status()
  File "/home/lvx/.local/lib/python3.12/site-packages/requests/models.py", line 1028, in raise_for_status
    raise HTTPError(http_error_msg, response=self)
requests.exceptions.HTTPError: 400 Client Error: Bad Request for url: https://three.arcprize.org/api/cmd/RESET
   ⏳ Attente 2.0s...
   ❌ Impossible de démarrer: Impossible de démarrer après 3 tentatives

================================================================================
TENTATIVE #3 - Temps écoulé: 15.3s / 300s
Temps restant: 284.7s
================================================================================

2026-06-16 18:21:08 | INFO | Successfully fetched metadata for game ls20
2026-06-16 18:21:08 | ERROR | Failed to reset game ls20-9607627b: 400 Client Error: Bad Request for url: https://three.arcprize.org/api/cmd/RESET
Traceback (most recent call last):
  File "/home/lvx/.local/lib/python3.12/site-packages/arc_agi/remote_wrapper.py", line 108, in reset
    response.raise_for_status()
  File "/home/lvx/.local/lib/python3.12/site-packages/requests/models.py", line 1028, in raise_for_status
    raise HTTPError(http_error_msg, response=self)
requests.exceptions.HTTPError: 400 Client Error: Bad Request for url: https://three.arcprize.org/api/cmd/RESET
[MAGEN V40.3] Adaptateur initialisé pour ls20-9607627b
[MAGEN V40.3] Actions disponibles: 6
   🔄 RESET tentative 1/3...
2026-06-16 18:21:09 | ERROR | Failed to reset game ls20-9607627b: 400 Client Error: Bad Request for url: https://three.arcprize.org/api/cmd/RESET
Traceback (most recent call last):
  File "/home/lvx/.local/lib/python3.12/site-packages/arc_agi/remote_wrapper.py", line 108, in reset
    response.raise_for_status()
  File "/home/lvx/.local/lib/python3.12/site-packages/requests/models.py", line 1028, in raise_for_status
    raise HTTPError(http_error_msg, response=self)
requests.exceptions.HTTPError: 400 Client Error: Bad Request for url: https://three.arcprize.org/api/cmd/RESET
   ⏳ Attente 2.0s...
   🔄 RESET tentative 2/3...
2026-06-16 18:21:11 | ERROR | Failed to reset game ls20-9607627b: 400 Client Error: Bad Request for url: https://three.arcprize.org/api/cmd/RESET
Traceback (most recent call last):
  File "/home/lvx/.local/lib/python3.12/site-packages/arc_agi/remote_wrapper.py", line 108, in reset
    response.raise_for_status()
  File "/home/lvx/.local/lib/python3.12/site-packages/requests/models.py", line 1028, in raise_for_status
    raise HTTPError(http_error_msg, response=self)
requests.exceptions.HTTPError: 400 Client Error: Bad Request for url: https://three.arcprize.org/api/cmd/RESET
   ⏳ Attente 2.0s...
   🔄 RESET tentative 3/3...
2026-06-16 18:21:13 | ERROR | Failed to reset game ls20-9607627b: 400 Client Error: Bad Request for url: https://three.arcprize.org/api/cmd/RESET
Traceback (most recent call last):
  File "/home/lvx/.local/lib/python3.12/site-packages/arc_agi/remote_wrapper.py", line 108, in reset
    response.raise_for_status()
  File "/home/lvx/.local/lib/python3.12/site-packages/requests/models.py", line 1028, in raise_for_status
    raise HTTPError(http_error_msg, response=self)
requests.exceptions.HTTPError: 400 Client Error: Bad Request for url: https://three.arcprize.org/api/cmd/RESET
   ⏳ Attente 2.0s...
   ❌ Impossible de démarrer: Impossible de démarrer après 3 tentatives

================================================================================
TENTATIVE #4 - Temps écoulé: 22.9s / 300s
Temps restant: 277.1s
================================================================================

2026-06-16 18:21:16 | INFO | Successfully fetched metadata for game ls20
2026-06-16 18:21:16 | ERROR | Failed to reset game ls20-9607627b: 400 Client Error: Bad Request for url: https://three.arcprize.org/api/cmd/RESET
Traceback (most recent call last):
  File "/home/lvx/.local/lib/python3.12/site-packages/arc_agi/remote_wrapper.py", line 108, in reset
    response.raise_for_status()
  File "/home/lvx/.local/lib/python3.12/site-packages/requests/models.py", line 1028, in raise_for_status
    raise HTTPError(http_error_msg, response=self)
requests.exceptions.HTTPError: 400 Client Error: Bad Request for url: https://three.arcprize.org/api/cmd/RESET
[MAGEN V40.3] Adaptateur initialisé pour ls20-9607627b
[MAGEN V40.3] Actions disponibles: 6
   🔄 RESET tentative 1/3...
2026-06-16 18:21:17 | ERROR | Failed to reset game ls20-9607627b: 400 Client Error: Bad Request for url: https://three.arcprize.org/api/cmd/RESET
Traceback (most recent call last):
  File "/home/lvx/.local/lib/python3.12/site-packages/arc_agi/remote_wrapper.py", line 108, in reset
    response.raise_for_status()
  File "/home/lvx/.local/lib/python3.12/site-packages/requests/models.py", line 1028, in raise_for_status
    raise HTTPError(http_error_msg, response=self)
requests.exceptions.HTTPError: 400 Client Error: Bad Request for url: https://three.arcprize.org/api/cmd/RESET
   ⏳ Attente 2.0s...
   🔄 RESET tentative 2/3...
2026-06-16 18:21:19 | ERROR | Failed to reset game ls20-9607627b: 400 Client Error: Bad Request for url: https://three.arcprize.org/api/cmd/RESET
Traceback (most recent call last):
  File "/home/lvx/.local/lib/python3.12/site-packages/arc_agi/remote_wrapper.py", line 108, in reset
    response.raise_for_status()
  File "/home/lvx/.local/lib/python3.12/site-packages/requests/models.py", line 1028, in raise_for_status
    raise HTTPError(http_error_msg, response=self)
requests.exceptions.HTTPError: 400 Client Error: Bad Request for url: https://three.arcprize.org/api/cmd/RESET
   ⏳ Attente 2.0s...
   🔄 RESET tentative 3/3...
2026-06-16 18:21:21 | ERROR | Failed to reset game ls20-9607627b: 400 Client Error: Bad Request for url: https://three.arcprize.org/api/cmd/RESET
Traceback (most recent call last):
  File "/home/lvx/.local/lib/python3.12/site-packages/arc_agi/remote_wrapper.py", line 108, in reset
    response.raise_for_status()
  File "/home/lvx/.local/lib/python3.12/site-packages/requests/models.py", line 1028, in raise_for_status
    raise HTTPError(http_error_msg, response=self)
requests.exceptions.HTTPError: 400 Client Error: Bad Request for url: https://three.arcprize.org/api/cmd/RESET
   ⏳ Attente 2.0s...
   ❌ Impossible de démarrer: Impossible de démarrer après 3 tentatives

================================================================================
TENTATIVE #5 - Temps écoulé: 30.5s / 300s
Temps restant: 269.5s
================================================================================

2026-06-16 18:21:23 | INFO | Successfully fetched metadata for game ls20
2026-06-16 18:21:24 | ERROR | Failed to reset game ls20-9607627b: 400 Client Error: Bad Request for url: https://three.arcprize.org/api/cmd/RESET
Traceback (most recent call last):
  File "/home/lvx/.local/lib/python3.12/site-packages/arc_agi/remote_wrapper.py", line 108, in reset
    response.raise_for_status()
  File "/home/lvx/.local/lib/python3.12/site-packages/requests/models.py", line 1028, in raise_for_status
    raise HTTPError(http_error_msg, response=self)
requests.exceptions.HTTPError: 400 Client Error: Bad Request for url: https://three.arcprize.org/api/cmd/RESET
[MAGEN V40.3] Adaptateur initialisé pour ls20-9607627b
[MAGEN V40.3] Actions disponibles: 6
   🔄 RESET tentative 1/3...
2026-06-16 18:21:24 | ERROR | Failed to reset game ls20-9607627b: 400 Client Error: Bad Request for url: https://three.arcprize.org/api/cmd/RESET
Traceback (most recent call last):
  File "/home/lvx/.local/lib/python3.12/site-packages/arc_agi/remote_wrapper.py", line 108, in reset
    response.raise_for_status()
  File "/home/lvx/.local/lib/python3.12/site-packages/requests/models.py", line 1028, in raise_for_status
    raise HTTPError(http_error_msg, response=self)
requests.exceptions.HTTPError: 400 Client Error: Bad Request for url: https://three.arcprize.org/api/cmd/RESET
   ⏳ Attente 2.0s...
   🔄 RESET tentative 2/3...
2026-06-16 18:21:26 | ERROR | Failed to reset game ls20-9607627b: 400 Client Error: Bad Request for url: https://three.arcprize.org/api/cmd/RESET
Traceback (most recent call last):
  File "/home/lvx/.local/lib/python3.12/site-packages/arc_agi/remote_wrapper.py", line 108, in reset
    response.raise_for_status()
  File "/home/lvx/.local/lib/python3.12/site-packages/requests/models.py", line 1028, in raise_for_status
    raise HTTPError(http_error_msg, response=self)
requests.exceptions.HTTPError: 400 Client Error: Bad Request for url: https://three.arcprize.org/api/cmd/RESET
   ⏳ Attente 2.0s...
   🔄 RESET tentative 3/3...
2026-06-16 18:21:29 | ERROR | Failed to reset game ls20-9607627b: 400 Client Error: Bad Request for url: https://three.arcprize.org/api/cmd/RESET
Traceback (most recent call last):
  File "/home/lvx/.local/lib/python3.12/site-packages/arc_agi/remote_wrapper.py", line 108, in reset
    response.raise_for_status()
  File "/home/lvx/.local/lib/python3.12/site-packages/requests/models.py", line 1028, in raise_for_status
    raise HTTPError(http_error_msg, response=self)
requests.exceptions.HTTPError: 400 Client Error: Bad Request for url: https://three.arcprize.org/api/cmd/RESET
   ⏳ Attente 2.0s...
   ❌ Impossible de démarrer: Impossible de démarrer après 3 tentatives

================================================================================
TENTATIVE #6 - Temps écoulé: 38.0s / 300s
Temps restant: 262.0s
================================================================================

2026-06-16 18:21:31 | INFO | Successfully fetched metadata for game ls20
2026-06-16 18:21:32 | ERROR | Failed to reset game ls20-9607627b: 400 Client Error: Bad Request for url: https://three.arcprize.org/api/cmd/RESET
Traceback (most recent call last):
  File "/home/lvx/.local/lib/python3.12/site-packages/arc_agi/remote_wrapper.py", line 108, in reset
    response.raise_for_status()
  File "/home/lvx/.local/lib/python3.12/site-packages/requests/models.py", line 1028, in raise_for_status
    raise HTTPError(http_error_msg, response=self)
requests.exceptions.HTTPError: 400 Client Error: Bad Request for url: https://three.arcprize.org/api/cmd/RESET
[MAGEN V40.3] Adaptateur initialisé pour ls20-9607627b
[MAGEN V40.3] Actions disponibles: 6
   🔄 RESET tentative 1/3...
2026-06-16 18:21:32 | ERROR | Failed to reset game ls20-9607627b: 400 Client Error: Bad Request for url: https://three.arcprize.org/api/cmd/RESET
Traceback (most recent call last):
  File "/home/lvx/.local/lib/python3.12/site-packages/arc_agi/remote_wrapper.py", line 108, in reset
    response.raise_for_status()
  File "/home/lvx/.local/lib/python3.12/site-packages/requests/models.py", line 1028, in raise_for_status
    raise HTTPError(http_error_msg, response=self)
requests.exceptions.HTTPError: 400 Client Error: Bad Request for url: https://three.arcprize.org/api/cmd/RESET
   ⏳ Attente 2.0s...
   🔄 RESET tentative 2/3...
2026-06-16 18:21:34 | ERROR | Failed to reset game ls20-9607627b: 400 Client Error: Bad Request for url: https://three.arcprize.org/api/cmd/RESET
Traceback (most recent call last):
  File "/home/lvx/.local/lib/python3.12/site-packages/arc_agi/remote_wrapper.py", line 108, in reset
    response.raise_for_status()
  File "/home/lvx/.local/lib/python3.12/site-packages/requests/models.py", line 1028, in raise_for_status
    raise HTTPError(http_error_msg, response=self)
requests.exceptions.HTTPError: 400 Client Error: Bad Request for url: https://three.arcprize.org/api/cmd/RESET
   ⏳ Attente 2.0s...
   🔄 RESET tentative 3/3...
2026-06-16 18:21:36 | ERROR | Failed to reset game ls20-9607627b: 400 Client Error: Bad Request for url: https://three.arcprize.org/api/cmd/RESET
Traceback (most recent call last):
  File "/home/lvx/.local/lib/python3.12/site-packages/arc_agi/remote_wrapper.py", line 108, in reset
    response.raise_for_status()
  File "/home/lvx/.local/lib/python3.12/site-packages/requests/models.py", line 1028, in raise_for_status
    raise HTTPError(http_error_msg, response=self)
requests.exceptions.HTTPError: 400 Client Error: Bad Request for url: https://three.arcprize.org/api/cmd/RESET
   ⏳ Attente 2.0s...
   ❌ Impossible de démarrer: Impossible de démarrer après 3 tentatives

================================================================================
TENTATIVE #7 - Temps écoulé: 46.0s / 300s
Temps restant: 254.0s
================================================================================

2026-06-16 18:21:39 | INFO | Successfully fetched metadata for game ls20
2026-06-16 18:21:39 | ERROR | Failed to reset game ls20-9607627b: 400 Client Error: Bad Request for url: https://three.arcprize.org/api/cmd/RESET
Traceback (most recent call last):
  File "/home/lvx/.local/lib/python3.12/site-packages/arc_agi/remote_wrapper.py", line 108, in reset
    response.raise_for_status()
  File "/home/lvx/.local/lib/python3.12/site-packages/requests/models.py", line 1028, in raise_for_status
    raise HTTPError(http_error_msg, response=self)
requests.exceptions.HTTPError: 400 Client Error: Bad Request for url: https://three.arcprize.org/api/cmd/RESET
[MAGEN V40.3] Adaptateur initialisé pour ls20-9607627b
[MAGEN V40.3] Actions disponibles: 6
   🔄 RESET tentative 1/3...
2026-06-16 18:21:39 | ERROR | Failed to reset game ls20-9607627b: 400 Client Error: Bad Request for url: https://three.arcprize.org/api/cmd/RESET
Traceback (most recent call last):
  File "/home/lvx/.local/lib/python3.12/site-packages/arc_agi/remote_wrapper.py", line 108, in reset
    response.raise_for_status()
  File "/home/lvx/.local/lib/python3.12/site-packages/requests/models.py", line 1028, in raise_for_status
    raise HTTPError(http_error_msg, response=self)
requests.exceptions.HTTPError: 400 Client Error: Bad Request for url: https://three.arcprize.org/api/cmd/RESET
   ⏳ Attente 2.0s...
   🔄 RESET tentative 2/3...
2026-06-16 18:21:42 | ERROR | Failed to reset game ls20-9607627b: 400 Client Error: Bad Request for url: https://three.arcprize.org/api/cmd/RESET
Traceback (most recent call last):
  File "/home/lvx/.local/lib/python3.12/site-packages/arc_agi/remote_wrapper.py", line 108, in reset
    response.raise_for_status()
  File "/home/lvx/.local/lib/python3.12/site-packages/requests/models.py", line 1028, in raise_for_status
    raise HTTPError(http_error_msg, response=self)
requests.exceptions.HTTPError: 400 Client Error: Bad Request for url: https://three.arcprize.org/api/cmd/RESET
   ⏳ Attente 2.0s...
   🔄 RESET tentative 3/3...
2026-06-16 18:21:44 | ERROR | Failed to reset game ls20-9607627b: 400 Client Error: Bad Request for url: https://three.arcprize.org/api/cmd/RESET
Traceback (most recent call last):
  File "/home/lvx/.local/lib/python3.12/site-packages/arc_agi/remote_wrapper.py", line 108, in reset
    response.raise_for_status()
  File "/home/lvx/.local/lib/python3.12/site-packages/requests/models.py", line 1028, in raise_for_status
    raise HTTPError(http_error_msg, response=self)
requests.exceptions.HTTPError: 400 Client Error: Bad Request for url: https://three.arcprize.org/api/cmd/RESET
   ⏳ Attente 2.0s...
   ❌ Impossible de démarrer: Impossible de démarrer après 3 tentatives

================================================================================
TENTATIVE #8 - Temps écoulé: 53.5s / 300s
Temps restant: 246.5s
================================================================================

2026-06-16 18:21:47 | INFO | Successfully fetched metadata for game ls20
2026-06-16 18:21:47 | ERROR | Failed to reset game ls20-9607627b: 400 Client Error: Bad Request for url: https://three.arcprize.org/api/cmd/RESET
Traceback (most recent call last):
  File "/home/lvx/.local/lib/python3.12/site-packages/arc_agi/remote_wrapper.py", line 108, in reset
    response.raise_for_status()
  File "/home/lvx/.local/lib/python3.12/site-packages/requests/models.py", line 1028, in raise_for_status
    raise HTTPError(http_error_msg, response=self)
requests.exceptions.HTTPError: 400 Client Error: Bad Request for url: https://three.arcprize.org/api/cmd/RESET
[MAGEN V40.3] Adaptateur initialisé pour ls20-9607627b
[MAGEN V40.3] Actions disponibles: 6
   🔄 RESET tentative 1/3...
2026-06-16 18:21:48 | ERROR | Failed to reset game ls20-9607627b: 400 Client Error: Bad Request for url: https://three.arcprize.org/api/cmd/RESET
Traceback (most recent call last):
  File "/home/lvx/.local/lib/python3.12/site-packages/arc_agi/remote_wrapper.py", line 108, in reset
    response.raise_for_status()
  File "/home/lvx/.local/lib/python3.12/site-packages/requests/models.py", line 1028, in raise_for_status
    raise HTTPError(http_error_msg, response=self)
requests.exceptions.HTTPError: 400 Client Error: Bad Request for url: https://three.arcprize.org/api/cmd/RESET
   ⏳ Attente 2.0s...
   🔄 RESET tentative 2/3...
2026-06-16 18:21:50 | ERROR | Failed to reset game ls20-9607627b: 400 Client Error: Bad Request for url: https://three.arcprize.org/api/cmd/RESET
Traceback (most recent call last):
  File "/home/lvx/.local/lib/python3.12/site-packages/arc_agi/remote_wrapper.py", line 108, in reset
    response.raise_for_status()
  File "/home/lvx/.local/lib/python3.12/site-packages/requests/models.py", line 1028, in raise_for_status
    raise HTTPError(http_error_msg, response=self)
requests.exceptions.HTTPError: 400 Client Error: Bad Request for url: https://three.arcprize.org/api/cmd/RESET
   ⏳ Attente 2.0s...
   🔄 RESET tentative 3/3...
2026-06-16 18:21:52 | ERROR | Failed to reset game ls20-9607627b: 400 Client Error: Bad Request for url: https://three.arcprize.org/api/cmd/RESET
Traceback (most recent call last):
  File "/home/lvx/.local/lib/python3.12/site-packages/arc_agi/remote_wrapper.py", line 108, in reset
    response.raise_for_status()
  File "/home/lvx/.local/lib/python3.12/site-packages/requests/models.py", line 1028, in raise_for_status
    raise HTTPError(http_error_msg, response=self)
requests.exceptions.HTTPError: 400 Client Error: Bad Request for url: https://three.arcprize.org/api/cmd/RESET
   ⏳ Attente 2.0s...
   ❌ Impossible de démarrer: Impossible de démarrer après 3 tentatives

================================================================================
TENTATIVE #9 - Temps écoulé: 61.3s / 300s
Temps restant: 238.7s
================================================================================

2026-06-16 18:21:54 | INFO | Successfully fetched metadata for game ls20
2026-06-16 18:21:55 | ERROR | Failed to reset game ls20-9607627b: 400 Client Error: Bad Request for url: https://three.arcprize.org/api/cmd/RESET
Traceback (most recent call last):
  File "/home/lvx/.local/lib/python3.12/site-packages/arc_agi/remote_wrapper.py", line 108, in reset
    response.raise_for_status()
  File "/home/lvx/.local/lib/python3.12/site-packages/requests/models.py", line 1028, in raise_for_status
    raise HTTPError(http_error_msg, response=self)
requests.exceptions.HTTPError: 400 Client Error: Bad Request for url: https://three.arcprize.org/api/cmd/RESET
[MAGEN V40.3] Adaptateur initialisé pour ls20-9607627b
[MAGEN V40.3] Actions disponibles: 6
   🔄 RESET tentative 1/3...
2026-06-16 18:21:55 | ERROR | Failed to reset game ls20-9607627b: 400 Client Error: Bad Request for url: https://three.arcprize.org/api/cmd/RESET
Traceback (most recent call last):
  File "/home/lvx/.local/lib/python3.12/site-packages/arc_agi/remote_wrapper.py", line 108, in reset
    response.raise_for_status()
  File "/home/lvx/.local/lib/python3.12/site-packages/requests/models.py", line 1028, in raise_for_status
    raise HTTPError(http_error_msg, response=self)
requests.exceptions.HTTPError: 400 Client Error: Bad Request for url: https://three.arcprize.org/api/cmd/RESET
   ⏳ Attente 2.0s...
   🔄 RESET tentative 2/3...
2026-06-16 18:21:57 | ERROR | Failed to reset game ls20-9607627b: 400 Client Error: Bad Request for url: https://three.arcprize.org/api/cmd/RESET
Traceback (most recent call last):
  File "/home/lvx/.local/lib/python3.12/site-packages/arc_agi/remote_wrapper.py", line 108, in reset
    response.raise_for_status()
  File "/home/lvx/.local/lib/python3.12/site-packages/requests/models.py", line 1028, in raise_for_status
    raise HTTPError(http_error_msg, response=self)
requests.exceptions.HTTPError: 400 Client Error: Bad Request for url: https://three.arcprize.org/api/cmd/RESET
   ⏳ Attente 2.0s...
   🔄 RESET tentative 3/3...
2026-06-16 18:21:59 | ERROR | Failed to reset game ls20-9607627b: 400 Client Error: Bad Request for url: https://three.arcprize.org/api/cmd/RESET
Traceback (most recent call last):
  File "/home/lvx/.local/lib/python3.12/site-packages/arc_agi/remote_wrapper.py", line 108, in reset
    response.raise_for_status()
  File "/home/lvx/.local/lib/python3.12/site-packages/requests/models.py", line 1028, in raise_for_status
    raise HTTPError(http_error_msg, response=self)
requests.exceptions.HTTPError: 400 Client Error: Bad Request for url: https://three.arcprize.org/api/cmd/RESET
   ⏳ Attente 2.0s...
   ❌ Impossible de démarrer: Impossible de démarrer après 3 tentatives

================================================================================
TENTATIVE #10 - Temps écoulé: 69.0s / 300s
Temps restant: 231.0s
================================================================================

2026-06-16 18:22:02 | INFO | Successfully fetched metadata for game ls20
2026-06-16 18:22:03 | ERROR | Failed to reset game ls20-9607627b: 400 Client Error: Bad Request for url: https://three.arcprize.org/api/cmd/RESET
Traceback (most recent call last):
  File "/home/lvx/.local/lib/python3.12/site-packages/arc_agi/remote_wrapper.py", line 108, in reset
    response.raise_for_status()
  File "/home/lvx/.local/lib/python3.12/site-packages/requests/models.py", line 1028, in raise_for_status
    raise HTTPError(http_error_msg, response=self)
requests.exceptions.HTTPError: 400 Client Error: Bad Request for url: https://three.arcprize.org/api/cmd/RESET
[MAGEN V40.3] Adaptateur initialisé pour ls20-9607627b
[MAGEN V40.3] Actions disponibles: 6
   🔄 RESET tentative 1/3...
2026-06-16 18:22:03 | ERROR | Failed to reset game ls20-9607627b: 400 Client Error: Bad Request for url: https://three.arcprize.org/api/cmd/RESET
Traceback (most recent call last):
  File "/home/lvx/.local/lib/python3.12/site-packages/arc_agi/remote_wrapper.py", line 108, in reset
    response.raise_for_status()
  File "/home/lvx/.local/lib/python3.12/site-packages/requests/models.py", line 1028, in raise_for_status
    raise HTTPError(http_error_msg, response=self)
requests.exceptions.HTTPError: 400 Client Error: Bad Request for url: https://three.arcprize.org/api/cmd/RESET
   ⏳ Attente 2.0s...
   🔄 RESET tentative 2/3...
2026-06-16 18:22:05 | ERROR | Failed to reset game ls20-9607627b: 400 Client Error: Bad Request for url: https://three.arcprize.org/api/cmd/RESET
Traceback (most recent call last):
  File "/home/lvx/.local/lib/python3.12/site-packages/arc_agi/remote_wrapper.py", line 108, in reset
    response.raise_for_status()
  File "/home/lvx/.local/lib/python3.12/site-packages/requests/models.py", line 1028, in raise_for_status
    raise HTTPError(http_error_msg, response=self)
requests.exceptions.HTTPError: 400 Client Error: Bad Request for url: https://three.arcprize.org/api/cmd/RESET
   ⏳ Attente 2.0s...
   🔄 RESET tentative 3/3...
2026-06-16 18:22:07 | ERROR | Failed to reset game ls20-9607627b: 400 Client Error: Bad Request for url: https://three.arcprize.org/api/cmd/RESET
Traceback (most recent call last):
  File "/home/lvx/.local/lib/python3.12/site-packages/arc_agi/remote_wrapper.py", line 108, in reset
    response.raise_for_status()
  File "/home/lvx/.local/lib/python3.12/site-packages/requests/models.py", line 1028, in raise_for_status
    raise HTTPError(http_error_msg, response=self)
requests.exceptions.HTTPError: 400 Client Error: Bad Request for url: https://three.arcprize.org/api/cmd/RESET
   ⏳ Attente 2.0s...
   ❌ Impossible de démarrer: Impossible de démarrer après 3 tentatives

================================================================================
TENTATIVE #11 - Temps écoulé: 76.8s / 300s
Temps restant: 223.2s
================================================================================

2026-06-16 18:22:10 | INFO | Successfully fetched metadata for game ls20
2026-06-16 18:22:10 | ERROR | Failed to reset game ls20-9607627b: 400 Client Error: Bad Request for url: https://three.arcprize.org/api/cmd/RESET
Traceback (most recent call last):
  File "/home/lvx/.local/lib/python3.12/site-packages/arc_agi/remote_wrapper.py", line 108, in reset
    response.raise_for_status()
  File "/home/lvx/.local/lib/python3.12/site-packages/requests/models.py", line 1028, in raise_for_status
    raise HTTPError(http_error_msg, response=self)
requests.exceptions.HTTPError: 400 Client Error: Bad Request for url: https://three.arcprize.org/api/cmd/RESET
[MAGEN V40.3] Adaptateur initialisé pour ls20-9607627b
[MAGEN V40.3] Actions disponibles: 6
   🔄 RESET tentative 1/3...
2026-06-16 18:22:11 | ERROR | Failed to reset game ls20-9607627b: 400 Client Error: Bad Request for url: https://three.arcprize.org/api/cmd/RESET
Traceback (most recent call last):
  File "/home/lvx/.local/lib/python3.12/site-packages/arc_agi/remote_wrapper.py", line 108, in reset
    response.raise_for_status()
  File "/home/lvx/.local/lib/python3.12/site-packages/requests/models.py", line 1028, in raise_for_status
    raise HTTPError(http_error_msg, response=self)
requests.exceptions.HTTPError: 400 Client Error: Bad Request for url: https://three.arcprize.org/api/cmd/RESET
   ⏳ Attente 2.0s...
   🔄 RESET tentative 2/3...
2026-06-16 18:22:13 | ERROR | Failed to reset game ls20-9607627b: 400 Client Error: Bad Request for url: https://three.arcprize.org/api/cmd/RESET
Traceback (most recent call last):
  File "/home/lvx/.local/lib/python3.12/site-packages/arc_agi/remote_wrapper.py", line 108, in reset
    response.raise_for_status()
  File "/home/lvx/.local/lib/python3.12/site-packages/requests/models.py", line 1028, in raise_for_status
    raise HTTPError(http_error_msg, response=self)
requests.exceptions.HTTPError: 400 Client Error: Bad Request for url: https://three.arcprize.org/api/cmd/RESET
   ⏳ Attente 2.0s...
   🔄 RESET tentative 3/3...
2026-06-16 18:22:15 | ERROR | Failed to reset game ls20-9607627b: 400 Client Error: Bad Request for url: https://three.arcprize.org/api/cmd/RESET
Traceback (most recent call last):
  File "/home/lvx/.local/lib/python3.12/site-packages/arc_agi/remote_wrapper.py", line 108, in reset
    response.raise_for_status()
  File "/home/lvx/.local/lib/python3.12/site-packages/requests/models.py", line 1028, in raise_for_status
    raise HTTPError(http_error_msg, response=self)
requests.exceptions.HTTPError: 400 Client Error: Bad Request for url: https://three.arcprize.org/api/cmd/RESET
   ⏳ Attente 2.0s...
   ❌ Impossible de démarrer: Impossible de démarrer après 3 tentatives

================================================================================
TENTATIVE #12 - Temps écoulé: 84.6s / 300s
Temps restant: 215.4s
================================================================================

2026-06-16 18:22:18 | INFO | Successfully fetched metadata for game ls20
2026-06-16 18:22:18 | ERROR | Failed to reset game ls20-9607627b: 400 Client Error: Bad Request for url: https://three.arcprize.org/api/cmd/RESET
Traceback (most recent call last):
  File "/home/lvx/.local/lib/python3.12/site-packages/arc_agi/remote_wrapper.py", line 108, in reset
    response.raise_for_status()
  File "/home/lvx/.local/lib/python3.12/site-packages/requests/models.py", line 1028, in raise_for_status
    raise HTTPError(http_error_msg, response=self)
requests.exceptions.HTTPError: 400 Client Error: Bad Request for url: https://three.arcprize.org/api/cmd/RESET
[MAGEN V40.3] Adaptateur initialisé pour ls20-9607627b
[MAGEN V40.3] Actions disponibles: 6
   🔄 RESET tentative 1/3...
2026-06-16 18:22:18 | ERROR | Failed to reset game ls20-9607627b: 400 Client Error: Bad Request for url: https://three.arcprize.org/api/cmd/RESET
Traceback (most recent call last):
  File "/home/lvx/.local/lib/python3.12/site-packages/arc_agi/remote_wrapper.py", line 108, in reset
    response.raise_for_status()
  File "/home/lvx/.local/lib/python3.12/site-packages/requests/models.py", line 1028, in raise_for_status
    raise HTTPError(http_error_msg, response=self)
requests.exceptions.HTTPError: 400 Client Error: Bad Request for url: https://three.arcprize.org/api/cmd/RESET
   ⏳ Attente 2.0s...
   🔄 RESET tentative 2/3...
2026-06-16 18:22:21 | ERROR | Failed to reset game ls20-9607627b: 400 Client Error: Bad Request for url: https://three.arcprize.org/api/cmd/RESET
Traceback (most recent call last):
  File "/home/lvx/.local/lib/python3.12/site-packages/arc_agi/remote_wrapper.py", line 108, in reset
    response.raise_for_status()
  File "/home/lvx/.local/lib/python3.12/site-packages/requests/models.py", line 1028, in raise_for_status
    raise HTTPError(http_error_msg, response=self)
requests.exceptions.HTTPError: 400 Client Error: Bad Request for url: https://three.arcprize.org/api/cmd/RESET
   ⏳ Attente 2.0s...
   🔄 RESET tentative 3/3...
2026-06-16 18:22:23 | ERROR | Failed to reset game ls20-9607627b: 400 Client Error: Bad Request for url: https://three.arcprize.org/api/cmd/RESET
Traceback (most recent call last):
  File "/home/lvx/.local/lib/python3.12/site-packages/arc_agi/remote_wrapper.py", line 108, in reset
    response.raise_for_status()
  File "/home/lvx/.local/lib/python3.12/site-packages/requests/models.py", line 1028, in raise_for_status
    raise HTTPError(http_error_msg, response=self)
requests.exceptions.HTTPError: 400 Client Error: Bad Request for url: https://three.arcprize.org/api/cmd/RESET
   ⏳ Attente 2.0s...
   ❌ Impossible de démarrer: Impossible de démarrer après 3 tentatives

================================================================================
TENTATIVE #13 - Temps écoulé: 92.4s / 300s
Temps restant: 207.6s
================================================================================

2026-06-16 18:22:25 | INFO | Successfully fetched metadata for game ls20
2026-06-16 18:22:26 | ERROR | Failed to reset game ls20-9607627b: 400 Client Error: Bad Request for url: https://three.arcprize.org/api/cmd/RESET
Traceback (most recent call last):
  File "/home/lvx/.local/lib/python3.12/site-packages/arc_agi/remote_wrapper.py", line 108, in reset
    response.raise_for_status()
  File "/home/lvx/.local/lib/python3.12/site-packages/requests/models.py", line 1028, in raise_for_status
    raise HTTPError(http_error_msg, response=self)
requests.exceptions.HTTPError: 400 Client Error: Bad Request for url: https://three.arcprize.org/api/cmd/RESET
[MAGEN V40.3] Adaptateur initialisé pour ls20-9607627b
[MAGEN V40.3] Actions disponibles: 6
   🔄 RESET tentative 1/3...
2026-06-16 18:22:26 | ERROR | Failed to reset game ls20-9607627b: 400 Client Error: Bad Request for url: https://three.arcprize.org/api/cmd/RESET
Traceback (most recent call last):
  File "/home/lvx/.local/lib/python3.12/site-packages/arc_agi/remote_wrapper.py", line 108, in reset
    response.raise_for_status()
  File "/home/lvx/.local/lib/python3.12/site-packages/requests/models.py", line 1028, in raise_for_status
    raise HTTPError(http_error_msg, response=self)
requests.exceptions.HTTPError: 400 Client Error: Bad Request for url: https://three.arcprize.org/api/cmd/RESET
   ⏳ Attente 2.0s...
   🔄 RESET tentative 2/3...
2026-06-16 18:22:28 | ERROR | Failed to reset game ls20-9607627b: 400 Client Error: Bad Request for url: https://three.arcprize.org/api/cmd/RESET
Traceback (most recent call last):
  File "/home/lvx/.local/lib/python3.12/site-packages/arc_agi/remote_wrapper.py", line 108, in reset
    response.raise_for_status()
  File "/home/lvx/.local/lib/python3.12/site-packages/requests/models.py", line 1028, in raise_for_status
    raise HTTPError(http_error_msg, response=self)
requests.exceptions.HTTPError: 400 Client Error: Bad Request for url: https://three.arcprize.org/api/cmd/RESET
   ⏳ Attente 2.0s...
   🔄 RESET tentative 3/3...
2026-06-16 18:22:30 | ERROR | Failed to reset game ls20-9607627b: 400 Client Error: Bad Request for url: https://three.arcprize.org/api/cmd/RESET
Traceback (most recent call last):
  File "/home/lvx/.local/lib/python3.12/site-packages/arc_agi/remote_wrapper.py", line 108, in reset
    response.raise_for_status()
  File "/home/lvx/.local/lib/python3.12/site-packages/requests/models.py", line 1028, in raise_for_status
    raise HTTPError(http_error_msg, response=self)
requests.exceptions.HTTPError: 400 Client Error: Bad Request for url: https://three.arcprize.org/api/cmd/RESET
   ⏳ Attente 2.0s...
   ❌ Impossible de démarrer: Impossible de démarrer après 3 tentatives

================================================================================
TENTATIVE #14 - Temps écoulé: 99.9s / 300s
Temps restant: 200.1s
================================================================================

2026-06-16 18:22:33 | INFO | Successfully fetched metadata for game ls20
2026-06-16 18:22:34 | ERROR | Failed to reset game ls20-9607627b: 400 Client Error: Bad Request for url: https://three.arcprize.org/api/cmd/RESET
Traceback (most recent call last):
  File "/home/lvx/.local/lib/python3.12/site-packages/arc_agi/remote_wrapper.py", line 108, in reset
    response.raise_for_status()
  File "/home/lvx/.local/lib/python3.12/site-packages/requests/models.py", line 1028, in raise_for_status
    raise HTTPError(http_error_msg, response=self)
requests.exceptions.HTTPError: 400 Client Error: Bad Request for url: https://three.arcprize.org/api/cmd/RESET
[MAGEN V40.3] Adaptateur initialisé pour ls20-9607627b
[MAGEN V40.3] Actions disponibles: 6
   🔄 RESET tentative 1/3...
2026-06-16 18:22:34 | ERROR | Failed to reset game ls20-9607627b: 400 Client Error: Bad Request for url: https://three.arcprize.org/api/cmd/RESET
Traceback (most recent call last):
  File "/home/lvx/.local/lib/python3.12/site-packages/arc_agi/remote_wrapper.py", line 108, in reset
    response.raise_for_status()
  File "/home/lvx/.local/lib/python3.12/site-packages/requests/models.py", line 1028, in raise_for_status
    raise HTTPError(http_error_msg, response=self)
requests.exceptions.HTTPError: 400 Client Error: Bad Request for url: https://three.arcprize.org/api/cmd/RESET
   ⏳ Attente 2.0s...
   🔄 RESET tentative 2/3...
2026-06-16 18:22:36 | ERROR | Failed to reset game ls20-9607627b: 400 Client Error: Bad Request for url: https://three.arcprize.org/api/cmd/RESET
Traceback (most recent call last):
  File "/home/lvx/.local/lib/python3.12/site-packages/arc_agi/remote_wrapper.py", line 108, in reset
    response.raise_for_status()
  File "/home/lvx/.local/lib/python3.12/site-packages/requests/models.py", line 1028, in raise_for_status
    raise HTTPError(http_error_msg, response=self)
requests.exceptions.HTTPError: 400 Client Error: Bad Request for url: https://three.arcprize.org/api/cmd/RESET
   ⏳ Attente 2.0s...
   🔄 RESET tentative 3/3...
2026-06-16 18:22:38 | ERROR | Failed to reset game ls20-9607627b: 400 Client Error: Bad Request for url: https://three.arcprize.org/api/cmd/RESET
Traceback (most recent call last):
  File "/home/lvx/.local/lib/python3.12/site-packages/arc_agi/remote_wrapper.py", line 108, in reset
    response.raise_for_status()
  File "/home/lvx/.local/lib/python3.12/site-packages/requests/models.py", line 1028, in raise_for_status
    raise HTTPError(http_error_msg, response=self)
requests.exceptions.HTTPError: 400 Client Error: Bad Request for url: https://three.arcprize.org/api/cmd/RESET
   ⏳ Attente 2.0s...
   ❌ Impossible de démarrer: Impossible de démarrer après 3 tentatives

================================================================================
TENTATIVE #15 - Temps écoulé: 107.7s / 300s
Temps restant: 192.3s
================================================================================

2026-06-16 18:22:41 | INFO | Successfully fetched metadata for game ls20
2026-06-16 18:22:41 | ERROR | Failed to reset game ls20-9607627b: 400 Client Error: Bad Request for url: https://three.arcprize.org/api/cmd/RESET
Traceback (most recent call last):
  File "/home/lvx/.local/lib/python3.12/site-packages/arc_agi/remote_wrapper.py", line 108, in reset
    response.raise_for_status()
  File "/home/lvx/.local/lib/python3.12/site-packages/requests/models.py", line 1028, in raise_for_status
    raise HTTPError(http_error_msg, response=self)
requests.exceptions.HTTPError: 400 Client Error: Bad Request for url: https://three.arcprize.org/api/cmd/RESET
[MAGEN V40.3] Adaptateur initialisé pour ls20-9607627b
[MAGEN V40.3] Actions disponibles: 6
   🔄 RESET tentative 1/3...
2026-06-16 18:22:41 | ERROR | Failed to reset game ls20-9607627b: 400 Client Error: Bad Request for url: https://three.arcprize.org/api/cmd/RESET
Traceback (most recent call last):
  File "/home/lvx/.local/lib/python3.12/site-packages/arc_agi/remote_wrapper.py", line 108, in reset
    response.raise_for_status()
  File "/home/lvx/.local/lib/python3.12/site-packages/requests/models.py", line 1028, in raise_for_status
    raise HTTPError(http_error_msg, response=self)
requests.exceptions.HTTPError: 400 Client Error: Bad Request for url: https://three.arcprize.org/api/cmd/RESET
   ⏳ Attente 2.0s...
   🔄 RESET tentative 2/3...
2026-06-16 18:22:44 | ERROR | Failed to reset game ls20-9607627b: 400 Client Error: Bad Request for url: https://three.arcprize.org/api/cmd/RESET
Traceback (most recent call last):
  File "/home/lvx/.local/lib/python3.12/site-packages/arc_agi/remote_wrapper.py", line 108, in reset
    response.raise_for_status()
  File "/home/lvx/.local/lib/python3.12/site-packages/requests/models.py", line 1028, in raise_for_status
    raise HTTPError(http_error_msg, response=self)
requests.exceptions.HTTPError: 400 Client Error: Bad Request for url: https://three.arcprize.org/api/cmd/RESET
   ⏳ Attente 2.0s...
   🔄 RESET tentative 3/3...
2026-06-16 18:22:46 | ERROR | Failed to reset game ls20-9607627b: 400 Client Error: Bad Request for url: https://three.arcprize.org/api/cmd/RESET
Traceback (most recent call last):
  File "/home/lvx/.local/lib/python3.12/site-packages/arc_agi/remote_wrapper.py", line 108, in reset
    response.raise_for_status()
  File "/home/lvx/.local/lib/python3.12/site-packages/requests/models.py", line 1028, in raise_for_status
    raise HTTPError(http_error_msg, response=self)
requests.exceptions.HTTPError: 400 Client Error: Bad Request for url: https://three.arcprize.org/api/cmd/RESET
   ⏳ Attente 2.0s...
   ❌ Impossible de démarrer: Impossible de démarrer après 3 tentatives

================================================================================
TENTATIVE #16 - Temps écoulé: 115.5s / 300s
Temps restant: 184.5s
================================================================================

2026-06-16 18:22:49 | INFO | Successfully fetched metadata for game ls20
2026-06-16 18:22:49 | ERROR | Failed to reset game ls20-9607627b: 400 Client Error: Bad Request for url: https://three.arcprize.org/api/cmd/RESET
Traceback (most recent call last):
  File "/home/lvx/.local/lib/python3.12/site-packages/arc_agi/remote_wrapper.py", line 108, in reset
    response.raise_for_status()
  File "/home/lvx/.local/lib/python3.12/site-packages/requests/models.py", line 1028, in raise_for_status
    raise HTTPError(http_error_msg, response=self)
requests.exceptions.HTTPError: 400 Client Error: Bad Request for url: https://three.arcprize.org/api/cmd/RESET
[MAGEN V40.3] Adaptateur initialisé pour ls20-9607627b
[MAGEN V40.3] Actions disponibles: 6
   🔄 RESET tentative 1/3...
2026-06-16 18:22:49 | ERROR | Failed to reset game ls20-9607627b: 400 Client Error: Bad Request for url: https://three.arcprize.org/api/cmd/RESET
Traceback (most recent call last):
  File "/home/lvx/.local/lib/python3.12/site-packages/arc_agi/remote_wrapper.py", line 108, in reset
    response.raise_for_status()
  File "/home/lvx/.local/lib/python3.12/site-packages/requests/models.py", line 1028, in raise_for_status
    raise HTTPError(http_error_msg, response=self)
requests.exceptions.HTTPError: 400 Client Error: Bad Request for url: https://three.arcprize.org/api/cmd/RESET
   ⏳ Attente 2.0s...
   🔄 RESET tentative 2/3...
2026-06-16 18:22:52 | ERROR | Failed to reset game ls20-9607627b: 400 Client Error: Bad Request for url: https://three.arcprize.org/api/cmd/RESET
Traceback (most recent call last):
  File "/home/lvx/.local/lib/python3.12/site-packages/arc_agi/remote_wrapper.py", line 108, in reset
    response.raise_for_status()
  File "/home/lvx/.local/lib/python3.12/site-packages/requests/models.py", line 1028, in raise_for_status
    raise HTTPError(http_error_msg, response=self)
requests.exceptions.HTTPError: 400 Client Error: Bad Request for url: https://three.arcprize.org/api/cmd/RESET
   ⏳ Attente 2.0s...
   🔄 RESET tentative 3/3...
2026-06-16 18:22:54 | ERROR | Failed to reset game ls20-9607627b: 400 Client Error: Bad Request for url: https://three.arcprize.org/api/cmd/RESET
Traceback (most recent call last):
  File "/home/lvx/.local/lib/python3.12/site-packages/arc_agi/remote_wrapper.py", line 108, in reset
    response.raise_for_status()
  File "/home/lvx/.local/lib/python3.12/site-packages/requests/models.py", line 1028, in raise_for_status
    raise HTTPError(http_error_msg, response=self)
requests.exceptions.HTTPError: 400 Client Error: Bad Request for url: https://three.arcprize.org/api/cmd/RESET
   ⏳ Attente 2.0s...
   ❌ Impossible de démarrer: Impossible de démarrer après 3 tentatives

================================================================================
TENTATIVE #17 - Temps écoulé: 123.2s / 300s
Temps restant: 176.8s
================================================================================

2026-06-16 18:22:56 | INFO | Successfully fetched metadata for game ls20
2026-06-16 18:22:57 | ERROR | Failed to reset game ls20-9607627b: 400 Client Error: Bad Request for url: https://three.arcprize.org/api/cmd/RESET
Traceback (most recent call last):
  File "/home/lvx/.local/lib/python3.12/site-packages/arc_agi/remote_wrapper.py", line 108, in reset
    response.raise_for_status()
  File "/home/lvx/.local/lib/python3.12/site-packages/requests/models.py", line 1028, in raise_for_status
    raise HTTPError(http_error_msg, response=self)
requests.exceptions.HTTPError: 400 Client Error: Bad Request for url: https://three.arcprize.org/api/cmd/RESET
[MAGEN V40.3] Adaptateur initialisé pour ls20-9607627b
[MAGEN V40.3] Actions disponibles: 6
   🔄 RESET tentative 1/3...
2026-06-16 18:22:57 | ERROR | Failed to reset game ls20-9607627b: 400 Client Error: Bad Request for url: https://three.arcprize.org/api/cmd/RESET
Traceback (most recent call last):
  File "/home/lvx/.local/lib/python3.12/site-packages/arc_agi/remote_wrapper.py", line 108, in reset
    response.raise_for_status()
  File "/home/lvx/.local/lib/python3.12/site-packages/requests/models.py", line 1028, in raise_for_status
    raise HTTPError(http_error_msg, response=self)
requests.exceptions.HTTPError: 400 Client Error: Bad Request for url: https://three.arcprize.org/api/cmd/RESET
   ⏳ Attente 2.0s...
   🔄 RESET tentative 2/3...
2026-06-16 18:22:59 | ERROR | Failed to reset game ls20-9607627b: 400 Client Error: Bad Request for url: https://three.arcprize.org/api/cmd/RESET
Traceback (most recent call last):
  File "/home/lvx/.local/lib/python3.12/site-packages/arc_agi/remote_wrapper.py", line 108, in reset
    response.raise_for_status()
  File "/home/lvx/.local/lib/python3.12/site-packages/requests/models.py", line 1028, in raise_for_status
    raise HTTPError(http_error_msg, response=self)
requests.exceptions.HTTPError: 400 Client Error: Bad Request for url: https://three.arcprize.org/api/cmd/RESET
   ⏳ Attente 2.0s...
   🔄 RESET tentative 3/3...
2026-06-16 18:23:01 | ERROR | Failed to reset game ls20-9607627b: 400 Client Error: Bad Request for url: https://three.arcprize.org/api/cmd/RESET
Traceback (most recent call last):
  File "/home/lvx/.local/lib/python3.12/site-packages/arc_agi/remote_wrapper.py", line 108, in reset
    response.raise_for_status()
  File "/home/lvx/.local/lib/python3.12/site-packages/requests/models.py", line 1028, in raise_for_status
    raise HTTPError(http_error_msg, response=self)
requests.exceptions.HTTPError: 400 Client Error: Bad Request for url: https://three.arcprize.org/api/cmd/RESET
   ⏳ Attente 2.0s...
   ❌ Impossible de démarrer: Impossible de démarrer après 3 tentatives

================================================================================
TENTATIVE #18 - Temps écoulé: 130.7s / 300s
Temps restant: 169.3s
================================================================================

2026-06-16 18:23:04 | INFO | Successfully fetched metadata for game ls20
2026-06-16 18:23:04 | ERROR | Failed to reset game ls20-9607627b: 400 Client Error: Bad Request for url: https://three.arcprize.org/api/cmd/RESET
Traceback (most recent call last):
  File "/home/lvx/.local/lib/python3.12/site-packages/arc_agi/remote_wrapper.py", line 108, in reset
    response.raise_for_status()
  File "/home/lvx/.local/lib/python3.12/site-packages/requests/models.py", line 1028, in raise_for_status
    raise HTTPError(http_error_msg, response=self)
requests.exceptions.HTTPError: 400 Client Error: Bad Request for url: https://three.arcprize.org/api/cmd/RESET
[MAGEN V40.3] Adaptateur initialisé pour ls20-9607627b
[MAGEN V40.3] Actions disponibles: 6
   🔄 RESET tentative 1/3...
2026-06-16 18:23:04 | ERROR | Failed to reset game ls20-9607627b: 400 Client Error: Bad Request for url: https://three.arcprize.org/api/cmd/RESET
Traceback (most recent call last):
  File "/home/lvx/.local/lib/python3.12/site-packages/arc_agi/remote_wrapper.py", line 108, in reset
    response.raise_for_status()
  File "/home/lvx/.local/lib/python3.12/site-packages/requests/models.py", line 1028, in raise_for_status
    raise HTTPError(http_error_msg, response=self)
requests.exceptions.HTTPError: 400 Client Error: Bad Request for url: https://three.arcprize.org/api/cmd/RESET
   ⏳ Attente 2.0s...
   🔄 RESET tentative 2/3...
2026-06-16 18:23:07 | ERROR | Failed to reset game ls20-9607627b: 400 Client Error: Bad Request for url: https://three.arcprize.org/api/cmd/RESET
Traceback (most recent call last):
  File "/home/lvx/.local/lib/python3.12/site-packages/arc_agi/remote_wrapper.py", line 108, in reset
    response.raise_for_status()
  File "/home/lvx/.local/lib/python3.12/site-packages/requests/models.py", line 1028, in raise_for_status
    raise HTTPError(http_error_msg, response=self)
requests.exceptions.HTTPError: 400 Client Error: Bad Request for url: https://three.arcprize.org/api/cmd/RESET
   ⏳ Attente 2.0s...
   🔄 RESET tentative 3/3...
2026-06-16 18:23:09 | ERROR | Failed to reset game ls20-9607627b: 400 Client Error: Bad Request for url: https://three.arcprize.org/api/cmd/RESET
Traceback (most recent call last):
  File "/home/lvx/.local/lib/python3.12/site-packages/arc_agi/remote_wrapper.py", line 108, in reset
    response.raise_for_status()
  File "/home/lvx/.local/lib/python3.12/site-packages/requests/models.py", line 1028, in raise_for_status
    raise HTTPError(http_error_msg, response=self)
requests.exceptions.HTTPError: 400 Client Error: Bad Request for url: https://three.arcprize.org/api/cmd/RESET
   ⏳ Attente 2.0s...
   ❌ Impossible de démarrer: Impossible de démarrer après 3 tentatives

================================================================================
TENTATIVE #19 - Temps écoulé: 138.2s / 300s
Temps restant: 161.8s
================================================================================

2026-06-16 18:23:11 | INFO | Successfully fetched metadata for game ls20
2026-06-16 18:23:11 | ERROR | Failed to reset game ls20-9607627b: 400 Client Error: Bad Request for url: https://three.arcprize.org/api/cmd/RESET
Traceback (most recent call last):
  File "/home/lvx/.local/lib/python3.12/site-packages/arc_agi/remote_wrapper.py", line 108, in reset
    response.raise_for_status()
  File "/home/lvx/.local/lib/python3.12/site-packages/requests/models.py", line 1028, in raise_for_status
    raise HTTPError(http_error_msg, response=self)
requests.exceptions.HTTPError: 400 Client Error: Bad Request for url: https://three.arcprize.org/api/cmd/RESET
[MAGEN V40.3] Adaptateur initialisé pour ls20-9607627b
[MAGEN V40.3] Actions disponibles: 6
   🔄 RESET tentative 1/3...
2026-06-16 18:23:12 | ERROR | Failed to reset game ls20-9607627b: 400 Client Error: Bad Request for url: https://three.arcprize.org/api/cmd/RESET
Traceback (most recent call last):
  File "/home/lvx/.local/lib/python3.12/site-packages/arc_agi/remote_wrapper.py", line 108, in reset
    response.raise_for_status()
  File "/home/lvx/.local/lib/python3.12/site-packages/requests/models.py", line 1028, in raise_for_status
    raise HTTPError(http_error_msg, response=self)
requests.exceptions.HTTPError: 400 Client Error: Bad Request for url: https://three.arcprize.org/api/cmd/RESET
   ⏳ Attente 2.0s...
   🔄 RESET tentative 2/3...
2026-06-16 18:23:14 | ERROR | Failed to reset game ls20-9607627b: 400 Client Error: Bad Request for url: https://three.arcprize.org/api/cmd/RESET
Traceback (most recent call last):
  File "/home/lvx/.local/lib/python3.12/site-packages/arc_agi/remote_wrapper.py", line 108, in reset
    response.raise_for_status()
  File "/home/lvx/.local/lib/python3.12/site-packages/requests/models.py", line 1028, in raise_for_status
    raise HTTPError(http_error_msg, response=self)
requests.exceptions.HTTPError: 400 Client Error: Bad Request for url: https://three.arcprize.org/api/cmd/RESET
   ⏳ Attente 2.0s...
   🔄 RESET tentative 3/3...
2026-06-16 18:23:16 | ERROR | Failed to reset game ls20-9607627b: 400 Client Error: Bad Request for url: https://three.arcprize.org/api/cmd/RESET
Traceback (most recent call last):
  File "/home/lvx/.local/lib/python3.12/site-packages/arc_agi/remote_wrapper.py", line 108, in reset
    response.raise_for_status()
  File "/home/lvx/.local/lib/python3.12/site-packages/requests/models.py", line 1028, in raise_for_status
    raise HTTPError(http_error_msg, response=self)
requests.exceptions.HTTPError: 400 Client Error: Bad Request for url: https://three.arcprize.org/api/cmd/RESET
   ⏳ Attente 2.0s...
   ❌ Impossible de démarrer: Impossible de démarrer après 3 tentatives

================================================================================
TENTATIVE #20 - Temps écoulé: 145.6s / 300s
Temps restant: 154.4s
================================================================================

2026-06-16 18:23:18 | INFO | Successfully fetched metadata for game ls20
2026-06-16 18:23:19 | ERROR | Failed to reset game ls20-9607627b: 400 Client Error: Bad Request for url: https://three.arcprize.org/api/cmd/RESET
Traceback (most recent call last):
  File "/home/lvx/.local/lib/python3.12/site-packages/arc_agi/remote_wrapper.py", line 108, in reset
    response.raise_for_status()
  File "/home/lvx/.local/lib/python3.12/site-packages/requests/models.py", line 1028, in raise_for_status
    raise HTTPError(http_error_msg, response=self)
requests.exceptions.HTTPError: 400 Client Error: Bad Request for url: https://three.arcprize.org/api/cmd/RESET
[MAGEN V40.3] Adaptateur initialisé pour ls20-9607627b
[MAGEN V40.3] Actions disponibles: 6
   🔄 RESET tentative 1/3...
2026-06-16 18:23:19 | ERROR | Failed to reset game ls20-9607627b: 400 Client Error: Bad Request for url: https://three.arcprize.org/api/cmd/RESET
Traceback (most recent call last):
  File "/home/lvx/.local/lib/python3.12/site-packages/arc_agi/remote_wrapper.py", line 108, in reset
    response.raise_for_status()
  File "/home/lvx/.local/lib/python3.12/site-packages/requests/models.py", line 1028, in raise_for_status
    raise HTTPError(http_error_msg, response=self)
requests.exceptions.HTTPError: 400 Client Error: Bad Request for url: https://three.arcprize.org/api/cmd/RESET
   ⏳ Attente 2.0s...
   🔄 RESET tentative 2/3...
2026-06-16 18:23:21 | ERROR | Failed to reset game ls20-9607627b: 400 Client Error: Bad Request for url: https://three.arcprize.org/api/cmd/RESET
Traceback (most recent call last):
  File "/home/lvx/.local/lib/python3.12/site-packages/arc_agi/remote_wrapper.py", line 108, in reset
    response.raise_for_status()
  File "/home/lvx/.local/lib/python3.12/site-packages/requests/models.py", line 1028, in raise_for_status
    raise HTTPError(http_error_msg, response=self)
requests.exceptions.HTTPError: 400 Client Error: Bad Request for url: https://three.arcprize.org/api/cmd/RESET
   ⏳ Attente 2.0s...
   🔄 RESET tentative 3/3...
2026-06-16 18:23:24 | ERROR | Failed to reset game ls20-9607627b: 400 Client Error: Bad Request for url: https://three.arcprize.org/api/cmd/RESET
Traceback (most recent call last):
  File "/home/lvx/.local/lib/python3.12/site-packages/arc_agi/remote_wrapper.py", line 108, in reset
    response.raise_for_status()
  File "/home/lvx/.local/lib/python3.12/site-packages/requests/models.py", line 1028, in raise_for_status
    raise HTTPError(http_error_msg, response=self)
requests.exceptions.HTTPError: 400 Client Error: Bad Request for url: https://three.arcprize.org/api/cmd/RESET
   ⏳ Attente 2.0s...
   ❌ Impossible de démarrer: Impossible de démarrer après 3 tentatives

================================================================================
TENTATIVE #21 - Temps écoulé: 153.3s / 300s
Temps restant: 146.7s
================================================================================

2026-06-16 18:23:26 | INFO | Successfully fetched metadata for game ls20
2026-06-16 18:23:26 | ERROR | Failed to reset game ls20-9607627b: 400 Client Error: Bad Request for url: https://three.arcprize.org/api/cmd/RESET
Traceback (most recent call last):
  File "/home/lvx/.local/lib/python3.12/site-packages/arc_agi/remote_wrapper.py", line 108, in reset
    response.raise_for_status()
  File "/home/lvx/.local/lib/python3.12/site-packages/requests/models.py", line 1028, in raise_for_status
    raise HTTPError(http_error_msg, response=self)
requests.exceptions.HTTPError: 400 Client Error: Bad Request for url: https://three.arcprize.org/api/cmd/RESET
[MAGEN V40.3] Adaptateur initialisé pour ls20-9607627b
[MAGEN V40.3] Actions disponibles: 6
   🔄 RESET tentative 1/3...
2026-06-16 18:23:27 | ERROR | Failed to reset game ls20-9607627b: 400 Client Error: Bad Request for url: https://three.arcprize.org/api/cmd/RESET
Traceback (most recent call last):
  File "/home/lvx/.local/lib/python3.12/site-packages/arc_agi/remote_wrapper.py", line 108, in reset
    response.raise_for_status()
  File "/home/lvx/.local/lib/python3.12/site-packages/requests/models.py", line 1028, in raise_for_status
    raise HTTPError(http_error_msg, response=self)
requests.exceptions.HTTPError: 400 Client Error: Bad Request for url: https://three.arcprize.org/api/cmd/RESET
   ⏳ Attente 2.0s...
   🔄 RESET tentative 2/3...
2026-06-16 18:23:29 | ERROR | Failed to reset game ls20-9607627b: 400 Client Error: Bad Request for url: https://three.arcprize.org/api/cmd/RESET
Traceback (most recent call last):
  File "/home/lvx/.local/lib/python3.12/site-packages/arc_agi/remote_wrapper.py", line 108, in reset
    response.raise_for_status()
  File "/home/lvx/.local/lib/python3.12/site-packages/requests/models.py", line 1028, in raise_for_status
    raise HTTPError(http_error_msg, response=self)
requests.exceptions.HTTPError: 400 Client Error: Bad Request for url: https://three.arcprize.org/api/cmd/RESET
   ⏳ Attente 2.0s...
   🔄 RESET tentative 3/3...
2026-06-16 18:23:31 | ERROR | Failed to reset game ls20-9607627b: 400 Client Error: Bad Request for url: https://three.arcprize.org/api/cmd/RESET
Traceback (most recent call last):
  File "/home/lvx/.local/lib/python3.12/site-packages/arc_agi/remote_wrapper.py", line 108, in reset
    response.raise_for_status()
  File "/home/lvx/.local/lib/python3.12/site-packages/requests/models.py", line 1028, in raise_for_status
    raise HTTPError(http_error_msg, response=self)
requests.exceptions.HTTPError: 400 Client Error: Bad Request for url: https://three.arcprize.org/api/cmd/RESET
   ⏳ Attente 2.0s...
   ❌ Impossible de démarrer: Impossible de démarrer après 3 tentatives

================================================================================
TENTATIVE #22 - Temps écoulé: 160.7s / 300s
Temps restant: 139.3s
================================================================================

2026-06-16 18:23:33 | INFO | Successfully fetched metadata for game ls20
2026-06-16 18:23:34 | ERROR | Failed to reset game ls20-9607627b: 400 Client Error: Bad Request for url: https://three.arcprize.org/api/cmd/RESET
Traceback (most recent call last):
  File "/home/lvx/.local/lib/python3.12/site-packages/arc_agi/remote_wrapper.py", line 108, in reset
    response.raise_for_status()
  File "/home/lvx/.local/lib/python3.12/site-packages/requests/models.py", line 1028, in raise_for_status
    raise HTTPError(http_error_msg, response=self)
requests.exceptions.HTTPError: 400 Client Error: Bad Request for url: https://three.arcprize.org/api/cmd/RESET
[MAGEN V40.3] Adaptateur initialisé pour ls20-9607627b
[MAGEN V40.3] Actions disponibles: 6
   🔄 RESET tentative 1/3...
2026-06-16 18:23:34 | ERROR | Failed to reset game ls20-9607627b: 400 Client Error: Bad Request for url: https://three.arcprize.org/api/cmd/RESET
Traceback (most recent call last):
  File "/home/lvx/.local/lib/python3.12/site-packages/arc_agi/remote_wrapper.py", line 108, in reset
    response.raise_for_status()
  File "/home/lvx/.local/lib/python3.12/site-packages/requests/models.py", line 1028, in raise_for_status
    raise HTTPError(http_error_msg, response=self)
requests.exceptions.HTTPError: 400 Client Error: Bad Request for url: https://three.arcprize.org/api/cmd/RESET
   ⏳ Attente 2.0s...
   🔄 RESET tentative 2/3...
2026-06-16 18:23:36 | ERROR | Failed to reset game ls20-9607627b: 400 Client Error: Bad Request for url: https://three.arcprize.org/api/cmd/RESET
Traceback (most recent call last):
  File "/home/lvx/.local/lib/python3.12/site-packages/arc_agi/remote_wrapper.py", line 108, in reset
    response.raise_for_status()
  File "/home/lvx/.local/lib/python3.12/site-packages/requests/models.py", line 1028, in raise_for_status
    raise HTTPError(http_error_msg, response=self)
requests.exceptions.HTTPError: 400 Client Error: Bad Request for url: https://three.arcprize.org/api/cmd/RESET
   ⏳ Attente 2.0s...
   🔄 RESET tentative 3/3...
2026-06-16 18:23:39 | ERROR | Failed to reset game ls20-9607627b: 400 Client Error: Bad Request for url: https://three.arcprize.org/api/cmd/RESET
Traceback (most recent call last):
  File "/home/lvx/.local/lib/python3.12/site-packages/arc_agi/remote_wrapper.py", line 108, in reset
    response.raise_for_status()
  File "/home/lvx/.local/lib/python3.12/site-packages/requests/models.py", line 1028, in raise_for_status
    raise HTTPError(http_error_msg, response=self)
requests.exceptions.HTTPError: 400 Client Error: Bad Request for url: https://three.arcprize.org/api/cmd/RESET
   ⏳ Attente 2.0s...
   ❌ Impossible de démarrer: Impossible de démarrer après 3 tentatives

================================================================================
TENTATIVE #23 - Temps écoulé: 168.3s / 300s
Temps restant: 131.7s
================================================================================

2026-06-16 18:23:41 | INFO | Successfully fetched metadata for game ls20
2026-06-16 18:23:42 | ERROR | Failed to reset game ls20-9607627b: 400 Client Error: Bad Request for url: https://three.arcprize.org/api/cmd/RESET
Traceback (most recent call last):
  File "/home/lvx/.local/lib/python3.12/site-packages/arc_agi/remote_wrapper.py", line 108, in reset
    response.raise_for_status()
  File "/home/lvx/.local/lib/python3.12/site-packages/requests/models.py", line 1028, in raise_for_status
    raise HTTPError(http_error_msg, response=self)
requests.exceptions.HTTPError: 400 Client Error: Bad Request for url: https://three.arcprize.org/api/cmd/RESET
[MAGEN V40.3] Adaptateur initialisé pour ls20-9607627b
[MAGEN V40.3] Actions disponibles: 6
   🔄 RESET tentative 1/3...
2026-06-16 18:23:42 | ERROR | Failed to reset game ls20-9607627b: 400 Client Error: Bad Request for url: https://three.arcprize.org/api/cmd/RESET
Traceback (most recent call last):
  File "/home/lvx/.local/lib/python3.12/site-packages/arc_agi/remote_wrapper.py", line 108, in reset
    response.raise_for_status()
  File "/home/lvx/.local/lib/python3.12/site-packages/requests/models.py", line 1028, in raise_for_status
    raise HTTPError(http_error_msg, response=self)
requests.exceptions.HTTPError: 400 Client Error: Bad Request for url: https://three.arcprize.org/api/cmd/RESET
   ⏳ Attente 2.0s...
   🔄 RESET tentative 2/3...
2026-06-16 18:23:44 | ERROR | Failed to reset game ls20-9607627b: 400 Client Error: Bad Request for url: https://three.arcprize.org/api/cmd/RESET
Traceback (most recent call last):
  File "/home/lvx/.local/lib/python3.12/site-packages/arc_agi/remote_wrapper.py", line 108, in reset
    response.raise_for_status()
  File "/home/lvx/.local/lib/python3.12/site-packages/requests/models.py", line 1028, in raise_for_status
    raise HTTPError(http_error_msg, response=self)
requests.exceptions.HTTPError: 400 Client Error: Bad Request for url: https://three.arcprize.org/api/cmd/RESET
   ⏳ Attente 2.0s...
   🔄 RESET tentative 3/3...
2026-06-16 18:23:47 | ERROR | Failed to reset game ls20-9607627b: 400 Client Error: Bad Request for url: https://three.arcprize.org/api/cmd/RESET
Traceback (most recent call last):
  File "/home/lvx/.local/lib/python3.12/site-packages/arc_agi/remote_wrapper.py", line 108, in reset
    response.raise_for_status()
  File "/home/lvx/.local/lib/python3.12/site-packages/requests/models.py", line 1028, in raise_for_status
    raise HTTPError(http_error_msg, response=self)
requests.exceptions.HTTPError: 400 Client Error: Bad Request for url: https://three.arcprize.org/api/cmd/RESET
   ⏳ Attente 2.0s...
   ❌ Impossible de démarrer: Impossible de démarrer après 3 tentatives

================================================================================
TENTATIVE #24 - Temps écoulé: 176.0s / 300s
Temps restant: 124.0s
================================================================================

2026-06-16 18:23:49 | INFO | Successfully fetched metadata for game ls20
2026-06-16 18:23:50 | ERROR | Failed to reset game ls20-9607627b: 400 Client Error: Bad Request for url: https://three.arcprize.org/api/cmd/RESET
Traceback (most recent call last):
  File "/home/lvx/.local/lib/python3.12/site-packages/arc_agi/remote_wrapper.py", line 108, in reset
    response.raise_for_status()
  File "/home/lvx/.local/lib/python3.12/site-packages/requests/models.py", line 1028, in raise_for_status
    raise HTTPError(http_error_msg, response=self)
requests.exceptions.HTTPError: 400 Client Error: Bad Request for url: https://three.arcprize.org/api/cmd/RESET
[MAGEN V40.3] Adaptateur initialisé pour ls20-9607627b
[MAGEN V40.3] Actions disponibles: 6
   🔄 RESET tentative 1/3...
2026-06-16 18:23:50 | ERROR | Failed to reset game ls20-9607627b: 400 Client Error: Bad Request for url: https://three.arcprize.org/api/cmd/RESET
Traceback (most recent call last):
  File "/home/lvx/.local/lib/python3.12/site-packages/arc_agi/remote_wrapper.py", line 108, in reset
    response.raise_for_status()
  File "/home/lvx/.local/lib/python3.12/site-packages/requests/models.py", line 1028, in raise_for_status
    raise HTTPError(http_error_msg, response=self)
requests.exceptions.HTTPError: 400 Client Error: Bad Request for url: https://three.arcprize.org/api/cmd/RESET
   ⏳ Attente 2.0s...
   🔄 RESET tentative 2/3...
2026-06-16 18:23:52 | ERROR | Failed to reset game ls20-9607627b: 400 Client Error: Bad Request for url: https://three.arcprize.org/api/cmd/RESET
Traceback (most recent call last):
  File "/home/lvx/.local/lib/python3.12/site-packages/arc_agi/remote_wrapper.py", line 108, in reset
    response.raise_for_status()
  File "/home/lvx/.local/lib/python3.12/site-packages/requests/models.py", line 1028, in raise_for_status
    raise HTTPError(http_error_msg, response=self)
requests.exceptions.HTTPError: 400 Client Error: Bad Request for url: https://three.arcprize.org/api/cmd/RESET
   ⏳ Attente 2.0s...
   🔄 RESET tentative 3/3...
2026-06-16 18:23:54 | ERROR | Failed to reset game ls20-9607627b: 400 Client Error: Bad Request for url: https://three.arcprize.org/api/cmd/RESET
Traceback (most recent call last):
  File "/home/lvx/.local/lib/python3.12/site-packages/arc_agi/remote_wrapper.py", line 108, in reset
    response.raise_for_status()
  File "/home/lvx/.local/lib/python3.12/site-packages/requests/models.py", line 1028, in raise_for_status
    raise HTTPError(http_error_msg, response=self)
requests.exceptions.HTTPError: 400 Client Error: Bad Request for url: https://three.arcprize.org/api/cmd/RESET
   ⏳ Attente 2.0s...
   ❌ Impossible de démarrer: Impossible de démarrer après 3 tentatives

================================================================================
TENTATIVE #25 - Temps écoulé: 183.7s / 300s
Temps restant: 116.3s
================================================================================

2026-06-16 18:23:57 | INFO | Successfully fetched metadata for game ls20
2026-06-16 18:23:57 | ERROR | Failed to reset game ls20-9607627b: 400 Client Error: Bad Request for url: https://three.arcprize.org/api/cmd/RESET
Traceback (most recent call last):
  File "/home/lvx/.local/lib/python3.12/site-packages/arc_agi/remote_wrapper.py", line 108, in reset
    response.raise_for_status()
  File "/home/lvx/.local/lib/python3.12/site-packages/requests/models.py", line 1028, in raise_for_status
    raise HTTPError(http_error_msg, response=self)
requests.exceptions.HTTPError: 400 Client Error: Bad Request for url: https://three.arcprize.org/api/cmd/RESET
[MAGEN V40.3] Adaptateur initialisé pour ls20-9607627b
[MAGEN V40.3] Actions disponibles: 6
   🔄 RESET tentative 1/3...
2026-06-16 18:23:57 | ERROR | Failed to reset game ls20-9607627b: 400 Client Error: Bad Request for url: https://three.arcprize.org/api/cmd/RESET
Traceback (most recent call last):
  File "/home/lvx/.local/lib/python3.12/site-packages/arc_agi/remote_wrapper.py", line 108, in reset
    response.raise_for_status()
  File "/home/lvx/.local/lib/python3.12/site-packages/requests/models.py", line 1028, in raise_for_status
    raise HTTPError(http_error_msg, response=self)
requests.exceptions.HTTPError: 400 Client Error: Bad Request for url: https://three.arcprize.org/api/cmd/RESET
   ⏳ Attente 2.0s...
   🔄 RESET tentative 2/3...
2026-06-16 18:24:00 | ERROR | Failed to reset game ls20-9607627b: 400 Client Error: Bad Request for url: https://three.arcprize.org/api/cmd/RESET
Traceback (most recent call last):
  File "/home/lvx/.local/lib/python3.12/site-packages/arc_agi/remote_wrapper.py", line 108, in reset
    response.raise_for_status()
  File "/home/lvx/.local/lib/python3.12/site-packages/requests/models.py", line 1028, in raise_for_status
    raise HTTPError(http_error_msg, response=self)
requests.exceptions.HTTPError: 400 Client Error: Bad Request for url: https://three.arcprize.org/api/cmd/RESET
   ⏳ Attente 2.0s...
   🔄 RESET tentative 3/3...
2026-06-16 18:24:02 | ERROR | Failed to reset game ls20-9607627b: 400 Client Error: Bad Request for url: https://three.arcprize.org/api/cmd/RESET
Traceback (most recent call last):
  File "/home/lvx/.local/lib/python3.12/site-packages/arc_agi/remote_wrapper.py", line 108, in reset
    response.raise_for_status()
  File "/home/lvx/.local/lib/python3.12/site-packages/requests/models.py", line 1028, in raise_for_status
    raise HTTPError(http_error_msg, response=self)
requests.exceptions.HTTPError: 400 Client Error: Bad Request for url: https://three.arcprize.org/api/cmd/RESET
   ⏳ Attente 2.0s...
   ❌ Impossible de démarrer: Impossible de démarrer après 3 tentatives

================================================================================
TENTATIVE #26 - Temps écoulé: 191.2s / 300s
Temps restant: 108.8s
================================================================================

2026-06-16 18:24:04 | INFO | Successfully fetched metadata for game ls20
2026-06-16 18:24:04 | ERROR | Failed to reset game ls20-9607627b: 400 Client Error: Bad Request for url: https://three.arcprize.org/api/cmd/RESET
Traceback (most recent call last):
  File "/home/lvx/.local/lib/python3.12/site-packages/arc_agi/remote_wrapper.py", line 108, in reset
    response.raise_for_status()
  File "/home/lvx/.local/lib/python3.12/site-packages/requests/models.py", line 1028, in raise_for_status
    raise HTTPError(http_error_msg, response=self)
requests.exceptions.HTTPError: 400 Client Error: Bad Request for url: https://three.arcprize.org/api/cmd/RESET
[MAGEN V40.3] Adaptateur initialisé pour ls20-9607627b
[MAGEN V40.3] Actions disponibles: 6
   🔄 RESET tentative 1/3...
2026-06-16 18:24:05 | ERROR | Failed to reset game ls20-9607627b: 400 Client Error: Bad Request for url: https://three.arcprize.org/api/cmd/RESET
Traceback (most recent call last):
  File "/home/lvx/.local/lib/python3.12/site-packages/arc_agi/remote_wrapper.py", line 108, in reset
    response.raise_for_status()
  File "/home/lvx/.local/lib/python3.12/site-packages/requests/models.py", line 1028, in raise_for_status
    raise HTTPError(http_error_msg, response=self)
requests.exceptions.HTTPError: 400 Client Error: Bad Request for url: https://three.arcprize.org/api/cmd/RESET
   ⏳ Attente 2.0s...
   🔄 RESET tentative 2/3...
2026-06-16 18:24:07 | ERROR | Failed to reset game ls20-9607627b: 400 Client Error: Bad Request for url: https://three.arcprize.org/api/cmd/RESET
Traceback (most recent call last):
  File "/home/lvx/.local/lib/python3.12/site-packages/arc_agi/remote_wrapper.py", line 108, in reset
    response.raise_for_status()
  File "/home/lvx/.local/lib/python3.12/site-packages/requests/models.py", line 1028, in raise_for_status
    raise HTTPError(http_error_msg, response=self)
requests.exceptions.HTTPError: 400 Client Error: Bad Request for url: https://three.arcprize.org/api/cmd/RESET
   ⏳ Attente 2.0s...
   🔄 RESET tentative 3/3...
2026-06-16 18:24:09 | ERROR | Failed to reset game ls20-9607627b: 400 Client Error: Bad Request for url: https://three.arcprize.org/api/cmd/RESET
Traceback (most recent call last):
  File "/home/lvx/.local/lib/python3.12/site-packages/arc_agi/remote_wrapper.py", line 108, in reset
    response.raise_for_status()
  File "/home/lvx/.local/lib/python3.12/site-packages/requests/models.py", line 1028, in raise_for_status
    raise HTTPError(http_error_msg, response=self)
requests.exceptions.HTTPError: 400 Client Error: Bad Request for url: https://three.arcprize.org/api/cmd/RESET
   ⏳ Attente 2.0s...
   ❌ Impossible de démarrer: Impossible de démarrer après 3 tentatives

================================================================================
TENTATIVE #27 - Temps écoulé: 198.6s / 300s
Temps restant: 101.4s
================================================================================

2026-06-16 18:24:12 | INFO | Successfully fetched metadata for game ls20
2026-06-16 18:24:12 | ERROR | Failed to reset game ls20-9607627b: 400 Client Error: Bad Request for url: https://three.arcprize.org/api/cmd/RESET
Traceback (most recent call last):
  File "/home/lvx/.local/lib/python3.12/site-packages/arc_agi/remote_wrapper.py", line 108, in reset
    response.raise_for_status()
  File "/home/lvx/.local/lib/python3.12/site-packages/requests/models.py", line 1028, in raise_for_status
    raise HTTPError(http_error_msg, response=self)
requests.exceptions.HTTPError: 400 Client Error: Bad Request for url: https://three.arcprize.org/api/cmd/RESET
[MAGEN V40.3] Adaptateur initialisé pour ls20-9607627b
[MAGEN V40.3] Actions disponibles: 6
   🔄 RESET tentative 1/3...
2026-06-16 18:24:13 | ERROR | Failed to reset game ls20-9607627b: 400 Client Error: Bad Request for url: https://three.arcprize.org/api/cmd/RESET
Traceback (most recent call last):
  File "/home/lvx/.local/lib/python3.12/site-packages/arc_agi/remote_wrapper.py", line 108, in reset
    response.raise_for_status()
  File "/home/lvx/.local/lib/python3.12/site-packages/requests/models.py", line 1028, in raise_for_status
    raise HTTPError(http_error_msg, response=self)
requests.exceptions.HTTPError: 400 Client Error: Bad Request for url: https://three.arcprize.org/api/cmd/RESET
   ⏳ Attente 2.0s...
   🔄 RESET tentative 2/3...
2026-06-16 18:24:15 | ERROR | Failed to reset game ls20-9607627b: 400 Client Error: Bad Request for url: https://three.arcprize.org/api/cmd/RESET
Traceback (most recent call last):
  File "/home/lvx/.local/lib/python3.12/site-packages/arc_agi/remote_wrapper.py", line 108, in reset
    response.raise_for_status()
  File "/home/lvx/.local/lib/python3.12/site-packages/requests/models.py", line 1028, in raise_for_status
    raise HTTPError(http_error_msg, response=self)
requests.exceptions.HTTPError: 400 Client Error: Bad Request for url: https://three.arcprize.org/api/cmd/RESET
   ⏳ Attente 2.0s...
   🔄 RESET tentative 3/3...
2026-06-16 18:24:17 | ERROR | Failed to reset game ls20-9607627b: 400 Client Error: Bad Request for url: https://three.arcprize.org/api/cmd/RESET
Traceback (most recent call last):
  File "/home/lvx/.local/lib/python3.12/site-packages/arc_agi/remote_wrapper.py", line 108, in reset
    response.raise_for_status()
  File "/home/lvx/.local/lib/python3.12/site-packages/requests/models.py", line 1028, in raise_for_status
    raise HTTPError(http_error_msg, response=self)
requests.exceptions.HTTPError: 400 Client Error: Bad Request for url: https://three.arcprize.org/api/cmd/RESET
   ⏳ Attente 2.0s...
   ❌ Impossible de démarrer: Impossible de démarrer après 3 tentatives

================================================================================
TENTATIVE #28 - Temps écoulé: 206.6s / 300s
Temps restant: 93.4s
================================================================================

2026-06-16 18:24:20 | INFO | Successfully fetched metadata for game ls20
2026-06-16 18:24:20 | ERROR | Failed to reset game ls20-9607627b: 400 Client Error: Bad Request for url: https://three.arcprize.org/api/cmd/RESET
Traceback (most recent call last):
  File "/home/lvx/.local/lib/python3.12/site-packages/arc_agi/remote_wrapper.py", line 108, in reset
    response.raise_for_status()
  File "/home/lvx/.local/lib/python3.12/site-packages/requests/models.py", line 1028, in raise_for_status
    raise HTTPError(http_error_msg, response=self)
requests.exceptions.HTTPError: 400 Client Error: Bad Request for url: https://three.arcprize.org/api/cmd/RESET
[MAGEN V40.3] Adaptateur initialisé pour ls20-9607627b
[MAGEN V40.3] Actions disponibles: 6
   🔄 RESET tentative 1/3...
2026-06-16 18:24:20 | ERROR | Failed to reset game ls20-9607627b: 400 Client Error: Bad Request for url: https://three.arcprize.org/api/cmd/RESET
Traceback (most recent call last):
  File "/home/lvx/.local/lib/python3.12/site-packages/arc_agi/remote_wrapper.py", line 108, in reset
    response.raise_for_status()
  File "/home/lvx/.local/lib/python3.12/site-packages/requests/models.py", line 1028, in raise_for_status
    raise HTTPError(http_error_msg, response=self)
requests.exceptions.HTTPError: 400 Client Error: Bad Request for url: https://three.arcprize.org/api/cmd/RESET
   ⏳ Attente 2.0s...
   🔄 RESET tentative 2/3...
2026-06-16 18:24:22 | ERROR | Failed to reset game ls20-9607627b: 400 Client Error: Bad Request for url: https://three.arcprize.org/api/cmd/RESET
Traceback (most recent call last):
  File "/home/lvx/.local/lib/python3.12/site-packages/arc_agi/remote_wrapper.py", line 108, in reset
    response.raise_for_status()
  File "/home/lvx/.local/lib/python3.12/site-packages/requests/models.py", line 1028, in raise_for_status
    raise HTTPError(http_error_msg, response=self)
requests.exceptions.HTTPError: 400 Client Error: Bad Request for url: https://three.arcprize.org/api/cmd/RESET
   ⏳ Attente 2.0s...
   🔄 RESET tentative 3/3...
2026-06-16 18:24:25 | ERROR | Failed to reset game ls20-9607627b: 400 Client Error: Bad Request for url: https://three.arcprize.org/api/cmd/RESET
Traceback (most recent call last):
  File "/home/lvx/.local/lib/python3.12/site-packages/arc_agi/remote_wrapper.py", line 108, in reset
    response.raise_for_status()
  File "/home/lvx/.local/lib/python3.12/site-packages/requests/models.py", line 1028, in raise_for_status
    raise HTTPError(http_error_msg, response=self)
requests.exceptions.HTTPError: 400 Client Error: Bad Request for url: https://three.arcprize.org/api/cmd/RESET
   ⏳ Attente 2.0s...
   ❌ Impossible de démarrer: Impossible de démarrer après 3 tentatives

================================================================================
TENTATIVE #29 - Temps écoulé: 214.3s / 300s
Temps restant: 85.7s
================================================================================

2026-06-16 18:24:27 | INFO | Successfully fetched metadata for game ls20
2026-06-16 18:24:28 | ERROR | Failed to reset game ls20-9607627b: 400 Client Error: Bad Request for url: https://three.arcprize.org/api/cmd/RESET
Traceback (most recent call last):
  File "/home/lvx/.local/lib/python3.12/site-packages/arc_agi/remote_wrapper.py", line 108, in reset
    response.raise_for_status()
  File "/home/lvx/.local/lib/python3.12/site-packages/requests/models.py", line 1028, in raise_for_status
    raise HTTPError(http_error_msg, response=self)
requests.exceptions.HTTPError: 400 Client Error: Bad Request for url: https://three.arcprize.org/api/cmd/RESET
[MAGEN V40.3] Adaptateur initialisé pour ls20-9607627b
[MAGEN V40.3] Actions disponibles: 6
   🔄 RESET tentative 1/3...
2026-06-16 18:24:28 | ERROR | Failed to reset game ls20-9607627b: 400 Client Error: Bad Request for url: https://three.arcprize.org/api/cmd/RESET
Traceback (most recent call last):
  File "/home/lvx/.local/lib/python3.12/site-packages/arc_agi/remote_wrapper.py", line 108, in reset
    response.raise_for_status()
  File "/home/lvx/.local/lib/python3.12/site-packages/requests/models.py", line 1028, in raise_for_status
    raise HTTPError(http_error_msg, response=self)
requests.exceptions.HTTPError: 400 Client Error: Bad Request for url: https://three.arcprize.org/api/cmd/RESET
   ⏳ Attente 2.0s...
   🔄 RESET tentative 2/3...
2026-06-16 18:24:31 | ERROR | Failed to reset game ls20-9607627b: 400 Client Error: Bad Request for url: https://three.arcprize.org/api/cmd/RESET
Traceback (most recent call last):
  File "/home/lvx/.local/lib/python3.12/site-packages/arc_agi/remote_wrapper.py", line 108, in reset
    response.raise_for_status()
  File "/home/lvx/.local/lib/python3.12/site-packages/requests/models.py", line 1028, in raise_for_status
    raise HTTPError(http_error_msg, response=self)
requests.exceptions.HTTPError: 400 Client Error: Bad Request for url: https://three.arcprize.org/api/cmd/RESET
   ⏳ Attente 2.0s...
   🔄 RESET tentative 3/3...
2026-06-16 18:24:33 | ERROR | Failed to reset game ls20-9607627b: 400 Client Error: Bad Request for url: https://three.arcprize.org/api/cmd/RESET
Traceback (most recent call last):
  File "/home/lvx/.local/lib/python3.12/site-packages/arc_agi/remote_wrapper.py", line 108, in reset
    response.raise_for_status()
  File "/home/lvx/.local/lib/python3.12/site-packages/requests/models.py", line 1028, in raise_for_status
    raise HTTPError(http_error_msg, response=self)
requests.exceptions.HTTPError: 400 Client Error: Bad Request for url: https://three.arcprize.org/api/cmd/RESET
   ⏳ Attente 2.0s...
   ❌ Impossible de démarrer: Impossible de démarrer après 3 tentatives

================================================================================
TENTATIVE #30 - Temps écoulé: 222.3s / 300s
Temps restant: 77.7s
================================================================================

2026-06-16 18:24:35 | INFO | Successfully fetched metadata for game ls20
2026-06-16 18:24:35 | ERROR | Failed to reset game ls20-9607627b: 400 Client Error: Bad Request for url: https://three.arcprize.org/api/cmd/RESET
Traceback (most recent call last):
  File "/home/lvx/.local/lib/python3.12/site-packages/arc_agi/remote_wrapper.py", line 108, in reset
    response.raise_for_status()
  File "/home/lvx/.local/lib/python3.12/site-packages/requests/models.py", line 1028, in raise_for_status
    raise HTTPError(http_error_msg, response=self)
requests.exceptions.HTTPError: 400 Client Error: Bad Request for url: https://three.arcprize.org/api/cmd/RESET
[MAGEN V40.3] Adaptateur initialisé pour ls20-9607627b
[MAGEN V40.3] Actions disponibles: 6
   🔄 RESET tentative 1/3...
2026-06-16 18:24:36 | ERROR | Failed to reset game ls20-9607627b: 400 Client Error: Bad Request for url: https://three.arcprize.org/api/cmd/RESET
Traceback (most recent call last):
  File "/home/lvx/.local/lib/python3.12/site-packages/arc_agi/remote_wrapper.py", line 108, in reset
    response.raise_for_status()
  File "/home/lvx/.local/lib/python3.12/site-packages/requests/models.py", line 1028, in raise_for_status
    raise HTTPError(http_error_msg, response=self)
requests.exceptions.HTTPError: 400 Client Error: Bad Request for url: https://three.arcprize.org/api/cmd/RESET
   ⏳ Attente 2.0s...
   🔄 RESET tentative 2/3...
2026-06-16 18:24:38 | ERROR | Failed to reset game ls20-9607627b: 400 Client Error: Bad Request for url: https://three.arcprize.org/api/cmd/RESET
Traceback (most recent call last):
  File "/home/lvx/.local/lib/python3.12/site-packages/arc_agi/remote_wrapper.py", line 108, in reset
    response.raise_for_status()
  File "/home/lvx/.local/lib/python3.12/site-packages/requests/models.py", line 1028, in raise_for_status
    raise HTTPError(http_error_msg, response=self)
requests.exceptions.HTTPError: 400 Client Error: Bad Request for url: https://three.arcprize.org/api/cmd/RESET
   ⏳ Attente 2.0s...
   🔄 RESET tentative 3/3...
2026-06-16 18:24:40 | ERROR | Failed to reset game ls20-9607627b: 400 Client Error: Bad Request for url: https://three.arcprize.org/api/cmd/RESET
Traceback (most recent call last):
  File "/home/lvx/.local/lib/python3.12/site-packages/arc_agi/remote_wrapper.py", line 108, in reset
    response.raise_for_status()
  File "/home/lvx/.local/lib/python3.12/site-packages/requests/models.py", line 1028, in raise_for_status
    raise HTTPError(http_error_msg, response=self)
requests.exceptions.HTTPError: 400 Client Error: Bad Request for url: https://three.arcprize.org/api/cmd/RESET
   ⏳ Attente 2.0s...
   ❌ Impossible de démarrer: Impossible de démarrer après 3 tentatives

================================================================================
TENTATIVE #31 - Temps écoulé: 229.8s / 300s
Temps restant: 70.2s
================================================================================

2026-06-16 18:24:43 | INFO | Successfully fetched metadata for game ls20
2026-06-16 18:24:43 | ERROR | Failed to reset game ls20-9607627b: 400 Client Error: Bad Request for url: https://three.arcprize.org/api/cmd/RESET
Traceback (most recent call last):
  File "/home/lvx/.local/lib/python3.12/site-packages/arc_agi/remote_wrapper.py", line 108, in reset
    response.raise_for_status()
  File "/home/lvx/.local/lib/python3.12/site-packages/requests/models.py", line 1028, in raise_for_status
    raise HTTPError(http_error_msg, response=self)
requests.exceptions.HTTPError: 400 Client Error: Bad Request for url: https://three.arcprize.org/api/cmd/RESET
[MAGEN V40.3] Adaptateur initialisé pour ls20-9607627b
[MAGEN V40.3] Actions disponibles: 6
   🔄 RESET tentative 1/3...
2026-06-16 18:24:44 | ERROR | Failed to reset game ls20-9607627b: 400 Client Error: Bad Request for url: https://three.arcprize.org/api/cmd/RESET
Traceback (most recent call last):
  File "/home/lvx/.local/lib/python3.12/site-packages/arc_agi/remote_wrapper.py", line 108, in reset
    response.raise_for_status()
  File "/home/lvx/.local/lib/python3.12/site-packages/requests/models.py", line 1028, in raise_for_status
    raise HTTPError(http_error_msg, response=self)
requests.exceptions.HTTPError: 400 Client Error: Bad Request for url: https://three.arcprize.org/api/cmd/RESET
   ⏳ Attente 2.0s...
   🔄 RESET tentative 2/3...
2026-06-16 18:24:46 | ERROR | Failed to reset game ls20-9607627b: 400 Client Error: Bad Request for url: https://three.arcprize.org/api/cmd/RESET
Traceback (most recent call last):
  File "/home/lvx/.local/lib/python3.12/site-packages/arc_agi/remote_wrapper.py", line 108, in reset
    response.raise_for_status()
  File "/home/lvx/.local/lib/python3.12/site-packages/requests/models.py", line 1028, in raise_for_status
    raise HTTPError(http_error_msg, response=self)
requests.exceptions.HTTPError: 400 Client Error: Bad Request for url: https://three.arcprize.org/api/cmd/RESET
