✅ ARC_API_KEY chargée depuis Doppler: 705f499b...

================================================================================
🎯 ENTRAÎNEMENT FOCALISÉ - JEU LS20 UNIQUEMENT
================================================================================
Jeu Cible: ls20-9607627b
Objectif: VICTOIRE en < 5 minutes
Monitoring: TEMPS RÉEL pour CHAQUE action
Timestamp: 2026-06-16T19:08:54.275237
================================================================================

✅ arc-agi importé
✅ MAGEN V40.3 modules chargés

================================================================================
CONNEXION API ARC-AGI-3
================================================================================

INFO:arc_agi.scorecard:Initialized ScorecardManager with idle_for=0:15:00 and max_open_for=3 days, 0:00:00
2026-06-16 19:08:56 | INFO | Successfully fetched 25 environment(s) from API
✅ Connexion API réussie

================================================================================
ENTRAÎNEMENT EN LOOP - JEU ls20-9607627b
================================================================================


================================================================================
TENTATIVE #1 - Temps écoulé: 0.0s / 60s
Temps restant: 60.0s
================================================================================

2026-06-16 19:08:56 | INFO | Created new scorecard: 2b9fb1c4-fe50-459d-8f9c-5e6bf980ee4e
✅ Scorecard #1 créé: 2b9fb1c4-fe50-459d-8f9c-5e6bf980ee4e
2026-06-16 19:08:56 | INFO | Successfully fetched metadata for game ls20
2026-06-16 19:08:57 | INFO | Recording to recordings/2b9fb1c4-fe50-459d-8f9c-5e6bf980ee4e/ls20-9607627b-5ec6a1d1-cc72-4a79-9322-210d47564245.jsonl
2026-06-16 19:08:57 | INFO | Successfully reset game ls20-9607627b, guid=5ec6a1d1-cc72-4a79-9322-210d47564245, scorecard_id=2b9fb1c4-fe50-459d-8f9c-5e6bf980ee4e
[MAGEN V40.3] Adaptateur initialisé pour ls20-9607627b
[MAGEN V40.3] Actions disponibles: 6
   🔄 RESET tentative 1/3...
2026-06-16 19:08:57 | INFO | Recording to recordings/2b9fb1c4-fe50-459d-8f9c-5e6bf980ee4e/ls20-9607627b-5ec6a1d1-cc72-4a79-9322-210d47564245.jsonl
2026-06-16 19:08:57 | INFO | Successfully reset game ls20-9607627b, guid=5ec6a1d1-cc72-4a79-9322-210d47564245, scorecard_id=2b9fb1c4-fe50-459d-8f9c-5e6bf980ee4e
   ⏳ Attente 2.0s...
   🔄 RESET tentative 2/3...
2026-06-16 19:09:00 | INFO | Recording to recordings/2b9fb1c4-fe50-459d-8f9c-5e6bf980ee4e/ls20-9607627b-5ec6a1d1-cc72-4a79-9322-210d47564245.jsonl
2026-06-16 19:09:00 | INFO | Successfully reset game ls20-9607627b, guid=5ec6a1d1-cc72-4a79-9322-210d47564245, scorecard_id=2b9fb1c4-fe50-459d-8f9c-5e6bf980ee4e
   ⏳ Attente 2.0s...
   🔄 RESET tentative 3/3...
2026-06-16 19:09:03 | INFO | Recording to recordings/2b9fb1c4-fe50-459d-8f9c-5e6bf980ee4e/ls20-9607627b-5ec6a1d1-cc72-4a79-9322-210d47564245.jsonl
2026-06-16 19:09:03 | INFO | Successfully reset game ls20-9607627b, guid=5ec6a1d1-cc72-4a79-9322-210d47564245, scorecard_id=2b9fb1c4-fe50-459d-8f9c-5e6bf980ee4e
   ⏳ Attente 2.0s...
   ❌ Impossible de démarrer: Impossible de démarrer après 3 tentatives
   ⚠️  Erreur fermeture env: 'RemoteEnvironmentWrapper' object has no attribute 'close'

================================================================================
TENTATIVE #2 - Temps écoulé: 8.9s / 60s
Temps restant: 51.1s
================================================================================

2026-06-16 19:09:05 | INFO | Created new scorecard: 4f99ba5c-6e1e-4bee-b0f5-ff187dd6c233
✅ Scorecard #2 créé: 4f99ba5c-6e1e-4bee-b0f5-ff187dd6c233
2026-06-16 19:09:06 | INFO | Successfully fetched metadata for game ls20
2026-06-16 19:09:06 | INFO | Recording to recordings/4f99ba5c-6e1e-4bee-b0f5-ff187dd6c233/ls20-9607627b-5506b21c-8f46-4e57-a90f-87a50b72ece1.jsonl
2026-06-16 19:09:06 | INFO | Successfully reset game ls20-9607627b, guid=5506b21c-8f46-4e57-a90f-87a50b72ece1, scorecard_id=4f99ba5c-6e1e-4bee-b0f5-ff187dd6c233
[MAGEN V40.3] Adaptateur initialisé pour ls20-9607627b
[MAGEN V40.3] Actions disponibles: 6
   🔄 RESET tentative 1/3...
2026-06-16 19:09:07 | INFO | Recording to recordings/4f99ba5c-6e1e-4bee-b0f5-ff187dd6c233/ls20-9607627b-5506b21c-8f46-4e57-a90f-87a50b72ece1.jsonl
2026-06-16 19:09:07 | INFO | Successfully reset game ls20-9607627b, guid=5506b21c-8f46-4e57-a90f-87a50b72ece1, scorecard_id=4f99ba5c-6e1e-4bee-b0f5-ff187dd6c233
   ⏳ Attente 2.0s...
   🔄 RESET tentative 2/3...
2026-06-16 19:09:09 | INFO | Recording to recordings/4f99ba5c-6e1e-4bee-b0f5-ff187dd6c233/ls20-9607627b-5506b21c-8f46-4e57-a90f-87a50b72ece1.jsonl
2026-06-16 19:09:09 | INFO | Successfully reset game ls20-9607627b, guid=5506b21c-8f46-4e57-a90f-87a50b72ece1, scorecard_id=4f99ba5c-6e1e-4bee-b0f5-ff187dd6c233
   ⏳ Attente 2.0s...
   🔄 RESET tentative 3/3...
2026-06-16 19:09:12 | INFO | Recording to recordings/4f99ba5c-6e1e-4bee-b0f5-ff187dd6c233/ls20-9607627b-5506b21c-8f46-4e57-a90f-87a50b72ece1.jsonl
2026-06-16 19:09:12 | INFO | Successfully reset game ls20-9607627b, guid=5506b21c-8f46-4e57-a90f-87a50b72ece1, scorecard_id=4f99ba5c-6e1e-4bee-b0f5-ff187dd6c233
   ⏳ Attente 2.0s...
   ❌ Impossible de démarrer: Impossible de démarrer après 3 tentatives
   ⚠️  Erreur fermeture env: 'RemoteEnvironmentWrapper' object has no attribute 'close'

================================================================================
TENTATIVE #3 - Temps écoulé: 18.2s / 60s
Temps restant: 41.8s
================================================================================

2026-06-16 19:09:15 | INFO | Created new scorecard: 19a2cb87-4a89-4dff-aa90-4c12cf2032ef
✅ Scorecard #3 créé: 19a2cb87-4a89-4dff-aa90-4c12cf2032ef
2026-06-16 19:09:15 | INFO | Successfully fetched metadata for game ls20
2026-06-16 19:09:16 | INFO | Recording to recordings/19a2cb87-4a89-4dff-aa90-4c12cf2032ef/ls20-9607627b-ed6d653b-d706-4e89-9544-a14aca91603b.jsonl
2026-06-16 19:09:16 | INFO | Successfully reset game ls20-9607627b, guid=ed6d653b-d706-4e89-9544-a14aca91603b, scorecard_id=19a2cb87-4a89-4dff-aa90-4c12cf2032ef
[MAGEN V40.3] Adaptateur initialisé pour ls20-9607627b
[MAGEN V40.3] Actions disponibles: 6
   🔄 RESET tentative 1/3...
2026-06-16 19:09:16 | INFO | Recording to recordings/19a2cb87-4a89-4dff-aa90-4c12cf2032ef/ls20-9607627b-ed6d653b-d706-4e89-9544-a14aca91603b.jsonl
2026-06-16 19:09:16 | INFO | Successfully reset game ls20-9607627b, guid=ed6d653b-d706-4e89-9544-a14aca91603b, scorecard_id=19a2cb87-4a89-4dff-aa90-4c12cf2032ef
   ⏳ Attente 2.0s...
   🔄 RESET tentative 2/3...
2026-06-16 19:09:18 | INFO | Recording to recordings/19a2cb87-4a89-4dff-aa90-4c12cf2032ef/ls20-9607627b-ed6d653b-d706-4e89-9544-a14aca91603b.jsonl
2026-06-16 19:09:18 | INFO | Successfully reset game ls20-9607627b, guid=ed6d653b-d706-4e89-9544-a14aca91603b, scorecard_id=19a2cb87-4a89-4dff-aa90-4c12cf2032ef
   ⏳ Attente 2.0s...
   🔄 RESET tentative 3/3...
2026-06-16 19:09:21 | INFO | Recording to recordings/19a2cb87-4a89-4dff-aa90-4c12cf2032ef/ls20-9607627b-ed6d653b-d706-4e89-9544-a14aca91603b.jsonl
2026-06-16 19:09:21 | INFO | Successfully reset game ls20-9607627b, guid=ed6d653b-d706-4e89-9544-a14aca91603b, scorecard_id=19a2cb87-4a89-4dff-aa90-4c12cf2032ef
   ⏳ Attente 2.0s...
   ❌ Impossible de démarrer: Impossible de démarrer après 3 tentatives
   ⚠️  Erreur fermeture env: 'RemoteEnvironmentWrapper' object has no attribute 'close'

================================================================================
TENTATIVE #4 - Temps écoulé: 27.4s / 60s
Temps restant: 32.6s
================================================================================

2026-06-16 19:09:24 | INFO | Created new scorecard: 17cba269-e122-4a17-bc46-b47b49ef96fd
✅ Scorecard #4 créé: 17cba269-e122-4a17-bc46-b47b49ef96fd
2026-06-16 19:09:24 | INFO | Successfully fetched metadata for game ls20
2026-06-16 19:09:24 | INFO | Recording to recordings/17cba269-e122-4a17-bc46-b47b49ef96fd/ls20-9607627b-daa62a10-d6a4-4e3b-89f1-df677f620083.jsonl
2026-06-16 19:09:24 | INFO | Successfully reset game ls20-9607627b, guid=daa62a10-d6a4-4e3b-89f1-df677f620083, scorecard_id=17cba269-e122-4a17-bc46-b47b49ef96fd
[MAGEN V40.3] Adaptateur initialisé pour ls20-9607627b
[MAGEN V40.3] Actions disponibles: 6
   🔄 RESET tentative 1/3...
2026-06-16 19:09:25 | INFO | Recording to recordings/17cba269-e122-4a17-bc46-b47b49ef96fd/ls20-9607627b-daa62a10-d6a4-4e3b-89f1-df677f620083.jsonl
2026-06-16 19:09:25 | INFO | Successfully reset game ls20-9607627b, guid=daa62a10-d6a4-4e3b-89f1-df677f620083, scorecard_id=17cba269-e122-4a17-bc46-b47b49ef96fd
   ⏳ Attente 2.0s...
   🔄 RESET tentative 2/3...
2026-06-16 19:09:27 | INFO | Recording to recordings/17cba269-e122-4a17-bc46-b47b49ef96fd/ls20-9607627b-daa62a10-d6a4-4e3b-89f1-df677f620083.jsonl
2026-06-16 19:09:27 | INFO | Successfully reset game ls20-9607627b, guid=daa62a10-d6a4-4e3b-89f1-df677f620083, scorecard_id=17cba269-e122-4a17-bc46-b47b49ef96fd
   ⏳ Attente 2.0s...
   🔄 RESET tentative 3/3...
2026-06-16 19:09:30 | INFO | Recording to recordings/17cba269-e122-4a17-bc46-b47b49ef96fd/ls20-9607627b-daa62a10-d6a4-4e3b-89f1-df677f620083.jsonl
2026-06-16 19:09:30 | INFO | Successfully reset game ls20-9607627b, guid=daa62a10-d6a4-4e3b-89f1-df677f620083, scorecard_id=17cba269-e122-4a17-bc46-b47b49ef96fd
   ⏳ Attente 2.0s...
   ❌ Impossible de démarrer: Impossible de démarrer après 3 tentatives
   ⚠️  Erreur fermeture env: 'RemoteEnvironmentWrapper' object has no attribute 'close'

================================================================================
TENTATIVE #5 - Temps écoulé: 36.5s / 60s
Temps restant: 23.5s
================================================================================

2026-06-16 19:09:33 | INFO | Created new scorecard: fbb211e6-0caa-462d-a497-5caef4d536a0
✅ Scorecard #5 créé: fbb211e6-0caa-462d-a497-5caef4d536a0
2026-06-16 19:09:33 | INFO | Successfully fetched metadata for game ls20
2026-06-16 19:09:34 | INFO | Recording to recordings/fbb211e6-0caa-462d-a497-5caef4d536a0/ls20-9607627b-dc9b3487-7a82-4081-86ca-48d9e89878f2.jsonl
2026-06-16 19:09:34 | INFO | Successfully reset game ls20-9607627b, guid=dc9b3487-7a82-4081-86ca-48d9e89878f2, scorecard_id=fbb211e6-0caa-462d-a497-5caef4d536a0
[MAGEN V40.3] Adaptateur initialisé pour ls20-9607627b
[MAGEN V40.3] Actions disponibles: 6
   🔄 RESET tentative 1/3...
2026-06-16 19:09:34 | INFO | Recording to recordings/fbb211e6-0caa-462d-a497-5caef4d536a0/ls20-9607627b-dc9b3487-7a82-4081-86ca-48d9e89878f2.jsonl
2026-06-16 19:09:34 | INFO | Successfully reset game ls20-9607627b, guid=dc9b3487-7a82-4081-86ca-48d9e89878f2, scorecard_id=fbb211e6-0caa-462d-a497-5caef4d536a0
   ⏳ Attente 2.0s...
   🔄 RESET tentative 2/3...
2026-06-16 19:09:37 | INFO | Recording to recordings/fbb211e6-0caa-462d-a497-5caef4d536a0/ls20-9607627b-dc9b3487-7a82-4081-86ca-48d9e89878f2.jsonl
2026-06-16 19:09:37 | INFO | Successfully reset game ls20-9607627b, guid=dc9b3487-7a82-4081-86ca-48d9e89878f2, scorecard_id=fbb211e6-0caa-462d-a497-5caef4d536a0
   ⏳ Attente 2.0s...
   🔄 RESET tentative 3/3...
2026-06-16 19:09:40 | INFO | Recording to recordings/fbb211e6-0caa-462d-a497-5caef4d536a0/ls20-9607627b-dc9b3487-7a82-4081-86ca-48d9e89878f2.jsonl
2026-06-16 19:09:40 | INFO | Successfully reset game ls20-9607627b, guid=dc9b3487-7a82-4081-86ca-48d9e89878f2, scorecard_id=fbb211e6-0caa-462d-a497-5caef4d536a0
   ⏳ Attente 2.0s...
   ❌ Impossible de démarrer: Impossible de démarrer après 3 tentatives
   ⚠️  Erreur fermeture env: 'RemoteEnvironmentWrapper' object has no attribute 'close'

================================================================================
TENTATIVE #6 - Temps écoulé: 46.2s / 60s
Temps restant: 13.8s
================================================================================

2026-06-16 19:09:43 | INFO | Created new scorecard: 56aac04a-7ee9-4d26-bde7-ac2819620aa7
✅ Scorecard #6 créé: 56aac04a-7ee9-4d26-bde7-ac2819620aa7
2026-06-16 19:09:43 | INFO | Successfully fetched metadata for game ls20
2026-06-16 19:09:43 | INFO | Recording to recordings/56aac04a-7ee9-4d26-bde7-ac2819620aa7/ls20-9607627b-d7bb00f4-674f-48a0-9615-f471db7b71b1.jsonl
2026-06-16 19:09:43 | INFO | Successfully reset game ls20-9607627b, guid=d7bb00f4-674f-48a0-9615-f471db7b71b1, scorecard_id=56aac04a-7ee9-4d26-bde7-ac2819620aa7
[MAGEN V40.3] Adaptateur initialisé pour ls20-9607627b
[MAGEN V40.3] Actions disponibles: 6
   🔄 RESET tentative 1/3...
2026-06-16 19:09:44 | INFO | Recording to recordings/56aac04a-7ee9-4d26-bde7-ac2819620aa7/ls20-9607627b-d7bb00f4-674f-48a0-9615-f471db7b71b1.jsonl
2026-06-16 19:09:44 | INFO | Successfully reset game ls20-9607627b, guid=d7bb00f4-674f-48a0-9615-f471db7b71b1, scorecard_id=56aac04a-7ee9-4d26-bde7-ac2819620aa7
   ⏳ Attente 2.0s...
   🔄 RESET tentative 2/3...
2026-06-16 19:09:46 | INFO | Recording to recordings/56aac04a-7ee9-4d26-bde7-ac2819620aa7/ls20-9607627b-d7bb00f4-674f-48a0-9615-f471db7b71b1.jsonl
2026-06-16 19:09:46 | INFO | Successfully reset game ls20-9607627b, guid=d7bb00f4-674f-48a0-9615-f471db7b71b1, scorecard_id=56aac04a-7ee9-4d26-bde7-ac2819620aa7
   ⏳ Attente 2.0s...
   🔄 RESET tentative 3/3...
2026-06-16 19:09:49 | INFO | Recording to recordings/56aac04a-7ee9-4d26-bde7-ac2819620aa7/ls20-9607627b-d7bb00f4-674f-48a0-9615-f471db7b71b1.jsonl
2026-06-16 19:09:49 | INFO | Successfully reset game ls20-9607627b, guid=d7bb00f4-674f-48a0-9615-f471db7b71b1, scorecard_id=56aac04a-7ee9-4d26-bde7-ac2819620aa7
   ⏳ Attente 2.0s...
   ❌ Impossible de démarrer: Impossible de démarrer après 3 tentatives
   ⚠️  Erreur fermeture env: 'RemoteEnvironmentWrapper' object has no attribute 'close'

================================================================================
TENTATIVE #7 - Temps écoulé: 55.5s / 60s
Temps restant: 4.5s
================================================================================

2026-06-16 19:09:52 | INFO | Created new scorecard: bc726e64-54b0-4ce7-9524-698dc52f626b
✅ Scorecard #7 créé: bc726e64-54b0-4ce7-9524-698dc52f626b
2026-06-16 19:09:53 | INFO | Successfully fetched metadata for game ls20
2026-06-16 19:09:53 | INFO | Recording to recordings/bc726e64-54b0-4ce7-9524-698dc52f626b/ls20-9607627b-72d02d88-761d-4f79-85a1-eafd99605bfd.jsonl
2026-06-16 19:09:53 | INFO | Successfully reset game ls20-9607627b, guid=72d02d88-761d-4f79-85a1-eafd99605bfd, scorecard_id=bc726e64-54b0-4ce7-9524-698dc52f626b
[MAGEN V40.3] Adaptateur initialisé pour ls20-9607627b
[MAGEN V40.3] Actions disponibles: 6
   🔄 RESET tentative 1/3...
2026-06-16 19:09:53 | INFO | Recording to recordings/bc726e64-54b0-4ce7-9524-698dc52f626b/ls20-9607627b-72d02d88-761d-4f79-85a1-eafd99605bfd.jsonl
2026-06-16 19:09:53 | INFO | Successfully reset game ls20-9607627b, guid=72d02d88-761d-4f79-85a1-eafd99605bfd, scorecard_id=bc726e64-54b0-4ce7-9524-698dc52f626b
   ⏳ Attente 2.0s...
   🔄 RESET tentative 2/3...
2026-06-16 19:09:56 | INFO | Recording to recordings/bc726e64-54b0-4ce7-9524-698dc52f626b/ls20-9607627b-72d02d88-761d-4f79-85a1-eafd99605bfd.jsonl
2026-06-16 19:09:56 | INFO | Successfully reset game ls20-9607627b, guid=72d02d88-761d-4f79-85a1-eafd99605bfd, scorecard_id=bc726e64-54b0-4ce7-9524-698dc52f626b
   ⏳ Attente 2.0s...
   🔄 RESET tentative 3/3...
2026-06-16 19:09:58 | INFO | Recording to recordings/bc726e64-54b0-4ce7-9524-698dc52f626b/ls20-9607627b-72d02d88-761d-4f79-85a1-eafd99605bfd.jsonl
2026-06-16 19:09:58 | INFO | Successfully reset game ls20-9607627b, guid=72d02d88-761d-4f79-85a1-eafd99605bfd, scorecard_id=bc726e64-54b0-4ce7-9524-698dc52f626b
   ⏳ Attente 2.0s...
   ❌ Impossible de démarrer: Impossible de démarrer après 3 tentatives
   ⚠️  Erreur fermeture env: 'RemoteEnvironmentWrapper' object has no attribute 'close'

================================================================================
RÉSUMÉ ENTRAÎNEMENT
================================================================================
Jeu: ls20-9607627b
Tentatives: 7
Temps total: 64.8s
Meilleur reward: 0.00
Niveau maximum atteint: 0
Jeu complété: ❌ NON
================================================================================

✅ Stats sauvegardées: /home/lvx/LVX/lumvorax2/src/MAGEN/results/training_ls20_20260616_191001.json
