
================================================================================
🎯 ENTRAÎNEMENT FOCALISÉ - JEU LS20 UNIQUEMENT
================================================================================
Jeu Cible: ls20-9607627b
Objectif: VICTOIRE en < 5 minutes
Monitoring: TEMPS RÉEL pour CHAQUE action
Timestamp: 2026-06-16T18:28:20.816510
================================================================================

✅ arc-agi importé
✅ MAGEN V40.3 modules chargés

================================================================================
CONNEXION API ARC-AGI-3
================================================================================

INFO:arc_agi.scorecard:Initialized ScorecardManager with idle_for=0:15:00 and max_open_for=3 days, 0:00:00
2026-06-16 18:28:22 | INFO | Successfully fetched 25 environment(s) from API
✅ Connexion API réussie

✅ Scorecard: ef6dfc87-2675-4c0f-abf1-9874ee02756e
   URL: https://arcprize.org/scorecards/ef6dfc87-2675-4c0f-abf1-9874ee02756e

================================================================================
ENTRAÎNEMENT EN LOOP - JEU ls20-9607627b
================================================================================


================================================================================
TENTATIVE #1 - Temps écoulé: 0.0s / 300s
Temps restant: 300.0s
================================================================================

2026-06-16 18:28:22 | INFO | Successfully fetched metadata for game ls20
2026-06-16 18:28:23 | ERROR | Failed to reset game ls20-9607627b: 400 Client Error: Bad Request for url: https://three.arcprize.org/api/cmd/RESET
Traceback (most recent call last):
  File "/home/lvx/.local/lib/python3.12/site-packages/arc_agi/remote_wrapper.py", line 108, in reset
    response.raise_for_status()
  File "/home/lvx/.local/lib/python3.12/site-packages/requests/models.py", line 1028, in raise_for_status
    raise HTTPError(http_error_msg, response=self)
requests.exceptions.HTTPError: 400 Client Error: Bad Request for url: https://three.arcprize.org/api/cmd/RESET
[MAGEN V40.3] Adaptateur initialisé pour ls20-9607627b
[MAGEN V40.3] Actions disponibles: 6
   🔄 RESET tentative 1/3...
2026-06-16 18:28:23 | ERROR | Failed to reset game ls20-9607627b: 400 Client Error: Bad Request for url: https://three.arcprize.org/api/cmd/RESET
Traceback (most recent call last):
  File "/home/lvx/.local/lib/python3.12/site-packages/arc_agi/remote_wrapper.py", line 108, in reset
    response.raise_for_status()
  File "/home/lvx/.local/lib/python3.12/site-packages/requests/models.py", line 1028, in raise_for_status
    raise HTTPError(http_error_msg, response=self)
requests.exceptions.HTTPError: 400 Client Error: Bad Request for url: https://three.arcprize.org/api/cmd/RESET
   ⏳ Attente 2.0s...
   🔄 RESET tentative 2/3...
2026-06-16 18:28:26 | ERROR | Failed to reset game ls20-9607627b: 400 Client Error: Bad Request for url: https://three.arcprize.org/api/cmd/RESET
Traceback (most recent call last):
  File "/home/lvx/.local/lib/python3.12/site-packages/arc_agi/remote_wrapper.py", line 108, in reset
    response.raise_for_status()
  File "/home/lvx/.local/lib/python3.12/site-packages/requests/models.py", line 1028, in raise_for_status
    raise HTTPError(http_error_msg, response=self)
requests.exceptions.HTTPError: 400 Client Error: Bad Request for url: https://three.arcprize.org/api/cmd/RESET
   ⏳ Attente 2.0s...
   🔄 RESET tentative 3/3...
2026-06-16 18:28:28 | ERROR | Failed to reset game ls20-9607627b: 400 Client Error: Bad Request for url: https://three.arcprize.org/api/cmd/RESET
Traceback (most recent call last):
  File "/home/lvx/.local/lib/python3.12/site-packages/arc_agi/remote_wrapper.py", line 108, in reset
    response.raise_for_status()
  File "/home/lvx/.local/lib/python3.12/site-packages/requests/models.py", line 1028, in raise_for_status
    raise HTTPError(http_error_msg, response=self)
requests.exceptions.HTTPError: 400 Client Error: Bad Request for url: https://three.arcprize.org/api/cmd/RESET
   ⏳ Attente 2.0s...
   ❌ Impossible de démarrer: Impossible de démarrer après 3 tentatives

================================================================================
TENTATIVE #2 - Temps écoulé: 7.5s / 300s
Temps restant: 292.5s
================================================================================

2026-06-16 18:28:30 | INFO | Successfully fetched metadata for game ls20
2026-06-16 18:28:31 | ERROR | Failed to reset game ls20-9607627b: 400 Client Error: Bad Request for url: https://three.arcprize.org/api/cmd/RESET
Traceback (most recent call last):
  File "/home/lvx/.local/lib/python3.12/site-packages/arc_agi/remote_wrapper.py", line 108, in reset
    response.raise_for_status()
  File "/home/lvx/.local/lib/python3.12/site-packages/requests/models.py", line 1028, in raise_for_status
    raise HTTPError(http_error_msg, response=self)
requests.exceptions.HTTPError: 400 Client Error: Bad Request for url: https://three.arcprize.org/api/cmd/RESET
[MAGEN V40.3] Adaptateur initialisé pour ls20-9607627b
[MAGEN V40.3] Actions disponibles: 6
   🔄 RESET tentative 1/3...
2026-06-16 18:28:31 | ERROR | Failed to reset game ls20-9607627b: 400 Client Error: Bad Request for url: https://three.arcprize.org/api/cmd/RESET
Traceback (most recent call last):
  File "/home/lvx/.local/lib/python3.12/site-packages/arc_agi/remote_wrapper.py", line 108, in reset
    response.raise_for_status()
  File "/home/lvx/.local/lib/python3.12/site-packages/requests/models.py", line 1028, in raise_for_status
    raise HTTPError(http_error_msg, response=self)
requests.exceptions.HTTPError: 400 Client Error: Bad Request for url: https://three.arcprize.org/api/cmd/RESET
   ⏳ Attente 2.0s...
   🔄 RESET tentative 2/3...
2026-06-16 18:28:33 | ERROR | Failed to reset game ls20-9607627b: 400 Client Error: Bad Request for url: https://three.arcprize.org/api/cmd/RESET
Traceback (most recent call last):
  File "/home/lvx/.local/lib/python3.12/site-packages/arc_agi/remote_wrapper.py", line 108, in reset
    response.raise_for_status()
  File "/home/lvx/.local/lib/python3.12/site-packages/requests/models.py", line 1028, in raise_for_status
    raise HTTPError(http_error_msg, response=self)
requests.exceptions.HTTPError: 400 Client Error: Bad Request for url: https://three.arcprize.org/api/cmd/RESET
   ⏳ Attente 2.0s...
   🔄 RESET tentative 3/3...
2026-06-16 18:28:36 | ERROR | Failed to reset game ls20-9607627b: 400 Client Error: Bad Request for url: https://three.arcprize.org/api/cmd/RESET
Traceback (most recent call last):
  File "/home/lvx/.local/lib/python3.12/site-packages/arc_agi/remote_wrapper.py", line 108, in reset
    response.raise_for_status()
  File "/home/lvx/.local/lib/python3.12/site-packages/requests/models.py", line 1028, in raise_for_status
    raise HTTPError(http_error_msg, response=self)
requests.exceptions.HTTPError: 400 Client Error: Bad Request for url: https://three.arcprize.org/api/cmd/RESET
   ⏳ Attente 2.0s...
   ❌ Impossible de démarrer: Impossible de démarrer après 3 tentatives

================================================================================
TENTATIVE #3 - Temps écoulé: 15.5s / 300s
Temps restant: 284.5s
================================================================================

2026-06-16 18:28:38 | INFO | Successfully fetched metadata for game ls20
2026-06-16 18:28:39 | ERROR | Failed to reset game ls20-9607627b: 400 Client Error: Bad Request for url: https://three.arcprize.org/api/cmd/RESET
Traceback (most recent call last):
  File "/home/lvx/.local/lib/python3.12/site-packages/arc_agi/remote_wrapper.py", line 108, in reset
    response.raise_for_status()
  File "/home/lvx/.local/lib/python3.12/site-packages/requests/models.py", line 1028, in raise_for_status
    raise HTTPError(http_error_msg, response=self)
requests.exceptions.HTTPError: 400 Client Error: Bad Request for url: https://three.arcprize.org/api/cmd/RESET
[MAGEN V40.3] Adaptateur initialisé pour ls20-9607627b
[MAGEN V40.3] Actions disponibles: 6
   🔄 RESET tentative 1/3...
2026-06-16 18:28:39 | ERROR | Failed to reset game ls20-9607627b: 400 Client Error: Bad Request for url: https://three.arcprize.org/api/cmd/RESET
Traceback (most recent call last):
  File "/home/lvx/.local/lib/python3.12/site-packages/arc_agi/remote_wrapper.py", line 108, in reset
    response.raise_for_status()
  File "/home/lvx/.local/lib/python3.12/site-packages/requests/models.py", line 1028, in raise_for_status
    raise HTTPError(http_error_msg, response=self)
requests.exceptions.HTTPError: 400 Client Error: Bad Request for url: https://three.arcprize.org/api/cmd/RESET
   ⏳ Attente 2.0s...
   🔄 RESET tentative 2/3...
2026-06-16 18:28:41 | ERROR | Failed to reset game ls20-9607627b: 400 Client Error: Bad Request for url: https://three.arcprize.org/api/cmd/RESET
Traceback (most recent call last):
  File "/home/lvx/.local/lib/python3.12/site-packages/arc_agi/remote_wrapper.py", line 108, in reset
    response.raise_for_status()
  File "/home/lvx/.local/lib/python3.12/site-packages/requests/models.py", line 1028, in raise_for_status
    raise HTTPError(http_error_msg, response=self)
requests.exceptions.HTTPError: 400 Client Error: Bad Request for url: https://three.arcprize.org/api/cmd/RESET
   ⏳ Attente 2.0s...
   🔄 RESET tentative 3/3...
2026-06-16 18:28:44 | ERROR | Failed to reset game ls20-9607627b: 400 Client Error: Bad Request for url: https://three.arcprize.org/api/cmd/RESET
Traceback (most recent call last):
  File "/home/lvx/.local/lib/python3.12/site-packages/arc_agi/remote_wrapper.py", line 108, in reset
    response.raise_for_status()
  File "/home/lvx/.local/lib/python3.12/site-packages/requests/models.py", line 1028, in raise_for_status
    raise HTTPError(http_error_msg, response=self)
requests.exceptions.HTTPError: 400 Client Error: Bad Request for url: https://three.arcprize.org/api/cmd/RESET
   ⏳ Attente 2.0s...
   ❌ Impossible de démarrer: Impossible de démarrer après 3 tentatives

================================================================================
TENTATIVE #4 - Temps écoulé: 23.4s / 300s
Temps restant: 276.6s
================================================================================

2026-06-16 18:28:46 | INFO | Successfully fetched metadata for game ls20
2026-06-16 18:28:46 | ERROR | Failed to reset game ls20-9607627b: 400 Client Error: Bad Request for url: https://three.arcprize.org/api/cmd/RESET
Traceback (most recent call last):
  File "/home/lvx/.local/lib/python3.12/site-packages/arc_agi/remote_wrapper.py", line 108, in reset
    response.raise_for_status()
  File "/home/lvx/.local/lib/python3.12/site-packages/requests/models.py", line 1028, in raise_for_status
    raise HTTPError(http_error_msg, response=self)
requests.exceptions.HTTPError: 400 Client Error: Bad Request for url: https://three.arcprize.org/api/cmd/RESET
[MAGEN V40.3] Adaptateur initialisé pour ls20-9607627b
[MAGEN V40.3] Actions disponibles: 6
   🔄 RESET tentative 1/3...
2026-06-16 18:28:46 | ERROR | Failed to reset game ls20-9607627b: 400 Client Error: Bad Request for url: https://three.arcprize.org/api/cmd/RESET
Traceback (most recent call last):
  File "/home/lvx/.local/lib/python3.12/site-packages/arc_agi/remote_wrapper.py", line 108, in reset
    response.raise_for_status()
  File "/home/lvx/.local/lib/python3.12/site-packages/requests/models.py", line 1028, in raise_for_status
    raise HTTPError(http_error_msg, response=self)
requests.exceptions.HTTPError: 400 Client Error: Bad Request for url: https://three.arcprize.org/api/cmd/RESET
   ⏳ Attente 2.0s...
   🔄 RESET tentative 2/3...
2026-06-16 18:28:49 | ERROR | Failed to reset game ls20-9607627b: 400 Client Error: Bad Request for url: https://three.arcprize.org/api/cmd/RESET
Traceback (most recent call last):
  File "/home/lvx/.local/lib/python3.12/site-packages/arc_agi/remote_wrapper.py", line 108, in reset
    response.raise_for_status()
  File "/home/lvx/.local/lib/python3.12/site-packages/requests/models.py", line 1028, in raise_for_status
    raise HTTPError(http_error_msg, response=self)
requests.exceptions.HTTPError: 400 Client Error: Bad Request for url: https://three.arcprize.org/api/cmd/RESET
   ⏳ Attente 2.0s...
   🔄 RESET tentative 3/3...
2026-06-16 18:28:51 | ERROR | Failed to reset game ls20-9607627b: 400 Client Error: Bad Request for url: https://three.arcprize.org/api/cmd/RESET
Traceback (most recent call last):
  File "/home/lvx/.local/lib/python3.12/site-packages/arc_agi/remote_wrapper.py", line 108, in reset
    response.raise_for_status()
  File "/home/lvx/.local/lib/python3.12/site-packages/requests/models.py", line 1028, in raise_for_status
    raise HTTPError(http_error_msg, response=self)
requests.exceptions.HTTPError: 400 Client Error: Bad Request for url: https://three.arcprize.org/api/cmd/RESET
   ⏳ Attente 2.0s...
   ❌ Impossible de démarrer: Impossible de démarrer après 3 tentatives

================================================================================
TENTATIVE #5 - Temps écoulé: 30.7s / 300s
Temps restant: 269.3s
================================================================================

2026-06-16 18:28:53 | INFO | Successfully fetched metadata for game ls20
2026-06-16 18:28:54 | ERROR | Failed to reset game ls20-9607627b: 400 Client Error: Bad Request for url: https://three.arcprize.org/api/cmd/RESET
Traceback (most recent call last):
  File "/home/lvx/.local/lib/python3.12/site-packages/arc_agi/remote_wrapper.py", line 108, in reset
    response.raise_for_status()
  File "/home/lvx/.local/lib/python3.12/site-packages/requests/models.py", line 1028, in raise_for_status
    raise HTTPError(http_error_msg, response=self)
requests.exceptions.HTTPError: 400 Client Error: Bad Request for url: https://three.arcprize.org/api/cmd/RESET
[MAGEN V40.3] Adaptateur initialisé pour ls20-9607627b
[MAGEN V40.3] Actions disponibles: 6
   🔄 RESET tentative 1/3...
2026-06-16 18:28:54 | ERROR | Failed to reset game ls20-9607627b: 400 Client Error: Bad Request for url: https://three.arcprize.org/api/cmd/RESET
Traceback (most recent call last):
  File "/home/lvx/.local/lib/python3.12/site-packages/arc_agi/remote_wrapper.py", line 108, in reset
    response.raise_for_status()
  File "/home/lvx/.local/lib/python3.12/site-packages/requests/models.py", line 1028, in raise_for_status
    raise HTTPError(http_error_msg, response=self)
requests.exceptions.HTTPError: 400 Client Error: Bad Request for url: https://three.arcprize.org/api/cmd/RESET
   ⏳ Attente 2.0s...
   🔄 RESET tentative 2/3...
2026-06-16 18:28:56 | ERROR | Failed to reset game ls20-9607627b: 400 Client Error: Bad Request for url: https://three.arcprize.org/api/cmd/RESET
Traceback (most recent call last):
  File "/home/lvx/.local/lib/python3.12/site-packages/arc_agi/remote_wrapper.py", line 108, in reset
    response.raise_for_status()
  File "/home/lvx/.local/lib/python3.12/site-packages/requests/models.py", line 1028, in raise_for_status
    raise HTTPError(http_error_msg, response=self)
requests.exceptions.HTTPError: 400 Client Error: Bad Request for url: https://three.arcprize.org/api/cmd/RESET
   ⏳ Attente 2.0s...
   🔄 RESET tentative 3/3...
2026-06-16 18:28:59 | ERROR | Failed to reset game ls20-9607627b: 400 Client Error: Bad Request for url: https://three.arcprize.org/api/cmd/RESET
Traceback (most recent call last):
  File "/home/lvx/.local/lib/python3.12/site-packages/arc_agi/remote_wrapper.py", line 108, in reset
    response.raise_for_status()
  File "/home/lvx/.local/lib/python3.12/site-packages/requests/models.py", line 1028, in raise_for_status
    raise HTTPError(http_error_msg, response=self)
requests.exceptions.HTTPError: 400 Client Error: Bad Request for url: https://three.arcprize.org/api/cmd/RESET
   ⏳ Attente 2.0s...
   ❌ Impossible de démarrer: Impossible de démarrer après 3 tentatives

================================================================================
TENTATIVE #6 - Temps écoulé: 38.4s / 300s
Temps restant: 261.6s
================================================================================

2026-06-16 18:29:01 | INFO | Successfully fetched metadata for game ls20
2026-06-16 18:29:01 | ERROR | Failed to reset game ls20-9607627b: 400 Client Error: Bad Request for url: https://three.arcprize.org/api/cmd/RESET
Traceback (most recent call last):
  File "/home/lvx/.local/lib/python3.12/site-packages/arc_agi/remote_wrapper.py", line 108, in reset
    response.raise_for_status()
  File "/home/lvx/.local/lib/python3.12/site-packages/requests/models.py", line 1028, in raise_for_status
    raise HTTPError(http_error_msg, response=self)
requests.exceptions.HTTPError: 400 Client Error: Bad Request for url: https://three.arcprize.org/api/cmd/RESET
[MAGEN V40.3] Adaptateur initialisé pour ls20-9607627b
[MAGEN V40.3] Actions disponibles: 6
   🔄 RESET tentative 1/3...
2026-06-16 18:29:02 | ERROR | Failed to reset game ls20-9607627b: 400 Client Error: Bad Request for url: https://three.arcprize.org/api/cmd/RESET
Traceback (most recent call last):
  File "/home/lvx/.local/lib/python3.12/site-packages/arc_agi/remote_wrapper.py", line 108, in reset
    response.raise_for_status()
  File "/home/lvx/.local/lib/python3.12/site-packages/requests/models.py", line 1028, in raise_for_status
    raise HTTPError(http_error_msg, response=self)
requests.exceptions.HTTPError: 400 Client Error: Bad Request for url: https://three.arcprize.org/api/cmd/RESET
   ⏳ Attente 2.0s...
   🔄 RESET tentative 2/3...
2026-06-16 18:29:04 | ERROR | Failed to reset game ls20-9607627b: 400 Client Error: Bad Request for url: https://three.arcprize.org/api/cmd/RESET
Traceback (most recent call last):
  File "/home/lvx/.local/lib/python3.12/site-packages/arc_agi/remote_wrapper.py", line 108, in reset
    response.raise_for_status()
  File "/home/lvx/.local/lib/python3.12/site-packages/requests/models.py", line 1028, in raise_for_status
    raise HTTPError(http_error_msg, response=self)
requests.exceptions.HTTPError: 400 Client Error: Bad Request for url: https://three.arcprize.org/api/cmd/RESET
   ⏳ Attente 2.0s...
   🔄 RESET tentative 3/3...
2026-06-16 18:29:06 | ERROR | Failed to reset game ls20-9607627b: 400 Client Error: Bad Request for url: https://three.arcprize.org/api/cmd/RESET
Traceback (most recent call last):
  File "/home/lvx/.local/lib/python3.12/site-packages/arc_agi/remote_wrapper.py", line 108, in reset
    response.raise_for_status()
  File "/home/lvx/.local/lib/python3.12/site-packages/requests/models.py", line 1028, in raise_for_status
    raise HTTPError(http_error_msg, response=self)
requests.exceptions.HTTPError: 400 Client Error: Bad Request for url: https://three.arcprize.org/api/cmd/RESET
   ⏳ Attente 2.0s...
   ❌ Impossible de démarrer: Impossible de démarrer après 3 tentatives

================================================================================
TENTATIVE #7 - Temps écoulé: 45.9s / 300s
Temps restant: 254.1s
================================================================================

2026-06-16 18:29:08 | INFO | Successfully fetched metadata for game ls20
2026-06-16 18:29:09 | ERROR | Failed to reset game ls20-9607627b: 400 Client Error: Bad Request for url: https://three.arcprize.org/api/cmd/RESET
Traceback (most recent call last):
  File "/home/lvx/.local/lib/python3.12/site-packages/arc_agi/remote_wrapper.py", line 108, in reset
    response.raise_for_status()
  File "/home/lvx/.local/lib/python3.12/site-packages/requests/models.py", line 1028, in raise_for_status
    raise HTTPError(http_error_msg, response=self)
requests.exceptions.HTTPError: 400 Client Error: Bad Request for url: https://three.arcprize.org/api/cmd/RESET
[MAGEN V40.3] Adaptateur initialisé pour ls20-9607627b
[MAGEN V40.3] Actions disponibles: 6
   🔄 RESET tentative 1/3...
2026-06-16 18:29:09 | ERROR | Failed to reset game ls20-9607627b: 400 Client Error: Bad Request for url: https://three.arcprize.org/api/cmd/RESET
Traceback (most recent call last):
  File "/home/lvx/.local/lib/python3.12/site-packages/arc_agi/remote_wrapper.py", line 108, in reset
    response.raise_for_status()
  File "/home/lvx/.local/lib/python3.12/site-packages/requests/models.py", line 1028, in raise_for_status
    raise HTTPError(http_error_msg, response=self)
requests.exceptions.HTTPError: 400 Client Error: Bad Request for url: https://three.arcprize.org/api/cmd/RESET
   ⏳ Attente 2.0s...
   🔄 RESET tentative 2/3...
2026-06-16 18:29:11 | ERROR | Failed to reset game ls20-9607627b: 400 Client Error: Bad Request for url: https://three.arcprize.org/api/cmd/RESET
Traceback (most recent call last):
  File "/home/lvx/.local/lib/python3.12/site-packages/arc_agi/remote_wrapper.py", line 108, in reset
    response.raise_for_status()
  File "/home/lvx/.local/lib/python3.12/site-packages/requests/models.py", line 1028, in raise_for_status
    raise HTTPError(http_error_msg, response=self)
requests.exceptions.HTTPError: 400 Client Error: Bad Request for url: https://three.arcprize.org/api/cmd/RESET
   ⏳ Attente 2.0s...
   🔄 RESET tentative 3/3...
2026-06-16 18:29:14 | ERROR | Failed to reset game ls20-9607627b: 400 Client Error: Bad Request for url: https://three.arcprize.org/api/cmd/RESET
Traceback (most recent call last):
  File "/home/lvx/.local/lib/python3.12/site-packages/arc_agi/remote_wrapper.py", line 108, in reset
    response.raise_for_status()
  File "/home/lvx/.local/lib/python3.12/site-packages/requests/models.py", line 1028, in raise_for_status
    raise HTTPError(http_error_msg, response=self)
requests.exceptions.HTTPError: 400 Client Error: Bad Request for url: https://three.arcprize.org/api/cmd/RESET
   ⏳ Attente 2.0s...
   ❌ Impossible de démarrer: Impossible de démarrer après 3 tentatives

================================================================================
TENTATIVE #8 - Temps écoulé: 53.5s / 300s
Temps restant: 246.5s
================================================================================

2026-06-16 18:29:16 | INFO | Successfully fetched metadata for game ls20
2026-06-16 18:29:16 | ERROR | Failed to reset game ls20-9607627b: 400 Client Error: Bad Request for url: https://three.arcprize.org/api/cmd/RESET
Traceback (most recent call last):
  File "/home/lvx/.local/lib/python3.12/site-packages/arc_agi/remote_wrapper.py", line 108, in reset
    response.raise_for_status()
  File "/home/lvx/.local/lib/python3.12/site-packages/requests/models.py", line 1028, in raise_for_status
    raise HTTPError(http_error_msg, response=self)
requests.exceptions.HTTPError: 400 Client Error: Bad Request for url: https://three.arcprize.org/api/cmd/RESET
[MAGEN V40.3] Adaptateur initialisé pour ls20-9607627b
[MAGEN V40.3] Actions disponibles: 6
   🔄 RESET tentative 1/3...
2026-06-16 18:29:17 | ERROR | Failed to reset game ls20-9607627b: 400 Client Error: Bad Request for url: https://three.arcprize.org/api/cmd/RESET
Traceback (most recent call last):
  File "/home/lvx/.local/lib/python3.12/site-packages/arc_agi/remote_wrapper.py", line 108, in reset
    response.raise_for_status()
  File "/home/lvx/.local/lib/python3.12/site-packages/requests/models.py", line 1028, in raise_for_status
    raise HTTPError(http_error_msg, response=self)
requests.exceptions.HTTPError: 400 Client Error: Bad Request for url: https://three.arcprize.org/api/cmd/RESET
   ⏳ Attente 2.0s...
   🔄 RESET tentative 2/3...
2026-06-16 18:29:19 | ERROR | Failed to reset game ls20-9607627b: 400 Client Error: Bad Request for url: https://three.arcprize.org/api/cmd/RESET
Traceback (most recent call last):
  File "/home/lvx/.local/lib/python3.12/site-packages/arc_agi/remote_wrapper.py", line 108, in reset
    response.raise_for_status()
  File "/home/lvx/.local/lib/python3.12/site-packages/requests/models.py", line 1028, in raise_for_status
    raise HTTPError(http_error_msg, response=self)
requests.exceptions.HTTPError: 400 Client Error: Bad Request for url: https://three.arcprize.org/api/cmd/RESET
   ⏳ Attente 2.0s...
   🔄 RESET tentative 3/3...
2026-06-16 18:29:21 | ERROR | Failed to reset game ls20-9607627b: 400 Client Error: Bad Request for url: https://three.arcprize.org/api/cmd/RESET
Traceback (most recent call last):
  File "/home/lvx/.local/lib/python3.12/site-packages/arc_agi/remote_wrapper.py", line 108, in reset
    response.raise_for_status()
  File "/home/lvx/.local/lib/python3.12/site-packages/requests/models.py", line 1028, in raise_for_status
    raise HTTPError(http_error_msg, response=self)
requests.exceptions.HTTPError: 400 Client Error: Bad Request for url: https://three.arcprize.org/api/cmd/RESET
   ⏳ Attente 2.0s...
   ❌ Impossible de démarrer: Impossible de démarrer après 3 tentatives

================================================================================
TENTATIVE #9 - Temps écoulé: 60.8s / 300s
Temps restant: 239.2s
================================================================================

2026-06-16 18:29:23 | INFO | Successfully fetched metadata for game ls20
2026-06-16 18:29:23 | ERROR | Failed to reset game ls20-9607627b: 400 Client Error: Bad Request for url: https://three.arcprize.org/api/cmd/RESET
Traceback (most recent call last):
  File "/home/lvx/.local/lib/python3.12/site-packages/arc_agi/remote_wrapper.py", line 108, in reset
    response.raise_for_status()
  File "/home/lvx/.local/lib/python3.12/site-packages/requests/models.py", line 1028, in raise_for_status
    raise HTTPError(http_error_msg, response=self)
requests.exceptions.HTTPError: 400 Client Error: Bad Request for url: https://three.arcprize.org/api/cmd/RESET
[MAGEN V40.3] Adaptateur initialisé pour ls20-9607627b
[MAGEN V40.3] Actions disponibles: 6
   🔄 RESET tentative 1/3...
2026-06-16 18:29:24 | ERROR | Failed to reset game ls20-9607627b: 400 Client Error: Bad Request for url: https://three.arcprize.org/api/cmd/RESET
Traceback (most recent call last):
  File "/home/lvx/.local/lib/python3.12/site-packages/arc_agi/remote_wrapper.py", line 108, in reset
    response.raise_for_status()
  File "/home/lvx/.local/lib/python3.12/site-packages/requests/models.py", line 1028, in raise_for_status
    raise HTTPError(http_error_msg, response=self)
requests.exceptions.HTTPError: 400 Client Error: Bad Request for url: https://three.arcprize.org/api/cmd/RESET
   ⏳ Attente 2.0s...
   🔄 RESET tentative 2/3...
2026-06-16 18:29:26 | ERROR | Failed to reset game ls20-9607627b: 400 Client Error: Bad Request for url: https://three.arcprize.org/api/cmd/RESET
Traceback (most recent call last):
  File "/home/lvx/.local/lib/python3.12/site-packages/arc_agi/remote_wrapper.py", line 108, in reset
    response.raise_for_status()
  File "/home/lvx/.local/lib/python3.12/site-packages/requests/models.py", line 1028, in raise_for_status
    raise HTTPError(http_error_msg, response=self)
requests.exceptions.HTTPError: 400 Client Error: Bad Request for url: https://three.arcprize.org/api/cmd/RESET
   ⏳ Attente 2.0s...
   🔄 RESET tentative 3/3...
2026-06-16 18:29:28 | ERROR | Failed to reset game ls20-9607627b: 400 Client Error: Bad Request for url: https://three.arcprize.org/api/cmd/RESET
Traceback (most recent call last):
  File "/home/lvx/.local/lib/python3.12/site-packages/arc_agi/remote_wrapper.py", line 108, in reset
    response.raise_for_status()
  File "/home/lvx/.local/lib/python3.12/site-packages/requests/models.py", line 1028, in raise_for_status
    raise HTTPError(http_error_msg, response=self)
requests.exceptions.HTTPError: 400 Client Error: Bad Request for url: https://three.arcprize.org/api/cmd/RESET
   ⏳ Attente 2.0s...
   ❌ Impossible de démarrer: Impossible de démarrer après 3 tentatives

================================================================================
TENTATIVE #10 - Temps écoulé: 68.1s / 300s
Temps restant: 231.9s
================================================================================

2026-06-16 18:29:31 | INFO | Successfully fetched metadata for game ls20
2026-06-16 18:29:31 | ERROR | Failed to reset game ls20-9607627b: 400 Client Error: Bad Request for url: https://three.arcprize.org/api/cmd/RESET
Traceback (most recent call last):
  File "/home/lvx/.local/lib/python3.12/site-packages/arc_agi/remote_wrapper.py", line 108, in reset
    response.raise_for_status()
  File "/home/lvx/.local/lib/python3.12/site-packages/requests/models.py", line 1028, in raise_for_status
    raise HTTPError(http_error_msg, response=self)
requests.exceptions.HTTPError: 400 Client Error: Bad Request for url: https://three.arcprize.org/api/cmd/RESET
[MAGEN V40.3] Adaptateur initialisé pour ls20-9607627b
[MAGEN V40.3] Actions disponibles: 6
   🔄 RESET tentative 1/3...
2026-06-16 18:29:31 | ERROR | Failed to reset game ls20-9607627b: 400 Client Error: Bad Request for url: https://three.arcprize.org/api/cmd/RESET
Traceback (most recent call last):
  File "/home/lvx/.local/lib/python3.12/site-packages/arc_agi/remote_wrapper.py", line 108, in reset
    response.raise_for_status()
  File "/home/lvx/.local/lib/python3.12/site-packages/requests/models.py", line 1028, in raise_for_status
    raise HTTPError(http_error_msg, response=self)
requests.exceptions.HTTPError: 400 Client Error: Bad Request for url: https://three.arcprize.org/api/cmd/RESET
   ⏳ Attente 2.0s...
   🔄 RESET tentative 2/3...
2026-06-16 18:29:34 | ERROR | Failed to reset game ls20-9607627b: 400 Client Error: Bad Request for url: https://three.arcprize.org/api/cmd/RESET
Traceback (most recent call last):
  File "/home/lvx/.local/lib/python3.12/site-packages/arc_agi/remote_wrapper.py", line 108, in reset
    response.raise_for_status()
  File "/home/lvx/.local/lib/python3.12/site-packages/requests/models.py", line 1028, in raise_for_status
    raise HTTPError(http_error_msg, response=self)
requests.exceptions.HTTPError: 400 Client Error: Bad Request for url: https://three.arcprize.org/api/cmd/RESET
   ⏳ Attente 2.0s...
   🔄 RESET tentative 3/3...
2026-06-16 18:29:36 | ERROR | Failed to reset game ls20-9607627b: 400 Client Error: Bad Request for url: https://three.arcprize.org/api/cmd/RESET
Traceback (most recent call last):
  File "/home/lvx/.local/lib/python3.12/site-packages/arc_agi/remote_wrapper.py", line 108, in reset
    response.raise_for_status()
  File "/home/lvx/.local/lib/python3.12/site-packages/requests/models.py", line 1028, in raise_for_status
    raise HTTPError(http_error_msg, response=self)
requests.exceptions.HTTPError: 400 Client Error: Bad Request for url: https://three.arcprize.org/api/cmd/RESET
   ⏳ Attente 2.0s...
   ❌ Impossible de démarrer: Impossible de démarrer après 3 tentatives

================================================================================
TENTATIVE #11 - Temps écoulé: 75.6s / 300s
Temps restant: 224.4s
================================================================================

2026-06-16 18:29:38 | INFO | Successfully fetched metadata for game ls20
2026-06-16 18:29:38 | ERROR | Failed to reset game ls20-9607627b: 400 Client Error: Bad Request for url: https://three.arcprize.org/api/cmd/RESET
Traceback (most recent call last):
  File "/home/lvx/.local/lib/python3.12/site-packages/arc_agi/remote_wrapper.py", line 108, in reset
    response.raise_for_status()
  File "/home/lvx/.local/lib/python3.12/site-packages/requests/models.py", line 1028, in raise_for_status
    raise HTTPError(http_error_msg, response=self)
requests.exceptions.HTTPError: 400 Client Error: Bad Request for url: https://three.arcprize.org/api/cmd/RESET
[MAGEN V40.3] Adaptateur initialisé pour ls20-9607627b
[MAGEN V40.3] Actions disponibles: 6
   🔄 RESET tentative 1/3...
2026-06-16 18:29:39 | ERROR | Failed to reset game ls20-9607627b: 400 Client Error: Bad Request for url: https://three.arcprize.org/api/cmd/RESET
Traceback (most recent call last):
  File "/home/lvx/.local/lib/python3.12/site-packages/arc_agi/remote_wrapper.py", line 108, in reset
    response.raise_for_status()
  File "/home/lvx/.local/lib/python3.12/site-packages/requests/models.py", line 1028, in raise_for_status
    raise HTTPError(http_error_msg, response=self)
requests.exceptions.HTTPError: 400 Client Error: Bad Request for url: https://three.arcprize.org/api/cmd/RESET
   ⏳ Attente 2.0s...
   🔄 RESET tentative 2/3...
2026-06-16 18:29:41 | ERROR | Failed to reset game ls20-9607627b: 400 Client Error: Bad Request for url: https://three.arcprize.org/api/cmd/RESET
Traceback (most recent call last):
  File "/home/lvx/.local/lib/python3.12/site-packages/arc_agi/remote_wrapper.py", line 108, in reset
    response.raise_for_status()
  File "/home/lvx/.local/lib/python3.12/site-packages/requests/models.py", line 1028, in raise_for_status
    raise HTTPError(http_error_msg, response=self)
requests.exceptions.HTTPError: 400 Client Error: Bad Request for url: https://three.arcprize.org/api/cmd/RESET
   ⏳ Attente 2.0s...
   🔄 RESET tentative 3/3...
2026-06-16 18:29:43 | ERROR | Failed to reset game ls20-9607627b: 400 Client Error: Bad Request for url: https://three.arcprize.org/api/cmd/RESET
Traceback (most recent call last):
  File "/home/lvx/.local/lib/python3.12/site-packages/arc_agi/remote_wrapper.py", line 108, in reset
    response.raise_for_status()
  File "/home/lvx/.local/lib/python3.12/site-packages/requests/models.py", line 1028, in raise_for_status
    raise HTTPError(http_error_msg, response=self)
requests.exceptions.HTTPError: 400 Client Error: Bad Request for url: https://three.arcprize.org/api/cmd/RESET
   ⏳ Attente 2.0s...
   ❌ Impossible de démarrer: Impossible de démarrer après 3 tentatives

================================================================================
TENTATIVE #12 - Temps écoulé: 83.0s / 300s
Temps restant: 217.0s
================================================================================

2026-06-16 18:29:46 | INFO | Successfully fetched metadata for game ls20
2026-06-16 18:29:46 | ERROR | Failed to reset game ls20-9607627b: 400 Client Error: Bad Request for url: https://three.arcprize.org/api/cmd/RESET
Traceback (most recent call last):
  File "/home/lvx/.local/lib/python3.12/site-packages/arc_agi/remote_wrapper.py", line 108, in reset
    response.raise_for_status()
  File "/home/lvx/.local/lib/python3.12/site-packages/requests/models.py", line 1028, in raise_for_status
    raise HTTPError(http_error_msg, response=self)
requests.exceptions.HTTPError: 400 Client Error: Bad Request for url: https://three.arcprize.org/api/cmd/RESET
[MAGEN V40.3] Adaptateur initialisé pour ls20-9607627b
[MAGEN V40.3] Actions disponibles: 6
   🔄 RESET tentative 1/3...
2026-06-16 18:29:46 | ERROR | Failed to reset game ls20-9607627b: 400 Client Error: Bad Request for url: https://three.arcprize.org/api/cmd/RESET
Traceback (most recent call last):
  File "/home/lvx/.local/lib/python3.12/site-packages/arc_agi/remote_wrapper.py", line 108, in reset
    response.raise_for_status()
  File "/home/lvx/.local/lib/python3.12/site-packages/requests/models.py", line 1028, in raise_for_status
    raise HTTPError(http_error_msg, response=self)
requests.exceptions.HTTPError: 400 Client Error: Bad Request for url: https://three.arcprize.org/api/cmd/RESET
   ⏳ Attente 2.0s...
   🔄 RESET tentative 2/3...
2026-06-16 18:29:48 | ERROR | Failed to reset game ls20-9607627b: 400 Client Error: Bad Request for url: https://three.arcprize.org/api/cmd/RESET
Traceback (most recent call last):
  File "/home/lvx/.local/lib/python3.12/site-packages/arc_agi/remote_wrapper.py", line 108, in reset
    response.raise_for_status()
  File "/home/lvx/.local/lib/python3.12/site-packages/requests/models.py", line 1028, in raise_for_status
    raise HTTPError(http_error_msg, response=self)
requests.exceptions.HTTPError: 400 Client Error: Bad Request for url: https://three.arcprize.org/api/cmd/RESET
   ⏳ Attente 2.0s...
   🔄 RESET tentative 3/3...
2026-06-16 18:29:51 | ERROR | Failed to reset game ls20-9607627b: 400 Client Error: Bad Request for url: https://three.arcprize.org/api/cmd/RESET
Traceback (most recent call last):
  File "/home/lvx/.local/lib/python3.12/site-packages/arc_agi/remote_wrapper.py", line 108, in reset
    response.raise_for_status()
  File "/home/lvx/.local/lib/python3.12/site-packages/requests/models.py", line 1028, in raise_for_status
    raise HTTPError(http_error_msg, response=self)
requests.exceptions.HTTPError: 400 Client Error: Bad Request for url: https://three.arcprize.org/api/cmd/RESET
   ⏳ Attente 2.0s...
   ❌ Impossible de démarrer: Impossible de démarrer après 3 tentatives

================================================================================
TENTATIVE #13 - Temps écoulé: 90.5s / 300s
Temps restant: 209.5s
================================================================================

2026-06-16 18:29:53 | INFO | Successfully fetched metadata for game ls20
2026-06-16 18:29:53 | ERROR | Failed to reset game ls20-9607627b: 400 Client Error: Bad Request for url: https://three.arcprize.org/api/cmd/RESET
Traceback (most recent call last):
  File "/home/lvx/.local/lib/python3.12/site-packages/arc_agi/remote_wrapper.py", line 108, in reset
    response.raise_for_status()
  File "/home/lvx/.local/lib/python3.12/site-packages/requests/models.py", line 1028, in raise_for_status
    raise HTTPError(http_error_msg, response=self)
requests.exceptions.HTTPError: 400 Client Error: Bad Request for url: https://three.arcprize.org/api/cmd/RESET
[MAGEN V40.3] Adaptateur initialisé pour ls20-9607627b
[MAGEN V40.3] Actions disponibles: 6
   🔄 RESET tentative 1/3...
2026-06-16 18:29:54 | ERROR | Failed to reset game ls20-9607627b: 400 Client Error: Bad Request for url: https://three.arcprize.org/api/cmd/RESET
Traceback (most recent call last):
  File "/home/lvx/.local/lib/python3.12/site-packages/arc_agi/remote_wrapper.py", line 108, in reset
    response.raise_for_status()
  File "/home/lvx/.local/lib/python3.12/site-packages/requests/models.py", line 1028, in raise_for_status
    raise HTTPError(http_error_msg, response=self)
requests.exceptions.HTTPError: 400 Client Error: Bad Request for url: https://three.arcprize.org/api/cmd/RESET
   ⏳ Attente 2.0s...
   🔄 RESET tentative 2/3...
2026-06-16 18:29:56 | ERROR | Failed to reset game ls20-9607627b: 400 Client Error: Bad Request for url: https://three.arcprize.org/api/cmd/RESET
Traceback (most recent call last):
  File "/home/lvx/.local/lib/python3.12/site-packages/arc_agi/remote_wrapper.py", line 108, in reset
    response.raise_for_status()
  File "/home/lvx/.local/lib/python3.12/site-packages/requests/models.py", line 1028, in raise_for_status
    raise HTTPError(http_error_msg, response=self)
requests.exceptions.HTTPError: 400 Client Error: Bad Request for url: https://three.arcprize.org/api/cmd/RESET
   ⏳ Attente 2.0s...
   🔄 RESET tentative 3/3...
2026-06-16 18:29:58 | ERROR | Failed to reset game ls20-9607627b: 400 Client Error: Bad Request for url: https://three.arcprize.org/api/cmd/RESET
Traceback (most recent call last):
  File "/home/lvx/.local/lib/python3.12/site-packages/arc_agi/remote_wrapper.py", line 108, in reset
    response.raise_for_status()
  File "/home/lvx/.local/lib/python3.12/site-packages/requests/models.py", line 1028, in raise_for_status
    raise HTTPError(http_error_msg, response=self)
requests.exceptions.HTTPError: 400 Client Error: Bad Request for url: https://three.arcprize.org/api/cmd/RESET
   ⏳ Attente 2.0s...
   ❌ Impossible de démarrer: Impossible de démarrer après 3 tentatives

================================================================================
TENTATIVE #14 - Temps écoulé: 97.9s / 300s
Temps restant: 202.1s
================================================================================

2026-06-16 18:30:01 | INFO | Successfully fetched metadata for game ls20
2026-06-16 18:30:01 | ERROR | Failed to reset game ls20-9607627b: 400 Client Error: Bad Request for url: https://three.arcprize.org/api/cmd/RESET
Traceback (most recent call last):
  File "/home/lvx/.local/lib/python3.12/site-packages/arc_agi/remote_wrapper.py", line 108, in reset
    response.raise_for_status()
  File "/home/lvx/.local/lib/python3.12/site-packages/requests/models.py", line 1028, in raise_for_status
    raise HTTPError(http_error_msg, response=self)
requests.exceptions.HTTPError: 400 Client Error: Bad Request for url: https://three.arcprize.org/api/cmd/RESET
[MAGEN V40.3] Adaptateur initialisé pour ls20-9607627b
[MAGEN V40.3] Actions disponibles: 6
   🔄 RESET tentative 1/3...
2026-06-16 18:30:02 | ERROR | Failed to reset game ls20-9607627b: 400 Client Error: Bad Request for url: https://three.arcprize.org/api/cmd/RESET
Traceback (most recent call last):
  File "/home/lvx/.local/lib/python3.12/site-packages/arc_agi/remote_wrapper.py", line 108, in reset
    response.raise_for_status()
  File "/home/lvx/.local/lib/python3.12/site-packages/requests/models.py", line 1028, in raise_for_status
    raise HTTPError(http_error_msg, response=self)
requests.exceptions.HTTPError: 400 Client Error: Bad Request for url: https://three.arcprize.org/api/cmd/RESET
   ⏳ Attente 2.0s...
   🔄 RESET tentative 2/3...
2026-06-16 18:30:04 | ERROR | Failed to reset game ls20-9607627b: 400 Client Error: Bad Request for url: https://three.arcprize.org/api/cmd/RESET
Traceback (most recent call last):
  File "/home/lvx/.local/lib/python3.12/site-packages/arc_agi/remote_wrapper.py", line 108, in reset
    response.raise_for_status()
  File "/home/lvx/.local/lib/python3.12/site-packages/requests/models.py", line 1028, in raise_for_status
    raise HTTPError(http_error_msg, response=self)
requests.exceptions.HTTPError: 400 Client Error: Bad Request for url: https://three.arcprize.org/api/cmd/RESET
   ⏳ Attente 2.0s...
   🔄 RESET tentative 3/3...
2026-06-16 18:30:06 | ERROR | Failed to reset game ls20-9607627b: 400 Client Error: Bad Request for url: https://three.arcprize.org/api/cmd/RESET
Traceback (most recent call last):
  File "/home/lvx/.local/lib/python3.12/site-packages/arc_agi/remote_wrapper.py", line 108, in reset
    response.raise_for_status()
  File "/home/lvx/.local/lib/python3.12/site-packages/requests/models.py", line 1028, in raise_for_status
    raise HTTPError(http_error_msg, response=self)
requests.exceptions.HTTPError: 400 Client Error: Bad Request for url: https://three.arcprize.org/api/cmd/RESET
