
================================================================================
SESSION 93 - CARTOGRAPHIE SPATIALE
Jeu: ls20-9607627b
================================================================================

INFO:arc_agi.scorecard:Initialized ScorecardManager with idle_for=0:15:00 and max_open_for=3 days, 0:00:00
2026-06-18 10:08:14 | INFO | Successfully fetched 25 environment(s) from API
✓ Arcade créé
2026-06-18 10:08:14 | INFO | Created new scorecard: ef83c939-b302-4799-aea3-09c589f2844a
2026-06-18 10:08:14 | INFO | Successfully fetched metadata for game ls20
2026-06-18 10:08:14 | INFO | Successfully reset game ls20-9607627b, guid=23dbf96e-6fe2-492b-84a9-dcd5986af074, scorecard_id=ef83c939-b302-4799-aea3-09c589f2844a
✓ Environnement créé

################################################################################
# PHASE 1: CARTOGRAPHIE ACTION1
################################################################################

================================================================================
CARTOGRAPHIE: ACTION1
================================================================================

2026-06-18 10:08:15 | INFO | Successfully reset game ls20-9607627b, guid=23dbf96e-6fe2-492b-84a9-dcd5986af074, scorecard_id=ef83c939-b302-4799-aea3-09c589f2844a
État initial:
  Shape: (64, 64)
  Valeurs uniques: [ 0  1  3  4  5  8  9 11 12]
  Distribution: {np.int8(0): np.int64(3), np.int8(1): np.int64(2), np.int8(3): np.int64(892), np.int8(4): np.int64(2609), np.int8(5): np.int64(439), np.int8(8): np.int64(12), np.int8(9): np.int64(45), np.int8(11): np.int64(84), np.int8(12): np.int64(10)}

Après ACTION1:
  Shape: (64, 64)
  Valeurs uniques: [ 0  1  3  4  5  8  9 11 12]
  Distribution: {np.int8(0): np.int64(3), np.int8(1): np.int64(2), np.int8(3): np.int64(894), np.int8(4): np.int64(2609), np.int8(5): np.int64(439), np.int8(8): np.int64(12), np.int8(9): np.int64(45), np.int8(11): np.int64(82), np.int8(12): np.int64(10)}

Changements détectés: 52

Répartition par quadrant:
  bottom_left: 2 changements
  bottom_right: 50 changements

Transitions de valeurs:
  3→9: 15 fois
  9→3: 15 fois
  3→12: 10 fois
  12→3: 10 fois
  11→3: 2 fois

Coordonnées:
  Y: min=40, max=62, range=23
  X: min=13, max=38, range=26

Génération visualisation: session93_ACTION1_visualization.png
✓ Visualisation sauvegardée

================================================================================
ANALYSE COMPOSANTES: ACTION1
================================================================================

Valeur 0:
  Avant: 1 composantes, 3 pixels
  Après: 1 composantes, 3 pixels
    Composante 1: déplacement (dy=0.0, dx=0.0)
Valeur 1:
  Avant: 2 composantes, 2 pixels
  Après: 2 composantes, 2 pixels
    Composante 1: déplacement (dy=0.0, dx=0.0)
    Composante 2: déplacement (dy=0.0, dx=0.0)
Valeur 3:
  Avant: 1 composantes, 892 pixels
  Après: 2 composantes, 894 pixels
Valeur 4:
  Avant: 2 composantes, 2609 pixels
  Après: 2 composantes, 2609 pixels
    Composante 1: déplacement (dy=0.0, dx=0.0)
    Composante 2: déplacement (dy=0.0, dx=0.0)
Valeur 5:
  Avant: 4 composantes, 439 pixels
  Après: 4 composantes, 439 pixels
    Composante 1: déplacement (dy=0.0, dx=0.0)
    Composante 2: déplacement (dy=0.0, dx=0.0)
    Composante 3: déplacement (dy=0.0, dx=0.0)
    Composante 4: déplacement (dy=0.0, dx=0.0)
Valeur 8:
  Avant: 3 composantes, 12 pixels
  Après: 3 composantes, 12 pixels
    Composante 1: déplacement (dy=0.0, dx=0.0)
    Composante 2: déplacement (dy=0.0, dx=0.0)
    Composante 3: déplacement (dy=0.0, dx=0.0)
Valeur 9:
  Avant: 5 composantes, 45 pixels
  Après: 5 composantes, 45 pixels
    Composante 1: déplacement (dy=0.0, dx=0.0)
    Composante 2: déplacement (dy=0.0, dx=0.0)
    Composante 3: déplacement (dy=-5.0, dx=0.0)
    Composante 4: déplacement (dy=0.0, dx=0.0)
    Composante 5: déplacement (dy=0.0, dx=0.0)
Valeur 11:
  Avant: 1 composantes, 84 pixels
  Après: 1 composantes, 82 pixels
    Composante 1: déplacement (dy=0.0, dx=0.5)
Valeur 12:
  Avant: 1 composantes, 10 pixels
  Après: 1 composantes, 10 pixels
    Composante 1: déplacement (dy=-5.0, dx=0.0)

################################################################################
# PHASE 2: CARTOGRAPHIE ACTION3
################################################################################

================================================================================
CARTOGRAPHIE: ACTION3
================================================================================

2026-06-18 10:08:16 | INFO | Successfully reset game ls20-9607627b, guid=23dbf96e-6fe2-492b-84a9-dcd5986af074, scorecard_id=ef83c939-b302-4799-aea3-09c589f2844a
État initial:
  Shape: (64, 64)
  Valeurs uniques: [ 0  1  3  4  5  8  9 11 12]
  Distribution: {np.int8(0): np.int64(3), np.int8(1): np.int64(2), np.int8(3): np.int64(892), np.int8(4): np.int64(2609), np.int8(5): np.int64(439), np.int8(8): np.int64(12), np.int8(9): np.int64(45), np.int8(11): np.int64(84), np.int8(12): np.int64(10)}

Après ACTION3:
  Shape: (64, 64)
  Valeurs uniques: [ 0  1  3  4  5  8  9 11 12]
  Distribution: {np.int8(0): np.int64(3), np.int8(1): np.int64(2), np.int8(3): np.int64(894), np.int8(4): np.int64(2609), np.int8(5): np.int64(439), np.int8(8): np.int64(12), np.int8(9): np.int64(45), np.int8(11): np.int64(82), np.int8(12): np.int64(10)}

Changements détectés: 52

Répartition par quadrant:
  bottom_left: 17 changements
  bottom_right: 35 changements

Transitions de valeurs:
  3→9: 15 fois
  9→3: 15 fois
  3→12: 10 fois
  12→3: 10 fois
  11→3: 2 fois

Coordonnées:
  Y: min=45, max=62, range=18
  X: min=13, max=38, range=26

Génération visualisation: session93_ACTION3_visualization.png
✓ Visualisation sauvegardée

================================================================================
ANALYSE COMPOSANTES: ACTION3
================================================================================

Valeur 0:
  Avant: 1 composantes, 3 pixels
  Après: 1 composantes, 3 pixels
    Composante 1: déplacement (dy=0.0, dx=0.0)
Valeur 1:
  Avant: 2 composantes, 2 pixels
  Après: 2 composantes, 2 pixels
    Composante 1: déplacement (dy=0.0, dx=0.0)
    Composante 2: déplacement (dy=0.0, dx=0.0)
Valeur 3:
  Avant: 1 composantes, 892 pixels
  Après: 2 composantes, 894 pixels
Valeur 4:
  Avant: 2 composantes, 2609 pixels
  Après: 2 composantes, 2609 pixels
    Composante 1: déplacement (dy=0.0, dx=0.0)
    Composante 2: déplacement (dy=0.0, dx=0.0)
Valeur 5:
  Avant: 4 composantes, 439 pixels
  Après: 4 composantes, 439 pixels
    Composante 1: déplacement (dy=0.0, dx=0.0)
    Composante 2: déplacement (dy=0.0, dx=0.0)
    Composante 3: déplacement (dy=0.0, dx=0.0)
    Composante 4: déplacement (dy=0.0, dx=0.0)
Valeur 8:
  Avant: 3 composantes, 12 pixels
  Après: 3 composantes, 12 pixels
    Composante 1: déplacement (dy=0.0, dx=0.0)
    Composante 2: déplacement (dy=0.0, dx=0.0)
    Composante 3: déplacement (dy=0.0, dx=0.0)
Valeur 9:
  Avant: 5 composantes, 45 pixels
  Après: 5 composantes, 45 pixels
    Composante 1: déplacement (dy=0.0, dx=0.0)
    Composante 2: déplacement (dy=0.0, dx=0.0)
    Composante 3: déplacement (dy=0.0, dx=-5.0)
    Composante 4: déplacement (dy=0.0, dx=0.0)
    Composante 5: déplacement (dy=0.0, dx=0.0)
Valeur 11:
  Avant: 1 composantes, 84 pixels
  Après: 1 composantes, 82 pixels
    Composante 1: déplacement (dy=0.0, dx=0.5)
Valeur 12:
  Avant: 1 composantes, 10 pixels
  Après: 1 composantes, 10 pixels
    Composante 1: déplacement (dy=0.0, dx=-5.0)

################################################################################
# PHASE 3: COMPARAISON ACTION1 vs ACTION3
################################################################################

================================================================================
COMPARAISON: ACTION1 vs ACTION3
================================================================================

Nombre de changements:
  ACTION1: 52
  ACTION3: 52

Décalages Y:
  Min: 0, Max: 5, Unique: {0, 1, 2, 3, 4, 5}

Décalages X:
  Min: -5, Max: 0, Unique: {0, -5}

Inversions de valeurs: 10/52

❌ Décalages non uniformes

================================================================================
RÉSULTATS SAUVEGARDÉS: session93_spatial_mapping_20260618_100818.json
================================================================================

✓ Cartographie terminée avec succès
✓ Résultats dans: session93_spatial_mapping_20260618_100818.json
✓ Visualisations:
  - session93_ACTION1_visualization.png
  - session93_ACTION3_visualization.png
