
================================================================================
SESSION 84 - COMPARAISON COMPLÈTE 52 PIXELS
================================================================================

Objectif: Vérifier si ACTION1/2/3/4 sont RÉELLEMENT identiques
Méthode: Comparer TOUS les 52 pixels modifiés (pas seulement value=11)

================================================================================
INITIALISATION ENVIRONNEMENT
================================================================================
✅ Game ID vérifié: ls20-9607627b
INFO:arc_agi.scorecard:Initialized ScorecardManager with idle_for=0:15:00 and max_open_for=3 days, 0:00:00
2026-06-18 00:00:16 | INFO | Got anonymous API key: 5bbd6e18-fb73-4497-b47a-7d8b86c8d6fb
2026-06-18 00:00:16 | INFO | You can register for an API key at https://three.arcprize.org
2026-06-18 00:00:16 | INFO | Successfully fetched 25 environment(s) from API
2026-06-18 00:00:17 | INFO | Created new scorecard: 3c7afd70-8d10-4876-a331-040f433fa2b3
2026-06-18 00:00:17 | INFO | Successfully fetched metadata for game ls20
2026-06-18 00:00:17 | INFO | Successfully reset game ls20-9607627b, guid=f07ee08a-45c2-4338-bc3a-760ca1b665da, scorecard_id=3c7afd70-8d10-4876-a331-040f433fa2b3
✅ Environnement créé pour ls20-9607627b
2026-06-18 00:00:17 | INFO | Successfully reset game ls20-9607627b, guid=f07ee08a-45c2-4338-bc3a-760ca1b665da, scorecard_id=3c7afd70-8d10-4876-a331-040f433fa2b3
✅ Frame shape: (64, 64)

================================================================================
ANALYSE COMPLÈTE ACTION1
================================================================================
2026-06-18 00:00:18 | INFO | Successfully reset game ls20-9607627b, guid=f07ee08a-45c2-4338-bc3a-760ca1b665da, scorecard_id=3c7afd70-8d10-4876-a331-040f433fa2b3

📊 Pixels modifiés: 52

🔍 Premières 10 transformations:
  1. (40, 34): 3 → 12
  2. (40, 35): 3 → 12
  3. (40, 36): 3 → 12
  4. (40, 37): 3 → 12
  5. (40, 38): 3 → 12
  6. (41, 34): 3 → 12
  7. (41, 35): 3 → 12
  8. (41, 36): 3 → 12
  9. (41, 37): 3 → 12
  10. (41, 38): 3 → 12
  ... et 42 autres

📈 Types de transformations:
  11→3: 2 pixels
  12→3: 10 pixels
  3→12: 10 pixels
  3→9: 15 pixels
  9→3: 15 pixels

================================================================================
ANALYSE COMPLÈTE ACTION2
================================================================================
2026-06-18 00:00:18 | INFO | Successfully reset game ls20-9607627b, guid=f07ee08a-45c2-4338-bc3a-760ca1b665da, scorecard_id=3c7afd70-8d10-4876-a331-040f433fa2b3

📊 Pixels modifiés: 2

🔍 Premières 10 transformations:
  1. (61, 13): 11 → 3
  2. (62, 13): 11 → 3

📈 Types de transformations:
  11→3: 2 pixels

================================================================================
ANALYSE COMPLÈTE ACTION3
================================================================================
2026-06-18 00:00:19 | INFO | Successfully reset game ls20-9607627b, guid=f07ee08a-45c2-4338-bc3a-760ca1b665da, scorecard_id=3c7afd70-8d10-4876-a331-040f433fa2b3

📊 Pixels modifiés: 52

🔍 Premières 10 transformations:
  1. (45, 29): 3 → 12
  2. (45, 30): 3 → 12
  3. (45, 31): 3 → 12
  4. (45, 32): 3 → 12
  5. (45, 33): 3 → 12
  6. (45, 34): 12 → 3
  7. (45, 35): 12 → 3
  8. (45, 36): 12 → 3
  9. (45, 37): 12 → 3
  10. (45, 38): 12 → 3
  ... et 42 autres

📈 Types de transformations:
  11→3: 2 pixels
  12→3: 10 pixels
  3→12: 10 pixels
  3→9: 15 pixels
  9→3: 15 pixels

================================================================================
ANALYSE COMPLÈTE ACTION4
================================================================================
2026-06-18 00:00:20 | INFO | Successfully reset game ls20-9607627b, guid=f07ee08a-45c2-4338-bc3a-760ca1b665da, scorecard_id=3c7afd70-8d10-4876-a331-040f433fa2b3

📊 Pixels modifiés: 52

🔍 Premières 10 transformations:
  1. (45, 34): 12 → 3
  2. (45, 35): 12 → 3
  3. (45, 36): 12 → 3
  4. (45, 37): 12 → 3
  5. (45, 38): 12 → 3
  6. (45, 39): 3 → 12
  7. (45, 40): 3 → 12
  8. (45, 41): 3 → 12
  9. (45, 42): 3 → 12
  10. (45, 43): 3 → 12
  ... et 42 autres

📈 Types de transformations:
  11→3: 2 pixels
  12→3: 10 pixels
  3→12: 10 pixels
  3→9: 15 pixels
  9→3: 15 pixels

================================================================================
COMPARAISON COMPLÈTE DES ACTIONS
================================================================================

📊 Nombre de pixels modifiés:
  ACTION1: 52 pixels
  ACTION2: 2 pixels
  ACTION3: 52 pixels
  ACTION4: 52 pixels

📈 Types de transformations par action:

  ACTION1:
    11→3: 2 pixels
    12→3: 10 pixels
    3→12: 10 pixels
    3→9: 15 pixels
    9→3: 15 pixels

  ACTION2:
    11→3: 2 pixels

  ACTION3:
    11→3: 2 pixels
    12→3: 10 pixels
    3→12: 10 pixels
    3→9: 15 pixels
    9→3: 15 pixels

  ACTION4:
    11→3: 2 pixels
    12→3: 10 pixels
    3→12: 10 pixels
    3→9: 15 pixels
    9→3: 15 pixels

================================================================================
COMPARAISON PIXEL PAR PIXEL: ACTION1 vs ACTION2
================================================================================

🔍 Intersection: 2 transformations identiques
🔍 Uniquement dans ACTION1: 50 transformations
🔍 Uniquement dans ACTION2: 0 transformations

  Transformations uniquement dans ACTION1 (max 5):
    (41, 35): 3 → 12
    (47, 38): 9 → 3
    (42, 35): 3 → 9
    (45, 38): 12 → 3
    (46, 34): 12 → 3

❌ ACTION1 et ACTION2 sont DIFFÉRENTES

================================================================================
COMPARAISON: ACTION1 vs ACTION3 vs ACTION4
================================================================================

🔍 Intersection ACTION1 ∩ ACTION3 ∩ ACTION4: 27
🔍 Union ACTION1 ∪ ACTION3 ∪ ACTION4: 102

❌ ACTION1, ACTION3 et ACTION4 sont DIFFÉRENTES

✅ Résultats sauvegardés: session84_complete_comparison_20260618_000020.json

================================================================================
✅ SESSION 84 COMPLÉTÉE
================================================================================
