================================================================================
SESSION 96 - IDENTIFICATION CONDITION DE VICTOIRE
================================================================================
Date: 2026-06-18T11:04:51.942985
================================================================================
INFO:arc_agi.scorecard:Initialized ScorecardManager with idle_for=0:15:00 and max_open_for=3 days, 0:00:00
2026-06-18 11:04:52 | INFO | Got anonymous API key: 405e5403-499b-49f8-9fea-b3ee3168e0ae
2026-06-18 11:04:52 | INFO | You can register for an API key at https://three.arcprize.org
2026-06-18 11:04:53 | INFO | Successfully fetched 25 environment(s) from API
2026-06-18 11:04:53 | INFO | Created new scorecard: ecd15a8e-85c7-4581-855e-7533636712c3
2026-06-18 11:04:53 | INFO | Successfully fetched metadata for game ls20
2026-06-18 11:04:53 | INFO | Successfully reset game ls20-9607627b, guid=54585d91-18b1-45a0-bf7c-a782fb19a897, scorecard_id=ecd15a8e-85c7-4581-855e-7533636712c3

================================================================================
PRIORITÉ 1: VISUALISATION ÉTAT BLOQUÉ (ACTION4×42)
================================================================================
2026-06-18 11:04:53 | INFO | Successfully reset game ls20-9607627b, guid=54585d91-18b1-45a0-bf7c-a782fb19a897, scorecard_id=ecd15a8e-85c7-4581-855e-7533636712c3

✅ Image sauvegardée: /home/lvx/LVX/lumvorax2/src/MAGEN/session96_blocked_state.png

=== POSITIONS DES ÉLÉMENTS CRITIQUES ===

Valeur 8: 12 pixels
  Premières positions:
    Ligne 61, Colonne 56
    Ligne 61, Colonne 57
    Ligne 61, Colonne 59
    Ligne 61, Colonne 60
    Ligne 61, Colonne 62
    ... et 7 autres

Valeur 9: 45 pixels
  Premières positions:
    Ligne 11, Colonne 35
    Ligne 11, Colonne 36
    Ligne 11, Colonne 37
    Ligne 12, Colonne 37
    Ligne 13, Colonne 35
    ... et 40 autres

Valeur 12: 10 pixels
  Premières positions:
    Ligne 45, Colonne 49
    Ligne 45, Colonne 50
    Ligne 45, Colonne 51
    Ligne 45, Colonne 52
    Ligne 45, Colonne 53
    ... et 5 autres

Valeur 11: 0 pixels

================================================================================
PRIORITÉ 2: CARTOGRAPHIE ACTION4 PIXEL-PAR-PIXEL
================================================================================
2026-06-18 11:05:08 | INFO | Successfully reset game ls20-9607627b, guid=54585d91-18b1-45a0-bf7c-a782fb19a897, scorecard_id=ecd15a8e-85c7-4581-855e-7533636712c3

Nombre de pixels modifiés: 52

Transitions de valeurs:
  11→3: 2 fois
  12→3: 10 fois
  3→12: 10 fois
  3→9: 15 fois
  9→3: 15 fois

=== ANALYSE DES COMPOSANTES ===

Valeur 9:
  Composantes avant: 5
  Composantes après: 5
  Composante 1: dy=0.00, dx=0.00
  Composante 2: dy=-1.40, dx=1.40
  Composante 3: dy=0.00, dx=5.00
  Composante 4: dy=0.00, dx=0.00
  Composante 5: dy=-2.80, dx=-2.80

Valeur 12:
  Composantes avant: 1
  Composantes après: 1
  Composante 1: dy=0.00, dx=5.00

================================================================================
PRIORITÉ 3: TEST HYPOTHÈSE OVERLAP EXACT
================================================================================
2026-06-18 11:05:08 | INFO | Successfully reset game ls20-9607627b, guid=54585d91-18b1-45a0-bf7c-a782fb19a897, scorecard_id=ecd15a8e-85c7-4581-855e-7533636712c3

Step  0:
  Overlap: 0 pixels
  Timer: 84
  Distance: 21.63
  Victoire: False

Step 10:
  Overlap: 0 pixels
  Timer: 64
  Distance: 12.37
  Victoire: False

Step 20:
  Overlap: 0 pixels
  Timer: 44
  Distance: 12.37
  Victoire: False

Step 30:
  Overlap: 0 pixels
  Timer: 24
  Distance: 12.37
  Victoire: False

Step 40:
  Overlap: 0 pixels
  Timer: 4
  Distance: 12.37
  Victoire: False

Step 41:
  Overlap: 0 pixels
  Timer: 2
  Distance: 12.37
  Victoire: False

❌ Aucune victoire après 42 steps
   Overlap max: 0

================================================================================
PRIORITÉ 4: EXPLORATION ACTIONS APRÈS BLOCAGE
================================================================================
2026-06-18 11:05:21 | INFO | Successfully reset game ls20-9607627b, guid=54585d91-18b1-45a0-bf7c-a782fb19a897, scorecard_id=ecd15a8e-85c7-4581-855e-7533636712c3

État bloqué atteint (distance=12.37)

--- Actions simples après blocage ---
2026-06-18 11:05:25 | INFO | Successfully reset game ls20-9607627b, guid=54585d91-18b1-45a0-bf7c-a782fb19a897, scorecard_id=ecd15a8e-85c7-4581-855e-7533636712c3
  ACTION4×10 + ACTION1: distance=17.26 (Δ=+4.89)
2026-06-18 11:05:29 | INFO | Successfully reset game ls20-9607627b, guid=54585d91-18b1-45a0-bf7c-a782fb19a897, scorecard_id=ecd15a8e-85c7-4581-855e-7533636712c3
  ACTION4×10 + ACTION2: distance=12.37 (Δ=+0.00)
2026-06-18 11:05:32 | INFO | Successfully reset game ls20-9607627b, guid=54585d91-18b1-45a0-bf7c-a782fb19a897, scorecard_id=ecd15a8e-85c7-4581-855e-7533636712c3
  ACTION4×10 + ACTION3: distance=14.42 (Δ=+2.05)
2026-06-18 11:05:36 | INFO | Successfully reset game ls20-9607627b, guid=54585d91-18b1-45a0-bf7c-a782fb19a897, scorecard_id=ecd15a8e-85c7-4581-855e-7533636712c3
  ACTION4×10 + ACTION4: distance=12.37 (Δ=+0.00)

--- Paires d'actions après blocage ---
2026-06-18 11:05:39 | INFO | Successfully reset game ls20-9607627b, guid=54585d91-18b1-45a0-bf7c-a782fb19a897, scorecard_id=ecd15a8e-85c7-4581-855e-7533636712c3
2026-06-18 11:05:43 | INFO | Successfully reset game ls20-9607627b, guid=54585d91-18b1-45a0-bf7c-a782fb19a897, scorecard_id=ecd15a8e-85c7-4581-855e-7533636712c3
2026-06-18 11:05:47 | INFO | Successfully reset game ls20-9607627b, guid=54585d91-18b1-45a0-bf7c-a782fb19a897, scorecard_id=ecd15a8e-85c7-4581-855e-7533636712c3
2026-06-18 11:05:51 | INFO | Successfully reset game ls20-9607627b, guid=54585d91-18b1-45a0-bf7c-a782fb19a897, scorecard_id=ecd15a8e-85c7-4581-855e-7533636712c3
2026-06-18 11:05:55 | INFO | Successfully reset game ls20-9607627b, guid=54585d91-18b1-45a0-bf7c-a782fb19a897, scorecard_id=ecd15a8e-85c7-4581-855e-7533636712c3
2026-06-18 11:05:59 | INFO | Successfully reset game ls20-9607627b, guid=54585d91-18b1-45a0-bf7c-a782fb19a897, scorecard_id=ecd15a8e-85c7-4581-855e-7533636712c3
2026-06-18 11:06:02 | INFO | Successfully reset game ls20-9607627b, guid=54585d91-18b1-45a0-bf7c-a782fb19a897, scorecard_id=ecd15a8e-85c7-4581-855e-7533636712c3
2026-06-18 11:06:07 | INFO | Successfully reset game ls20-9607627b, guid=54585d91-18b1-45a0-bf7c-a782fb19a897, scorecard_id=ecd15a8e-85c7-4581-855e-7533636712c3
2026-06-18 11:06:11 | INFO | Successfully reset game ls20-9607627b, guid=54585d91-18b1-45a0-bf7c-a782fb19a897, scorecard_id=ecd15a8e-85c7-4581-855e-7533636712c3
2026-06-18 11:06:15 | INFO | Successfully reset game ls20-9607627b, guid=54585d91-18b1-45a0-bf7c-a782fb19a897, scorecard_id=ecd15a8e-85c7-4581-855e-7533636712c3
2026-06-18 11:06:19 | INFO | Successfully reset game ls20-9607627b, guid=54585d91-18b1-45a0-bf7c-a782fb19a897, scorecard_id=ecd15a8e-85c7-4581-855e-7533636712c3
2026-06-18 11:06:24 | INFO | Successfully reset game ls20-9607627b, guid=54585d91-18b1-45a0-bf7c-a782fb19a897, scorecard_id=ecd15a8e-85c7-4581-855e-7533636712c3
2026-06-18 11:06:28 | INFO | Successfully reset game ls20-9607627b, guid=54585d91-18b1-45a0-bf7c-a782fb19a897, scorecard_id=ecd15a8e-85c7-4581-855e-7533636712c3
2026-06-18 11:06:31 | INFO | Successfully reset game ls20-9607627b, guid=54585d91-18b1-45a0-bf7c-a782fb19a897, scorecard_id=ecd15a8e-85c7-4581-855e-7533636712c3
2026-06-18 11:06:35 | INFO | Successfully reset game ls20-9607627b, guid=54585d91-18b1-45a0-bf7c-a782fb19a897, scorecard_id=ecd15a8e-85c7-4581-855e-7533636712c3
2026-06-18 11:06:38 | INFO | Successfully reset game ls20-9607627b, guid=54585d91-18b1-45a0-bf7c-a782fb19a897, scorecard_id=ecd15a8e-85c7-4581-855e-7533636712c3

❌ Aucune victoire trouvée

Meilleure action après blocage: ACTION2
  Distance: 12.37 (Δ=+0.00)

================================================================================
Résultats sauvegardés: /home/lvx/LVX/lumvorax2/src/MAGEN/session96_identify_win_condition_20260618_110642.json
================================================================================
