================================================================================
SESSION 97 - ANALYSE EXHAUSTIVE ACTION2
================================================================================
Date: 2026-06-18T11:17:08.550688
================================================================================

================================================================================
PRIORITÉ 1: CAPTURE DES 50 ÉTATS ACTION2
================================================================================
INFO:arc_agi.scorecard:Initialized ScorecardManager with idle_for=0:15:00 and max_open_for=3 days, 0:00:00
2026-06-18 11:17:09 | INFO | Got anonymous API key: 6e4b6523-1e33-4b98-b44e-cb992d72ace7
2026-06-18 11:17:09 | INFO | You can register for an API key at https://three.arcprize.org
2026-06-18 11:17:09 | INFO | Successfully fetched 25 environment(s) from API
2026-06-18 11:17:09 | INFO | Created new scorecard: 97118f0d-1765-4153-a885-99cd92476d10
2026-06-18 11:17:10 | INFO | Successfully fetched metadata for game ls20
2026-06-18 11:17:10 | INFO | Successfully reset game ls20-9607627b, guid=30f33889-329f-41c0-9423-0ac380adff19, scorecard_id=97118f0d-1765-4153-a885-99cd92476d10
2026-06-18 11:17:10 | INFO | Successfully reset game ls20-9607627b, guid=30f33889-329f-41c0-9423-0ac380adff19, scorecard_id=97118f0d-1765-4153-a885-99cd92476d10

État initial capturé
  Hash: 48ff7b77c7ae1ef4...
  Distance: 21.63
  Distribution: {0: 3, 1: 2, 3: 892, 4: 2609, 5: 439, 8: 12, 9: 45, 11: 84, 12: 10}

Step 9: 10 états uniques capturés
  Distance: 21.63

Step 19: 20 états uniques capturés
  Distance: 21.63

Step 29: 30 états uniques capturés
  Distance: 21.63

Step 39: 40 états uniques capturés
  Distance: 21.63

Step 49: 50 états uniques capturés
  Distance: 21.63

✅ 50 états uniques capturés au step 49

=== RÉSUMÉ CAPTURE ===
Total états uniques: 50
Total steps exécutés: 49

================================================================================
PRIORITÉ 2: ANALYSE TRANSITIONS PIXEL-PAR-PIXEL
================================================================================
INFO:arc_agi.scorecard:Initialized ScorecardManager with idle_for=0:15:00 and max_open_for=3 days, 0:00:00
2026-06-18 11:17:26 | INFO | Got anonymous API key: 6cb75496-7de6-49be-96ca-8c06571c3755
2026-06-18 11:17:26 | INFO | You can register for an API key at https://three.arcprize.org
2026-06-18 11:17:26 | INFO | Successfully fetched 25 environment(s) from API
2026-06-18 11:17:26 | INFO | Created new scorecard: 0f7c4635-ce3c-4336-93ff-e6c97f1d8440
2026-06-18 11:17:26 | INFO | Successfully fetched metadata for game ls20
2026-06-18 11:17:27 | INFO | Successfully reset game ls20-9607627b, guid=4640435d-b77e-4bbd-9321-1606f07c1f14, scorecard_id=0f7c4635-ce3c-4336-93ff-e6c97f1d8440
2026-06-18 11:17:27 | INFO | Successfully reset game ls20-9607627b, guid=4640435d-b77e-4bbd-9321-1606f07c1f14, scorecard_id=0f7c4635-ce3c-4336-93ff-e6c97f1d8440

Step 1:
  Changements: 2 pixels
  Transitions: {'11→3': 2}

Step 2:
  Changements: 2 pixels
  Transitions: {'11→3': 2}

Step 3:
  Changements: 2 pixels
  Transitions: {'11→3': 2}

Step 4:
  Changements: 2 pixels
  Transitions: {'11→3': 2}

Step 5:
  Changements: 2 pixels
  Transitions: {'11→3': 2}

Step 6:
  Changements: 2 pixels
  Transitions: {'11→3': 2}

Step 7:
  Changements: 2 pixels
  Transitions: {'11→3': 2}

Step 8:
  Changements: 2 pixels
  Transitions: {'11→3': 2}

Step 9:
  Changements: 2 pixels
  Transitions: {'11→3': 2}

Step 10:
  Changements: 2 pixels
  Transitions: {'11→3': 2}

Step 11:
  Changements: 2 pixels
  Transitions: {'11→3': 2}

Step 12:
  Changements: 2 pixels
  Transitions: {'11→3': 2}

Step 13:
  Changements: 2 pixels
  Transitions: {'11→3': 2}

Step 14:
  Changements: 2 pixels
  Transitions: {'11→3': 2}

Step 15:
  Changements: 2 pixels
  Transitions: {'11→3': 2}

Step 16:
  Changements: 2 pixels
  Transitions: {'11→3': 2}

Step 17:
  Changements: 2 pixels
  Transitions: {'11→3': 2}

Step 18:
  Changements: 2 pixels
  Transitions: {'11→3': 2}

Step 19:
  Changements: 2 pixels
  Transitions: {'11→3': 2}

Step 20:
  Changements: 2 pixels
  Transitions: {'11→3': 2}

=== STATISTIQUES TRANSITIONS ===
Total transitions analysées: 20
Total changements: 40 pixels
Moyenne changements/step: 2.00 pixels

================================================================================
PRIORITÉ 3: TEST EFFET CUMULATIF ACTION2
================================================================================
INFO:arc_agi.scorecard:Initialized ScorecardManager with idle_for=0:15:00 and max_open_for=3 days, 0:00:00
2026-06-18 11:17:34 | INFO | Got anonymous API key: 33423ecd-8dd2-46f8-a5bb-372fa7cfe5d3
2026-06-18 11:17:34 | INFO | You can register for an API key at https://three.arcprize.org
2026-06-18 11:17:34 | INFO | Successfully fetched 25 environment(s) from API
2026-06-18 11:17:34 | INFO | Created new scorecard: abf51ea6-232f-444c-ab98-6cf27608a2a1
2026-06-18 11:17:34 | INFO | Successfully fetched metadata for game ls20
2026-06-18 11:17:35 | INFO | Successfully reset game ls20-9607627b, guid=e1acea40-37e6-4642-b4d8-c52d54a151ed, scorecard_id=abf51ea6-232f-444c-ab98-6cf27608a2a1
2026-06-18 11:17:35 | INFO | Successfully reset game ls20-9607627b, guid=e1acea40-37e6-4642-b4d8-c52d54a151ed, scorecard_id=abf51ea6-232f-444c-ab98-6cf27608a2a1

ACTION2×5:
  Distance: 21.63 → 21.63 (Δ=+0.00)
  Changements: 10 pixels
2026-06-18 11:17:37 | INFO | Successfully fetched metadata for game ls20
2026-06-18 11:17:37 | ERROR | Failed to reset game ls20-9607627b: 400 Client Error: Bad Request for url: https://three.arcprize.org/api/cmd/RESET
Traceback (most recent call last):
  File "/home/lvx/.local/lib/python3.12/site-packages/arc_agi/remote_wrapper.py", line 108, in reset
    response.raise_for_status()
  File "/home/lvx/.local/lib/python3.12/site-packages/requests/models.py", line 1028, in raise_for_status
    raise HTTPError(http_error_msg, response=self)
requests.exceptions.HTTPError: 400 Client Error: Bad Request for url: https://three.arcprize.org/api/cmd/RESET
2026-06-18 11:17:37 | ERROR | Failed to reset game ls20-9607627b: 400 Client Error: Bad Request for url: https://three.arcprize.org/api/cmd/RESET
Traceback (most recent call last):
  File "/home/lvx/.local/lib/python3.12/site-packages/arc_agi/remote_wrapper.py", line 108, in reset
    response.raise_for_status()
  File "/home/lvx/.local/lib/python3.12/site-packages/requests/models.py", line 1028, in raise_for_status
    raise HTTPError(http_error_msg, response=self)
requests.exceptions.HTTPError: 400 Client Error: Bad Request for url: https://three.arcprize.org/api/cmd/RESET
Traceback (most recent call last):
  File "/home/lvx/LVX/lumvorax2/src/MAGEN/session97_action2_exhaustive_v2.py", line 354, in <module>
    main()
  File "/home/lvx/LVX/lumvorax2/src/MAGEN/session97_action2_exhaustive_v2.py", line 337, in main
    results['priorite3'] = priorite3_tester_effet_cumulatif()
                           ^^^^^^^^^^^^^^^^^^^^^^^^^^^^^^^^^^
  File "/home/lvx/LVX/lumvorax2/src/MAGEN/session97_action2_exhaustive_v2.py", line 225, in priorite3_tester_effet_cumulatif
    frame_initial = extract_frame(obs).copy()
                    ^^^^^^^^^^^^^^^^^^
  File "/home/lvx/LVX/lumvorax2/src/MAGEN/session97_action2_exhaustive_v2.py", line 33, in extract_frame
    frame = obs.frame
            ^^^^^^^^^
AttributeError: 'NoneType' object has no attribute 'frame'
