
################################################################################
# SESSION 92 - DIAGNOSTIC MÉCANIQUE ACTIONS
# Jeu: ls20-9607627b
# Timestamp: 2026-06-18T09:55:08.266026
################################################################################


================================================================================
INITIALISATION JEU: ls20-9607627b
================================================================================

INFO:arc_agi.scorecard:Initialized ScorecardManager with idle_for=0:15:00 and max_open_for=3 days, 0:00:00
2026-06-18 09:55:08 | INFO | Successfully fetched 25 environment(s) from API
✓ Arcade créé
2026-06-18 09:55:09 | INFO | Created new scorecard: 033e4baa-0c1c-4ffb-8cd6-5cc9d77628fe
2026-06-18 09:55:09 | INFO | Successfully fetched metadata for game ls20
2026-06-18 09:55:09 | INFO | Successfully reset game ls20-9607627b, guid=d7ae01a3-7776-46a1-9b74-2e441b9181d8, scorecard_id=033e4baa-0c1c-4ffb-8cd6-5cc9d77628fe
✓ Environnement créé pour ls20-9607627b

================================================================================
QUESTION 1: ACTION1-4 SONT-ELLES DIFFÉRENTES?
================================================================================


--- Test ACTION1 ---
2026-06-18 09:55:09 | INFO | Successfully reset game ls20-9607627b, guid=d7ae01a3-7776-46a1-9b74-2e441b9181d8, scorecard_id=033e4baa-0c1c-4ffb-8cd6-5cc9d77628fe
  Test 1: Signature = {3: 2, 11: -2}
2026-06-18 09:55:10 | INFO | Successfully reset game ls20-9607627b, guid=d7ae01a3-7776-46a1-9b74-2e441b9181d8, scorecard_id=033e4baa-0c1c-4ffb-8cd6-5cc9d77628fe
  Test 2: Signature = {3: 2, 11: -2}
2026-06-18 09:55:11 | INFO | Successfully reset game ls20-9607627b, guid=d7ae01a3-7776-46a1-9b74-2e441b9181d8, scorecard_id=033e4baa-0c1c-4ffb-8cd6-5cc9d77628fe
  Test 3: Signature = {3: 2, 11: -2}
2026-06-18 09:55:12 | INFO | Successfully reset game ls20-9607627b, guid=d7ae01a3-7776-46a1-9b74-2e441b9181d8, scorecard_id=033e4baa-0c1c-4ffb-8cd6-5cc9d77628fe
  Test 4: Signature = {3: 2, 11: -2}
2026-06-18 09:55:12 | INFO | Successfully reset game ls20-9607627b, guid=d7ae01a3-7776-46a1-9b74-2e441b9181d8, scorecard_id=033e4baa-0c1c-4ffb-8cd6-5cc9d77628fe
  Test 5: Signature = {3: 2, 11: -2}
2026-06-18 09:55:13 | INFO | Successfully reset game ls20-9607627b, guid=d7ae01a3-7776-46a1-9b74-2e441b9181d8, scorecard_id=033e4baa-0c1c-4ffb-8cd6-5cc9d77628fe
  Test 6: Signature = {3: 2, 11: -2}
2026-06-18 09:55:13 | INFO | Successfully reset game ls20-9607627b, guid=d7ae01a3-7776-46a1-9b74-2e441b9181d8, scorecard_id=033e4baa-0c1c-4ffb-8cd6-5cc9d77628fe
  Test 7: Signature = {3: 2, 11: -2}
2026-06-18 09:55:14 | INFO | Successfully reset game ls20-9607627b, guid=d7ae01a3-7776-46a1-9b74-2e441b9181d8, scorecard_id=033e4baa-0c1c-4ffb-8cd6-5cc9d77628fe
  Test 8: Signature = {3: 2, 11: -2}
2026-06-18 09:55:15 | INFO | Successfully reset game ls20-9607627b, guid=d7ae01a3-7776-46a1-9b74-2e441b9181d8, scorecard_id=033e4baa-0c1c-4ffb-8cd6-5cc9d77628fe
  Test 9: Signature = {3: 2, 11: -2}
2026-06-18 09:55:15 | INFO | Successfully reset game ls20-9607627b, guid=d7ae01a3-7776-46a1-9b74-2e441b9181d8, scorecard_id=033e4baa-0c1c-4ffb-8cd6-5cc9d77628fe
  Test 10: Signature = {3: 2, 11: -2}
  → Toutes identiques: True
  → Signatures uniques: 1

--- Test ACTION2 ---
2026-06-18 09:55:16 | INFO | Successfully reset game ls20-9607627b, guid=d7ae01a3-7776-46a1-9b74-2e441b9181d8, scorecard_id=033e4baa-0c1c-4ffb-8cd6-5cc9d77628fe
  Test 1: Signature = {3: 2, 11: -2}
2026-06-18 09:55:16 | INFO | Successfully reset game ls20-9607627b, guid=d7ae01a3-7776-46a1-9b74-2e441b9181d8, scorecard_id=033e4baa-0c1c-4ffb-8cd6-5cc9d77628fe
  Test 2: Signature = {3: 2, 11: -2}
2026-06-18 09:55:17 | INFO | Successfully reset game ls20-9607627b, guid=d7ae01a3-7776-46a1-9b74-2e441b9181d8, scorecard_id=033e4baa-0c1c-4ffb-8cd6-5cc9d77628fe
  Test 3: Signature = {3: 2, 11: -2}
2026-06-18 09:55:17 | INFO | Successfully reset game ls20-9607627b, guid=d7ae01a3-7776-46a1-9b74-2e441b9181d8, scorecard_id=033e4baa-0c1c-4ffb-8cd6-5cc9d77628fe
  Test 4: Signature = {3: 2, 11: -2}
2026-06-18 09:55:18 | INFO | Successfully reset game ls20-9607627b, guid=d7ae01a3-7776-46a1-9b74-2e441b9181d8, scorecard_id=033e4baa-0c1c-4ffb-8cd6-5cc9d77628fe
  Test 5: Signature = {3: 2, 11: -2}
2026-06-18 09:55:18 | INFO | Successfully reset game ls20-9607627b, guid=d7ae01a3-7776-46a1-9b74-2e441b9181d8, scorecard_id=033e4baa-0c1c-4ffb-8cd6-5cc9d77628fe
  Test 6: Signature = {3: 2, 11: -2}
2026-06-18 09:55:19 | INFO | Successfully reset game ls20-9607627b, guid=d7ae01a3-7776-46a1-9b74-2e441b9181d8, scorecard_id=033e4baa-0c1c-4ffb-8cd6-5cc9d77628fe
  Test 7: Signature = {3: 2, 11: -2}
2026-06-18 09:55:19 | INFO | Successfully reset game ls20-9607627b, guid=d7ae01a3-7776-46a1-9b74-2e441b9181d8, scorecard_id=033e4baa-0c1c-4ffb-8cd6-5cc9d77628fe
  Test 8: Signature = {3: 2, 11: -2}
2026-06-18 09:55:20 | INFO | Successfully reset game ls20-9607627b, guid=d7ae01a3-7776-46a1-9b74-2e441b9181d8, scorecard_id=033e4baa-0c1c-4ffb-8cd6-5cc9d77628fe
  Test 9: Signature = {3: 2, 11: -2}
2026-06-18 09:55:20 | INFO | Successfully reset game ls20-9607627b, guid=d7ae01a3-7776-46a1-9b74-2e441b9181d8, scorecard_id=033e4baa-0c1c-4ffb-8cd6-5cc9d77628fe
  Test 10: Signature = {3: 2, 11: -2}
  → Toutes identiques: True
  → Signatures uniques: 1

--- Test ACTION3 ---
2026-06-18 09:55:21 | INFO | Successfully reset game ls20-9607627b, guid=d7ae01a3-7776-46a1-9b74-2e441b9181d8, scorecard_id=033e4baa-0c1c-4ffb-8cd6-5cc9d77628fe
  Test 1: Signature = {3: 2, 11: -2}
2026-06-18 09:55:21 | INFO | Successfully reset game ls20-9607627b, guid=d7ae01a3-7776-46a1-9b74-2e441b9181d8, scorecard_id=033e4baa-0c1c-4ffb-8cd6-5cc9d77628fe
  Test 2: Signature = {3: 2, 11: -2}
2026-06-18 09:55:22 | INFO | Successfully reset game ls20-9607627b, guid=d7ae01a3-7776-46a1-9b74-2e441b9181d8, scorecard_id=033e4baa-0c1c-4ffb-8cd6-5cc9d77628fe
  Test 3: Signature = {3: 2, 11: -2}
2026-06-18 09:55:22 | INFO | Successfully reset game ls20-9607627b, guid=d7ae01a3-7776-46a1-9b74-2e441b9181d8, scorecard_id=033e4baa-0c1c-4ffb-8cd6-5cc9d77628fe
  Test 4: Signature = {3: 2, 11: -2}
2026-06-18 09:55:23 | INFO | Successfully reset game ls20-9607627b, guid=d7ae01a3-7776-46a1-9b74-2e441b9181d8, scorecard_id=033e4baa-0c1c-4ffb-8cd6-5cc9d77628fe
  Test 5: Signature = {3: 2, 11: -2}
2026-06-18 09:55:24 | INFO | Successfully reset game ls20-9607627b, guid=d7ae01a3-7776-46a1-9b74-2e441b9181d8, scorecard_id=033e4baa-0c1c-4ffb-8cd6-5cc9d77628fe
  Test 6: Signature = {3: 2, 11: -2}
2026-06-18 09:55:24 | INFO | Successfully reset game ls20-9607627b, guid=d7ae01a3-7776-46a1-9b74-2e441b9181d8, scorecard_id=033e4baa-0c1c-4ffb-8cd6-5cc9d77628fe
  Test 7: Signature = {3: 2, 11: -2}
2026-06-18 09:55:25 | INFO | Successfully reset game ls20-9607627b, guid=d7ae01a3-7776-46a1-9b74-2e441b9181d8, scorecard_id=033e4baa-0c1c-4ffb-8cd6-5cc9d77628fe
  Test 8: Signature = {3: 2, 11: -2}
2026-06-18 09:55:26 | INFO | Successfully reset game ls20-9607627b, guid=d7ae01a3-7776-46a1-9b74-2e441b9181d8, scorecard_id=033e4baa-0c1c-4ffb-8cd6-5cc9d77628fe
  Test 9: Signature = {3: 2, 11: -2}
2026-06-18 09:55:26 | INFO | Successfully reset game ls20-9607627b, guid=d7ae01a3-7776-46a1-9b74-2e441b9181d8, scorecard_id=033e4baa-0c1c-4ffb-8cd6-5cc9d77628fe
  Test 10: Signature = {3: 2, 11: -2}
  → Toutes identiques: True
  → Signatures uniques: 1

--- Test ACTION4 ---
2026-06-18 09:55:27 | INFO | Successfully reset game ls20-9607627b, guid=d7ae01a3-7776-46a1-9b74-2e441b9181d8, scorecard_id=033e4baa-0c1c-4ffb-8cd6-5cc9d77628fe
  Test 1: Signature = {3: 2, 11: -2}
2026-06-18 09:55:28 | INFO | Successfully reset game ls20-9607627b, guid=d7ae01a3-7776-46a1-9b74-2e441b9181d8, scorecard_id=033e4baa-0c1c-4ffb-8cd6-5cc9d77628fe
  Test 2: Signature = {3: 2, 11: -2}
2026-06-18 09:55:28 | INFO | Successfully reset game ls20-9607627b, guid=d7ae01a3-7776-46a1-9b74-2e441b9181d8, scorecard_id=033e4baa-0c1c-4ffb-8cd6-5cc9d77628fe
  Test 3: Signature = {3: 2, 11: -2}
2026-06-18 09:55:29 | INFO | Successfully reset game ls20-9607627b, guid=d7ae01a3-7776-46a1-9b74-2e441b9181d8, scorecard_id=033e4baa-0c1c-4ffb-8cd6-5cc9d77628fe
  Test 4: Signature = {3: 2, 11: -2}
2026-06-18 09:55:30 | INFO | Successfully reset game ls20-9607627b, guid=d7ae01a3-7776-46a1-9b74-2e441b9181d8, scorecard_id=033e4baa-0c1c-4ffb-8cd6-5cc9d77628fe
  Test 5: Signature = {3: 2, 11: -2}
2026-06-18 09:55:31 | INFO | Successfully reset game ls20-9607627b, guid=d7ae01a3-7776-46a1-9b74-2e441b9181d8, scorecard_id=033e4baa-0c1c-4ffb-8cd6-5cc9d77628fe
  Test 6: Signature = {3: 2, 11: -2}
2026-06-18 09:55:31 | INFO | Successfully reset game ls20-9607627b, guid=d7ae01a3-7776-46a1-9b74-2e441b9181d8, scorecard_id=033e4baa-0c1c-4ffb-8cd6-5cc9d77628fe
  Test 7: Signature = {3: 2, 11: -2}
2026-06-18 09:55:31 | INFO | Successfully reset game ls20-9607627b, guid=d7ae01a3-7776-46a1-9b74-2e441b9181d8, scorecard_id=033e4baa-0c1c-4ffb-8cd6-5cc9d77628fe
  Test 8: Signature = {3: 2, 11: -2}
2026-06-18 09:55:32 | INFO | Successfully reset game ls20-9607627b, guid=d7ae01a3-7776-46a1-9b74-2e441b9181d8, scorecard_id=033e4baa-0c1c-4ffb-8cd6-5cc9d77628fe
  Test 9: Signature = {3: 2, 11: -2}
2026-06-18 09:55:32 | INFO | Successfully reset game ls20-9607627b, guid=d7ae01a3-7776-46a1-9b74-2e441b9181d8, scorecard_id=033e4baa-0c1c-4ffb-8cd6-5cc9d77628fe
  Test 10: Signature = {3: 2, 11: -2}
  → Toutes identiques: True
  → Signatures uniques: 1

--- Comparaison Inter-Actions ---
  ACTION1 vs ACTION2: True
  ACTION1 vs ACTION3: True
  ACTION1 vs ACTION4: True
  ACTION2 vs ACTION3: True
  ACTION2 vs ACTION4: True
  ACTION3 vs ACTION4: True

  CONCLUSION: Les actions sont IDENTIQUES

================================================================================
QUESTION 2: QUELS PIXELS CHANGENT EXACTEMENT?
================================================================================


--- Analyse ACTION1 ---
2026-06-18 09:55:33 | INFO | Successfully reset game ls20-9607627b, guid=d7ae01a3-7776-46a1-9b74-2e441b9181d8, scorecard_id=033e4baa-0c1c-4ffb-8cd6-5cc9d77628fe
Traceback (most recent call last):
  File "/home/lvx/LVX/lumvorax2/src/MAGEN/session92_diagnostic_actions.py", line 577, in <module>
    sys.exit(main())
             ^^^^^^
  File "/home/lvx/LVX/lumvorax2/src/MAGEN/session92_diagnostic_actions.py", line 565, in main
    filename = diagnostic.run_full_diagnostic()
               ^^^^^^^^^^^^^^^^^^^^^^^^^^^^^^^^
  File "/home/lvx/LVX/lumvorax2/src/MAGEN/session92_diagnostic_actions.py", line 522, in run_full_diagnostic
    self.question2_which_pixels_change()
  File "/home/lvx/LVX/lumvorax2/src/MAGEN/session92_diagnostic_actions.py", line 237, in question2_which_pixels_change
    diff_info = self.compute_frame_diff(frame_before, frame_after)
                ^^^^^^^^^^^^^^^^^^^^^^^^^^^^^^^^^^^^^^^^^^^^^^^^^^
  File "/home/lvx/LVX/lumvorax2/src/MAGEN/session92_diagnostic_actions.py", line 90, in compute_frame_diff
    "before": int(frame1[y, x].item()) if hasattr(frame1[y, x], 'item') else int(frame1[y, x]),
                  ^^^^^^^^^^^^^^^^^^^
ValueError: can only convert an array of size 1 to a Python scalar
