
################################################################################
# SESSION 92 - DIAGNOSTIC MÉCANIQUE ACTIONS
# Jeu: ls20-9607627b
# Timestamp: 2026-06-18T09:53:14.928218
################################################################################


================================================================================
INITIALISATION JEU: ls20-9607627b
================================================================================

INFO:arc_agi.scorecard:Initialized ScorecardManager with idle_for=0:15:00 and max_open_for=3 days, 0:00:00
2026-06-18 09:53:15 | INFO | Successfully fetched 25 environment(s) from API
✓ Arcade créé
2026-06-18 09:53:15 | INFO | Created new scorecard: 39ad95d0-9631-4977-aeae-c772ef8d051b
2026-06-18 09:53:16 | INFO | Successfully fetched metadata for game ls20
2026-06-18 09:53:16 | INFO | Successfully reset game ls20-9607627b, guid=d39144ac-e30b-4aee-a10e-f7d0c8d8a74f, scorecard_id=39ad95d0-9631-4977-aeae-c772ef8d051b
✓ Environnement créé pour ls20-9607627b

================================================================================
QUESTION 1: ACTION1-4 SONT-ELLES DIFFÉRENTES?
================================================================================


--- Test ACTION1 ---
2026-06-18 09:53:16 | INFO | Successfully reset game ls20-9607627b, guid=d39144ac-e30b-4aee-a10e-f7d0c8d8a74f, scorecard_id=39ad95d0-9631-4977-aeae-c772ef8d051b
  Test 1: Signature = {3: 2, 11: -2}
2026-06-18 09:53:17 | INFO | Successfully reset game ls20-9607627b, guid=d39144ac-e30b-4aee-a10e-f7d0c8d8a74f, scorecard_id=39ad95d0-9631-4977-aeae-c772ef8d051b
  Test 2: Signature = {3: 2, 11: -2}
2026-06-18 09:53:18 | INFO | Successfully reset game ls20-9607627b, guid=d39144ac-e30b-4aee-a10e-f7d0c8d8a74f, scorecard_id=39ad95d0-9631-4977-aeae-c772ef8d051b
  Test 3: Signature = {3: 2, 11: -2}
2026-06-18 09:53:18 | INFO | Successfully reset game ls20-9607627b, guid=d39144ac-e30b-4aee-a10e-f7d0c8d8a74f, scorecard_id=39ad95d0-9631-4977-aeae-c772ef8d051b
  Test 4: Signature = {3: 2, 11: -2}
2026-06-18 09:53:19 | INFO | Successfully reset game ls20-9607627b, guid=d39144ac-e30b-4aee-a10e-f7d0c8d8a74f, scorecard_id=39ad95d0-9631-4977-aeae-c772ef8d051b
  Test 5: Signature = {3: 2, 11: -2}
2026-06-18 09:53:19 | INFO | Successfully reset game ls20-9607627b, guid=d39144ac-e30b-4aee-a10e-f7d0c8d8a74f, scorecard_id=39ad95d0-9631-4977-aeae-c772ef8d051b
  Test 6: Signature = {3: 2, 11: -2}
2026-06-18 09:53:20 | INFO | Successfully reset game ls20-9607627b, guid=d39144ac-e30b-4aee-a10e-f7d0c8d8a74f, scorecard_id=39ad95d0-9631-4977-aeae-c772ef8d051b
  Test 7: Signature = {3: 2, 11: -2}
2026-06-18 09:53:20 | INFO | Successfully reset game ls20-9607627b, guid=d39144ac-e30b-4aee-a10e-f7d0c8d8a74f, scorecard_id=39ad95d0-9631-4977-aeae-c772ef8d051b
  Test 8: Signature = {3: 2, 11: -2}
2026-06-18 09:53:21 | INFO | Successfully reset game ls20-9607627b, guid=d39144ac-e30b-4aee-a10e-f7d0c8d8a74f, scorecard_id=39ad95d0-9631-4977-aeae-c772ef8d051b
  Test 9: Signature = {3: 2, 11: -2}
2026-06-18 09:53:22 | INFO | Successfully reset game ls20-9607627b, guid=d39144ac-e30b-4aee-a10e-f7d0c8d8a74f, scorecard_id=39ad95d0-9631-4977-aeae-c772ef8d051b
  Test 10: Signature = {3: 2, 11: -2}
  → Toutes identiques: True
  → Signatures uniques: 1

--- Test ACTION2 ---
2026-06-18 09:53:22 | INFO | Successfully reset game ls20-9607627b, guid=d39144ac-e30b-4aee-a10e-f7d0c8d8a74f, scorecard_id=39ad95d0-9631-4977-aeae-c772ef8d051b
  Test 1: Signature = {3: 2, 11: -2}
2026-06-18 09:53:23 | INFO | Successfully reset game ls20-9607627b, guid=d39144ac-e30b-4aee-a10e-f7d0c8d8a74f, scorecard_id=39ad95d0-9631-4977-aeae-c772ef8d051b
  Test 2: Signature = {3: 2, 11: -2}
2026-06-18 09:53:24 | INFO | Successfully reset game ls20-9607627b, guid=d39144ac-e30b-4aee-a10e-f7d0c8d8a74f, scorecard_id=39ad95d0-9631-4977-aeae-c772ef8d051b
  Test 3: Signature = {3: 2, 11: -2}
2026-06-18 09:53:24 | INFO | Successfully reset game ls20-9607627b, guid=d39144ac-e30b-4aee-a10e-f7d0c8d8a74f, scorecard_id=39ad95d0-9631-4977-aeae-c772ef8d051b
  Test 4: Signature = {3: 2, 11: -2}
2026-06-18 09:53:25 | INFO | Successfully reset game ls20-9607627b, guid=d39144ac-e30b-4aee-a10e-f7d0c8d8a74f, scorecard_id=39ad95d0-9631-4977-aeae-c772ef8d051b
  Test 5: Signature = {3: 2, 11: -2}
2026-06-18 09:53:25 | INFO | Successfully reset game ls20-9607627b, guid=d39144ac-e30b-4aee-a10e-f7d0c8d8a74f, scorecard_id=39ad95d0-9631-4977-aeae-c772ef8d051b
  Test 6: Signature = {3: 2, 11: -2}
2026-06-18 09:53:26 | INFO | Successfully reset game ls20-9607627b, guid=d39144ac-e30b-4aee-a10e-f7d0c8d8a74f, scorecard_id=39ad95d0-9631-4977-aeae-c772ef8d051b
  Test 7: Signature = {3: 2, 11: -2}
2026-06-18 09:53:26 | INFO | Successfully reset game ls20-9607627b, guid=d39144ac-e30b-4aee-a10e-f7d0c8d8a74f, scorecard_id=39ad95d0-9631-4977-aeae-c772ef8d051b
  Test 8: Signature = {3: 2, 11: -2}
2026-06-18 09:53:27 | INFO | Successfully reset game ls20-9607627b, guid=d39144ac-e30b-4aee-a10e-f7d0c8d8a74f, scorecard_id=39ad95d0-9631-4977-aeae-c772ef8d051b
  Test 9: Signature = {3: 2, 11: -2}
2026-06-18 09:53:27 | INFO | Successfully reset game ls20-9607627b, guid=d39144ac-e30b-4aee-a10e-f7d0c8d8a74f, scorecard_id=39ad95d0-9631-4977-aeae-c772ef8d051b
  Test 10: Signature = {3: 2, 11: -2}
  → Toutes identiques: True
  → Signatures uniques: 1

--- Test ACTION3 ---
2026-06-18 09:53:28 | INFO | Successfully reset game ls20-9607627b, guid=d39144ac-e30b-4aee-a10e-f7d0c8d8a74f, scorecard_id=39ad95d0-9631-4977-aeae-c772ef8d051b
  Test 1: Signature = {3: 2, 11: -2}
2026-06-18 09:53:28 | INFO | Successfully reset game ls20-9607627b, guid=d39144ac-e30b-4aee-a10e-f7d0c8d8a74f, scorecard_id=39ad95d0-9631-4977-aeae-c772ef8d051b
  Test 2: Signature = {3: 2, 11: -2}
2026-06-18 09:53:29 | INFO | Successfully reset game ls20-9607627b, guid=d39144ac-e30b-4aee-a10e-f7d0c8d8a74f, scorecard_id=39ad95d0-9631-4977-aeae-c772ef8d051b
  Test 3: Signature = {3: 2, 11: -2}
2026-06-18 09:53:30 | INFO | Successfully reset game ls20-9607627b, guid=d39144ac-e30b-4aee-a10e-f7d0c8d8a74f, scorecard_id=39ad95d0-9631-4977-aeae-c772ef8d051b
  Test 4: Signature = {3: 2, 11: -2}
2026-06-18 09:53:30 | INFO | Successfully reset game ls20-9607627b, guid=d39144ac-e30b-4aee-a10e-f7d0c8d8a74f, scorecard_id=39ad95d0-9631-4977-aeae-c772ef8d051b
  Test 5: Signature = {3: 2, 11: -2}
2026-06-18 09:53:30 | INFO | Successfully reset game ls20-9607627b, guid=d39144ac-e30b-4aee-a10e-f7d0c8d8a74f, scorecard_id=39ad95d0-9631-4977-aeae-c772ef8d051b
  Test 6: Signature = {3: 2, 11: -2}
2026-06-18 09:53:31 | INFO | Successfully reset game ls20-9607627b, guid=d39144ac-e30b-4aee-a10e-f7d0c8d8a74f, scorecard_id=39ad95d0-9631-4977-aeae-c772ef8d051b
  Test 7: Signature = {3: 2, 11: -2}
2026-06-18 09:53:32 | INFO | Successfully reset game ls20-9607627b, guid=d39144ac-e30b-4aee-a10e-f7d0c8d8a74f, scorecard_id=39ad95d0-9631-4977-aeae-c772ef8d051b
  Test 8: Signature = {3: 2, 11: -2}
2026-06-18 09:53:32 | INFO | Successfully reset game ls20-9607627b, guid=d39144ac-e30b-4aee-a10e-f7d0c8d8a74f, scorecard_id=39ad95d0-9631-4977-aeae-c772ef8d051b
  Test 9: Signature = {3: 2, 11: -2}
2026-06-18 09:53:33 | INFO | Successfully reset game ls20-9607627b, guid=d39144ac-e30b-4aee-a10e-f7d0c8d8a74f, scorecard_id=39ad95d0-9631-4977-aeae-c772ef8d051b
  Test 10: Signature = {3: 2, 11: -2}
  → Toutes identiques: True
  → Signatures uniques: 1

--- Test ACTION4 ---
2026-06-18 09:53:33 | INFO | Successfully reset game ls20-9607627b, guid=d39144ac-e30b-4aee-a10e-f7d0c8d8a74f, scorecard_id=39ad95d0-9631-4977-aeae-c772ef8d051b
  Test 1: Signature = {3: 2, 11: -2}
2026-06-18 09:53:34 | INFO | Successfully reset game ls20-9607627b, guid=d39144ac-e30b-4aee-a10e-f7d0c8d8a74f, scorecard_id=39ad95d0-9631-4977-aeae-c772ef8d051b
  Test 2: Signature = {3: 2, 11: -2}
2026-06-18 09:53:34 | INFO | Successfully reset game ls20-9607627b, guid=d39144ac-e30b-4aee-a10e-f7d0c8d8a74f, scorecard_id=39ad95d0-9631-4977-aeae-c772ef8d051b
  Test 3: Signature = {3: 2, 11: -2}
2026-06-18 09:53:35 | INFO | Successfully reset game ls20-9607627b, guid=d39144ac-e30b-4aee-a10e-f7d0c8d8a74f, scorecard_id=39ad95d0-9631-4977-aeae-c772ef8d051b
  Test 4: Signature = {3: 2, 11: -2}
2026-06-18 09:53:35 | INFO | Successfully reset game ls20-9607627b, guid=d39144ac-e30b-4aee-a10e-f7d0c8d8a74f, scorecard_id=39ad95d0-9631-4977-aeae-c772ef8d051b
  Test 5: Signature = {3: 2, 11: -2}
2026-06-18 09:53:36 | INFO | Successfully reset game ls20-9607627b, guid=d39144ac-e30b-4aee-a10e-f7d0c8d8a74f, scorecard_id=39ad95d0-9631-4977-aeae-c772ef8d051b
  Test 6: Signature = {3: 2, 11: -2}
2026-06-18 09:53:36 | INFO | Successfully reset game ls20-9607627b, guid=d39144ac-e30b-4aee-a10e-f7d0c8d8a74f, scorecard_id=39ad95d0-9631-4977-aeae-c772ef8d051b
  Test 7: Signature = {3: 2, 11: -2}
2026-06-18 09:53:37 | INFO | Successfully reset game ls20-9607627b, guid=d39144ac-e30b-4aee-a10e-f7d0c8d8a74f, scorecard_id=39ad95d0-9631-4977-aeae-c772ef8d051b
  Test 8: Signature = {3: 2, 11: -2}
2026-06-18 09:53:38 | INFO | Successfully reset game ls20-9607627b, guid=d39144ac-e30b-4aee-a10e-f7d0c8d8a74f, scorecard_id=39ad95d0-9631-4977-aeae-c772ef8d051b
  Test 9: Signature = {3: 2, 11: -2}
2026-06-18 09:53:38 | INFO | Successfully reset game ls20-9607627b, guid=d39144ac-e30b-4aee-a10e-f7d0c8d8a74f, scorecard_id=39ad95d0-9631-4977-aeae-c772ef8d051b
  Test 10: Signature = {3: 2, 11: -2}
  → Toutes identiques: True
  → Signatures uniques: 1

--- Comparaison Inter-Actions ---
  ACTION1 vs ACTION2: True
  ACTION1 vs ACTION3: True
  ACTION1 vs ACTION4: True
  ACTION2 vs ACTION3: True
  ACTION2 vs ACTION4: True
  ACTION3 vs ACTION4: True

  CONCLUSION: Les actions sont IDENTIQUES

================================================================================
QUESTION 2: QUELS PIXELS CHANGENT EXACTEMENT?
================================================================================


--- Analyse ACTION1 ---
2026-06-18 09:53:38 | INFO | Successfully reset game ls20-9607627b, guid=d39144ac-e30b-4aee-a10e-f7d0c8d8a74f, scorecard_id=39ad95d0-9631-4977-aeae-c772ef8d051b
Traceback (most recent call last):
  File "/home/lvx/LVX/lumvorax2/src/MAGEN/session92_diagnostic_actions.py", line 577, in <module>
    sys.exit(main())
             ^^^^^^
  File "/home/lvx/LVX/lumvorax2/src/MAGEN/session92_diagnostic_actions.py", line 565, in main
    filename = diagnostic.run_full_diagnostic()
               ^^^^^^^^^^^^^^^^^^^^^^^^^^^^^^^^
  File "/home/lvx/LVX/lumvorax2/src/MAGEN/session92_diagnostic_actions.py", line 522, in run_full_diagnostic
    self.question2_which_pixels_change()
  File "/home/lvx/LVX/lumvorax2/src/MAGEN/session92_diagnostic_actions.py", line 237, in question2_which_pixels_change
    diff_info = self.compute_frame_diff(frame_before, frame_after)
                ^^^^^^^^^^^^^^^^^^^^^^^^^^^^^^^^^^^^^^^^^^^^^^^^^^
  File "/home/lvx/LVX/lumvorax2/src/MAGEN/session92_diagnostic_actions.py", line 87, in compute_frame_diff
    y, x = pos
    ^^^^
ValueError: too many values to unpack (expected 2)
