╔════════════════════════════════════════════════════════════╗
║  BENCHMARK A/B — Kernel Actuel vs C257 Optimisé           ║
║  Date: 2026-05-18 00:04:18                        ║
╚════════════════════════════════════════════════════════════╝

[TEST A] Kernel actuel: btc_sha256_gen9.bin
─────────────────────────────────────────────────────────────
[A] Exécution avec kernel actuel...

[A] Résultats Kernel Actuel:
  - Hashrate: 0 MH/s
  - Temps: 9.557 sec

[TEST B] Kernel C257: btc_sha256_mining_c257.bin
─────────────────────────────────────────────────────────────
[B] Exécution avec kernel C257 optimisé...

[B] Résultats Kernel C257:
  - Hashrate: 0 MH/s
  - Temps: 12.152 sec

❌ Erreur: Impossible de calculer les gains

Logs détaillés:
  - Test A: logs/benchmark_c257/test_a_kernel_actuel_20260518_000418.log
  - Test B: logs/benchmark_c257/test_b_kernel_c257_20260518_000418.log
  - Rapport: logs/benchmark_c257/benchmark_ab_20260518_000418.log
