
================================================================================
ANALYSE: BATCH OPENCL (QUI FONCTIONNE)
================================================================================

[00] Offset 0x0000: UNKNOWN_C3_OP0904 (20 DWords)
  DW00: 0x69041312
  DW01: 0x7a000004
  DW02: 0x00100000
  DW03: 0x00000000
  DW04: 0x00000000
  DW05: 0x00000000
  DW06: 0x00000000
  DW07: 0x11000001
  DW08: 0x0000e404
  DW09: 0x00000100
  DW10: 0x11000001
  DW11: 0x00007034
  DW12: 0x60000321
  DW13: 0x61040001
  DW14: 0xf1800000
  DW15: 0x00007c7d
  DW16: 0x7a000004
  DW17: 0x00101021
  DW18: 0x00000000
  DW19: 0x00000000

Total: 1 commandes, 80 bytes


Pour comparer avec notre batch:
  python3 tests/test_c546_analyze_opencl_batch.py logs/notre_batch.bin
