ioctl(6, DRM_IOCTL_VERSION, 0x7ffd07b7c6b0) = 0
ioctl(6, DRM_IOCTL_I915_GETPARAM, 0x7ffd07b7c920) = 0
ioctl(6, DRM_IOCTL_I915_GETPARAM, 0x7ffd07b7c920) = 0
ioctl(6, DRM_IOCTL_I915_REG_READ, 0x7ffd07b7c880) = 0
ioctl(6, DRM_IOCTL_I915_QUERY, 0x7ffd07b7c810) = 0
ioctl(6, DRM_IOCTL_I915_QUERY, 0x7ffd07b7c810) = 0
ioctl(6, DRM_IOCTL_I915_QUERY, 0x7ffd07b7c880) = 0
ioctl(6, DRM_IOCTL_I915_GETPARAM, 0x7ffd07b7c950) = 0
ioctl(6, DRM_IOCTL_I915_GEM_CONTEXT_SETPARAM, 0x7ffd07b7c9a0) = -1 EINVAL (Invalid argument)
ioctl(6, DRM_IOCTL_I915_QUERY, 0x7ffd07b7c880) = 0
ioctl(6, DRM_IOCTL_I915_QUERY, 0x7ffd07b7c880) = 0
ioctl(6, DRM_IOCTL_I915_QUERY, 0x7ffd07b7c7f0) = 0
ioctl(6, DRM_IOCTL_I915_QUERY, 0x7ffd07b7c7f0) = 0
ioctl(6, DRM_IOCTL_I915_GEM_VM_CREATE, 0x7ffd07b7c920) = 0
ioctl(6, DRM_IOCTL_I915_QUERY, 0x7ffd07b7c080) = 0
ioctl(6, DRM_IOCTL_I915_QUERY, 0x7ffd07b7c080) = 0
ioctl(6, DRM_IOCTL_I915_GEM_CONTEXT_GETPARAM, 0x7ffd07b7c180) = 0
ioctl(6, DRM_IOCTL_I915_GEM_CONTEXT_GETPARAM, 0x7ffd07b7c170) = 0
ioctl(6, DRM_IOCTL_I915_GEM_CONTEXT_GETPARAM, 0x7ffd07b7c190) = 0
ioctl(6, DRM_IOCTL_I915_GETPARAM, 0x7ffd07b7c120) = 0
ioctl(6, DRM_IOCTL_I915_GEM_CONTEXT_GETPARAM, 0x7ffd07b7ca00) = 0
ioctl(6, DRM_IOCTL_I915_GEM_CONTEXT_GETPARAM, 0x7ffd07b7c9c0) = 0
ioctl(6, DRM_IOCTL_I915_GEM_USERPTR, 0x7ffd07b7c9b0) = 0
ioctl(6, DRM_IOCTL_I915_GEM_CONTEXT_CREATE_EXT, 0x7ffd07b7c670) = 0
ioctl(6, DRM_IOCTL_I915_GEM_CONTEXT_SETPARAM, 0x7ffd07b7c6b0) = 0
ioctl(6, DRM_IOCTL_I915_GEM_CONTEXT_SETPARAM, 0x7ffd07b7c6b0) = 0
ioctl(6, DRM_IOCTL_I915_GEM_CONTEXT_SETPARAM, 0x7ffd07b7c600) = 0
ioctl(6, DRM_IOCTL_I915_GEM_CREATE_EXT, 0x7ffd07b7c170) = 0
ioctl(6, DRM_IOCTL_I915_GEM_MMAP_OFFSET, 0x7ffd07b7c440) = 0
ioctl(6, DRM_IOCTL_I915_GEM_CREATE_EXT, 0x7ffd07b7c2f0) = 0
ioctl(6, DRM_IOCTL_I915_GEM_MMAP_OFFSET, 0x7ffd07b7c5c0) = 0
ioctl(6, DRM_IOCTL_I915_GEM_CREATE_EXT, 0x7ffd07b7c170) = 0
ioctl(6, DRM_IOCTL_I915_GEM_MMAP_OFFSET, 0x7ffd07b7c440) = 0
ioctl(6, DRM_IOCTL_I915_GEM_CREATE_EXT, 0x7ffd07b7c2f0) = 0
ioctl(6, DRM_IOCTL_I915_GEM_MMAP_OFFSET, 0x7ffd07b7c5c0) = 0
ioctl(6, DRM_IOCTL_I915_GEM_CONTEXT_CREATE_EXT, 0x7ffd07b7c670) = 0
ioctl(6, DRM_IOCTL_I915_GEM_CONTEXT_SETPARAM, 0x7ffd07b7c6b0) = 0
ioctl(6, DRM_IOCTL_I915_GEM_CONTEXT_SETPARAM, 0x7ffd07b7c6b0) = 0
ioctl(6, DRM_IOCTL_I915_GEM_CONTEXT_SETPARAM, 0x7ffd07b7c600) = 0
ioctl(6, DRM_IOCTL_I915_GEM_CREATE_EXT, 0x7ffd07b7c170) = 0
ioctl(6, DRM_IOCTL_I915_GEM_MMAP_OFFSET, 0x7ffd07b7c440) = 0
ioctl(6, DRM_IOCTL_I915_GEM_CREATE_EXT, 0x7ffd07b7c2f0) = 0
ioctl(6, DRM_IOCTL_I915_GEM_MMAP_OFFSET, 0x7ffd07b7c5c0) = 0
ioctl(6, DRM_IOCTL_I915_GEM_CONTEXT_GETPARAM, 0x7ffd07b7c980) = 0
ioctl(6, DRM_IOCTL_I915_GEM_CONTEXT_GETPARAM, 0x7ffd07b7c980) = 0
ioctl(6, DRM_IOCTL_I915_GETPARAM, 0x7ffd07b7c980) = 0
ioctl(6, DRM_IOCTL_I915_GETPARAM, 0x7ffd07b7c980) = 0
ioctl(6, DRM_IOCTL_I915_GEM_USERPTR, 0x7ffd07b7c650) = 0
ioctl(6, DRM_IOCTL_I915_GEM_USERPTR, 0x7ffd07b7c3b0) = 0
ioctl(6, DRM_IOCTL_I915_GEM_CREATE_EXT, 0x7ffd07b7c0d0) = 0
ioctl(6, DRM_IOCTL_I915_GEM_MMAP_OFFSET, 0x7ffd07b7c3a0) = 0
ioctl(6, DRM_IOCTL_I915_GEM_CREATE_EXT, 0x7ffd07b77400) = 0
ioctl(6, DRM_IOCTL_I915_GEM_MMAP_OFFSET, 0x7ffd07b776d0) = 0
ioctl(6, DRM_IOCTL_I915_GEM_CREATE_EXT, 0x7ffd07b772a0) = 0
ioctl(6, DRM_IOCTL_I915_GEM_MMAP_OFFSET, 0x7ffd07b77570) = 0
ioctl(6, DRM_IOCTL_I915_GEM_USERPTR, 0x7ffd07b775f0) = 0
ioctl(6, DRM_IOCTL_I915_GEM_CREATE_EXT, 0x7ffd07b772a0) = 0
ioctl(6, DRM_IOCTL_I915_GEM_MMAP_OFFSET, 0x7ffd07b77570) = 0
ioctl(6, DRM_IOCTL_I915_GEM_CREATE_EXT, 0x7ffd07b76e60) = 0
ioctl(6, DRM_IOCTL_I915_GEM_MMAP_OFFSET, 0x7ffd07b77130) = 0
ioctl(6, DRM_IOCTL_I915_GEM_EXECBUFFER2, 0x7ffd07b772a0) = 0
ioctl(6, DRM_IOCTL_I915_GEM_WAIT or DRM_IOCTL_RADEON_GEM_OP, 0x7ffd07b7cce0) = 0
ioctl(6, DRM_IOCTL_GEM_CLOSE, 0x7ffd07b7ccd0) = 0
ioctl(6, DRM_IOCTL_I915_GEM_WAIT or DRM_IOCTL_RADEON_GEM_OP, 0x7ffd07b7cc30) = 0
ioctl(6, DRM_IOCTL_GEM_CLOSE, 0x7ffd07b7cc20) = 0
📊 output[0] = 0xAABBCCDD
📊 output[255] = 0xAABBCCDD
ioctl(6, DRM_IOCTL_I915_GEM_WAIT or DRM_IOCTL_RADEON_GEM_OP, 0x7ffd07b7ce30) = 0
ioctl(6, DRM_IOCTL_GEM_CLOSE, 0x7ffd07b7ce20) = 0
ioctl(6, DRM_IOCTL_I915_GEM_WAIT or DRM_IOCTL_RADEON_GEM_OP, 0x7ffd07b7ce30) = 0
ioctl(6, DRM_IOCTL_GEM_CLOSE, 0x7ffd07b7ce20) = 0
ioctl(6, DRM_IOCTL_I915_GEM_WAIT or DRM_IOCTL_RADEON_GEM_OP, 0x7ffd07b7ce30) = 0
ioctl(6, DRM_IOCTL_GEM_CLOSE, 0x7ffd07b7ce20) = 0
ioctl(6, DRM_IOCTL_I915_GEM_WAIT or DRM_IOCTL_RADEON_GEM_OP, 0x7ffd07b7ce30) = 0
ioctl(6, DRM_IOCTL_GEM_CLOSE, 0x7ffd07b7ce20) = 0
ioctl(6, DRM_IOCTL_I915_GEM_WAIT or DRM_IOCTL_RADEON_GEM_OP, 0x7ffd07b7cf60) = 0
ioctl(6, DRM_IOCTL_GEM_CLOSE, 0x7ffd07b7cf50) = 0
ioctl(6, DRM_IOCTL_I915_GEM_WAIT or DRM_IOCTL_RADEON_GEM_OP, 0x7ffd07b7cf60) = 0
ioctl(6, DRM_IOCTL_GEM_CLOSE, 0x7ffd07b7cf50) = 0
ioctl(6, DRM_IOCTL_I915_GEM_WAIT or DRM_IOCTL_RADEON_GEM_OP, 0x7ffd07b7cf60) = 0
ioctl(6, DRM_IOCTL_GEM_CLOSE, 0x7ffd07b7cf50) = 0
ioctl(6, DRM_IOCTL_I915_GEM_CONTEXT_DESTROY, 0x7ffd07b7cfc0) = 0
ioctl(6, DRM_IOCTL_I915_GEM_WAIT or DRM_IOCTL_RADEON_GEM_OP, 0x7ffd07b7cf60) = 0
ioctl(6, DRM_IOCTL_GEM_CLOSE, 0x7ffd07b7cf50) = 0
ioctl(6, DRM_IOCTL_I915_GEM_WAIT or DRM_IOCTL_RADEON_GEM_OP, 0x7ffd07b7cf60) = 0
ioctl(6, DRM_IOCTL_GEM_CLOSE, 0x7ffd07b7cf50) = 0
ioctl(6, DRM_IOCTL_I915_GEM_WAIT or DRM_IOCTL_RADEON_GEM_OP, 0x7ffd07b7cf60) = 0
ioctl(6, DRM_IOCTL_GEM_CLOSE, 0x7ffd07b7cf50) = 0
ioctl(6, DRM_IOCTL_I915_GEM_WAIT or DRM_IOCTL_RADEON_GEM_OP, 0x7ffd07b7cf60) = 0
ioctl(6, DRM_IOCTL_GEM_CLOSE, 0x7ffd07b7cf50) = 0
ioctl(6, DRM_IOCTL_I915_GEM_CONTEXT_DESTROY, 0x7ffd07b7cfc0) = 0
ioctl(6, DRM_IOCTL_GEM_CLOSE, 0x7ffd07b7d090) = 0
ioctl(6, DRM_IOCTL_I915_GEM_WAIT or DRM_IOCTL_RADEON_GEM_OP, 0x7ffd07b7d070) = 0
ioctl(6, DRM_IOCTL_GEM_CLOSE, 0x7ffd07b7d060) = 0
ioctl(6, DRM_IOCTL_I915_GEM_VM_DESTROY, 0x7ffd07b7d090) = 0
