ioctl(6, DRM_IOCTL_I915_GEM_EXECBUFFER2, 0x7ffd3e6b3aa0) = 0
ioctl(6, DRM_IOCTL_I915_GEM_WAIT or DRM_IOCTL_RADEON_GEM_OP, 0x7ffd3e6b94e0) = 0
ioctl(6, DRM_IOCTL_GEM_CLOSE, 0x7ffd3e6b94d0) = 0
ioctl(6, DRM_IOCTL_I915_GEM_WAIT or DRM_IOCTL_RADEON_GEM_OP, 0x7ffd3e6b9430) = 0
ioctl(6, DRM_IOCTL_GEM_CLOSE, 0x7ffd3e6b9420) = 0
🚀 Enqueuing kernel...
✅ Kernel executed
📊 output[0] = 0xAABBCCDD
📊 output[255] = 0xAABBCCDD
ioctl(6, DRM_IOCTL_I915_GEM_WAIT or DRM_IOCTL_RADEON_GEM_OP, 0x7ffd3e6b9630) = 0
ioctl(6, DRM_IOCTL_GEM_CLOSE, 0x7ffd3e6b9620) = 0
ioctl(6, DRM_IOCTL_I915_GEM_WAIT or DRM_IOCTL_RADEON_GEM_OP, 0x7ffd3e6b9630) = 0
ioctl(6, DRM_IOCTL_GEM_CLOSE, 0x7ffd3e6b9620) = 0
ioctl(6, DRM_IOCTL_I915_GEM_WAIT or DRM_IOCTL_RADEON_GEM_OP, 0x7ffd3e6b9630) = 0
ioctl(6, DRM_IOCTL_GEM_CLOSE, 0x7ffd3e6b9620) = 0
ioctl(6, DRM_IOCTL_I915_GEM_WAIT or DRM_IOCTL_RADEON_GEM_OP, 0x7ffd3e6b9630) = 0
ioctl(6, DRM_IOCTL_GEM_CLOSE, 0x7ffd3e6b9620) = 0
ioctl(6, DRM_IOCTL_I915_GEM_WAIT or DRM_IOCTL_RADEON_GEM_OP, 0x7ffd3e6b9760) = 0
ioctl(6, DRM_IOCTL_GEM_CLOSE, 0x7ffd3e6b9750) = 0
ioctl(6, DRM_IOCTL_I915_GEM_WAIT or DRM_IOCTL_RADEON_GEM_OP, 0x7ffd3e6b9760) = 0
ioctl(6, DRM_IOCTL_GEM_CLOSE, 0x7ffd3e6b9750) = 0
ioctl(6, DRM_IOCTL_I915_GEM_WAIT or DRM_IOCTL_RADEON_GEM_OP, 0x7ffd3e6b9760) = 0
ioctl(6, DRM_IOCTL_GEM_CLOSE, 0x7ffd3e6b9750) = 0
ioctl(6, DRM_IOCTL_I915_GEM_CONTEXT_DESTROY, 0x7ffd3e6b97c0) = 0
ioctl(6, DRM_IOCTL_I915_GEM_WAIT or DRM_IOCTL_RADEON_GEM_OP, 0x7ffd3e6b9760) = 0
ioctl(6, DRM_IOCTL_GEM_CLOSE, 0x7ffd3e6b9750) = 0
ioctl(6, DRM_IOCTL_I915_GEM_WAIT or DRM_IOCTL_RADEON_GEM_OP, 0x7ffd3e6b9760) = 0
ioctl(6, DRM_IOCTL_GEM_CLOSE, 0x7ffd3e6b9750) = 0
ioctl(6, DRM_IOCTL_I915_GEM_WAIT or DRM_IOCTL_RADEON_GEM_OP, 0x7ffd3e6b9760) = 0
ioctl(6, DRM_IOCTL_GEM_CLOSE, 0x7ffd3e6b9750) = 0
ioctl(6, DRM_IOCTL_I915_GEM_WAIT or DRM_IOCTL_RADEON_GEM_OP, 0x7ffd3e6b9760) = 0
ioctl(6, DRM_IOCTL_GEM_CLOSE, 0x7ffd3e6b9750) = 0
ioctl(6, DRM_IOCTL_I915_GEM_CONTEXT_DESTROY, 0x7ffd3e6b97c0) = 0
ioctl(6, DRM_IOCTL_GEM_CLOSE, 0x7ffd3e6b9890) = 0
ioctl(6, DRM_IOCTL_I915_GEM_WAIT or DRM_IOCTL_RADEON_GEM_OP, 0x7ffd3e6b9870) = 0
ioctl(6, DRM_IOCTL_GEM_CLOSE, 0x7ffd3e6b9860) = 0
ioctl(6, DRM_IOCTL_I915_GEM_VM_DESTROY, 0x7ffd3e6b9890) = 0
+++ exited with 0 +++
