--- SIGCHLD {si_signo=SIGCHLD, si_code=CLD_EXITED, si_pid=605303, si_uid=1000, si_status=0, si_utime=0, si_stime=1 /* 0.01 s */} ---
ioctl(6, DRM_IOCTL_VERSION, 0x7fff1c61b8d0) = 0
ioctl(6, DRM_IOCTL_I915_GETPARAM, 0x7fff1c61bb40) = 0
ioctl(6, DRM_IOCTL_I915_GETPARAM, 0x7fff1c61bb40) = 0
ioctl(6, DRM_IOCTL_I915_REG_READ, 0x7fff1c61baa0) = 0
ioctl(6, DRM_IOCTL_I915_QUERY, 0x7fff1c61ba30) = 0
ioctl(6, DRM_IOCTL_I915_QUERY, 0x7fff1c61ba30) = 0
ioctl(6, DRM_IOCTL_I915_QUERY, 0x7fff1c61baa0) = 0
ioctl(6, DRM_IOCTL_I915_GETPARAM, 0x7fff1c61bb70) = 0
ioctl(6, DRM_IOCTL_I915_GEM_CONTEXT_SETPARAM, 0x7fff1c61bbc0) = -1 EINVAL (Invalid argument)
ioctl(6, DRM_IOCTL_I915_QUERY, 0x7fff1c61baa0) = 0
ioctl(6, DRM_IOCTL_I915_QUERY, 0x7fff1c61baa0) = 0
ioctl(6, DRM_IOCTL_I915_QUERY, 0x7fff1c61ba10) = 0
ioctl(6, DRM_IOCTL_I915_QUERY, 0x7fff1c61ba10) = 0
ioctl(6, DRM_IOCTL_I915_GEM_VM_CREATE, 0x7fff1c61bb40) = 0
ioctl(6, DRM_IOCTL_I915_QUERY, 0x7fff1c61b2a0) = 0
ioctl(6, DRM_IOCTL_I915_QUERY, 0x7fff1c61b2a0) = 0
ioctl(6, DRM_IOCTL_I915_GEM_CONTEXT_GETPARAM, 0x7fff1c61b3a0) = 0
ioctl(6, DRM_IOCTL_I915_GEM_CONTEXT_GETPARAM, 0x7fff1c61b390) = 0
ioctl(6, DRM_IOCTL_I915_GEM_CONTEXT_GETPARAM, 0x7fff1c61b3b0) = 0
ioctl(6, DRM_IOCTL_I915_GETPARAM, 0x7fff1c61b340) = 0
ioctl(6, DRM_IOCTL_I915_GEM_CONTEXT_GETPARAM, 0x7fff1c61bc20) = 0
ioctl(6, DRM_IOCTL_I915_GEM_CONTEXT_GETPARAM, 0x7fff1c61bbe0) = 0
ioctl(6, DRM_IOCTL_I915_GEM_USERPTR, 0x7fff1c61bbd0) = 0
ioctl(6, DRM_IOCTL_I915_GEM_CONTEXT_CREATE_EXT, 0x7fff1c61b890) = 0
ioctl(6, DRM_IOCTL_I915_GEM_CONTEXT_SETPARAM, 0x7fff1c61b8d0) = 0
ioctl(6, DRM_IOCTL_I915_GEM_CONTEXT_SETPARAM, 0x7fff1c61b8d0) = 0
ioctl(6, DRM_IOCTL_I915_GEM_CONTEXT_SETPARAM, 0x7fff1c61b820) = 0
ioctl(6, DRM_IOCTL_I915_GEM_CREATE_EXT, 0x7fff1c61b390) = 0
ioctl(6, DRM_IOCTL_I915_GEM_MMAP_OFFSET, 0x7fff1c61b660) = 0
ioctl(6, DRM_IOCTL_I915_GEM_CREATE_EXT, 0x7fff1c61b510) = 0
ioctl(6, DRM_IOCTL_I915_GEM_MMAP_OFFSET, 0x7fff1c61b7e0) = 0
ioctl(6, DRM_IOCTL_I915_GEM_CREATE_EXT, 0x7fff1c61b390) = 0
ioctl(6, DRM_IOCTL_I915_GEM_MMAP_OFFSET, 0x7fff1c61b660) = 0
ioctl(6, DRM_IOCTL_I915_GEM_CREATE_EXT, 0x7fff1c61b510) = 0
ioctl(6, DRM_IOCTL_I915_GEM_MMAP_OFFSET, 0x7fff1c61b7e0) = 0
ioctl(6, DRM_IOCTL_I915_GEM_CONTEXT_CREATE_EXT, 0x7fff1c61b890) = 0
ioctl(6, DRM_IOCTL_I915_GEM_CONTEXT_SETPARAM, 0x7fff1c61b8d0) = 0
ioctl(6, DRM_IOCTL_I915_GEM_CONTEXT_SETPARAM, 0x7fff1c61b8d0) = 0
ioctl(6, DRM_IOCTL_I915_GEM_CONTEXT_SETPARAM, 0x7fff1c61b820) = 0
ioctl(6, DRM_IOCTL_I915_GEM_CREATE_EXT, 0x7fff1c61b390) = 0
ioctl(6, DRM_IOCTL_I915_GEM_MMAP_OFFSET, 0x7fff1c61b660) = 0
ioctl(6, DRM_IOCTL_I915_GEM_CREATE_EXT, 0x7fff1c61b510) = 0
ioctl(6, DRM_IOCTL_I915_GEM_MMAP_OFFSET, 0x7fff1c61b7e0) = 0
ioctl(6, DRM_IOCTL_I915_GEM_CONTEXT_GETPARAM, 0x7fff1c61bba0) = 0
ioctl(6, DRM_IOCTL_I915_GEM_CONTEXT_GETPARAM, 0x7fff1c61bba0) = 0
ioctl(6, DRM_IOCTL_I915_GETPARAM, 0x7fff1c61bba0) = 0
ioctl(6, DRM_IOCTL_I915_GETPARAM, 0x7fff1c61bba0) = 0
ioctl(6, DRM_IOCTL_I915_GEM_USERPTR, 0x7fff1c61b870) = 0
ioctl(6, DRM_IOCTL_I915_GEM_USERPTR, 0x7fff1c61b5d0) = 0
ioctl(6, DRM_IOCTL_I915_GEM_CREATE_EXT, 0x7fff1c61b2f0) = 0
ioctl(6, DRM_IOCTL_I915_GEM_MMAP_OFFSET, 0x7fff1c61b5c0) = 0
ioctl(6, DRM_IOCTL_I915_GEM_CREATE_EXT, 0x7fff1c616620) = 0
ioctl(6, DRM_IOCTL_I915_GEM_MMAP_OFFSET, 0x7fff1c6168f0) = 0
ioctl(6, DRM_IOCTL_I915_GEM_CREATE_EXT, 0x7fff1c6164c0) = 0
ioctl(6, DRM_IOCTL_I915_GEM_MMAP_OFFSET, 0x7fff1c616790) = 0
ioctl(6, DRM_IOCTL_I915_GEM_USERPTR, 0x7fff1c616810) = 0
ioctl(6, DRM_IOCTL_I915_GEM_CREATE_EXT, 0x7fff1c6164c0) = 0
ioctl(6, DRM_IOCTL_I915_GEM_MMAP_OFFSET, 0x7fff1c616790) = 0
ioctl(6, DRM_IOCTL_I915_GEM_CREATE_EXT, 0x7fff1c616080) = 0
ioctl(6, DRM_IOCTL_I915_GEM_MMAP_OFFSET, 0x7fff1c616350) = 0
ioctl(6, DRM_IOCTL_I915_GEM_EXECBUFFER2, 0x7fff1c6164c0) = 0
ioctl(6, DRM_IOCTL_I915_GEM_WAIT or DRM_IOCTL_RADEON_GEM_OP, 0x7fff1c61bf00) = 0
ioctl(6, DRM_IOCTL_GEM_CLOSE, 0x7fff1c61bef0) = 0
ioctl(6, DRM_IOCTL_I915_GEM_WAIT or DRM_IOCTL_RADEON_GEM_OP, 0x7fff1c61be50) = 0
ioctl(6, DRM_IOCTL_GEM_CLOSE, 0x7fff1c61be40) = 0
ioctl(6, DRM_IOCTL_I915_GEM_WAIT or DRM_IOCTL_RADEON_GEM_OP, 0x7fff1c61d140) = 0
ioctl(6, DRM_IOCTL_GEM_CLOSE, 0x7fff1c61d130) = 0
ioctl(6, DRM_IOCTL_I915_GEM_WAIT or DRM_IOCTL_RADEON_GEM_OP, 0x7fff1c61d140) = 0
ioctl(6, DRM_IOCTL_GEM_CLOSE, 0x7fff1c61d130) = 0
ioctl(6, DRM_IOCTL_I915_GEM_WAIT or DRM_IOCTL_RADEON_GEM_OP, 0x7fff1c61d140) = 0
ioctl(6, DRM_IOCTL_GEM_CLOSE, 0x7fff1c61d130) = 0
ioctl(6, DRM_IOCTL_I915_GEM_WAIT or DRM_IOCTL_RADEON_GEM_OP, 0x7fff1c61d140) = 0
ioctl(6, DRM_IOCTL_GEM_CLOSE, 0x7fff1c61d130) = 0
ioctl(6, DRM_IOCTL_I915_GEM_WAIT or DRM_IOCTL_RADEON_GEM_OP, 0x7fff1c61d270) = 0
ioctl(6, DRM_IOCTL_GEM_CLOSE, 0x7fff1c61d260) = 0
ioctl(6, DRM_IOCTL_I915_GEM_WAIT or DRM_IOCTL_RADEON_GEM_OP, 0x7fff1c61d270) = 0
ioctl(6, DRM_IOCTL_GEM_CLOSE, 0x7fff1c61d260) = 0
ioctl(6, DRM_IOCTL_I915_GEM_WAIT or DRM_IOCTL_RADEON_GEM_OP, 0x7fff1c61d270) = 0
ioctl(6, DRM_IOCTL_GEM_CLOSE, 0x7fff1c61d260) = 0
ioctl(6, DRM_IOCTL_I915_GEM_CONTEXT_DESTROY, 0x7fff1c61d2d0) = 0
ioctl(6, DRM_IOCTL_I915_GEM_WAIT or DRM_IOCTL_RADEON_GEM_OP, 0x7fff1c61d270) = 0
ioctl(6, DRM_IOCTL_GEM_CLOSE, 0x7fff1c61d260) = 0
ioctl(6, DRM_IOCTL_I915_GEM_WAIT or DRM_IOCTL_RADEON_GEM_OP, 0x7fff1c61d270) = 0
ioctl(6, DRM_IOCTL_GEM_CLOSE, 0x7fff1c61d260) = 0
ioctl(6, DRM_IOCTL_I915_GEM_WAIT or DRM_IOCTL_RADEON_GEM_OP, 0x7fff1c61d270) = 0
ioctl(6, DRM_IOCTL_GEM_CLOSE, 0x7fff1c61d260) = 0
ioctl(6, DRM_IOCTL_I915_GEM_WAIT or DRM_IOCTL_RADEON_GEM_OP, 0x7fff1c61d270) = 0
ioctl(6, DRM_IOCTL_GEM_CLOSE, 0x7fff1c61d260) = 0
ioctl(6, DRM_IOCTL_I915_GEM_CONTEXT_DESTROY, 0x7fff1c61d2d0) = 0
ioctl(6, DRM_IOCTL_GEM_CLOSE, 0x7fff1c61d3a0) = 0
ioctl(6, DRM_IOCTL_I915_GEM_WAIT or DRM_IOCTL_RADEON_GEM_OP, 0x7fff1c61d380) = 0
ioctl(6, DRM_IOCTL_GEM_CLOSE, 0x7fff1c61d370) = 0
ioctl(6, DRM_IOCTL_I915_GEM_VM_DESTROY, 0x7fff1c61d3a0) = 0
+++ exited with 0 +++
