In file included from tests/../beignet_i915/beignet_i915_minimal.h:21,
                 from tests/test_c481_batch_gpgpu_complete.c:21:
tests/../beignet_i915/intel_structs.h:560:23: warning: implicit declaration of function ‘BITFIELD_RANGE’ [-Wimplicit-function-declaration]
  560 |     uint32_t length : BITFIELD_RANGE(0, 7);
      |                       ^~~~~~~~~~~~~~
tests/../beignet_i915/intel_structs.h:560:14: error: bit-field ‘length’ width not an integer constant
  560 |     uint32_t length : BITFIELD_RANGE(0, 7);
      |              ^~~~~~
tests/../beignet_i915/intel_structs.h:561:14: error: bit-field ‘reserved’ width not an integer constant
  561 |     uint32_t reserved : BITFIELD_RANGE(8, 15);
      |              ^~~~~~~~
tests/../beignet_i915/intel_structs.h:562:14: error: bit-field ‘instruction_subopcode’ width not an integer constant
  562 |     uint32_t instruction_subopcode : BITFIELD_RANGE(16, 23);
      |              ^~~~~~~~~~~~~~~~~~~~~
tests/../beignet_i915/intel_structs.h:563:14: error: bit-field ‘instruction_opcode’ width not an integer constant
  563 |     uint32_t instruction_opcode : BITFIELD_RANGE(24, 26);
      |              ^~~~~~~~~~~~~~~~~~
tests/../beignet_i915/intel_structs.h:564:14: error: bit-field ‘instruction_pipeline’ width not an integer constant
  564 |     uint32_t instruction_pipeline : BITFIELD_RANGE(27, 28);
      |              ^~~~~~~~~~~~~~~~~~~~
tests/../beignet_i915/intel_structs.h:565:14: error: bit-field ‘instruction_type’ width not an integer constant
  565 |     uint32_t instruction_type : BITFIELD_RANGE(29, 31);
      |              ^~~~~~~~~~~~~~~~
tests/../beignet_i915/intel_structs.h:569:41: warning: implicit declaration of function ‘BITFIELD_BIT’ [-Wimplicit-function-declaration]
  569 |     uint32_t depth_cache_flush_enable : BITFIELD_BIT(0);
      |                                         ^~~~~~~~~~~~
tests/../beignet_i915/intel_structs.h:569:14: error: bit-field ‘depth_cache_flush_enable’ width not an integer constant
  569 |     uint32_t depth_cache_flush_enable : BITFIELD_BIT(0);
      |              ^~~~~~~~~~~~~~~~~~~~~~~~
tests/../beignet_i915/intel_structs.h:570:14: error: bit-field ‘stall_at_pixel_scoreboard’ width not an integer constant
  570 |     uint32_t stall_at_pixel_scoreboard : BITFIELD_BIT(1);
      |              ^~~~~~~~~~~~~~~~~~~~~~~~~
tests/../beignet_i915/intel_structs.h:571:14: error: bit-field ‘state_cache_invalidation_enable’ width not an integer constant
  571 |     uint32_t state_cache_invalidation_enable : BITFIELD_BIT(2);
      |              ^~~~~~~~~~~~~~~~~~~~~~~~~~~~~~~
tests/../beignet_i915/intel_structs.h:572:14: error: bit-field ‘constant_cache_invalidation_enable’ width not an integer constant
  572 |     uint32_t constant_cache_invalidation_enable : BITFIELD_BIT(3);
      |              ^~~~~~~~~~~~~~~~~~~~~~~~~~~~~~~~~~
tests/../beignet_i915/intel_structs.h:573:14: error: bit-field ‘vf_cache_invalidation_enable’ width not an integer constant
  573 |     uint32_t vf_cache_invalidation_enable : BITFIELD_BIT(4);
      |              ^~~~~~~~~~~~~~~~~~~~~~~~~~~~
tests/../beignet_i915/intel_structs.h:574:14: error: bit-field ‘dc_flush_enable’ width not an integer constant
  574 |     uint32_t dc_flush_enable : BITFIELD_BIT(5);
      |              ^~~~~~~~~~~~~~~
tests/../beignet_i915/intel_structs.h:575:14: error: bit-field ‘protected_memory_app_id’ width not an integer constant
  575 |     uint32_t protected_memory_app_id : BITFIELD_BIT(6);
      |              ^~~~~~~~~~~~~~~~~~~~~~~
tests/../beignet_i915/intel_structs.h:576:14: error: bit-field ‘pipe_control_flush_enable’ width not an integer constant
  576 |     uint32_t pipe_control_flush_enable : BITFIELD_BIT(7);
      |              ^~~~~~~~~~~~~~~~~~~~~~~~~
tests/../beignet_i915/intel_structs.h:577:14: error: bit-field ‘notify_enable’ width not an integer constant
  577 |     uint32_t notify_enable : BITFIELD_BIT(8);
      |              ^~~~~~~~~~~~~
tests/../beignet_i915/intel_structs.h:578:14: error: bit-field ‘indirect_state_pointers_disable’ width not an integer constant
  578 |     uint32_t indirect_state_pointers_disable : BITFIELD_BIT(9);
      |              ^~~~~~~~~~~~~~~~~~~~~~~~~~~~~~~
tests/../beignet_i915/intel_structs.h:579:14: error: bit-field ‘texture_cache_invalidation_enable’ width not an integer constant
  579 |     uint32_t texture_cache_invalidation_enable : BITFIELD_BIT(10);
      |              ^~~~~~~~~~~~~~~~~~~~~~~~~~~~~~~~~
tests/../beignet_i915/intel_structs.h:580:14: error: bit-field ‘instruction_cache_invalidate_enable’ width not an integer constant
  580 |     uint32_t instruction_cache_invalidate_enable : BITFIELD_BIT(11);
      |              ^~~~~~~~~~~~~~~~~~~~~~~~~~~~~~~~~~~
tests/../beignet_i915/intel_structs.h:581:14: error: bit-field ‘render_target_cache_flush_enable’ width not an integer constant
  581 |     uint32_t render_target_cache_flush_enable : BITFIELD_BIT(12);
      |              ^~~~~~~~~~~~~~~~~~~~~~~~~~~~~~~~
tests/../beignet_i915/intel_structs.h:582:14: error: bit-field ‘depth_stall_enable’ width not an integer constant
  582 |     uint32_t depth_stall_enable : BITFIELD_BIT(13);
      |              ^~~~~~~~~~~~~~~~~~
tests/../beignet_i915/intel_structs.h:583:14: error: bit-field ‘post_sync_operation’ width not an integer constant
  583 |     uint32_t post_sync_operation : BITFIELD_RANGE(14, 15);
      |              ^~~~~~~~~~~~~~~~~~~
tests/../beignet_i915/intel_structs.h:584:14: error: bit-field ‘generic_media_state_clear’ width not an integer constant
  584 |     uint32_t generic_media_state_clear : BITFIELD_BIT(16);
      |              ^~~~~~~~~~~~~~~~~~~~~~~~~
tests/../beignet_i915/intel_structs.h:585:14: error: bit-field ‘synchronize_gfdt_surface’ width not an integer constant
  585 |     uint32_t synchronize_gfdt_surface : BITFIELD_BIT(17);
      |              ^~~~~~~~~~~~~~~~~~~~~~~~
tests/../beignet_i915/intel_structs.h:586:14: error: bit-field ‘tlb_invalidate’ width not an integer constant
  586 |     uint32_t tlb_invalidate : BITFIELD_BIT(18);
      |              ^~~~~~~~~~~~~~
tests/../beignet_i915/intel_structs.h:587:14: error: bit-field ‘global_snapshot_count_reset’ width not an integer constant
  587 |     uint32_t global_snapshot_count_reset : BITFIELD_BIT(19);
      |              ^~~~~~~~~~~~~~~~~~~~~~~~~~~
tests/../beignet_i915/intel_structs.h:588:14: error: bit-field ‘cs_stall’ width not an integer constant
  588 |     uint32_t cs_stall : BITFIELD_BIT(20);
      |              ^~~~~~~~
tests/../beignet_i915/intel_structs.h:589:14: error: bit-field ‘store_data_index’ width not an integer constant
  589 |     uint32_t store_data_index : BITFIELD_BIT(21);
      |              ^~~~~~~~~~~~~~~~
tests/../beignet_i915/intel_structs.h:590:14: error: bit-field ‘protected_memory_enable’ width not an integer constant
  590 |     uint32_t protected_memory_enable : BITFIELD_BIT(22);
      |              ^~~~~~~~~~~~~~~~~~~~~~~
tests/../beignet_i915/intel_structs.h:591:14: error: bit-field ‘reserved’ width not an integer constant
  591 |     uint32_t reserved : BITFIELD_RANGE(23, 31);
      |              ^~~~~~~~
tests/../beignet_i915/intel_structs.h:595:14: error: bit-field ‘reserved’ width not an integer constant
  595 |     uint32_t reserved : BITFIELD_RANGE(0, 1);
      |              ^~~~~~~~
tests/../beignet_i915/intel_structs.h:596:14: error: bit-field ‘destination_address_type’ width not an integer constant
  596 |     uint32_t destination_address_type : BITFIELD_BIT(2);
      |              ^~~~~~~~~~~~~~~~~~~~~~~~
tests/../beignet_i915/intel_structs.h:597:14: error: bit-field ‘address’ width not an integer constant
  597 |     uint32_t address : BITFIELD_RANGE(3, 31);
      |              ^~~~~~~
tests/../beignet_i915/intel_structs.h:612:14: error: bit-field ‘length’ width not an integer constant
  612 |     uint32_t length : BITFIELD_RANGE(0, 7);
      |              ^~~~~~
tests/../beignet_i915/intel_structs.h:613:14: error: bit-field ‘reserved’ width not an integer constant
  613 |     uint32_t reserved : BITFIELD_RANGE(8, 15);
      |              ^~~~~~~~
tests/../beignet_i915/intel_structs.h:614:14: error: bit-field ‘instruction_subopcode’ width not an integer constant
  614 |     uint32_t instruction_subopcode : BITFIELD_RANGE(16, 23);
      |              ^~~~~~~~~~~~~~~~~~~~~
tests/../beignet_i915/intel_structs.h:615:14: error: bit-field ‘instruction_opcode’ width not an integer constant
  615 |     uint32_t instruction_opcode : BITFIELD_RANGE(24, 26);
      |              ^~~~~~~~~~~~~~~~~~
tests/../beignet_i915/intel_structs.h:616:14: error: bit-field ‘instruction_pipeline’ width not an integer constant
  616 |     uint32_t instruction_pipeline : BITFIELD_RANGE(27, 28);
      |              ^~~~~~~~~~~~~~~~~~~~
tests/../beignet_i915/intel_structs.h:617:14: error: bit-field ‘instruction_type’ width not an integer constant
  617 |     uint32_t instruction_type : BITFIELD_RANGE(29, 31);
      |              ^~~~~~~~~~~~~~~~
tests/../beignet_i915/intel_structs.h:621:14: error: bit-field ‘depth_cache_flush_enable’ width not an integer constant
  621 |     uint32_t depth_cache_flush_enable : BITFIELD_BIT(0);
      |              ^~~~~~~~~~~~~~~~~~~~~~~~
tests/../beignet_i915/intel_structs.h:622:14: error: bit-field ‘stall_at_pixel_scoreboard’ width not an integer constant
  622 |     uint32_t stall_at_pixel_scoreboard : BITFIELD_BIT(1);
      |              ^~~~~~~~~~~~~~~~~~~~~~~~~
tests/../beignet_i915/intel_structs.h:623:14: error: bit-field ‘state_cache_invalidation_enable’ width not an integer constant
  623 |     uint32_t state_cache_invalidation_enable : BITFIELD_BIT(2);
      |              ^~~~~~~~~~~~~~~~~~~~~~~~~~~~~~~
tests/../beignet_i915/intel_structs.h:624:14: error: bit-field ‘constant_cache_invalidation_enable’ width not an integer constant
  624 |     uint32_t constant_cache_invalidation_enable : BITFIELD_BIT(3);
      |              ^~~~~~~~~~~~~~~~~~~~~~~~~~~~~~~~~~
tests/../beignet_i915/intel_structs.h:625:14: error: bit-field ‘vf_cache_invalidation_enable’ width not an integer constant
  625 |     uint32_t vf_cache_invalidation_enable : BITFIELD_BIT(4);
      |              ^~~~~~~~~~~~~~~~~~~~~~~~~~~~
tests/../beignet_i915/intel_structs.h:626:14: error: bit-field ‘dc_flush_enable’ width not an integer constant
  626 |     uint32_t dc_flush_enable : BITFIELD_BIT(5);
      |              ^~~~~~~~~~~~~~~
tests/../beignet_i915/intel_structs.h:627:14: error: bit-field ‘protected_memory_app_id’ width not an integer constant
  627 |     uint32_t protected_memory_app_id : BITFIELD_BIT(6);
      |              ^~~~~~~~~~~~~~~~~~~~~~~
tests/../beignet_i915/intel_structs.h:628:14: error: bit-field ‘pipe_control_flush_enable’ width not an integer constant
  628 |     uint32_t pipe_control_flush_enable : BITFIELD_BIT(7);
      |              ^~~~~~~~~~~~~~~~~~~~~~~~~
tests/../beignet_i915/intel_structs.h:629:14: error: bit-field ‘notify_enable’ width not an integer constant
  629 |     uint32_t notify_enable : BITFIELD_BIT(8);
      |              ^~~~~~~~~~~~~
tests/../beignet_i915/intel_structs.h:630:14: error: bit-field ‘indirect_state_pointers_disable’ width not an integer constant
  630 |     uint32_t indirect_state_pointers_disable : BITFIELD_BIT(9);
      |              ^~~~~~~~~~~~~~~~~~~~~~~~~~~~~~~
tests/../beignet_i915/intel_structs.h:631:14: error: bit-field ‘texture_cache_invalidation_enable’ width not an integer constant
  631 |     uint32_t texture_cache_invalidation_enable : BITFIELD_BIT(10);
      |              ^~~~~~~~~~~~~~~~~~~~~~~~~~~~~~~~~
tests/../beignet_i915/intel_structs.h:632:14: error: bit-field ‘instruction_cache_invalidate_enable’ width not an integer constant
  632 |     uint32_t instruction_cache_invalidate_enable : BITFIELD_BIT(11);
      |              ^~~~~~~~~~~~~~~~~~~~~~~~~~~~~~~~~~~
tests/../beignet_i915/intel_structs.h:633:14: error: bit-field ‘render_target_cache_flush_enable’ width not an integer constant
  633 |     uint32_t render_target_cache_flush_enable : BITFIELD_BIT(12);
      |              ^~~~~~~~~~~~~~~~~~~~~~~~~~~~~~~~
tests/../beignet_i915/intel_structs.h:634:14: error: bit-field ‘depth_stall_enable’ width not an integer constant
  634 |     uint32_t depth_stall_enable : BITFIELD_BIT(13);
      |              ^~~~~~~~~~~~~~~~~~
tests/../beignet_i915/intel_structs.h:635:14: error: bit-field ‘post_sync_operation’ width not an integer constant
  635 |     uint32_t post_sync_operation : BITFIELD_RANGE(14, 15);
      |              ^~~~~~~~~~~~~~~~~~~
tests/../beignet_i915/intel_structs.h:636:14: error: bit-field ‘generic_media_state_clear’ width not an integer constant
  636 |     uint32_t generic_media_state_clear : BITFIELD_BIT(16);
      |              ^~~~~~~~~~~~~~~~~~~~~~~~~
tests/../beignet_i915/intel_structs.h:637:14: error: bit-field ‘synchronize_gfdt_surface’ width not an integer constant
  637 |     uint32_t synchronize_gfdt_surface : BITFIELD_BIT(17);
      |              ^~~~~~~~~~~~~~~~~~~~~~~~
tests/../beignet_i915/intel_structs.h:638:14: error: bit-field ‘tlb_invalidate’ width not an integer constant
  638 |     uint32_t tlb_invalidate : BITFIELD_BIT(18);
      |              ^~~~~~~~~~~~~~
tests/../beignet_i915/intel_structs.h:639:14: error: bit-field ‘global_snapshot_count_reset’ width not an integer constant
  639 |     uint32_t global_snapshot_count_reset : BITFIELD_BIT(19);
      |              ^~~~~~~~~~~~~~~~~~~~~~~~~~~
tests/../beignet_i915/intel_structs.h:640:14: error: bit-field ‘cs_stall’ width not an integer constant
  640 |     uint32_t cs_stall : BITFIELD_BIT(20);
      |              ^~~~~~~~
tests/../beignet_i915/intel_structs.h:641:14: error: bit-field ‘store_data_index’ width not an integer constant
  641 |     uint32_t store_data_index : BITFIELD_BIT(21);
      |              ^~~~~~~~~~~~~~~~
tests/../beignet_i915/intel_structs.h:642:14: error: bit-field ‘protected_memory_enable’ width not an integer constant
  642 |     uint32_t protected_memory_enable : BITFIELD_BIT(22);
      |              ^~~~~~~~~~~~~~~~~~~~~~~
tests/../beignet_i915/intel_structs.h:643:14: error: bit-field ‘reserved’ width not an integer constant
  643 |     uint32_t reserved : BITFIELD_RANGE(23, 31);
      |              ^~~~~~~~
tests/../beignet_i915/intel_structs.h:647:14: error: bit-field ‘reserved’ width not an integer constant
  647 |     uint32_t reserved : BITFIELD_RANGE(0, 1);
      |              ^~~~~~~~
tests/../beignet_i915/intel_structs.h:648:14: error: bit-field ‘destination_address_type’ width not an integer constant
  648 |     uint32_t destination_address_type : BITFIELD_BIT(2);
      |              ^~~~~~~~~~~~~~~~~~~~~~~~
tests/../beignet_i915/intel_structs.h:649:14: error: bit-field ‘address’ width not an integer constant
  649 |     uint32_t address : BITFIELD_RANGE(3, 31);
      |              ^~~~~~~
tests/../beignet_i915/intel_structs.h:671:18: error: bit-field ‘SPD_0_X’ width not an integer constant
  671 |         uint32_t SPD_0_X : BITFIELD_RANGE(0, 3);        //search path distance
      |                  ^~~~~~~
tests/../beignet_i915/intel_structs.h:672:18: error: bit-field ‘SPD_0_Y’ width not an integer constant
  672 |         uint32_t SPD_0_Y : BITFIELD_RANGE(4, 7);
      |                  ^~~~~~~
tests/../beignet_i915/intel_structs.h:673:18: error: bit-field ‘SPD_1_X’ width not an integer constant
  673 |         uint32_t SPD_1_X : BITFIELD_RANGE(8, 11);
      |                  ^~~~~~~
tests/../beignet_i915/intel_structs.h:674:18: error: bit-field ‘SPD_1_Y’ width not an integer constant
  674 |         uint32_t SPD_1_Y : BITFIELD_RANGE(12, 15);
      |                  ^~~~~~~
tests/../beignet_i915/intel_structs.h:675:18: error: bit-field ‘SPD_2_X’ width not an integer constant
  675 |         uint32_t SPD_2_X : BITFIELD_RANGE(16, 19);
      |                  ^~~~~~~
tests/../beignet_i915/intel_structs.h:676:18: error: bit-field ‘SPD_2_Y’ width not an integer constant
  676 |         uint32_t SPD_2_Y : BITFIELD_RANGE(20, 23);
      |                  ^~~~~~~
tests/../beignet_i915/intel_structs.h:677:18: error: bit-field ‘SPD_3_X’ width not an integer constant
  677 |         uint32_t SPD_3_X : BITFIELD_RANGE(24, 27);
      |                  ^~~~~~~
tests/../beignet_i915/intel_structs.h:678:18: error: bit-field ‘SPD_3_Y’ width not an integer constant
  678 |         uint32_t SPD_3_Y : BITFIELD_RANGE(28, 31);
      |                  ^~~~~~~
tests/../beignet_i915/intel_structs.h:685:18: error: bit-field ‘LUT_MbMode_0’ width not an integer constant
  685 |         uint32_t LUT_MbMode_0 : BITFIELD_RANGE(0, 7);
      |                  ^~~~~~~~~~~~
tests/../beignet_i915/intel_structs.h:686:18: error: bit-field ‘LUT_MbMode_1’ width not an integer constant
  686 |         uint32_t LUT_MbMode_1 : BITFIELD_RANGE(8, 15);
      |                  ^~~~~~~~~~~~
tests/../beignet_i915/intel_structs.h:687:18: error: bit-field ‘LUT_MbMode_2’ width not an integer constant
  687 |         uint32_t LUT_MbMode_2 : BITFIELD_RANGE(16, 23);
      |                  ^~~~~~~~~~~~
tests/../beignet_i915/intel_structs.h:688:18: error: bit-field ‘LUT_MbMode_3’ width not an integer constant
  688 |         uint32_t LUT_MbMode_3 : BITFIELD_RANGE(24, 31);
      |                  ^~~~~~~~~~~~
tests/../beignet_i915/intel_structs.h:692:18: error: bit-field ‘LUT_MbMode_4’ width not an integer constant
  692 |         uint32_t LUT_MbMode_4 : BITFIELD_RANGE(0, 7);
      |                  ^~~~~~~~~~~~
tests/../beignet_i915/intel_structs.h:693:18: error: bit-field ‘LUT_MbMode_5’ width not an integer constant
  693 |         uint32_t LUT_MbMode_5 : BITFIELD_RANGE(8, 15);
      |                  ^~~~~~~~~~~~
tests/../beignet_i915/intel_structs.h:694:18: error: bit-field ‘LUT_MbMode_6’ width not an integer constant
  694 |         uint32_t LUT_MbMode_6 : BITFIELD_RANGE(16, 23);
      |                  ^~~~~~~~~~~~
tests/../beignet_i915/intel_structs.h:695:18: error: bit-field ‘LUT_MbMode_7’ width not an integer constant
  695 |         uint32_t LUT_MbMode_7 : BITFIELD_RANGE(24, 31);
      |                  ^~~~~~~~~~~~
tests/../beignet_i915/intel_structs.h:699:18: error: bit-field ‘LUT_MV_0’ width not an integer constant
  699 |         uint32_t LUT_MV_0 : BITFIELD_RANGE(0, 7);
      |                  ^~~~~~~~
tests/../beignet_i915/intel_structs.h:700:18: error: bit-field ‘LUT_MV_1’ width not an integer constant
  700 |         uint32_t LUT_MV_1 : BITFIELD_RANGE(8, 15);
      |                  ^~~~~~~~
tests/../beignet_i915/intel_structs.h:701:18: error: bit-field ‘LUT_MV_2’ width not an integer constant
  701 |         uint32_t LUT_MV_2 : BITFIELD_RANGE(16, 23);
      |                  ^~~~~~~~
tests/../beignet_i915/intel_structs.h:702:18: error: bit-field ‘LUT_MV_3’ width not an integer constant
  702 |         uint32_t LUT_MV_3 : BITFIELD_RANGE(24, 31);
      |                  ^~~~~~~~
tests/../beignet_i915/intel_structs.h:706:18: error: bit-field ‘LUT_MV_4’ width not an integer constant
  706 |         uint32_t LUT_MV_4 : BITFIELD_RANGE(0, 7);
      |                  ^~~~~~~~
tests/../beignet_i915/intel_structs.h:707:18: error: bit-field ‘LUT_MV_5’ width not an integer constant
  707 |         uint32_t LUT_MV_5 : BITFIELD_RANGE(8, 15);
      |                  ^~~~~~~~
tests/../beignet_i915/intel_structs.h:708:18: error: bit-field ‘LUT_MV_6’ width not an integer constant
  708 |         uint32_t LUT_MV_6 : BITFIELD_RANGE(16, 23);
      |                  ^~~~~~~~
tests/../beignet_i915/intel_structs.h:709:18: error: bit-field ‘LUT_MV_7’ width not an integer constant
  709 |         uint32_t LUT_MV_7 : BITFIELD_RANGE(24, 31);
      |                  ^~~~~~~~
tests/../beignet_i915/intel_structs.h:718:18: error: bit-field ‘LUT_MbMode_8_0’ width not an integer constant
  718 |         uint32_t LUT_MbMode_8_0 : BITFIELD_RANGE(0, 7);
      |                  ^~~~~~~~~~~~~~
tests/../beignet_i915/intel_structs.h:719:18: error: bit-field ‘LUT_MbMode_9_0’ width not an integer constant
  719 |         uint32_t LUT_MbMode_9_0 : BITFIELD_RANGE(8, 15);
      |                  ^~~~~~~~~~~~~~
tests/../beignet_i915/intel_structs.h:720:18: error: bit-field ‘LUT_MbMode_8_1’ width not an integer constant
  720 |         uint32_t LUT_MbMode_8_1 : BITFIELD_RANGE(16, 23);
      |                  ^~~~~~~~~~~~~~
tests/../beignet_i915/intel_structs.h:721:18: error: bit-field ‘LUT_MbMode_9_1’ width not an integer constant
  721 |         uint32_t LUT_MbMode_9_1 : BITFIELD_RANGE(24, 31);
      |                  ^~~~~~~~~~~~~~
tests/../beignet_i915/intel_structs.h:725:18: error: bit-field ‘LUT_MbMode_8_2’ width not an integer constant
  725 |         uint32_t LUT_MbMode_8_2 : BITFIELD_RANGE(0, 7);
      |                  ^~~~~~~~~~~~~~
tests/../beignet_i915/intel_structs.h:726:18: error: bit-field ‘LUT_MbMode_9_2’ width not an integer constant
  726 |         uint32_t LUT_MbMode_9_2 : BITFIELD_RANGE(8, 15);
      |                  ^~~~~~~~~~~~~~
tests/../beignet_i915/intel_structs.h:727:18: error: bit-field ‘LUT_MbMode_8_3’ width not an integer constant
  727 |         uint32_t LUT_MbMode_8_3 : BITFIELD_RANGE(16, 23);
      |                  ^~~~~~~~~~~~~~
tests/../beignet_i915/intel_structs.h:728:18: error: bit-field ‘LUT_MbMode_9_3’ width not an integer constant
  728 |         uint32_t LUT_MbMode_9_3 : BITFIELD_RANGE(24, 31);
      |                  ^~~~~~~~~~~~~~
tests/../beignet_i915/intel_structs.h:827:15: error: expected declaration specifiers or ‘...’ before ‘sizeof’
  827 | STATIC_ASSERT(sizeof(gen6_sampler_state_t) == sizeof(gen7_sampler_state_t));
      |               ^~~~~~
tests/../beignet_i915/intel_structs.h:882:15: error: expected declaration specifiers or ‘...’ before ‘sizeof’
  882 | STATIC_ASSERT(sizeof(gen6_sampler_state_t) == sizeof(gen8_sampler_state_t));
      |               ^~~~~~
tests/../beignet_i915/beignet_i915_minimal.h:29:16: error: redefinition of ‘struct gen7_surface_state’
   29 | typedef struct gen7_surface_state {
      |                ^~~~~~~~~~~~~~~~~~
tests/../beignet_i915/intel_structs.h:157:16: note: originally defined here
  157 | typedef struct gen7_surface_state
      |                ^~~~~~~~~~~~~~~~~~
tests/../beignet_i915/beignet_i915_minimal.h:105:3: error: conflicting types for ‘gen7_surface_state_t’; have ‘struct gen7_surface_state’
  105 | } gen7_surface_state_t;
      |   ^~~~~~~~~~~~~~~~~~~~
tests/../beignet_i915/intel_structs.h:234:3: note: previous declaration of ‘gen7_surface_state_t’ with type ‘gen7_surface_state_t’ {aka ‘struct gen7_surface_state’}
  234 | } gen7_surface_state_t;
      |   ^~~~~~~~~~~~~~~~~~~~
