[10205.754796] [drm:drm_mode_object_put.part.0] OBJ ID: 136 (2)
[10205.754803] i915 0000:00:02.0: [drm:__drm_atomic_state_free] Freeing atomic state 00000000023e5518
[10205.754909] i915 0000:00:02.0: [drm:drm_ioctl] comm="gnome-shell" pid=14977, dev=0xe201, auth=1, DRM_IOCTL_MODE_CLOSEFB
[10205.754922] [drm:drm_mode_object_put.part.0] OBJ ID: 136 (2)
[10205.754928] [drm:drm_mode_object_put.part.0] OBJ ID: 136 (1)
[10205.767104] i915 0000:00:02.0: [drm:drm_ioctl] comm="io.flutter.rast" pid=17462, dev=0xe280, auth=0, DRM_IOCTL_SYNCOBJ_WAIT
[10205.767126] i915 0000:00:02.0: [drm:drm_ioctl] comm="io.flutter.rast" pid=17462, dev=0xe280, auth=0, DRM_IOCTL_SYNCOBJ_WAIT
[10205.767134] i915 0000:00:02.0: [drm:drm_ioctl] comm="io.flutter.rast" pid=17462, dev=0xe280, auth=0, DRM_IOCTL_SYNCOBJ_WAIT
[10205.767141] i915 0000:00:02.0: [drm:drm_ioctl] comm="io.flutter.rast" pid=17462, dev=0xe280, auth=0, DRM_IOCTL_SYNCOBJ_DESTROY
[10205.767866] i915 0000:00:02.0: [drm:drm_ioctl] comm="io.flutter.rast" pid=17462, dev=0xe280, auth=0, I915_GEM_EXECBUFFER2_WR
[10205.767963] i915 0000:00:02.0: [drm:drm_ioctl] comm="io.flutter.rast" pid=17462, dev=0xe280, auth=0, I915_GEM_MADVISE
[10205.767975] i915 0000:00:02.0: [drm:drm_ioctl] comm="io.flutter.rast" pid=17462, dev=0xe280, auth=0, DRM_IOCTL_SYNCOBJ_WAIT
[10205.767984] i915 0000:00:02.0: [drm:drm_ioctl] comm="io.flutter.rast" pid=17462, dev=0xe280, auth=0, I915_GEM_MADVISE
[10205.767991] i915 0000:00:02.0: [drm:drm_ioctl] comm="io.flutter.rast" pid=17462, dev=0xe280, auth=0, DRM_IOCTL_SYNCOBJ_CREATE
[10205.771352] i915 0000:00:02.0: [drm:drm_crtc_vblank_helper_get_vblank_timestamp_internal] crtc 0 : v p(0,-52)@ 7703.892158 -> 7703.892923 [e 0 us, 0 rep]
[10205.771386] i915 0000:00:02.0: [drm:drm_update_vblank_count] updating vblank count on crtc 0: current=458857, diff=1, hw=184793 hw_last=184792
[10205.771395] i915 0000:00:02.0: [drm:vblank_disable_fn] disabling vblank on crtc 0
[10205.771401] i915 0000:00:02.0: [drm:drm_crtc_vblank_helper_get_vblank_timestamp_internal] crtc 0 : v p(0,-49)@ 7703.892209 -> 7703.892930 [e 0 us, 0 rep]
[10205.771409] i915 0000:00:02.0: [drm:drm_update_vblank_count] updating vblank count on crtc 0: current=458858, diff=0, hw=184793 hw_last=184793
[10205.783207] i915 0000:00:02.0: [drm:drm_ioctl] comm="io.flutter.rast" pid=17462, dev=0xe280, auth=0, DRM_IOCTL_SYNCOBJ_WAIT
[10205.783231] i915 0000:00:02.0: [drm:drm_ioctl] comm="io.flutter.rast" pid=17462, dev=0xe280, auth=0, DRM_IOCTL_SYNCOBJ_WAIT
[10205.783238] i915 0000:00:02.0: [drm:drm_ioctl] comm="io.flutter.rast" pid=17462, dev=0xe280, auth=0, DRM_IOCTL_SYNCOBJ_WAIT
[10205.783247] i915 0000:00:02.0: [drm:drm_ioctl] comm="io.flutter.rast" pid=17462, dev=0xe280, auth=0, DRM_IOCTL_SYNCOBJ_DESTROY
[10205.783945] i915 0000:00:02.0: [drm:drm_ioctl] comm="io.flutter.rast" pid=17462, dev=0xe280, auth=0, I915_GEM_EXECBUFFER2_WR
[10205.784079] i915 0000:00:02.0: [drm:drm_ioctl] comm="io.flutter.rast" pid=17462, dev=0xe280, auth=0, I915_GEM_MADVISE
[10205.784091] i915 0000:00:02.0: [drm:drm_ioctl] comm="io.flutter.rast" pid=17462, dev=0xe280, auth=0, DRM_IOCTL_SYNCOBJ_WAIT
[10205.784101] i915 0000:00:02.0: [drm:drm_ioctl] comm="io.flutter.rast" pid=17462, dev=0xe280, auth=0, I915_GEM_MADVISE
[10205.784117] i915 0000:00:02.0: [drm:drm_ioctl] comm="io.flutter.rast" pid=17462, dev=0xe280, auth=0, DRM_IOCTL_SYNCOBJ_CREATE
[10205.798306] i915 0000:00:02.0: [drm:drm_ioctl] comm="io.flutter.rast" pid=17462, dev=0xe280, auth=0, DRM_IOCTL_SYNCOBJ_WAIT
[10205.798326] i915 0000:00:02.0: [drm:drm_ioctl] comm="io.flutter.rast" pid=17462, dev=0xe280, auth=0, DRM_IOCTL_SYNCOBJ_WAIT
[10205.798334] i915 0000:00:02.0: [drm:drm_ioctl] comm="io.flutter.rast" pid=17462, dev=0xe280, auth=0, DRM_IOCTL_SYNCOBJ_WAIT
[10205.798341] i915 0000:00:02.0: [drm:drm_ioctl] comm="io.flutter.rast" pid=17462, dev=0xe280, auth=0, DRM_IOCTL_SYNCOBJ_DESTROY
[10205.798949] i915 0000:00:02.0: [drm:drm_ioctl] comm="io.flutter.rast" pid=17462, dev=0xe280, auth=0, I915_GEM_EXECBUFFER2_WR
[10205.799038] i915 0000:00:02.0: [drm:drm_ioctl] comm="io.flutter.rast" pid=17462, dev=0xe280, auth=0, I915_GEM_MADVISE
[10205.799053] i915 0000:00:02.0: [drm:drm_ioctl] comm="io.flutter.rast" pid=17462, dev=0xe280, auth=0, DRM_IOCTL_SYNCOBJ_WAIT
[10205.799063] i915 0000:00:02.0: [drm:drm_ioctl] comm="io.flutter.rast" pid=17462, dev=0xe280, auth=0, I915_GEM_MADVISE
[10205.799068] i915 0000:00:02.0: [drm:drm_ioctl] comm="io.flutter.rast" pid=17462, dev=0xe280, auth=0, DRM_IOCTL_SYNCOBJ_CREATE
[10205.814608] i915 0000:00:02.0: [drm:drm_ioctl] comm="io.flutter.rast" pid=17462, dev=0xe280, auth=0, DRM_IOCTL_SYNCOBJ_WAIT
[10205.814621] i915 0000:00:02.0: [drm:drm_ioctl] comm="io.flutter.rast" pid=17462, dev=0xe280, auth=0, DRM_IOCTL_SYNCOBJ_WAIT
[10205.814626] i915 0000:00:02.0: [drm:drm_ioctl] comm="io.flutter.rast" pid=17462, dev=0xe280, auth=0, DRM_IOCTL_SYNCOBJ_WAIT
[10205.814630] i915 0000:00:02.0: [drm:drm_ioctl] comm="io.flutter.rast" pid=17462, dev=0xe280, auth=0, DRM_IOCTL_SYNCOBJ_DESTROY
[10205.815022] i915 0000:00:02.0: [drm:drm_ioctl] comm="io.flutter.rast" pid=17462, dev=0xe280, auth=0, I915_GEM_EXECBUFFER2_WR
[10205.815084] i915 0000:00:02.0: [drm:drm_ioctl] comm="io.flutter.rast" pid=17462, dev=0xe280, auth=0, I915_GEM_MADVISE
[10205.815089] i915 0000:00:02.0: [drm:drm_ioctl] comm="io.flutter.rast" pid=17462, dev=0xe280, auth=0, DRM_IOCTL_SYNCOBJ_WAIT
[10205.815094] i915 0000:00:02.0: [drm:drm_ioctl] comm="io.flutter.rast" pid=17462, dev=0xe280, auth=0, I915_GEM_MADVISE
[10205.815097] i915 0000:00:02.0: [drm:drm_ioctl] comm="io.flutter.rast" pid=17462, dev=0xe280, auth=0, DRM_IOCTL_SYNCOBJ_CREATE
[10205.831236] i915 0000:00:02.0: [drm:drm_ioctl] comm="io.flutter.rast" pid=17462, dev=0xe280, auth=0, DRM_IOCTL_SYNCOBJ_WAIT
[10205.831248] i915 0000:00:02.0: [drm:drm_ioctl] comm="io.flutter.rast" pid=17462, dev=0xe280, auth=0, DRM_IOCTL_SYNCOBJ_WAIT
[10205.831252] i915 0000:00:02.0: [drm:drm_ioctl] comm="io.flutter.rast" pid=17462, dev=0xe280, auth=0, DRM_IOCTL_SYNCOBJ_WAIT
[10205.831255] i915 0000:00:02.0: [drm:drm_ioctl] comm="io.flutter.rast" pid=17462, dev=0xe280, auth=0, DRM_IOCTL_SYNCOBJ_DESTROY
[10205.831622] i915 0000:00:02.0: [drm:drm_ioctl] comm="io.flutter.rast" pid=17462, dev=0xe280, auth=0, I915_GEM_EXECBUFFER2_WR
[10205.831684] i915 0000:00:02.0: [drm:drm_ioctl] comm="io.flutter.rast" pid=17462, dev=0xe280, auth=0, I915_GEM_MADVISE
[10205.831689] i915 0000:00:02.0: [drm:drm_ioctl] comm="io.flutter.rast" pid=17462, dev=0xe280, auth=0, DRM_IOCTL_SYNCOBJ_WAIT
[10205.831693] i915 0000:00:02.0: [drm:drm_ioctl] comm="io.flutter.rast" pid=17462, dev=0xe280, auth=0, I915_GEM_MADVISE
[10205.831696] i915 0000:00:02.0: [drm:drm_ioctl] comm="io.flutter.rast" pid=17462, dev=0xe280, auth=0, DRM_IOCTL_SYNCOBJ_CREATE
[10205.837648] i915 0000:00:02.0: [drm:drm_ioctl] comm="bobide" pid=58405, dev=0xe280, auth=0, I915_GET_RESET_STATS
[10205.837661] i915 0000:00:02.0: [drm:drm_ioctl] comm="bobide" pid=58405, dev=0xe280, auth=0, I915_GET_RESET_STATS
[10205.847888] i915 0000:00:02.0: [drm:drm_ioctl] comm="io.flutter.rast" pid=17462, dev=0xe280, auth=0, DRM_IOCTL_SYNCOBJ_WAIT
[10205.847900] i915 0000:00:02.0: [drm:drm_ioctl] comm="io.flutter.rast" pid=17462, dev=0xe280, auth=0, DRM_IOCTL_SYNCOBJ_WAIT
[10205.847905] i915 0000:00:02.0: [drm:drm_ioctl] comm="io.flutter.rast" pid=17462, dev=0xe280, auth=0, DRM_IOCTL_SYNCOBJ_WAIT
[10205.847908] i915 0000:00:02.0: [drm:drm_ioctl] comm="io.flutter.rast" pid=17462, dev=0xe280, auth=0, DRM_IOCTL_SYNCOBJ_DESTROY
[10205.848280] i915 0000:00:02.0: [drm:drm_ioctl] comm="io.flutter.rast" pid=17462, dev=0xe280, auth=0, DRM_IOCTL_SYNCOBJ_WAIT
[10205.848287] i915 0000:00:02.0: [drm:drm_ioctl] comm="io.flutter.rast" pid=17462, dev=0xe280, auth=0, DRM_IOCTL_SYNCOBJ_DESTROY
[10205.848291] i915 0000:00:02.0: [drm:drm_ioctl] comm="io.flutter.rast" pid=17462, dev=0xe280, auth=0, I915_GEM_MADVISE
[10205.848320] i915 0000:00:02.0: [drm:drm_ioctl] comm="io.flutter.rast" pid=17462, dev=0xe280, auth=0, I915_GEM_EXECBUFFER2_WR
[10205.848381] i915 0000:00:02.0: [drm:drm_ioctl] comm="io.flutter.rast" pid=17462, dev=0xe280, auth=0, I915_GEM_MADVISE
[10205.848385] i915 0000:00:02.0: [drm:drm_ioctl] comm="io.flutter.rast" pid=17462, dev=0xe280, auth=0, DRM_IOCTL_SYNCOBJ_WAIT
[10205.848389] i915 0000:00:02.0: [drm:drm_ioctl] comm="io.flutter.rast" pid=17462, dev=0xe280, auth=0, I915_GEM_MADVISE
[10205.848392] i915 0000:00:02.0: [drm:drm_ioctl] comm="io.flutter.rast" pid=17462, dev=0xe280, auth=0, DRM_IOCTL_SYNCOBJ_CREATE
[10205.864731] i915 0000:00:02.0: [drm:drm_ioctl] comm="io.flutter.rast" pid=17462, dev=0xe280, auth=0, DRM_IOCTL_SYNCOBJ_WAIT
[10205.864748] i915 0000:00:02.0: [drm:drm_ioctl] comm="io.flutter.rast" pid=17462, dev=0xe280, auth=0, DRM_IOCTL_SYNCOBJ_WAIT
[10205.864754] i915 0000:00:02.0: [drm:drm_ioctl] comm="io.flutter.rast" pid=17462, dev=0xe280, auth=0, DRM_IOCTL_SYNCOBJ_WAIT
[10205.864759] i915 0000:00:02.0: [drm:drm_ioctl] comm="io.flutter.rast" pid=17462, dev=0xe280, auth=0, DRM_IOCTL_SYNCOBJ_DESTROY
[10205.864999] i915 0000:00:02.0: [drm:drm_ioctl] comm="io.flutter.rast" pid=17462, dev=0xe280, auth=0, I915_GEM_MADVISE
[10205.865274] i915 0000:00:02.0: [drm:drm_ioctl] comm="io.flutter.rast" pid=17462, dev=0xe280, auth=0, I915_GEM_EXECBUFFER2_WR
[10205.865336] i915 0000:00:02.0: [drm:drm_ioctl] comm="io.flutter.rast" pid=17462, dev=0xe280, auth=0, I915_GEM_MADVISE
[10205.865340] i915 0000:00:02.0: [drm:drm_ioctl] comm="io.flutter.rast" pid=17462, dev=0xe280, auth=0, DRM_IOCTL_SYNCOBJ_WAIT
[10205.865345] i915 0000:00:02.0: [drm:drm_ioctl] comm="io.flutter.rast" pid=17462, dev=0xe280, auth=0, I915_GEM_MADVISE
[10205.865350] i915 0000:00:02.0: [drm:drm_ioctl] comm="io.flutter.rast" pid=17462, dev=0xe280, auth=0, DRM_IOCTL_SYNCOBJ_CREATE
[10205.881628] i915 0000:00:02.0: [drm:drm_ioctl] comm="io.flutter.rast" pid=17462, dev=0xe280, auth=0, DRM_IOCTL_SYNCOBJ_WAIT
[10205.881667] i915 0000:00:02.0: [drm:drm_ioctl] comm="io.flutter.rast" pid=17462, dev=0xe280, auth=0, DRM_IOCTL_SYNCOBJ_WAIT
[10205.881674] i915 0000:00:02.0: [drm:drm_ioctl] comm="io.flutter.rast" pid=17462, dev=0xe280, auth=0, DRM_IOCTL_SYNCOBJ_WAIT
[10205.882388] i915 0000:00:02.0: [drm:drm_ioctl] comm="io.flutter.rast" pid=17462, dev=0xe280, auth=0, I915_GEM_EXECBUFFER2_WR
[10205.882526] i915 0000:00:02.0: [drm:drm_ioctl] comm="io.flutter.rast" pid=17462, dev=0xe280, auth=0, I915_GEM_MADVISE
[10205.882538] i915 0000:00:02.0: [drm:drm_ioctl] comm="io.flutter.rast" pid=17462, dev=0xe280, auth=0, DRM_IOCTL_SYNCOBJ_WAIT
[10205.882547] i915 0000:00:02.0: [drm:drm_ioctl] comm="io.flutter.rast" pid=17462, dev=0xe280, auth=0, I915_GEM_MADVISE
[10205.882553] i915 0000:00:02.0: [drm:drm_ioctl] comm="io.flutter.rast" pid=17462, dev=0xe280, auth=0, DRM_IOCTL_SYNCOBJ_CREATE
[10205.888361] i915 0000:00:02.0: [drm:drm_ioctl] comm="bobide" pid=58405, dev=0xe280, auth=0, I915_GET_RESET_STATS
[10205.888376] i915 0000:00:02.0: [drm:drm_ioctl] comm="bobide" pid=58405, dev=0xe280, auth=0, I915_GET_RESET_STATS
[10205.888903] i915 0000:00:02.0: [drm:drm_ioctl] comm="bobide" pid=58405, dev=0xe280, auth=0, DRM_IOCTL_SYNCOBJ_WAIT
[10205.888922] i915 0000:00:02.0: [drm:drm_ioctl] comm="bobide" pid=58405, dev=0xe280, auth=0, DRM_IOCTL_SYNCOBJ_WAIT
[10205.888935] i915 0000:00:02.0: [drm:drm_ioctl] comm="bobide" pid=58405, dev=0xe280, auth=0, DRM_IOCTL_SYNCOBJ_WAIT
[10205.889031] i915 0000:00:02.0: [drm:drm_ioctl] comm="bobide" pid=58405, dev=0xe280, auth=0, DRM_IOCTL_SYNCOBJ_WAIT
[10205.889707] i915 0000:00:02.0: [drm:drm_ioctl] comm="bobide" pid=58405, dev=0xe280, auth=0, DRM_IOCTL_SYNCOBJ_WAIT
[10205.890328] i915 0000:00:02.0: [drm:drm_ioctl] comm="bobide" pid=58405, dev=0xe280, auth=0, I915_GEM_EXECBUFFER2_WR
[10205.890481] i915 0000:00:02.0: [drm:drm_ioctl] comm="bobide" pid=58405, dev=0xe280, auth=0, I915_GEM_MADVISE
[10205.890558] i915 0000:00:02.0: [drm:drm_ioctl] comm="bobide" pid=58405, dev=0xe280, auth=0, DRM_IOCTL_SYNCOBJ_WAIT
[10205.890569] i915 0000:00:02.0: [drm:drm_ioctl] comm="bobide" pid=58405, dev=0xe280, auth=0, DRM_IOCTL_SYNCOBJ_DESTROY
[10205.890580] i915 0000:00:02.0: [drm:drm_ioctl] comm="bobide" pid=58405, dev=0xe280, auth=0, DRM_IOCTL_GEM_CLOSE
[10205.890601] i915 0000:00:02.0: [drm:drm_ioctl] comm="bobide" pid=58405, dev=0xe280, auth=0, DRM_IOCTL_SYNCOBJ_WAIT
[10205.890607] i915 0000:00:02.0: [drm:drm_ioctl] comm="bobide" pid=58405, dev=0xe280, auth=0, I915_GEM_MADVISE
[10205.890632] i915 0000:00:02.0: [drm:drm_ioctl] comm="bobide" pid=58405, dev=0xe280, auth=0, DRM_IOCTL_SYNCOBJ_CREATE
[10205.890669] i915 0000:00:02.0: [drm:drm_ioctl] comm="bobide" pid=58405, dev=0xe280, auth=0, DRM_IOCTL_SYNCOBJ_HANDLE_TO_FD
[10205.892357] i915 0000:00:02.0: [drm:drm_ioctl] comm="gnome-shell" pid=14977, dev=0xe201, auth=1, DRM_IOCTL_SYNCOBJ_CREATE
[10205.892374] i915 0000:00:02.0: [drm:drm_ioctl] comm="gnome-shell" pid=14977, dev=0xe201, auth=1, DRM_IOCTL_SYNCOBJ_HANDLE_TO_FD
[10205.892386] i915 0000:00:02.0: [drm:drm_ioctl] comm="gnome-shell" pid=14977, dev=0xe201, auth=1, DRM_IOCTL_SYNCOBJ_DESTROY
[10205.893151] i915 0000:00:02.0: [drm:drm_ioctl] comm="gnome-shell" pid=14977, dev=0xe201, auth=1, I915_GEM_EXECBUFFER2_WR
[10205.893241] i915 0000:00:02.0: [drm:drm_ioctl] comm="gnome-shell" pid=14977, dev=0xe201, auth=1, I915_GEM_MADVISE
[10205.893254] i915 0000:00:02.0: [drm:drm_ioctl] comm="gnome-shell" pid=14977, dev=0xe201, auth=1, DRM_IOCTL_SYNCOBJ_WAIT
[10205.893263] i915 0000:00:02.0: [drm:drm_ioctl] comm="gnome-shell" pid=14977, dev=0xe201, auth=1, I915_GEM_MADVISE
[10205.893270] i915 0000:00:02.0: [drm:drm_ioctl] comm="gnome-shell" pid=14977, dev=0xe201, auth=1, DRM_IOCTL_SYNCOBJ_CREATE
[10205.893285] i915 0000:00:02.0: [drm:drm_ioctl] comm="gnome-shell" pid=14977, dev=0xe201, auth=1, I915_REG_READ
[10205.893309] i915 0000:00:02.0: [drm:drm_ioctl] comm="gnome-shell" pid=14977, dev=0xe201, auth=1, I915_GEM_EXECBUFFER2_WR
[10205.893333] i915 0000:00:02.0: [drm:drm_ioctl] comm="gnome-shell" pid=14977, dev=0xe201, auth=1, I915_GEM_MADVISE
[10205.893340] i915 0000:00:02.0: [drm:drm_ioctl] comm="gnome-shell" pid=14977, dev=0xe201, auth=1, DRM_IOCTL_SYNCOBJ_WAIT
[10205.893346] i915 0000:00:02.0: [drm:drm_ioctl] comm="gnome-shell" pid=14977, dev=0xe201, auth=1, I915_GEM_MADVISE
[10205.893352] i915 0000:00:02.0: [drm:drm_ioctl] comm="gnome-shell" pid=14977, dev=0xe201, auth=1, DRM_IOCTL_SYNCOBJ_CREATE
[10205.893368] i915 0000:00:02.0: [drm:drm_ioctl] comm="gnome-shell" pid=14977, dev=0xe201, auth=1, DRM_IOCTL_SYNCOBJ_DESTROY
[10205.893391] i915 0000:00:02.0: [drm:drm_ioctl] comm="gnome-shell" pid=14977, dev=0xe201, auth=1, I915_GEM_SET_TILING
[10205.893407] i915 0000:00:02.0: [drm:drm_ioctl] comm="gnome-shell" pid=14977, dev=0xe201, auth=1, I915_GEM_SET_TILING
[10205.893418] i915 0000:00:02.0: [drm:drm_ioctl] comm="gnome-shell" pid=14977, dev=0xe201, auth=1, DRM_IOCTL_MODE_ADDFB2
[10205.893451] i915 0000:00:02.0: [drm:drm_mode_addfb2] [FB:136]
[10205.893547] i915 0000:00:02.0: [drm:drm_ioctl] comm="KMS thread" pid=15052, dev=0xe201, auth=1, DRM_IOCTL_MODE_ATOMIC
[10205.893557] i915 0000:00:02.0: [drm:drm_atomic_state_init] Allocated atomic state 000000005a240b8b
[10205.893576] [drm:drm_mode_object_get] OBJ ID: 135 (3)
[10205.893583] [drm:drm_mode_object_get] OBJ ID: 135 (4)
[10205.893588] i915 0000:00:02.0: [drm:drm_atomic_get_plane_state] Added [PLANE:33:plane 1A] 0000000091bae9e5 state to 000000005a240b8b
[10205.893600] [drm:drm_mode_object_get] OBJ ID: 107 (1)
[10205.893604] [drm:drm_mode_object_get] OBJ ID: 138 (3)
[10205.893608] [drm:drm_mode_object_get] OBJ ID: 138 (4)
[10205.893612] [drm:drm_mode_object_get] OBJ ID: 138 (5)
[10205.893616] i915 0000:00:02.0: [drm:drm_atomic_get_crtc_state] Added [CRTC:56:pipe A] 00000000f2166df6 state to 000000005a240b8b
[10205.893627] i915 0000:00:02.0: [drm:drm_atomic_set_fb_for_plane] Set [FB:136] for [PLANE:33:plane 1A] state 0000000091bae9e5
[10205.893633] [drm:drm_mode_object_get] OBJ ID: 136 (3)
[10205.893637] [drm:drm_mode_object_put.part.0] OBJ ID: 135 (5)
[10205.893642] [drm:drm_mode_object_put.part.0] OBJ ID: 136 (4)
[10205.893646] [drm:drm_mode_object_put.part.0] OBJ ID: 136 (3)
[10205.893654] i915 0000:00:02.0: [drm:drm_atomic_check_only] checking 000000005a240b8b
[10205.893676] [drm:drm_mode_object_put.part.0] OBJ ID: 135 (4)
[10205.893680] [drm:drm_mode_object_get] OBJ ID: 136 (2)
[10205.893695] i915 0000:00:02.0: [drm:intel_plane_atomic_calc_changes [i915]] [CRTC:56:pipe A] with [PLANE:33:plane 1A] visible 1 -> 1, off 0, on 0, ms 0
[10205.894486] i915 0000:00:02.0: [drm:intel_atomic_get_global_obj_state [i915]] Added new global object 0000000089053e8f state 00000000c4ca99b2 to 000000005a240b8b
[10205.895072] i915 0000:00:02.0: [drm:drm_atomic_nonblocking_commit] committing 000000005a240b8b nonblocking
[10205.895125] i915 0000:00:02.0: [drm:drm_crtc_vblank_helper_get_vblank_timestamp_internal] crtc 0 : v p(0,432)@ 7704.015932 -> 7704.009573 [e 0 us, 0 rep]
[10205.895140] i915 0000:00:02.0: [drm:drm_vblank_restore] missed 7 vblanks in 116649412 ns, frame duration=16664485 ns, hw_diff=7
[10205.895147] i915 0000:00:02.0: [drm:drm_vblank_enable] enabling vblank on crtc 0, ret: 0
[10205.895154] i915 0000:00:02.0: [drm:drm_crtc_vblank_helper_get_vblank_timestamp_internal] crtc 0 : v p(0,434)@ 7704.015962 -> 7704.009573 [e 0 us, 0 rep]
[10205.895163] i915 0000:00:02.0: [drm:drm_update_vblank_count] updating vblank count on crtc 0: current=458858, diff=7, hw=184800 hw_last=184793
[10205.895178] i915 0000:00:02.0: [drm:drm_crtc_vblank_helper_get_vblank_timestamp_internal] crtc 0 : v p(0,436)@ 7704.015987 -> 7704.009568 [e 0 us, 0 rep]
[10205.895186] i915 0000:00:02.0: [drm:drm_update_vblank_count] updating vblank count on crtc 0: current=458865, diff=0, hw=184800 hw_last=184800
[10205.898022] i915 0000:00:02.0: [drm:drm_ioctl] comm="io.flutter.rast" pid=17462, dev=0xe280, auth=0, DRM_IOCTL_SYNCOBJ_WAIT
[10205.898038] i915 0000:00:02.0: [drm:drm_ioctl] comm="io.flutter.rast" pid=17462, dev=0xe280, auth=0, DRM_IOCTL_SYNCOBJ_WAIT
[10205.898043] i915 0000:00:02.0: [drm:drm_ioctl] comm="io.flutter.rast" pid=17462, dev=0xe280, auth=0, DRM_IOCTL_SYNCOBJ_WAIT
[10205.898048] i915 0000:00:02.0: [drm:drm_ioctl] comm="io.flutter.rast" pid=17462, dev=0xe280, auth=0, DRM_IOCTL_SYNCOBJ_DESTROY
[10205.898571] i915 0000:00:02.0: [drm:drm_ioctl] comm="io.flutter.rast" pid=17462, dev=0xe280, auth=0, I915_GEM_EXECBUFFER2_WR
[10205.898639] i915 0000:00:02.0: [drm:drm_ioctl] comm="io.flutter.rast" pid=17462, dev=0xe280, auth=0, I915_GEM_MADVISE
[10205.898646] i915 0000:00:02.0: [drm:drm_ioctl] comm="io.flutter.rast" pid=17462, dev=0xe280, auth=0, DRM_IOCTL_SYNCOBJ_WAIT
[10205.898651] i915 0000:00:02.0: [drm:drm_ioctl] comm="io.flutter.rast" pid=17462, dev=0xe280, auth=0, I915_GEM_MADVISE
[10205.898656] i915 0000:00:02.0: [drm:drm_ioctl] comm="io.flutter.rast" pid=17462, dev=0xe280, auth=0, DRM_IOCTL_SYNCOBJ_CREATE
[10205.904667] i915 0000:00:02.0: [drm:drm_crtc_vblank_helper_get_vblank_timestamp_internal] crtc 0 : v p(0,-52)@ 7704.025474 -> 7704.026239 [e 0 us, 0 rep]
[10205.904686] i915 0000:00:02.0: [drm:drm_update_vblank_count] updating vblank count on crtc 0: current=458865, diff=1, hw=184801 hw_last=184800
[10205.904698] i915 0000:00:02.0: [drm:drm_handle_vblank_events] vblank event on 458866, current 458866
[10205.904738] i915 0000:00:02.0: [drm:drm_atomic_state_default_clear] Clearing atomic state 000000005a240b8b
[10205.904746] [drm:drm_mode_object_put.part.0] OBJ ID: 107 (2)
[10205.904753] [drm:drm_mode_object_put.part.0] OBJ ID: 138 (6)
[10205.904758] [drm:drm_mode_object_put.part.0] OBJ ID: 138 (5)
[10205.904762] [drm:drm_mode_object_put.part.0] OBJ ID: 138 (4)
[10205.904768] [drm:drm_mode_object_put.part.0] OBJ ID: 135 (3)
[10205.904772] [drm:drm_mode_object_put.part.0] OBJ ID: 135 (2)
[10205.904778] i915 0000:00:02.0: [drm:__drm_atomic_state_free] Freeing atomic state 000000005a240b8b
[10205.904832] i915 0000:00:02.0: [drm:drm_ioctl] comm="gnome-shell" pid=14977, dev=0xe201, auth=1, DRM_IOCTL_MODE_CLOSEFB
[10205.904841] [drm:drm_mode_object_put.part.0] OBJ ID: 135 (2)
[10205.904845] [drm:drm_mode_object_put.part.0] OBJ ID: 135 (1)
[10205.914574] i915 0000:00:02.0: [drm:drm_ioctl] comm="io.flutter.rast" pid=17462, dev=0xe280, auth=0, DRM_IOCTL_SYNCOBJ_WAIT
[10205.914588] i915 0000:00:02.0: [drm:drm_ioctl] comm="io.flutter.rast" pid=17462, dev=0xe280, auth=0, DRM_IOCTL_SYNCOBJ_WAIT
[10205.914592] i915 0000:00:02.0: [drm:drm_ioctl] comm="io.flutter.rast" pid=17462, dev=0xe280, auth=0, DRM_IOCTL_SYNCOBJ_WAIT
[10205.914596] i915 0000:00:02.0: [drm:drm_ioctl] comm="io.flutter.rast" pid=17462, dev=0xe280, auth=0, DRM_IOCTL_SYNCOBJ_DESTROY
[10205.914994] i915 0000:00:02.0: [drm:drm_ioctl] comm="io.flutter.rast" pid=17462, dev=0xe280, auth=0, I915_GEM_EXECBUFFER2_WR
[10205.915053] i915 0000:00:02.0: [drm:drm_ioctl] comm="io.flutter.rast" pid=17462, dev=0xe280, auth=0, I915_GEM_MADVISE
[10205.915059] i915 0000:00:02.0: [drm:drm_ioctl] comm="io.flutter.rast" pid=17462, dev=0xe280, auth=0, DRM_IOCTL_SYNCOBJ_WAIT
[10205.915064] i915 0000:00:02.0: [drm:drm_ioctl] comm="io.flutter.rast" pid=17462, dev=0xe280, auth=0, I915_GEM_MADVISE
[10205.915068] i915 0000:00:02.0: [drm:drm_ioctl] comm="io.flutter.rast" pid=17462, dev=0xe280, auth=0, DRM_IOCTL_SYNCOBJ_CREATE
[10205.921331] i915 0000:00:02.0: [drm:drm_crtc_vblank_helper_get_vblank_timestamp_internal] crtc 0 : v p(0,-52)@ 7704.042138 -> 7704.042903 [e 0 us, 0 rep]
[10205.921347] i915 0000:00:02.0: [drm:drm_update_vblank_count] updating vblank count on crtc 0: current=458866, diff=1, hw=184802 hw_last=184801
[10205.921355] i915 0000:00:02.0: [drm:vblank_disable_fn] disabling vblank on crtc 0
[10205.921361] i915 0000:00:02.0: [drm:drm_crtc_vblank_helper_get_vblank_timestamp_internal] crtc 0 : v p(0,-50)@ 7704.042169 -> 7704.042905 [e 0 us, 0 rep]
[10205.921368] i915 0000:00:02.0: [drm:drm_update_vblank_count] updating vblank count on crtc 0: current=458867, diff=0, hw=184802 hw_last=184802
[10205.931268] i915 0000:00:02.0: [drm:drm_ioctl] comm="io.flutter.rast" pid=17462, dev=0xe280, auth=0, DRM_IOCTL_SYNCOBJ_WAIT
[10205.931281] i915 0000:00:02.0: [drm:drm_ioctl] comm="io.flutter.rast" pid=17462, dev=0xe280, auth=0, DRM_IOCTL_SYNCOBJ_WAIT
[10205.931285] i915 0000:00:02.0: [drm:drm_ioctl] comm="io.flutter.rast" pid=17462, dev=0xe280, auth=0, DRM_IOCTL_SYNCOBJ_WAIT
[10205.931289] i915 0000:00:02.0: [drm:drm_ioctl] comm="io.flutter.rast" pid=17462, dev=0xe280, auth=0, DRM_IOCTL_SYNCOBJ_DESTROY
[10205.931640] i915 0000:00:02.0: [drm:drm_ioctl] comm="io.flutter.rast" pid=17462, dev=0xe280, auth=0, DRM_IOCTL_SYNCOBJ_WAIT
[10205.931648] i915 0000:00:02.0: [drm:drm_ioctl] comm="io.flutter.rast" pid=17462, dev=0xe280, auth=0, DRM_IOCTL_SYNCOBJ_DESTROY
[10205.931653] i915 0000:00:02.0: [drm:drm_ioctl] comm="io.flutter.rast" pid=17462, dev=0xe280, auth=0, I915_GEM_MADVISE
[10205.931701] i915 0000:00:02.0: [drm:drm_ioctl] comm="io.flutter.rast" pid=17462, dev=0xe280, auth=0, I915_GEM_EXECBUFFER2_WR
[10205.931804] i915 0000:00:02.0: [drm:drm_ioctl] comm="io.flutter.rast" pid=17462, dev=0xe280, auth=0, I915_GEM_MADVISE
[10205.931811] i915 0000:00:02.0: [drm:drm_ioctl] comm="io.flutter.rast" pid=17462, dev=0xe280, auth=0, I915_GEM_MADVISE
[10205.931814] i915 0000:00:02.0: [drm:drm_ioctl] comm="io.flutter.rast" pid=17462, dev=0xe280, auth=0, DRM_IOCTL_SYNCOBJ_WAIT
[10205.931818] i915 0000:00:02.0: [drm:drm_ioctl] comm="io.flutter.rast" pid=17462, dev=0xe280, auth=0, I915_GEM_MADVISE
[10205.931822] i915 0000:00:02.0: [drm:drm_ioctl] comm="io.flutter.rast" pid=17462, dev=0xe280, auth=0, DRM_IOCTL_SYNCOBJ_CREATE
