=== CYCLE C496: CONFIGURATION CORRECTE GPU NATIF ===

Objectif: 0xDEADBEEF avec configuration OpenCL (256 threads, SIMD32)!

[1/10] Ouverture /dev/dri/renderD128...
  ✓ fd = 5

[2/10] Initialisation drm_intel_bufmgr...
  ✓ bufmgr initialisé

[3/10] Allocation buffers...
  ✓ batch_bo: 65536 bytes
  ✓ output_bo: 4096 bytes
  ✓ aux_buf_bo: 65536 bytes
  ✓ kernel_bo: 4096 bytes

[4/10] Initialisation output buffer...
  ✓ Output rempli avec 0xFFFFFFFF

[5/10] Copie kernel ISA Gen9 OpenCL...
  ✓ Kernel ISA OpenCL copié: 320 bytes
  ✓ Kernel VALIDÉ en C489 avec OpenCL

[6/10] Configuration Binding Table (Beignet)...
  ✓ Binding Table configurée
  ✓ Surface State Gen7 configurée
  ✓ Relocation enregistrée

[7/10] Configuration Interface Descriptor...
  ✓ Interface Descriptor configuré
  ✓ Relocation kernel enregistrée

[8/10] Construction batch GPGPU COMPLET...
  ✓ Batch construit: 256 bytes
  ✓ PIPE_CONTROL
  ✓ PIPELINE_SELECT GPGPU
  ✓ STATE_BASE_ADDRESS + relocations
  ✓ MEDIA_VFE_STATE
  ✓ MEDIA_INTERFACE_DESCRIPTOR_LOAD
  ✓ GPGPU_WALKER
  ✓ MEDIA_STATE_FLUSH
  ✓ PIPE_CONTROL
  ✓ MI_BATCH_BUFFER_END

[9/10] Soumission EXECBUFFER2...
  ✓ Context créé
  ✓✓✓ EXECBUFFER2 SUCCÈS! ✓✓✓

[10/10] Vérification résultat GPU NATIF...

=== RÉSULTATS GPU NATIF i915 DRM ===
Output[0] = 0xffffffff ❌ INCHANGÉ
Output[1] = 0xffffffff ❌ INCHANGÉ
Output[2] = 0xffffffff ❌ INCHANGÉ
Output[3] = 0xffffffff ❌ INCHANGÉ

=== RÉSUMÉ C494 ===
Durée totale: 1203.419 ms
EXECBUFFER2: ✓ SUCCÈS
Batch: GPGPU COMPLET (Beignet)
Kernel: ISA Gen9 OpenCL (validé C489)
Relocations: Automatiques (libdrm_intel)

❌ Pas de modification - Vérifier dmesg
