=== TEST C541 - COMPARAISON OPENCL ===

Exécution kernel OpenCL...

=== EXECBUFFER2 #1 INTERCEPTÉ ===
buffer_count: 10
batch_start_offset: 0x0
batch_len: 320 bytes
flags: 0x800

=== BUFFERS ===
Buffer[0]: handle=9, offset=0x71b376c7c000, size=0, flags=0x18

=== DUMP BUFFER[0] (handle=9) ===
❌ Échec mmap buffer[0]
Buffer[1]: handle=10, offset=0xffff8001fffed000, size=0, flags=0x18

=== DUMP BUFFER[1] (handle=10) ===
❌ Échec mmap buffer[1]
Buffer[2]: handle=12, offset=0x71b376937000, size=0, flags=0x18

=== DUMP BUFFER[2] (handle=12) ===
Buffer mappé @ 0x71b376c7a000

Premiers 256 bytes:
0000: fffed000 00000000 00000000 00000000 00000000 00010000 00000001 00000002 
0020: 00000000 00000000 00000000 00000000 00000000 00000000 00000000 00000000 
0040: 00000000 00000000 00000000 00000000 00000000 00000000 00000000 00000000 
0060: 00000000 00000000 00000000 00000000 00000000 00000000 00000000 00000000 
0080: 00000000 00000000 00000000 00000000 00000000 00000000 00000000 00000000 
00a0: 00000000 00000000 00000000 00000000 00000000 00000000 00000000 00000000 
00c0: 00000000 00000000 00000000 00000000 00000000 00000000 00000000 00000000 
00e0: 00000000 00000000 00000000 00000000 00000000 00000000 00000000 00000000 

✓ Buffer sauvegardé: logs/opencl_buffer_1_2.bin (8192 bytes)
Buffer[3]: handle=14, offset=0x71b376926000, size=0, flags=0x18

=== DUMP BUFFER[3] (handle=14) ===
Buffer mappé @ 0x71b376c7a000

Premiers 256 bytes:
0000: 00000000 00000000 00000000 00000000 00000000 00000000 00000000 00000000 
0020: 00000000 00000000 00000000 00000000 00000000 00000000 00000000 00000000 
0040: 00000000 00000000 00000000 00000000 00000000 00000000 00000000 00000000 
0060: 00000000 00000000 00000000 00000000 00000000 00000000 00000000 00000000 
0080: 00000000 00000000 00000000 00000000 00000000 00000000 00000000 00000000 
00a0: 00000000 00000000 00000000 00000000 00000000 00000000 00000000 00000000 
00c0: 00000000 00000000 00000000 00000000 00000000 00000000 00000000 00000000 
00e0: 00000000 00000000 00000000 00000000 00000000 00000000 00000000 00000000 

✓ Buffer sauvegardé: logs/opencl_buffer_1_3.bin (8192 bytes)
Buffer[4]: handle=13, offset=0xffff8001fffdd000, size=0, flags=0x18

=== DUMP BUFFER[4] (handle=13) ===
❌ Échec mmap buffer[4]
Buffer[5]: handle=2, offset=0x71b376c82000, size=0, flags=0x18

=== DUMP BUFFER[5] (handle=2) ===
❌ Échec mmap buffer[5]
Buffer[6]: handle=3, offset=0x71b36f600000, size=0, flags=0x18

=== DUMP BUFFER[6] (handle=3) ===
Buffer mappé @ 0x71b376c7a000

Premiers 256 bytes:
0000: 00000000 00000000 00000000 00000000 00000000 00000000 00000000 00000000 
0020: 00000000 00000000 00000000 00000000 00000000 00000000 00000000 00000000 
0040: 00000000 00000000 00000000 00000000 00000000 00000000 00000000 00000000 
0060: 00000000 00000000 00000000 00000000 00000000 00000000 00000000 00000000 
0080: 00000000 00000000 00000000 00000000 00000000 00000000 00000000 00000000 
00a0: 00000000 00000000 00000000 00000000 00000000 00000000 00000000 00000000 
00c0: 00000000 00000000 00000000 00000000 00000000 00000000 00000000 00000000 
00e0: 00000000 00000000 00000000 00000000 00000000 00000000 00000000 00000000 

✓ Buffer sauvegardé: logs/opencl_buffer_1_6.bin (8192 bytes)
Buffer[7]: handle=8, offset=0xffff8001fffee000, size=0, flags=0x18

=== DUMP BUFFER[7] (handle=8) ===
❌ Échec mmap buffer[7]
Buffer[8]: handle=11, offset=0x71b376c1b000, size=0, flags=0x18

=== DUMP BUFFER[8] (handle=11) ===
Buffer mappé @ 0x71b376c7a000

Premiers 256 bytes:
0000: 70040000 00000000 70020002 00000000 00000020 00000000 7105000d 00000000 
0020: 00000040 fffdd000 80000000 00000000 00000000 00000001 00000000 00000000 
0040: 00000001 00000000 00000001 00000001 ffffffff 70040000 00000000 7a000004 
0060: 00100000 00000000 00000000 00000000 00000000 7a000004 00104120 76c82000 
0080: 000071b3 00000001 00000000 05000000 00000000 00000000 00000000 00000000 
00a0: 00000000 00000000 00000000 00000000 00000000 00000000 00000000 00000000 
00c0: 00000000 00000000 00000000 00000000 00000000 00000000 00000000 00000000 
00e0: 00000000 00000000 00000000 00000000 00000000 00000000 00000000 00000000 

✓ Buffer sauvegardé: logs/opencl_buffer_1_8.bin (8192 bytes)
Buffer[9]: handle=15, offset=0x71b376915000, size=0, flags=0x18

=== DUMP BUFFER[9] (handle=15) ===
Buffer mappé @ 0x71b376c7a000

Premiers 256 bytes:
0000: 69041312 7a000004 00100000 00000000 00000000 00000000 00000000 11000001 
0020: 0000e404 00000100 11000001 00007034 60000321 61040001 6f600000 000071b3 
0040: 7a000004 00101021 00000000 00000000 00000000 00000000 70000007 00000000 
0060: 00000000 00a70100 00000000 07820000 00000000 00000000 00000000 11000001 
0080: 00002580 00060000 7a000004 00100420 00000000 00000000 00000000 00000000 
00a0: 61010011 00000001 00000000 00040000 76926001 000071b3 76937001 000071b3 
00c0: 00000001 ffff8001 00000041 00008001 fffff001 00010001 fffff001 fffff001 
00e0: 76926001 000071b3 003bf000 61020001 fffee000 00000000 7a000004 00100000 

✓ Buffer sauvegardé: logs/opencl_buffer_1_9.bin (320 bytes)


=== RÉSULTAT OPENCL ===
output[0] = 0x12345678
output[1] = 0xffffffff

✓✓✓ OpenCL fonctionne correctement!
