=== TEST C566 - INJECTION GTT EXPLICITE ===
ROOT CAUSE #78: Relocation ne fonctionne pas dans batch
CORRECTION: Injecter output_gtt APRÈS PASS 1

=== PHASE 1: OUVERTURE DRM (0%) ===
[5%] ✓ DRM ouvert (fd=5)

=== PHASE 2: CRÉATION CONTEXT (10%) ===
[15%] ✓ Context créé (ID=1)

=== PHASE 3: ALLOCATION BUFFERS (20%) ===
[25%] ✓ Output buffer créé (handle=1, 4KB)
[30%] ✓ Heap buffer créé (handle=2, 16KB)
[35%] ✓ Batch buffer créé (handle=3, 4KB)

=== PHASE 4: MAPPING BUFFERS (40%) ===
[45%] ✓ Batch mappé @ 0x7139d3347000
[50%] ✓ Heap mappé @ 0x7139d32a9000
[55%] ✓ Output mappé @ 0x7139d32a8000

=== PHASE 5: CONSTRUCTION BATCH INITIAL (60%) ===
[65%] ✓ Batch initial construit: 32 bytes (8 DWords)
       Placeholders @ index 5-6: 0xDEADBEEF

=== PHASE 6: PASS 1 - ALLOCATION GTT (70%) ===
[75%] ✓ PASS 1 réussi - GTT allouées:
       output_gtt = 0x0000000000000000
       heap_gtt = 0x0000000000001000
       batch_gtt = 0x0000000000005000

=== PHASE 7: INJECTION GTT (77%) ===
[DEBUG] Injection adresse output:
[DEBUG]   output_gtt = 0x0000000000000000
[DEBUG]   output_gtt_low = 0x00000000 (index 5)
[DEBUG]   output_gtt_high = 0x00000000 (index 6)
[78%] ✓ GTT injectée dans batch:
       batch[5] = 0x00000000 (était 0xDEADBEEF)
       batch[6] = 0x00000000 (était 0xDEADBEEF)

[DEBUG] Batch buffer complet (8 DWords):
[DEBUG]   batch[0] = 0x11000001
[DEBUG]   batch[1] = 0x00002440
[DEBUG]   batch[2] = 0x12345678
[DEBUG]   batch[3] = 0x24000001
[DEBUG]   batch[4] = 0x00002440
[DEBUG]   batch[5] = 0x00000000
[DEBUG]   batch[6] = 0x00000000
[DEBUG]   batch[7] = 0x0a000000

=== PHASE 8: PASS 2 - EXÉCUTION GPU (80%) ===
[DEBUG] PASS 2 Configuration:
[DEBUG]   output_gtt = 0x0000000000000000 (PINNED)
[DEBUG]   heap_gtt = 0x0000000000001000 (PINNED)
[DEBUG]   batch_gtt = 0x0000000000005000 (PINNED)
[DEBUG]   batch_len = 32 bytes (aligné 8)
[85%] ✓ PASS 2 réussi - Batch soumis au GPU

=== PHASE 9: ATTENTE GPU (90%) ===
[92%] ✓ GPU terminé

=== PHASE 10: SYNCHRONISATION CACHE (94%) ===
[96%] ✓ Cache CPU/GPU synchronisé

=== PHASE 11: VÉRIFICATION RÉSULTAT (97%) ===
output[0] = 0x00000000 (attendu: 0x12345678)
output[1] = 0x00000000
output[2] = 0x00000000
output[3] = 0x00000000

=== PHASE 12: CLEANUP (98%) ===
[98.3%] ✓ Batch unmappé
[98.6%] ✓ Heap unmappé
[99%] ✓ Output unmappé
[99.5%] ✓ Context détruit
[100%] ✓ DRM fermé

=== RÉSULTAT FINAL ===
❌ ÉCHEC: output[0]=0x00000000 != 0x12345678
⚠️  GPU a exécuté mais résultat incorrect
⚠️  Vérifier injection GTT ou ISA Gen9

=== ANALYSE FORENSIQUE REQUISE ===
1. Vérifier batch[5-6] contient bien output_gtt
2. Analyser MI_STORE_REGISTER_MEM format
3. Vérifier registre 0x2440 accessible
4. Analyser cache coherency timing
