╔════════════════════════════════════════════════════════════╗
║  TEST C578 - VALIDATION CORRECTIONS WARNINGS               ║
╚════════════════════════════════════════════════════════════╝

═══════════════════════════════════════════════════════════
PHASE 1: Compilation individuelle (avec -Werror)
═══════════════════════════════════════════════════════════

Testing test_c578_execbuffer2_forensic.c... [0;32m✅ PASSED[0m (0 warnings)
Testing execbuffer2_forensic.c... [0;32m✅ PASSED[0m (0 warnings)
Testing surface_state_gen9.c... [0;32m✅ PASSED[0m (0 warnings)

═══════════════════════════════════════════════════════════
PHASE 2: Compilation complète du test
═══════════════════════════════════════════════════════════

Compiling test_c578_execbuffer2_forensic... [0;32m✅ SUCCESS[0m

═══════════════════════════════════════════════════════════
PHASE 3: Vérification binaire
═══════════════════════════════════════════════════════════

[0;32m✅ Binary created successfully[0m
-rwxrwxr-x 1 lvx lvx 55K May 26 02:03 test_c578_execbuffer2_forensic

File info:
test_c578_execbuffer2_forensic: ELF 64-bit LSB pie executable, x86-64, version 1 (SYSV), dynamically linked, interpreter /lib64/ld-linux-x86-64.so.2, BuildID[sha1]=1eb5cdf95186045b592c555bcf87a241b5eb2130, for GNU/Linux 3.2.0, not stripped

Symbols check:
000000000000363b T capture_gtt_allocations
0000000000003b18 T trace_execbuffer2_submit
00000000000037ba T validate_relocations_applied

═══════════════════════════════════════════════════════════
RÉSUMÉ
═══════════════════════════════════════════════════════════

Tests passed: 5
Tests failed: 0

[0;32m╔════════════════════════════════════════════════════════════╗[0m
[0;32m║  ✅ TOUS LES TESTS RÉUSSIS - 0 WARNINGS                   ║[0m
[0;32m╚════════════════════════════════════════════════════════════╝[0m

Prêt pour exécution runtime:
  ./test_c578_execbuffer2_forensic

