[sudo] password for lvx: [21562.312575502] === TEST C572 - PASS 0 AVEC RÉFÉRENCE OUTPUT ===
[21562.312597645] ROOT CAUSE #84: PASS 0 minimal ne force pas GTT
[21562.312598219] SOLUTION: Batch PASS 0 qui RÉFÉRENCE output via MI_LOAD_REGISTER_MEM
[21562.312598726] 
[21562.312599096] === PHASES 1-4: INITIALISATION (0-20%) ===
[21562.312791339] [20%] ✓ Initialisation complète
[21562.312792643] 
[21562.312793050] === PHASE 5: BATCH PASS 0 - RÉFÉRENCE OUTPUT (25%) ===
[21562.312793541] [30%] ✓ Batch PASS 0 construit: 32 bytes
[21562.312794232]        MI_LOAD_REGISTER_MEM référence output @ offset 8
[21562.312794657] 
[21562.312795007] === PHASE 6: RELOCATION ENTRIES PASS 0 (35%) ===
[21562.312795507] [40%] ✓ Relocation entries créées:
[21562.312796015]        [0] target=1, offset=8, READ
[21562.312796576]        [1] target=1, offset=12, READ
[21562.312797161] 
[21562.312797532] === PHASE 7: PASS 0 - ALLOCATION GTT FORCÉE (45%) ===
[21562.312798223] [DEBUG] AVANT PASS 0:
[21562.312798663] [DEBUG]   objects[0].offset = 0x0000000000000000 (output)
[21562.312799754] [DEBUG]   objects[1].offset = 0x0000000000000000 (batch)
[21562.312800290] [DEBUG]   relocation_count = 2
[21562.313737775] 
[21562.313739921] [50%] ✓ PASS 0 réussi - GTT allouées:
[21562.313740748]        output_gtt = 0x0000000000000000
[21562.313741608]        batch_gtt  = 0x0000000000040000
[21562.313742333] 
[21562.313742649] === PHASE 8: VALIDATION GTT CRITIQUE (55%) ===
[21562.313743141] ❌ ASSERTION FAILED: CRITICAL: output_gtt = 0x0 (allocation failed malgré référence!)
[21562.313743607] === FORENSIC STATE DUMP ===
[21562.313744023] Output handle: 1, GTT: 0x0000000000000000
[21562.313744646] Batch handle: 2, GTT: 0x0000000000040000
