[15920.784175900] 🚀 TEST C433 - VALIDATION STORE avec DISPATCH COMPLET
[15920.784244169] ✅ DRM ouvert: fd=5
[15920.784250980] ✅ Contexte GPU créé: id=1
[15920.784385529] ✅ Kernel chargé: 3896 bytes
[15920.784396904] ✅ GEM buffer créé: handle=1 size=3896
[15920.784404405] ✅ Données écrites: 3896 bytes
[15920.784408113] ✅ GEM buffer créé: handle=2 size=1028
[15920.784423268] ✅ Buffer mappé: 0x734032eb4000
[15920.784429866] ✅ GEM buffer créé: handle=3 size=4096
[15920.784438079] ✅ Buffer mappé: 0x734032e19000
[15920.784442670] ✅ GEM buffer créé: handle=4 size=4096
[15920.784453986] ✅ Buffer mappé: 0x734032e18000
[15920.784457648] ✅ GEM buffer créé: handle=5 size=4096
[15920.784459908] ✅ GEM buffer créé: handle=6 size=4096
[15920.784465175] ✅ Buffer mappé: 0x734032e17000
[15920.784469413] 🔧 C439: Configuration SSH Layout Intel
[15920.784469928]    BTI[0] = 64 (offset Surface State)
[15920.784470450] ✅ C439: SSH Layout Intel configuré:
[15920.784470852]    Binding Table @ offset 0: BTI[0]=64
[15920.784471351]    Surface State @ offset 64:
[15920.784471768]      Size=1028 → Aligned=1028
[15920.784472360]      Width=1028, Height=1, Depth=1
[15920.784473003]      DW0=0x0008ff80 (VAlign=4, Format=RAW)
[15920.784473661]      DW1=0x00000003 (MOCS=CACHED_L3)
[15920.784474173]      DW6=0x00000008 (Coherency=GPU_COHERENT)
[15920.784476240] ✅ Interface Descriptor configuré
[15920.784476763] 🔍 C445: IDD Dump:
[15920.784477193]    IDD[0] = 0x00000000 (Kernel Start Pointer)
[15920.784477708]    IDD[2] = 0x00010100 (Barrier=1, Threads=256)
[15920.784478353]    IDD[3] = 0x00010000 (BTI Count=1, BTI Ptr=0)
[15920.784478924]    IDD[4] = 0x00400000 (CURBE Length=64 bytes)
[15920.784479485] 🔍 C445: CURBE Dump (premiers 16 DWORDs):

   [r0] 0x00000000 0x00000000 0x00000000 0x00000000 
   [r1] 0x00000100 0x00000001 0x00000001 0x00000000 
   [r2] 0x00000000 0x00000000 0x00000000 0x00000000 
   [r3] 0x00000000 0x00000000 0x00000000 0x00000000 
[15920.784488820] 🔧 C443: Programmation MEDIA_VFE_STATE (position correcte)...
[15920.784489377] ✅ C443: MEDIA_VFE_STATE programmé (Max Threads: 168, URB: 64)
[15920.784489790] ✅ C433: MEDIA_CURBE_LOAD ajouté
[15920.784490233] ✅ C433: MEDIA_STATE_FLUSH ajouté
[15920.784490777] ✅ Batch buffer construit: 64 DWORDs
[15920.784491249] 🔍 C444: Dump batch buffer (premiers 32 DWORDs):

   [00-03] 0x00000000 0x00000000 0x00000000 0x00000000 
   [04-07] 0x69040001 0x61010011 0x00000031 0x00000000 
   [08-11] 0x00030000 0x00000031 0x00000000 0x00000031 
   [12-15] 0x00000000 0x00000031 0x00000000 0x00000031 
   [16-19] 0x00000000 0xFFFFF001 0xFFFFF001 0xFFFFF001 
   [20-23] 0xFFFFF001 0x00000031 0x00000000 0xFFFFF000 
   [24-27] 0x70000006 0x00000000 0x00000000 0x004000A8 
   [28-31] 0x00000000 0x00020001 0x00000000 0x00000000 
[15920.784506232] ⚡ Soumission batch buffer...
[15920.784506683] 🔍 C444 FORENSIC: EXECBUFFER2 params:
[15920.784507088]    buffers_ptr = 0x00007ffc5171cc10
[15920.784507828]    buffer_count = 6
[15920.784508323]    batch_len = 256 bytes (64 DWORDs)
[15920.784508949]    flags = 0x00000001
[15920.784509479]    rsvd1 (ctx_id) = 1
[15920.784509966]    batch_start_offset = 0
[15920.784510448] 🔍 C444: exec_objects[5] (batch):
[15920.784510883]    handle = 6
[15920.784511340]    relocation_count = 4
[15920.784511782]    relocs_ptr = 0x00007ffc5171cb50
[15920.784512273]    alignment = 0
[15920.784512794]    offset = 0x0000000000000000
[15920.784513298]    flags = 0x0000000000000000
[15920.784767780] ✅ Batch buffer soumis avec succès
[15920.784769393] 🔍 C447: CURBE POST-RELOCATION (après EXECBUFFER2):

   [r0] 0x00000000 0x00000000 0x00000000 0x00000000 
   [r1] 0x00000100 0x00000001 0x00000001 0x00000000 
   [r2] 0x00001000 0x00000000 0x00000000 0x00000000 
   [r3] 0x00000000 0x00000000 0x00000000 0x00000000 
[15920.784777050]    r8 (64-bit pointer) = 0x0000000000001000
[15920.784777642] 🔍 C447: Output BO GPU address:
[15920.784778067]    exec_objects[1].offset = 0x0000000000001000
[15920.784778553] ✅ C447: CURBE r8 = output_bo address (relocation OK!)
[15920.784779671]    → Problème ailleurs (cache coherency? surface state?)
[15920.784780161] 🔍 C448: SSH POST-RELOCATION:
[15920.784780583]    Binding Table:
[15920.784781027]      BTI[0] = 64 (offset vers Surface State)
[15920.784781536]    Surface State @ offset 64:

     DW00-03: 0x0008FF80 0x00000003 0x00010404 0x00000001 
     DW04-07: 0x00000000 0x00000000 0x00000008 0x00000FAC 
     DW08-11: 0x00001000 0x00000000 0x00000000 0x00000000 
     DW12-15: 0x00000000 0x00000000 0x00000000 0x00000000 
[15920.784789498]    Base Address (DW8-9) = 0x0000000000001000
[15920.784790021]    Expected (output_bo) = 0x0000000000001000
[15920.784790498] ✅ C448: Surface State Base Address OK!
[15920.784790932]    → Problème ailleurs (format? coherency?)
[15920.784791573] 🔍 VALIDATION RÉSULTATS
[15920.784792208] ⏳ Attente GPU idle...
[15921.506851180] ✅ GPU idle confirmé
[15921.506875907] ✅ Domaine CPU activé
[15921.506877484] 📊 output[0] = 0x00000000 (attendu: 0x12345678)
[15921.506879468] ❌ TEST ABSOLU ÉCHOUÉ: output[0] != 0x12345678
[15921.506880894] 🔍 Dump premiers 16 uint32_t:
[15921.506881403]    output[0] = 0x00000000
[15921.506882137]    output[1] = 0x00000000
[15921.506882789]    output[2] = 0x00000000
[15921.506883424]    output[3] = 0x00000000
[15921.506884030]    output[4] = 0x00000000
[15921.506884603]    output[5] = 0x00000000
[15921.506885258]    output[6] = 0x00000000
[15921.506885840]    output[7] = 0x00000000
[15921.506886337]    output[8] = 0x00000000
[15921.506886884]    output[9] = 0x00000000
[15921.506887472]    output[10] = 0x00000000
[15921.506888041]    output[11] = 0x00000000
[15921.506888634]    output[12] = 0x00000000
[15921.506889425]    output[13] = 0x00000000
[15921.506890089]    output[14] = 0x00000000
[15921.506890707]    output[15] = 0x00000000
[15921.506893906] ❌ TEST C433 ÉCHOUÉ
