[DEBUG] Tentative ouverture log: logs/forensic/test_c255v11_nx48.log
[DEBUG] ÉCHEC fopen(): errno=13 (Permission denied)
[C293] Output buffer: 40 bytes pour 262144 nonces
[GEN9-EXECUTE] Début: ctx=0x5f8f048e1490 block_header=0x7ffecf465bf0 start_nonce=0 count=262144
[GEN9-EXECUTE] Début: ctx=0x5f8f048e1490 block_header=0x7ffecf465bf0 start_nonce=0 count=262144
[GEN9-EXECUTE] Début: ctx=0x5f8f048e1490 block_header=0x7ffecf465bf0 start_nonce=0 count=262144
[GEN9-EXECUTE] Début: ctx=0x5f8f048e1490 block_header=0x7ffecf465bf0 start_nonce=0 count=262144
[GEN9-EXECUTE] Début: ctx=0x5f8f048e1490 block_header=0x7ffecf465bf0 start_nonce=0 count=262144
[GEN9-EXECUTE] Début: ctx=0x5f8f048e1490 block_header=0x7ffecf465bf0 start_nonce=0 count=262144
[GEN9-EXECUTE] Début: ctx=0x5f8f048e1490 block_header=0x7ffecf465bf0 start_nonce=0 count=262144
[GEN9-EXECUTE] Début: ctx=0x5f8f048e1490 block_header=0x7ffecf465bf0 start_nonce=0 count=262144
[GEN9-EXECUTE] Début: ctx=0x5f8f048e1490 block_header=0x7ffecf465bf0 start_nonce=0 count=262144
[GEN9-EXECUTE] Début: ctx=0x5f8f048e1490 block_header=0x7ffecf465bf0 start_nonce=0 count=262144
[GEN9-EXECUTE] Début: ctx=0x5f8f048e1490 block_header=0x7ffecf465bf0 start_nonce=0 count=262144
[GEN9-EXECUTE] Début: ctx=0x5f8f048e1490 block_header=0x7ffecf465bf0 start_nonce=0 count=262144
[GEN9-EXECUTE] Début: ctx=0x5f8f048e1490 block_header=0x7ffecf465bf0 start_nonce=0 count=262144
[GEN9-EXECUTE] Début: ctx=0x5f8f048e1490 block_header=0x7ffecf465bf0 start_nonce=0 count=262144
[GEN9-EXECUTE] Début: ctx=0x5f8f048e1490 block_header=0x7ffecf465bf0 start_nonce=0 count=262144
[GEN9-EXECUTE] Début: ctx=0x5f8f048e1490 block_header=0x7ffecf465bf0 start_nonce=0 count=262144
[GEN9-EXECUTE] Début: ctx=0x5f8f048e1490 block_header=0x7ffecf465bf0 start_nonce=0 count=262144
[GEN9-EXECUTE] Début: ctx=0x5f8f048e1490 block_header=0x7ffecf465bf0 start_nonce=0 count=262144

╔════════════════════════════════════════════════════════════╗
║  LumVorax C258 — Allocation Dynamique 3GB (RAM Système)   ║
║  0% OpenCL, 0% Level Zero, 100% i915 DRM Direct          ║
║  Formule OpenCL: 75% RAM système, max 4GB                 ║
╚════════════════════════════════════════════════════════════╝

[C258] Configuration Allocation Dynamique:
  - Détection RAM: sysinfo() + formule OpenCL (75% RAM, max 4GB)
  - Batch size initial: 256K (progression automatique)
  - Contextes GPU: 2 (adaptatif 1/2/3)
  - Mémoire GPU: Monitoring temps réel
  - THP: Activé pour buffers >2MB
  - Kernel: kernels/btc_sha256_gen9.bin
  - Log: logs/forensic/test_c255v11_nx48.log

[C258] 📊 RAM système détectée: 7622 MB (7.44 GB)
[C258] 🎯 Limite GPU calculée: 4096 MB (4.00 GB) [formule: 75% RAM, max 4GB]
[C258] ✅ Mémoire GPU disponible: 4.00 GB

[C258] Initialisation Gen9 Native avec allocation dynamique...
✅ Initialisation réussie

[C258] Démarrage progression adaptative (allocation dynamique 3GB)...
═══════════════════════════════════════════════════════════════

[Batch 1/100] batch_size=262144 (0.26 M nonces)
  ❌ Crash: errno=22
[NX48-C255V11] ⚠️  Crash détecté → Recul batch_size: 262144 → 262144

[Batch 2/100] batch_size=262144 (0.26 M nonces)
  ❌ Crash: errno=22
[NX48-C255V11] ⚠️  Crash détecté → Recul batch_size: 262144 → 262144

[Batch 3/100] batch_size=262144 (0.26 M nonces)
  ❌ Crash: errno=22
[NX48-C255V11] ⚠️  Crash détecté → Recul batch_size: 262144 → 262144

[Batch 4/100] batch_size=262144 (0.26 M nonces)
  ❌ Crash: errno=22
[NX48-C255V11] ⚠️  Crash détecté → Recul batch_size: 262144 → 262144

[Batch 5/100] batch_size=262144 (0.26 M nonces)
  ❌ Crash: errno=22
[NX48-C255V11] ⚠️  Crash détecté → Recul batch_size: 262144 → 262144

[Batch 6/100] batch_size=262144 (0.26 M nonces)
  ❌ Crash: errno=22
[NX48-C255V11] ⚠️  Crash détecté → Recul batch_size: 262144 → 262144

[Batch 7/100] batch_size=262144 (0.26 M nonces)
  ❌ Crash: errno=22
[NX48-C255V11] ⚠️  Crash détecté → Recul batch_size: 262144 → 262144

[Batch 8/100] batch_size=262144 (0.26 M nonces)
  ❌ Crash: errno=22
[NX48-C255V11] ⚠️  Crash détecté → Recul batch_size: 262144 → 262144

[Batch 9/100] batch_size=262144 (0.26 M nonces)
  ❌ Crash: errno=22
[NX48-C255V11] ⚠️  Crash détecté → Recul batch_size: 262144 → 262144

[Batch 10/100] batch_size=262144 (0.26 M nonces)
  ❌ Crash: errno=22
[NX48-C255V11] ⚠️  Crash détecté → Recul batch_size: 262144 → 262144

[Batch 11/100] batch_size=262144 (0.26 M nonces)
  ❌ Crash: errno=22
[NX48-C255V11] ⚠️  Crash détecté → Recul batch_size: 262144 → 262144

[Batch 12/100] batch_size=262144 (0.26 M nonces)
  ❌ Crash: errno=22
[NX48-C255V11] ⚠️  Crash détecté → Recul batch_size: 262144 → 262144

[Batch 13/100] batch_size=262144 (0.26 M nonces)
  ❌ Crash: errno=22
[NX48-C255V11] ⚠️  Crash détecté → Recul batch_size: 262144 → 262144

[Batch 14/100] batch_size=262144 (0.26 M nonces)
  ❌ Crash: errno=22
[NX48-C255V11] ⚠️  Crash détecté → Recul batch_size: 262144 → 262144

[Batch 15/100] batch_size=262144 (0.26 M nonces)
  ❌ Crash: errno=22
[NX48-C255V11] ⚠️  Crash détecté → Recul batch_size: 262144 → 262144

[Batch 16/100] batch_size=262144 (0.26 M nonces)
  ❌ Crash: errno=22
[NX48-C255V11] ⚠️  Crash détecté → Recul batch_size: 262144 → 262144

[Batch 17/100] batch_size=262144 (0.26 M nonces)
  ❌ Crash: errno=22
[NX48-C255V11] ⚠️  Crash détecté → Recul batch_size: 262144 → 262144

[Batch 18/100] batch_size=262144 (0.26 M nonces)
  ❌ Crash: 