[14939.868625426] 🚀 TEST C433 - VALIDATION STORE avec DISPATCH COMPLET
[14939.868721715] ✅ DRM ouvert: fd=5
[14939.868729401] ✅ Contexte GPU créé: id=1
[14939.869011778] ✅ Kernel chargé: 208 bytes
[14939.869025691] ✅ GEM buffer créé: handle=1 size=208
[14939.869035276] ✅ Données écrites: 208 bytes
[14939.869038804] ✅ GEM buffer créé: handle=2 size=1028
[14939.869056725] ✅ Buffer mappé: 0x7f46c876c000
[14939.869064952] ✅ GEM buffer créé: handle=3 size=4096
[14939.869072837] ✅ Buffer mappé: 0x7f46c86d1000
[14939.869075927] ✅ GEM buffer créé: handle=4 size=4096
[14939.869086206] ✅ Buffer mappé: 0x7f46c86d0000
[14939.869089493] ✅ GEM buffer créé: handle=5 size=4096
[14939.869092359] ✅ GEM buffer créé: handle=6 size=4096
[14939.869098232] ✅ Buffer mappé: 0x7f46c86cf000
[14939.869101911] 🔧 C439: Configuration SSH Layout Intel
[14939.869102431]    BTI[0] = 64 (offset Surface State)
[14939.869102977] ✅ C439: SSH Layout Intel configuré:
[14939.869103383]    Binding Table @ offset 0: BTI[0]=64
[14939.869103845]    Surface State @ offset 64:
[14939.869104256]      Size=1028 → Aligned=1028
[14939.869104834]      Width=1028, Height=1, Depth=1
[14939.869105568]      DW0=0x0008ff80 (VAlign=4, Format=RAW)
[14939.869106225]      DW1=0x00000003 (MOCS=CACHED_L3)
[14939.869106783]      DW6=0x00000008 (Coherency=GPU_COHERENT)
[14939.869109029] ✅ Interface Descriptor configuré
[14939.869111362] 🔧 C443: Programmation MEDIA_VFE_STATE (position correcte)...
[14939.869112037] ✅ C443: MEDIA_VFE_STATE programmé (Max Threads: 168, URB: 64)
[14939.869112610] ✅ C433: MEDIA_CURBE_LOAD ajouté
[14939.869113051] ✅ C433: MEDIA_STATE_FLUSH ajouté
[14939.869113892] ✅ Batch buffer construit: 64 DWORDs
[14939.869114555] 🔍 C444: Dump batch buffer (premiers 32 DWORDs):

   [00-03] 0x00000000 0x00000000 0x00000000 0x00000000 
   [04-07] 0x69040001 0x61010011 0x00000031 0x00000000 
   [08-11] 0x00030000 0x00000031 0x00000000 0x00000031 
   [12-15] 0x00000000 0x00000031 0x00000000 0x00000031 
   [16-19] 0x00000000 0xFFFFF001 0xFFFFF001 0xFFFFF001 
   [20-23] 0xFFFFF001 0x00000031 0x00000000 0xFFFFF000 
   [24-27] 0x70000006 0x00000000 0x00000000 0x004000A8 
   [28-31] 0x00000000 0x00020001 0x00000000 0x00000000 
[14939.869130343] ⚡ Soumission batch buffer...
[14939.869130800] 🔍 C444 FORENSIC: EXECBUFFER2 params:
[14939.869131238]    buffers_ptr = 0x00007ffde42ab9f0
[14939.869131995]    buffer_count = 6
[14939.869132545]    batch_len = 256 bytes (64 DWORDs)
[14939.869133128]    flags = 0x00000001
[14939.869133647]    rsvd1 (ctx_id) = 1
[14939.869134137]    batch_start_offset = 0
[14939.869134612] 🔍 C444: exec_objects[5] (batch):
[14939.869135043]    handle = 6
[14939.869135528]    relocation_count = 4
[14939.869136058]    relocs_ptr = 0x00007ffde42ab930
[14939.869136551]    alignment = 0
[14939.869137019]    offset = 0x0000000000000000
[14939.869137545]    flags = 0x0000000000000000
[14939.869361642] ✅ Batch buffer soumis avec succès
[14939.869363126] 🔍 VALIDATION RÉSULTATS
[14939.869363641] ⏳ Attente GPU idle...
[14940.578324350] ✅ GPU idle confirmé
[14940.578341767] ✅ Domaine CPU activé
[14940.578342977] 📊 output[0] = 0x00000000 (attendu: 0x12345678)
[14940.578344026] ❌ TEST ABSOLU ÉCHOUÉ: output[0] != 0x12345678
[14940.578344559] 🔍 Dump premiers 16 uint32_t:
[14940.578345012]    output[0] = 0x00000000
[14940.578345907]    output[1] = 0x00000000
[14940.578348681]    output[2] = 0x00000000
[14940.578349635]    output[3] = 0x00000000
[14940.578350102]    output[4] = 0x00000000
[14940.578351302]    output[5] = 0x00000000
[14940.578352058]    output[6] = 0x00000000
[14940.578352823]    output[7] = 0x00000000
[14940.578353446]    output[8] = 0x00000000
[14940.578354125]    output[9] = 0x00000000
[14940.578354568]    output[10] = 0x00000000
[14940.578355068]    output[11] = 0x00000000
[14940.578355516]    output[12] = 0x00000000
[14940.578356016]    output[13] = 0x00000000
[14940.578356462]    output[14] = 0x00000000
[14940.578356916]    output[15] = 0x00000000
[14940.578357398] ❌ TEST C433 ÉCHOUÉ
