[sudo] password for lvx: [22061.624980280] 🚀 TEST C433 - VALIDATION STORE avec DISPATCH COMPLET
[22061.625083476] ✅ DRM ouvert: fd=5
[22061.625093607] ✅ Contexte GPU créé: id=1
[22061.626390690] ✅ Kernel chargé: 4232 bytes
[22061.626416388] ✅ GEM buffer créé: handle=1 size=4232
[22061.626432561] ✅ Données écrites: 4232 bytes
[22061.626440339] ✅ GEM buffer créé: handle=2 size=1028
[22061.626480440] ✅ Buffer mappé: 0x7819069d4000
[22061.626494852] ✅ GEM buffer créé: handle=3 size=4096
[22061.626511074] ✅ Buffer mappé: 0x781906939000
[22061.626517128] ✅ GEM buffer créé: handle=4 size=4096
[22061.626536886] ✅ Buffer mappé: 0x781906938000
[22061.626543314] ✅ GEM buffer créé: handle=5 size=4096
[22061.626549545] ✅ GEM buffer créé: handle=6 size=4096
[22061.626560359] ✅ Buffer mappé: 0x781906937000
[22061.626567603] 🔧 C439: Configuration SSH Layout Intel
[22061.626568549]    BTI[0] = 64 (offset Surface State)
[22061.626569541] ✅ C439: SSH Layout Intel configuré:
[22061.626570291]    Binding Table @ offset 0: BTI[0]=64
[22061.626570914]    Surface State @ offset 64:
[22061.626571674]      Size=1028 → Aligned=1028
[22061.626572917]      Width=1028, Height=1, Depth=1
[22061.626574221]      DW0=0x0007fc00 (VAlign=4, Format=RAW)
[22061.626575243]      DW1=0x00000003 (MOCS=CACHED_L3)
[22061.626576059]      DW6=0x00000008 (Coherency=GPU_COHERENT)
[22061.626580808] ✅ Interface Descriptor configuré
[22061.626581633] 🔍 C445: IDD Dump:
[22061.626582431]    IDD[0] = 0x00000000 (Kernel Start Pointer)
[22061.626583300]    IDD[2] = 0x00010100 (Barrier=1, Threads=256)
[22061.626584624]    IDD[3] = 0x00010000 (BTI Count=1, BTI Ptr=0)
[22061.626585692]    IDD[4] = 0x00400000 (CURBE Length=64 bytes)
[22061.626586596] 🔍 C445: CURBE Dump (premiers 16 DWORDs):

   [r0] 0x00000000 0x00000000 0x00000000 0x00000000 
   [r1] 0x00000100 0x00000001 0x00000001 0x00000000 
   [r2] 0x00000000 0x00000000 0x00000000 0x00000000 
   [r3] 0x00000000 0x00000000 0x00000000 0x00000000 
[22061.626605159] 🔧 C443: Programmation MEDIA_VFE_STATE (position correcte)...
[22061.626607464] ✅ C443: MEDIA_VFE_STATE programmé (Max Threads: 168, URB: 64)
[22061.626608398] ✅ C433: MEDIA_CURBE_LOAD ajouté
[22061.626609181] ✅ C433: MEDIA_STATE_FLUSH ajouté
[22061.626610013] ✅ Batch buffer construit: 64 DWORDs
[22061.626610931] 🔍 C444: Dump batch buffer (premiers 32 DWORDs):

   [00-03] 0x00000000 0x00000000 0x00000000 0x00000000 
   [04-07] 0x69040001 0x61010011 0x00000031 0x00000000 
   [08-11] 0x00030000 0x00000031 0x00000000 0x00000031 
   [12-15] 0x00000000 0x00000031 0x00000000 0x00000031 
   [16-19] 0x00000000 0xFFFFF001 0xFFFFF001 0xFFFFF001 
   [20-23] 0xFFFFF001 0x00000031 0x00000000 0xFFFFF000 
   [24-27] 0x70000006 0x00000000 0x00000000 0x004000A8 
   [28-31] 0x00000000 0x00020001 0x00000000 0x00000000 
[22061.626638188] ⚡ Soumission batch buffer...
[22061.626639598] 🔍 C444 FORENSIC: EXECBUFFER2 params:
[22061.626640255]    buffers_ptr = 0x00007ffff6bc7510
[22061.626641979]    buffer_count = 6
[22061.626642823]    batch_len = 256 bytes (64 DWORDs)
[22061.626643780]    flags = 0x00000001
[22061.626644666]    rsvd1 (ctx_id) = 1
[22061.626647791]    batch_start_offset = 0
[22061.626648638] 🔍 C444: exec_objects[5] (batch):
[22061.626649249]    handle = 6
[22061.626650420]    relocation_count = 4
[22061.626651063]    relocs_ptr = 0x00007ffff6bc7430
[22061.626651853]    alignment = 0
[22061.626652851]    offset = 0x0000000000000000
[22061.626654129]    flags = 0x0000000000000000
[22061.627063783] ✅ Batch buffer soumis avec succès
[22061.627069177] 🔍 C447: CURBE POST-RELOCATION (après EXECBUFFER2):

   [r0] 0x00000000 0x00000000 0x00000000 0x00000000 
   [r1] 0x00000100 0x00000001 0x00000001 0x00000000 
   [r2] 0x00000000 0x00000000 0x00000000 0x00000000 
   [r3] 0x00000000 0x00000000 0x00000000 0x00000000 
[22061.627083821]    r8 (64-bit pointer) = 0x0000000000000000
[22061.627084788] 🔍 C447: Output BO GPU address:
[22061.627085571]    exec_objects[1].offset = 0x0000000000002000
[22061.627086376] ❌ C447 ROOT CAUSE: CURBE r8 = 0x00000000 (relocation NON appliquée!)
[22061.627087245]    → GPU écrit dans NULL → write dropped silencieusement
[22061.627087990] 🔍 C448: SSH POST-RELOCATION:
[22061.627089424]    Binding Table:
[22061.627090275]      BTI[0] = 64 (offset vers Surface State)
[22061.627091254]    Surface State @ offset 64:

     DW00-03: 0x0007FC00 0x00000003 0x00010404 0x00000001 
     DW04-07: 0x00000000 0x00000000 0x00000008 0x00000FAC 
     DW08-11: 0x00000000 0x00000000 0x00000000 0x00000000 
     DW12-15: 0x00000000 0x00000000 0x00000000 0x00000000 
[22061.627105178]    Base Address (DW8-9) = 0x0000000000000000
[22061.627106015]    Expected (output_bo) = 0x0000000000002000
[22061.627106868] ❌ C448 ROOT CAUSE: Surface State Base Address = 0x00000000!
[22061.627107559]    → Relocation SSH NON appliquée par i915
[22061.627108469]    → GPU lit BTI[0] → Surface State → NULL
[22061.627109100]    → GPU écrit dans NULL → write dropped
[22061.627110199] 🔍 VALIDATION RÉSULTATS
[22061.627111164] ⏳ Attente GPU idle...
[22063.396543806] ✅ GPU idle confirmé
[22063.396579701] ✅ Domaine CPU activé
[22063.396588537] 📊 output[0] = 0x00000000 (attendu: 0x12345678)
[22063.396593635] ❌ TEST ABSOLU ÉCHOUÉ: output[0] != 0x12345678
[22063.396596390] 🔍 Dump premiers 16 uint32_t:
[22063.396598965]    output[0] = 0x00000000
[22063.396602828]    output[1] = 0x00000000
[22063.396606299]    output[2] = 0x00000000
[22063.396609385]    output[3] = 0x00000000
[22063.396612954]    output[4] = 0x00000000
[22063.396615825]    output[5] = 0x00000000
[22063.396618934]    output[6] = 0x00000000
[22063.396622094]    output[7] = 0x00000000
[22063.396625238]    output[8] = 0x00000000
[22063.396628630]    output[9] = 0x00000000
[22063.396631809]    output[10] = 0x00000000
[22063.396635177]    output[11] = 0x00000000
[22063.396638584]    output[12] = 0x00000000
[22063.396641601]    output[13] = 0x00000000
[22063.396644546]    output[14] = 0x00000000
[22063.396647515]    output[15] = 0x00000000
[22063.396650908] ❌ TEST C433 ÉCHOUÉ
