[15802.991130809] 🚀 TEST C433 - VALIDATION STORE avec DISPATCH COMPLET
[15802.991299653] ✅ DRM ouvert: fd=5
[15802.991310589] ✅ Contexte GPU créé: id=1
[15802.991547767] ✅ Kernel chargé: 3896 bytes
[15802.991575438] ✅ GEM buffer créé: handle=1 size=3896
[15802.991603229] ✅ Données écrites: 3896 bytes
[15802.991611299] ✅ GEM buffer créé: handle=2 size=1028
[15802.991638378] ✅ Buffer mappé: 0x7c044095f000
[15802.991653696] ✅ GEM buffer créé: handle=3 size=4096
[15802.991664437] ✅ Buffer mappé: 0x7c04408c4000
[15802.991668478] ✅ GEM buffer créé: handle=4 size=4096
[15802.991689181] ✅ Buffer mappé: 0x7c04408c3000
[15802.991694253] ✅ GEM buffer créé: handle=5 size=4096
[15802.991697462] ✅ GEM buffer créé: handle=6 size=4096
[15802.991705099] ✅ Buffer mappé: 0x7c04408c2000
[15802.991709819] 🔧 C439: Configuration SSH Layout Intel
[15802.991710410]    BTI[0] = 64 (offset Surface State)
[15802.991711027] ✅ C439: SSH Layout Intel configuré:
[15802.991711489]    Binding Table @ offset 0: BTI[0]=64
[15802.991712020]    Surface State @ offset 64:
[15802.991712573]      Size=1028 → Aligned=1028
[15802.991713225]      Width=1028, Height=1, Depth=1
[15802.991713985]      DW0=0x0008ff80 (VAlign=4, Format=RAW)
[15802.991714855]      DW1=0x00000003 (MOCS=CACHED_L3)
[15802.991715464]      DW6=0x00000008 (Coherency=GPU_COHERENT)
[15802.991718521] ✅ Interface Descriptor configuré
[15802.991719083] 🔍 C445: IDD Dump:
[15802.991719662]    IDD[0] = 0x00000000 (Kernel Start Pointer)
[15802.991720292]    IDD[2] = 0x00010100 (Barrier=1, Threads=256)
[15802.991721099]    IDD[3] = 0x00010000 (BTI Count=1, BTI Ptr=0)
[15802.991722108]    IDD[4] = 0x00400000 (CURBE Length=64 bytes)
[15802.991723013] 🔍 C445: CURBE Dump (premiers 16 DWORDs):

   [r0] 0x00000000 0x00000000 0x00000000 0x00000000 
   [r1] 0x00000100 0x00000001 0x00000001 0x00000000 
   [r2] 0x00000000 0x00000000 0x00000000 0x00000000 
   [r3] 0x00000000 0x00000000 0x00000000 0x00000000 
[15802.991740318] 🔧 C443: Programmation MEDIA_VFE_STATE (position correcte)...
[15802.991741399] ✅ C443: MEDIA_VFE_STATE programmé (Max Threads: 168, URB: 64)
[15802.991742028] ✅ C433: MEDIA_CURBE_LOAD ajouté
[15802.991742613] ✅ C433: MEDIA_STATE_FLUSH ajouté
[15802.991743733] ✅ Batch buffer construit: 64 DWORDs
[15802.991744473] 🔍 C444: Dump batch buffer (premiers 32 DWORDs):

   [00-03] 0x00000000 0x00000000 0x00000000 0x00000000 
   [04-07] 0x69040001 0x61010011 0x00000031 0x00000000 
   [08-11] 0x00030000 0x00000031 0x00000000 0x00000031 
   [12-15] 0x00000000 0x00000031 0x00000000 0x00000031 
   [16-19] 0x00000000 0xFFFFF001 0xFFFFF001 0xFFFFF001 
   [20-23] 0xFFFFF001 0x00000031 0x00000000 0xFFFFF000 
   [24-27] 0x70000006 0x00000000 0x00000000 0x004000A8 
   [28-31] 0x00000000 0x00020001 0x00000000 0x00000000 
[15802.991764353] ⚡ Soumission batch buffer...
[15802.991764941] 🔍 C444 FORENSIC: EXECBUFFER2 params:
[15802.991765544]    buffers_ptr = 0x00007ffcb0862f70
[15802.991766549]    buffer_count = 6
[15802.991767340]    batch_len = 256 bytes (64 DWORDs)
[15802.991768044]    flags = 0x00000001
[15802.991768791]    rsvd1 (ctx_id) = 1
[15802.991769414]    batch_start_offset = 0
[15802.991770071] 🔍 C444: exec_objects[5] (batch):
[15802.991770645]    handle = 6
[15802.991771236]    relocation_count = 4
[15802.991771841]    relocs_ptr = 0x00007ffcb0862eb0
[15802.991772478]    alignment = 0
[15802.991773104]    offset = 0x0000000000000000
[15802.991773857]    flags = 0x0000000000000000
[15802.992272098] ✅ Batch buffer soumis avec succès
[15802.992278914] 🔍 C447: CURBE POST-RELOCATION (après EXECBUFFER2):

   [r0] 0x00000000 0x00000000 0x00000000 0x00000000 
   [r1] 0x00000100 0x00000001 0x00000001 0x00000000 
   [r2] 0x00001000 0x00000000 0x00000000 0x00000000 
   [r3] 0x00000000 0x00000000 0x00000000 0x00000000 
[15802.992290378]    r8 (64-bit pointer) = 0x0000000000001000
[15802.992291313] 🔍 C447: Output BO GPU address:
[15802.992291802]    exec_objects[1].offset = 0x0000000000001000
[15802.992292430] ✅ C447: CURBE r8 = output_bo address (relocation OK!)
[15802.992292934]    → Problème ailleurs (cache coherency? surface state?)
[15802.992293805] 🔍 VALIDATION RÉSULTATS
[15802.992294510] ⏳ Attente GPU idle...
[15803.697940788] ✅ GPU idle confirmé
[15803.697967935] ✅ Domaine CPU activé
[15803.697970037] 📊 output[0] = 0x00000000 (attendu: 0x12345678)
[15803.697972106] ❌ TEST ABSOLU ÉCHOUÉ: output[0] != 0x12345678
[15803.697973329] 🔍 Dump premiers 16 uint32_t:
[15803.697974506]    output[0] = 0x00000000
[15803.697976142]    output[1] = 0x00000000
[15803.697977453]    output[2] = 0x00000000
[15803.697978616]    output[3] = 0x00000000
[15803.697979712]    output[4] = 0x00000000
[15803.697980939]    output[5] = 0x00000000
[15803.697982022]    output[6] = 0x00000000
[15803.697983215]    output[7] = 0x00000000
[15803.697984566]    output[8] = 0x00000000
[15803.697985738]    output[9] = 0x00000000
[15803.697986974]    output[10] = 0x00000000
[15803.697988306]    output[11] = 0x00000000
[15803.697989392]    output[12] = 0x00000000
[15803.697990578]    output[13] = 0x00000000
[15803.697991777]    output[14] = 0x00000000
[15803.697992910]    output[15] = 0x00000000
[15803.697994336] ❌ TEST C433 ÉCHOUÉ
