[11040.004207576] 🚀 TEST C434 - EXTRACTION BINAIRE GEN9 ISA
[11040.210990509] ✅ Device: Intel(R) UHD Graphics 620
[11040.211537274] ✅ Kernel source chargé: 571 bytes
[11040.211557084] ⚙️  Compilation kernel avec OpenCL...
[11040.213806249] ✅ Kernel compilé avec succès
[11040.213814308] 📊 Taille binaire Gen9 ISA: 4328 bytes
[11040.213816448] ✅ Binaire Gen9 ISA extrait
[11040.213979007] ✅ Binaire sauvegardé: tests/test_c434_opencl_extracted.bin
[11040.213984153] 🔍 ANALYSE BINAIRE:
[11040.213984838]    Taille: 4328 bytes
[11040.213985547]    Magic: 0x7F454C46
[11040.213986582] 📝 Premiers 64 bytes (hex):
   0000: 7f 45 4c 46 02 01 01 00 01 00 00 00 00 00 00 00 
   0010: 01 00 cd 00 01 00 00 00 00 00 00 00 00 00 00 00 
   0020: 00 00 00 00 00 00 00 00 a8 0e 00 00 00 00 00 00 
   0030: 00 00 00 00 40 00 00 00 00 00 40 00 09 00 08 00 
[11040.214212630] 🔍 COMPARAISON avec binaire actuel:
[11040.214215583]    Ancien: 4232 bytes
[11040.214216502]    Nouveau: 4328 bytes
[11040.214217202] ⚠️  Tailles différentes!
[11040.214261565] ✅ TEST C434 TERMINÉ
[11040.214263391] 📝 Prochaine étape: ./test_c433_dispatch_runner tests/test_c434_opencl_extracted.bin
