=== C497: CAPTURE BATCH OPENCL COMPLET ===

Objectif: Extraire TOUS les paramètres dynamiques OpenCL

[1/10] Initialisation OpenCL...
  ✓ Device GPU trouvé

[2/10] Création contexte + queue...
  ✓ Contexte + queue créés

[3/10] Lecture kernel source...
  ✓ Kernel source lu: 168 bytes

[4/10] Compilation kernel...
  ✓ Kernel compilé

[5/10] Extraction binaire kernel...
  ✓ Binaire kernel extrait: 3288 bytes
  ✓ Binaire sauvegardé: logs/c497_kernel_binary.bin

=== KERNEL BINARY (1024 bytes) ===
0000: 7f 45 4c 46 02 01 01 00 01 00 00 00 00 00 00 00 
0010: 01 00 cd 00 01 00 00 00 00 00 00 00 00 00 00 00 
0020: 00 00 00 00 00 00 00 00 98 0a 00 00 00 00 00 00 
0030: 00 00 00 00 40 00 00 00 00 00 40 00 09 00 08 00 
0040: 01 00 60 00 0c 02 40 20 00 00 20 00 00 00 00 00 
0050: 06 80 00 00 04 00 00 30 00 10 00 16 c0 04 c0 04 
0060: 01 00 00 00 0c 47 80 20 ef be ad de be ba fe ca 
0070: 01 00 60 00 6c 26 70 20 00 00 00 00 40 c8 00 00 
0080: 01 00 00 00 0c 47 88 20 78 56 34 12 00 ef cd ab 
0090: 01 4d 00 20 07 7f 02 00 01 cd 02 20 00 08 04 00 
00a0: 40 00 60 00 0c 43 c0 20 60 00 00 1a 70 00 8d 00 
00b0: 01 c3 02 60 05 08 04 00 33 00 60 0c 14 80 00 00 
00c0: c1 00 00 00 ff 81 06 04 31 00 00 07 04 02 00 20 
00d0: e0 0f 00 06 10 00 00 82 00 00 00 00 00 00 00 00 
00e0: 00 00 00 00 00 00 00 00 00 00 00 00 00 00 00 00 
00f0: 00 00 00 00 00 00 00 00 00 00 00 00 00 00 00 00 
0100: 00 00 00 00 00 00 00 00 00 00 00 00 00 00 00 00 
0110: 00 00 00 00 00 00 00 00 00 00 00 00 00 00 00 00 
0120: 00 00 00 00 00 00 00 00 00 00 00 00 00 00 00 00 
0130: 00 00 00 00 00 00 00 00 00 00 00 00 00 00 00 00 
0140: 00 00 00 00 00 00 00 00 00 00 00 00 00 00 00 00 
0150: 00 00 00 00 00 00 00 00 00 00 00 00 00 00 00 00 
0160: 00 00 00 00 00 00 00 00 00 00 00 00 00 00 00 00 
0170: 00 00 00 00 00 00 00 00 00 00 00 00 00 00 00 00 
0180: 00 00 00 00 00 00 00 00 00 00 00 00 00 00 00 00 
0190: 00 00 00 00 00 00 00 00 71 00 00 00 02 00 01 00 
01a0: 00 00 00 00 00 00 00 00 98 00 00 00 00 00 00 00 
01b0: 7f 00 00 00 00 00 01 00 00 00 00 00 00 00 00 00 
01c0: 00 00 00 00 00 00 00 00 03 02 23 07 00 00 01 00 
01d0: 0e 00 06 00 1c 00 00 00 00 00 00 00 11 00 02 00 
01e0: 04 00 00 00 11 00 02 00 05 00 00 00 11 00 02 00 
01f0: 06 00 00 00 11 00 02 00 0b 00 00 00 0b 00 05 00 
0200: 01 00 00 00 4f 70 65 6e 43 4c 2e 73 74 64 00 00 
0210: 0e 00 03 00 02 00 00 00 02 00 00 00 0f 00 07 00 
0220: 06 00 00 00 16 00 00 00 6d 69 6e 69 6d 61 6c 5f 
0230: 77 72 69 74 65 00 00 00 07 00 0c 00 1a 00 00 00 
0240: 6b 65 72 6e 65 6c 5f 61 72 67 5f 74 79 70 65 2e 
0250: 6d 69 6e 69 6d 61 6c 5f 77 72 69 74 65 2e 75 69 
0260: 6e 74 2a 2c 00 00 00 00 07 00 0c 00 1b 00 00 00 
0270: 6b 65 72 6e 65 6c 5f 61 72 67 5f 74 79 70 65 5f 
0280: 71 75 61 6c 2e 6d 69 6e 69 6d 61 6c 5f 77 72 69 
0290: 74 65 2e 2c 00 00 00 00 03 00 03 00 03 00 00 00 
02a0: 70 8e 01 00 05 00 06 00 06 00 00 00 6d 69 6e 69 
02b0: 6d 61 6c 5f 77 72 69 74 65 00 00 00 05 00 04 00 
02c0: 07 00 00 00 6f 75 74 70 75 74 00 00 05 00 04 00 
02d0: 08 00 00 00 65 6e 74 72 79 00 00 00 05 00 05 00 
02e0: 0b 00 00 00 61 72 72 61 79 69 64 78 00 00 00 00 
02f0: 05 00 05 00 0e 00 00 00 61 72 72 61 79 69 64 78 
0300: 31 00 00 00 05 00 05 00 11 00 00 00 61 72 72 61 
0310: 79 69 64 78 32 00 00 00 05 00 05 00 14 00 00 00 
0320: 61 72 72 61 79 69 64 78 33 00 00 00 05 00 04 00 
0330: 17 00 00 00 6f 75 74 70 75 74 00 00 47 00 08 00 
0340: 06 00 00 00 29 00 00 00 6d 69 6e 69 6d 61 6c 5f 
0350: 77 72 69 74 65 00 00 00 00 00 00 00 15 00 04 00 
0360: 03 00 00 00 20 00 00 00 00 00 00 00 15 00 04 00 
0370: 09 00 00 00 40 00 00 00 00 00 00 00 2b 00 05 00 
0380: 09 00 00 00 0a 00 00 00 00 00 00 00 00 00 00 00 
0390: 2b 00 04 00 03 00 00 00 0c 00 00 00 ef be ad de 
03a0: 2b 00 05 00 09 00 00 00 0d 00 00 00 01 00 00 00 
03b0: 00 00 00 00 2b 00 04 00 03 00 00 00 0f 00 00 00 
03c0: be ba fe ca 2b 00 05 00 09 00 00 00 10 00 00 00 
03d0: 02 00 00 00 00 00 00 00 2b 00 04 00 03 00 00 00 
03e0: 12 00 00 00 78 56 34 12 2b 00 05 00 09 00 00 00 
03f0: 13 00 00 00 03 00 00 00 00 00 00 00 2b 00 04 00 

[6/10] Création kernel...
  ✓ Kernel créé

[7/10] Création buffer output...
  ✓ Buffer output créé: 4096 bytes

[8/10] Configuration arguments kernel...
  ✓ Argument kernel configuré

[9/10] Extraction metadata COMPLÈTE...

=== METADATA KERNEL ===

Work Group Size: 256
Preferred Multiple: 32 (SIMD32)
Local Memory: 0 bytes
Private Memory: 0 bytes

[10/10] Exécution kernel OpenCL...
  Global Work Size: 256
  Local Work Size: 32
  ✓ Kernel exécuté avec succès

=== RÉSULTATS OPENCL ===
Output[0] = 0xdeadbeef ✅
Output[1] = 0xcafebabe ✅
Output[2] = 0x12345678 ✅
Output[3] = 0xabcdef00 ✅

=== RÉSUMÉ C497 ===
✓ Binaire kernel extrait et sauvegardé
✓ Metadata complète extraite
✓ Configuration dynamique identifiée:
  - Global Work Size: 256
  - Local Work Size: 32
  - SIMD: 32

✓ Prochaine étape C498: Développer batch buffer AUTOMATIQUE
