╔════════════════════════════════════════════════════════════╗
║  Compilation C255V11 NX48 avec Buffer Dynamique           ║
╚════════════════════════════════════════════════════════════╝
[1/2] Compilation...
src/btc_gen9_native_runner.c: In function ‘calculate_optimal_batch_size’:
src/btc_gen9_native_runner.c:348:55: warning: unused parameter ‘timeout_ms’ [-Wunused-parameter]
  348 | static uint32_t calculate_optimal_batch_size(uint32_t timeout_ms, uint64_t hashrate) {
      |                                              ~~~~~~~~~^~~~~~~~~~
src/btc_gen9_native_runner.c:348:76: warning: unused parameter ‘hashrate’ [-Wunused-parameter]
  348 | static uint32_t calculate_optimal_batch_size(uint32_t timeout_ms, uint64_t hashrate) {
      |                                                                   ~~~~~~~~~^~~~~~~~
src/btc_gen9_native_runner.c: In function ‘btc_gen9_init’:
src/btc_gen9_native_runner.c:1002:60: warning: format ‘%u’ expects argument of type ‘unsigned int’, but argument 4 has type ‘size_t’ {aka ‘long unsigned int’} [-Wformat=]
 1002 |     fprintf(stderr, "[C293] Output buffer: %zu bytes pour %u nonces\n",
      |                                                           ~^
      |                                                            |
      |                                                            unsigned int
      |                                                           %lu
 1003 |             ctx->output_size, ctx->batch_size);
      |                               ~~~~~~~~~~~~~~~               
      |                                  |
      |                                  size_t {aka long unsigned int}
✅ Compilation réussie

[2/2] Exécution avec sudo...
Mot de passe sudo: emmaus

[sudo] password for lvx: [DEBUG] Tentative ouverture log: logs/forensic/test_c255v11_nx48.log
[DEBUG] Log ouvert avec succès
[C293] Output buffer: 40 bytes pour 262144 nonces
[GEN9-EXECUTE] Début: ctx=0x641e85b99490 block_header=0x7ffe880b2590 start_nonce=0 count=262144
[GEN9-EXECUTE] Début: ctx=0x641e85b99490 block_header=0x7ffe880b2590 start_nonce=0 count=524288
[GEN9-EXECUTE] Début: ctx=0x641e85b99490 block_header=0x7ffe880b2590 start_nonce=0 count=1048576
[GEN9-EXECUTE] Début: ctx=0x641e85b99490 block_header=0x7ffe880b2590 start_nonce=0 count=2097152
[GEN9-EXECUTE] Début: ctx=0x641e85b99490 block_header=0x7ffe880b2590 start_nonce=0 count=4194304
[GEN9-EXECUTE] Début: ctx=0x641e85b99490 block_header=0x7ffe880b2590 start_nonce=0 count=8388608
[GEN9-EXECUTE] Début: ctx=0x641e85b99490 block_header=0x7ffe880b2590 start_nonce=0 count=16777216
[GEN9-EXECUTE] Début: ctx=0x641e85b99490 block_header=0x7ffe880b2590 start_nonce=0 count=33554432
[GEN9-EXECUTE] Début: ctx=0x641e85b99490 block_header=0x7ffe880b2590 start_nonce=0 count=67108864
[GEN9-EXECUTE] Début: ctx=0x641e85b99490 block_header=0x7ffe880b2590 start_nonce=0 count=107374182
[GEN9-EXECUTE] Début: ctx=0x641e85b99490 block_header=0x7ffe880b2590 start_nonce=0 count=107374182
[GEN9-EXECUTE] Début: ctx=0x641e85b99490 block_header=0x7ffe880b2590 start_nonce=0 count=107374182
[GEN9-EXECUTE] Début: ctx=0x641e85b99490 block_header=0x7ffe880b2590 start_nonce=0 count=107374182
[GEN9-EXECUTE] Début: ctx=0x641e85b99490 block_header=0x7ffe880b2590 start_nonce=0 count=107374182

╔════════════════════════════════════════════════════════════╗
║  LumVorax C258 — Allocation Dynamique 3GB (RAM Système)   ║
║  0% OpenCL, 0% Level Zero, 100% i915 DRM Direct          ║
║  Formule OpenCL: 75% RAM système, max 4GB                 ║
╚════════════════════════════════════════════════════════════╝

[C258] Configuration Allocation Dynamique:
  - Détection RAM: sysinfo() + formule OpenCL (75% RAM, max 4GB)
  - Batch size initial: 256K (progression automatique)
  - Contextes GPU: 2 (adaptatif 1/2/3)
  - Mémoire GPU: Monitoring temps réel
  - THP: Activé pour buffers >2MB
  - Kernel: kernels/btc_sha256_gen9.bin
  - Log: logs/forensic/test_c255v11_nx48.log

[C258] 📊 RAM système détectée: 7622 MB (7.44 GB)
[C258] 🎯 Limite GPU calculée: 4096 MB (4.00 GB) [formule: 75% RAM, max 4GB]
[C258] ✅ Mémoire GPU disponible: 4.00 GB

[C258] Initialisation Gen9 Native avec allocation dynamique...
✅ Initialisation réussie

[C258] Démarrage progression adaptative (allocation dynamique 3GB)...
═══════════════════════════════════════════════════════════════

[Batch 1/100] batch_size=262144 (0.26 M nonces)
  ✅ Succès: 0.009 sec, 28.72 MH/s
[NX48-C255V11] ✅ Succès → Doublement batch_size: 262144 → 524288 (0.0% vers max, mem_limit=107374182)

[Batch 2/100] batch_size=524288 (0.52 M nonces)
  ✅ Succès: 0.002 sec, 280.89 MH/s
[NX48-C255V11] ✅ Succès → Doublement batch_size: 524288 → 1048576 (0.1% vers max, mem_limit=107374182)

[Batch 3/100] batch_size=1048576 (1.05 M nonces)
  ✅ Succès: 0.002 sec, 530.88 MH/s
[NX48-C255V11] ✅ Succès → Doublement batch_size: 1048576 → 2097152 (0.2% vers max, mem_limit=107374182)

[Batch 4/100] batch_size=2097152 (2.10 M nonces)
  ✅ Succès: 0.001 sec, 1577.51 MH/s
[NX48-C255V11] ✅ Succès → Doublement batch_size: 2097152 → 4194304 (0.4% vers max, mem_limit=107374182)

[Batch 5/100] batch_size=4194304 (4.19 M nonces)
  ✅ Succès: 0.002 sec, 2748.04 MH/s
[NX48-C255V11] ✅ Succès → Doublement batch_size: 4194304 → 8388608 (0.8% vers max, mem_limit=107374182)

[Batch 6/100] batch_size=8388608 (8.39 M nonces)
  ✅ Succès: 0.001 sec, 6010.20 MH/s
[NX48-C255V11] ✅ Succès → Doublement batch_size: 8388608 → 16777216 (1.6% vers max, mem_limit=107374182)

[Batch 7/100] batch_size=16777216 (16.78 M nonces)
  ✅ Succès: 0.010 sec, 1709.23 MH/s
[NX48-C255V11] ✅ Succès → Doublement batch_size: 16777216 → 33554432 (3.2% vers max, mem_limit=107374182)

[Batch 8/100] batch_size=33554432 (33.55 M nonces)
  ✅ Succès: 0.018 sec, 1854.14 MH/s
[NX48-C255V11] ✅ Succès → Doublement batch_size: 33554432 → 67108864 (6.4% vers max, mem_limit=107374182)

[Batch 9/100] batch_size=67108864 (67.11 M nonces)
  ✅ Succès: 0.038 sec, 1749.03 MH/s
[NX48-C255V11] ✅ Succès → Doublement batch_size: 67108864 → 107374182 (10.2% vers max, mem_limit=107374182)

[Batch 10/100] batch_size=107374182 (107.37 M nonces)
  ✅ Succès: 0.065 sec, 1643.46 MH/s
[NX48-C255V11] 🏁 Vitesse de croisière atteinte: batch_size=107374182

[Batch 11/100] batch_size=107374182 (107.37 M nonces)
  ✅ Succès: 0.003 sec, 36793.34 MH/s
[NX48-C255V11] 🏁 Vitesse de croisière atteinte: batch_size=107374182

[Batch 12/100] batch_size=107374182 (107.37 M nonces)
  ✅ Succès: 0.002 sec, 56099.31 MH/s
[NX48-C255V11] 🏁 Vitesse de croisière atteinte: batch_size=107374182

[Batch 13/100] batch_size=107374182 (107.37 M nonces)
  ✅ Succès: 0.000 sec, 273984.32 MH/s
[NX48-C255V11] 🏁 Vitesse de croisière atteinte: batch_size=107374182

[Batch 14/100] batch_size=107374182 (107.37 M nonces)
  ✅ Succès: 0.000 sec, 390173.48 MH/s
[NX48-C255V11] 🏁 Vitesse de croisière attei[GEN9-EXECUTE] Début: ctx=0x641e85b99490 block_header=0x7ffe880b2590 start_nonce=0 count=107374182
[GEN9-EXECUTE] Début: ctx=0x641e85b99490 block_header=0x7ffe880b2590 start_nonce=0 count=107374182
[GEN9-EXECUTE] Début: ctx=0x641e85b99490 block_header=0x7ffe880b2590 start_nonce=0 count=107374182
[GEN9-EXECUTE] Début: ctx=0x641e85b99490 block_header=0x7ffe880b2590 start_nonce=0 count=107374182
[GEN9-EXECUTE] Début: ctx=0x641e85b99490 block_header=0x7ffe880b2590 start_nonce=0 count=107374182
[GEN9-EXECUTE] Début: ctx=0x641e85b99490 block_header=0x7ffe880b2590 start_nonce=0 count=107374182
[GEN9-EXECUTE] Début: ctx=0x641e85b99490 block_header=0x7ffe880b2590 start_nonce=0 count=107374182
[GEN9-EXECUTE] Début: ctx=0x641e85b99490 block_header=0x7ffe880b2590 start_nonce=0 count=107374182
[GEN9-EXECUTE] Début: ctx=0x641e85b99490 block_header=0x7ffe880b2590 start_nonce=0 count=107374182
[GEN9-EXECUTE] Début: ctx=0x641e85b99490 block_header=0x7ffe880b2590 start_nonce=0 count=107374182
[GEN9-EXECUTE] Début: ctx=0x641e85b99490 block_header=0x7ffe880b2590 start_nonce=0 count=107374182
[GEN9-EXECUTE] Début: ctx=0x641e85b99490 block_header=0x7ffe880b2590 start_nonce=0 count=107374182
[GEN9-EXECUTE] Début: ctx=0x641e85b99490 block_header=0x7ffe880b2590 start_nonce=0 count=107374182
[GEN9-EXECUTE] Début: ctx=0x641e85b99490 block_header=0x7ffe880b2590 start_nonce=0 count=107374182
[GEN9-EXECUTE] Début: ctx=0x641e85b99490 block_header=0x7ffe880b2590 start_nonce=0 count=107374182
[GEN9-EXECUTE] Début: ctx=0x641e85b99490 block_header=0x7ffe880b2590 start_nonce=0 count=107374182
[GEN9-EXECUTE] Début: ctx=0x641e85b99490 block_header=0x7ffe880b2590 start_nonce=0 count=107374182
[GEN9-EXECUTE] Début: ctx=0x641e85b99490 block_header=0x7ffe880b2590 start_nonce=0 count=107374182
[GEN9-EXECUTE] Début: ctx=0x641e85b99490 block_header=0x7ffe880b2590 start_nonce=0 count=107374182
[GEN9-EXECUTE] Début: ctx=0x641e85b99490 block_header=0x7ffe880b2590 start_nonce=0 count=107374182
[GEN9-EXECUTE] Début: ctx=0x641e85b99490 block_header=0x7ffe880b2590 start_nonce=0 count=107374182
[GEN9-EXECUTE] Début: ctx=0x641e85b99490 block_header=0x7ffe880b2590 start_nonce=0 count=107374182
[GEN9-EXECUTE] Début: ctx=0x641e85b99490 block_header=0x7ffe880b2590 start_nonce=0 count=107374182
[GEN9-EXECUTE] Début: ctx=0x641e85b99490 block_header=0x7ffe880b2590 start_nonce=0 count=107374182
nte: batch_size=107374182

[Batch 15/100] batch_size=107374182 (107.37 M nonces)
  ✅ Succès: 0.000 sec, 392234.45 MH/s
[NX48-C255V11] 🏁 Vitesse de croisière atteinte: batch_size=107374182

[Batch 16/100] batch_size=107374182 (107.37 M nonces)
  ✅ Succès: 0.002 sec, 69183.15 MH/s
[NX48-C255V11] 🏁 Vitesse de croisière atteinte: batch_size=107374182

[Batch 17/100] batch_size=107374182 (107.37 M nonces)
  ✅ Succès: 0.002 sec, 70498.10 MH/s
[NX48-C255V11] 🏁 Vitesse de croisière atteinte: batch_size=107374182

[Batch 18/100] batch_size=107374182 (107.37 M nonces)
  ✅ Succès: 0.002 sec, 67510.34 MH/s
[NX48-C255V11] 🏁 Vitesse de croisière atteinte: batch_size=107374182

[Batch 19/100] batch_size=107374182 (107.37 M nonces)
  ✅ Succès: 0.072 sec, 1497.24 MH/s
[NX48-C255V11] 🏁 Vitesse de croisière atteinte: batch_size=107374182

[Batch 20/100] batch_size=107374182 (107.37 M nonces)
  ✅ Succès: 0.003 sec, 35129.81 MH/s
[NX48-C255V11] 🏁 Vitesse de croisière atteinte: batch_size=107374182

[Batch 21/100] batch_size=107374182 (107.37 M nonces)
  ✅ Succès: 0.002 sec, 56906.34 MH/s
[NX48-C255V11] 🏁 Vitesse de croisière atteinte: batch_size=107374182

[Batch 22/100] batch_size=107374182 (107.37 M nonces)
  ✅ Succès: 0.000 sec, 368724.96 MH/s
[NX48-C255V11] 🏁 Vitesse de croisière atteinte: batch_size=107374182

[Batch 23/100] batch_size=107374182 (107.37 M nonces)
  ✅ Succès: 0.000 sec, 441803.61 MH/s
[NX48-C255V11] 🏁 Vitesse de croisière atteinte: batch_size=107374182

[Batch 24/100] batch_size=107374182 (107.37 M nonces)
  ✅ Succès: 0.000 sec, 443185.85 MH/s
[NX48-C255V11] 🏁 Vitesse de croisière atteinte: batch_size=107374182

[Batch 25/100] batch_size=107374182 (107.37 M nonces)
  ✅ Succès: 0.000 sec, 456567.53 MH/s
[NX48-C255V11] 🏁 Vitesse de croisière atteinte: batch_size=107374182

[Batch 26/100] batch_size=107374182 (107.37 M nonces)
  ✅ Succès: 0.000 sec, 440797.00 MH/s
[NX48-C255V11] 🏁 Vitesse de croisière atteinte: batch_size=107374182

[Batch 27/100] batch_size=107374182 (107.37 M nonces)
  ✅ Succès: 0.000 sec, 440191.62 MH/s
[NX48-C255V11] 🏁 Vitesse de croisière atteinte: batch_size=107374182

[Batch 28/100] batch_size=107374182 (107.37 M nonces)
  ✅ Succès: 0.071 sec, 1504.77 MH/s
[NX48-C255V11] 🏁 Vitesse de croisière atteinte: batch_size=107374182

[Batch 29/100] batch_size=107374182 (107.37 M nonces)
  ✅ Succès: 0.003 sec, 32195.26 MH/s
[NX48-C255V11] 🏁 Vitesse de croisière atteinte: batch_size=107374182

[Batch 30/100] batch_size=107374182 (107.37 M nonces)
  ✅ Succès: 0.002 sec, 57416.49 MH/s
[NX48-C255V11] 🏁 Vitesse de croisière atteinte: batch_size=107374182

[Batch 31/100] batch_size=107374182 (107.37 M nonces)
  ✅ Succès: 0.000 sec, 413235.10 MH/s
[NX48-C255V11] 🏁 Vitesse de croisière atteinte: batch_size=107374182

[Batch 32/100] batch_size=107374182 (107.37 M nonces)
  ✅ Succès: 0.000 sec, 406458.65 MH/s
[NX48-C255V11] 🏁 Vitesse de croisière atteinte: batch_size=107374182

[Batch 33/100] batch_size=107374182 (107.37 M nonces)
  ✅ Succès: 0.000 sec, 245060.93 MH/s
[NX48-C255V11] 🏁 Vitesse de croisière atteinte: batch_size=107374182

[Batch 34/100] batch_size=107374182 (107.37 M nonces)
  ✅ Succès: 0.000 sec, 441856.33 MH/s
[NX48-C255V11] 🏁 Vitesse de croisière atteinte: batch_size=107374182

[Batch 35/100] batch_size=107374182 (107.37 M nonces)
  ✅ Succès: 0.000 sec, 486322.54 MH/s
[NX48-C255V11] 🏁 Vitesse de croisière atteinte: batch_size=107374182

[Batch 36/100] batch_size=107374182 (107.37 M nonces)
  ✅ Succès: 0.000 sec, 473491.68 MH/s
[NX48-C255V11] 🏁 Vitesse de croisière atteinte: batch_size=107374182

[Batch 37/100] batch_size=107374182 (107.37 M nonces)
  ✅ Succès: 0.065 sec, 1647.54 MH/s
[NX48-C255V11] 🏁 Vitesse de croisière atteinte: batch_size=107374182

[Batch 38/100] batch_size=107374182 (107.37 M nonces)
  ✅ Succès: 0.003 sec, 38702.02 MH/s
[NX48-C255V11] 🏁 Vitesse de croisière atteinte: batch_size=107374182

[Batch 39/100] batch_size=1[GEN9-EXECUTE] Début: ctx=0x641e85b99490 block_header=0x7ffe880b2590 start_nonce=0 count=107374182
[GEN9-EXECUTE] Début: ctx=0x641e85b99490 block_header=0x7ffe880b2590 start_nonce=0 count=107374182
[GEN9-EXECUTE] Début: ctx=0x641e85b99490 block_header=0x7ffe880b2590 start_nonce=0 count=107374182
[GEN9-EXECUTE] Début: ctx=0x641e85b99490 block_header=0x7ffe880b2590 start_nonce=0 count=107374182
[GEN9-EXECUTE] Début: ctx=0x641e85b99490 block_header=0x7ffe880b2590 start_nonce=0 count=107374182
[GEN9-EXECUTE] Début: ctx=0x641e85b99490 block_header=0x7ffe880b2590 start_nonce=0 count=107374182
[GEN9-EXECUTE] Début: ctx=0x641e85b99490 block_header=0x7ffe880b2590 start_nonce=0 count=107374182
[GEN9-EXECUTE] Début: ctx=0x641e85b99490 block_header=0x7ffe880b2590 start_nonce=0 count=107374182
[GEN9-EXECUTE] Début: ctx=0x641e85b99490 block_header=0x7ffe880b2590 start_nonce=0 count=107374182
[GEN9-EXECUTE] Début: ctx=0x641e85b99490 block_header=0x7ffe880b2590 start_nonce=0 count=107374182
[GEN9-EXECUTE] Début: ctx=0x641e85b99490 block_header=0x7ffe880b2590 start_nonce=0 count=107374182
[GEN9-EXECUTE] Début: ctx=0x641e85b99490 block_header=0x7ffe880b2590 start_nonce=0 count=107374182
[GEN9-EXECUTE] Début: ctx=0x641e85b99490 block_header=0x7ffe880b2590 start_nonce=0 count=107374182
[GEN9-EXECUTE] Début: ctx=0x641e85b99490 block_header=0x7ffe880b2590 start_nonce=0 count=107374182
[GEN9-EXECUTE] Début: ctx=0x641e85b99490 block_header=0x7ffe880b2590 start_nonce=0 count=107374182
[GEN9-EXECUTE] Début: ctx=0x641e85b99490 block_header=0x7ffe880b2590 start_nonce=0 count=107374182
[GEN9-EXECUTE] Début: ctx=0x641e85b99490 block_header=0x7ffe880b2590 start_nonce=0 count=107374182
[GEN9-EXECUTE] Début: ctx=0x641e85b99490 block_header=0x7ffe880b2590 start_nonce=0 count=107374182
[GEN9-EXECUTE] Début: ctx=0x641e85b99490 block_header=0x7ffe880b2590 start_nonce=0 count=107374182
[GEN9-EXECUTE] Début: ctx=0x641e85b99490 block_header=0x7ffe880b2590 start_nonce=0 count=107374182
[GEN9-EXECUTE] Début: ctx=0x641e85b99490 block_header=0x7ffe880b2590 start_nonce=0 count=107374182
[GEN9-EXECUTE] Début: ctx=0x641e85b99490 block_header=0x7ffe880b2590 start_nonce=0 count=107374182
[GEN9-EXECUTE] Début: ctx=0x641e85b99490 block_header=0x7ffe880b2590 start_nonce=0 count=107374182
[GEN9-EXECUTE] Début: ctx=0x641e85b99490 block_header=0x7ffe880b2590 start_nonce=0 count=107374182
[GEN9-EXECUTE] Début: ctx=0x641e85b99490 block_header=0x7ffe880b2590 start_nonce=0 count=107374182
07374182 (107.37 M nonces)
  ✅ Succès: 0.002 sec, 55000.64 MH/s
[NX48-C255V11] 🏁 Vitesse de croisière atteinte: batch_size=107374182

[Batch 40/100] batch_size=107374182 (107.37 M nonces)
  ✅ Succès: 0.000 sec, 407663.88 MH/s
[NX48-C255V11] 🏁 Vitesse de croisière atteinte: batch_size=107374182

[Batch 41/100] batch_size=107374182 (107.37 M nonces)
  ✅ Succès: 0.000 sec, 425187.03 MH/s
[NX48-C255V11] 🏁 Vitesse de croisière atteinte: batch_size=107374182

[Batch 42/100] batch_size=107374182 (107.37 M nonces)
  ✅ Succès: 0.000 sec, 483210.40 MH/s
[NX48-C255V11] 🏁 Vitesse de croisière atteinte: batch_size=107374182

[Batch 43/100] batch_size=107374182 (107.37 M nonces)
  ✅ Succès: 0.000 sec, 434084.13 MH/s
[NX48-C255V11] 🏁 Vitesse de croisière atteinte: batch_size=107374182

[Batch 44/100] batch_size=107374182 (107.37 M nonces)
  ✅ Succès: 0.000 sec, 451244.93 MH/s
[NX48-C255V11] 🏁 Vitesse de croisière atteinte: batch_size=107374182

[Batch 45/100] batch_size=107374182 (107.37 M nonces)
  ✅ Succès: 0.000 sec, 413878.60 MH/s
[NX48-C255V11] 🏁 Vitesse de croisière atteinte: batch_size=107374182

[Batch 46/100] batch_size=107374182 (107.37 M nonces)
  ✅ Succès: 0.067 sec, 1601.18 MH/s
[NX48-C255V11] 🏁 Vitesse de croisière atteinte: batch_size=107374182

[Batch 47/100] batch_size=107374182 (107.37 M nonces)
  ✅ Succès: 0.003 sec, 34063.87 MH/s
[NX48-C255V11] 🏁 Vitesse de croisière atteinte: batch_size=107374182

[Batch 48/100] batch_size=107374182 (107.37 M nonces)
  ✅ Succès: 0.002 sec, 49256.00 MH/s
[NX48-C255V11] 🏁 Vitesse de croisière atteinte: batch_size=107374182

[Batch 49/100] batch_size=107374182 (107.37 M nonces)
  ✅ Succès: 0.000 sec, 404622.18 MH/s
[NX48-C255V11] 🏁 Vitesse de croisière atteinte: batch_size=107374182

[Batch 50/100] batch_size=107374182 (107.37 M nonces)
  ✅ Succès: 0.000 sec, 417848.78 MH/s
[NX48-C255V11] 🏁 Vitesse de croisière atteinte: batch_size=107374182

[Batch 51/100] batch_size=107374182 (107.37 M nonces)
  ✅ Succès: 0.000 sec, 397683.63 MH/s
[NX48-C255V11] 🏁 Vitesse de croisière atteinte: batch_size=107374182

[Batch 52/100] batch_size=107374182 (107.37 M nonces)
  ✅ Succès: 0.000 sec, 432071.88 MH/s
[NX48-C255V11] 🏁 Vitesse de croisière atteinte: batch_size=107374182

[Batch 53/100] batch_size=107374182 (107.37 M nonces)
  ✅ Succès: 0.000 sec, 401467.85 MH/s
[NX48-C255V11] 🏁 Vitesse de croisière atteinte: batch_size=107374182

[Batch 54/100] batch_size=107374182 (107.37 M nonces)
  ✅ Succès: 0.000 sec, 454513.13 MH/s
[NX48-C255V11] 🏁 Vitesse de croisière atteinte: batch_size=107374182

[Batch 55/100] batch_size=107374182 (107.37 M nonces)
  ✅ Succès: 0.067 sec, 1604.93 MH/s
[NX48-C255V11] 🏁 Vitesse de croisière atteinte: batch_size=107374182

[Batch 56/100] batch_size=107374182 (107.37 M nonces)
  ✅ Succès: 0.004 sec, 29019.65 MH/s
[NX48-C255V11] 🏁 Vitesse de croisière atteinte: batch_size=107374182

[Batch 57/100] batch_size=107374182 (107.37 M nonces)
  ✅ Succès: 0.002 sec, 46697.48 MH/s
[NX48-C255V11] 🏁 Vitesse de croisière atteinte: batch_size=107374182

[Batch 58/100] batch_size=107374182 (107.37 M nonces)
  ✅ Succès: 0.001 sec, 92449.58 MH/s
[NX48-C255V11] 🏁 Vitesse de croisière atteinte: batch_size=107374182

[Batch 59/100] batch_size=107374182 (107.37 M nonces)
  ✅ Succès: 0.000 sec, 325527.24 MH/s
[NX48-C255V11] 🏁 Vitesse de croisière atteinte: batch_size=107374182

[Batch 60/100] batch_size=107374182 (107.37 M nonces)
  ✅ Succès: 0.000 sec, 390722.95 MH/s
[NX48-C255V11] 🏁 Vitesse de croisière atteinte: batch_size=107374182

[Batch 61/100] batch_size=107374182 (107.37 M nonces)
  ✅ Succès: 0.000 sec, 382974.52 MH/s
[NX48-C255V11] 🏁 Vitesse de croisière atteinte: batch_size=107374182

[Batch 62/100] batch_size=107374182 (107.37 M nonces)
  ✅ Succès: 0.000 sec, 346537.13 MH/s
[NX48-C255V11] 🏁 Vitesse de croisière atteinte: batch_size=107374182

[Batch 63/100] batch_size=107374182 (107.37 M nonces)
  ✅ Succès: 0.000 se[GEN9-EXECUTE] Début: ctx=0x641e85b99490 block_header=0x7ffe880b2590 start_nonce=0 count=107374182
[GEN9-EXECUTE] Début: ctx=0x641e85b99490 block_header=0x7ffe880b2590 start_nonce=0 count=107374182
[GEN9-EXECUTE] Début: ctx=0x641e85b99490 block_header=0x7ffe880b2590 start_nonce=0 count=107374182
[GEN9-EXECUTE] Début: ctx=0x641e85b99490 block_header=0x7ffe880b2590 start_nonce=0 count=107374182
[GEN9-EXECUTE] Début: ctx=0x641e85b99490 block_header=0x7ffe880b2590 start_nonce=0 count=107374182
[GEN9-EXECUTE] Début: ctx=0x641e85b99490 block_header=0x7ffe880b2590 start_nonce=0 count=107374182
[GEN9-EXECUTE] Début: ctx=0x641e85b99490 block_header=0x7ffe880b2590 start_nonce=0 count=107374182
[GEN9-EXECUTE] Début: ctx=0x641e85b99490 block_header=0x7ffe880b2590 start_nonce=0 count=107374182
[GEN9-EXECUTE] Début: ctx=0x641e85b99490 block_header=0x7ffe880b2590 start_nonce=0 count=107374182
[GEN9-EXECUTE] Début: ctx=0x641e85b99490 block_header=0x7ffe880b2590 start_nonce=0 count=107374182
[GEN9-EXECUTE] Début: ctx=0x641e85b99490 block_header=0x7ffe880b2590 start_nonce=0 count=107374182
[GEN9-EXECUTE] Début: ctx=0x641e85b99490 block_header=0x7ffe880b2590 start_nonce=0 count=107374182
[GEN9-EXECUTE] Début: ctx=0x641e85b99490 block_header=0x7ffe880b2590 start_nonce=0 count=107374182
[GEN9-EXECUTE] Début: ctx=0x641e85b99490 block_header=0x7ffe880b2590 start_nonce=0 count=107374182
[GEN9-EXECUTE] Début: ctx=0x641e85b99490 block_header=0x7ffe880b2590 start_nonce=0 count=107374182
[GEN9-EXECUTE] Début: ctx=0x641e85b99490 block_header=0x7ffe880b2590 start_nonce=0 count=107374182
[GEN9-EXECUTE] Début: ctx=0x641e85b99490 block_header=0x7ffe880b2590 start_nonce=0 count=107374182
[GEN9-EXECUTE] Début: ctx=0x641e85b99490 block_header=0x7ffe880b2590 start_nonce=0 count=107374182
[GEN9-EXECUTE] Début: ctx=0x641e85b99490 block_header=0x7ffe880b2590 start_nonce=0 count=107374182
[GEN9-EXECUTE] Début: ctx=0x641e85b99490 block_header=0x7ffe880b2590 start_nonce=0 count=107374182
[GEN9-EXECUTE] Début: ctx=0x641e85b99490 block_header=0x7ffe880b2590 start_nonce=0 count=107374182
[GEN9-EXECUTE] Début: ctx=0x641e85b99490 block_header=0x7ffe880b2590 start_nonce=0 count=107374182
[GEN9-EXECUTE] Début: ctx=0x641e85b99490 block_header=0x7ffe880b2590 start_nonce=0 count=107374182
[GEN9-EXECUTE] Début: ctx=0x641e85b99490 block_header=0x7ffe880b2590 start_nonce=0 count=107374182
c, 403396.95 MH/s
[NX48-C255V11] 🏁 Vitesse de croisière atteinte: batch_size=107374182

[Batch 64/100] batch_size=107374182 (107.37 M nonces)
  ✅ Succès: 0.080 sec, 1336.64 MH/s
[NX48-C255V11] 🏁 Vitesse de croisière atteinte: batch_size=107374182

[Batch 65/100] batch_size=107374182 (107.37 M nonces)
  ✅ Succès: 0.004 sec, 30438.18 MH/s
[NX48-C255V11] 🏁 Vitesse de croisière atteinte: batch_size=107374182

[Batch 66/100] batch_size=107374182 (107.37 M nonces)
  ✅ Succès: 0.002 sec, 51661.64 MH/s
[NX48-C255V11] 🏁 Vitesse de croisière atteinte: batch_size=107374182

[Batch 67/100] batch_size=107374182 (107.37 M nonces)
  ✅ Succès: 0.001 sec, 203255.10 MH/s
[NX48-C255V11] 🏁 Vitesse de croisière atteinte: batch_size=107374182

[Batch 68/100] batch_size=107374182 (107.37 M nonces)
  ✅ Succès: 0.000 sec, 325979.87 MH/s
[NX48-C255V11] 🏁 Vitesse de croisière atteinte: batch_size=107374182

[Batch 69/100] batch_size=107374182 (107.37 M nonces)
  ✅ Succès: 0.000 sec, 398239.69 MH/s
[NX48-C255V11] 🏁 Vitesse de croisière atteinte: batch_size=107374182

[Batch 70/100] batch_size=107374182 (107.37 M nonces)
  ✅ Succès: 0.000 sec, 362135.23 MH/s
[NX48-C255V11] 🏁 Vitesse de croisière atteinte: batch_size=107374182

[Batch 71/100] batch_size=107374182 (107.37 M nonces)
  ✅ Succès: 0.000 sec, 387769.62 MH/s
[NX48-C255V11] 🏁 Vitesse de croisière atteinte: batch_size=107374182

[Batch 72/100] batch_size=107374182 (107.37 M nonces)
  ✅ Succès: 0.000 sec, 409881.44 MH/s
[NX48-C255V11] 🏁 Vitesse de croisière atteinte: batch_size=107374182

[Batch 73/100] batch_size=107374182 (107.37 M nonces)
  ✅ Succès: 0.080 sec, 1343.05 MH/s
[NX48-C255V11] 🏁 Vitesse de croisière atteinte: batch_size=107374182

[Batch 74/100] batch_size=107374182 (107.37 M nonces)
  ✅ Succès: 0.004 sec, 28414.72 MH/s
[NX48-C255V11] 🏁 Vitesse de croisière atteinte: batch_size=107374182

[Batch 75/100] batch_size=107374182 (107.37 M nonces)
  ✅ Succès: 0.002 sec, 51580.79 MH/s
[NX48-C255V11] 🏁 Vitesse de croisière atteinte: batch_size=107374182

[Batch 76/100] batch_size=107374182 (107.37 M nonces)
  ✅ Succès: 0.000 sec, 326217.55 MH/s
[NX48-C255V11] 🏁 Vitesse de croisière atteinte: batch_size=107374182

[Batch 77/100] batch_size=107374182 (107.37 M nonces)
  ✅ Succès: 0.000 sec, 356022.27 MH/s
[NX48-C255V11] 🏁 Vitesse de croisière atteinte: batch_size=107374182

[Batch 78/100] batch_size=107374182 (107.37 M nonces)
  ✅ Succès: 0.000 sec, 353359.14 MH/s
[NX48-C255V11] 🏁 Vitesse de croisière atteinte: batch_size=107374182

[Batch 79/100] batch_size=107374182 (107.37 M nonces)
  ✅ Succès: 0.001 sec, 152353.29 MH/s
[NX48-C255V11] 🏁 Vitesse de croisière atteinte: batch_size=107374182

[Batch 80/100] batch_size=107374182 (107.37 M nonces)
  ✅ Succès: 0.000 sec, 299617.39 MH/s
[NX48-C255V11] 🏁 Vitesse de croisière atteinte: batch_size=107374182

[Batch 81/100] batch_size=107374182 (107.37 M nonces)
  ✅ Succès: 0.000 sec, 365753.25 MH/s
[NX48-C255V11] 🏁 Vitesse de croisière atteinte: batch_size=107374182

[Batch 82/100] batch_size=107374182 (107.37 M nonces)
  ✅ Succès: 0.067 sec, 1613.72 MH/s
[NX48-C255V11] 🏁 Vitesse de croisière atteinte: batch_size=107374182

[Batch 83/100] batch_size=107374182 (107.37 M nonces)
  ✅ Succès: 0.003 sec, 31002.57 MH/s
[NX48-C255V11] 🏁 Vitesse de croisière atteinte: batch_size=107374182

[Batch 84/100] batch_size=107374182 (107.37 M nonces)
  ✅ Succès: 0.002 sec, 48776.94 MH/s
[NX48-C255V11] 🏁 Vitesse de croisière atteinte: batch_size=107374182

[Batch 85/100] batch_size=107374182 (107.37 M nonces)
  ✅ Succès: 0.000 sec, 383928.97 MH/s
[NX48-C255V11] 🏁 Vitesse de croisière atteinte: batch_size=107374182

[Batch 86/100] batch_size=107374182 (107.37 M nonces)
  ✅ Succès: 0.000 sec, 409654.69 MH/s
[NX48-C255V11] 🏁 Vitesse de croisière atteinte: batch_size=107374182

[Batch 87/100] batch_size=107374182 (107.37 M nonces)
  ✅ Succès: 0.000 sec, 405626.42 MH/s
[NX48-C255V11] 🏁 Vitesse de cro[GEN9-EXECUTE] Début: ctx=0x641e85b99490 block_header=0x7ffe880b2590 start_nonce=0 count=107374182
[GEN9-EXECUTE] Début: ctx=0x641e85b99490 block_header=0x7ffe880b2590 start_nonce=0 count=107374182
[GEN9-EXECUTE] Début: ctx=0x641e85b99490 block_header=0x7ffe880b2590 start_nonce=0 count=107374182
[GEN9-EXECUTE] Début: ctx=0x641e85b99490 block_header=0x7ffe880b2590 start_nonce=0 count=107374182
[GEN9-EXECUTE] Début: ctx=0x641e85b99490 block_header=0x7ffe880b2590 start_nonce=0 count=107374182
[GEN9-EXECUTE] Début: ctx=0x641e85b99490 block_header=0x7ffe880b2590 start_nonce=0 count=107374182
[GEN9-EXECUTE] Début: ctx=0x641e85b99490 block_header=0x7ffe880b2590 start_nonce=0 count=107374182
[GEN9-EXECUTE] Début: ctx=0x641e85b99490 block_header=0x7ffe880b2590 start_nonce=0 count=107374182
[GEN9-EXECUTE] Début: ctx=0x641e85b99490 block_header=0x7ffe880b2590 start_nonce=0 count=107374182
[GEN9-EXECUTE] Début: ctx=0x641e85b99490 block_header=0x7ffe880b2590 start_nonce=0 count=107374182
[GEN9-EXECUTE] Début: ctx=0x641e85b99490 block_header=0x7ffe880b2590 start_nonce=0 count=107374182
[GEN9-EXECUTE] Début: ctx=0x641e85b99490 block_header=0x7ffe880b2590 start_nonce=0 count=107374182
[GEN9-EXECUTE] Début: ctx=0x641e85b99490 block_header=0x7ffe880b2590 start_nonce=0 count=107374182
isière atteinte: batch_size=107374182

[Batch 88/100] batch_size=107374182 (107.37 M nonces)
  ✅ Succès: 0.000 sec, 410669.97 MH/s
[NX48-C255V11] 🏁 Vitesse de croisière atteinte: batch_size=107374182

[Batch 89/100] batch_size=107374182 (107.37 M nonces)
  ✅ Succès: 0.000 sec, 410784.66 MH/s
[NX48-C255V11] 🏁 Vitesse de croisière atteinte: batch_size=107374182

[Batch 90/100] batch_size=107374182 (107.37 M nonces)
  ✅ Succès: 0.000 sec, 448347.03 MH/s
[NX48-C255V11] 🏁 Vitesse de croisière atteinte: batch_size=107374182

[Batch 91/100] batch_size=107374182 (107.37 M nonces)
  ✅ Succès: 0.064 sec, 1667.12 MH/s
[NX48-C255V11] 🏁 Vitesse de croisière atteinte: batch_size=107374182

[Batch 92/100] batch_size=107374182 (107.37 M nonces)
  ✅ Succès: 0.004 sec, 30092.42 MH/s
[NX48-C255V11] 🏁 Vitesse de croisière atteinte: batch_size=107374182

[Batch 93/100] batch_size=107374182 (107.37 M nonces)
  ✅ Succès: 0.002 sec, 55781.09 MH/s
[NX48-C255V11] 🏁 Vitesse de croisière atteinte: batch_size=107374182

[Batch 94/100] batch_size=107374182 (107.37 M nonces)
  ✅ Succès: 0.000 sec, 359625.76 MH/s
[NX48-C255V11] 🏁 Vitesse de croisière atteinte: batch_size=107374182

[Batch 95/100] batch_size=107374182 (107.37 M nonces)
  ✅ Succès: 0.000 sec, 364681.21 MH/s
[NX48-C255V11] 🏁 Vitesse de croisière atteinte: batch_size=107374182

[Batch 96/100] batch_size=107374182 (107.37 M nonces)
  ✅ Succès: 0.000 sec, 447943.02 MH/s
[NX48-C255V11] 🏁 Vitesse de croisière atteinte: batch_size=107374182

[Batch 97/100] batch_size=107374182 (107.37 M nonces)
  ✅ Succès: 0.000 sec, 422752.97 MH/s
[NX48-C255V11] 🏁 Vitesse de croisière atteinte: batch_size=107374182

[Batch 98/100] batch_size=107374182 (107.37 M nonces)
  ✅ Succès: 0.000 sec, 357005.95 MH/s
[NX48-C255V11] 🏁 Vitesse de croisière atteinte: batch_size=107374182

[Batch 99/100] batch_size=107374182 (107.37 M nonces)
  ✅ Succès: 0.000 sec, 403257.56 MH/s
[NX48-C255V11] 🏁 Vitesse de croisière atteinte: batch_size=107374182

[Batch 100/100] batch_size=107374182 (107.37 M nonces)
  ✅ Succès: 0.066 sec, 1615.33 MH/s
[NX48-C255V11] 🏁 Vitesse de croisière atteinte: batch_size=107374182

═══════════════════════════════════════════════════════════════
║  MÉTRIQUES FINALES C258 — ALLOCATION DYNAMIQUE 3GB          ║
═══════════════════════════════════════════════════════════════

Résultats:
  - Dispatches réussis: 100/100 (100.0%)
  - Crashes: 0
  - Batch size final: 107374182 (107.37 M nonces)
  - Contextes GPU: 2

Performance:
  - Total nonces: 9905006146 (9905.01 M)
  - Temps total: 0.924 sec
  - Hashrate moyen: 10716.37 MH/s
  - Temps moyen/dispatch: 0.009 sec

╔════════════════════════════════════════════════════════════╗
║  ✅ TEST RÉUSSI — ALLOCATION DYNAMIQUE 3GB FONCTIONNELLE   ║
║  Détection RAM système + formule OpenCL (75%, max 4GB)    ║
║  Progression adaptative 256K → Maximum GPU                ║
╚════════════════════════════════════════════════════════════╝

✅ Exécution terminée
📊 Log sauvegardé dans logs/
