[17213.072559067] 🚀 TEST C453 - VALIDATION STORE avec VM
[17213.072632507] ✅ DRM ouvert: fd=5
[17213.072643557] ✅ C453: VM créée: id=1
[17213.072646823] ✅ Contexte GPU créé: id=1
[17213.072649228] ✅ C453: VM associée au contexte
[17213.072932891] ✅ Kernel chargé: 3896 bytes
[17213.072946211] ✅ GEM buffer créé: handle=1 size=3896
[17213.072990495] ✅ Données écrites: 3896 bytes
[17213.072997853] ✅ GEM buffer créé: handle=2 size=1028
[17213.073039222] ✅ Buffer mappé: 0x7670e9898000
[17213.073067175] ✅ Buffer mappé: 0x7670e97fd000
[17213.073098867] ✅ Buffer mappé: 0x7670e97fc000
[17213.073122043] ✅ Buffer mappé: 0x7670e97fb000
[17213.073135205] 🔧 C439: Configuration SSH Layout Intel
[17213.073143209]    BTI[0] = 64 (offset Surface State)
[17213.073144260] ✅ C439: SSH Layout Intel configuré:
[17213.073144984]    Binding Table @ offset 0: BTI[0]=64
[17213.073145666]    Surface State @ offset 64:
[17213.073146267]      Size=1028 → Aligned=1028
[17213.073147012]      Width=1028, Height=1, Depth=1
[17213.073147742]      DW0=0x0007FC00 (VAlign=4, Format=RAW)
[17213.073148752]      DW1=0x00000003 (MOCS=CACHED_L3)
[17213.073149579]      DW6=0x00000008 (Coherency=GPU_COHERENT)
[17213.073155217] ✅ Interface Descriptor configuré
[17213.073156188] 🔍 C445: IDD Dump:
[17213.073156942]    IDD[0] = 0x00000000 (Kernel Start Pointer)
[17213.073157903]    IDD[2] = 0x00010100 (Barrier=1, Threads=256)
[17213.073158688]    IDD[3] = 0x00010000 (BTI Count=1, BTI Ptr=0)
[17213.073159535]    IDD[4] = 0x00400000 (CURBE Length=64 bytes)
[17213.073160310] 🔍 C445: CURBE Dump (premiers 16 DWORDs):
[17213.073160913]    [r0] 0x00000000 0x00000000 0x00000000 0x00000000 
[17213.073164030]    [r1] 0x00000100 0x00000001 0x00000001 0x00000000 
[17213.073165006]    [r2] 0x00000000 0x00000000 0x00000000 0x00000000 
[17213.073165968]    [r3] 0x00000000 0x00000000 0x00000000 0x00000000 
[17213.073171643] 🔧 C443: Programmation MEDIA_VFE_STATE (position correcte)...
[17213.073172719] ✅ C443: MEDIA_VFE_STATE programmé (Max Threads: 168, URB: 64)
[17213.073173510] ✅ C433: MEDIA_CURBE_LOAD ajouté
[17213.073174221] ✅ C433: MEDIA_STATE_FLUSH ajouté
[17213.073175348] ✅ Batch buffer construit: 63 DWORDs
[17213.073176245] 🔍 C444: Dump batch buffer (premiers 32 DWORDs):
[17213.073176970]    [00-03] 0x00000000 0x00000000 0x00000000 0x00000000 
[17213.073178176]    [04-07] 0x69040100 0x00000001 0x6101000E 0x00000001 
[17213.073179395]    [08-11] 0x00000000 0x00000003 0x00000000 0x00000003 
[17213.073180568]    [12-15] 0x00000000 0x00000003 0x00000000 0x00000003 
[17213.073181699]    [16-19] 0x00000000 0x00000003 0x00000000 0x00000001 
[17213.073182754]    [20-23] 0x00000000 0x00000003 0x70000007 0x00000000 
[17213.073183892]    [24-27] 0x00000000 0x00A84000 0x00000000 0x00000201 
[17213.073185155]    [28-31] 0x00000000 0x00000000 0x00000000 0x70010002 
[17213.073186478] ⚡ Soumission batch buffer...
[17213.073187195] 🔍 C444 FORENSIC: EXECBUFFER2 params:
[17213.073187919]    buffers_ptr = 0x00007FFE163F59B0
[17213.073189016]    buffer_count = 6
[17213.073189819]    batch_len = 252 bytes (63 DWORDs)
[17213.073190710]    flags = 0x00000001
[17213.073191507]    rsvd1 (ctx_id) = 1
[17213.073192174]    batch_start_offset = 0
[17213.073193087] 🔍 C444: exec_objects[5] (batch):
[17213.073193811]    handle = 6
[17213.073194538]    relocation_count = 4
[17213.073195322]    relocs_ptr = 0x00007FFE163F5930
[17213.073196200]    alignment = 0
[17213.073196967]    offset = 0x0000000000000000
[17213.073197698]    flags = 0x0000000000000000
[17213.073199962] ❌ Erreur EXECBUFFER2: Invalid argument
