[12195.961625760] 🚀 TEST C433 - VALIDATION STORE avec DISPATCH COMPLET
[12195.964205056] ✅ DRM ouvert: fd=5
[12195.964925666] ✅ Contexte GPU créé: id=1
[12195.967514278] ✅ Kernel chargé: 2696 bytes
[12195.968227093] ✅ GEM buffer créé: handle=1 size=2696
[12195.969699741] ✅ Données écrites: 2696 bytes
[12195.970385965] ✅ GEM buffer créé: handle=2 size=1028
[12195.970490105] ✅ Buffer mappé: 0x7db77c8bf000
[12195.970548915] ✅ GEM buffer créé: handle=3 size=4096
[12195.970600295] ✅ Buffer mappé: 0x7db77c824000
[12195.970633508] ✅ GEM buffer créé: handle=4 size=4096
[12195.970686309] ✅ Buffer mappé: 0x7db77c823000
[12195.970724245] ✅ GEM buffer créé: handle=5 size=4096
[12195.970755004] ✅ GEM buffer créé: handle=6 size=4096
[12195.970795743] ✅ Buffer mappé: 0x7db77c822000
[12195.971029161] ✅ Surface State INTEL configuré:
[12195.971039655]    Size=1028 → Aligned=1028
[12195.971041455]    Width=1028, Height=1, Depth=1 (encodé)
[12195.971043056]    DW0=0x0008ff80 (VAlign=VALIGN_4, Format=RAW)
[12195.971045169]    DW1=0x00000003 (MOCS=CACHED_L3)
[12195.971046674]    DW6=0x00000008 (Coherency=GPU_COHERENT)
[12195.971056223] ✅ Interface Descriptor configuré
[12195.971062935] ✅ C433: MEDIA_CURBE_LOAD ajouté
[12195.971064924] ✅ C433: MEDIA_STATE_FLUSH ajouté
[12195.971066475] ✅ Batch buffer construit: 66 DWORDs
[12195.971067909] ⚡ Soumission batch buffer...
[12195.972316229] ✅ Batch buffer soumis avec succès
[12195.972378083] 🔍 VALIDATION RÉSULTATS
[12195.972402487] ⏳ Attente GPU idle...
[12195.976049913] ✅ GPU idle confirmé
[12195.977513483] ✅ Domaine CPU activé
[12195.977530167] 📊 output[0] = 0x00000000 (attendu: 0x12345678)
[12195.977533345] ❌ TEST ABSOLU ÉCHOUÉ: output[0] != 0x12345678
[12195.977534732] 🔍 Dump premiers 16 uint32_t:
[12195.977535941]    output[0] = 0x00000000
[12195.977537693]    output[1] = 0x00000000
[12195.977539208]    output[2] = 0x00000000
[12195.977540506]    output[3] = 0x00000000
[12195.977541761]    output[4] = 0x00000000
[12195.977543123]    output[5] = 0x00000000
[12195.977544398]    output[6] = 0x00000000
[12195.977545658]    output[7] = 0x00000000
[12195.977546917]    output[8] = 0x00000000
[12195.977548105]    output[9] = 0x00000000
[12195.977549564]    output[10] = 0x00000000
[12195.977551001]    output[11] = 0x00000000
[12195.977552397]    output[12] = 0x00000000
[12195.977553717]    output[13] = 0x00000000
[12195.977554972]    output[14] = 0x00000000
[12195.977556223]    output[15] = 0x00000000
[12195.977557519] ❌ TEST C433 ÉCHOUÉ
