
╔════════════════════════════════════════════════════════════════╗
║  TEST C533 - KERNEL FONCTIONNEL (ROOT CAUSE #38)            ║
╚════════════════════════════════════════════════════════════════╝

ROOT CAUSE #38: Le kernel C491 était DÉFECTUEUX
Solution: Utiliser le kernel C532 extrait d'OpenCL qui fonctionne
Kernel C532: 2952 bytes, testé avec OpenCL = SUCCESS

[1/15] Ouverture /dev/dri/renderD128...
  ✓ DRM ouvert (fd=5)

[2/15] Initialisation libdrm_intel...
  ✓ Buffer manager initialisé

[3/15] Allocation buffers...
  ✓ 6 buffers alloués

[4/15] Initialisation output + kernel FONCTIONNEL C532...
  ✓ Output et kernel FONCTIONNEL initialisés (2952 bytes)

[5/15] PASS 1: Résolution offsets i915...
  ✅ PASS 1 RÉUSSI

[6/15] Lecture offsets i915...
  ✓ OFFSETS i915:
    surface_state: 0x0000000000000000
    dynamic_state: 0x0000000000001000
    idrt:          0x0000000000002000
    kernel:        0x0000000000003000
    output:        0x0000000000004000
    batch:         0x0000000000005000

[7/15] Chargement buffers OpenCL depuis dumps...
  ✓ Buffers OpenCL chargés

[8/15] Patch output address dans Surface State...
  ✓ Output address patché: 0x0000000000004000

[9/15] Patch kernel pointer dans IDRT...
  ✓ Kernel pointer patché: 0x0000000000003000

[10/15] Copie batch OpenCL EXACT (320 bytes)...
  ✓ Batch OpenCL copié et patché

[11/15] REMPLIR DIMENSIONS WALKER (ROOT CAUSE #36)...
  ✓ Dimensions WALKER remplies:
    Thread Width  = 1
    Thread Height = 1
    Thread Depth  = 1
    Thread Groups = 1 x 1 x 1
    Execution Masks = 0xFFFFFFFF

[12/15] Construction exec_objects final...
  ✓ 10 exec_objects configurés

[13/15] PASS 2: Soumission batch AVEC DIMENSIONS...
  🔧 PASS 2 - WALKER AVEC DIMENSIONS:
     Batch: Copie exacte OpenCL
     Walker: Dimensions 1x1x1 remplies
     Thread Groups: 1x1x1

  ✅✅✅ PASS 2 RÉUSSI! ✅✅✅

[14/15] Attente GPU...
  ✓ GPU terminé

[15/15] VÉRIFICATION RÉSULTAT GPU NATIF...
═══════════════════════════════════════════════════════════════
output[0] = 0xFFFFFFFF (attendu: 0x12345678)
output[1] = 0xFFFFFFFF
output[2] = 0xFFFFFFFF
output[3] = 0xFFFFFFFF

[RÉSULTAT FINAL]
  ⚠️  Debug supplémentaire requis
