[sudo] password for lvx: [C573-FORENSIC][21545.384070865] ═══════════════════════════════════════════════════════
[C573-FORENSIC][21545.384168944] TEST C573 - SOLUTION FINALE ROOT CAUSES #83-#85
[C573-FORENSIC][21545.384175632] ═══════════════════════════════════════════════════════
[C573-FORENSIC][21545.384178825] Stratégie: Allocation individuelle buffers (OpenCL-like)
[C573-FORENSIC][21545.384182537] ═══════════════════════════════════════════════════════
[C573-FORENSIC][21545.384185377] Ouverture /dev/dri/renderD128
[C573-FORENSIC][21545.384464613] DRM fd=5 ouvert avec succès
[C573-FORENSIC][21545.384475059] ═══════════════════════════════════════════════════════
[C573-FORENSIC][21545.384478761] PASS 0a: ALLOCATION GTT OUTPUT SEUL
[C573-FORENSIC][21545.384481899] ═══════════════════════════════════════════════════════
[C573-FORENSIC][21545.384485237] Création buffer GEM size=4096
[C573-FORENSIC][21545.384534677] Buffer GEM créé: handle=1 size=4096
[C573-FORENSIC][21545.384573668] Output initialisé à 0
[C573-FORENSIC][21545.384578267] Soumission output seul (handle=1)
[C573-ERROR][21545.384629068] Échec EXECBUFFER2 PASS 0a: Invalid argument
[C573-FORENSIC][21545.384665653] Nettoyage ressources
[C573-FORENSIC][21545.384696287] Output handle fermé
[C573-FORENSIC][21545.384751150] DRM fd fermé
[C573-FORENSIC][21545.384756760] ═══════════════════════════════════════════════════════
[C573-FORENSIC][21545.384759933] TEST C573 TERMINÉ
[C573-FORENSIC][21545.384763700] ═══════════════════════════════════════════════════════
[C573-FORENSIC][21545.384767079] Durée totale: 0.000571 ms
[C573-FORENSIC][21545.384772304] Code retour: -1
