[sudo] password for lvx: [C573-FORENSIC][21399.460346930] ═══════════════════════════════════════════════════════
[C573-FORENSIC][21399.460379757] TEST C573 - SOLUTION FINALE ROOT CAUSES #83-#85
[C573-FORENSIC][21399.460382367] ═══════════════════════════════════════════════════════
[C573-FORENSIC][21399.460383947] Stratégie: Allocation individuelle buffers (OpenCL-like)
[C573-FORENSIC][21399.460385570] ═══════════════════════════════════════════════════════
[C573-FORENSIC][21399.460387105] Ouverture /dev/dri/renderD128
[C573-FORENSIC][21399.460581826] DRM fd=5 ouvert avec succès
[C573-FORENSIC][21399.460591272] ═══════════════════════════════════════════════════════
[C573-FORENSIC][21399.460593248] PASS 0a: ALLOCATION GTT OUTPUT SEUL
[C573-FORENSIC][21399.460594909] ═══════════════════════════════════════════════════════
[C573-FORENSIC][21399.460596557] Création buffer GEM size=4096
[C573-FORENSIC][21399.460619017] Buffer GEM créé: handle=1 size=4096
[C573-FORENSIC][21399.460635941] Output initialisé à 0
[C573-FORENSIC][21399.460637869] Soumission output seul (handle=1)
[C573-ERROR][21399.460752005] Échec EXECBUFFER2 PASS 0a: Invalid argument
[C573-FORENSIC][21399.460772189] Nettoyage ressources
[C573-FORENSIC][21399.460794275] Output handle fermé
[C573-FORENSIC][21399.460837735] DRM fd fermé
[C573-FORENSIC][21399.460840874] ═══════════════════════════════════════════════════════
[C573-FORENSIC][21399.460842627] TEST C573 TERMINÉ
[C573-FORENSIC][21399.460844348] ═══════════════════════════════════════════════════════
[C573-FORENSIC][21399.460845889] Durée totale: 0.000453 ms
[C573-FORENSIC][21399.460848399] Code retour: -1
