[10917.245306546] 🚀 TEST C433 - VALIDATION STORE avec DISPATCH COMPLET
[10917.245380562] ✅ DRM ouvert: fd=5
[10917.245388459] ✅ Contexte GPU créé: id=1
[10917.246246324] ✅ Kernel chargé: 4232 bytes
[10917.246267053] ✅ GEM buffer créé: handle=1 size=4232
[10917.246279699] ✅ Données écrites: 4232 bytes
[10917.246284238] ✅ GEM buffer créé: handle=2 size=1028
[10917.246304374] ✅ Buffer mappé: 0x7c7fdc7b6000
[10917.246314414] ✅ GEM buffer créé: handle=3 size=4096
[10917.246324865] ✅ Buffer mappé: 0x7c7fdc71b000
[10917.246328963] ✅ GEM buffer créé: handle=4 size=4096
[10917.246342197] ✅ Buffer mappé: 0x7c7fdc71a000
[10917.246346298] ✅ GEM buffer créé: handle=5 size=4096
[10917.246353573] ✅ GEM buffer créé: handle=6 size=4096
[10917.246369498] ✅ Buffer mappé: 0x7c7fdc719000
[10917.246378034] ✅ Surface State configuré: size=1028
[10917.246381313] ✅ Interface Descriptor configuré
[10917.246384275] ✅ C433: MEDIA_CURBE_LOAD ajouté
[10917.246384898] ✅ C433: MEDIA_STATE_FLUSH ajouté
[10917.246385529] ✅ Batch buffer construit: 66 DWORDs
[10917.246386258] ⚡ Soumission batch buffer...
[10917.246716048] ✅ Batch buffer soumis avec succès
[10917.246721256] 🔍 VALIDATION RÉSULTATS
[10917.246722180] ⏳ Attente GPU idle...
[10917.249357579] ✅ GPU idle confirmé
[10917.249379043] ✅ Domaine CPU activé
[10917.249380282] 📊 output[0] = 0x00000000 (attendu: 0x12345678)
[10917.249381486] ❌ TEST ABSOLU ÉCHOUÉ: output[0] != 0x12345678
[10917.249382352] 🔍 Dump premiers 16 uint32_t:
[10917.249382905]    output[0] = 0x00000000
[10917.249383799]    output[1] = 0x00000000
[10917.249384518]    output[2] = 0x00000000
[10917.249385114]    output[3] = 0x00000000
[10917.249385808]    output[4] = 0x00000000
[10917.249386403]    output[5] = 0x00000000
[10917.249389109]    output[6] = 0x00000000
[10917.249389791]    output[7] = 0x00000000
[10917.249390401]    output[8] = 0x00000000
[10917.249390994]    output[9] = 0x00000000
[10917.249391579]    output[10] = 0x00000000
[10917.249392238]    output[11] = 0x00000000
[10917.249392921]    output[12] = 0x00000000
[10917.249393522]    output[13] = 0x00000000
[10917.249394137]    output[14] = 0x00000000
[10917.249394741]    output[15] = 0x00000000
[10917.249395360] ❌ TEST C433 ÉCHOUÉ
