════════════════════════════════════════════════════════════════
  TEST C502 - TOUTES CORRECTIONS MULTI-RAPPORTS
════════════════════════════════════════════════════════════════

[1/5] Compilation test_c502_all_fixes.c...
/home/lvx/LVX/lumvorax2/src/advanced_calculations/bitcoin_quantum_mining/level_zero_native/tests/test_c502_all_fixes.c: In function ‘main’:
/home/lvx/LVX/lumvorax2/src/advanced_calculations/bitcoin_quantum_mining/level_zero_native/tests/test_c502_all_fixes.c:79:52: warning: format ‘%llx’ expects argument of type ‘long long unsigned int’, but argument 3 has type ‘uint64_t’ {aka ‘long unsigned int’} [-Wformat=]
   79 |     printf("  ✓ batch_bo:   %zu bytes (GTT 0x%016llx)\n", batch_bo->size, batch_bo->offset64);
      |                                              ~~~~~~^                      ~~~~~~~~~~~~~~~~~~
      |                                                    |                              |
      |                                                    long long unsigned int         uint64_t {aka long unsigned int}
      |                                              %016lx
/home/lvx/LVX/lumvorax2/src/advanced_calculations/bitcoin_quantum_mining/level_zero_native/tests/test_c502_all_fixes.c:80:52: warning: format ‘%llx’ expects argument of type ‘long long unsigned int’, but argument 3 has type ‘uint64_t’ {aka ‘long unsigned int’} [-Wformat=]
   80 |     printf("  ✓ output_bo:  %zu bytes (GTT 0x%016llx)\n", output_bo->size, output_bo->offset64);
      |                                              ~~~~~~^                       ~~~~~~~~~~~~~~~~~~~
      |                                                    |                                |
      |                                                    long long unsigned int           uint64_t {aka long unsigned int}
      |                                              %016lx
/home/lvx/LVX/lumvorax2/src/advanced_calculations/bitcoin_quantum_mining/level_zero_native/tests/test_c502_all_fixes.c:81:52: warning: format ‘%llx’ expects argument of type ‘long long unsigned int’, but argument 3 has type ‘uint64_t’ {aka ‘long unsigned int’} [-Wformat=]
   81 |     printf("  ✓ aux_buf_bo: %zu bytes (GTT 0x%016llx)\n", aux_buf_bo->size, aux_buf_bo->offset64);
      |                                              ~~~~~~^                        ~~~~~~~~~~~~~~~~~~~~
      |                                                    |                                  |
      |                                                    long long unsigned int             uint64_t {aka long unsigned int}
      |                                              %016lx
/home/lvx/LVX/lumvorax2/src/advanced_calculations/bitcoin_quantum_mining/level_zero_native/tests/test_c502_all_fixes.c:82:52: warning: format ‘%llx’ expects argument of type ‘long long unsigned int’, but argument 3 has type ‘uint64_t’ {aka ‘long unsigned int’} [-Wformat=]
   82 |     printf("  ✓ kernel_bo:  %zu bytes (GTT 0x%016llx)\n", kernel_bo->size, kernel_bo->offset64);
      |                                              ~~~~~~^                       ~~~~~~~~~~~~~~~~~~~
      |                                                    |                                |
      |                                                    long long unsigned int           uint64_t {aka long unsigned int}
      |                                              %016lx
  ✓ Compilation réussie

[2/5] Nettoyage dmesg...
  ✓ dmesg nettoyé

[3/5] Exécution test C502...
  Corrections appliquées:
    #1: GPGPU_WALKER DW4 ThreadWidth=7 (C501)
    #2: MEDIA_INTERFACE_DESCRIPTOR_LOAD présent (C431)
    #3: GEM_WAIT + GEM_SET_DOMAIN (C427)


╔════════════════════════════════════════════════════════════════╗
║  TEST C502 - TOUTES CORRECTIONS MULTI-RAPPORTS APPLIQUÉES     ║
╚════════════════════════════════════════════════════════════════╝

ROOT CAUSES CORRIGÉES:
  #1: GPGPU_WALKER DW4 ThreadWidth=7 (C501)
  #2: MEDIA_INTERFACE_DESCRIPTOR_LOAD présent (C431)
  #3: GEM_WAIT + GEM_SET_DOMAIN synchronisation (C427)

[1/10] Ouverture /dev/dri/renderD128...
  ✓ DRM ouvert (fd=5)

[2/10] Initialisation libdrm_intel...
  ✓ Buffer manager initialisé

[3/10] Allocation buffers GPU...
  ✓ batch_bo:   16384 bytes (GTT 0x0000000000000000)
  ✓ output_bo:  4096 bytes (GTT 0x0000000000000000)
  ✓ aux_buf_bo: 65536 bytes (GTT 0x0000000000000000)
  ✓ kernel_bo:  4096 bytes (GTT 0x0000000000000000)

[4/10] Initialisation output buffer...
  ✓ Output initialisé à 0xFFFFFFFF

[5/10] Copie kernel ISA OpenCL Gen9...
  ✓ Kernel ISA OpenCL copié: 3192 bytes
  ✓ Kernel VALIDÉ en C489 avec OpenCL

[6/10] Configuration Binding Table (Beignet)...
  ✓ Binding Table configurée
  ✓ Surface State Gen7 configurée
  ✓ Relocation enregistrée

[7/10] Configuration Interface Descriptor...
  ✓ Interface Descriptor configuré
  ✓ Relocation kernel enregistrée

[8/10] Construction batch GPGPU COMPLET...
  ✓ Modification GPGPU_WALKER pour SIMD32 + ThreadWidth=7...
    GPGPU_WALKER trouvé à offset 0x9c
    DW4 AVANT: 0x0000003f
    DW4 APRÈS: 0x80000007 (SIMD32 + ThreadWidth=7)
    ✅ CORRECTION C501 APPLIQUÉE!
  ✓ Batch construit: 256 bytes
  ✓ PIPE_CONTROL
  ✓ PIPELINE_SELECT GPGPU
  ✓ STATE_BASE_ADDRESS + relocations
  ✓ MEDIA_VFE_STATE
  ✓ MEDIA_CURBE_LOAD
  ✓ MEDIA_INTERFACE_DESCRIPTOR_LOAD (✅ C431 - CURBE chargé!)
  ✓ GPGPU_WALKER (✅ C502 - SIMD32 + ThreadWidth=7)
  ✓ MEDIA_STATE_FLUSH
  ✓ PIPE_CONTROL
  ✓ MI_BATCH_BUFFER_END

[9/10] Soumission EXECBUFFER2...
  ✓ Context créé
  ✓✓✓ EXECBUFFER2 SUCCÈS! ✓✓✓

  ✓ Synchronisation GPU→CPU (C427)...
    ✓ GEM_WAIT succès - GPU idle
    ✓ GEM_SET_DOMAIN succès - Domaine CPU synchronisé
  ✅ CORRECTION C427 APPLIQUÉE!

[10/10] Vérification résultat GPU NATIF...

=== RÉSULTATS GPU NATIF i915 DRM ===
Output[0] = 0xffffffff ❌ INCHANGÉ
Output[1] = 0xffffffff ❌ INCHANGÉ
Output[2] = 0xffffffff ❌ INCHANGÉ
Output[3] = 0xffffffff ❌ INCHANGÉ

=== RÉSUMÉ C502 ===
Durée totale: 686.505 ms
EXECBUFFER2: ✓ SUCCÈS
Batch: GPGPU COMPLET (Beignet)
Kernel: ISA Gen9 OpenCL (validé C489)
Relocations: Automatiques (libdrm_intel)

CORRECTIONS APPLIQUÉES:
  ✅ #1: GPGPU_WALKER DW4 ThreadWidth=7 (C501)
  ✅ #2: MEDIA_INTERFACE_DESCRIPTOR_LOAD présent (C431)
  ✅ #3: GEM_WAIT + GEM_SET_DOMAIN (C427)

❌ Pas de modification - Vérifier dmesg
→ Possible GPU HANG - Analyser dmesg

[4/5] Capture dmesg...
  ✓ dmesg capturé: /home/lvx/LVX/lumvorax2/src/advanced_calculations/bitcoin_quantum_mining/level_zero_native/logs/forensic/dmesg_c502_20260524_232322.log

[5/5] Analyse résultat...

❌ Test terminé avec erreur (code 1)

Logs sauvegardés:
  - Exécution: /home/lvx/LVX/lumvorax2/src/advanced_calculations/bitcoin_quantum_mining/level_zero_native/logs/execution_c502_all_fixes_20260524_232322.log
  - dmesg: /home/lvx/LVX/lumvorax2/src/advanced_calculations/bitcoin_quantum_mining/level_zero_native/logs/forensic/dmesg_c502_20260524_232322.log
