[11264.611986901] 🚀 TEST C433 - VALIDATION STORE avec DISPATCH COMPLET
[11264.612069581] ✅ DRM ouvert: fd=5
[11264.612078789] ✅ Contexte GPU créé: id=1
[11264.612185304] ✅ Kernel chargé: 3680 bytes
[11264.612199566] ✅ GEM buffer créé: handle=1 size=3680
[11264.612211556] ✅ Données écrites: 3680 bytes
[11264.612216829] ✅ GEM buffer créé: handle=2 size=1028
[11264.612238500] ✅ Buffer mappé: 0x775495b0b000
[11264.612250564] ✅ GEM buffer créé: handle=3 size=4096
[11264.612262234] ✅ Buffer mappé: 0x775495a70000
[11264.612267025] ✅ GEM buffer créé: handle=4 size=4096
[11264.612281556] ✅ Buffer mappé: 0x775495a6f000
[11264.612286007] ✅ GEM buffer créé: handle=5 size=4096
[11264.612289733] ✅ GEM buffer créé: handle=6 size=4096
[11264.612298339] ✅ Buffer mappé: 0x775495a6e000
[11264.612304234] ✅ Surface State configuré: size=1028
[11264.612307666] ✅ Interface Descriptor configuré
[11264.612310719] ✅ C433: MEDIA_CURBE_LOAD ajouté
[11264.612311394] ✅ C433: MEDIA_STATE_FLUSH ajouté
[11264.612312076] ✅ Batch buffer construit: 66 DWORDs
[11264.612312926] ⚡ Soumission batch buffer...
[11264.612678582] ✅ Batch buffer soumis avec succès
[11264.612681903] 🔍 VALIDATION RÉSULTATS
[11264.612682609] ⏳ Attente GPU idle...
[11264.615133697] ✅ GPU idle confirmé
[11264.615157759] ✅ Domaine CPU activé
[11264.615159094] 📊 output[0] = 0x00000000 (attendu: 0x12345678)
[11264.615161009] ❌ TEST ABSOLU ÉCHOUÉ: output[0] != 0x12345678
[11264.615161994] 🔍 Dump premiers 16 uint32_t:
[11264.615162835]    output[0] = 0x00000000
[11264.615163913]    output[1] = 0x00000000
[11264.615164866]    output[2] = 0x00000000
[11264.615165606]    output[3] = 0x00000000
[11264.615166259]    output[4] = 0x00000000
[11264.615167009]    output[5] = 0x00000000
[11264.615167628]    output[6] = 0x00000000
[11264.615168416]    output[7] = 0x00000000
[11264.615169403]    output[8] = 0x00000000
[11264.615170285]    output[9] = 0x00000000
[11264.615171110]    output[10] = 0x00000000
[11264.615171873]    output[11] = 0x00000000
[11264.615172536]    output[12] = 0x00000000
[11264.615173155]    output[13] = 0x00000000
[11264.615173834]    output[14] = 0x00000000
[11264.615174544]    output[15] = 0x00000000
[11264.615175424] ❌ TEST C433 ÉCHOUÉ
