[16841.826234633] 🚀 TEST C433 - VALIDATION STORE avec DISPATCH COMPLET
[16841.826309487] ✅ DRM ouvert: fd=5
[16841.826316036] ✅ Contexte GPU créé: id=1
[16841.826588300] ✅ Kernel chargé: 3896 bytes
[16841.826599592] ✅ GEM buffer créé: handle=1 size=3896
[16841.826613550] ✅ Données écrites: 3896 bytes
[16841.826617039] ✅ GEM buffer créé: handle=2 size=1028
[16841.826629698] ✅ Buffer mappé: 0x7f7a5218b000
[16841.826637719] ✅ GEM buffer créé: handle=3 size=4096
[16841.826645315] ✅ Buffer mappé: 0x7f7a520f0000
[16841.826648845] ✅ GEM buffer créé: handle=4 size=4096
[16841.826660000] ✅ Buffer mappé: 0x7f7a520ef000
[16841.826663781] ✅ GEM buffer créé: handle=5 size=4096
[16841.826666455] ✅ GEM buffer créé: handle=6 size=4096
[16841.826672603] ✅ Buffer mappé: 0x7f7a520ee000
[16841.826676623] 🔧 C439: Configuration SSH Layout Intel
[16841.826677206]    BTI[0] = 64 (offset Surface State)
[16841.826677842] ✅ C439: SSH Layout Intel configuré:
[16841.826678326]    Binding Table @ offset 0: BTI[0]=64
[16841.826678846]    Surface State @ offset 64:
[16841.826679309]      Size=1028 → Aligned=1028
[16841.826679967]      Width=1028, Height=1, Depth=1
[16841.826680785]      DW0=0x0007fc00 (VAlign=4, Format=RAW)
[16841.826681625]      DW1=0x00000003 (MOCS=CACHED_L3)
[16841.826682221]      DW6=0x00000008 (Coherency=GPU_COHERENT)
[16841.826684658] ✅ Interface Descriptor configuré
[16841.826685203] 🔍 C445: IDD Dump:
[16841.826685711]    IDD[0] = 0x00000000 (Kernel Start Pointer)
[16841.826686314]    IDD[2] = 0x00010100 (Barrier=1, Threads=256)
[16841.826687137]    IDD[3] = 0x00010000 (BTI Count=1, BTI Ptr=0)
[16841.826687806]    IDD[4] = 0x00400000 (CURBE Length=64 bytes)
[16841.826688415] 🔍 C445: CURBE Dump (premiers 16 DWORDs):

   [r0] 0x00000000 0x00000000 0x00000000 0x00000000 
   [r1] 0x00000100 0x00000001 0x00000001 0x00000000 
   [r2] 0x00000000 0x00000000 0x00000000 0x00000000 
   [r3] 0x00000000 0x00000000 0x00000000 0x00000000 
[16841.826699036] 🔧 C443: Programmation MEDIA_VFE_STATE (position correcte)...
[16841.826699749] ✅ C443: MEDIA_VFE_STATE programmé (Max Threads: 168, URB: 64)
[16841.826700251] ✅ C433: MEDIA_CURBE_LOAD ajouté
[16841.826700804] ✅ C433: MEDIA_STATE_FLUSH ajouté
[16841.826701432] ✅ Batch buffer construit: 64 DWORDs
[16841.826701993] 🔍 C444: Dump batch buffer (premiers 32 DWORDs):

   [00-03] 0x00000000 0x00000000 0x00000000 0x00000000 
   [04-07] 0x69040001 0x61010011 0x00000031 0x00000000 
   [08-11] 0x00030000 0x00000031 0x00000000 0x00000031 
   [12-15] 0x00000000 0x00000031 0x00000000 0x00000031 
   [16-19] 0x00000000 0xFFFFF001 0xFFFFF001 0xFFFFF001 
   [20-23] 0xFFFFF001 0x00000031 0x00000000 0xFFFFF000 
   [24-27] 0x70000006 0x00000000 0x00000000 0x004000A8 
   [28-31] 0x00000000 0x00020001 0x00000000 0x00000000 
[16841.826719408] ⚡ Soumission batch buffer...
[16841.826719940] 🔍 C444 FORENSIC: EXECBUFFER2 params:
[16841.826720528]    buffers_ptr = 0x00007ffc8089a9a0
[16841.826721295]    buffer_count = 6
[16841.826721871]    batch_len = 256 bytes (64 DWORDs)
[16841.826722463]    flags = 0x00000001
[16841.826723035]    rsvd1 (ctx_id) = 1
[16841.826723602]    batch_start_offset = 0
[16841.826724340] 🔍 C444: exec_objects[5] (batch):
[16841.826724842]    handle = 6
[16841.826725395]    relocation_count = 4
[16841.826725926]    relocs_ptr = 0x00007ffc8089a8e0
[16841.826726492]    alignment = 0
[16841.826727043]    offset = 0x0000000000000000
[16841.826727612]    flags = 0x0000000000000000
[16841.826960333] ✅ Batch buffer soumis avec succès
[16841.826962159] 🔍 C447: CURBE POST-RELOCATION (après EXECBUFFER2):

   [r0] 0x00000000 0x00000000 0x00000000 0x00000000 
   [r1] 0x00000100 0x00000001 0x00000001 0x00000000 
   [r2] 0x00001000 0x00000000 0x00000000 0x00000000 
   [r3] 0x00000000 0x00000000 0x00000000 0x00000000 
[16841.826971022]    r8 (64-bit pointer) = 0x0000000000001000
[16841.826971758] 🔍 C447: Output BO GPU address:
[16841.826972278]    exec_objects[1].offset = 0x0000000000001000
[16841.826972938] ✅ C447: CURBE r8 = output_bo address (relocation OK!)
[16841.826974204]    → Problème ailleurs (cache coherency? surface state?)
[16841.826974695] 🔍 C448: SSH POST-RELOCATION:
[16841.826975178]    Binding Table:
[16841.826975675]      BTI[0] = 64 (offset vers Surface State)
[16841.826976231]    Surface State @ offset 64:

     DW00-03: 0x0007FC00 0x00000003 0x00010404 0x00000001 
     DW04-07: 0x00000000 0x00000000 0x00000008 0x00000FAC 
     DW08-11: 0x00001000 0x00000000 0x00000000 0x00000000 
     DW12-15: 0x00000000 0x00000000 0x00000000 0x00000000 
[16841.826985551]    Base Address (DW8-9) = 0x0000000000001000
[16841.826986163]    Expected (output_bo) = 0x0000000000001000
[16841.826986724] ✅ C448: Surface State Base Address OK!
[16841.826987423]    → Problème ailleurs (format? coherency?)
[16841.826988127] 🔍 VALIDATION RÉSULTATS
[16841.826988701] ⏳ Attente GPU idle...
[16842.530643707] ✅ GPU idle confirmé
[16842.530669021] ✅ Domaine CPU activé
[16842.530670153] 📊 output[0] = 0x00000000 (attendu: 0x12345678)
[16842.530671301] ❌ TEST ABSOLU ÉCHOUÉ: output[0] != 0x12345678
[16842.530672341] 🔍 Dump premiers 16 uint32_t:
[16842.530672834]    output[0] = 0x00000000
[16842.530673529]    output[1] = 0x00000000
[16842.530674168]    output[2] = 0x00000000
[16842.530674761]    output[3] = 0x00000000
[16842.530675332]    output[4] = 0x00000000
[16842.530675888]    output[5] = 0x00000000
[16842.530676447]    output[6] = 0x00000000
[16842.530677141]    output[7] = 0x00000000
[16842.530677797]    output[8] = 0x00000000
[16842.530678359]    output[9] = 0x00000000
[16842.530678922]    output[10] = 0x00000000
[16842.530679582]    output[11] = 0x00000000
[16842.530680137]    output[12] = 0x00000000
[16842.530680656]    output[13] = 0x00000000
[16842.530681258]    output[14] = 0x00000000
[16842.530681944]    output[15] = 0x00000000
[16842.530682531] ❌ TEST C433 ÉCHOUÉ
