[14538.975402343] 🚀 TEST C433 - VALIDATION STORE avec DISPATCH COMPLET
[14538.975531613] ✅ DRM ouvert: fd=5
[14538.975540937] ✅ Contexte GPU créé: id=1
[14538.975903425] ✅ Kernel chargé: 208 bytes
[14538.975938326] ✅ GEM buffer créé: handle=1 size=208
[14538.975965987] ✅ Données écrites: 208 bytes
[14538.975975480] ✅ GEM buffer créé: handle=2 size=1028
[14538.976048515] ✅ Buffer mappé: 0x7c046d7bc000
[14538.976073792] ✅ GEM buffer créé: handle=3 size=4096
[14538.976094974] ✅ Buffer mappé: 0x7c046d721000
[14538.976100640] ✅ GEM buffer créé: handle=4 size=4096
[14538.976125807] ✅ Buffer mappé: 0x7c046d720000
[14538.976133592] ✅ GEM buffer créé: handle=5 size=4096
[14538.976139280] ✅ GEM buffer créé: handle=6 size=4096
[14538.976151604] ✅ Buffer mappé: 0x7c046d71f000
[14538.976159539] 🔧 C439: Configuration SSH Layout Intel
[14538.976160772]    BTI[0] = 64 (offset Surface State)
[14538.976162899] ✅ C439: SSH Layout Intel configuré:
[14538.976163844]    Binding Table @ offset 0: BTI[0]=64
[14538.976164549]    Surface State @ offset 64:
[14538.976165130]      Size=1028 → Aligned=1028
[14538.976166025]      Width=1028, Height=1, Depth=1
[14538.976166965]      DW0=0x0008ff80 (VAlign=4, Format=RAW)
[14538.976167868]      DW1=0x00000003 (MOCS=CACHED_L3)
[14538.976168593]      DW6=0x00000008 (Coherency=GPU_COHERENT)
[14538.976173387] ✅ Interface Descriptor configuré
[14538.976178882] 🔧 C443: Programmation MEDIA_VFE_STATE (position correcte)...
[14538.976180098] ✅ C443: MEDIA_VFE_STATE programmé (Max Threads: 168, URB: 64)
[14538.976180671] ✅ C433: MEDIA_CURBE_LOAD ajouté
[14538.976181322] ✅ C433: MEDIA_STATE_FLUSH ajouté
[14538.976183538] ✅ Batch buffer construit: 65 DWORDs
[14538.976184655] ⚡ Soumission batch buffer...
[14538.976187486] ❌ EXECBUFFER2 failed: Invalid argument
