[sudo] password for lvx: [24315.844554516] 🚀 TEST C465 - SBA AVEC BUFFERS GPU RÉELS (TEST PRIORITÉ #1)
[24315.846800929] ✅ DRM ouvert: fd=5
[24315.846808009] ✅ Contexte GPU créé: id=1
[24315.846820085] ✅ Batch buffer créé: handle=1
[24315.846824757] ✅ SSH buffer créé: handle=2
[24315.846828395] ✅ DSH buffer créé: handle=3
[24315.846832065] ✅ IOH buffer créé: handle=4
[24315.846835096] ✅ Instruction buffer créé: handle=5
[24315.846877333] ✅ Batch buffer mappé: 0x79d2c86eb000
[24315.846889837] 📝 [04] PIPELINE_SELECT = 0x69040001 (GPGPU mode)
[24315.846891600] 📝 [05] STATE_BASE_ADDRESS (19 DWORDs, avec relocations)
[24315.846892626] 📝 [24] MEDIA_VFE_STATE (8 DWORDs, config minimale)
[24315.846893526] 📝 [32] MI_BATCH_BUFFER_END
[24315.846894325] ✅ Batch: 34 DWORDs (136 bytes, aligné 8-byte)
[24315.846895359] ✅ 5 relocations configurées (General, SSH, DSH, IOH, Instruction)
[24315.846896128] ⚡ Soumission batch (5 buffers, 5 relocations)...
[24315.847223480] ✅ EXECBUFFER2 réussi!
[24317.674892942] ✅ GPU idle confirmé
[24317.678040829] 🎉 TEST C465 RÉUSSI - GPU sort proprement du mode GPGPU!
[24317.678042473] 📊 Conclusion: SBA avec buffers réels fonctionne
