[16952.027724814] 🚀 TEST C433 - VALIDATION STORE avec DISPATCH COMPLET
[16952.027790658] ✅ DRM ouvert: fd=5
[16952.027796227] ✅ Contexte GPU créé: id=1
[16952.028048556] ✅ Kernel chargé: 3896 bytes
[16952.028092153] ✅ GEM buffer créé: handle=1 size=3896
[16952.028102441] ✅ Données écrites: 3896 bytes
[16952.028106204] ✅ GEM buffer créé: handle=2 size=1028
[16952.028120804] ✅ Buffer mappé: 0x7448e5640000
[16952.028128142] ✅ GEM buffer créé: handle=3 size=4096
[16952.028136870] ✅ Buffer mappé: 0x7448e55a5000
[16952.028141058] ✅ GEM buffer créé: handle=4 size=4096
[16952.028152148] ✅ Buffer mappé: 0x7448e55a4000
[16952.028155587] ✅ GEM buffer créé: handle=5 size=4096
[16952.028158566] ✅ GEM buffer créé: handle=6 size=4096
[16952.028164443] ✅ Buffer mappé: 0x7448e55a3000
[16952.028168292] 🔧 C439: Configuration SSH Layout Intel
[16952.028168950]    BTI[0] = 64 (offset Surface State)
[16952.028169636] ✅ C439: SSH Layout Intel configuré:
[16952.028170251]    Binding Table @ offset 0: BTI[0]=64
[16952.028170810]    Surface State @ offset 64:
[16952.028171291]      Size=1028 → Aligned=1028
[16952.028171945]      Width=1028, Height=1, Depth=1
[16952.028172665]      DW0=0x0007fc00 (VAlign=4, Format=RAW)
[16952.028173355]      DW1=0x00000003 (MOCS=CACHED_L3)
[16952.028173927]      DW6=0x00000008 (Coherency=GPU_COHERENT)
[16952.028176340] ✅ Interface Descriptor configuré
[16952.028176938] 🔍 C445: IDD Dump:
[16952.028177442]    IDD[0] = 0x00000000 (Kernel Start Pointer)
[16952.028178041]    IDD[2] = 0x00010100 (Barrier=1, Threads=256)
[16952.028178806]    IDD[3] = 0x00010000 (BTI Count=1, BTI Ptr=0)
[16952.028179481]    IDD[4] = 0x00400000 (CURBE Length=64 bytes)
[16952.028180117] 🔍 C445: CURBE Dump (premiers 16 DWORDs):

   [r0] 0x00000000 0x00000000 0x00000000 0x00000000 
   [r1] 0x00000100 0x00000001 0x00000001 0x00000000 
   [r2] 0x00000000 0x00000000 0x00000000 0x00000000 
   [r3] 0x00000000 0x00000000 0x00000000 0x00000000 
[16952.028191623] 🔧 C443: Programmation MEDIA_VFE_STATE (position correcte)...
[16952.028192404] ✅ C443: MEDIA_VFE_STATE programmé (Max Threads: 168, URB: 64)
[16952.028192915] ✅ C433: MEDIA_CURBE_LOAD ajouté
[16952.028193536] ✅ C433: MEDIA_STATE_FLUSH ajouté
[16952.028194120] ✅ Batch buffer construit: 64 DWORDs
[16952.028194700] 🔍 C444: Dump batch buffer (premiers 32 DWORDs):

   [00-03] 0x00000000 0x00000000 0x00000000 0x00000000 
   [04-07] 0x69040001 0x61010011 0x00000031 0x00000000 
   [08-11] 0x00030000 0x00000031 0x00000000 0x00000031 
   [12-15] 0x00000000 0x00000031 0x00000000 0x00000031 
   [16-19] 0x00000000 0xFFFFF001 0xFFFFF001 0xFFFFF001 
   [20-23] 0xFFFFF001 0x00000031 0x00000000 0xFFFFF000 
   [24-27] 0x70000006 0x00000000 0x00000000 0x004000A8 
   [28-31] 0x00000000 0x00020001 0x00000000 0x00000000 
[16952.028211536] ⚡ Soumission batch buffer...
[16952.028212031] 🔍 C444 FORENSIC: EXECBUFFER2 params:
[16952.028212870]    buffers_ptr = 0x00007fff92c61690
[16952.028213648]    buffer_count = 6
[16952.028214340]    batch_len = 256 bytes (64 DWORDs)
[16952.028214996]    flags = 0x00000001
[16952.028215596]    rsvd1 (ctx_id) = 1
[16952.028216163]    batch_start_offset = 0
[16952.028216721] 🔍 C444: exec_objects[5] (batch):
[16952.028217205]    handle = 6
[16952.028217769]    relocation_count = 4
[16952.028218296]    relocs_ptr = 0x00007fff92c615d0
[16952.028218942]    alignment = 0
[16952.028219490]    offset = 0x0000000000000000
[16952.028220101]    flags = 0x0000000000000000
[16952.028462846] ✅ Batch buffer soumis avec succès
[16952.028466907] 🔍 C447: CURBE POST-RELOCATION (après EXECBUFFER2):

   [r0] 0x00000000 0x00000000 0x00000000 0x00000000 
   [r1] 0x00000100 0x00000001 0x00000001 0x00000000 
   [r2] 0x00001000 0x00000000 0x00000000 0x00000000 
   [r3] 0x00000000 0x00000000 0x00000000 0x00000000 
[16952.028481154]    r8 (64-bit pointer) = 0x0000000000001000
[16952.028482249] 🔍 C447: Output BO GPU address:
[16952.028483063]    exec_objects[1].offset = 0x0000000000001000
[16952.028483994] ✅ C447: CURBE r8 = output_bo address (relocation OK!)
[16952.028484756]    → Problème ailleurs (cache coherency? surface state?)
[16952.028485491] 🔍 C448: SSH POST-RELOCATION:
[16952.028486070]    Binding Table:
[16952.028486783]      BTI[0] = 64 (offset vers Surface State)
[16952.028487876]    Surface State @ offset 64:

     DW00-03: 0x0007FC00 0x00000003 0x00010404 0x00000001 
     DW04-07: 0x00000000 0x00000000 0x00000008 0x00000FAC 
     DW08-11: 0x00001000 0x00000000 0x00000000 0x00000000 
     DW12-15: 0x00000000 0x00000000 0x00000000 0x00000000 
[16952.028499997]    Base Address (DW8-9) = 0x0000000000001000
[16952.028500926]    Expected (output_bo) = 0x0000000000001000
[16952.028501683] ✅ C448: Surface State Base Address OK!
[16952.028502440]    → Problème ailleurs (format? coherency?)
[16952.028503760] 🔍 VALIDATION RÉSULTATS
[16952.028504408] ⏳ Attente GPU idle...
[16952.739813859] ✅ GPU idle confirmé
[16952.739825098] ✅ Domaine CPU activé
[16952.739826176] 📊 output[0] = 0x00000000 (attendu: 0x12345678)
[16952.739827034] ❌ TEST ABSOLU ÉCHOUÉ: output[0] != 0x12345678
[16952.739827506] 🔍 Dump premiers 16 uint32_t:
[16952.739827962]    output[0] = 0x00000000
[16952.739828613]    output[1] = 0x00000000
[16952.739829121]    output[2] = 0x00000000
[16952.739829573]    output[3] = 0x00000000
[16952.739830005]    output[4] = 0x00000000
[16952.739830427]    output[5] = 0x00000000
[16952.739830926]    output[6] = 0x00000000
[16952.739831360]    output[7] = 0x00000000
[16952.739831801]    output[8] = 0x00000000
[16952.739832243]    output[9] = 0x00000000
[16952.739832668]    output[10] = 0x00000000
[16952.739833156]    output[11] = 0x00000000
[16952.739833599]    output[12] = 0x00000000
[16952.739834022]    output[13] = 0x00000000
[16952.739834518]    output[14] = 0x00000000
[16952.739834955]    output[15] = 0x00000000
[16952.739835429] ❌ TEST C433 ÉCHOUÉ
