[sudo] password for lvx: [22491.712674424] 🚀 TEST C463 - SOFT-PINNING GPU NATIF (ZERO relocations)
[22491.712770801] ✅ DRM ouvert: fd=5
[22491.712786052] ✅ Contexte GPU créé: id=1
[22491.714501096] ✅ Kernel chargé: 4232 bytes
[22491.714522862] ✅ GEM buffer créé: handle=1 size=4232
[22491.714544218] ✅ Données écrites: 4232 bytes
[22491.714550792] ✅ GEM buffer créé: handle=2 size=1028
[22491.714588289] ✅ Buffer mappé: 0x7b672027a000
[22491.714604670] ✅ GEM buffer créé: handle=3 size=4096
[22491.714620445] ✅ Buffer mappé: 0x7b67201df000
[22491.714628199] ✅ GEM buffer créé: handle=4 size=4096
[22491.714645967] ✅ Buffer mappé: 0x7b67201de000
[22491.714652587] ✅ GEM buffer créé: handle=5 size=4096
[22491.714657389] ✅ GEM buffer créé: handle=6 size=4096
[22491.714667707] ✅ Buffer mappé: 0x7b67201dd000
[22491.714684979] 🔧 C439: Configuration SSH Layout Intel
[22491.714686639]    BTI[0] = 64 (offset Surface State)
[22491.714687799] ✅ C439: SSH Layout Intel configuré:
[22491.714688707]    Binding Table @ offset 0: BTI[0]=64
[22491.714689698]    Surface State @ offset 64:
[22491.714690723]      Size=1028 → Aligned=1028
[22491.714691943]      Width=1028, Height=1, Depth=1
[22491.714693189]      DW0=0x0007fc00 (VAlign=4, Format=RAW)
[22491.714694500]      DW1=0x00000003 (MOCS=CACHED_L3)
[22491.714695551]      DW6=0x00000008 (Coherency=GPU_COHERENT)
[22491.714699718] ✅ Interface Descriptor configuré
[22491.714700817] 🔍 C445: IDD Dump:
[22491.714701668]    IDD[0] = 0x00100000 (Kernel Start Pointer)
[22491.714702907]    IDD[2] = 0x00010100 (Barrier=1, Threads=256)
[22491.714704199]    IDD[3] = 0x00010000 (BTI Count=1, BTI Ptr=0)
[22491.714705535]    IDD[4] = 0x00400000 (CURBE Length=64 bytes)
[22491.714706782] 🔍 C445: CURBE Dump (premiers 16 DWORDs):

   [r0] 0x00000000 0x00000000 0x00000000 0x00000000 
   [r1] 0x00000100 0x00000001 0x00000001 0x00000000 
   [r2] 0x00200000 0x00000000 0x00000000 0x00000000 
   [r3] 0x00000000 0x00000000 0x00000000 0x00000000 
[22491.714727888] 🔧 C443: Programmation MEDIA_VFE_STATE (position correcte)...
[22491.714729087] ✅ C443: MEDIA_VFE_STATE programmé (Max Threads: 168, URB: 64)
[22491.714729992] ✅ C433: MEDIA_CURBE_LOAD ajouté
[22491.714730943] ✅ C433: MEDIA_STATE_FLUSH ajouté
[22491.714732152] ✅ Batch buffer construit: 64 DWORDs
[22491.714733300] 🔍 C444: Dump batch buffer (premiers 32 DWORDs):

   [00-03] 0x00000000 0x00000000 0x00000000 0x00000000 
   [04-07] 0x69040001 0x61010011 0x00000031 0x00000000 
   [08-11] 0x00030000 0x00300031 0x00000000 0x00400031 
   [12-15] 0x00000000 0x00500031 0x00000000 0x00100031 
   [16-19] 0x00000000 0xFFFFF001 0xFFFFF001 0xFFFFF001 
   [20-23] 0xFFFFF001 0x00000031 0x00000000 0xFFFFF000 
   [24-27] 0x70000006 0x00000000 0x00000000 0x004000A8 
   [28-31] 0x00000000 0x00020001 0x00000000 0x00000000 
[22491.714765606] 🔧 C463: Soft-pinning activé - ZERO relocations
[22491.714766692] ⚡ Soumission batch buffer...
[22491.714767711] 🔍 C444 FORENSIC: EXECBUFFER2 params:
[22491.714768618]    buffers_ptr = 0x00007ffd7198fd70
[22491.714770013]    buffer_count = 6
[22491.714771137]    batch_len = 256 bytes (64 DWORDs)
[22491.714772391]    flags = 0x00000001
[22491.714773431]    rsvd1 (ctx_id) = 1
[22491.714774861]    batch_start_offset = 0
[22491.714775991] 🔍 C444: exec_objects[5] (batch):
[22491.714776885]    handle = 6
[22491.714777811]    relocation_count = 0
[22491.714778977]    relocs_ptr = 0x0000000000000000
[22491.714780020]    alignment = 0
[22491.714780986]    offset = 0x0000000000600000
[22491.714781929]    flags = 0x0000000000000018
[22491.715080470] ✅ Batch buffer soumis avec succès
[22491.715084707] 🔍 C447: CURBE POST-RELOCATION (après EXECBUFFER2):

   [r0] 0x00000000 0x00000000 0x00000000 0x00000000 
   [r1] 0x00000100 0x00000001 0x00000001 0x00000000 
   [r2] 0x00200000 0x00000000 0x00000000 0x00000000 
   [r3] 0x00000000 0x00000000 0x00000000 0x00000000 
[22491.715097779]    r8 (64-bit pointer) = 0x0000000000200000
[22491.715098690] 🔍 C447: Output BO GPU address:
[22491.715099496]    exec_objects[1].offset = 0x0000000000200000
[22491.715100285] ✅ C447: CURBE r8 = output_bo address (relocation OK!)
[22491.715100987]    → Problème ailleurs (cache coherency? surface state?)
[22491.715101667] 🔍 C448: SSH POST-RELOCATION:
[22491.715102424]    Binding Table:
[22491.715103507]      BTI[0] = 64 (offset vers Surface State)
[22491.715104539]    Surface State @ offset 64:

     DW00-03: 0x0007FC00 0x00000003 0x00010404 0x00000001 
     DW04-07: 0x00000000 0x00000000 0x00000008 0x00000FAC 
     DW08-11: 0x00200000 0x00000000 0x00000000 0x00000000 
     DW12-15: 0x00000000 0x00000000 0x00000000 0x00000000 
[22491.715118829]    Base Address (DW8-9) = 0x0000000000200000
[22491.715119894]    Expected (output_bo) = 0x0000000000200000
[22491.715120830] ✅ C448: Surface State Base Address OK!
[22491.715122151]    → Problème ailleurs (format? coherency?)
[22491.715123050] 🔍 VALIDATION RÉSULTATS
[22491.715124468] ⏳ Attente GPU idle...
[22492.385925660] ✅ GPU idle confirmé
[22492.385947402] ✅ Domaine CPU activé
[22492.385948533] 📊 output[0] = 0x00000000 (attendu: 0x12345678)
[22492.385949907] ❌ TEST ABSOLU ÉCHOUÉ: output[0] != 0x12345678
[22492.385950669] 🔍 Dump premiers 16 uint32_t:
[22492.385951282]    output[0] = 0x00000000
[22492.385952132]    output[1] = 0x00000000
[22492.385954487]    output[2] = 0x00000000
[22492.385955207]    output[3] = 0x00000000
[22492.385955812]    output[4] = 0x00000000
[22492.385956504]    output[5] = 0x00000000
[22492.385957202]    output[6] = 0x00000000
[22492.385957788]    output[7] = 0x00000000
[22492.385958403]    output[8] = 0x00000000
[22492.385958986]    output[9] = 0x00000000
[22492.385959569]    output[10] = 0x00000000
[22492.385960218]    output[11] = 0x00000000
[22492.385960811]    output[12] = 0x00000000
[22492.385961446]    output[13] = 0x00000000
[22492.385962182]    output[14] = 0x00000000
[22492.385962823]    output[15] = 0x00000000
[22492.385963483] ❌ TEST C433 ÉCHOUÉ
