[15003.711010119] 🚀 TEST C433 - VALIDATION STORE avec DISPATCH COMPLET
[15003.711111894] ✅ DRM ouvert: fd=5
[15003.711121982] ✅ Contexte GPU créé: id=1
[15003.711344487] ✅ Kernel chargé: 208 bytes
[15003.711360840] ✅ GEM buffer créé: handle=1 size=208
[15003.711371001] ✅ Données écrites: 208 bytes
[15003.711375123] ✅ GEM buffer créé: handle=2 size=1028
[15003.711390905] ✅ Buffer mappé: 0x71997d43c000
[15003.711400864] ✅ GEM buffer créé: handle=3 size=4096
[15003.711410216] ✅ Buffer mappé: 0x71997d3a1000
[15003.711415713] ✅ GEM buffer créé: handle=4 size=4096
[15003.711426208] ✅ Buffer mappé: 0x71997d3a0000
[15003.711431074] ✅ GEM buffer créé: handle=5 size=4096
[15003.711435062] ✅ GEM buffer créé: handle=6 size=4096
[15003.711441729] ✅ Buffer mappé: 0x71997d39f000
[15003.711446845] 🔧 C439: Configuration SSH Layout Intel
[15003.711447527]    BTI[0] = 64 (offset Surface State)
[15003.711448340] ✅ C439: SSH Layout Intel configuré:
[15003.711448956]    Binding Table @ offset 0: BTI[0]=64
[15003.711449546]    Surface State @ offset 64:
[15003.711450080]      Size=1028 → Aligned=1028
[15003.711450842]      Width=1028, Height=1, Depth=1
[15003.711451659]      DW0=0x0008ff80 (VAlign=4, Format=RAW)
[15003.711452629]      DW1=0x00000003 (MOCS=CACHED_L3)
[15003.711453363]      DW6=0x00000008 (Coherency=GPU_COHERENT)
[15003.711456508] ✅ Interface Descriptor configuré
[15003.711457151] 🔍 C445: IDD Dump:
[15003.711457710]    IDD[0] = 0x00000000 (Kernel Start Pointer)
[15003.711458418]    IDD[2] = 0x00010100 (Barrier=1, Threads=256)
[15003.711459257]    IDD[3] = 0x00010000 (BTI Count=1, BTI Ptr=0)
[15003.711460125]    IDD[4] = 0x00400000 (CURBE Length=64 bytes)
[15003.711460885] 🔍 C445: CURBE Dump (premiers 16 DWORDs):

   [r0] 0x00000000 0x00000000 0x00000000 0x00000000 
   [r1] 0x00000100 0x00000001 0x00000001 0x00000000 
   [r2] 0x00000000 0x00000000 0x00000000 0x00000000 
   [r3] 0x00000000 0x00000000 0x00000000 0x00000000 
[15003.711477772] 🔧 C443: Programmation MEDIA_VFE_STATE (position correcte)...
[15003.711478590] ✅ C443: MEDIA_VFE_STATE programmé (Max Threads: 168, URB: 64)
[15003.711479177] ✅ C433: MEDIA_CURBE_LOAD ajouté
[15003.711479796] ✅ C433: MEDIA_STATE_FLUSH ajouté
[15003.711480430] ✅ Batch buffer construit: 64 DWORDs
[15003.711481078] 🔍 C444: Dump batch buffer (premiers 32 DWORDs):

   [00-03] 0x00000000 0x00000000 0x00000000 0x00000000 
   [04-07] 0x69040001 0x61010011 0x00000031 0x00000000 
   [08-11] 0x00030000 0x00000031 0x00000000 0x00000031 
   [12-15] 0x00000000 0x00000031 0x00000000 0x00000031 
   [16-19] 0x00000000 0xFFFFF001 0xFFFFF001 0xFFFFF001 
   [20-23] 0xFFFFF001 0x00000031 0x00000000 0xFFFFF000 
   [24-27] 0x70000006 0x00000000 0x00000000 0x004000A8 
   [28-31] 0x00000000 0x00020001 0x00000000 0x00000000 
[15003.711501161] ⚡ Soumission batch buffer...
[15003.711501750] 🔍 C444 FORENSIC: EXECBUFFER2 params:
[15003.711502345]    buffers_ptr = 0x00007ffcd2dbd3e0
[15003.711503293]    buffer_count = 6
[15003.711503939]    batch_len = 256 bytes (64 DWORDs)
[15003.711504657]    flags = 0x00000001
[15003.711505380]    rsvd1 (ctx_id) = 1
[15003.711506002]    batch_start_offset = 0
[15003.711506728] 🔍 C444: exec_objects[5] (batch):
[15003.711507292]    handle = 6
[15003.711507911]    relocation_count = 4
[15003.711508530]    relocs_ptr = 0x00007ffcd2dbd320
[15003.711509188]    alignment = 0
[15003.711509800]    offset = 0x0000000000000000
[15003.711510465]    flags = 0x0000000000000000
[15003.711854088] ✅ Batch buffer soumis avec succès
[15003.711863827] 🔍 VALIDATION RÉSULTATS
[15003.711865054] ⏳ Attente GPU idle...
[15004.387189580] ✅ GPU idle confirmé
[15004.387202770] ✅ Domaine CPU activé
[15004.387203765] 📊 output[0] = 0x00000000 (attendu: 0x12345678)
[15004.387204798] ❌ TEST ABSOLU ÉCHOUÉ: output[0] != 0x12345678
[15004.387206524] 🔍 Dump premiers 16 uint32_t:
[15004.387207088]    output[0] = 0x00000000
[15004.387207850]    output[1] = 0x00000000
[15004.387208548]    output[2] = 0x00000000
[15004.387209109]    output[3] = 0x00000000
[15004.387209660]    output[4] = 0x00000000
[15004.387210203]    output[5] = 0x00000000
[15004.387210728]    output[6] = 0x00000000
[15004.387211273]    output[7] = 0x00000000
[15004.387211799]    output[8] = 0x00000000
[15004.387212333]    output[9] = 0x00000000
[15004.387212951]    output[10] = 0x00000000
[15004.387213570]    output[11] = 0x00000000
[15004.387214135]    output[12] = 0x00000000
[15004.387214692]    output[13] = 0x00000000
[15004.387215226]    output[14] = 0x00000000
[15004.387215746]    output[15] = 0x00000000
[15004.387216324] ❌ TEST C433 ÉCHOUÉ
