[15378.875983000] 🚀 TEST C433 - VALIDATION STORE avec DISPATCH COMPLET
[15378.876144915] ✅ DRM ouvert: fd=5
[15378.876154382] ✅ Contexte GPU créé: id=1
[15378.876251628] ✅ Kernel chargé: 3896 bytes
[15378.876271459] ✅ GEM buffer créé: handle=1 size=3896
[15378.876285191] ✅ Données écrites: 3896 bytes
[15378.876291616] ✅ GEM buffer créé: handle=2 size=1028
[15378.876318793] ✅ Buffer mappé: 0x7a583ced2000
[15378.876329810] ✅ GEM buffer créé: handle=3 size=4096
[15378.876341688] ✅ Buffer mappé: 0x7a583ce37000
[15378.876345519] ✅ GEM buffer créé: handle=4 size=4096
[15378.876359174] ✅ Buffer mappé: 0x7a583ce36000
[15378.876362910] ✅ GEM buffer créé: handle=5 size=4096
[15378.876367513] ✅ GEM buffer créé: handle=6 size=4096
[15378.876374805] ✅ Buffer mappé: 0x7a583ce35000
[15378.876379629] 🔧 C439: Configuration SSH Layout Intel
[15378.876380956]    BTI[0] = 64 (offset Surface State)
[15378.876381668] ✅ C439: SSH Layout Intel configuré:
[15378.876382318]    Binding Table @ offset 0: BTI[0]=64
[15378.876382965]    Surface State @ offset 64:
[15378.876383503]      Size=1028 → Aligned=1028
[15378.876384277]      Width=1028, Height=1, Depth=1
[15378.876385146]      DW0=0x0008ff80 (VAlign=4, Format=RAW)
[15378.876386015]      DW1=0x00000003 (MOCS=CACHED_L3)
[15378.876386719]      DW6=0x00000008 (Coherency=GPU_COHERENT)
[15378.876389646] ✅ Interface Descriptor configuré
[15378.876390303] 🔍 C445: IDD Dump:
[15378.876390878]    IDD[0] = 0x00000000 (Kernel Start Pointer)
[15378.876391564]    IDD[2] = 0x00010100 (Barrier=1, Threads=256)
[15378.876392523]    IDD[3] = 0x00010000 (BTI Count=1, BTI Ptr=0)
[15378.876393305]    IDD[4] = 0x00400000 (CURBE Length=64 bytes)
[15378.876394040] 🔍 C445: CURBE Dump (premiers 16 DWORDs):

   [r0] 0x00000000 0x00000000 0x00000000 0x00000000 
   [r1] 0x00000100 0x00000001 0x00000001 0x00000000 
   [r2] 0x00000000 0x00000000 0x00000000 0x00000000 
   [r3] 0x00000000 0x00000000 0x00000000 0x00000000 
[15378.876407311] 🔧 C443: Programmation MEDIA_VFE_STATE (position correcte)...
[15378.876408085] ✅ C443: MEDIA_VFE_STATE programmé (Max Threads: 168, URB: 64)
[15378.876408911] ✅ C433: MEDIA_CURBE_LOAD ajouté
[15378.876409608] ✅ C433: MEDIA_STATE_FLUSH ajouté
[15378.876411231] ✅ Batch buffer construit: 64 DWORDs
[15378.876411867] 🔍 C444: Dump batch buffer (premiers 32 DWORDs):

   [00-03] 0x00000000 0x00000000 0x00000000 0x00000000 
   [04-07] 0x69040001 0x61010011 0x00000031 0x00000000 
   [08-11] 0x00030000 0x00000031 0x00000000 0x00000031 
   [12-15] 0x00000000 0x00000031 0x00000000 0x00000031 
   [16-19] 0x00000000 0xFFFFF001 0xFFFFF001 0xFFFFF001 
   [20-23] 0xFFFFF001 0x00000031 0x00000000 0xFFFFF000 
   [24-27] 0x70000006 0x00000000 0x00000000 0x004000A8 
   [28-31] 0x00000000 0x00020001 0x00000000 0x00000000 
[15378.876432340] ⚡ Soumission batch buffer...
[15378.876432935] 🔍 C444 FORENSIC: EXECBUFFER2 params:
[15378.876433489]    buffers_ptr = 0x00007ffe50f08a70
[15378.876434701]    buffer_count = 6
[15378.876435498]    batch_len = 256 bytes (64 DWORDs)
[15378.876436273]    flags = 0x00000001
[15378.876436974]    rsvd1 (ctx_id) = 1
[15378.876437641]    batch_start_offset = 0
[15378.876438277] 🔍 C444: exec_objects[5] (batch):
[15378.876438826]    handle = 6
[15378.876439461]    relocation_count = 4
[15378.876440071]    relocs_ptr = 0x00007ffe50f089b0
[15378.876440840]    alignment = 0
[15378.876441479]    offset = 0x0000000000000000
[15378.876442145]    flags = 0x0000000000000000
[15378.876871027] ✅ Batch buffer soumis avec succès
[15378.876880014] 🔍 VALIDATION RÉSULTATS
[15378.876881069] ⏳ Attente GPU idle...
[15379.561019930] ✅ GPU idle confirmé
[15379.561043100] ✅ Domaine CPU activé
[15379.561045881] 📊 output[0] = 0x00000000 (attendu: 0x12345678)
[15379.561047334] ❌ TEST ABSOLU ÉCHOUÉ: output[0] != 0x12345678
[15379.561048260] 🔍 Dump premiers 16 uint32_t:
[15379.561048922]    output[0] = 0x00000000
[15379.561049814]    output[1] = 0x00000000
[15379.561050656]    output[2] = 0x00000000
[15379.561051317]    output[3] = 0x00000000
[15379.561052025]    output[4] = 0x00000000
[15379.561052760]    output[5] = 0x00000000
[15379.561053460]    output[6] = 0x00000000
[15379.561054273]    output[7] = 0x00000000
[15379.561055002]    output[8] = 0x00000000
[15379.561055681]    output[9] = 0x00000000
[15379.561056418]    output[10] = 0x00000000
[15379.561057155]    output[11] = 0x00000000
[15379.561057888]    output[12] = 0x00000000
[15379.561058691]    output[13] = 0x00000000
[15379.561059597]    output[14] = 0x00000000
[15379.561060467]    output[15] = 0x00000000
[15379.561061472] ❌ TEST C433 ÉCHOUÉ
