[16615.431134200] 🚀 TEST C433 - VALIDATION STORE avec DISPATCH COMPLET
[16615.431231336] ✅ DRM ouvert: fd=5
[16615.431241057] ✅ Contexte GPU créé: id=1
[16615.431927925] ✅ Kernel chargé: 3896 bytes
[16615.431947843] ✅ GEM buffer créé: handle=1 size=3896
[16615.431960969] ✅ Données écrites: 3896 bytes
[16615.431967594] ✅ GEM buffer créé: handle=2 size=1028
[16615.431996583] ✅ Buffer mappé: 0x779441677000
[16615.432186682] ✅ GEM buffer créé: handle=3 size=4096
[16615.432207442] ✅ Buffer mappé: 0x7794415dc000
[16615.432214752] ✅ GEM buffer créé: handle=4 size=4096
[16615.432245290] ✅ Buffer mappé: 0x7794415db000
[16615.432336251] ✅ GEM buffer créé: handle=5 size=4096
[16615.432343318] ✅ GEM buffer créé: handle=6 size=4096
[16615.432356467] ✅ Buffer mappé: 0x7794415da000
[16615.432367213] 🔧 C439: Configuration SSH Layout Intel
[16615.432368296]    BTI[0] = 64 (offset Surface State)
[16615.432369247] ✅ C439: SSH Layout Intel configuré:
[16615.432371662]    Binding Table @ offset 0: BTI[0]=64
[16615.432372391]    Surface State @ offset 64:
[16615.432372912]      Size=1028 → Aligned=1028
[16615.432373643]      Width=1028, Height=1, Depth=1
[16615.432374463]      DW0=0x0007fc00 (VAlign=4, Format=RAW)
[16615.432376468]      DW1=0x00000003 (MOCS=CACHED_L3)
[16615.432377123]      DW6=0x00000008 (Coherency=GPU_COHERENT)
[16615.432384728] ✅ Interface Descriptor configuré
[16615.432385444] 🔍 C445: IDD Dump:
[16615.432386001]    IDD[0] = 0x00000000 (Kernel Start Pointer)
[16615.432387272]    IDD[2] = 0x00010100 (Barrier=1, Threads=256)
[16615.432388177]    IDD[3] = 0x00010000 (BTI Count=1, BTI Ptr=0)
[16615.432390179]    IDD[4] = 0x00400000 (CURBE Length=64 bytes)
[16615.432392154] 🔍 C445: CURBE Dump (premiers 16 DWORDs):

   [r0] 0x00000000 0x00000000 0x00000000 0x00000000 
   [r1] 0x00000100 0x00000001 0x00000001 0x00000000 
   [r2] 0x00000000 0x00000000 0x00000000 0x00000000 
   [r3] 0x00000000 0x00000000 0x00000000 0x00000000 
[16615.432413310] 🔧 C443: Programmation MEDIA_VFE_STATE (position correcte)...
[16615.432416232] ✅ C443: MEDIA_VFE_STATE programmé (Max Threads: 168, URB: 64)
[16615.432416778] ✅ C433: MEDIA_CURBE_LOAD ajouté
[16615.432417463] ✅ C433: MEDIA_STATE_FLUSH ajouté
[16615.432418287] ✅ Batch buffer construit: 64 DWORDs
[16615.432419042] 🔍 C444: Dump batch buffer (premiers 32 DWORDs):

   [00-03] 0x00000000 0x00000000 0x00000000 0x00000000 
   [04-07] 0x69040001 0x61010011 0x00000031 0x00000000 
   [08-11] 0x00030000 0x00000031 0x00000000 0x00000031 
   [12-15] 0x00000000 0x00000031 0x00000000 0x00000031 
   [16-19] 0x00000000 0xFFFFF001 0xFFFFF001 0xFFFFF001 
   [20-23] 0xFFFFF001 0x00000031 0x00000000 0xFFFFF000 
   [24-27] 0x70000006 0x00000000 0x00000000 0x004000A8 
   [28-31] 0x00000000 0x00020001 0x00000000 0x00000000 
[16615.432445004] ⚡ Soumission batch buffer...
[16615.432445931] 🔍 C444 FORENSIC: EXECBUFFER2 params:
[16615.432446724]    buffers_ptr = 0x00007ffcef1b5810
[16615.432447774]    buffer_count = 6
[16615.432448439]    batch_len = 256 bytes (64 DWORDs)
[16615.432449307]    flags = 0x00000001
[16615.432450067]    rsvd1 (ctx_id) = 1
[16615.432450826]    batch_start_offset = 0
[16615.432451618] 🔍 C444: exec_objects[5] (batch):
[16615.432452346]    handle = 6
[16615.432453189]    relocation_count = 4
[16615.432453981]    relocs_ptr = 0x00007ffcef1b5750
[16615.432454924]    alignment = 0
[16615.432455861]    offset = 0x0000000000000000
[16615.432456766]    flags = 0x0000000000000000
[16615.433112224] ✅ Batch buffer soumis avec succès
[16615.433115696] 🔍 C447: CURBE POST-RELOCATION (après EXECBUFFER2):

   [r0] 0x00000000 0x00000000 0x00000000 0x00000000 
   [r1] 0x00000100 0x00000001 0x00000001 0x00000000 
   [r2] 0x00001000 0x00000000 0x00000000 0x00000000 
   [r3] 0x00000000 0x00000000 0x00000000 0x00000000 
[16615.433129763]    r8 (64-bit pointer) = 0x0000000000001000
[16615.433130708] 🔍 C447: Output BO GPU address:
[16615.433131387]    exec_objects[1].offset = 0x0000000000001000
[16615.433132267] ✅ C447: CURBE r8 = output_bo address (relocation OK!)
[16615.433135332]    → Problème ailleurs (cache coherency? surface state?)
[16615.433136390] 🔍 C448: SSH POST-RELOCATION:
[16615.433137165]    Binding Table:
[16615.433137926]      BTI[0] = 64 (offset vers Surface State)
[16615.433138793]    Surface State @ offset 64:

     DW00-03: 0x0007FC00 0x00000003 0x00010404 0x00000001 
     DW04-07: 0x00000000 0x00000000 0x00000008 0x00000FAC 
     DW08-11: 0x00001000 0x00000000 0x00000000 0x00000000 
     DW12-15: 0x00000000 0x00000000 0x00000000 0x00000000 
[16615.433152711]    Base Address (DW8-9) = 0x0000000000001000
[16615.433153656]    Expected (output_bo) = 0x0000000000001000
[16615.433154431] ✅ C448: Surface State Base Address OK!
[16615.433155657]    → Problème ailleurs (format? coherency?)
[16615.433156748] 🔍 VALIDATION RÉSULTATS
[16615.433157641] ⏳ Attente GPU idle...
[16616.097628190] ✅ GPU idle confirmé
[16616.097644568] ✅ Domaine CPU activé
[16616.097645504] 📊 output[0] = 0x00000000 (attendu: 0x12345678)
[16616.097646274] ❌ TEST ABSOLU ÉCHOUÉ: output[0] != 0x12345678
[16616.097647102] 🔍 Dump premiers 16 uint32_t:
[16616.097647591]    output[0] = 0x00000000
[16616.097648239]    output[1] = 0x00000000
[16616.097648761]    output[2] = 0x00000000
[16616.097649202]    output[3] = 0x00000000
[16616.097649641]    output[4] = 0x00000000
[16616.097650087]    output[5] = 0x00000000
[16616.097650537]    output[6] = 0x00000000
[16616.097651062]    output[7] = 0x00000000
[16616.097651523]    output[8] = 0x00000000
[16616.097651984]    output[9] = 0x00000000
[16616.097652451]    output[10] = 0x00000000
[16616.097652953]    output[11] = 0x00000000
[16616.097653413]    output[12] = 0x00000000
[16616.097653857]    output[13] = 0x00000000
[16616.097654300]    output[14] = 0x00000000
[16616.097654823]    output[15] = 0x00000000
[16616.097655336] ❌ TEST C433 ÉCHOUÉ
