[14490.141034429] 🚀 TEST C433 - VALIDATION STORE avec DISPATCH COMPLET
[14490.141143126] ✅ DRM ouvert: fd=5
[14490.141175518] ✅ Contexte GPU créé: id=1
[14490.141612254] ✅ Kernel chargé: 208 bytes
[14490.141674894] ✅ GEM buffer créé: handle=1 size=208
[14490.141714644] ✅ Données écrites: 208 bytes
[14490.141723930] ✅ GEM buffer créé: handle=2 size=1028
[14490.141754386] ✅ Buffer mappé: 0x70bb60e6c000
[14490.141773093] ✅ GEM buffer créé: handle=3 size=4096
[14490.141789034] ✅ Buffer mappé: 0x70bb60dd1000
[14490.141796331] ✅ GEM buffer créé: handle=4 size=4096
[14490.141815695] ✅ Buffer mappé: 0x70bb60dd0000
[14490.141824750] ✅ GEM buffer créé: handle=5 size=4096
[14490.141830228] ✅ GEM buffer créé: handle=6 size=4096
[14490.141843160] ✅ Buffer mappé: 0x70bb60dcf000
[14490.141851539] 🔧 C439: Configuration SSH Layout Intel
[14490.141852683]    BTI[0] = 64 (offset Surface State)
[14490.141853769] ✅ C439: SSH Layout Intel configuré:
[14490.141854774]    Binding Table @ offset 0: BTI[0]=64
[14490.141855966]    Surface State @ offset 64:
[14490.141857046]      Size=1028 → Aligned=1028
[14490.141858508]      Width=1028, Height=1, Depth=1
[14490.141860045]      DW0=0x0008ff80 (VAlign=4, Format=RAW)
[14490.141861716]      DW1=0x00000003 (MOCS=CACHED_L3)
[14490.141863110]      DW6=0x00000008 (Coherency=GPU_COHERENT)
[14490.141868242] ✅ Interface Descriptor configuré
[14490.141872553] 🔧 C442: Programmation MEDIA_VFE_STATE...
[14490.141881671] ✅ C442: MEDIA_VFE_STATE programmé:
[14490.141882945]    Max Threads: 168 (24 EU × 7)
[14490.141884014]    URB Entries: 64
[14490.141885040]    CURBE Size: 64 bytes (1 block)
[14490.141885943]    URB Size: 128 bytes (2 blocks)
[14490.141887115] ✅ C433: MEDIA_CURBE_LOAD ajouté
[14490.141888052] ✅ C433: MEDIA_STATE_FLUSH ajouté
[14490.141889162] ✅ Batch buffer construit: 65 DWORDs
[14490.141890569] ⚡ Soumission batch buffer...
[14490.141893325] ❌ EXECBUFFER2 failed: Invalid argument
