=== i915 SPY - BATCH CAPTURE LOG ===


=== TOTAL EXECBUFFER2 CALLS: 0 ===
=====
EXECBUFFER2 CALL #1
========================================
buffers_ptr: 0x6381497c8180
buffer_count: 12
batch_start_offset: 0x0
batch_len: 320 bytes
flags: 0x800
rsvd1 (context): 1

--- EXEC OBJECTS (12) ---
Object[0]:
  handle: 9
  offset: 0xffffd556aa7e0000
  alignment: 0
  flags: 0x18
Object[1]:
  handle: 11
  offset: 0xffff8001fffec000
  alignment: 0
  flags: 0x18
Object[2]:
  handle: 12
  offset: 0x7c25af4d9000
  alignment: 0
  flags: 0x18
Object[3]:
  handle: 10
  offset: 0xffff8001fffed000
  alignment: 0
  flags: 0x18
Object[4]:
  handle: 14
  offset: 0x7c25af0a5000
  alignment: 0
  flags: 0x18
Object[5]:
  handle: 16
  offset: 0x7c25af094000
  alignment: 0
  flags: 0x18
Object[6]:
  handle: 15
  offset: 0xffff8001fffdc000
  alignment: 0
  flags: 0x18
Object[7]:
  handle: 2
  offset: 0x7c25af4df000
  alignment: 0
  flags: 0x18
Object[8]:
  handle: 3
  offset: 0x7c25ac400000
  alignment: 0
  flags: 0x18
Object[9]:
  handle: 8
  offset: 0xffff8001fffee000
  alignment: 0
  flags: 0x18
Object[10]:
  handle: 13
  offset: 0x7c25af0d8000
  alignment: 0
  flags: 0x18
Object[11]:
  handle: 17
  offset: 0x7c25ad9ef000
  alignment: 0
  flags: 0x18

--- ATTEMPTING BATCH BUFFER DUMP ---
Note: Batch buffer is in GPU memory, cannot directly access
Batch start offset: 0x0
Batch length: 320 bytes

Result: 0 (errno=0)

=== TOTAL EXECBUFFER2 CALLS: 1 ===
