byte offset 0x0: error: error decoding instruction
7f 45 4c 46  02 01 01 00  01 00 00 00  00 00 00 00 
byte offset 0x10: error: GED reports invalid value for field ExecSize (line 1982)
mov:        01 00 cd 00 01 00 00 00  00 00 00 00 00 00 00 00
01 00 cd 00  01 00 00 00  00 00 00 00  00 00 00 00 
byte offset 0x270: error: error decoding instruction
7c 00 00 00  00 00 01 00  00 00 00 00  00 00 00 00 
byte offset 0x290: error: error decoding instruction
0e 00 06 00  22 00 00 00  00 00 00 00  11 00 02 00 
byte offset 0x2a0: error: GED reports invalid value for field DstRegFile (line 646)
not:        04 00 00 00 11 00 02 00  05 00 00 00 11 00 02 00
04 00 00 00  11 00 02 00  05 00 00 00  11 00 02 00 
byte offset 0x2a0: error: invalid reg file on dst
04 00 00 00  11 00 02 00  05 00 00 00  11 00 02 00 
byte offset 0x2a0: error: GED reports invalid value for field DstRegFile (line 2154)
not:        04 00 00 00 11 00 02 00  05 00 00 00 11 00 02 00
04 00 00 00  11 00 02 00  05 00 00 00  11 00 02 00 
byte offset 0x2a0: error: GED reports invalid field for field DstRegNum (line 2155)
not:        04 00 00 00 11 00 02 00  05 00 00 00 11 00 02 00
04 00 00 00  11 00 02 00  05 00 00 00  11 00 02 00 
byte offset 0x2b0: error: GED reports invalid value for field DstRegFile (line 646)
or:         06 00 00 00 11 00 02 00  0b 00 00 00 0b 00 05 00
06 00 00 00  11 00 02 00  0b 00 00 00  0b 00 05 00 
byte offset 0x2b0: error: invalid reg file on dst
06 00 00 00  11 00 02 00  0b 00 00 00  0b 00 05 00 
byte offset 0x2b0: error: GED reports invalid value for field DstRegFile (line 2154)
or:         06 00 00 00 11 00 02 00  0b 00 00 00 0b 00 05 00
06 00 00 00  11 00 02 00  0b 00 00 00  0b 00 05 00 
byte offset 0x2b0: error: GED reports invalid field for field DstRegNum (line 2155)
or:         06 00 00 00 11 00 02 00  0b 00 00 00 0b 00 05 00
06 00 00 00  11 00 02 00  0b 00 00 00  0b 00 05 00 
byte offset 0x2c0: error: GED reports invalid value for field Src0VertStride (line 36)
mov:        01 00 00 00 4f 70 65 6e  43 4c 2e 73 74 64 00 00
01 00 00 00  4f 70 65 6e  43 4c 2e 73  74 64 00 00 
byte offset 0x2c0: error: src0: sp2: invalid register number 
01 00 00 00  4f 70 65 6e  43 4c 2e 73  74 64 00 00 
byte offset 0x2c0: error: GED reports invalid value for field Src0DataType (line 34)
mov:        01 00 00 00 4f 70 65 6e  43 4c 2e 73 74 64 00 00
01 00 00 00  4f 70 65 6e  43 4c 2e 73  74 64 00 00 
byte offset 0x2d0: error: error decoding instruction
0e 00 03 00  02 00 00 00  02 00 00 00  0f 00 0a 00 
byte offset 0x2e0: error: GED reports invalid value for field DstRegFile (line 646)
or:         06 00 00 00 1c 00 00 00  74 65 73 74 5f 73 74 6f
06 00 00 00  1c 00 00 00  74 65 73 74  5f 73 74 6f 
byte offset 0x2e0: error: invalid reg file on dst
06 00 00 00  1c 00 00 00  74 65 73 74  5f 73 74 6f 
byte offset 0x2e0: error: GED reports invalid value for field DstRegFile (line 2154)
or:         06 00 00 00 1c 00 00 00  74 65 73 74 5f 73 74 6f
06 00 00 00  1c 00 00 00  74 65 73 74  5f 73 74 6f 
byte offset 0x2e0: error: GED reports invalid field for field DstRegNum (line 2155)
or:         06 00 00 00 1c 00 00 00  74 65 73 74 5f 73 74 6f
06 00 00 00  1c 00 00 00  74 65 73 74  5f 73 74 6f 
byte offset 0x2f0: error: error decoding instruction
72 65 5f 76  61 6c 69 64 
byte offset 0x2f8: error: error decoding instruction
61 74 69 6f  6e 00 00 00 
byte offset 0x300: error: src0: null1: invalid register number 
05 00 00 00  07 00 0e 00  20 00 00 00  6b 65 72 6e 
byte offset 0x300: error: GED reports invalid value for field Src1RegFile (line 43)
and:        05 00 00 00 07 00 0e 00  20 00 00 00 6b 65 72 6e
05 00 00 00  07 00 0e 00  20 00 00 00  6b 65 72 6e 
byte offset 0x300: error: invalid register file in src1
05 00 00 00  07 00 0e 00  20 00 00 00  6b 65 72 6e 
byte offset 0x310: error: error decoding instruction
65 6c 5f 61  72 67 5f 74 
byte offset 0x318: error: error decoding instruction
79 70 65 2e  74 65 73 74 
byte offset 0x320: error: error decoding instruction
5f 73 74 6f  72 65 5f 76 
byte offset 0x328: error: error decoding instruction
61 6c 69 64  61 74 69 6f 
byte offset 0x330: error: error decoding instruction
6e 2e 75 69  6e 74 2a 2c 
byte offset 0x348: error: error decoding instruction
65 6c 5f 61  72 67 5f 74 
byte offset 0x350: error: error decoding instruction
79 70 65 5f  71 75 61 6c  2e 74 65 73  74 5f 73 74 
byte offset 0x360: error: error decoding instruction
6f 72 65 5f  76 61 6c 69  64 61 74 69  6f 6e 2e 2c 
byte offset 0x380: error: src0: dbg10: invalid register number 
05 00 0b 00  05 00 00 00  5f 5f 73 70  69 72 76 5f 
byte offset 0x380: error: GED reports invalid value for field Src1RegFile (line 43)
and:        05 00 0b 00 05 00 00 00  5f 5f 73 70 69 72 76 5f
05 00 0b 00  05 00 00 00  5f 5f 73 70  69 72 76 5f 
byte offset 0x380: error: invalid register file in src1
05 00 0b 00  05 00 00 00  5f 5f 73 70  69 72 76 5f 
byte offset 0x390: error: GED reports invalid value for field CondModifier (line 1952)
avg:        42 75 69 6c 74 49 6e 47 
42 75 69 6c  74 49 6e 47 
byte offset 0x398: error: error decoding instruction
6c 6f 62 61  6c 49 6e 76 
byte offset 0x3a0: error: error decoding instruction
6f 63 61 74  69 6f 6e 49 
byte offset 0x3a8: error: error decoding instruction
64 00 00 00  05 00 08 00  0a 00 00 00  74 65 73 74 
byte offset 0x3b8: error: error decoding instruction
5f 73 74 6f  72 65 5f 76 
byte offset 0x3c0: error: error decoding instruction
61 6c 69 64  61 74 69 6f 
byte offset 0x3c8: error: error decoding instruction
6e 00 00 00  05 00 04 00  0b 00 00 00  6f 75 74 70 
byte offset 0x3d8: error: error decoding instruction
75 74 00 00  05 00 04 00  0c 00 00 00  65 6e 74 72 
byte offset 0x3e8: error: error decoding instruction
79 00 00 00  05 00 04 00  0d 00 00 00  69 66 2e 74 
byte offset 0x3f8: error: error decoding instruction
68 65 6e 00  05 00 04 00  0e 00 00 00  69 66 2e 65 
byte offset 0x408: error: error decoding instruction
6e 64 00 00  05 00 05 00  10 00 00 00  61 72 72 61 
byte offset 0x418: error: error decoding instruction
79 69 64 78  00 00 00 00 
byte offset 0x420: error: GED reports invalid value for field DstRegFile (line 646)
and:        05 00 04 00 13 00 00 00  63 61 6c 6c 00 00 00 00
05 00 04 00  13 00 00 00  63 61 6c 6c  00 00 00 00 
byte offset 0x420: error: invalid reg file on dst
05 00 04 00  13 00 00 00  63 61 6c 6c  00 00 00 00 
byte offset 0x420: error: GED reports invalid value for field DstRegFile (line 2154)
and:        05 00 04 00 13 00 00 00  63 61 6c 6c 00 00 00 00
05 00 04 00  13 00 00 00  63 61 6c 6c  00 00 00 00 
byte offset 0x420: error: GED reports invalid field for field DstRegNum (line 2155)
and:        05 00 04 00 13 00 00 00  63 61 6c 6c 00 00 00 00
05 00 04 00  13 00 00 00  63 61 6c 6c  00 00 00 00 
byte offset 0x430: error: GED reports invalid value for field DstRegFile (line 646)
and:        05 00 04 00 14 00 00 00  63 6f 6e 76 00 00 00 00
05 00 04 00  14 00 00 00  63 6f 6e 76  00 00 00 00 
byte offset 0x430: error: invalid reg file on dst
05 00 04 00  14 00 00 00  63 6f 6e 76  00 00 00 00 
byte offset 0x430: error: GED reports invalid value for field DstRegFile (line 2154)
and:        05 00 04 00 14 00 00 00  63 6f 6e 76 00 00 00 00
05 00 04 00  14 00 00 00  63 6f 6e 76  00 00 00 00 
byte offset 0x430: error: GED reports invalid field for field DstRegNum (line 2155)
and:        05 00 04 00 14 00 00 00  63 6f 6e 76 00 00 00 00
05 00 04 00  14 00 00 00  63 6f 6e 76  00 00 00 00 
byte offset 0x440: error: GED reports invalid value for field DstRegFile (line 646)
and:        05 00 03 00 17 00 00 00  63 6d 70 00 05 00 03 00
05 00 03 00  17 00 00 00  63 6d 70 00  05 00 03 00 
byte offset 0x440: error: invalid reg file on dst
05 00 03 00  17 00 00 00  63 6d 70 00  05 00 03 00 
byte offset 0x440: error: GED reports invalid value for field DstRegFile (line 2154)
and:        05 00 03 00 17 00 00 00  63 6d 70 00 05 00 03 00
05 00 03 00  17 00 00 00  63 6d 70 00  05 00 03 00 
byte offset 0x440: error: GED reports invalid field for field DstRegNum (line 2155)
and:        05 00 03 00 17 00 00 00  63 6d 70 00 05 00 03 00
05 00 03 00  17 00 00 00  63 6d 70 00  05 00 03 00 
byte offset 0x450: error: dst: null3: invalid register number 
19 00 00 00  61 64 64 00  05 00 04 00  1a 00 00 00 
byte offset 0x450: error: GED reports invalid value for field Src0RegFile (line 43)
bfi1:       19 00 00 00 61 64 64 00  05 00 04 00 1a 00 00 00
19 00 00 00  61 64 64 00  05 00 04 00  1a 00 00 00 
byte offset 0x450: error: invalid register file in src0
19 00 00 00  61 64 64 00  05 00 04 00  1a 00 00 00 
byte offset 0x460: error: error decoding instruction
69 64 78 70  72 6f 6d 00 
byte offset 0x468: error: GED reports invalid value for field DstRegFile (line 646)
and:        05 00 05 00 1b 00 00 00  61 72 72 61 79 69 64 78
05 00 05 00  1b 00 00 00  61 72 72 61  79 69 64 78 
byte offset 0x468: error: invalid reg file on dst
05 00 05 00  1b 00 00 00  61 72 72 61  79 69 64 78 
byte offset 0x468: error: GED reports invalid value for field DstRegFile (line 2154)
and:        05 00 05 00 1b 00 00 00  61 72 72 61 79 69 64 78
05 00 05 00  1b 00 00 00  61 72 72 61  79 69 64 78 
byte offset 0x468: error: GED reports invalid field for field DstRegNum (line 2155)
and:        05 00 05 00 1b 00 00 00  61 72 72 61 79 69 64 78
05 00 05 00  1b 00 00 00  61 72 72 61  79 69 64 78 
byte offset 0x478: error: GED reports invalid value for field Src0RegFile (line 43)
sendc:      32 00 00 00 05 00 04 00  1d 00 00 00 6f 75 74 70
32 00 00 00  05 00 04 00  1d 00 00 00  6f 75 74 70 
byte offset 0x478: error: GED reports invalid value for field Src0RegFile (line 43)
sendc:      32 00 00 00 05 00 04 00  1d 00 00 00 6f 75 74 70
32 00 00 00  05 00 04 00  1d 00 00 00  6f 75 74 70 
byte offset 0x478: error: src0: invalid register file
32 00 00 00  05 00 04 00  1d 00 00 00  6f 75 74 70 
byte offset 0x488: error: error decoding instruction
75 74 00 00  47 00 0d 00  05 00 00 00  29 00 00 00 
byte offset 0x498: error: error decoding instruction
5f 5f 73 70  69 72 76 5f 
byte offset 0x4a0: error: GED reports invalid value for field CondModifier (line 1952)
avg:        42 75 69 6c 74 49 6e 47 
42 75 69 6c  74 49 6e 47 
byte offset 0x4a8: error: error decoding instruction
6c 6f 62 61  6c 49 6e 76 
byte offset 0x4b0: error: error decoding instruction
6f 63 61 74  69 6f 6e 49 
byte offset 0x4b8: error: error decoding instruction
64 00 00 00  01 00 00 00  47 00 03 00  05 00 00 00 
byte offset 0x4c8: error: error decoding instruction
16 00 00 00  47 00 04 00  05 00 00 00  0b 00 00 00 
byte offset 0x4d8: error: error decoding instruction
1c 00 00 00  47 00 0a 00  0a 00 00 00  29 00 00 00 
byte offset 0x4e8: error: error decoding instruction
74 65 73 74  5f 73 74 6f 
byte offset 0x4f0: error: error decoding instruction
72 65 5f 76  61 6c 69 64 
byte offset 0x4f8: error: error decoding instruction
61 74 69 6f  6e 00 00 00 
byte offset 0x540: error: GED reports invalid value for field DstRegFile (line 646)
cmpn:       11 00 00 00 78 56 34 12  2b 00 04 00 07 00 00 00
11 00 00 00  78 56 34 12  2b 00 04 00  07 00 00 00 
byte offset 0x540: error: invalid reg file on dst
11 00 00 00  78 56 34 12  2b 00 04 00  07 00 00 00 
byte offset 0x540: error: GED reports invalid value for field DstRegFile (line 2154)
cmpn:       11 00 00 00 78 56 34 12  2b 00 04 00 07 00 00 00
11 00 00 00  78 56 34 12  2b 00 04 00  07 00 00 00 
byte offset 0x540: error: GED reports invalid field for field DstRegNum (line 2155)
cmpn:       11 00 00 00 78 56 34 12  2b 00 04 00 07 00 00 00
11 00 00 00  78 56 34 12  2b 00 04 00  07 00 00 00 
byte offset 0x550: error: error decoding instruction
15 00 00 00  00 01 00 00  2b 00 04 00  07 00 00 00 
byte offset 0x560: error: GED reports invalid value for field AccessMode (line 1997)
bfe:        18 00 00 00 01 00 00 00  17 00 04 00 03 00 00 00
18 00 00 00  01 00 00 00  17 00 04 00  03 00 00 00 
byte offset 0x560: error: unexpected Align1 Ternary in current platform
18 00 00 00  01 00 00 00  17 00 04 00  03 00 00 00 
byte offset 0x570: error: src0: null1: invalid register number 
02 00 00 00  03 00 00 00  20 00 04 00  04 00 00 00 
byte offset 0x570: error: GED reports invalid value for field Src1RegFile (line 43)
sel:        02 00 00 00 03 00 00 00  20 00 04 00 04 00 00 00
02 00 00 00  03 00 00 00  20 00 04 00  04 00 00 00 
byte offset 0x570: error: invalid register file in src1
02 00 00 00  03 00 00 00  20 00 04 00  04 00 00 00 
byte offset 0x590: error: GED reports invalid value for field MaskCtrl (line 1939)
jmpi:       20 00 04 00 08 00 00 00  05 00 00 00 07 00 00 00
20 00 04 00  08 00 00 00  05 00 00 00  07 00 00 00 
byte offset 0x590: error: GED reports invalid value for field Src1RegFile (line 1748)
jmpi:       20 00 04 00 08 00 00 00  05 00 00 00 07 00 00 00
20 00 04 00  08 00 00 00  05 00 00 00  07 00 00 00 
byte offset 0x590: error: GED reports invalid value for field Src1RegFile (line 43)
jmpi:       20 00 04 00 08 00 00 00  05 00 00 00 07 00 00 00
20 00 04 00  08 00 00 00  05 00 00 00  07 00 00 00 
byte offset 0x590: error: invalid register file in src1
20 00 04 00  08 00 00 00  05 00 00 00  07 00 00 00 
byte offset 0x5b0: error: error decoding instruction
14 00 02 00  16 00 00 00  3b 00 04 00  04 00 00 00 
byte offset 0x5c0: error: src0: null1: invalid register number 
05 00 00 00  01 00 00 00  36 00 05 00  06 00 00 00 
byte offset 0x5c0: error: GED reports invalid value for field Src1RegFile (line 43)
and:        05 00 00 00 01 00 00 00  36 00 05 00 06 00 00 00
05 00 00 00  01 00 00 00  36 00 05 00  06 00 00 00 
byte offset 0x5c0: error: invalid register file in src1
05 00 00 00  01 00 00 00  36 00 05 00  06 00 00 00 
byte offset 0x5d0: error: GED reports invalid value for field Src1RegFile (line 43)
smov:       0a 00 00 00 00 00 00 00  09 00 00 00 37 00 03 00
0a 00 00 00  00 00 00 00  09 00 00 00  37 00 03 00 
byte offset 0x5d0: error: invalid register file in src1
0a 00 00 00  00 00 00 00  09 00 00 00  37 00 03 00 
byte offset 0x5e0: error: src0: null7: invalid register number 
08 00 00 00  0b 00 00 00  f8 00 02 00  0c 00 00 00 
byte offset 0x5e0: error: GED reports invalid value for field Src1RegFile (line 43)
shr:        08 00 00 00 0b 00 00 00  f8 00 02 00 0c 00 00 00
08 00 00 00  0b 00 00 00  f8 00 02 00  0c 00 00 00 
byte offset 0x5e0: error: invalid register file in src1
08 00 00 00  0b 00 00 00  f8 00 02 00  0c 00 00 00 
byte offset 0x600: error: error decoding instruction
0f 00 00 00  3e 00 05 00  10 00 00 00  11 00 00 00 
byte offset 0x610: error: src0: null1: invalid register number 
02 00 00 00  04 00 00 00  3d 00 06 00  03 00 00 00 
byte offset 0x610: error: GED reports invalid value for field Src1RegFile (line 43)
sel:        02 00 00 00 04 00 00 00  3d 00 06 00 03 00 00 00
02 00 00 00  04 00 00 00  3d 00 06 00  03 00 00 00 
byte offset 0x610: error: invalid register file in src1
02 00 00 00  04 00 00 00  3d 00 06 00  03 00 00 00 
byte offset 0x620: error: GED reports invalid value for field AccessMode (line 1997)
csel:       12 00 00 00 05 00 00 00  02 00 00 00 20 00 00 00
12 00 00 00  05 00 00 00  02 00 00 00  20 00 00 00 
byte offset 0x620: error: unexpected Align1 Ternary in current platform
12 00 00 00  05 00 00 00  02 00 00 00  20 00 00 00 
byte offset 0x630: error: GED reports invalid value for field Src1RegFile (line 43)
sada2:      51 00 05 00 02 00 00 00  13 00 00 00 12 00 00 00
51 00 05 00  02 00 00 00  13 00 00 00  12 00 00 00 
byte offset 0x630: error: invalid register file in src1
51 00 05 00  02 00 00 00  13 00 00 00  12 00 00 00 
byte offset 0x650: error: error decoding instruction
13 00 00 00  b0 00 05 00  16 00 00 00  17 00 00 00 
byte offset 0x660: error: error decoding instruction
14 00 00 00  15 00 00 00  fa 00 04 00  17 00 00 00 
byte offset 0x670: error: error decoding instruction
0d 00 00 00  0e 00 00 00  f8 00 02 00  0d 00 00 00 
byte offset 0x690: error: GED reports invalid value for field AccessMode (line 1997)
bfe:        18 00 00 00 71 00 04 00  02 00 00 00 1a 00 00 00
18 00 00 00  71 00 04 00  02 00 00 00  1a 00 00 00 
byte offset 0x690: error: unexpected Align1 Ternary in current platform
18 00 00 00  71 00 04 00  02 00 00 00  1a 00 00 00 
byte offset 0x6a0: error: GED reports invalid value for field Src1RegFile (line 43)
bfi1:       19 00 00 00 46 00 05 00  08 00 00 00 1b 00 00 00
19 00 00 00  46 00 05 00  08 00 00 00  1b 00 00 00 
byte offset 0x6a0: error: invalid register file in src1
19 00 00 00  46 00 05 00  08 00 00 00  1b 00 00 00 
byte offset 0x6b0: error: error decoding instruction
0b 00 00 00  1a 00 00 00  3e 00 05 00  1b 00 00 00 
byte offset 0x6c0: error: error decoding instruction
14 00 00 00  02 00 00 00  04 00 00 00  f9 00 02 00 
byte offset 0x6d0: error: error decoding instruction
0e 00 00 00  f8 00 02 00  0e 00 00 00  fd 00 01 00 
byte offset 0x6e0: error: GED reports invalid value for field MathFC (line 213)
math:       38 00 01 00 36 00 05 00  06 00 00 00 1c 00 00 00
38 00 01 00  36 00 05 00  06 00 00 00  1c 00 00 00 
byte offset 0x6e0: error: invalid MathFC
38 00 01 00  36 00 05 00  06 00 00 00  1c 00 00 00 
byte offset 0x700: error: error decoding instruction
1d 00 00 00  f8 00 02 00  1e 00 00 00  39 00 05 00 
byte offset 0x710: error: GED reports invalid value for field DstRegFile (line 646)
or:         06 00 00 00 1f 00 00 00  0a 00 00 00 1d 00 00 00
06 00 00 00  1f 00 00 00  0a 00 00 00  1d 00 00 00 
byte offset 0x710: error: invalid reg file on dst
06 00 00 00  1f 00 00 00  0a 00 00 00  1d 00 00 00 
byte offset 0x710: error: GED reports invalid value for field DstRegFile (line 2154)
or:         06 00 00 00 1f 00 00 00  0a 00 00 00 1d 00 00 00
06 00 00 00  1f 00 00 00  0a 00 00 00  1d 00 00 00 
byte offset 0x710: error: GED reports invalid field for field DstRegNum (line 2155)
or:         06 00 00 00 1f 00 00 00  0a 00 00 00 1d 00 00 00
06 00 00 00  1f 00 00 00  0a 00 00 00  1d 00 00 00 
byte offset 0x720: error: error decoding instruction
fd 00 01 00  38 00 01 00  00 00 00 00  00 00 00 00 
byte offset 0x770: error: error decoding instruction
69 6f 6e 3a  20 20 20 20 
byte offset 0x778: error: error decoding instruction
20 20 20 20  20 27 31 2e 
byte offset 0x780: error: GED reports invalid value for field DstDataType (line 2163)
sendsc:     34 34 27 0a 6b 65 72 6e  65 6c 73 3a 0a 20 20 2d
34 34 27 0a  6b 65 72 6e  65 6c 73 3a  0a 20 20 2d 
byte offset 0x790: error: Align16 branches not supported
20 6e 61 6d  65 3a 20 20 
byte offset 0x798: error: error decoding instruction
20 20 20 20  20 20 20 20 
byte offset 0x7a0: error: error decoding instruction
20 20 74 65  73 74 5f 73 
byte offset 0x7a8: error: error decoding instruction
74 6f 72 65  5f 76 61 6c 
byte offset 0x7b0: error: error decoding instruction
69 64 61 74  69 6f 6e 0a 
byte offset 0x7b8: error: error decoding instruction
20 20 20 20  75 73 65 72 
byte offset 0x7c0: error: error decoding instruction
5f 61 74 74  72 69 62 75 
byte offset 0x7c8: error: error decoding instruction
74 65 73 3a  0a 20 20 20 
byte offset 0x7d0: error: error decoding instruction
20 20 20 69  6e 74 65 6c 
byte offset 0x7d8: error: error decoding instruction
5f 72 65 71  64 5f 77 6f 
byte offset 0x7e0: error: error decoding instruction
72 6b 67 72  6f 75 70 5f 
byte offset 0x7e8: error: error decoding instruction
77 61 6c 6b  5f 6f 72 64 
byte offset 0x7f0: error: error decoding instruction
65 72 3a 20  5b 20 30 2c 
byte offset 0x7f8: error: error decoding instruction
20 31 2c 20  32 20 5d 0a 
byte offset 0x800: error: error decoding instruction
20 20 20 20  65 78 65 63 
byte offset 0x808: error: error decoding instruction
75 74 69 6f  6e 5f 65 6e 
byte offset 0x810: error: error decoding instruction
76 3a 0a 20  20 20 20 20 
byte offset 0x818: error: Align16 branches not supported
20 67 72 66  5f 63 6f 75 
byte offset 0x820: error: error decoding instruction
6e 74 3a 20  20 20 20 20 
byte offset 0x828: error: GED reports invalid value for field Src1DataType (line 34)
jmpi:       20 20 31 32 38 0a 20 20 
20 20 31 32  38 0a 20 20 
byte offset 0x830: error: error decoding instruction
20 20 20 20  73 69 6d 64 
byte offset 0x838: error: error decoding instruction
5f 73 69 7a  65 3a 20 20 
byte offset 0x840: error: error decoding instruction
20 20 20 20  20 33 32 0a 
byte offset 0x848: error: error decoding instruction
20 20 20 20  20 20 73 75 
byte offset 0x850: error: error decoding instruction
62 67 72 6f  75 70 5f 69 
byte offset 0x858: error: error decoding instruction
6e 64 65 70  65 6e 64 65 
byte offset 0x860: error: error decoding instruction
6e 74 5f 66  6f 72 77 61 
byte offset 0x868: error: error decoding instruction
72 64 5f 70  72 6f 67 72 
byte offset 0x870: error: error decoding instruction
65 73 73 3a  20 74 72 75 
byte offset 0x878: error: error decoding instruction
65 0a 20 20  20 20 20 20 
byte offset 0x880: error: error decoding instruction
65 75 5f 74  68 72 65 61 
byte offset 0x888: error: error decoding instruction
64 5f 63 6f  75 6e 74 3a 
byte offset 0x890: error: GED reports invalid value for field ExecSize (line 1982)
jmpi:       20 37 0a 20 20 20 20 70 
20 37 0a 20  20 20 20 70 
byte offset 0x890: error: GED reports invalid value for field Src1DataType (line 34)
jmpi:       20 37 0a 20 20 20 20 70 
20 37 0a 20  20 20 20 70 
byte offset 0x898: error: error decoding instruction
61 79 6c 6f  61 64 5f 61 
byte offset 0x8a0: error: error decoding instruction
72 67 75 6d  65 6e 74 73 
byte offset 0x8a8: error: error decoding instruction
3a 0a 20 20  20 20 20 20 
byte offset 0x8b8: error: error decoding instruction
70 65 3a 20  20 20 20 20 
byte offset 0x8c0: error: error decoding instruction
20 20 20 67  6c 6f 62 61 
byte offset 0x8c8: error: error decoding instruction
6c 5f 69 64  5f 6f 66 66 
byte offset 0x8d0: error: error decoding instruction
73 65 74 0a  20 20 20 20  20 20 20 20  6f 66 66 73 
byte offset 0x8e0: error: error decoding instruction
65 74 3a 20  20 20 20 20 
byte offset 0x8e8: error: error decoding instruction
20 20 20 20  20 30 0a 20 
byte offset 0x8f0: error: error decoding instruction
20 20 20 20  20 20 20 73 
byte offset 0x8f8: error: error decoding instruction
69 7a 65 3a  20 20 20 20 
byte offset 0x900: error: error decoding instruction
20 20 20 20  20 20 20 20 
byte offset 0x908: error: error decoding instruction (no compacted form)
31 32 0a 20  20 20 20 20 
byte offset 0x910: error: error decoding instruction
20 2d 20 61  72 67 5f 74 
byte offset 0x918: error: error decoding instruction
79 70 65 3a  20 20 20 20 
byte offset 0x920: error: error decoding instruction
20 20 20 20  6c 6f 63 61 
byte offset 0x928: error: error decoding instruction
6c 5f 73 69  7a 65 0a 20 
byte offset 0x930: error: error decoding instruction
20 20 20 20  20 20 20 6f 
byte offset 0x938: error: error decoding instruction
66 66 73 65  74 3a 20 20 
byte offset 0x940: error: error decoding instruction
20 20 20 20  20 20 20 20 
byte offset 0x948: error: error decoding instruction (no compacted form)
31 32 0a 20  20 20 20 20 
byte offset 0x950: error: error decoding instruction
20 20 20 73  69 7a 65 3a 
byte offset 0x958: error: error decoding instruction
20 20 20 20  20 20 20 20 
byte offset 0x960: error: error decoding instruction
20 20 20 20  31 32 0a 20 
byte offset 0x968: error: error decoding instruction
20 20 20 20  20 2d 20 61 
byte offset 0x970: error: error decoding instruction
72 67 5f 74  79 70 65 3a 
byte offset 0x978: error: error decoding instruction
20 20 20 20  20 20 20 20 
byte offset 0x980: error: error decoding instruction
61 72 67 5f  62 79 70 6f  69 6e 74 65  72 0a 20 20 
byte offset 0x990: error: error decoding instruction
20 20 20 20  20 20 6f 66 
byte offset 0x998: error: error decoding instruction
66 73 65 74  3a 20 20 20 
byte offset 0x9a0: error: error decoding instruction
20 20 20 20  20 20 20 30 
byte offset 0x9a8: error: error decoding instruction
0a 20 20 20  20 20 20 20 
byte offset 0x9b0: error: Align16 branches not supported
20 73 69 7a  65 3a 20 20 
byte offset 0x9b8: error: error decoding instruction
20 20 20 20  20 20 20 20 
byte offset 0x9c0: error: GED reports invalid value for field MaskCtrl (line 1939)
jmpi:       20 20 30 0a 20 20 20 20  20 20 20 20 61 72 67 5f
20 20 30 0a  20 20 20 20  20 20 20 20  61 72 67 5f 
byte offset 0x9c0: error: GED reports invalid value for field ExecSize (line 1982)
jmpi:       20 20 30 0a 20 20 20 20  20 20 20 20 61 72 67 5f
20 20 30 0a  20 20 20 20  20 20 20 20  61 72 67 5f 
byte offset 0x9c0: error: GED reports invalid value for field Src1RegFile (line 1748)
jmpi:       20 20 30 0a 20 20 20 20  20 20 20 20 61 72 67 5f
20 20 30 0a  20 20 20 20  20 20 20 20  61 72 67 5f 
byte offset 0x9c0: error: GED reports invalid value for field Src1RegFile (line 43)
jmpi:       20 20 30 0a 20 20 20 20  20 20 20 20 61 72 67 5f
20 20 30 0a  20 20 20 20  20 20 20 20  61 72 67 5f 
byte offset 0x9c0: error: invalid register file in src1
20 20 30 0a  20 20 20 20  20 20 20 20  61 72 67 5f 
byte offset 0x9d0: error: error decoding instruction
69 6e 64 65  78 3a 20 20 
byte offset 0x9d8: error: error decoding instruction
20 20 20 20  20 30 0a 20 
byte offset 0x9e0: error: error decoding instruction
20 20 20 20  20 20 20 61 
byte offset 0x9e8: error: error decoding instruction
64 64 72 6d  6f 64 65 3a 
byte offset 0x9f0: error: error decoding instruction
20 20 20 20  20 20 20 20 
byte offset 0x9f8: error: error decoding instruction
73 74 61 74  65 66 75 6c 
byte offset 0xa00: error: error decoding instruction
0a 20 20 20  20 20 20 20 
byte offset 0xa08: error: error decoding instruction
20 61 64 64  72 73 70 61 
byte offset 0xa10: error: error decoding instruction
63 65 3a 20  20 20 20 20 
byte offset 0xa20: error: error decoding instruction
0a 20 20 20  20 20 20 20 
byte offset 0xa28: error: GED reports invalid value for field MaskCtrl (line 1939)
jmpi:       20 61 63 63 65 73 73 5f 
20 61 63 63  65 73 73 5f 
byte offset 0xa28: error: GED reports invalid value for field ExecSize (line 1982)
jmpi:       20 61 63 63 65 73 73 5f 
20 61 63 63  65 73 73 5f 
byte offset 0xa28: error: GED reports invalid value for field Src1DataType (line 34)
jmpi:       20 61 63 63 65 73 73 5f 
20 61 63 63  65 73 73 5f 
byte offset 0xa30: error: error decoding instruction
74 79 70 65  3a 20 20 20 
byte offset 0xa38: error: GED reports invalid value for field Src1DataType (line 34)
jmpi:       20 20 72 65 61 64 77 72 
20 20 72 65  61 64 77 72 
byte offset 0xa40: error: error decoding instruction
69 74 65 0a  20 20 20 20  20 20 2d 20  61 72 67 5f 
byte offset 0xa50: error: error decoding instruction
74 79 70 65  3a 20 20 20 
byte offset 0xa58: error: error decoding instruction
20 20 20 20  20 61 72 67 
byte offset 0xa60: error: error decoding instruction
5f 62 79 70  6f 69 6e 74 
byte offset 0xa68: error: error decoding instruction
65 72 0a 20  20 20 20 20 
byte offset 0xa70: error: error decoding instruction
20 20 20 6f  66 66 73 65 
byte offset 0xa78: error: error decoding instruction
74 3a 20 20  20 20 20 20 
byte offset 0xa80: error: error decoding instruction
20 20 20 20  33 32 0a 20 
byte offset 0xa88: error: error decoding instruction
20 20 20 20  20 20 20 73 
byte offset 0xa90: error: error decoding instruction
69 7a 65 3a  20 20 20 20 
byte offset 0xa98: error: error decoding instruction
20 20 20 20  20 20 20 20 
byte offset 0xaa0: error: error decoding instruction
38 0a 20 20  20 20 20 20 
byte offset 0xaa8: error: GED reports invalid value for field Src1DataType (line 34)
jmpi:       20 20 61 72 67 5f 69 6e 
20 20 61 72  67 5f 69 6e 
byte offset 0xab0: error: error decoding instruction
64 65 78 3a  20 20 20 20 
byte offset 0xab8: error: error decoding instruction
20 20 20 30  0a 20 20 20 
byte offset 0xac0: error: error decoding instruction
20 20 20 20  20 61 64 64 
byte offset 0xac8: error: error decoding instruction
72 6d 6f 64  65 3a 20 20 
byte offset 0xad0: error: error decoding instruction
20 20 20 20  20 20 73 74 
byte offset 0xad8: error: error decoding instruction
61 74 65 6c  65 73 73 0a 
byte offset 0xae0: error: error decoding instruction
20 20 20 20  20 20 20 20 
byte offset 0xae8: error: error decoding instruction
61 64 64 72  73 70 61 63 
byte offset 0xaf0: error: error decoding instruction
65 3a 20 20  20 20 20 20 
byte offset 0xaf8: error: error decoding instruction
20 67 6c 6f  62 61 6c 0a 
byte offset 0xb00: error: error decoding instruction
20 20 20 20  20 20 20 20 
byte offset 0xb08: error: error decoding instruction
61 63 63 65  73 73 5f 74 
byte offset 0xb10: error: error decoding instruction
79 70 65 3a  20 20 20 20 
byte offset 0xb18: error: Align16 branches not supported
20 72 65 61  64 77 72 69 
byte offset 0xb20: error: error decoding instruction
74 65 0a 20  20 20 20 20 
byte offset 0xb28: error: error decoding instruction
20 2d 20 61  72 67 5f 74 
byte offset 0xb30: error: error decoding instruction
79 70 65 3a  20 20 20 20 
byte offset 0xb38: error: error decoding instruction
20 20 20 20  65 6e 71 75 
byte offset 0xb40: error: error decoding instruction
65 75 65 64  5f 6c 6f 63 
byte offset 0xb48: error: error decoding instruction
61 6c 5f 73  69 7a 65 0a 
byte offset 0xb50: error: error decoding instruction
20 20 20 20  20 20 20 20 
byte offset 0xb58: error: error decoding instruction
6f 66 66 73  65 74 3a 20 
byte offset 0xb60: error: error decoding instruction
20 20 20 20  20 20 20 20 
byte offset 0xb68: error: GED reports invalid value for field MaskCtrl (line 1939)
jmpi:       20 34 30 0a 20 20 20 20  20 20 20 20 73 69 7a 65
20 34 30 0a  20 20 20 20  20 20 20 20  73 69 7a 65 
byte offset 0xb68: error: GED reports invalid value for field ExecSize (line 1982)
jmpi:       20 34 30 0a 20 20 20 20  20 20 20 20 73 69 7a 65
20 34 30 0a  20 20 20 20  20 20 20 20  73 69 7a 65 
byte offset 0xb68: error: GED reports invalid value for field Src1RegFile (line 1748)
jmpi:       20 34 30 0a 20 20 20 20  20 20 20 20 73 69 7a 65
20 34 30 0a  20 20 20 20  20 20 20 20  73 69 7a 65 
byte offset 0xb68: error: GED reports invalid value for field Src1RegFile (line 43)
jmpi:       20 34 30 0a 20 20 20 20  20 20 20 20 73 69 7a 65
20 34 30 0a  20 20 20 20  20 20 20 20  73 69 7a 65 
byte offset 0xb68: error: invalid register file in src1
20 34 30 0a  20 20 20 20  20 20 20 20  73 69 7a 65 
byte offset 0xb78: error: error decoding instruction
3a 20 20 20  20 20 20 20 
byte offset 0xb80: error: error decoding instruction
20 20 20 20  20 31 32 0a 
byte offset 0xb88: error: error decoding instruction
20 20 20 20  70 65 72 5f 
byte offset 0xb90: error: error decoding instruction
74 68 72 65  61 64 5f 70 
byte offset 0xb98: error: error decoding instruction
61 79 6c 6f  61 64 5f 61 
byte offset 0xba0: error: error decoding instruction
72 67 75 6d  65 6e 74 73 
byte offset 0xba8: error: error decoding instruction
3a 0a 20 20  20 20 20 20 
byte offset 0xbb8: error: error decoding instruction
70 65 3a 20  20 20 20 20 
byte offset 0xbc0: error: error decoding instruction
20 20 20 6c  6f 63 61 6c 
byte offset 0xbc8: error: error decoding instruction
5f 69 64 0a  20 20 20 20  20 20 20 20  6f 66 66 73 
byte offset 0xbd8: error: error decoding instruction
65 74 3a 20  20 20 20 20 
byte offset 0xbe0: error: error decoding instruction
20 20 20 20  20 30 0a 20 
byte offset 0xbe8: error: error decoding instruction
20 20 20 20  20 20 20 73 
byte offset 0xbf0: error: error decoding instruction
69 7a 65 3a  20 20 20 20 
byte offset 0xbf8: error: error decoding instruction
20 20 20 20  20 20 20 20 
byte offset 0xc00: error: GED reports invalid value for field DescRegFile (line 1233)
send:       31 39 32 0a 20 20 20 20  62 69 6e 64 69 6e 67 5f
31 39 32 0a  20 20 20 20  62 69 6e 64  69 6e 67 5f 
byte offset 0xc00: error: dst: null1: invalid register number 
31 39 32 0a  20 20 20 20  62 69 6e 64  69 6e 67 5f 
byte offset 0xc00: error: GED reports invalid value for field Src0RegFile (line 43)
send:       31 39 32 0a 20 20 20 20  62 69 6e 64 69 6e 67 5f
31 39 32 0a  20 20 20 20  62 69 6e 64  69 6e 67 5f 
byte offset 0xc00: error: GED reports invalid value for field Src0RegFile (line 43)
send:       31 39 32 0a 20 20 20 20  62 69 6e 64 69 6e 67 5f
31 39 32 0a  20 20 20 20  62 69 6e 64  69 6e 67 5f 
byte offset 0xc00: error: src0: invalid register file
31 39 32 0a  20 20 20 20  62 69 6e 64  69 6e 67 5f 
byte offset 0xc10: error: error decoding instruction
74 61 62 6c  65 5f 69 6e 
byte offset 0xc18: error: error decoding instruction
64 69 63 65  73 3a 0a 20 
byte offset 0xc20: error: error decoding instruction
20 20 20 20  20 2d 20 62 
byte offset 0xc28: error: error decoding instruction
74 69 5f 76  61 6c 75 65 
byte offset 0xc30: error: error decoding instruction
3a 20 20 20  20 20 20 20 
byte offset 0xc38: error: src0: inconvertible align16 operand
30 0a 20 20  20 20 20 20 
byte offset 0xc40: error: GED reports invalid value for field Src1DataType (line 34)
jmpi:       20 20 61 72 67 5f 69 6e 
20 20 61 72  67 5f 69 6e 
byte offset 0xc48: error: error decoding instruction
64 65 78 3a  20 20 20 20 
byte offset 0xc50: error: error decoding instruction
20 20 20 30  0a 6b 65 72 
byte offset 0xc58: error: error decoding instruction
6e 65 6c 73  5f 6d 69 73 
byte offset 0xc60: error: error decoding instruction
63 5f 69 6e  66 6f 3a 0a 
byte offset 0xc68: error: GED reports invalid value for field Src1DataType (line 34)
jmpi:       20 20 2d 20 6e 61 6d 65 
20 20 2d 20  6e 61 6d 65 
byte offset 0xc70: error: error decoding instruction
3a 20 20 20  20 20 20 20 
byte offset 0xc78: error: error decoding instruction
20 20 20 20  20 74 65 73 
byte offset 0xc80: error: error decoding instruction
74 5f 73 74  6f 72 65 5f 
byte offset 0xc88: error: error decoding instruction
76 61 6c 69  64 61 74 69 
byte offset 0xc90: error: error decoding instruction
6f 6e 0a 20  20 20 20 61 
byte offset 0xc98: error: error decoding instruction
72 67 73 5f  69 6e 66 6f  3a 0a 20 20  20 20 20 20 
byte offset 0xcb0: error: error decoding instruction
20 20 20 20  20 20 20 20 
byte offset 0xcb8: error: error decoding instruction
20 20 20 30  0a 20 20 20 
byte offset 0xcc0: error: error decoding instruction
20 20 20 20  20 6e 61 6d 
byte offset 0xcc8: error: error decoding instruction
65 3a 20 20  20 20 20 20 
byte offset 0xcd0: error: error decoding instruction
20 20 20 20  20 20 6f 75 
byte offset 0xcd8: error: error decoding instruction
74 70 75 74  0a 20 20 20 
byte offset 0xce0: error: error decoding instruction
20 20 20 20  20 61 64 64 
byte offset 0xce8: error: error decoding instruction
72 65 73 73  5f 71 75 61 
byte offset 0xcf0: error: error decoding instruction
6c 69 66 69  65 72 3a 20 
byte offset 0xcf8: error: error decoding instruction
5f 5f 67 6c  6f 62 61 6c 
byte offset 0xd00: error: error decoding instruction
0a 20 20 20  20 20 20 20 
byte offset 0xd08: error: GED reports invalid value for field MaskCtrl (line 1939)
jmpi:       20 61 63 63 65 73 73 5f 
20 61 63 63  65 73 73 5f 
byte offset 0xd08: error: GED reports invalid value for field ExecSize (line 1982)
jmpi:       20 61 63 63 65 73 73 5f 
20 61 63 63  65 73 73 5f 
byte offset 0xd08: error: GED reports invalid value for field Src1DataType (line 34)
jmpi:       20 61 63 63 65 73 73 5f 
20 61 63 63  65 73 73 5f 
byte offset 0xd10: error: error decoding instruction
71 75 61 6c  69 66 69 65 
byte offset 0xd18: error: error decoding instruction
72 3a 20 4e  4f 4e 45 0a  20 20 20 20  20 20 20 20 
byte offset 0xd28: error: error decoding instruction
74 79 70 65  5f 6e 61 6d 
byte offset 0xd30: error: error decoding instruction
65 3a 20 20  20 20 20 20 
byte offset 0xd38: error: Align16 branches not supported
20 27 75 69  6e 74 2a 3b 
byte offset 0xd40: error: error decoding instruction
38 27 0a 20  20 20 20 20 
byte offset 0xd48: error: error decoding instruction
20 20 20 74  79 70 65 5f 
byte offset 0xd50: error: error decoding instruction
71 75 61 6c  69 66 69 65 
byte offset 0xd58: error: error decoding instruction
72 73 3a 20  4e 4f 4e 45 
byte offset 0xd60: error: dst: unsupported Align16 ChEn; only <1> (.xyzw) supported
0a 2e 2e 2e  0a 00 00 00 
byte offset 0xd68: error: GED reports invalid value for field Src1RegFile (line 43)
shr:        08 00 00 00 04 00 00 00  01 00 00 00 49 6e 74 65
08 00 00 00  04 00 00 00  01 00 00 00  49 6e 74 65 
byte offset 0xd68: error: invalid register file in src1
08 00 00 00  04 00 00 00  01 00 00 00  49 6e 74 65 
byte offset 0xd78: error: error decoding instruction
6c 47 54 00  12 00 00 00  08 00 00 00  04 00 00 00 
byte offset 0xd88: error: GED reports invalid value for field Src0RegFile (line 43)
sel:        02 00 00 00 49 6e 74 65  6c 47 54 00 0c 00 00 00
02 00 00 00  49 6e 74 65  6c 47 54 00  0c 00 00 00 
byte offset 0xd88: error: invalid register file in src0
02 00 00 00  49 6e 74 65  6c 47 54 00  0c 00 00 00 
byte offset 0xd98: error: GED reports invalid value for field Src1RegFile (line 43)
shr:        08 00 00 00 04 00 00 00  03 00 00 00 49 6e 74 65
08 00 00 00  04 00 00 00  03 00 00 00  49 6e 74 65 
byte offset 0xd98: error: invalid register file in src1
08 00 00 00  04 00 00 00  03 00 00 00  49 6e 74 65 
byte offset 0xda8: error: error decoding instruction
6c 47 54 00  00 09 29 00  08 00 00 00  05 00 00 00 
byte offset 0xdb8: error: GED reports invalid value for field Src0DataType (line 34)
not:        04 00 00 00 49 6e 74 65  6c 47 54 00 31 2e 34 34
04 00 00 00  49 6e 74 65  6c 47 54 00  31 2e 34 34 
byte offset 0xdb8: error: GED reports invalid field for field Imm (line 2185)
not:        04 00 00 00 49 6e 74 65  6c 47 54 00 31 2e 34 34
04 00 00 00  49 6e 74 65  6c 47 54 00  31 2e 34 34 
byte offset 0xdd8: error: error decoding instruction
49 6e 74 65  6c 47 54 00 
byte offset 0xde0: error: GED reports invalid value for field Src1RegFile (line 43)
shl:        09 00 40 02 08 00 00 00  04 00 00 00 07 00 00 00
09 00 40 02  08 00 00 00  04 00 00 00  07 00 00 00 
byte offset 0xde0: error: invalid register file in src1
09 00 40 02  08 00 00 00  04 00 00 00  07 00 00 00 
byte offset 0xdf0: error: error decoding instruction
49 6e 74 65  6c 47 54 00 
byte offset 0xdf8: error: GED reports invalid value for field Src0Width (line 33)
movi:       03 00 00 00 00 00 00 00  00 2e 74 65 78 74 2e 74
03 00 00 00  00 00 00 00  00 2e 74 65  78 74 2e 74 
byte offset 0xdf8: error: GED reports invalid value for field Src0VertStride (line 36)
movi:       03 00 00 00 00 00 00 00  00 2e 74 65 78 74 2e 74
03 00 00 00  00 00 00 00  00 2e 74 65  78 74 2e 74 
byte offset 0xe08: error: error decoding instruction
65 73 74 5f  73 74 6f 72  65 5f 76 61  6c 69 64 61 
byte offset 0xe18: error: error decoding instruction
74 69 6f 6e  00 2e 73 79 
byte offset 0xe20: error: error decoding instruction
6d 74 61 62  00 2e 73 70 
byte offset 0xe28: error: error decoding instruction
76 00 2e 6e  6f 74 65 2e 
byte offset 0xe30: error: error decoding instruction
69 6e 74 65  6c 67 74 2e 
byte offset 0xe38: error: error decoding instruction
6d 65 74 72  69 63 73 00 
byte offset 0xe50: error: error decoding instruction
6e 74 65 6c  67 74 2e 63 
byte offset 0xe58: error: error decoding instruction
6f 6d 70 61  74 00 2e 73 
byte offset 0xe60: error: error decoding instruction
74 72 74 61  62 00 74 65 
byte offset 0xe68: error: error decoding instruction
73 74 5f 73  74 6f 72 65 
byte offset 0xe70: error: error decoding instruction
5f 76 61 6c  69 64 61 74 
byte offset 0xe78: error: error decoding instruction
69 6f 6e 00  5f 65 6e 74  72 79 00 00  00 00 00 00 
byte offset 0xf08: error: error decoding instruction
1d 00 00 00  02 00 00 00  00 00 00 00  00 00 00 00 
byte offset 0xf28: error: GED reports invalid value for field Src1RegFile (line 43)
mac:        48 00 00 00 00 00 00 00  07 00 00 00 03 00 00 00
48 00 00 00  00 00 00 00  07 00 00 00  03 00 00 00 
byte offset 0xf28: error: invalid register file in src1
48 00 00 00  00 00 00 00  07 00 00 00  03 00 00 00 
byte offset 0xf68: error: GED reports invalid value for field MaskCtrl (line 1939)
jmpi:       a0 04 00 00 00 00 00 00  00 00 00 00 00 00 00 00
a0 04 00 00  00 00 00 00  00 00 00 00  00 00 00 00 
byte offset 0xf68: error: GED reports invalid value for field Src1RegFile (line 1748)
jmpi:       a0 04 00 00 00 00 00 00  00 00 00 00 00 00 00 00
a0 04 00 00  00 00 00 00  00 00 00 00  00 00 00 00 
byte offset 0xf68: error: GED reports invalid value for field Src1RegFile (line 43)
jmpi:       a0 04 00 00 00 00 00 00  00 00 00 00 00 00 00 00
a0 04 00 00  00 00 00 00  00 00 00 00  00 00 00 00 
byte offset 0xf68: error: invalid register file in src1
a0 04 00 00  00 00 00 00  00 00 00 00  00 00 00 00 
byte offset 0xfa8: error: GED reports invalid value for field Src1RegFile (line 43)
add:        40 00 00 00 00 00 00 00  00 00 00 00 00 00 00 00
40 00 00 00  00 00 00 00  00 00 00 00  00 00 00 00 
byte offset 0xfa8: error: invalid register file in src1
40 00 00 00  00 00 00 00  00 00 00 00  00 00 00 00 
byte offset 0xfc8: error: GED reports invalid value for field Src1RegFile (line 43)
add:        40 00 00 00 11 00 00 ff  00 00 00 00 00 00 00 00
40 00 00 00  11 00 00 ff  00 00 00 00  00 00 00 00 
byte offset 0xfc8: error: invalid register file in src1
40 00 00 00  11 00 00 ff  00 00 00 00  00 00 00 00 
byte offset 0xfe8: error: error decoding instruction
fd 05 00 00  00 00 00 00  00 00 00 00  00 00 00 00 
byte offset 0x1008: error: GED reports invalid value for field Src1RegFile (line 43)
mach:       49 00 00 00 07 00 00 00  00 00 00 00 00 00 00 00
49 00 00 00  07 00 00 00  00 00 00 00  00 00 00 00 
byte offset 0x1008: error: invalid register file in src1
49 00 00 00  07 00 00 00  00 00 00 00  00 00 00 00 
byte offset 0x1028: error: error decoding instruction
94 00 00 00  00 00 00 00  00 00 00 00  00 00 00 00 
byte offset 0x1048: error: error decoding instruction
5e 00 00 00  03 00 00 00  00 00 00 00  00 00 00 00 
byte offset 0xa18: error: src0 targets after kernel end: PC 6028
20 20 67 6c  6f 62 61 6c 
byte offset 0xa28: error: src0 targets after kernel end: PC 5775
20 61 63 63  65 73 73 5f 
byte offset 0xd08: error: src0 targets after kernel end: PC 6511
20 61 63 63  65 73 73 5f 
byte offset 0xe40: error: src0 targets after kernel end: PC 1764651956
2e 7a 65 5f  69 6e 66 6f  00 2e 6e 6f  74 65 2e 69 
byte offset 0xe40: error: src1 targets after kernel end: PC 1869495360
2e 7a 65 5f  69 6e 66 6f  00 2e 6e 6f  74 65 2e 69 
