=== LUMVORAX C492 - Interception Batch OpenCL ===


=== EXECBUFFER2 #1 ===
Timestamp: 1779578429
buffers_ptr: 0x573612d3db50
buffer_count: 10
batch_start_offset: 0
batch_len: 320
flags: 0x800
rsvd1: 0x1
rsvd2: 0x0

=== EXEC OBJECTS (10) ===

Object[0]:
  handle: 10
  relocation_count: 0
  relocs_ptr: 0x0
  alignment: 0
  offset: 0x7ecb3dc33000
  flags: 0x18

Object[1]:
  handle: 9
  relocation_count: 0
  relocs_ptr: 0x0
  alignment: 0
  offset: 0xffff8001fffed000
  flags: 0x18

Object[2]:
  handle: 12
  relocation_count: 0
  relocs_ptr: 0x0
  alignment: 0
  offset: 0x7ecb3d8f2000
  flags: 0x18

Object[3]:
  handle: 14
  relocation_count: 0
  relocs_ptr: 0x0
  alignment: 0
  offset: 0x7ecb3d8e1000
  flags: 0x18

Object[4]:
  handle: 13
  relocation_count: 0
  relocs_ptr: 0x0
  alignment: 0
  offset: 0xffff8001fffdd000
  flags: 0x18

Object[5]:
  handle: 2
  relocation_count: 0
  relocs_ptr: 0x0
  alignment: 0
  offset: 0x7ecb3dc39000
  flags: 0x18

Object[6]:
  handle: 3
  relocation_count: 0
  relocs_ptr: 0x0
  alignment: 0
  offset: 0x7ecb3ac00000
  flags: 0x18

Object[7]:
  handle: 8
  relocation_count: 0
  relocs_ptr: 0x0
  alignment: 0
  offset: 0xffff8001fffee000
  flags: 0x18

Object[8]:
  handle: 11
  relocation_count: 0
  relocs_ptr: 0x0
  alignment: 0
  offset: 0x7ecb3d923000
  flags: 0x18

Object[9]:
  handle: 15
  relocation_count: 0
  relocs_ptr: 0x0
  alignment: 0
  offset: 0x7ecb3d8d0000
  flags: 0x18

=== BATCH BUFFER CONTENT ===
Length: 320 bytes (80 DWORDs)

Pour dumper le contenu batch, utiliser:
  intel_gpu_top --batch-buffer
  ou mapper le buffer via drm_intel_bo_map()

=== FIN INTERCEPTION ===
Total EXECBUFFER2: 1
