ioctl(6, DRM_IOCTL_I915_GEM_EXECBUFFER2, 0x7ffe3a37e100) = 0
[24341.846268627] ✅ Kernel exécuté en 0.005564 secondes
[24341.846538035] ✅ Résultats lus
[24341.846573255] 🔍 VALIDATION RÉSULTATS
[24341.846601999] 📊 output[0] = 0x12345678 (attendu: 0x12345678)
[24341.846637050] ✅ TEST ABSOLU RÉUSSI: output[0] == 0x12345678
[24341.846667463] ✅ TEST SECONDAIRE RÉUSSI: get_global_id() fonctionnel
ioctl(6, DRM_IOCTL_I915_GEM_WAIT or DRM_IOCTL_RADEON_GEM_OP, 0x7ffe3a383b40) = 0
ioctl(6, DRM_IOCTL_GEM_CLOSE, 0x7ffe3a383b30) = 0
ioctl(6, DRM_IOCTL_I915_GEM_WAIT or DRM_IOCTL_RADEON_GEM_OP, 0x7ffe3a383a90) = 0
ioctl(6, DRM_IOCTL_GEM_CLOSE, 0x7ffe3a383a80) = 0
[24341.847090486] ✅ TEST C427 #1 RÉUSSI - Kernel fonctionne avec OpenCL
[24341.847123293] 📝 CONCLUSION: Problème dans infrastructure i915 native, PAS dans kernel
ioctl(6, DRM_IOCTL_I915_GEM_WAIT or DRM_IOCTL_RADEON_GEM_OP, 0x7ffe3a384d80) = 0
ioctl(6, DRM_IOCTL_GEM_CLOSE, 0x7ffe3a384d70) = 0
ioctl(6, DRM_IOCTL_I915_GEM_WAIT or DRM_IOCTL_RADEON_GEM_OP, 0x7ffe3a384d80) = 0
ioctl(6, DRM_IOCTL_GEM_CLOSE, 0x7ffe3a384d70) = 0
ioctl(6, DRM_IOCTL_I915_GEM_WAIT or DRM_IOCTL_RADEON_GEM_OP, 0x7ffe3a384d80) = 0
ioctl(6, DRM_IOCTL_GEM_CLOSE, 0x7ffe3a384d70) = 0
ioctl(6, DRM_IOCTL_I915_GEM_WAIT or DRM_IOCTL_RADEON_GEM_OP, 0x7ffe3a384d80) = 0
ioctl(6, DRM_IOCTL_GEM_CLOSE, 0x7ffe3a384d70) = 0
ioctl(6, DRM_IOCTL_I915_GEM_WAIT or DRM_IOCTL_RADEON_GEM_OP, 0x7ffe3a384eb0) = 0
ioctl(6, DRM_IOCTL_GEM_CLOSE, 0x7ffe3a384ea0) = 0
ioctl(6, DRM_IOCTL_I915_GEM_WAIT or DRM_IOCTL_RADEON_GEM_OP, 0x7ffe3a384eb0) = 0
ioctl(6, DRM_IOCTL_GEM_CLOSE, 0x7ffe3a384ea0) = 0
ioctl(6, DRM_IOCTL_I915_GEM_WAIT or DRM_IOCTL_RADEON_GEM_OP, 0x7ffe3a384eb0) = 0
ioctl(6, DRM_IOCTL_GEM_CLOSE, 0x7ffe3a384ea0) = 0
ioctl(6, DRM_IOCTL_I915_GEM_CONTEXT_DESTROY, 0x7ffe3a384f10) = 0
ioctl(6, DRM_IOCTL_I915_GEM_WAIT or DRM_IOCTL_RADEON_GEM_OP, 0x7ffe3a384eb0) = 0
ioctl(6, DRM_IOCTL_GEM_CLOSE, 0x7ffe3a384ea0) = 0
ioctl(6, DRM_IOCTL_I915_GEM_WAIT or DRM_IOCTL_RADEON_GEM_OP, 0x7ffe3a384eb0) = 0
ioctl(6, DRM_IOCTL_GEM_CLOSE, 0x7ffe3a384ea0) = 0
ioctl(6, DRM_IOCTL_I915_GEM_WAIT or DRM_IOCTL_RADEON_GEM_OP, 0x7ffe3a384eb0) = 0
ioctl(6, DRM_IOCTL_GEM_CLOSE, 0x7ffe3a384ea0) = 0
ioctl(6, DRM_IOCTL_I915_GEM_WAIT or DRM_IOCTL_RADEON_GEM_OP, 0x7ffe3a384eb0) = 0
ioctl(6, DRM_IOCTL_GEM_CLOSE, 0x7ffe3a384ea0) = 0
ioctl(6, DRM_IOCTL_I915_GEM_CONTEXT_DESTROY, 0x7ffe3a384f10) = 0
ioctl(6, DRM_IOCTL_GEM_CLOSE, 0x7ffe3a384fe0) = 0
ioctl(6, DRM_IOCTL_I915_GEM_WAIT or DRM_IOCTL_RADEON_GEM_OP, 0x7ffe3a384fc0) = 0
ioctl(6, DRM_IOCTL_GEM_CLOSE, 0x7ffe3a384fb0) = 0
ioctl(6, DRM_IOCTL_I915_GEM_VM_DESTROY, 0x7ffe3a384fe0) = 0
+++ exited with 0 +++
