--- SIGCHLD {si_signo=SIGCHLD, si_code=CLD_EXITED, si_pid=22395, si_uid=1000, si_status=0, si_utime=0, si_stime=0} ---
ioctl(6, DRM_IOCTL_VERSION, 0x7ffdcc14a500) = 0
ioctl(6, DRM_IOCTL_I915_GETPARAM, 0x7ffdcc14a770) = 0
ioctl(6, DRM_IOCTL_I915_GETPARAM, 0x7ffdcc14a770) = 0
ioctl(6, DRM_IOCTL_I915_REG_READ, 0x7ffdcc14a6d0) = 0
ioctl(6, DRM_IOCTL_I915_QUERY, 0x7ffdcc14a660) = 0
ioctl(6, DRM_IOCTL_I915_QUERY, 0x7ffdcc14a660) = 0
ioctl(6, DRM_IOCTL_I915_QUERY, 0x7ffdcc14a6d0) = 0
ioctl(6, DRM_IOCTL_I915_GETPARAM, 0x7ffdcc14a7a0) = 0
ioctl(6, DRM_IOCTL_I915_GEM_CONTEXT_SETPARAM, 0x7ffdcc14a7f0) = -1 EINVAL (Invalid argument)
ioctl(6, DRM_IOCTL_I915_QUERY, 0x7ffdcc14a6d0) = 0
ioctl(6, DRM_IOCTL_I915_QUERY, 0x7ffdcc14a6d0) = 0
ioctl(6, DRM_IOCTL_I915_QUERY, 0x7ffdcc14a640) = 0
ioctl(6, DRM_IOCTL_I915_QUERY, 0x7ffdcc14a640) = 0
ioctl(6, DRM_IOCTL_I915_GEM_VM_CREATE, 0x7ffdcc14a770) = 0
ioctl(6, DRM_IOCTL_I915_QUERY, 0x7ffdcc149ed0) = 0
ioctl(6, DRM_IOCTL_I915_QUERY, 0x7ffdcc149ed0) = 0
ioctl(6, DRM_IOCTL_I915_GEM_CONTEXT_GETPARAM, 0x7ffdcc149fd0) = 0
ioctl(6, DRM_IOCTL_I915_GEM_CONTEXT_GETPARAM, 0x7ffdcc149fc0) = 0
ioctl(6, DRM_IOCTL_I915_GEM_CONTEXT_GETPARAM, 0x7ffdcc149fe0) = 0
ioctl(6, DRM_IOCTL_I915_GETPARAM, 0x7ffdcc149f70) = 0
ioctl(6, DRM_IOCTL_I915_GEM_CONTEXT_GETPARAM, 0x7ffdcc14a850) = 0
ioctl(6, DRM_IOCTL_I915_GEM_CONTEXT_GETPARAM, 0x7ffdcc14a810) = 0
ioctl(6, DRM_IOCTL_I915_GEM_USERPTR, 0x7ffdcc14a800) = 0
ioctl(6, DRM_IOCTL_I915_GEM_CONTEXT_CREATE_EXT, 0x7ffdcc14a4c0) = 0
ioctl(6, DRM_IOCTL_I915_GEM_CONTEXT_SETPARAM, 0x7ffdcc14a500) = 0
ioctl(6, DRM_IOCTL_I915_GEM_CONTEXT_SETPARAM, 0x7ffdcc14a500) = 0
ioctl(6, DRM_IOCTL_I915_GEM_CONTEXT_SETPARAM, 0x7ffdcc14a450) = 0
ioctl(6, DRM_IOCTL_I915_GEM_CREATE_EXT, 0x7ffdcc149fc0) = 0
ioctl(6, DRM_IOCTL_I915_GEM_MMAP_OFFSET, 0x7ffdcc14a290) = 0
ioctl(6, DRM_IOCTL_I915_GEM_CREATE_EXT, 0x7ffdcc14a140) = 0
ioctl(6, DRM_IOCTL_I915_GEM_MMAP_OFFSET, 0x7ffdcc14a410) = 0
ioctl(6, DRM_IOCTL_I915_GEM_CREATE_EXT, 0x7ffdcc149fc0) = 0
ioctl(6, DRM_IOCTL_I915_GEM_MMAP_OFFSET, 0x7ffdcc14a290) = 0
ioctl(6, DRM_IOCTL_I915_GEM_CREATE_EXT, 0x7ffdcc14a140) = 0
ioctl(6, DRM_IOCTL_I915_GEM_MMAP_OFFSET, 0x7ffdcc14a410) = 0
ioctl(6, DRM_IOCTL_I915_GEM_CONTEXT_CREATE_EXT, 0x7ffdcc14a4c0) = 0
ioctl(6, DRM_IOCTL_I915_GEM_CONTEXT_SETPARAM, 0x7ffdcc14a500) = 0
ioctl(6, DRM_IOCTL_I915_GEM_CONTEXT_SETPARAM, 0x7ffdcc14a500) = 0
ioctl(6, DRM_IOCTL_I915_GEM_CONTEXT_SETPARAM, 0x7ffdcc14a450) = 0
ioctl(6, DRM_IOCTL_I915_GEM_CREATE_EXT, 0x7ffdcc149fc0) = 0
ioctl(6, DRM_IOCTL_I915_GEM_MMAP_OFFSET, 0x7ffdcc14a290) = 0
ioctl(6, DRM_IOCTL_I915_GEM_CREATE_EXT, 0x7ffdcc14a140) = 0
ioctl(6, DRM_IOCTL_I915_GEM_MMAP_OFFSET, 0x7ffdcc14a410) = 0
ioctl(6, DRM_IOCTL_I915_GEM_CONTEXT_GETPARAM, 0x7ffdcc14a7d0) = 0
ioctl(6, DRM_IOCTL_I915_GEM_CONTEXT_GETPARAM, 0x7ffdcc14a7d0) = 0
ioctl(6, DRM_IOCTL_I915_GETPARAM, 0x7ffdcc14a7d0) = 0
ioctl(6, DRM_IOCTL_I915_GETPARAM, 0x7ffdcc14a7d0) = 0
ioctl(6, DRM_IOCTL_I915_GEM_USERPTR, 0x7ffdcc14a4a0) = 0
ioctl(6, DRM_IOCTL_I915_GEM_CREATE_EXT, 0x7ffdcc149f20) = 0
ioctl(6, DRM_IOCTL_I915_GEM_MMAP_OFFSET, 0x7ffdcc14a1f0) = 0
ioctl(6, DRM_IOCTL_I915_GEM_USERPTR, 0x7ffdcc14a200) = 0
ioctl(6, DRM_IOCTL_I915_GEM_CREATE_EXT, 0x7ffdcc145250) = 0
ioctl(6, DRM_IOCTL_I915_GEM_MMAP_OFFSET, 0x7ffdcc145520) = 0
ioctl(6, DRM_IOCTL_I915_GEM_CREATE_EXT, 0x7ffdcc1450f0) = 0
ioctl(6, DRM_IOCTL_I915_GEM_MMAP_OFFSET, 0x7ffdcc1453c0) = 0
ioctl(6, DRM_IOCTL_I915_GEM_USERPTR, 0x7ffdcc145440) = 0
ioctl(6, DRM_IOCTL_I915_GEM_CREATE_EXT, 0x7ffdcc1450f0) = 0
ioctl(6, DRM_IOCTL_I915_GEM_MMAP_OFFSET, 0x7ffdcc1453c0) = 0
ioctl(6, DRM_IOCTL_I915_GEM_CREATE_EXT, 0x7ffdcc144cb0) = 0
ioctl(6, DRM_IOCTL_I915_GEM_MMAP_OFFSET, 0x7ffdcc144f80) = 0
ioctl(6, DRM_IOCTL_I915_GEM_EXECBUFFER2, 0x7ffdcc1450f0) = 0
ioctl(6, DRM_IOCTL_I915_GEM_WAIT or DRM_IOCTL_RADEON_GEM_OP, 0x7ffdcc14aa80) = 0
ioctl(6, DRM_IOCTL_GEM_CLOSE, 0x7ffdcc14aa70) = 0
ioctl(6, DRM_IOCTL_I915_GEM_WAIT or DRM_IOCTL_RADEON_GEM_OP, 0x7ffdcc14ab30) = 0
ioctl(6, DRM_IOCTL_GEM_CLOSE, 0x7ffdcc14ab20) = 0
ioctl(6, DRM_IOCTL_I915_GEM_WAIT or DRM_IOCTL_RADEON_GEM_OP, 0x7ffdcc14b880) = 0
ioctl(6, DRM_IOCTL_GEM_CLOSE, 0x7ffdcc14b870) = 0
ioctl(6, DRM_IOCTL_I915_GEM_WAIT or DRM_IOCTL_RADEON_GEM_OP, 0x7ffdcc14b880) = 0
ioctl(6, DRM_IOCTL_GEM_CLOSE, 0x7ffdcc14b870) = 0
ioctl(6, DRM_IOCTL_I915_GEM_WAIT or DRM_IOCTL_RADEON_GEM_OP, 0x7ffdcc14b880) = 0
ioctl(6, DRM_IOCTL_GEM_CLOSE, 0x7ffdcc14b870) = 0
ioctl(6, DRM_IOCTL_I915_GEM_WAIT or DRM_IOCTL_RADEON_GEM_OP, 0x7ffdcc14b880) = 0
ioctl(6, DRM_IOCTL_GEM_CLOSE, 0x7ffdcc14b870) = 0
ioctl(6, DRM_IOCTL_I915_GEM_WAIT or DRM_IOCTL_RADEON_GEM_OP, 0x7ffdcc14b9b0) = 0
ioctl(6, DRM_IOCTL_GEM_CLOSE, 0x7ffdcc14b9a0) = 0
ioctl(6, DRM_IOCTL_I915_GEM_WAIT or DRM_IOCTL_RADEON_GEM_OP, 0x7ffdcc14b9b0) = 0
ioctl(6, DRM_IOCTL_GEM_CLOSE, 0x7ffdcc14b9a0) = 0
ioctl(6, DRM_IOCTL_I915_GEM_WAIT or DRM_IOCTL_RADEON_GEM_OP, 0x7ffdcc14b9b0) = 0
ioctl(6, DRM_IOCTL_GEM_CLOSE, 0x7ffdcc14b9a0) = 0
ioctl(6, DRM_IOCTL_I915_GEM_CONTEXT_DESTROY, 0x7ffdcc14ba10) = 0
ioctl(6, DRM_IOCTL_I915_GEM_WAIT or DRM_IOCTL_RADEON_GEM_OP, 0x7ffdcc14b9b0) = 0
ioctl(6, DRM_IOCTL_GEM_CLOSE, 0x7ffdcc14b9a0) = 0
ioctl(6, DRM_IOCTL_I915_GEM_WAIT or DRM_IOCTL_RADEON_GEM_OP, 0x7ffdcc14b9b0) = 0
ioctl(6, DRM_IOCTL_GEM_CLOSE, 0x7ffdcc14b9a0) = 0
ioctl(6, DRM_IOCTL_I915_GEM_WAIT or DRM_IOCTL_RADEON_GEM_OP, 0x7ffdcc14b9b0) = 0
ioctl(6, DRM_IOCTL_GEM_CLOSE, 0x7ffdcc14b9a0) = 0
ioctl(6, DRM_IOCTL_I915_GEM_WAIT or DRM_IOCTL_RADEON_GEM_OP, 0x7ffdcc14b9b0) = 0
ioctl(6, DRM_IOCTL_GEM_CLOSE, 0x7ffdcc14b9a0) = 0
ioctl(6, DRM_IOCTL_I915_GEM_CONTEXT_DESTROY, 0x7ffdcc14ba10) = 0
ioctl(6, DRM_IOCTL_GEM_CLOSE, 0x7ffdcc14bae0) = 0
ioctl(6, DRM_IOCTL_I915_GEM_WAIT or DRM_IOCTL_RADEON_GEM_OP, 0x7ffdcc14bac0) = 0
ioctl(6, DRM_IOCTL_GEM_CLOSE, 0x7ffdcc14bab0) = 0
ioctl(6, DRM_IOCTL_I915_GEM_VM_DESTROY, 0x7ffdcc14bae0) = 0
+++ exited with 0 +++
