[LUMVORAX] init_lum: log_run=logs/forensic/modules/btc_qm_engine_forensic_btc_20260430T075407Z_39873.log ACTIF v3.0 (FD_PERSISTANT=ON)
[ULTRA_FORENSIC] Système de logging forensique v3.0 initialisé

╔══════════════════════════════════════════════════════════╗
║  LumVorax — Module 17 — Bitcoin Quantum Mining Engine   ║
║  Version : 1.0.0-C43 | Standard : STANDARD_NAMES v4.2  ║
║  C43 : NX48 dual-neuron, POW candidate export           ║
║  C43 : module bridge advisory + chain validator         ║
╚══════════════════════════════════════════════════════════╝
[BTC_QM] run_id    = btc_20260430T075407Z_39873
[BTC_QM] mode      = BENCHMARK
[BTC_QM] threads   = 8
[BTC_QM] duration  = 600 s
[BTC_QM] nx48 csv  = config/btc_nx48_last.csv
[BTC_QM] log dir   = logs/forensic
[BTC_QM] bits      = 0x1d00ffff
[BTC_QM] target    = 000000000000000000000000000000000000000000000000000000ffff000000
[NX48-LUM] Chargé : update=2336 best=38 bits exploration=0.950 delta=2.03 [header-bound]
[NX48-HW] CPU:8 threads AVX:1 (AVX2) SHA-NI:0 | GPU-OpenCL:Intel(R) UHD Graphics 620 DRI:1 | RAM:3787MB
[NX48-HW] Binaire compilé AVEC : AVX2+SSE +FMA | gcc auto-vectorise SHA-256 dès maintenant
[NX48-INIT] C61 — 8 sous-neurones × 2 | exploration_bias=0.95 | LUM=chargé
[BTC_QM] NX48_BTC C61 initialisé — update_count=2336 best_leading=38
[BTC_QM] NX48 architecture C61 : 2 neurones × 8 sous-neurones = 16 total
[BTC_QM] NX48 contrôle : threads=8 | T_hot=1.0 | T_cold=1.0 | GPU=Intel(R) UHD Graphics 620
[BTC_QM] NX48 exploration_bias=0.950 | delta_nonce=2.03 | AVX=1
[SMAPS-KERNEL] RSS=4376 KB (1094 pages 4KiB)
[SMAPS-KERNEL] AnonHugePages (THP 2MB)=0 KB (0 hugepages)
[SMAPS-KERNEL] Private_Dirty=864 KB | Shared_Dirty=0 KB
[SMAPS-KERNEL] Referenced=4376 KB | VM_Total=0 KB
[SMAPS-KERNEL] Granularité réelle : PAGE 4KiB standard (selon AnonHugePages)
[C118-Q5] ASIC optimizer balayage 4 tailles batch (BTC_TUNE_FULL=1 pour sweep complet)...

╔══════════════════════════════════════════════════════════╗
║     ASIC BTC OPTIMIZER — Rapport C115                  ║
╠══════════════════════════════════════════════════════════╣
║ CONFIGURATION                                           ║
║   Pipeline depth    : 64 stages SHA-256              
║   Moteurs parallèles: 96                              
║   Fréquence         : 0.000 GHz                        
║   Stratégie nonce   : SEQUENTIAL                             
║   Batch size        : 2097152 nonces                      
║   Durée simulation  : 5 s                         
╠══════════════════════════════════════════════════════════╣
║ RÉSULTATS HASHRATE                                      ║
║   Peak              : 0.001 MH/s                      
║   Moyen             : 0.001 MH/s                      
║   Final             : 0.001 MH/s                      
║   Déclin thermique  : 0.00 %                        
╠══════════════════════════════════════════════════════════╣
║ MÉTRIQUES EFFICACITÉ                                    ║
║   W/GH              : 71525.5737                           
║   J/hash            : 7.15e-05                           
║   Total hashes      : 2.097e+06                           
║   Batches traités   : 1                           
╠══════════════════════════════════════════════════════════╣
║ MÉTRIQUES QUALITÉ NONCE                                 ║
║   Best leading bits : 11                              
║   Best nonce        : 0x00000121                        
║   Near-miss / MH    : 0.0000                           
╠══════════════════════════════════════════════════════════╣
║ MÉTRIQUES NX48                                          ║
║   Delta final       : 6.000                           
║   Resets C62        : 0                              
╠══════════════════════════════════════════════════════════╣
║ SCORE OPTIMISATION  : 3.4 / 100                     
╚══════════════════════════════════════════════════════════╝

[C118-Q5] BEST batch=2097152 (idx=3) | score=3.4 | hashrate_avg=0.00 MH/s
[C118-Q5] nx48_ctrl_batch_size ← 2097152 (boucle feedback fermée)
[BTC_QM] Test intégrité SHA-256 (NIST)… OK ✓
[BTC_QM] Génération nouveau wallet secp256k1 pour ce run…

╔═══════════════════════════════════════════════════════════╗
║        LumVorax — Wallet Bitcoin RÉEL                    ║
╠═══════════════════════════════════════════════════════════╣
║ Réseau      : TESTNET3                                      ║
║ run_id      : btc_20260430T075407Z_39873                    ║
╠═══════════════════════════════════════════════════════════╣
║ Adresse P2PKH   : mjdnkPz31qv63o2qJvdqV1tmkZC4JvNegd        ║
║ Adresse Bech32  : tb1q954hyjg0sc3uztfeh8uepaumjg2mgej2mzfqh4║
╠═══════════════════════════════════════════════════════════╣
║ Clé privée (hex): 97967767...(masquée)                     ║
║ WIF compressé   : cSfNKfzG2YFL8XbcB1Z6r1jEVrwoxAt4e6HvYTPAbVSCmUMGzWPd║
╠═══════════════════════════════════════════════════════════╣
║ HASH160 (hex)   : 2d2b72490f8623c12d39b9f990f79b9215b4664a  ║
╚═══════════════════════════════════════════════════════════╝
[BTC_QM] Wallet sauvegardé → logs/forensic/wallet_btc_20260430T075407Z_39873.json
[BTC_QM] Lancement du moteur PT-MC…
[OCL] GPU trouvé : Intel(R) UHD Graphics 620 (plateforme: Intel(R) OpenCL Graphics)
[OCL] → Sélectionné : Intel(R) UHD Graphics 620
[OCL] max_wg=256 max_items=256 gmem=6715 MB batch=262144
[OCL] ✅ OpenCL initialisé — batch=262144 — cible: 50-200 MH/s
[C116-WARMUP] Batch factice JIT en cours (élimination cold-start)...
[C116-WARMUP] ✅ JIT warm-up terminé : 7.33 MH/s froid (prochain batch = GPU chaud)
[OCL] Benchmark : 11.54 MH/s (batch=262144, t=0.023s)
[C42-WATCHDOG] 🟢 RAM disponible au démarrage: 3785MB
[C100-ALLTIME] seed best_lz_alltime=38 nonce=4278190080 upd_count=16 (historique préservé)
[C65-GPU-EARLY] ✅ GPU OpenCL activé AVANT moteur PT-MC : Intel(R) UHD Graphics 620
[C69-GPU] Thread GPU lance en parallele de 8 threads CPU
[C69-GPU] Pour valider GPU reel : chercher log '[C69-GPU] ===== THREAD GPU ACTIF'
[C69-GPU] ===== THREAD GPU ACTIF — btc_opencl_mine_batch() APPELEE =====
[C69-GPU] Hashrate GPU mesure (benchmark) : 11.54 MH/s
[C69-GPU] Target near-miss : 20 bits | Batch : 262144 nonces/dispatch
[C116-P4] near_miss_bits adaptatif = 20 bits (QDPR)
[C69-GPU] batch #100 | GPU hashes: 26214400 | near-miss GPU best: 25 bits | ~11.5 MH/s
[C69-GPU] batch #200 | GPU hashes: 52428800 | near-miss GPU best: 27 bits | ~11.5 MH/s
[C88-GPU-FIX] Near-miss GPU nonce=2226034250 best=20 bits (target_bits=20) — minage continue (PAS un bloc valide)
[C69-GPU] batch #300 | GPU hashes: 78643200 | near-miss GPU best: 27 bits | ~11.5 MH/s
[C88-GPU-FIX] Near-miss GPU nonce=2239231328 best=22 bits (target_bits=20) — minage continue (PAS un bloc valide)
[C69-GPU] batch #400 | GPU hashes: 104857600 | near-miss GPU best: 27 bits | ~11.5 MH/s
[BTC_QM] elapsed=10.0s hashes=130027520 hashrate=12.97MH/s best_leading=38 best_nonce=4278190080 nx48_delta=2.27
[C69-GPU] batch #500 | GPU hashes: 131072000 | near-miss GPU best: 27 bits | ~11.5 MH/s
[C69-GPU] batch #600 | GPU hashes: 157286400 | near-miss GPU best: 27 bits | ~11.5 MH/s
[C69-GPU] batch #700 | GPU hashes: 183500800 | near-miss GPU best: 27 bits | ~11.5 MH/s
[C69-GPU] batch #800 | GPU hashes: 209715200 | near-miss GPU best: 27 bits | ~11.5 MH/s
[C69-GPU] batch #900 | GPU hashes: 235929600 | near-miss GPU best: 29 bits | ~11.5 MH/s
[BTC_QM] elapsed=20.0s hashes=261378048 hashrate=13.05MH/s best_leading=38 best_nonce=4278190080 nx48_delta=2.91
[C69-GPU] batch #1000 | GPU hashes: 262144000 | near-miss GPU best: 29 bits | ~11.5 MH/s
[C88-GPU-FIX] Near-miss GPU nonce=2435801031 best=20 bits (target_bits=20) — minage continue (PAS un bloc valide)
[C69-GPU] batch #1100 | GPU hashes: 288358400 | near-miss GPU best: 29 bits | ~11.5 MH/s
[C69-GPU] batch #1200 | GPU hashes: 314572800 | near-miss GPU best: 29 bits | ~11.5 MH/s
[C88-GPU-FIX] Near-miss GPU nonce=2475139374 best=26 bits (target_bits=20) — minage continue (PAS un bloc valide)
[C69-GPU] batch #1300 | GPU hashes: 340787200 | near-miss GPU best: 29 bits | ~11.5 MH/s
[BTC_QM] elapsed=30.0s hashes=364793856 hashrate=12.14MH/s best_leading=38 best_nonce=4278190080 nx48_delta=3.09
[C69-GPU] batch #1400 | GPU hashes: 367001600 | near-miss GPU best: 29 bits | ~11.5 MH/s
[C69-GPU] batch #1500 | GPU hashes: 393216000 | near-miss GPU best: 29 bits | ~11.5 MH/s
[C69-GPU] batch #1600 | GPU hashes: 419430400 | near-miss GPU best: 29 bits | ~11.5 MH/s
[BTC_QM] elapsed=40.1s hashes=457609216 hashrate=11.40MH/s best_leading=38 best_nonce=4278190080 nx48_delta=3.47
[C88-GPU-FIX] Near-miss GPU nonce=2579999496 best=22 bits (target_bits=20) — minage continue (PAS un bloc valide)
[C69-GPU] batch #1700 | GPU hashes: 445644800 | near-miss GPU best: 29 bits | ~11.5 MH/s
[C69-GPU] batch #1800 | GPU hashes: 471859200 | near-miss GPU best: 29 bits | ~11.5 MH/s
[C88-GPU-FIX] Near-miss GPU nonce=2645550544 best=20 bits (target_bits=20) — minage continue (PAS un bloc valide)
[C69-GPU] batch #1900 | GPU hashes: 498073600 | near-miss GPU best: 29 bits | ~11.5 MH/s
[BTC_QM] elapsed=50.2s hashes=531464192 hashrate=10.60MH/s best_leading=38 best_nonce=4278190080 nx48_delta=4.29
[C69-GPU] batch #2000 | GPU hashes: 524288000 | near-miss GPU best: 29 bits | ~11.5 MH/s
[C88-GPU-FIX] Near-miss GPU nonce=2684736835 best=23 bits (target_bits=20) — minage continue (PAS un bloc valide)
[C69-GPU] batch #2100 | GPU hashes: 550502400 | near-miss GPU best: 29 bits | ~11.5 MH/s
[BTC_QM] elapsed=60.2s hashes=605073408 hashrate=10.06MH/s best_leading=38 best_nonce=4278190080 nx48_delta=4.56
[C69-GPU] batch #2200 | GPU hashes: 576716800 | near-miss GPU best: 29 bits | ~11.5 MH/s
[C69-GPU] batch #2300 | GPU hashes: 602931200 | near-miss GPU best: 29 bits | ~11.5 MH/s
[C69-GPU] batch #2400 | GPU hashes: 629145600 | near-miss GPU best: 29 bits | ~11.5 MH/s
[BTC_QM] elapsed=70.3s hashes=678633472 hashrate=9.66MH/s best_leading=38 best_nonce=4278190080 nx48_delta=4.57
[C69-GPU] batch #2500 | GPU hashes: 655360000 | near-miss GPU best: 31 bits | ~11.5 MH/s
[C88-GPU-FIX] Near-miss GPU nonce=2828802287 best=23 bits (target_bits=20) — minage continue (PAS un bloc valide)
[C69-GPU] batch #2600 | GPU hashes: 681574400 | near-miss GPU best: 31 bits | ~11.5 MH/s
[C88-GPU-FIX] Near-miss GPU nonce=2842157412 best=21 bits (target_bits=20) — minage continue (PAS un bloc valide)
[C69-GPU] batch #2700 | GPU hashes: 707788800 | near-miss GPU best: 31 bits | ~11.5 MH/s
[BTC_QM] elapsed=80.3s hashes=751837184 hashrate=9.36MH/s best_leading=38 best_nonce=4278190080 nx48_delta=7.13
[C69-GPU] batch #2800 | GPU hashes: 734003200 | near-miss GPU best: 31 bits | ~11.5 MH/s
[C69-GPU] batch #2900 | GPU hashes: 760217600 | near-miss GPU best: 31 bits | ~11.5 MH/s
[BTC_QM] elapsed=90.3s hashes=825409536 hashrate=9.14MH/s best_leading=38 best_nonce=4278190080 nx48_delta=7.84
[C69-GPU] batch #3000 | GPU hashes: 786432000 | near-miss GPU best: 31 bits | ~11.5 MH/s
[C69-GPU] batch #3100 | GPU hashes: 812646400 | near-miss GPU best: 31 bits | ~11.5 MH/s
[C69-GPU] batch #3200 | GPU hashes: 838860800 | near-miss GPU best: 31 bits | ~11.5 MH/s
[BTC_QM] elapsed=100.4s hashes=899280896 hashrate=8.96MH/s best_leading=38 best_nonce=4278190080 nx48_delta=8.20
[C69-GPU] batch #3300 | GPU hashes: 865075200 | near-miss GPU best: 31 bits | ~11.5 MH/s
[C88-GPU-FIX] Near-miss GPU nonce=3025644239 best=21 bits (target_bits=20) — minage continue (PAS un bloc valide)
[C88-GPU-FIX] Near-miss GPU nonce=3038615998 best=21 bits (target_bits=20) — minage continue (PAS un bloc valide)
[C69-GPU] batch #3400 | GPU hashes: 891289600 | near-miss GPU best: 31 bits | ~11.5 MH/s
[C69-GPU] batch #3500 | GPU hashes: 917504000 | near-miss GPU best: 31 bits | ~11.5 MH/s
[BTC_QM] elapsed=110.4s hashes=972857344 hashrate=8.81MH/s best_leading=38 best_nonce=4278190080 nx48_delta=7.69
[C88-GPU-FIX] Near-miss GPU nonce=3091142533 best=22 bits (target_bits=20) — minage continue (PAS un bloc valide)
[C69-GPU] batch #3600 | GPU hashes: 943718400 | near-miss GPU best: 31 bits | ~11.5 MH/s
[C69-GPU] batch #3700 | GPU hashes: 969932800 | near-miss GPU best: 31 bits | ~11.5 MH/s
[BTC_QM] elapsed=120.5s hashes=1045331968 hashrate=8.68MH/s best_leading=38 best_nonce=4278190080 nx48_delta=8.29
[C69-GPU] batch #3800 | GPU hashes: 996147200 | near-miss GPU best: 31 bits | ~11.5 MH/s
[C69-GPU] batch #3900 | GPU hashes: 1022361600 | near-miss GPU best: 31 bits | ~11.5 MH/s
[C69-GPU] batch #4000 | GPU hashes: 1048576000 | near-miss GPU best: 31 bits | ~11.5 MH/s
[BTC_QM] elapsed=130.6s hashes=1118384128 hashrate=8.57MH/s best_leading=38 best_nonce=4278190080 nx48_delta=10.19
[C88-GPU-FIX] Near-miss GPU nonce=3222157796 best=23 bits (target_bits=20) — minage continue (PAS un bloc valide)
[C69-GPU] batch #4100 | GPU hashes: 1074790400 | near-miss GPU best: 31 bits | ~11.5 MH/s
[C69-GPU] batch #4200 | GPU hashes: 1101004800 | near-miss GPU best: 31 bits | ~11.5 MH/s
[C69-GPU] batch #4300 | GPU hashes: 1127219200 | near-miss GPU best: 31 bits | ~11.5 MH/s
[C69-GPU] batch #4400 | GPU hashes: 1153433600 | near-miss GPU best: 31 bits | ~11.5 MH/s
[BTC_QM] elapsed=140.6s hashes=1219162112 hashrate=8.67MH/s best_leading=38 best_nonce=4278190080 nx48_delta=11.40
[C69-GPU] batch #4500 | GPU hashes: 1179648000 | near-miss GPU best: 31 bits | ~11.5 MH/s
[C69-GPU] batch #4600 | GPU hashes: 1205862400 | near-miss GPU best: 31 bits | ~11.5 MH/s
[C88-GPU-FIX] Near-miss GPU nonce=3379302224 best=21 bits (target_bits=20) — minage continue (PAS un bloc valide)
[C69-GPU] batch #4700 | GPU hashes: 1232076800 | near-miss GPU best: 31 bits | ~11.5 MH/s
[BTC_QM] elapsed=150.6s hashes=1318625280 hashrate=8.76MH/s best_leading=38 best_nonce=4278190080 nx48_delta=11.85
[C69-GPU] batch #4800 | GPU hashes: 1258291200 | near-miss GPU best: 31 bits | ~11.5 MH/s
[C69-GPU] batch #4900 | GPU hashes: 1284505600 | near-miss GPU best: 31 bits | ~11.5 MH/s
[C88-GPU-FIX] Near-miss GPU nonce=3445093911 best=21 bits (target_bits=20) — minage continue (PAS un bloc valide)
[C69-GPU] batch #5000 | GPU hashes: 1310720000 | near-miss GPU best: 31 bits | ~11.5 MH/s
[C69-GPU] batch #5100 | GPU hashes: 1336934400 | near-miss GPU best: 31 bits | ~11.5 MH/s
[BTC_QM] elapsed=160.6s hashes=1416720384 hashrate=8.82MH/s best_leading=38 best_nonce=4278190080 nx48_delta=13.03
[C69-GPU] batch #5200 | GPU hashes: 1363148800 | near-miss GPU best: 31 bits | ~11.5 MH/s
[C69-GPU] batch #5300 | GPU hashes: 1389363200 | near-miss GPU best: 31 bits | ~11.5 MH/s
[C69-GPU] batch #5400 | GPU hashes: 1415577600 | near-miss GPU best: 31 bits | ~11.5 MH/s
[BTC_QM] elapsed=170.7s hashes=1515118592 hashrate=8.88MH/s best_leading=38 best_nonce=4278190080 nx48_delta=15.45
[C69-GPU] batch #5500 | GPU hashes: 1441792000 | near-miss GPU best: 31 bits | ~11.5 MH/s
[C69-GPU] batch #5600 | GPU hashes: 1468006400 | near-miss GPU best: 31 bits | ~11.5 MH/s
[C88-GPU-FIX] Near-miss GPU nonce=3641500626 best=21 bits (target_bits=20) — minage continue (PAS un bloc valide)
[C69-GPU] batch #5700 | GPU hashes: 1494220800 | near-miss GPU best: 31 bits | ~11.5 MH/s
[C69-GPU] batch #5800 | GPU hashes: 1520435200 | near-miss GPU best: 31 bits | ~11.5 MH/s
[BTC_QM] elapsed=180.7s hashes=1613225984 hashrate=8.93MH/s best_leading=38 best_nonce=4278190080 nx48_delta=14.66
[C69-GPU] batch #5900 | GPU hashes: 1546649600 | near-miss GPU best: 31 bits | ~11.5 MH/s
[C69-GPU] batch #6000 | GPU hashes: 1572864000 | near-miss GPU best: 31 bits | ~11.5 MH/s
[C88-GPU-FIX] Near-miss GPU nonce=3733448055 best=22 bits (target_bits=20) — minage continue (PAS un bloc valide)
[C69-GPU] batch #6100 | GPU hashes: 1599078400 | near-miss GPU best: 31 bits | ~11.5 MH/s
[BTC_QM] elapsed=190.8s hashes=1708634112 hashrate=8.96MH/s best_leading=38 best_nonce=4278190080 nx48_delta=15.33
[C88-GPU-FIX] Near-miss GPU nonce=3772560990 best=23 bits (target_bits=20) — minage continue (PAS un bloc valide)
[C69-GPU] batch #6200 | GPU hashes: 1625292800 | near-miss GPU best: 31 bits | ~11.5 MH/s
[C69-GPU] batch #6300 | GPU hashes: 1651507200 | near-miss GPU best: 31 bits | ~11.5 MH/s
[C69-GPU] batch #6400 | GPU hashes: 1677721600 | near-miss GPU best: 31 bits | ~11.5 MH/s
[C69-GPU] batch #6500 | GPU hashes: 1703936000 | near-miss GPU best: 31 bits | ~11.5 MH/s
[BTC_QM] elapsed=200.8s hashes=1806495744 hashrate=9.00MH/s best_leading=38 best_nonce=4278190080 nx48_delta=16.42
[C88-GPU-FIX] Near-miss GPU nonce=3864474282 best=20 bits (target_bits=20) — minage continue (PAS un bloc valide)
[C69-GPU] batch #6600 | GPU hashes: 1730150400 | near-miss GPU best: 31 bits | ~11.5 MH/s
[C69-GPU] batch #6700 | GPU hashes: 1756364800 | near-miss GPU best: 31 bits | ~11.5 MH/s
[C69-GPU] batch #6800 | GPU hashes: 1782579200 | near-miss GPU best: 31 bits | ~11.5 MH/s
[BTC_QM] elapsed=210.8s hashes=1904652288 hashrate=9.03MH/s best_leading=38 best_nonce=4278190080 nx48_delta=20.22
[C69-GPU] batch #6900 | GPU hashes: 1808793600 | near-miss GPU best: 31 bits | ~11.5 MH/s
[C69-GPU] batch #7000 | GPU hashes: 1835008000 | near-miss GPU best: 31 bits | ~11.5 MH/s
[C69-GPU] batch #7100 | GPU hashes: 1861222400 | near-miss GPU best: 31 bits | ~11.5 MH/s
[C88-GPU-FIX] Near-miss GPU nonce=4021587650 best=22 bits (target_bits=20) — minage continue (PAS un bloc valide)
[C69-GPU] batch #7200 | GPU hashes: 1887436800 | near-miss GPU best: 31 bits | ~11.5 MH/s
[BTC_QM] elapsed=220.9s hashes=2003324928 hashrate=9.07MH/s best_leading=38 best_nonce=4278190080 nx48_delta=21.28
[C88-GPU-FIX] Near-miss GPU nonce=4061103028 best=22 bits (target_bits=20) — minage continue (PAS un bloc valide)
[C69-GPU] batch #7300 | GPU hashes: 1913651200 | near-miss GPU best: 31 bits | ~11.5 MH/s
[C69-GPU] batch #7400 | GPU hashes: 1939865600 | near-miss GPU best: 31 bits | ~11.5 MH/s
[C69-GPU] batch #7500 | GPU hashes: 1966080000 | near-miss GPU best: 31 bits | ~11.5 MH/s
[BTC_QM] elapsed=230.9s hashes=2101456896 hashrate=9.10MH/s best_leading=38 best_nonce=4278190080 nx48_delta=20.19
[C69-GPU] batch #7600 | GPU hashes: 1992294400 | near-miss GPU best: 31 bits | ~11.5 MH/s
[C88-GPU-FIX] Near-miss GPU nonce=4165767450 best=22 bits (target_bits=20) — minage continue (PAS un bloc valide)
[C69-GPU] batch #7700 | GPU hashes: 2018508800 | near-miss GPU best: 31 bits | ~11.5 MH/s
[C88-GPU-FIX] Near-miss GPU nonce=4192159425 best=21 bits (target_bits=20) — minage continue (PAS un bloc valide)
[C69-GPU] batch #7800 | GPU hashes: 2044723200 | near-miss GPU best: 31 bits | ~11.5 MH/s
[C88-GPU-FIX] Near-miss GPU nonce=4218162870 best=21 bits (target_bits=20) — minage continue (PAS un bloc valide)
[C69-GPU] batch #7900 | GPU hashes: 2070937600 | near-miss GPU best: 31 bits | ~11.5 MH/s
[BTC_QM] elapsed=240.9s hashes=2199863296 hashrate=9.13MH/s best_leading=38 best_nonce=4278190080 nx48_delta=22.88
[C69-GPU] batch #8000 | GPU hashes: 2097152000 | near-miss GPU best: 31 bits | ~11.5 MH/s
[C88-GPU-FIX] Near-miss GPU nonce=4257637416 best=21 bits (target_bits=20) — minage continue (PAS un bloc valide)
[C69-GPU] batch #8100 | GPU hashes: 2123366400 | near-miss GPU best: 31 bits | ~11.5 MH/s
[C88-GPU-FIX] Near-miss GPU nonce=1075732830 best=21 bits (target_bits=20) — minage continue (PAS un bloc valide)
[C69-GPU] batch #8200 | GPU hashes: 2149580800 | near-miss GPU best: 31 bits | ~11.5 MH/s
[C69-GPU] batch #8300 | GPU hashes: 2175795200 | near-miss GPU best: 31 bits | ~11.5 MH/s
[BTC_QM] elapsed=251.0s hashes=2298818560 hashrate=9.16MH/s best_leading=38 best_nonce=4278190080 nx48_delta=27.61
[C88-GPU-FIX] Near-miss GPU nonce=1128312482 best=21 bits (target_bits=20) — minage continue (PAS un bloc valide)
[C69-GPU] batch #8400 | GPU hashes: 2202009600 | near-miss GPU best: 31 bits | ~11.5 MH/s
[C88-GPU-FIX] Near-miss GPU nonce=1154474453 best=20 bits (target_bits=20) — minage continue (PAS un bloc valide)
[C69-GPU] batch #8500 | GPU hashes: 2228224000 | near-miss GPU best: 31 bits | ~11.5 MH/s
[C69-GPU] batch #8600 | GPU hashes: 2254438400 | near-miss GPU best: 31 bits | ~11.5 MH/s
[BTC_QM] elapsed=261.0s hashes=2397515776 hashrate=9.19MH/s best_leading=38 best_nonce=4278190080 nx48_delta=28.17
[C69-GPU] batch #8700 | GPU hashes: 2280652800 | near-miss GPU best: 31 bits | ~11.5 MH/s
[C69-GPU] batch #8800 | GPU hashes: 2306867200 | near-miss GPU best: 31 bits | ~11.5 MH/s
[C69-GPU] batch #8900 | GPU hashes: 2333081600 | near-miss GPU best: 31 bits | ~11.5 MH/s
[C69-GPU] batch #9000 | GPU hashes: 2359296000 | near-miss GPU best: 31 bits | ~11.5 MH/s
[BTC_QM] elapsed=271.0s hashes=2495922176 hashrate=9.21MH/s best_leading=38 best_nonce=4278190080 nx48_delta=28.08
[C88-GPU-FIX] Near-miss GPU nonce=1298698076 best=20 bits (target_bits=20) — minage continue (PAS un bloc valide)
[C69-GPU] batch #9100 | GPU hashes: 2385510400 | near-miss GPU best: 31 bits | ~11.5 MH/s
[C88-GPU-FIX] Near-miss GPU nonce=1324814858 best=20 bits (target_bits=20) — minage continue (PAS un bloc valide)
[C69-GPU] batch #9200 | GPU hashes: 2411724800 | near-miss GPU best: 31 bits | ~11.5 MH/s
[C69-GPU] batch #9300 | GPU hashes: 2437939200 | near-miss GPU best: 31 bits | ~11.5 MH/s
[BTC_QM] elapsed=281.1s hashes=2593812480 hashrate=9.23MH/s best_leading=38 best_nonce=4278190080 nx48_delta=28.22
[C69-GPU] batch #9400 | GPU hashes: 2464153600 | near-miss GPU best: 31 bits | ~11.5 MH/s
[C88-GPU-FIX] Near-miss GPU nonce=1403483399 best=23 bits (target_bits=20) — minage continue (PAS un bloc valide)
[C88-GPU-FIX] Near-miss GPU nonce=1416643774 best=21 bits (target_bits=20) — minage continue (PAS un bloc valide)
[C69-GPU] batch #9500 | GPU hashes: 2490368000 | near-miss GPU best: 31 bits | ~11.5 MH/s
[C69-GPU] batch #9600 | GPU hashes: 2516582400 | near-miss GPU best: 31 bits | ~11.5 MH/s
[C88-GPU-FIX] Near-miss GPU nonce=1455971874 best=20 bits (target_bits=20) — minage continue (PAS un bloc valide)
[C69-GPU] batch #9700 | GPU hashes: 2542796800 | near-miss GPU best: 31 bits | ~11.5 MH/s
[BTC_QM] elapsed=291.1s hashes=2692481024 hashrate=9.25MH/s best_leading=38 best_nonce=4278190080 nx48_delta=25.91
[C69-GPU] batch #9800 | GPU hashes: 2569011200 | near-miss GPU best: 31 bits | ~11.5 MH/s
[C69-GPU] batch #9900 | GPU hashes: 2595225600 | near-miss GPU best: 31 bits | ~11.5 MH/s
[C69-GPU] batch #10000 | GPU hashes: 2621440000 | near-miss GPU best: 31 bits | ~11.5 MH/s
[BTC_QM] elapsed=301.2s hashes=2791133184 hashrate=9.27MH/s best_leading=38 best_nonce=4278190080 nx48_delta=30.71
[C88-GPU-FIX] Near-miss GPU nonce=1573923673 best=20 bits (target_bits=20) — minage continue (PAS un bloc valide)
[C69-GPU] batch #10100 | GPU hashes: 2647654400 | near-miss GPU best: 31 bits | ~11.5 MH/s
[C88-GPU-FIX] Near-miss GPU nonce=1587045554 best=22 bits (target_bits=20) — minage continue (PAS un bloc valide)
[C69-GPU] batch #10200 | GPU hashes: 2673868800 | near-miss GPU best: 31 bits | ~11.5 MH/s
[C69-GPU] batch #10300 | GPU hashes: 2700083200 | near-miss GPU best: 31 bits | ~11.5 MH/s
[C69-GPU] batch #10400 | GPU hashes: 2726297600 | near-miss GPU best: 31 bits | ~11.5 MH/s
[BTC_QM] elapsed=311.2s hashes=2889539584 hashrate=9.29MH/s best_leading=38 best_nonce=4278190080 nx48_delta=35.05
[C69-GPU] batch #10500 | GPU hashes: 2752512000 | near-miss GPU best: 31 bits | ~11.5 MH/s
[C69-GPU] batch #10600 | GPU hashes: 2778726400 | near-miss GPU best: 31 bits | ~11.5 MH/s
[C88-GPU-FIX] Near-miss GPU nonce=1718033115 best=21 bits (target_bits=20) — minage continue (PAS un bloc valide)
[C69-GPU] batch #10700 | GPU hashes: 2804940800 | near-miss GPU best: 31 bits | ~11.5 MH/s
[C88-GPU-FIX] Near-miss GPU nonce=1744385915 best=21 bits (target_bits=20) — minage continue (PAS un bloc valide)
[BTC_QM] elapsed=321.2s hashes=2987720704 hashrate=9.30MH/s best_leading=38 best_nonce=4278190080 nx48_delta=40.27
[C88-GPU-FIX] Near-miss GPU nonce=1757398011 best=21 bits (target_bits=20) — minage continue (PAS un bloc valide)
[C69-GPU] batch #10800 | GPU hashes: 2831155200 | near-miss GPU best: 31 bits | ~11.5 MH/s
[C88-GPU-FIX] Near-miss GPU nonce=1770529574 best=20 bits (target_bits=20) — minage continue (PAS un bloc valide)
[C69-GPU] batch #10900 | GPU hashes: 2857369600 | near-miss GPU best: 31 bits | ~11.5 MH/s
[C88-GPU-FIX] Near-miss GPU nonce=1809786583 best=21 bits (target_bits=20) — minage continue (PAS un bloc valide)
[C69-GPU] batch #11000 | GPU hashes: 2883584000 | near-miss GPU best: 31 bits | ~11.5 MH/s
[C69-GPU] batch #11100 | GPU hashes: 2909798400 | near-miss GPU best: 31 bits | ~11.5 MH/s
[BTC_QM] elapsed=331.2s hashes=3085561856 hashrate=9.32MH/s best_leading=38 best_nonce=4278190080 nx48_delta=44.07
[C88-GPU-FIX] Near-miss GPU nonce=1849181798 best=20 bits (target_bits=20) — minage continue (PAS un bloc valide)
[C88-GPU-FIX] Near-miss GPU nonce=1862185946 best=20 bits (target_bits=20) — minage continue (PAS un bloc valide)
[C69-GPU] batch #11200 | GPU hashes: 2936012800 | near-miss GPU best: 31 bits | ~11.5 MH/s
[C69-GPU] batch #11300 | GPU hashes: 2962227200 | near-miss GPU best: 31 bits | ~11.5 MH/s
[C88-GPU-FIX] Near-miss GPU nonce=1901630712 best=21 bits (target_bits=20) — minage continue (PAS un bloc valide)
[C69-GPU] batch #11400 | GPU hashes: 2988441600 | near-miss GPU best: 31 bits | ~11.5 MH/s
[BTC_QM] elapsed=341.3s hashes=3183996928 hashrate=9.33MH/s best_leading=38 best_nonce=4278190080 nx48_delta=51.85
[C69-GPU] batch #11500 | GPU hashes: 3014656000 | near-miss GPU best: 31 bits | ~11.5 MH/s
[C69-GPU] batch #11600 | GPU hashes: 3040870400 | near-miss GPU best: 31 bits | ~11.5 MH/s
[C88-GPU-FIX] Near-miss GPU nonce=1993235307 best=21 bits (target_bits=20) — minage continue (PAS un bloc valide)
[C69-GPU] batch #11700 | GPU hashes: 3067084800 | near-miss GPU best: 31 bits | ~11.5 MH/s
[C69-GPU] batch #11800 | GPU hashes: 3093299200 | near-miss GPU best: 31 bits | ~11.5 MH/s
[BTC_QM] elapsed=351.3s hashes=3282948096 hashrate=9.34MH/s best_leading=38 best_nonce=4278190080 nx48_delta=66.93
[C69-GPU] batch #11900 | GPU hashes: 3119513600 | near-miss GPU best: 31 bits | ~11.5 MH/s
[C88-GPU-FIX] Near-miss GPU nonce=2071881273 best=20 bits (target_bits=20) — minage continue (PAS un bloc valide)
[C69-GPU] batch #12000 | GPU hashes: 3145728000 | near-miss GPU best: 31 bits | ~11.5 MH/s
[C69-GPU] batch #12100 | GPU hashes: 3171942400 | near-miss GPU best: 31 bits | ~11.5 MH/s
[BTC_QM] elapsed=361.3s hashes=3381374976 hashrate=9.36MH/s best_leading=38 best_nonce=4278190080 nx48_delta=77.16
[C69-GPU] batch #12200 | GPU hashes: 3198156800 | near-miss GPU best: 31 bits | ~11.5 MH/s
[C69-GPU] batch #12300 | GPU hashes: 3224371200 | near-miss GPU best: 31 bits | ~11.5 MH/s
[C88-GPU-FIX] Near-miss GPU nonce=2163842312 best=20 bits (target_bits=20) — minage continue (PAS un bloc valide)
[C69-GPU] batch #12400 | GPU hashes: 3250585600 | near-miss GPU best: 31 bits | ~11.5 MH/s
[C69-GPU] batch #12500 | GPU hashes: 3276800000 | near-miss GPU best: 31 bits | ~11.5 MH/s
[C88-GPU-FIX] Near-miss GPU nonce=2216100399 best=21 bits (target_bits=20) — minage continue (PAS un bloc valide)
[BTC_QM] elapsed=371.4s hashes=3480330240 hashrate=9.37MH/s best_leading=38 best_nonce=4278190080 nx48_delta=81.69
[C69-GPU] batch #12600 | GPU hashes: 3303014400 | near-miss GPU best: 31 bits | ~11.5 MH/s
[C69-GPU] batch #12700 | GPU hashes: 3329228800 | near-miss GPU best: 31 bits | ~11.5 MH/s
[C88-GPU-FIX] Near-miss GPU nonce=2281564904 best=20 bits (target_bits=20) — minage continue (PAS un bloc valide)
[C69-GPU] batch #12800 | GPU hashes: 3355443200 | near-miss GPU best: 31 bits | ~11.5 MH/s
[C88-GPU-FIX] Near-miss GPU nonce=2294734468 best=24 bits (target_bits=20) — minage continue (PAS un bloc valide)
[C69-GPU] batch #12900 | GPU hashes: 3381657600 | near-miss GPU best: 31 bits | ~11.5 MH/s
[BTC_QM] elapsed=381.4s hashes=3579039744 hashrate=9.38MH/s best_leading=38 best_nonce=4278190080 nx48_delta=91.00
[C69-GPU] batch #13000 | GPU hashes: 3407872000 | near-miss GPU best: 31 bits | ~11.5 MH/s
[C88-GPU-FIX] Near-miss GPU nonce=2347309026 best=21 bits (target_bits=20) — minage continue (PAS un bloc valide)
[C88-GPU-FIX] Near-miss GPU nonce=2360252549 best=21 bits (target_bits=20) — minage continue (PAS un bloc valide)
[C69-GPU] batch #13100 | GPU hashes: 3434086400 | near-miss GPU best: 31 bits | ~11.5 MH/s
[C69-GPU] batch #13200 | GPU hashes: 3460300800 | near-miss GPU best: 31 bits | ~11.5 MH/s
[BTC_QM] elapsed=391.4s hashes=3677696000 hashrate=9.40MH/s best_leading=38 best_nonce=4278190080 nx48_delta=124.11
[C69-GPU] batch #13300 | GPU hashes: 3486515200 | near-miss GPU best: 31 bits | ~11.5 MH/s
[C69-GPU] batch #13400 | GPU hashes: 3512729600 | near-miss GPU best: 31 bits | ~11.5 MH/s
[C88-GPU-FIX] Near-miss GPU nonce=2465096105 best=22 bits (target_bits=20) — minage continue (PAS un bloc valide)
[C69-GPU] batch #13500 | GPU hashes: 3538944000 | near-miss GPU best: 31 bits | ~11.5 MH/s
[C88-GPU-FIX] Near-miss GPU nonce=2478171518 best=21 bits (target_bits=20) — minage continue (PAS un bloc valide)
[C88-GPU-FIX] Near-miss GPU nonce=2491468327 best=20 bits (target_bits=20) — minage continue (PAS un bloc valide)
[C69-GPU] batch #13600 | GPU hashes: 3565158400 | near-miss GPU best: 31 bits | ~11.5 MH/s
[BTC_QM] elapsed=401.5s hashes=3776405504 hashrate=9.41MH/s best_leading=38 best_nonce=4278190080 nx48_delta=128.83
[C88-GPU-FIX] Near-miss GPU nonce=2517629194 best=20 bits (target_bits=20) — minage continue (PAS un bloc valide)
[C69-GPU] batch #13700 | GPU hashes: 3591372800 | near-miss GPU best: 31 bits | ~11.5 MH/s
[C88-GPU-FIX] Near-miss GPU nonce=2543717675 best=21 bits (target_bits=20) — minage continue (PAS un bloc valide)
[C69-GPU] batch #13800 | GPU hashes: 3617587200 | near-miss GPU best: 31 bits | ~11.5 MH/s
[C88-GPU-FIX] Near-miss GPU nonce=2569974072 best=21 bits (target_bits=20) — minage continue (PAS un bloc valide)
[C69-GPU] batch #13900 | GPU hashes: 3643801600 | near-miss GPU best: 31 bits | ~11.5 MH/s
[BTC_QM] elapsed=411.5s hashes=3875643392 hashrate=9.42MH/s best_leading=38 best_nonce=4278190080 nx48_delta=159.55
[C69-GPU] batch #14000 | GPU hashes: 3670016000 | near-miss GPU best: 31 bits | ~11.5 MH/s
[C69-GPU] batch #14100 | GPU hashes: 3696230400 | near-miss GPU best: 31 bits | ~11.5 MH/s
[C69-GPU] batch #14200 | GPU hashes: 3722444800 | near-miss GPU best: 31 bits | ~11.5 MH/s
[C88-GPU-FIX] Near-miss GPU nonce=2674993456 best=20 bits (target_bits=20) — minage continue (PAS un bloc valide)
[C69-GPU] batch #14300 | GPU hashes: 3748659200 | near-miss GPU best: 31 bits | ~11.5 MH/s
[BTC_QM] elapsed=421.6s hashes=3974610944 hashrate=9.43MH/s best_leading=38 best_nonce=4278190080 nx48_delta=185.25
[C69-GPU] batch #14400 | GPU hashes: 3774873600 | near-miss GPU best: 31 bits | ~11.5 MH/s
[LUMVORAX:ANOMALY] module=btc_qm_engine desc=btc_nx48_delta_cap_200 val=200.000000 src=src/nx48_btc_controller.c:1006
[C69-GPU] batch #14500 | GPU hashes: 3801088000 | near-miss GPU best: 31 bits | ~11.5 MH/s
[LUMVORAX:ANOMALY] module=btc_qm_engine desc=btc_nx48_delta_reset_stall_c62 val=9.594257 src=src/nx48_btc_controller.c:1095
[NX48-C62] Reset delta_nonce 196.7->9.594 (stall_long=210 cap200_plateau)
[C69-GPU] batch #14600 | GPU hashes: 3827302400 | near-miss GPU best: 31 bits | ~11.5 MH/s
[BTC_QM] elapsed=431.6s hashes=4073570304 hashrate=9.44MH/s best_leading=38 best_nonce=4278190080 nx48_delta=10.06
[C69-GPU] batch #14700 | GPU hashes: 3853516800 | near-miss GPU best: 31 bits | ~11.5 MH/s
[C69-GPU] batch #14800 | GPU hashes: 3879731200 | near-miss GPU best: 31 bits | ~11.5 MH/s
[C88-GPU-FIX] Near-miss GPU nonce=2832185181 best=21 bits (target_bits=20) — minage continue (PAS un bloc valide)
[C69-GPU] batch #14900 | GPU hashes: 3905945600 | near-miss GPU best: 31 bits | ~11.5 MH/s
[C88-GPU-FIX] Near-miss GPU nonce=2845335065 best=20 bits (target_bits=20) — minage continue (PAS un bloc valide)
[C88-GPU-FIX] Near-miss GPU nonce=2858346030 best=22 bits (target_bits=20) — minage continue (PAS un bloc valide)
[C69-GPU] batch #15000 | GPU hashes: 3932160000 | near-miss GPU best: 31 bits | ~11.5 MH/s
[BTC_QM] elapsed=441.7s hashes=4172496896 hashrate=9.45MH/s best_leading=38 best_nonce=4278190080 nx48_delta=11.00
[C69-GPU] batch #15100 | GPU hashes: 3958374400 | near-miss GPU best: 31 bits | ~11.5 MH/s
[C69-GPU] batch #15200 | GPU hashes: 3984588800 | near-miss GPU best: 31 bits | ~11.5 MH/s
[C69-GPU] batch #15300 | GPU hashes: 4010803200 | near-miss GPU best: 31 bits | ~11.5 MH/s
[C88-GPU-FIX] Near-miss GPU nonce=2950057572 best=21 bits (target_bits=20) — minage continue (PAS un bloc valide)
[BTC_QM] elapsed=451.7s hashes=4271165440 hashrate=9.46MH/s best_leading=38 best_nonce=4278190080 nx48_delta=12.01
[C69-GPU] batch #15400 | GPU hashes: 4037017600 | near-miss GPU best: 31 bits | ~11.5 MH/s
[C69-GPU] batch #15500 | GPU hashes: 4063232000 | near-miss GPU best: 31 bits | ~11.5 MH/s
[C88-GPU-FIX] Near-miss GPU nonce=3002534119 best=20 bits (target_bits=20) — minage continue (PAS un bloc valide)
[C88-GPU-FIX] Near-miss GPU nonce=3015666583 best=27 bits (target_bits=20) — minage continue (PAS un bloc valide)
[C69-GPU] batch #15600 | GPU hashes: 4089446400 | near-miss GPU best: 31 bits | ~11.5 MH/s
[C69-GPU] batch #15700 | GPU hashes: 4115660800 | near-miss GPU best: 31 bits | ~11.5 MH/s
[BTC_QM] elapsed=461.7s hashes=4370132992 hashrate=9.47MH/s best_leading=38 best_nonce=4278190080 nx48_delta=13.31
[C88-GPU-FIX] Near-miss GPU nonce=3068064905 best=22 bits (target_bits=20) — minage continue (PAS un bloc valide)
[C69-GPU] batch #15800 | GPU hashes: 4141875200 | near-miss GPU best: 31 bits | ~11.5 MH/s
[C69-GPU] batch #15900 | GPU hashes: 4168089600 | near-miss GPU best: 31 bits | ~11.5 MH/s
[C88-GPU-FIX] Near-miss GPU nonce=3107400084 best=21 bits (target_bits=20) — minage continue (PAS un bloc valide)
[C88-GPU-FIX] Near-miss GPU nonce=3120422974 best=20 bits (target_bits=20) — minage continue (PAS un bloc valide)
[C69-GPU] batch #16000 | GPU hashes: 4194304000 | near-miss GPU best: 31 bits | ~11.5 MH/s
[C69-GPU] batch #16100 | GPU hashes: 4220518400 | near-miss GPU best: 31 bits | ~11.5 MH/s
[BTC_QM] elapsed=471.7s hashes=4469075968 hashrate=9.47MH/s best_leading=38 best_nonce=4278190080 nx48_delta=12.58
[C69-GPU] batch #16200 | GPU hashes: 4246732800 | near-miss GPU best: 31 bits | ~11.5 MH/s
[C69-GPU] batch #16300 | GPU hashes: 4272947200 | near-miss GPU best: 31 bits | ~11.5 MH/s
[C69-GPU] batch #16400 | GPU hashes: 4299161600 | near-miss GPU best: 31 bits | ~11.5 MH/s
[BTC_QM] elapsed=481.8s hashes=4567470080 hashrate=9.48MH/s best_leading=38 best_nonce=4278190080 nx48_delta=16.09
[C69-GPU] batch #16500 | GPU hashes: 4325376000 | near-miss GPU best: 31 bits | ~11.5 MH/s
[C69-GPU] batch #16600 | GPU hashes: 4351590400 | near-miss GPU best: 31 bits | ~11.5 MH/s
[C69-GPU] batch #16700 | GPU hashes: 4377804800 | near-miss GPU best: 31 bits | ~11.5 MH/s
[C69-GPU] batch #16800 | GPU hashes: 4404019200 | near-miss GPU best: 31 bits | ~11.5 MH/s
[BTC_QM] elapsed=491.8s hashes=4665892864 hashrate=9.49MH/s best_leading=38 best_nonce=4278190080 nx48_delta=14.61
[C69-GPU] batch #16900 | GPU hashes: 4430233600 | near-miss GPU best: 31 bits | ~11.5 MH/s
[C88-GPU-FIX] Near-miss GPU nonce=3369594641 best=22 bits (target_bits=20) — minage continue (PAS un bloc valide)
[C69-GPU] batch #17000 | GPU hashes: 4456448000 | near-miss GPU best: 31 bits | ~11.5 MH/s
[C69-GPU] batch #17100 | GPU hashes: 4482662400 | near-miss GPU best: 31 bits | ~11.5 MH/s
[BTC_QM] elapsed=501.8s hashes=4765081600 hashrate=9.50MH/s best_leading=38 best_nonce=4278190080 nx48_delta=17.64
[C69-GPU] batch #17200 | GPU hashes: 4508876800 | near-miss GPU best: 31 bits | ~11.5 MH/s
[C69-GPU] batch #17300 | GPU hashes: 4535091200 | near-miss GPU best: 31 bits | ~11.5 MH/s
[C69-GPU] batch #17400 | GPU hashes: 4561305600 | near-miss GPU best: 31 bits | ~11.5 MH/s
[C88-GPU-FIX] Near-miss GPU nonce=3513869492 best=21 bits (target_bits=20) — minage continue (PAS un bloc valide)
[C69-GPU] batch #17500 | GPU hashes: 4587520000 | near-miss GPU best: 31 bits | ~11.5 MH/s
[BTC_QM] elapsed=511.9s hashes=4863500288 hashrate=9.50MH/s best_leading=38 best_nonce=4278190080 nx48_delta=17.20
[C69-GPU] batch #17600 | GPU hashes: 4613734400 | near-miss GPU best: 31 bits | ~11.5 MH/s
[C69-GPU] batch #17700 | GPU hashes: 4639948800 | near-miss GPU best: 31 bits | ~11.5 MH/s
[C69-GPU] batch #17800 | GPU hashes: 4666163200 | near-miss GPU best: 31 bits | ~11.5 MH/s
[BTC_QM] elapsed=521.9s hashes=4962467840 hashrate=9.51MH/s best_leading=38 best_nonce=4278190080 nx48_delta=16.86
[C69-GPU] batch #17900 | GPU hashes: 4692377600 | near-miss GPU best: 31 bits | ~11.5 MH/s
[C69-GPU] batch #18000 | GPU hashes: 4718592000 | near-miss GPU best: 31 bits | ~11.5 MH/s
[C69-GPU] batch #18100 | GPU hashes: 4744806400 | near-miss GPU best: 31 bits | ~11.5 MH/s
[C88-GPU-FIX] Near-miss GPU nonce=3697362048 best=21 bits (target_bits=20) — minage continue (PAS un bloc valide)
[C69-GPU] batch #18200 | GPU hashes: 4771020800 | near-miss GPU best: 31 bits | ~11.5 MH/s
[BTC_QM] elapsed=531.9s hashes=5060911104 hashrate=9.51MH/s best_leading=38 best_nonce=4278190080 nx48_delta=19.51
[C88-GPU-FIX] Near-miss GPU nonce=3723501825 best=23 bits (target_bits=20) — minage continue (PAS un bloc valide)
[C69-GPU] batch #18300 | GPU hashes: 4797235200 | near-miss GPU best: 31 bits | ~11.5 MH/s
[C88-GPU-FIX] Near-miss GPU nonce=3736622224 best=21 bits (target_bits=20) — minage continue (PAS un bloc valide)
[C69-GPU] batch #18400 | GPU hashes: 4823449600 | near-miss GPU best: 31 bits | ~11.5 MH/s
[C88-GPU-FIX] Near-miss GPU nonce=3775888190 best=20 bits (target_bits=20) — minage continue (PAS un bloc valide)
[C69-GPU] batch #18500 | GPU hashes: 4849664000 | near-miss GPU best: 31 bits | ~11.5 MH/s
[BTC_QM] elapsed=542.0s hashes=5159596032 hashrate=9.52MH/s best_leading=38 best_nonce=4278190080 nx48_delta=21.00
[C69-GPU] batch #18600 | GPU hashes: 4875878400 | near-miss GPU best: 31 bits | ~11.5 MH/s
[C88-GPU-FIX] Near-miss GPU nonce=3828355177 best=23 bits (target_bits=20) — minage continue (PAS un bloc valide)
[C69-GPU] batch #18700 | GPU hashes: 4902092800 | near-miss GPU best: 31 bits | ~11.5 MH/s
[C88-GPU-FIX] Near-miss GPU nonce=3854611443 best=22 bits (target_bits=20) — minage continue (PAS un bloc valide)
[C69-GPU] batch #18800 | GPU hashes: 4928307200 | near-miss GPU best: 31 bits | ~11.5 MH/s
[C88-GPU-FIX] Near-miss GPU nonce=3867546413 best=23 bits (target_bits=20) — minage continue (PAS un bloc valide)
[C88-GPU-FIX] Near-miss GPU nonce=3880879551 best=21 bits (target_bits=20) — minage continue (PAS un bloc valide)
[C69-GPU] batch #18900 | GPU hashes: 4954521600 | near-miss GPU best: 31 bits | ~11.5 MH/s
[BTC_QM] elapsed=552.0s hashes=5257768960 hashrate=9.53MH/s best_leading=38 best_nonce=4278190080 nx48_delta=26.55
[C88-GPU-FIX] Near-miss GPU nonce=3906927476 best=21 bits (target_bits=20) — minage continue (PAS un bloc valide)
[C69-GPU] batch #19000 | GPU hashes: 4980736000 | near-miss GPU best: 31 bits | ~11.5 MH/s
[C69-GPU] batch #19100 | GPU hashes: 5006950400 | near-miss GPU best: 31 bits | ~11.5 MH/s
[C88-GPU-FIX] Near-miss GPU nonce=3959306802 best=21 bits (target_bits=20) — minage continue (PAS un bloc valide)
[C69-GPU] batch #19200 | GPU hashes: 5033164800 | near-miss GPU best: 31 bits | ~11.5 MH/s
[C88-GPU-FIX] Near-miss GPU nonce=3972454533 best=22 bits (target_bits=20) — minage continue (PAS un bloc valide)
[C69-GPU] batch #19300 | GPU hashes: 5059379200 | near-miss GPU best: 31 bits | ~11.5 MH/s
[BTC_QM] elapsed=562.0s hashes=5355847680 hashrate=9.53MH/s best_leading=38 best_nonce=4278190080 nx48_delta=26.76
[C69-GPU] batch #19400 | GPU hashes: 5085593600 | near-miss GPU best: 31 bits | ~11.5 MH/s
[C69-GPU] batch #19500 | GPU hashes: 5111808000 | near-miss GPU best: 31 bits | ~11.5 MH/s
[C88-GPU-FIX] Near-miss GPU nonce=4064311477 best=20 bits (target_bits=20) — minage continue (PAS un bloc valide)
[C69-GPU] batch #19600 | GPU hashes: 5138022400 | near-miss GPU best: 31 bits | ~11.5 MH/s
[C88-GPU-FIX] Near-miss GPU nonce=4077403620 best=20 bits (target_bits=20) — minage continue (PAS un bloc valide)
[BTC_QM] elapsed=572.0s hashes=5454241792 hashrate=9.53MH/s best_leading=38 best_nonce=4278190080 nx48_delta=38.49
[C69-GPU] batch #19700 | GPU hashes: 5164236800 | near-miss GPU best: 31 bits | ~11.5 MH/s
[C69-GPU] batch #19800 | GPU hashes: 5190451200 | near-miss GPU best: 31 bits | ~11.5 MH/s
[C88-GPU-FIX] Near-miss GPU nonce=4129729266 best=22 bits (target_bits=20) — minage continue (PAS un bloc valide)
[C69-GPU] batch #19900 | GPU hashes: 5216665600 | near-miss GPU best: 31 bits | ~11.5 MH/s
[C69-GPU] batch #20000 | GPU hashes: 5242880000 | near-miss GPU best: 31 bits | ~11.5 MH/s
[BTC_QM] elapsed=582.1s hashes=5551804416 hashrate=9.54MH/s best_leading=38 best_nonce=4278190080 nx48_delta=45.30
[C69-GPU] batch #20100 | GPU hashes: 5269094400 | near-miss GPU best: 31 bits | ~11.5 MH/s
[C88-GPU-FIX] Near-miss GPU nonce=4208343792 best=20 bits (target_bits=20) — minage continue (PAS un bloc valide)
[C69-GPU] batch #20200 | GPU hashes: 5295308800 | near-miss GPU best: 31 bits | ~11.5 MH/s
[C69-GPU] batch #20300 | GPU hashes: 5321523200 | near-miss GPU best: 31 bits | ~11.5 MH/s
[BTC_QM] elapsed=592.1s hashes=5650251776 hashrate=9.54MH/s best_leading=38 best_nonce=4278190080 nx48_delta=59.93
[C69-GPU] batch #20400 | GPU hashes: 5347737600 | near-miss GPU best: 31 bits | ~11.5 MH/s
[C69-GPU] batch #20500 | GPU hashes: 5373952000 | near-miss GPU best: 31 bits | ~11.5 MH/s
[C69-GPU] batch #20600 | GPU hashes: 5400166400 | near-miss GPU best: 31 bits | ~11.5 MH/s
[C69-GPU] Thread GPU termine | Total GPU hashes: 5410652160 | Best GPU near-miss: 31 bits
[OCL] Ressources libérées
[BTC_QM] === RÉSULTATS FINAUX ===
[BTC_QM] Total hashes : 5728395264
[BTC_QM] Durée        : 600.02 s
[BTC_QM] Hashrate     : 9.55 MH/s
[BTC_QM] Best leading : 38 bits
[BTC_QM] Best nonce   : 4278190080
[BTC_QM] Bloc valide  : non
[LUMVORAX] Nano ring flushed: 4096 entrées → logs/forensic/nano/nano_ring_3650519463279.csv
[C42-WATCHDOG] 🏁 Run terminé — RAM finale: 3607MB

[BTC_QM] Module 17 terminé — résultat=0
[BTC_QM] Sauvegarde NX48 → config/btc_nx48_last.csv
Rapport résumé généré: logs/forensic/sessions/summary_3650525349498.txt
[ULTRA_FORENSIC] Système de logging forensique arrêté proprement
