[LUMVORAX] init_lum: log_run=logs/forensic/modules/btc_qm_engine_forensic_btc_20260430T080408Z_43746.log ACTIF v3.0 (FD_PERSISTANT=ON)
[ULTRA_FORENSIC] Système de logging forensique v3.0 initialisé

╔══════════════════════════════════════════════════════════╗
║  LumVorax — Module 17 — Bitcoin Quantum Mining Engine   ║
║  Version : 1.0.0-C43 | Standard : STANDARD_NAMES v4.2  ║
║  C43 : NX48 dual-neuron, POW candidate export           ║
║  C43 : module bridge advisory + chain validator         ║
╚══════════════════════════════════════════════════════════╝
[BTC_QM] run_id    = btc_20260430T080408Z_43746
[BTC_QM] mode      = BENCHMARK
[BTC_QM] threads   = 8
[BTC_QM] duration  = 600 s
[BTC_QM] nx48 csv  = config/btc_nx48_last.csv
[BTC_QM] log dir   = logs/forensic
[BTC_QM] bits      = 0x1d00ffff
[BTC_QM] target    = 000000000000000000000000000000000000000000000000000000ffff000000
[NX48-LUM] Chargé : update=2631 best=38 bits exploration=0.380 delta=64.88 [header-bound]
[NX48-HW] CPU:8 threads AVX:1 (AVX2) SHA-NI:0 | GPU-OpenCL:Intel(R) UHD Graphics 620 DRI:1 | RAM:3616MB
[NX48-HW] Binaire compilé AVEC : AVX2+SSE +FMA | gcc auto-vectorise SHA-256 dès maintenant
[NX48-INIT] C61 — 8 sous-neurones × 2 | exploration_bias=0.38 | LUM=chargé
[BTC_QM] NX48_BTC C61 initialisé — update_count=2631 best_leading=38
[BTC_QM] NX48 architecture C61 : 2 neurones × 8 sous-neurones = 16 total
[BTC_QM] NX48 contrôle : threads=8 | T_hot=1.0 | T_cold=1.0 | GPU=Intel(R) UHD Graphics 620
[BTC_QM] NX48 exploration_bias=0.380 | delta_nonce=64.88 | AVX=1
[SMAPS-KERNEL] RSS=4400 KB (1100 pages 4KiB)
[SMAPS-KERNEL] AnonHugePages (THP 2MB)=0 KB (0 hugepages)
[SMAPS-KERNEL] Private_Dirty=660 KB | Shared_Dirty=0 KB
[SMAPS-KERNEL] Referenced=4400 KB | VM_Total=0 KB
[SMAPS-KERNEL] Granularité réelle : PAGE 4KiB standard (selon AnonHugePages)
[C125-TUNE-FULL/C128-A1] Sweep 4D ASIC : 4×4×4×3 = 192 combinaisons (durée par combo 5.0s, total estimé ~960s overhead)...

╔═══════════════════════════════════════════════════════════════╗
║   C125 — OPTIMIZE-RUNTIME — Sweep complet (4D)               ║
╠═══════════════════════════════════════════════════════════════╣
║ Combinaisons  : 192 testées (192 succès)                       
║ Durée sweep   : 0.00 s                                         
║ Score min     : 4.38                                            
║ Score moyen   : 4.38 ± 0.00                                    
║ Score max     : 4.38 (BEST)                                    
╠═══════════════════════════════════════════════════════════════╣
║ PROFIL OPTIMAL (à injecter dans nx48_ctrl_*) :                ║
║   batch_size           : 2097152                                    
║   strategy             : 0                                     
║   delta_nx48_initial   : 1.000                                  
║   thermal_throttle_s   : 60                                  
║   hashrate_avg         : 0.00 MH/s                             
║   best_leading_bits    : 14                                    
╠═══════════════════════════════════════════════════════════════╣
║ TOP-5 combinaisons (combo_idx → score) :                      ║
║   #1 : combo[ 144] → score 4.38                                
║   #2 : combo[ 145] → score 4.38                                
║   #3 : combo[ 146] → score 4.38                                
║   #4 : combo[ 147] → score 4.38                                
║   #5 : combo[ 148] → score 4.38                                
╚═══════════════════════════════════════════════════════════════╝

[C127-NX48-OVERRIDE] delta_nonce_scale <- 1.000 (atomic tune_full)
[C127-NX48-OVERRIDE] thermal_throttle_s observe = 60 s (asic_btc_optimizer)
[C127-NX48-OVERRIDE] batch_size_scale <- 2048.0 (depuis nx48_ctrl_batch_size=2097152)
[C125-TUNE-FULL] PROFIL INJECTÉ → atomics nx48_ctrl_* :
[C125-TUNE-FULL]   batch_size=2097152 strategy=0 delta_init=1.000 thermal=60 s
[C125-TUNE-FULL]   sweep_dur=0.00 s | 192/192 combos OK | score moyen=4.38 ± 0.00 | best=4.38
[BTC_QM] Test intégrité SHA-256 (NIST)… OK ✓
[BTC_QM] Génération nouveau wallet secp256k1 pour ce run…

╔═══════════════════════════════════════════════════════════╗
║        LumVorax — Wallet Bitcoin RÉEL                    ║
╠═══════════════════════════════════════════════════════════╣
║ Réseau      : TESTNET3                                      ║
║ run_id      : btc_20260430T080408Z_43746                    ║
╠═══════════════════════════════════════════════════════════╣
║ Adresse P2PKH   : mivHkJpdy9ivUH1fQTCFzhNjMiFmx5s6xw        ║
║ Adresse Bech32  : tb1qy4fza3ug06jscdnpham8pkecq57vn3s4n95h7g║
╠═══════════════════════════════════════════════════════════╣
║ Clé privée (hex): 396afee6...(masquée)                     ║
║ WIF compressé   : cPWKCgvNo3v9mDNEMDF2EMi8yGEg4xKmxqHuBzEhcS6ZxRT2XgCQ║
╠═══════════════════════════════════════════════════════════╣
║ HASH160 (hex)   : 25522ec7887ea50c3661bf7670db38053cc9c615  ║
╚═══════════════════════════════════════════════════════════╝
[BTC_QM] Wallet sauvegardé → logs/forensic/wallet_btc_20260430T080408Z_43746.json
[BTC_QM] Lancement du moteur PT-MC…
[OCL] GPU trouvé : Intel(R) UHD Graphics 620 (plateforme: Intel(R) OpenCL Graphics)
[OCL] → Sélectionné : Intel(R) UHD Graphics 620
[OCL] max_wg=256 max_items=256 gmem=6715 MB batch=262144
[OCL] ✅ OpenCL initialisé — batch=262144 — cible: 50-200 MH/s
[C116-WARMUP] Batch factice JIT en cours (élimination cold-start)...
[C116-WARMUP] ✅ JIT warm-up terminé : 10.30 MH/s froid (prochain batch = GPU chaud)
[OCL] Benchmark : 12.37 MH/s (batch=262144, t=0.021s)
[C42-WATCHDOG] 🟢 RAM disponible au démarrage: 3616MB
[C100-ALLTIME] seed best_lz_alltime=38 nonce=4278190080 upd_count=16 (historique préservé)
[C65-GPU-EARLY] ✅ GPU OpenCL activé AVANT moteur PT-MC : Intel(R) UHD Graphics 620
[C69-GPU] Thread GPU lance en parallele de 8 threads CPU
[C69-GPU] Pour valider GPU reel : chercher log '[C69-GPU] ===== THREAD GPU ACTIF'
[C69-GPU] ===== THREAD GPU ACTIF — btc_opencl_mine_batch() APPELEE =====
[C69-GPU] Hashrate GPU mesure (benchmark) : 12.37 MH/s
[C69-GPU] Target near-miss : 20 bits | Batch : 262144 nonces/dispatch
[C116-P4] near_miss_bits adaptatif = 20 bits (QDPR)
[C88-GPU-FIX] Near-miss GPU nonce=2160533599 best=20 bits (target_bits=20) — minage continue (PAS un bloc valide)
[C88-GPU-FIX] Near-miss GPU nonce=2173564578 best=21 bits (target_bits=20) — minage continue (PAS un bloc valide)
[C69-GPU] batch #100 | GPU hashes: 26214400 | near-miss GPU best: 23 bits | ~12.4 MH/s
[C69-GPU] batch #200 | GPU hashes: 52428800 | near-miss GPU best: 25 bits | ~12.4 MH/s
[C69-GPU] batch #300 | GPU hashes: 78643200 | near-miss GPU best: 31 bits | ~12.4 MH/s
[BTC_QM] elapsed=10.0s hashes=98073986 hashrate=9.77MH/s best_leading=38 best_nonce=4278190080 nx48_delta=0.83
[C69-GPU] batch #400 | GPU hashes: 104857600 | near-miss GPU best: 31 bits | ~12.4 MH/s
[C69-GPU] batch #500 | GPU hashes: 131072000 | near-miss GPU best: 31 bits | ~12.4 MH/s
[C88-GPU-FIX] Near-miss GPU nonce=2291442682 best=20 bits (target_bits=20) — minage continue (PAS un bloc valide)
[C69-GPU] batch #600 | GPU hashes: 157286400 | near-miss GPU best: 31 bits | ~12.4 MH/s
[C88-GPU-FIX] Near-miss GPU nonce=2317688101 best=21 bits (target_bits=20) — minage continue (PAS un bloc valide)
[C88-GPU-FIX] Near-miss GPU nonce=2330904313 best=20 bits (target_bits=20) — minage continue (PAS un bloc valide)
[C69-GPU] batch #700 | GPU hashes: 183500800 | near-miss GPU best: 31 bits | ~12.4 MH/s
[BTC_QM] elapsed=20.0s hashes=196611458 hashrate=9.81MH/s best_leading=38 best_nonce=4278190080 nx48_delta=1.06
[C88-GPU-FIX] Near-miss GPU nonce=2357015399 best=20 bits (target_bits=20) — minage continue (PAS un bloc valide)
[C69-GPU] batch #800 | GPU hashes: 209715200 | near-miss GPU best: 31 bits | ~12.4 MH/s
[C88-GPU-FIX] Near-miss GPU nonce=2370092417 best=20 bits (target_bits=20) — minage continue (PAS un bloc valide)
[C69-GPU] batch #900 | GPU hashes: 235929600 | near-miss GPU best: 31 bits | ~12.4 MH/s
[C88-GPU-FIX] Near-miss GPU nonce=2396357344 best=20 bits (target_bits=20) — minage continue (PAS un bloc valide)
[C69-GPU] batch #1000 | GPU hashes: 262144000 | near-miss GPU best: 31 bits | ~12.4 MH/s
[BTC_QM] elapsed=30.0s hashes=294600066 hashrate=9.81MH/s best_leading=38 best_nonce=4278190080 nx48_delta=1.03
[C88-GPU-FIX] Near-miss GPU nonce=2435817862 best=22 bits (target_bits=20) — minage continue (PAS un bloc valide)
[C69-GPU] batch #1100 | GPU hashes: 288358400 | near-miss GPU best: 31 bits | ~12.4 MH/s
[C88-GPU-FIX] Near-miss GPU nonce=2448724023 best=20 bits (target_bits=20) — minage continue (PAS un bloc valide)
[C69-GPU] batch #1200 | GPU hashes: 314572800 | near-miss GPU best: 31 bits | ~12.4 MH/s
[C69-GPU] batch #1300 | GPU hashes: 340787200 | near-miss GPU best: 31 bits | ~12.4 MH/s
[C69-GPU] batch #1400 | GPU hashes: 367001600 | near-miss GPU best: 31 bits | ~12.4 MH/s
[BTC_QM] elapsed=40.0s hashes=392899970 hashrate=9.81MH/s best_leading=38 best_nonce=4278190080 nx48_delta=1.07
[C69-GPU] batch #1500 | GPU hashes: 393216000 | near-miss GPU best: 31 bits | ~12.4 MH/s
[C88-GPU-FIX] Near-miss GPU nonce=2553607914 best=20 bits (target_bits=20) — minage continue (PAS un bloc valide)
[C69-GPU] batch #1600 | GPU hashes: 419430400 | near-miss GPU best: 31 bits | ~12.4 MH/s
[C69-GPU] batch #1700 | GPU hashes: 445644800 | near-miss GPU best: 31 bits | ~12.4 MH/s
[BTC_QM] elapsed=50.1s hashes=491720066 hashrate=9.82MH/s best_leading=38 best_nonce=4278190080 nx48_delta=1.06
[C69-GPU] batch #1800 | GPU hashes: 471859200 | near-miss GPU best: 31 bits | ~12.4 MH/s
[C69-GPU] batch #1900 | GPU hashes: 498073600 | near-miss GPU best: 31 bits | ~12.4 MH/s
[C88-GPU-FIX] Near-miss GPU nonce=2658429633 best=20 bits (target_bits=20) — minage continue (PAS un bloc valide)
[C69-GPU] batch #2000 | GPU hashes: 524288000 | near-miss GPU best: 31 bits | ~12.4 MH/s
[C69-GPU] batch #2100 | GPU hashes: 550502400 | near-miss GPU best: 31 bits | ~12.4 MH/s
[BTC_QM] elapsed=60.2s hashes=590826882 hashrate=9.82MH/s best_leading=38 best_nonce=4278190080 nx48_delta=1.16
[C69-GPU] batch #2200 | GPU hashes: 576716800 | near-miss GPU best: 31 bits | ~12.4 MH/s
[C69-GPU] batch #2300 | GPU hashes: 602931200 | near-miss GPU best: 31 bits | ~12.4 MH/s
[C69-GPU] batch #2400 | GPU hashes: 629145600 | near-miss GPU best: 31 bits | ~12.4 MH/s
[BTC_QM] elapsed=70.2s hashes=689933698 hashrate=9.83MH/s best_leading=38 best_nonce=4278190080 nx48_delta=1.53
[C88-GPU-FIX] Near-miss GPU nonce=2802695504 best=20 bits (target_bits=20) — minage continue (PAS un bloc valide)
[C69-GPU] batch #2500 | GPU hashes: 655360000 | near-miss GPU best: 31 bits | ~12.4 MH/s
[C69-GPU] batch #2600 | GPU hashes: 681574400 | near-miss GPU best: 31 bits | ~12.4 MH/s
[C69-GPU] batch #2700 | GPU hashes: 707788800 | near-miss GPU best: 31 bits | ~12.4 MH/s
[C88-GPU-FIX] Near-miss GPU nonce=2868369396 best=20 bits (target_bits=20) — minage continue (PAS un bloc valide)
[C69-GPU] batch #2800 | GPU hashes: 734003200 | near-miss GPU best: 31 bits | ~12.4 MH/s
[BTC_QM] elapsed=80.2s hashes=789036418 hashrate=9.83MH/s best_leading=38 best_nonce=4278190080 nx48_delta=1.51
[C69-GPU] batch #2900 | GPU hashes: 760217600 | near-miss GPU best: 31 bits | ~12.4 MH/s
[C88-GPU-FIX] Near-miss GPU nonce=2933846654 best=22 bits (target_bits=20) — minage continue (PAS un bloc valide)
[C69-GPU] batch #3000 | GPU hashes: 786432000 | near-miss GPU best: 31 bits | ~12.4 MH/s
[C88-GPU-FIX] Near-miss GPU nonce=2960046708 best=24 bits (target_bits=20) — minage continue (PAS un bloc valide)
[C69-GPU] batch #3100 | GPU hashes: 812646400 | near-miss GPU best: 31 bits | ~12.4 MH/s
[C88-GPU-FIX] Near-miss GPU nonce=2973130065 best=24 bits (target_bits=20) — minage continue (PAS un bloc valide)
[BTC_QM] elapsed=90.3s hashes=887872898 hashrate=9.84MH/s best_leading=38 best_nonce=4278190080 nx48_delta=1.69
[C69-GPU] batch #3200 | GPU hashes: 838860800 | near-miss GPU best: 31 bits | ~12.4 MH/s
[C88-GPU-FIX] Near-miss GPU nonce=2999418366 best=20 bits (target_bits=20) — minage continue (PAS un bloc valide)
[C69-GPU] batch #3300 | GPU hashes: 865075200 | near-miss GPU best: 31 bits | ~12.4 MH/s
[C88-GPU-FIX] Near-miss GPU nonce=3025425476 best=20 bits (target_bits=20) — minage continue (PAS un bloc valide)
[C69-GPU] batch #3400 | GPU hashes: 891289600 | near-miss GPU best: 31 bits | ~12.4 MH/s
[C69-GPU] batch #3500 | GPU hashes: 917504000 | near-miss GPU best: 31 bits | ~12.4 MH/s
[BTC_QM] elapsed=100.3s hashes=986996098 hashrate=9.84MH/s best_leading=38 best_nonce=4278190080 nx48_delta=2.14
[C69-GPU] batch #3600 | GPU hashes: 943718400 | near-miss GPU best: 31 bits | ~12.4 MH/s
[C69-GPU] batch #3700 | GPU hashes: 969932800 | near-miss GPU best: 31 bits | ~12.4 MH/s
[C69-GPU] batch #3800 | GPU hashes: 996147200 | near-miss GPU best: 31 bits | ~12.4 MH/s
[C69-GPU] batch #3900 | GPU hashes: 1022361600 | near-miss GPU best: 31 bits | ~12.4 MH/s
[BTC_QM] elapsed=110.3s hashes=1085803906 hashrate=9.84MH/s best_leading=38 best_nonce=4278190080 nx48_delta=2.35
[C69-GPU] batch #4000 | GPU hashes: 1048576000 | near-miss GPU best: 31 bits | ~12.4 MH/s
[C88-GPU-FIX] Near-miss GPU nonce=3209017974 best=20 bits (target_bits=20) — minage continue (PAS un bloc valide)
[C69-GPU] batch #4100 | GPU hashes: 1074790400 | near-miss GPU best: 31 bits | ~12.4 MH/s
[C69-GPU] batch #4200 | GPU hashes: 1101004800 | near-miss GPU best: 31 bits | ~12.4 MH/s
[BTC_QM] elapsed=120.4s hashes=1184619906 hashrate=9.84MH/s best_leading=38 best_nonce=4278190080 nx48_delta=2.87
[C69-GPU] batch #4300 | GPU hashes: 1127219200 | near-miss GPU best: 31 bits | ~12.4 MH/s
[C88-GPU-FIX] Near-miss GPU nonce=3300754967 best=20 bits (target_bits=20) — minage continue (PAS un bloc valide)
[C69-GPU] batch #4400 | GPU hashes: 1153433600 | near-miss GPU best: 31 bits | ~12.4 MH/s
[C69-GPU] batch #4500 | GPU hashes: 1179648000 | near-miss GPU best: 31 bits | ~12.4 MH/s
[C88-GPU-FIX] Near-miss GPU nonce=3353204866 best=22 bits (target_bits=20) — minage continue (PAS un bloc valide)
[C69-GPU] batch #4600 | GPU hashes: 1205862400 | near-miss GPU best: 31 bits | ~12.4 MH/s
[BTC_QM] elapsed=130.4s hashes=1283968386 hashrate=9.85MH/s best_leading=38 best_nonce=4278190080 nx48_delta=3.27
[C69-GPU] batch #4700 | GPU hashes: 1232076800 | near-miss GPU best: 31 bits | ~12.4 MH/s
[C69-GPU] batch #4800 | GPU hashes: 1258291200 | near-miss GPU best: 31 bits | ~12.4 MH/s
[C69-GPU] batch #4900 | GPU hashes: 1284505600 | near-miss GPU best: 31 bits | ~12.4 MH/s
[BTC_QM] elapsed=140.4s hashes=1382792578 hashrate=9.85MH/s best_leading=38 best_nonce=4278190080 nx48_delta=4.84
[C69-GPU] batch #5000 | GPU hashes: 1310720000 | near-miss GPU best: 31 bits | ~12.4 MH/s
[C88-GPU-FIX] Near-miss GPU nonce=3471086505 best=21 bits (target_bits=20) — minage continue (PAS un bloc valide)
[C69-GPU] batch #5100 | GPU hashes: 1336934400 | near-miss GPU best: 31 bits | ~12.4 MH/s
[C88-GPU-FIX] Near-miss GPU nonce=3510403470 best=21 bits (target_bits=20) — minage continue (PAS un bloc valide)
[C69-GPU] batch #5200 | GPU hashes: 1363148800 | near-miss GPU best: 31 bits | ~12.4 MH/s
[C69-GPU] batch #5300 | GPU hashes: 1389363200 | near-miss GPU best: 31 bits | ~12.4 MH/s
[BTC_QM] elapsed=150.5s hashes=1481366914 hashrate=9.84MH/s best_leading=38 best_nonce=4278190080 nx48_delta=6.13
[C69-GPU] batch #5400 | GPU hashes: 1415577600 | near-miss GPU best: 31 bits | ~12.4 MH/s
[C69-GPU] batch #5500 | GPU hashes: 1441792000 | near-miss GPU best: 31 bits | ~12.4 MH/s
[C69-GPU] batch #5600 | GPU hashes: 1468006400 | near-miss GPU best: 31 bits | ~12.4 MH/s
[BTC_QM] elapsed=160.5s hashes=1580481922 hashrate=9.85MH/s best_leading=38 best_nonce=4278190080 nx48_delta=6.90
[C69-GPU] batch #5700 | GPU hashes: 1494220800 | near-miss GPU best: 31 bits | ~12.4 MH/s
[C88-GPU-FIX] Near-miss GPU nonce=3654633381 best=21 bits (target_bits=20) — minage continue (PAS un bloc valide)
[C69-GPU] batch #5800 | GPU hashes: 1520435200 | near-miss GPU best: 31 bits | ~12.4 MH/s
[C88-GPU-FIX] Near-miss GPU nonce=3693888769 best=20 bits (target_bits=20) — minage continue (PAS un bloc valide)
[C69-GPU] batch #5900 | GPU hashes: 1546649600 | near-miss GPU best: 31 bits | ~12.4 MH/s
[C69-GPU] batch #6000 | GPU hashes: 1572864000 | near-miss GPU best: 31 bits | ~12.4 MH/s
[BTC_QM] elapsed=170.6s hashes=1679588738 hashrate=9.85MH/s best_leading=38 best_nonce=4278190080 nx48_delta=7.37
[C88-GPU-FIX] Near-miss GPU nonce=3746542593 best=20 bits (target_bits=20) — minage continue (PAS un bloc valide)
[C69-GPU] batch #6100 | GPU hashes: 1599078400 | near-miss GPU best: 31 bits | ~12.4 MH/s
[C69-GPU] batch #6200 | GPU hashes: 1625292800 | near-miss GPU best: 31 bits | ~12.4 MH/s
[C69-GPU] batch #6300 | GPU hashes: 1651507200 | near-miss GPU best: 31 bits | ~12.4 MH/s
[BTC_QM] elapsed=180.6s hashes=1778417026 hashrate=9.85MH/s best_leading=38 best_nonce=4278190080 nx48_delta=7.24
[C69-GPU] batch #6400 | GPU hashes: 1677721600 | near-miss GPU best: 31 bits | ~12.4 MH/s
[C88-GPU-FIX] Near-miss GPU nonce=3838079318 best=20 bits (target_bits=20) — minage continue (PAS un bloc valide)
[C88-GPU-FIX] Near-miss GPU nonce=3851209226 best=21 bits (target_bits=20) — minage continue (PAS un bloc valide)
[C69-GPU] batch #6500 | GPU hashes: 1703936000 | near-miss GPU best: 31 bits | ~12.4 MH/s
[C69-GPU] batch #6600 | GPU hashes: 1730150400 | near-miss GPU best: 31 bits | ~12.4 MH/s
[C88-GPU-FIX] Near-miss GPU nonce=3890491720 best=20 bits (target_bits=20) — minage continue (PAS un bloc valide)
[C69-GPU] batch #6700 | GPU hashes: 1756364800 | near-miss GPU best: 31 bits | ~12.4 MH/s
[BTC_QM] elapsed=190.6s hashes=1877523842 hashrate=9.85MH/s best_leading=38 best_nonce=4278190080 nx48_delta=8.02
[C88-GPU-FIX] Near-miss GPU nonce=3916806233 best=23 bits (target_bits=20) — minage continue (PAS un bloc valide)
[C69-GPU] batch #6800 | GPU hashes: 1782579200 | near-miss GPU best: 31 bits | ~12.4 MH/s
[C69-GPU] batch #6900 | GPU hashes: 1808793600 | near-miss GPU best: 31 bits | ~12.4 MH/s
[C69-GPU] batch #7000 | GPU hashes: 1835008000 | near-miss GPU best: 31 bits | ~12.4 MH/s
[C88-GPU-FIX] Near-miss GPU nonce=3995532414 best=20 bits (target_bits=20) — minage continue (PAS un bloc valide)
[BTC_QM] elapsed=200.7s hashes=1976122754 hashrate=9.85MH/s best_leading=38 best_nonce=4278190080 nx48_delta=8.45
[C88-GPU-FIX] Near-miss GPU nonce=4008522131 best=21 bits (target_bits=20) — minage continue (PAS un bloc valide)
[C69-GPU] batch #7100 | GPU hashes: 1861222400 | near-miss GPU best: 31 bits | ~12.4 MH/s
[C88-GPU-FIX] Near-miss GPU nonce=4034807811 best=20 bits (target_bits=20) — minage continue (PAS un bloc valide)
[C69-GPU] batch #7200 | GPU hashes: 1887436800 | near-miss GPU best: 31 bits | ~12.4 MH/s
[C69-GPU] batch #7300 | GPU hashes: 1913651200 | near-miss GPU best: 31 bits | ~12.4 MH/s
[C69-GPU] batch #7400 | GPU hashes: 1939865600 | near-miss GPU best: 31 bits | ~12.4 MH/s
[BTC_QM] elapsed=210.7s hashes=2074967426 hashrate=9.85MH/s best_leading=38 best_nonce=4278190080 nx48_delta=9.18
[C69-GPU] batch #7500 | GPU hashes: 1966080000 | near-miss GPU best: 31 bits | ~12.4 MH/s
[C69-GPU] batch #7600 | GPU hashes: 1992294400 | near-miss GPU best: 31 bits | ~12.4 MH/s
[C88-GPU-FIX] Near-miss GPU nonce=4152696493 best=22 bits (target_bits=20) — minage continue (PAS un bloc valide)
[C69-GPU] batch #7700 | GPU hashes: 2018508800 | near-miss GPU best: 31 bits | ~12.4 MH/s
[C88-GPU-FIX] Near-miss GPU nonce=4178965543 best=20 bits (target_bits=20) — minage continue (PAS un bloc valide)
[C69-GPU] batch #7800 | GPU hashes: 2044723200 | near-miss GPU best: 31 bits | ~12.4 MH/s
[BTC_QM] elapsed=220.7s hashes=2174102914 hashrate=9.85MH/s best_leading=38 best_nonce=4278190080 nx48_delta=10.22
[C88-GPU-FIX] Near-miss GPU nonce=4205066249 best=20 bits (target_bits=20) — minage continue (PAS un bloc valide)
[C88-GPU-FIX] Near-miss GPU nonce=4218168859 best=20 bits (target_bits=20) — minage continue (PAS un bloc valide)
[C69-GPU] batch #7900 | GPU hashes: 2070937600 | near-miss GPU best: 31 bits | ~12.4 MH/s
[C88-GPU-FIX] Near-miss GPU nonce=4244418888 best=22 bits (target_bits=20) — minage continue (PAS un bloc valide)
[C69-GPU] batch #8000 | GPU hashes: 2097152000 | near-miss GPU best: 31 bits | ~12.4 MH/s
[C69-GPU] batch #8100 | GPU hashes: 2123366400 | near-miss GPU best: 31 bits | ~12.4 MH/s
[BTC_QM] elapsed=230.8s hashes=2272927106 hashrate=9.85MH/s best_leading=38 best_nonce=4278190080 nx48_delta=12.07
[C69-GPU] batch #8200 | GPU hashes: 2149580800 | near-miss GPU best: 31 bits | ~12.4 MH/s
[C69-GPU] batch #8300 | GPU hashes: 2175795200 | near-miss GPU best: 31 bits | ~12.4 MH/s
[C69-GPU] batch #8400 | GPU hashes: 2202009600 | near-miss GPU best: 31 bits | ~12.4 MH/s
[C88-GPU-FIX] Near-miss GPU nonce=1154346010 best=20 bits (target_bits=20) — minage continue (PAS un bloc valide)
[C69-GPU] batch #8500 | GPU hashes: 2228224000 | near-miss GPU best: 31 bits | ~12.4 MH/s
[BTC_QM] elapsed=240.8s hashes=2371497346 hashrate=9.85MH/s best_leading=38 best_nonce=4278190080 nx48_delta=13.16
[C88-GPU-FIX] Near-miss GPU nonce=1180659355 best=21 bits (target_bits=20) — minage continue (PAS un bloc valide)
[C69-GPU] batch #8600 | GPU hashes: 2254438400 | near-miss GPU best: 31 bits | ~12.4 MH/s
[C88-GPU-FIX] Near-miss GPU nonce=1193875981 best=20 bits (target_bits=20) — minage continue (PAS un bloc valide)
[C69-GPU] batch #8700 | GPU hashes: 2280652800 | near-miss GPU best: 31 bits | ~12.4 MH/s
[C69-GPU] batch #8800 | GPU hashes: 2306867200 | near-miss GPU best: 31 bits | ~12.4 MH/s
[BTC_QM] elapsed=250.8s hashes=2470047106 hashrate=9.85MH/s best_leading=38 best_nonce=4278190080 nx48_delta=16.15
[C69-GPU] batch #8900 | GPU hashes: 2333081600 | near-miss GPU best: 31 bits | ~12.4 MH/s
[C88-GPU-FIX] Near-miss GPU nonce=1285502146 best=20 bits (target_bits=20) — minage continue (PAS un bloc valide)
[C69-GPU] batch #9000 | GPU hashes: 2359296000 | near-miss GPU best: 32 bits | ~12.4 MH/s
[C88-GPU-FIX] Near-miss GPU nonce=1298576279 best=20 bits (target_bits=20) — minage continue (PAS un bloc valide)
[C88-GPU-FIX] Near-miss GPU nonce=1311754229 best=22 bits (target_bits=20) — minage continue (PAS un bloc valide)
[C69-GPU] batch #9100 | GPU hashes: 2385510400 | near-miss GPU best: 32 bits | ~12.4 MH/s
[C69-GPU] batch #9200 | GPU hashes: 2411724800 | near-miss GPU best: 32 bits | ~12.4 MH/s
[BTC_QM] elapsed=260.9s hashes=2568863106 hashrate=9.85MH/s best_leading=38 best_nonce=4278190080 nx48_delta=19.14
[C88-GPU-FIX] Near-miss GPU nonce=1351040250 best=20 bits (target_bits=20) — minage continue (PAS un bloc valide)
[C69-GPU] batch #9300 | GPU hashes: 2437939200 | near-miss GPU best: 32 bits | ~12.4 MH/s
[C88-GPU-FIX] Near-miss GPU nonce=1390375773 best=20 bits (target_bits=20) — minage continue (PAS un bloc valide)
[C69-GPU] batch #9400 | GPU hashes: 2464153600 | near-miss GPU best: 32 bits | ~12.4 MH/s
[C69-GPU] batch #9500 | GPU hashes: 2490368000 | near-miss GPU best: 32 bits | ~12.4 MH/s
[BTC_QM] elapsed=270.9s hashes=2667412866 hashrate=9.85MH/s best_leading=38 best_nonce=4278190080 nx48_delta=20.20
[C69-GPU] batch #9600 | GPU hashes: 2516582400 | near-miss GPU best: 32 bits | ~12.4 MH/s
[C69-GPU] batch #9700 | GPU hashes: 2542796800 | near-miss GPU best: 32 bits | ~12.4 MH/s
[C88-GPU-FIX] Near-miss GPU nonce=1482208434 best=20 bits (target_bits=20) — minage continue (PAS un bloc valide)
[C69-GPU] batch #9800 | GPU hashes: 2569011200 | near-miss GPU best: 32 bits | ~12.4 MH/s
[C69-GPU] batch #9900 | GPU hashes: 2595225600 | near-miss GPU best: 32 bits | ~12.4 MH/s
[BTC_QM] elapsed=280.9s hashes=2765987202 hashrate=9.85MH/s best_leading=38 best_nonce=4278190080 nx48_delta=27.62
[C69-GPU] batch #10000 | GPU hashes: 2621440000 | near-miss GPU best: 32 bits | ~12.4 MH/s
[C69-GPU] batch #10100 | GPU hashes: 2647654400 | near-miss GPU best: 32 bits | ~12.4 MH/s
[C69-GPU] batch #10200 | GPU hashes: 2673868800 | near-miss GPU best: 32 bits | ~12.4 MH/s
[C88-GPU-FIX] Near-miss GPU nonce=1613209112 best=23 bits (target_bits=20) — minage continue (PAS un bloc valide)
[BTC_QM] elapsed=291.0s hashes=2864827778 hashrate=9.85MH/s best_leading=38 best_nonce=4278190080 nx48_delta=24.64
[C88-GPU-FIX] Near-miss GPU nonce=1626378301 best=21 bits (target_bits=20) — minage continue (PAS un bloc valide)
[C69-GPU] batch #10300 | GPU hashes: 2700083200 | near-miss GPU best: 32 bits | ~12.4 MH/s
[C88-GPU-FIX] Near-miss GPU nonce=1639398318 best=20 bits (target_bits=20) — minage continue (PAS un bloc valide)
[C69-GPU] batch #10400 | GPU hashes: 2726297600 | near-miss GPU best: 32 bits | ~12.4 MH/s
[C88-GPU-FIX] Near-miss GPU nonce=1665682301 best=22 bits (target_bits=20) — minage continue (PAS un bloc valide)
[C69-GPU] batch #10500 | GPU hashes: 2752512000 | near-miss GPU best: 32 bits | ~12.4 MH/s
[C88-GPU-FIX] Near-miss GPU nonce=1704990978 best=20 bits (target_bits=20) — minage continue (PAS un bloc valide)
[C69-GPU] batch #10600 | GPU hashes: 2778726400 | near-miss GPU best: 32 bits | ~12.4 MH/s
[BTC_QM] elapsed=301.0s hashes=2963418498 hashrate=9.85MH/s best_leading=38 best_nonce=4278190080 nx48_delta=31.86
[C88-GPU-FIX] Near-miss GPU nonce=1718191335 best=20 bits (target_bits=20) — minage continue (PAS un bloc valide)
[C69-GPU] batch #10700 | GPU hashes: 2804940800 | near-miss GPU best: 32 bits | ~12.4 MH/s
[C69-GPU] batch #10800 | GPU hashes: 2831155200 | near-miss GPU best: 32 bits | ~12.4 MH/s
[C69-GPU] batch #10900 | GPU hashes: 2857369600 | near-miss GPU best: 32 bits | ~12.4 MH/s
[C69-GPU] batch #11000 | GPU hashes: 2883584000 | near-miss GPU best: 32 bits | ~12.4 MH/s
[BTC_QM] elapsed=311.0s hashes=3062541698 hashrate=9.85MH/s best_leading=38 best_nonce=4278190080 nx48_delta=36.98
[C88-GPU-FIX] Near-miss GPU nonce=1836142431 best=22 bits (target_bits=20) — minage continue (PAS un bloc valide)
[C69-GPU] batch #11100 | GPU hashes: 2909798400 | near-miss GPU best: 32 bits | ~12.4 MH/s
[C69-GPU] batch #11200 | GPU hashes: 2936012800 | near-miss GPU best: 32 bits | ~12.4 MH/s
[C69-GPU] batch #11300 | GPU hashes: 2962227200 | near-miss GPU best: 32 bits | ~12.4 MH/s
[BTC_QM] elapsed=321.1s hashes=3161390466 hashrate=9.85MH/s best_leading=38 best_nonce=4278190080 nx48_delta=42.81
[C88-GPU-FIX] Near-miss GPU nonce=1914639944 best=22 bits (target_bits=20) — minage continue (PAS un bloc valide)
[C69-GPU] batch #11400 | GPU hashes: 2988441600 | near-miss GPU best: 32 bits | ~12.4 MH/s
[C88-GPU-FIX] Near-miss GPU nonce=1940844304 best=20 bits (target_bits=20) — minage continue (PAS un bloc valide)
[C69-GPU] batch #11500 | GPU hashes: 3014656000 | near-miss GPU best: 32 bits | ~12.4 MH/s
[C88-GPU-FIX] Near-miss GPU nonce=1954050625 best=21 bits (target_bits=20) — minage continue (PAS un bloc valide)
[C69-GPU] batch #11600 | GPU hashes: 3040870400 | near-miss GPU best: 32 bits | ~12.4 MH/s
[C69-GPU] batch #11700 | GPU hashes: 3067084800 | near-miss GPU best: 32 bits | ~12.4 MH/s
[BTC_QM] elapsed=331.1s hashes=3260222850 hashrate=9.85MH/s best_leading=38 best_nonce=4278190080 nx48_delta=42.02
[C69-GPU] batch #11800 | GPU hashes: 3093299200 | near-miss GPU best: 32 bits | ~12.4 MH/s
[C88-GPU-FIX] Near-miss GPU nonce=2032579903 best=22 bits (target_bits=20) — minage continue (PAS un bloc valide)
[C69-GPU] batch #11900 | GPU hashes: 3119513600 | near-miss GPU best: 32 bits | ~12.4 MH/s
[C69-GPU] batch #12000 | GPU hashes: 3145728000 | near-miss GPU best: 32 bits | ~12.4 MH/s
[BTC_QM] elapsed=341.1s hashes=3359083906 hashrate=9.85MH/s best_leading=38 best_nonce=4278190080 nx48_delta=46.83
[C69-GPU] batch #12100 | GPU hashes: 3171942400 | near-miss GPU best: 32 bits | ~12.4 MH/s
[C88-GPU-FIX] Near-miss GPU nonce=2124377952 best=22 bits (target_bits=20) — minage continue (PAS un bloc valide)
[C69-GPU] batch #12200 | GPU hashes: 3198156800 | near-miss GPU best: 32 bits | ~12.4 MH/s
[C88-GPU-FIX] Near-miss GPU nonce=2150535174 best=20 bits (target_bits=20) — minage continue (PAS un bloc valide)
[C69-GPU] batch #12300 | GPU hashes: 3224371200 | near-miss GPU best: 32 bits | ~12.4 MH/s
[C69-GPU] batch #12400 | GPU hashes: 3250585600 | near-miss GPU best: 32 bits | ~12.4 MH/s
[BTC_QM] elapsed=351.2s hashes=3458186626 hashrate=9.85MH/s best_leading=38 best_nonce=4278190080 nx48_delta=53.79
[C88-GPU-FIX] Near-miss GPU nonce=2203115589 best=20 bits (target_bits=20) — minage continue (PAS un bloc valide)
[C69-GPU] batch #12500 | GPU hashes: 3276800000 | near-miss GPU best: 32 bits | ~12.4 MH/s
[C69-GPU] batch #12600 | GPU hashes: 3303014400 | near-miss GPU best: 32 bits | ~12.4 MH/s
[C69-GPU] batch #12700 | GPU hashes: 3329228800 | near-miss GPU best: 32 bits | ~12.4 MH/s
[BTC_QM] elapsed=361.2s hashes=3556748674 hashrate=9.85MH/s best_leading=38 best_nonce=4278190080 nx48_delta=66.58
[C69-GPU] batch #12800 | GPU hashes: 3355443200 | near-miss GPU best: 32 bits | ~12.4 MH/s
[C88-GPU-FIX] Near-miss GPU nonce=2294712848 best=22 bits (target_bits=20) — minage continue (PAS un bloc valide)
[C69-GPU] batch #12900 | GPU hashes: 3381657600 | near-miss GPU best: 32 bits | ~12.4 MH/s
[C88-GPU-FIX] Near-miss GPU nonce=2334002985 best=20 bits (target_bits=20) — minage continue (PAS un bloc valide)
[C69-GPU] batch #13000 | GPU hashes: 3407872000 | near-miss GPU best: 32 bits | ~12.4 MH/s
[C69-GPU] batch #13100 | GPU hashes: 3434086400 | near-miss GPU best: 32 bits | ~12.4 MH/s
[BTC_QM] elapsed=371.2s hashes=3655556482 hashrate=9.85MH/s best_leading=38 best_nonce=4278190080 nx48_delta=77.09
[C88-GPU-FIX] Near-miss GPU nonce=2386436655 best=21 bits (target_bits=20) — minage continue (PAS un bloc valide)
[C69-GPU] batch #13200 | GPU hashes: 3460300800 | near-miss GPU best: 32 bits | ~12.4 MH/s
[C69-GPU] batch #13300 | GPU hashes: 3486515200 | near-miss GPU best: 32 bits | ~12.4 MH/s
[C88-GPU-FIX] Near-miss GPU nonce=2425793806 best=20 bits (target_bits=20) — minage continue (PAS un bloc valide)
[C69-GPU] batch #13400 | GPU hashes: 3512729600 | near-miss GPU best: 32 bits | ~12.4 MH/s
[C88-GPU-FIX] Near-miss GPU nonce=2452130900 best=20 bits (target_bits=20) — minage continue (PAS un bloc valide)
[BTC_QM] elapsed=381.2s hashes=3754368386 hashrate=9.85MH/s best_leading=38 best_nonce=4278190080 nx48_delta=84.27
[C69-GPU] batch #13500 | GPU hashes: 3538944000 | near-miss GPU best: 32 bits | ~12.4 MH/s
[C88-GPU-FIX] Near-miss GPU nonce=2491500053 best=20 bits (target_bits=20) — minage continue (PAS un bloc valide)
[C69-GPU] batch #13600 | GPU hashes: 3565158400 | near-miss GPU best: 32 bits | ~12.4 MH/s
[C88-GPU-FIX] Near-miss GPU nonce=2517706702 best=20 bits (target_bits=20) — minage continue (PAS un bloc valide)
[C69-GPU] batch #13700 | GPU hashes: 3591372800 | near-miss GPU best: 32 bits | ~12.4 MH/s
[C69-GPU] batch #13800 | GPU hashes: 3617587200 | near-miss GPU best: 32 bits | ~12.4 MH/s
[BTC_QM] elapsed=391.3s hashes=3853438338 hashrate=9.85MH/s best_leading=38 best_nonce=4278190080 nx48_delta=112.46
[C88-GPU-FIX] Near-miss GPU nonce=2570056024 best=23 bits (target_bits=20) — minage continue (PAS un bloc valide)
[C69-GPU] batch #13900 | GPU hashes: 3643801600 | near-miss GPU best: 32 bits | ~12.4 MH/s
[C69-GPU] batch #14000 | GPU hashes: 3670016000 | near-miss GPU best: 32 bits | ~12.4 MH/s
[C69-GPU] batch #14100 | GPU hashes: 3696230400 | near-miss GPU best: 32 bits | ~12.4 MH/s
[BTC_QM] elapsed=401.3s hashes=3952553346 hashrate=9.85MH/s best_leading=38 best_nonce=4278190080 nx48_delta=118.04
[C69-GPU] batch #14200 | GPU hashes: 3722444800 | near-miss GPU best: 32 bits | ~12.4 MH/s
[C69-GPU] batch #14300 | GPU hashes: 3748659200 | near-miss GPU best: 32 bits | ~12.4 MH/s
[C69-GPU] batch #14400 | GPU hashes: 3774873600 | near-miss GPU best: 32 bits | ~12.4 MH/s
[C69-GPU] batch #14500 | GPU hashes: 3801088000 | near-miss GPU best: 32 bits | ~12.4 MH/s
[BTC_QM] elapsed=411.4s hashes=4051398018 hashrate=9.85MH/s best_leading=38 best_nonce=4278190080 nx48_delta=118.07
[C69-GPU] batch #14600 | GPU hashes: 3827302400 | near-miss GPU best: 32 bits | ~12.4 MH/s
[C69-GPU] batch #14700 | GPU hashes: 3853516800 | near-miss GPU best: 32 bits | ~12.4 MH/s
[C88-GPU-FIX] Near-miss GPU nonce=2792831390 best=20 bits (target_bits=20) — minage continue (PAS un bloc valide)
[C69-GPU] batch #14800 | GPU hashes: 3879731200 | near-miss GPU best: 32 bits | ~12.4 MH/s
[C88-GPU-FIX] Near-miss GPU nonce=2819010703 best=21 bits (target_bits=20) — minage continue (PAS un bloc valide)
[C69-GPU] batch #14900 | GPU hashes: 3905945600 | near-miss GPU best: 32 bits | ~12.4 MH/s
[BTC_QM] elapsed=421.4s hashes=4150246786 hashrate=9.85MH/s best_leading=38 best_nonce=4278190080 nx48_delta=130.57
[C88-GPU-FIX] Near-miss GPU nonce=2845210124 best=21 bits (target_bits=20) — minage continue (PAS un bloc valide)
[C69-GPU] batch #15000 | GPU hashes: 3932160000 | near-miss GPU best: 32 bits | ~12.4 MH/s
[C69-GPU] batch #15100 | GPU hashes: 3958374400 | near-miss GPU best: 32 bits | ~12.4 MH/s
[C69-GPU] batch #15200 | GPU hashes: 3984588800 | near-miss GPU best: 32 bits | ~12.4 MH/s
[BTC_QM] elapsed=431.5s hashes=4248841602 hashrate=9.85MH/s best_leading=38 best_nonce=4278190080 nx48_delta=176.31
[C69-GPU] batch #15300 | GPU hashes: 4010803200 | near-miss GPU best: 32 bits | ~12.4 MH/s
[C69-GPU] batch #15400 | GPU hashes: 4037017600 | near-miss GPU best: 32 bits | ~12.4 MH/s
[C69-GPU] batch #15500 | GPU hashes: 4063232000 | near-miss GPU best: 32 bits | ~12.4 MH/s
[C69-GPU] batch #15600 | GPU hashes: 4089446400 | near-miss GPU best: 32 bits | ~12.4 MH/s
[BTC_QM] elapsed=441.5s hashes=4347682178 hashrate=9.85MH/s best_leading=38 best_nonce=4278190080 nx48_delta=186.84
[C69-GPU] batch #15700 | GPU hashes: 4115660800 | near-miss GPU best: 32 bits | ~12.4 MH/s
[C69-GPU] batch #15800 | GPU hashes: 4141875200 | near-miss GPU best: 32 bits | ~12.4 MH/s
[LUMVORAX:ANOMALY] module=btc_qm_engine desc=btc_nx48_delta_cap_200 val=199.007478 src=src/nx48_btc_controller.c:1006
[C69-GPU] batch #15900 | GPU hashes: 4168089600 | near-miss GPU best: 32 bits | ~12.4 MH/s
[C88-GPU-FIX] Near-miss GPU nonce=3107559060 best=20 bits (target_bits=20) — minage continue (PAS un bloc valide)
[BTC_QM] elapsed=451.5s hashes=4446481794 hashrate=9.85MH/s best_leading=38 best_nonce=4278190080 nx48_delta=200.00
[C88-GPU-FIX] Near-miss GPU nonce=3120613705 best=21 bits (target_bits=20) — minage continue (PAS un bloc valide)
[C69-GPU] batch #16000 | GPU hashes: 4194304000 | near-miss GPU best: 32 bits | ~12.4 MH/s
[LUMVORAX:ANOMALY] module=btc_qm_engine desc=btc_nx48_delta_cap_200 val=200.000000 src=src/nx48_btc_controller.c:1006
[C88-GPU-FIX] Near-miss GPU nonce=3146754894 best=24 bits (target_bits=20) — minage continue (PAS un bloc valide)
[C69-GPU] batch #16100 | GPU hashes: 4220518400 | near-miss GPU best: 32 bits | ~12.4 MH/s
[LUMVORAX:ANOMALY] module=btc_qm_engine desc=btc_nx48_delta_cap_200 val=200.000000 src=src/nx48_btc_controller.c:1006
[C69-GPU] batch #16200 | GPU hashes: 4246732800 | near-miss GPU best: 32 bits | ~12.4 MH/s
[LUMVORAX:ANOMALY] module=btc_qm_engine desc=btc_nx48_delta_cap_200 val=200.000000 src=src/nx48_btc_controller.c:1006
[C69-GPU] batch #16300 | GPU hashes: 4272947200 | near-miss GPU best: 32 bits | ~12.4 MH/s
[BTC_QM] elapsed=461.5s hashes=4545047938 hashrate=9.85MH/s best_leading=38 best_nonce=4278190080 nx48_delta=200.00
[C69-GPU] batch #16400 | GPU hashes: 4299161600 | near-miss GPU best: 32 bits | ~12.4 MH/s
[LUMVORAX:ANOMALY] module=btc_qm_engine desc=btc_nx48_delta_cap_200 val=200.000000 src=src/nx48_btc_controller.c:1006
[C69-GPU] batch #16500 | GPU hashes: 4325376000 | near-miss GPU best: 32 bits | ~12.4 MH/s
[LUMVORAX:ANOMALY] module=btc_qm_engine desc=btc_nx48_delta_cap_200 val=200.000000 src=src/nx48_btc_controller.c:1006
[LUMVORAX:ANOMALY] module=btc_qm_engine desc=btc_nx48_delta_reset_stall_c62 val=10.694030 src=src/nx48_btc_controller.c:1095
[NX48-C62] Reset delta_nonce 200.0->10.694 (stall_long=230 cap200_plateau)
[C69-GPU] batch #16600 | GPU hashes: 4351590400 | near-miss GPU best: 32 bits | ~12.4 MH/s
[C88-GPU-FIX] Near-miss GPU nonce=3290855787 best=24 bits (target_bits=20) — minage continue (PAS un bloc valide)
[BTC_QM] elapsed=471.5s hashes=4643609986 hashrate=9.85MH/s best_leading=38 best_nonce=4278190080 nx48_delta=11.81
[C69-GPU] batch #16700 | GPU hashes: 4377804800 | near-miss GPU best: 32 bits | ~12.4 MH/s
[C69-GPU] batch #16800 | GPU hashes: 4404019200 | near-miss GPU best: 32 bits | ~12.4 MH/s
[C88-GPU-FIX] Near-miss GPU nonce=3343288492 best=22 bits (target_bits=20) — minage continue (PAS un bloc valide)
[C69-GPU] batch #16900 | GPU hashes: 4430233600 | near-miss GPU best: 32 bits | ~12.4 MH/s
[C69-GPU] batch #17000 | GPU hashes: 4456448000 | near-miss GPU best: 32 bits | ~12.4 MH/s
[BTC_QM] elapsed=481.6s hashes=4742970754 hashrate=9.85MH/s best_leading=38 best_nonce=4278190080 nx48_delta=17.54
[C69-GPU] batch #17100 | GPU hashes: 4482662400 | near-miss GPU best: 32 bits | ~12.4 MH/s
[C88-GPU-FIX] Near-miss GPU nonce=3421973722 best=25 bits (target_bits=20) — minage continue (PAS un bloc valide)
[C69-GPU] batch #17200 | GPU hashes: 4508876800 | near-miss GPU best: 32 bits | ~12.4 MH/s
[C69-GPU] batch #17300 | GPU hashes: 4535091200 | near-miss GPU best: 32 bits | ~12.4 MH/s
[BTC_QM] elapsed=491.6s hashes=4842069378 hashrate=9.85MH/s best_leading=38 best_nonce=4278190080 nx48_delta=20.87
[C69-GPU] batch #17400 | GPU hashes: 4561305600 | near-miss GPU best: 32 bits | ~12.4 MH/s
[C69-GPU] batch #17500 | GPU hashes: 4587520000 | near-miss GPU best: 32 bits | ~12.4 MH/s
[C69-GPU] batch #17600 | GPU hashes: 4613734400 | near-miss GPU best: 32 bits | ~12.4 MH/s
[C88-GPU-FIX] Near-miss GPU nonce=3553059073 best=21 bits (target_bits=20) — minage continue (PAS un bloc valide)
[C69-GPU] batch #17700 | GPU hashes: 4639948800 | near-miss GPU best: 32 bits | ~12.4 MH/s
[BTC_QM] elapsed=501.6s hashes=4941434242 hashrate=9.85MH/s best_leading=38 best_nonce=4278190080 nx48_delta=22.44
[C88-GPU-FIX] Near-miss GPU nonce=3579334106 best=20 bits (target_bits=20) — minage continue (PAS un bloc valide)
[C69-GPU] batch #17800 | GPU hashes: 4666163200 | near-miss GPU best: 32 bits | ~12.4 MH/s
[C69-GPU] batch #17900 | GPU hashes: 4692377600 | near-miss GPU best: 32 bits | ~12.4 MH/s
[C88-GPU-FIX] Near-miss GPU nonce=3631627342 best=21 bits (target_bits=20) — minage continue (PAS un bloc valide)
[C69-GPU] batch #18000 | GPU hashes: 4718592000 | near-miss GPU best: 32 bits | ~12.4 MH/s
[C69-GPU] batch #18100 | GPU hashes: 4744806400 | near-miss GPU best: 32 bits | ~12.4 MH/s
[BTC_QM] elapsed=511.7s hashes=5040512386 hashrate=9.85MH/s best_leading=38 best_nonce=4278190080 nx48_delta=25.62
[C69-GPU] batch #18200 | GPU hashes: 4771020800 | near-miss GPU best: 32 bits | ~12.4 MH/s
[C69-GPU] batch #18300 | GPU hashes: 4797235200 | near-miss GPU best: 32 bits | ~12.4 MH/s
[C69-GPU] batch #18400 | GPU hashes: 4823449600 | near-miss GPU best: 32 bits | ~12.4 MH/s
[BTC_QM] elapsed=521.7s hashes=5139881346 hashrate=9.85MH/s best_leading=38 best_nonce=4278190080 nx48_delta=27.82
[C69-GPU] batch #18500 | GPU hashes: 4849664000 | near-miss GPU best: 32 bits | ~12.4 MH/s
[C88-GPU-FIX] Near-miss GPU nonce=3802114042 best=20 bits (target_bits=20) — minage continue (PAS un bloc valide)
[C69-GPU] batch #18600 | GPU hashes: 4875878400 | near-miss GPU best: 32 bits | ~12.4 MH/s
[C88-GPU-FIX] Near-miss GPU nonce=3815306217 best=20 bits (target_bits=20) — minage continue (PAS un bloc valide)
[C88-GPU-FIX] Near-miss GPU nonce=3828295334 best=24 bits (target_bits=20) — minage continue (PAS un bloc valide)
[C69-GPU] batch #18700 | GPU hashes: 4902092800 | near-miss GPU best: 32 bits | ~12.4 MH/s
[C69-GPU] batch #18800 | GPU hashes: 4928307200 | near-miss GPU best: 32 bits | ~12.4 MH/s
[BTC_QM] elapsed=531.8s hashes=5239246210 hashrate=9.85MH/s best_leading=38 best_nonce=4278190080 nx48_delta=35.34
[C88-GPU-FIX] Near-miss GPU nonce=3880899417 best=20 bits (target_bits=20) — minage continue (PAS un bloc valide)
[C69-GPU] batch #18900 | GPU hashes: 4954521600 | near-miss GPU best: 32 bits | ~12.4 MH/s
[C69-GPU] batch #19000 | GPU hashes: 4980736000 | near-miss GPU best: 32 bits | ~12.4 MH/s
[C88-GPU-FIX] Near-miss GPU nonce=3920199839 best=26 bits (target_bits=20) — minage continue (PAS un bloc valide)
[C69-GPU] batch #19100 | GPU hashes: 5006950400 | near-miss GPU best: 32 bits | ~12.4 MH/s
[BTC_QM] elapsed=541.8s hashes=5338328450 hashrate=9.85MH/s best_leading=38 best_nonce=4278190080 nx48_delta=45.08
[C69-GPU] batch #19200 | GPU hashes: 5033164800 | near-miss GPU best: 32 bits | ~12.4 MH/s
[C69-GPU] batch #19300 | GPU hashes: 5059379200 | near-miss GPU best: 32 bits | ~12.4 MH/s
[C69-GPU] batch #19400 | GPU hashes: 5085593600 | near-miss GPU best: 32 bits | ~12.4 MH/s
[C69-GPU] batch #19500 | GPU hashes: 5111808000 | near-miss GPU best: 32 bits | ~12.4 MH/s
[BTC_QM] elapsed=551.8s hashes=5437435266 hashrate=9.85MH/s best_leading=38 best_nonce=4278190080 nx48_delta=45.25
[C69-GPU] batch #19600 | GPU hashes: 5138022400 | near-miss GPU best: 32 bits | ~12.4 MH/s
[C88-GPU-FIX] Near-miss GPU nonce=4077403809 best=22 bits (target_bits=20) — minage continue (PAS un bloc valide)
[C69-GPU] batch #19700 | GPU hashes: 5164236800 | near-miss GPU best: 32 bits | ~12.4 MH/s
[C69-GPU] batch #19800 | GPU hashes: 5190451200 | near-miss GPU best: 32 bits | ~12.4 MH/s
[BTC_QM] elapsed=561.9s hashes=5536796034 hashrate=9.85MH/s best_leading=38 best_nonce=4278190080 nx48_delta=57.26
[C69-GPU] batch #19900 | GPU hashes: 5216665600 | near-miss GPU best: 32 bits | ~12.4 MH/s
[C88-GPU-FIX] Near-miss GPU nonce=4169168287 best=21 bits (target_bits=20) — minage continue (PAS un bloc valide)
[C69-GPU] batch #20000 | GPU hashes: 5242880000 | near-miss GPU best: 32 bits | ~12.4 MH/s
[C69-GPU] batch #20100 | GPU hashes: 5269094400 | near-miss GPU best: 32 bits | ~12.4 MH/s
[C69-GPU] batch #20200 | GPU hashes: 5295308800 | near-miss GPU best: 32 bits | ~12.4 MH/s
[BTC_QM] elapsed=571.9s hashes=5636148610 hashrate=9.85MH/s best_leading=38 best_nonce=4278190080 nx48_delta=69.54
[C88-GPU-FIX] Near-miss GPU nonce=4247652878 best=21 bits (target_bits=20) — minage continue (PAS un bloc valide)
[C69-GPU] batch #20300 | GPU hashes: 5321523200 | near-miss GPU best: 32 bits | ~12.4 MH/s
[C69-GPU] batch #20400 | GPU hashes: 5347737600 | near-miss GPU best: 32 bits | ~12.4 MH/s
[C88-GPU-FIX] Near-miss GPU nonce=2689526957 best=21 bits (target_bits=20) — minage continue (PAS un bloc valide)
[C69-GPU] batch #20500 | GPU hashes: 5373952000 | near-miss GPU best: 32 bits | ~12.4 MH/s
[C69-GPU] batch #20600 | GPU hashes: 5400166400 | near-miss GPU best: 32 bits | ~12.4 MH/s
[BTC_QM] elapsed=582.0s hashes=5735017858 hashrate=9.85MH/s best_leading=38 best_nonce=4278190080 nx48_delta=94.68
[C69-GPU] batch #20700 | GPU hashes: 5426380800 | near-miss GPU best: 32 bits | ~12.4 MH/s
[C88-GPU-FIX] Near-miss GPU nonce=2768124879 best=21 bits (target_bits=20) — minage continue (PAS un bloc valide)
[C69-GPU] batch #20800 | GPU hashes: 5452595200 | near-miss GPU best: 32 bits | ~12.4 MH/s
[C69-GPU] batch #20900 | GPU hashes: 5478809600 | near-miss GPU best: 32 bits | ~12.4 MH/s
[C88-GPU-FIX] Near-miss GPU nonce=2807566937 best=24 bits (target_bits=20) — minage continue (PAS un bloc valide)
[BTC_QM] elapsed=592.0s hashes=5833862530 hashrate=9.85MH/s best_leading=38 best_nonce=4278190080 nx48_delta=109.73
[C69-GPU] batch #21000 | GPU hashes: 5505024000 | near-miss GPU best: 32 bits | ~12.4 MH/s
[C69-GPU] batch #21100 | GPU hashes: 5531238400 | near-miss GPU best: 32 bits | ~12.4 MH/s
[C88-GPU-FIX] Near-miss GPU nonce=2859870143 best=21 bits (target_bits=20) — minage continue (PAS un bloc valide)
[C69-GPU] batch #21200 | GPU hashes: 5557452800 | near-miss GPU best: 32 bits | ~12.4 MH/s
[C69-GPU] Thread GPU termine | Total GPU hashes: 5567414272 | Best GPU near-miss: 32 bits
[OCL] Ressources libérées
[BTC_QM] === RÉSULTATS FINAUX ===
[BTC_QM] Total hashes : 5912685954
[BTC_QM] Durée        : 600.02 s
[BTC_QM] Hashrate     : 9.85 MH/s
[BTC_QM] Best leading : 38 bits
[BTC_QM] Best nonce   : 4278190080
[BTC_QM] Bloc valide  : non
[LUMVORAX] Nano ring flushed: 4096 entrées → logs/forensic/nano/nano_ring_4255716428409.csv
[C42-WATCHDOG] 🏁 Run terminé — RAM finale: 3695MB

[BTC_QM] Module 17 terminé — résultat=0
[BTC_QM] Sauvegarde NX48 → config/btc_nx48_last.csv
Rapport résumé généré: logs/forensic/sessions/summary_4255721738745.txt
[ULTRA_FORENSIC] Système de logging forensique arrêté proprement
