[LUMVORAX] init_lum: log_run=logs/forensic/modules/btc_qm_engine_forensic_btc_20260429T225246Z_18089.log ACTIF v3.0 (FD_PERSISTANT=ON)
[ULTRA_FORENSIC] Système de logging forensique v3.0 initialisé

╔══════════════════════════════════════════════════════════╗
║  LumVorax — Module 17 — Bitcoin Quantum Mining Engine   ║
║  Version : 1.0.0-C43 | Standard : STANDARD_NAMES v4.2  ║
║  C43 : NX48 dual-neuron, POW candidate export           ║
║  C43 : module bridge advisory + chain validator         ║
╚══════════════════════════════════════════════════════════╝
[BTC_QM] run_id    = btc_20260429T225246Z_18089
[BTC_QM] mode      = BENCHMARK
[BTC_QM] threads   = 8
[BTC_QM] duration  = 30 s
[BTC_QM] nx48 csv  = config/btc_nx48_last.csv
[BTC_QM] log dir   = logs/forensic
[BTC_QM] bits      = 0x1d00ffff
[BTC_QM] target    = 000000000000000000000000000000000000000000000000000000ffff000000
[NX48-LUM] Chargé : update=2308 best=38 bits exploration=0.779 delta=200.00 [header-bound]
[NX48-HW] CPU:8 threads AVX:1 (AVX2) SHA-NI:0 | GPU-OpenCL:Intel(R) UHD Graphics 620 DRI:1 | RAM:2445MB
[NX48-HW] Binaire compilé AVEC : AVX2+SSE +FMA | gcc auto-vectorise SHA-256 dès maintenant
[NX48-INIT] C61 — 8 sous-neurones × 2 | exploration_bias=0.78 | LUM=chargé
[BTC_QM] NX48_BTC C61 initialisé — update_count=2308 best_leading=38
[BTC_QM] NX48 architecture C61 : 2 neurones × 8 sous-neurones = 16 total
[BTC_QM] NX48 contrôle : threads=8 | T_hot=1.0 | T_cold=1.0 | GPU=Intel(R) UHD Graphics 620
[BTC_QM] NX48 exploration_bias=0.779 | delta_nonce=200.00 | AVX=1
[SMAPS-KERNEL] RSS=4372 KB (1093 pages 4KiB)
[SMAPS-KERNEL] AnonHugePages (THP 2MB)=0 KB (0 hugepages)
[SMAPS-KERNEL] Private_Dirty=868 KB | Shared_Dirty=0 KB
[SMAPS-KERNEL] Referenced=4372 KB | VM_Total=0 KB
[SMAPS-KERNEL] Granularité réelle : PAGE 4KiB standard (selon AnonHugePages)
[C118-Q5] ASIC optimizer balayage 4 tailles batch (BTC_TUNE_FULL=1 pour sweep complet)...

╔══════════════════════════════════════════════════════════╗
║     ASIC BTC OPTIMIZER — Rapport C115                  ║
╠══════════════════════════════════════════════════════════╣
║ CONFIGURATION                                           ║
║   Pipeline depth    : 64 stages SHA-256              
║   Moteurs parallèles: 96                              
║   Fréquence         : 0.000 GHz                        
║   Stratégie nonce   : SEQUENTIAL                             
║   Batch size        : 2097152 nonces                      
║   Durée simulation  : 5 s                         
╠══════════════════════════════════════════════════════════╣
║ RÉSULTATS HASHRATE                                      ║
║   Peak              : 0.001 MH/s                      
║   Moyen             : 0.001 MH/s                      
║   Final             : 0.001 MH/s                      
║   Déclin thermique  : 0.00 %                        
╠══════════════════════════════════════════════════════════╣
║ MÉTRIQUES EFFICACITÉ                                    ║
║   W/GH              : 71525.5737                           
║   J/hash            : 7.15e-05                           
║   Total hashes      : 2.097e+06                           
║   Batches traités   : 1                           
╠══════════════════════════════════════════════════════════╣
║ MÉTRIQUES QUALITÉ NONCE                                 ║
║   Best leading bits : 12                              
║   Best nonce        : 0x000000B5                        
║   Near-miss / MH    : 0.0000                           
╠══════════════════════════════════════════════════════════╣
║ MÉTRIQUES NX48                                          ║
║   Delta final       : 6.000                           
║   Resets C62        : 0                              
╠══════════════════════════════════════════════════════════╣
║ SCORE OPTIMISATION  : 3.8 / 100                     
╚══════════════════════════════════════════════════════════╝

[C118-Q5] BEST batch=2097152 (idx=3) | score=3.8 | hashrate_avg=0.00 MH/s
[C118-Q5] nx48_ctrl_batch_size ← 2097152 (boucle feedback fermée)
[BTC_QM] Test intégrité SHA-256 (NIST)… OK ✓
[BTC_QM] Génération nouveau wallet secp256k1 pour ce run…

╔═══════════════════════════════════════════════════════════╗
║        LumVorax — Wallet Bitcoin RÉEL                    ║
╠═══════════════════════════════════════════════════════════╣
║ Réseau      : TESTNET3                                      ║
║ run_id      : btc_20260429T225246Z_18089                    ║
╠═══════════════════════════════════════════════════════════╣
║ Adresse P2PKH   : n4EybEZHTt8RSgb9CoUdCJH2az5w4DiLwM        ║
║ Adresse Bech32  : tb1ql9z4r4v0v9panxflxad80d45avq3jzcexdru5e║
╠═══════════════════════════════════════════════════════════╣
║ Clé privée (hex): 4de251a1...(masquée)                     ║
║ WIF compressé   : cQC6eAfqgk6iYssPF8sSG21mAaoc7gN938Mt1TGBypEGTjt1aRjd║
╠═══════════════════════════════════════════════════════════╣
║ HASH160 (hex)   : f94551d58f6143d9993f375a77b6b4eb01190b19  ║
╚═══════════════════════════════════════════════════════════╝
[BTC_QM] Wallet sauvegardé → logs/forensic/wallet_btc_20260429T225246Z_18089.json
[BTC_QM] Lancement du moteur PT-MC…
[OCL] GPU trouvé : Intel(R) UHD Graphics 620 (plateforme: Intel(R) OpenCL Graphics)
[OCL] → Sélectionné : Intel(R) UHD Graphics 620
[OCL] max_wg=256 max_items=256 gmem=6715 MB batch=262144
[OCL] ✅ OpenCL initialisé — batch=262144 — cible: 50-200 MH/s
[C116-WARMUP] Batch factice JIT en cours (élimination cold-start)...
[C116-WARMUP] ✅ JIT warm-up terminé : 7.51 MH/s froid (prochain batch = GPU chaud)
[OCL] Benchmark : 11.51 MH/s (batch=262144, t=0.023s)
[C42-WATCHDOG] 🟢 RAM disponible au démarrage: 2443MB
[C100-ALLTIME] seed best_lz_alltime=38 nonce=4278190080 upd_count=16 (historique préservé)
[C65-GPU-EARLY] ✅ GPU OpenCL activé AVANT moteur PT-MC : Intel(R) UHD Graphics 620
[C69-GPU] Thread GPU lance en parallele de 8 threads CPU
[C69-GPU] Pour valider GPU reel : chercher log '[C69-GPU] ===== THREAD GPU ACTIF'
[C69-GPU] ===== THREAD GPU ACTIF — btc_opencl_mine_batch() APPELEE =====
[C69-GPU] Hashrate GPU mesure (benchmark) : 11.51 MH/s
[C69-GPU] Target near-miss : 20 bits | Batch : 262144 nonces/dispatch
[C116-P4] near_miss_bits adaptatif = 20 bits (QDPR)
[C69-GPU] batch #100 | GPU hashes: 26214400 | near-miss GPU best: 26 bits | ~11.5 MH/s
[LUMVORAX:ANOMALY] module=btc_qm_engine desc=btc_nx48_delta_cap_200 val=200.000000 src=src/nx48_btc_controller.c:1006
[C69-GPU] batch #200 | GPU hashes: 52428800 | near-miss GPU best: 26 bits | ~11.5 MH/s
[C69-GPU] batch #300 | GPU hashes: 78643200 | near-miss GPU best: 26 bits | ~11.5 MH/s
[LUMVORAX:ANOMALY] module=btc_qm_engine desc=btc_nx48_delta_cap_200 val=200.000000 src=src/nx48_btc_controller.c:1006
[C69-GPU] batch #400 | GPU hashes: 104857600 | near-miss GPU best: 26 bits | ~11.5 MH/s
[BTC_QM] elapsed=10.0s hashes=130072576 hashrate=12.96MH/s best_leading=38 best_nonce=4278190080 nx48_delta=200.00
[C69-GPU] batch #500 | GPU hashes: 131072000 | near-miss GPU best: 28 bits | ~11.5 MH/s
[C69-GPU] batch #600 | GPU hashes: 157286400 | near-miss GPU best: 28 bits | ~11.5 MH/s
[LUMVORAX:ANOMALY] module=btc_qm_engine desc=btc_nx48_delta_cap_200 val=200.000000 src=src/nx48_btc_controller.c:1006
[C88-GPU-FIX] Near-miss GPU nonce=2330881685 best=21 bits (target_bits=20) — minage continue (PAS un bloc valide)
[C69-GPU] batch #700 | GPU hashes: 183500800 | near-miss GPU best: 28 bits | ~11.5 MH/s
[C69-GPU] batch #800 | GPU hashes: 209715200 | near-miss GPU best: 28 bits | ~11.5 MH/s
[LUMVORAX:ANOMALY] module=btc_qm_engine desc=btc_nx48_delta_cap_200 val=200.000000 src=src/nx48_btc_controller.c:1006
[C88-GPU-FIX] Near-miss GPU nonce=2383329239 best=20 bits (target_bits=20) — minage continue (PAS un bloc valide)
[C69-GPU] batch #900 | GPU hashes: 235929600 | near-miss GPU best: 28 bits | ~11.5 MH/s
[BTC_QM] elapsed=20.0s hashes=262004736 hashrate=13.07MH/s best_leading=38 best_nonce=4278190080 nx48_delta=200.00
[LUMVORAX:ANOMALY] module=btc_qm_engine desc=btc_nx48_delta_cap_200 val=200.000000 src=src/nx48_btc_controller.c:1006
[LUMVORAX:ANOMALY] module=btc_qm_engine desc=btc_nx48_delta_reset_stall_c62 val=7.521958 src=src/nx48_btc_controller.c:1095
[NX48-C62] Reset delta_nonce 200.0->7.522 (stall_long=10 cap200_plateau)
[C69-GPU] batch #1000 | GPU hashes: 262144000 | near-miss GPU best: 29 bits | ~11.5 MH/s
[C88-GPU-FIX] Near-miss GPU nonce=2422553482 best=24 bits (target_bits=20) — minage continue (PAS un bloc valide)
[C69-GPU] batch #1100 | GPU hashes: 288358400 | near-miss GPU best: 29 bits | ~11.5 MH/s
[C88-GPU-FIX] Near-miss GPU nonce=2448738656 best=20 bits (target_bits=20) — minage continue (PAS un bloc valide)
[C88-GPU-FIX] Near-miss GPU nonce=2461941822 best=21 bits (target_bits=20) — minage continue (PAS un bloc valide)
[C69-GPU] batch #1200 | GPU hashes: 314572800 | near-miss GPU best: 29 bits | ~11.5 MH/s
[C88-GPU-FIX] Near-miss GPU nonce=2488098873 best=21 bits (target_bits=20) — minage continue (PAS un bloc valide)
[C69-GPU] batch #1300 | GPU hashes: 340787200 | near-miss GPU best: 29 bits | ~11.5 MH/s
[C69-GPU] Thread GPU termine | Total GPU hashes: 343146496 | Best GPU near-miss: 29 bits
[OCL] Ressources libérées
[BTC_QM] === RÉSULTATS FINAUX ===
[BTC_QM] Total hashes : 364412928
[BTC_QM] Durée        : 30.03 s
[BTC_QM] Hashrate     : 12.13 MH/s
[BTC_QM] Best leading : 38 bits
[BTC_QM] Best nonce   : 4278190080
[BTC_QM] Bloc valide  : non
[LUMVORAX] Nano ring flushed: 4096 entrées → logs/forensic/nano/nano_ring_2023302443968.csv
[C42-WATCHDOG] 🏁 Run terminé — RAM finale: 2461MB

[BTC_QM] Module 17 terminé — résultat=0
[BTC_QM] Sauvegarde NX48 → config/btc_nx48_last.csv
Rapport résumé généré: logs/forensic/sessions/summary_2023314453199.txt
[ULTRA_FORENSIC] Système de logging forensique arrêté proprement
