# LumVorax C198 Phase 15C — Gen9 Native Runner
# 0% OpenCL, 0% Level Zero, 100% i915 DRM
# Device: Intel UHD Graphics 620 (Gen9)

[7146.729720437] I915_PREEMPT_TIMEOUT_CURRENT: 640 ms
[7146.729744382] I915_PREEMPT_TIMEOUT_INCREASE_FAILED: errno=13 (need root)
[7146.729747299] BATCH_SIZE_AUTO_CALCULATED: timeout=640ms hashrate=12304829681894 MH/s → batch_size=10000000
[7146.729749219] INIT_START: batch_size=10000000 work_group_size=256 timeout=640ms
[7146.729807399] DRM_OPEN_SUCCESS: /dev/dri/renderD128 (fd=11)
[7146.729822133] DRM_VERSION: i915 1.6.0
[7146.729828453] CONTEXT_CREATE_SUCCESS: ctx_id=1
[7146.729838266] VM_CREATE_SUCCESS: vm_id=1
[7146.729841644] CONTEXT_CREATE_EXT_SUCCESS: ctx_id=2
[7146.729844938] CONTEXT_SETPARAM_VM_SUCCESS: ctx_id=2 vm_id=1
[7146.729848026] CONTEXT_SETPARAM_RECOVERABLE_SUCCESS
[7146.729850745] CONTEXT_SETPARAM_PERSISTENCE_SUCCESS
[7146.729852212] CREATE_GPU_CONTEXT_WITH_VM_COMPLETE: vm_id=1 ctx_id=2
[7146.729854047] CTX_POOL_CREATED: index=0 vm_id=1 ctx_id=2
[7146.729863920] VM_CREATE_SUCCESS: vm_id=2
[7146.729867174] CONTEXT_CREATE_EXT_SUCCESS: ctx_id=3
[7146.729869731] CONTEXT_SETPARAM_VM_SUCCESS: ctx_id=3 vm_id=2
[7146.729872189] CONTEXT_SETPARAM_RECOVERABLE_SUCCESS
[7146.729874457] CONTEXT_SETPARAM_PERSISTENCE_SUCCESS
[7146.729875843] CREATE_GPU_CONTEXT_WITH_VM_COMPLETE: vm_id=2 ctx_id=3
[7146.729877655] CTX_POOL_CREATED: index=1 vm_id=2 ctx_id=3
[7146.729885236] VM_CREATE_SUCCESS: vm_id=3
[7146.729888345] CONTEXT_CREATE_EXT_SUCCESS: ctx_id=4
[7146.729890843] CONTEXT_SETPARAM_VM_SUCCESS: ctx_id=4 vm_id=3
[7146.729893465] CONTEXT_SETPARAM_RECOVERABLE_SUCCESS
[7146.729895738] CONTEXT_SETPARAM_PERSISTENCE_SUCCESS
[7146.729897137] CREATE_GPU_CONTEXT_WITH_VM_COMPLETE: vm_id=3 ctx_id=4
[7146.729898698] CTX_POOL_CREATED: index=2 vm_id=3 ctx_id=4
[7146.729970506] GEM_ALLOC_SUCCESS: handle=1 size=282456 addr=0x74feea286000
[7146.730271958] KERNEL_LOAD_SUCCESS: path=level_zero_native/btc_sha256_opt.bin.bin size=282456 handle=1
[7146.730506737] KERNEL_CACHE_CREATED: size=282456 bytes
[7146.730539778] GEM_ALLOC_SUCCESS: handle=2 size=4096 addr=0x74feea240000
[7146.730548026] BATCH_POOL_CREATED: index=0 handle=2
[7146.730573054] GEM_ALLOC_SUCCESS: handle=3 size=4096 addr=0x74feea23f000
[7146.730578892] BATCH_POOL_CREATED: index=1 handle=3
[7146.730600864] GEM_ALLOC_SUCCESS: handle=4 size=4096 addr=0x74feea23e000
[7146.730605193] BATCH_POOL_CREATED: index=2 handle=4
[7146.730631530] GEM_ALLOC_SUCCESS: handle=5 size=4096 addr=0x74feea23d000
[7146.730637763] BATCH_POOL_CREATED: index=3 handle=5
[7146.730654747] GEM_ALLOC_SUCCESS: handle=6 size=4096 addr=0x74feea23c000
[7146.730659007] BATCH_POOL_CREATED: index=4 handle=6
[7146.730675974] GEM_ALLOC_SUCCESS: handle=7 size=4096 addr=0x74feea23b000
[7146.730679900] BATCH_POOL_CREATED: index=5 handle=7
[7146.730700447] GEM_ALLOC_SUCCESS: handle=8 size=4096 addr=0x74feea23a000
[7146.730706081] BATCH_POOL_CREATED: index=6 handle=8
[7146.730729493] GEM_ALLOC_SUCCESS: handle=9 size=4096 addr=0x74feea239000
[7146.730733915] BATCH_POOL_CREATED: index=7 handle=9
[7146.730753953] GEM_ALLOC_SUCCESS: handle=10 size=4096 addr=0x74feea238000
[7146.730759162] BATCH_POOL_CREATED: index=8 handle=10
[7146.730775379] GEM_ALLOC_SUCCESS: handle=11 size=4096 addr=0x74feea237000
[7146.730779069] BATCH_POOL_CREATED: index=9 handle=11
[7146.730801938] GEM_ALLOC_SUCCESS: handle=12 size=4096 addr=0x74feea236000
[7146.730808866] BATCH_POOL_CREATED: index=10 handle=12
[7146.730833576] GEM_ALLOC_SUCCESS: handle=13 size=4096 addr=0x74feea235000
[7146.730838319] BATCH_POOL_CREATED: index=11 handle=13
[7146.730854666] GEM_ALLOC_SUCCESS: handle=14 size=4096 addr=0x74feea234000
[7146.730857338] BATCH_POOL_CREATED: index=12 handle=14
[7146.730888301] GEM_ALLOC_SUCCESS: handle=15 size=4096 addr=0x74feea233000
[7146.730892122] BATCH_POOL_CREATED: index=13 handle=15
[7146.730908243] GEM_ALLOC_SUCCESS: handle=16 size=4096 addr=0x74feea232000
[7146.730913206] BATCH_POOL_CREATED: index=14 handle=16
[7146.730931168] GEM_ALLOC_SUCCESS: handle=17 size=4096 addr=0x74feea231000
[7146.730934288] BATCH_POOL_CREATED: index=15 handle=17
[7146.730967269] GEM_ALLOC_SUCCESS: handle=18 size=4096 addr=0x74feea230000
[7146.730973905] BATCH_POOL_CREATED: index=16 handle=18
[7146.730993802] GEM_ALLOC_SUCCESS: handle=19 size=4096 addr=0x74feea22f000
[7146.730998273] BATCH_POOL_CREATED: index=17 handle=19
[7146.731034313] GEM_ALLOC_SUCCESS: handle=20 size=4096 addr=0x74feea22e000
[7146.731038850] BATCH_POOL_CREATED: index=18 handle=20
[7146.731057302] GEM_ALLOC_SUCCESS: handle=21 size=4096 addr=0x74feea22d000
[7146.731062428] BATCH_POOL_CREATED: index=19 handle=21
[7146.731079311] GEM_ALLOC_SUCCESS: handle=22 size=4096 addr=0x74feea22c000
[7146.731081617] BATCH_POOL_CREATED: index=20 handle=22
[7146.731096288] GEM_ALLOC_SUCCESS: handle=23 size=4096 addr=0x74feea22b000
[7146.731100547] BATCH_POOL_CREATED: index=21 handle=23
[7146.731115663] GEM_ALLOC_SUCCESS: handle=24 size=4096 addr=0x74feea22a000
[7146.731118158] BATCH_POOL_CREATED: index=22 handle=24
[7146.731132039] GEM_ALLOC_SUCCESS: handle=25 size=4096 addr=0x74feea229000
[7146.731134215] BATCH_POOL_CREATED: index=23 handle=25
[7146.731159280] GEM_ALLOC_SUCCESS: handle=26 size=4096 addr=0x74feea228000
[7146.731163094] BATCH_POOL_CREATED: index=24 handle=26
[7146.731180430] GEM_ALLOC_SUCCESS: handle=27 size=4096 addr=0x74feea227000
[7146.731185225] BATCH_POOL_CREATED: index=25 handle=27
[7146.731205230] GEM_ALLOC_SUCCESS: handle=28 size=4096 addr=0x74feea226000
[7146.731208758] BATCH_POOL_CREATED: index=26 handle=28
[7146.731233361] GEM_ALLOC_SUCCESS: handle=29 size=4096 addr=0x74feea225000
[7146.731241095] BATCH_POOL_CREATED: index=27 handle=29
[7146.731266455] GEM_ALLOC_SUCCESS: handle=30 size=4096 addr=0x74feea224000
[7146.731271810] BATCH_POOL_CREATED: index=28 handle=30
[7146.731288584] GEM_ALLOC_SUCCESS: handle=31 size=4096 addr=0x74feea223000
[7146.731290886] BATCH_POOL_CREATED: index=29 handle=31
[7146.731309888] GEM_ALLOC_SUCCESS: handle=32 size=4096 addr=0x74feea222000
[7146.731317583] BATCH_POOL_CREATED: index=30 handle=32
[7146.731339196] GEM_ALLOC_SUCCESS: handle=33 size=4096 addr=0x74feea221000
[7146.731341789] BATCH_POOL_CREATED: index=31 handle=33
[7146.731361148] GEM_ALLOC_SUCCESS: handle=34 size=4096 addr=0x74feea220000
[7146.731367940] BATCH_POOL_CREATED: index=32 handle=34
[7146.731388984] GEM_ALLOC_SUCCESS: handle=35 size=4096 addr=0x74feea21f000
[7146.731392185] BATCH_POOL_CREATED: index=33 handle=35
[7146.731407445] GEM_ALLOC_SUCCESS: handle=36 size=4096 addr=0x74feea21e000
[7146.731414472] BATCH_POOL_CREATED: index=34 handle=36
[7146.731441267] GEM_ALLOC_SUCCESS: handle=37 size=4096 addr=0x74feea21d000
[7146.731447425] BATCH_POOL_CREATED: index=35 handle=37
[7146.731464089] GEM_ALLOC_SUCCESS: handle=38 size=4096 addr=0x74feea21c000
[7146.731466514] BATCH_POOL_CREATED: index=36 handle=38
[7146.731481433] GEM_ALLOC_SUCCESS: handle=39 size=4096 addr=0x74feea21b000
[7146.731485823] BATCH_POOL_CREATED: index=37 handle=39
[7146.731508772] GEM_ALLOC_SUCCESS: handle=40 size=4096 addr=0x74feea21a000
[7146.731512705] BATCH_POOL_CREATED: index=38 handle=40
[7146.731534700] GEM_ALLOC_SUCCESS: handle=41 size=4096 addr=0x74feea219000
[7146.731537208] BATCH_POOL_CREATED: index=39 handle=41
[7146.731551693] GEM_ALLOC_SUCCESS: handle=42 size=4096 addr=0x74feea218000
[7146.731554074] BATCH_POOL_CREATED: index=40 handle=42
[7146.731573388] GEM_ALLOC_SUCCESS: handle=43 size=4096 addr=0x74feea217000
[7146.731580003] BATCH_POOL_CREATED: index=41 handle=43
[7146.731603113] GEM_ALLOC_SUCCESS: handle=44 size=4096 addr=0x74feea216000
[7146.731610661] BATCH_POOL_CREATED: index=42 handle=44
[7146.731633635] GEM_ALLOC_SUCCESS: handle=45 size=4096 addr=0x74feea215000
[7146.731636209] BATCH_POOL_CREATED: index=43 handle=45
[7146.731654377] GEM_ALLOC_SUCCESS: handle=46 size=4096 addr=0x74feea214000
[7146.731657519] BATCH_POOL_CREATED: index=44 handle=46
[7146.731679598] GEM_ALLOC_SUCCESS: handle=47 size=4096 addr=0x74feea213000
[7146.731683782] BATCH_POOL_CREATED: index=45 handle=47
[7146.731698962] GEM_ALLOC_SUCCESS: handle=48 size=4096 addr=0x74feea212000
[7146.731703899] BATCH_POOL_CREATED: index=46 handle=48
[7146.731727972] GEM_ALLOC_SUCCESS: handle=49 size=4096 addr=0x74fee9eff000
[7146.731730602] BATCH_POOL_CREATED: index=47 handle=49
[7146.731750420] GEM_ALLOC_SUCCESS: handle=50 size=4096 addr=0x74fee9efe000
[7146.731757691] BATCH_POOL_CREATED: index=48 handle=50
[7146.731781774] GEM_ALLOC_SUCCESS: handle=51 size=4096 addr=0x74fee9efd000
[7146.731793309] BATCH_POOL_CREATED: index=49 handle=51
[7146.731813761] GEM_ALLOC_SUCCESS: handle=52 size=4096 addr=0x74fee9efc000
[7146.731816138] BATCH_POOL_CREATED: index=50 handle=52
[7146.731833561] GEM_ALLOC_SUCCESS: handle=53 size=4096 addr=0x74fee9efb000
[7146.731840478] BATCH_POOL_CREATED: index=51 handle=53
[7146.731864227] GEM_ALLOC_SUCCESS: handle=54 size=4096 addr=0x74fee9efa000
[7146.731867692] BATCH_POOL_CREATED: index=52 handle=54
[7146.731889294] GEM_ALLOC_SUCCESS: handle=55 size=4096 addr=0x74fee9ef9000
[7146.731891910] BATCH_POOL_CREATED: index=53 handle=55
[7146.731905565] GEM_ALLOC_SUCCESS: handle=56 size=4096 addr=0x74fee9ef8000
[7146.731907778] BATCH_POOL_CREATED: index=54 handle=56
[7146.731939721] GEM_ALLOC_SUCCESS: handle=57 size=4096 addr=0x74fee9ef7000
[7146.731945445] BATCH_POOL_CREATED: index=55 handle=57
[7146.731968435] GEM_ALLOC_SUCCESS: handle=58 size=4096 addr=0x74fee9ef6000
[7146.731971089] BATCH_POOL_CREATED: index=56 handle=58
[7146.731984846] GEM_ALLOC_SUCCESS: handle=59 size=4096 addr=0x74fee9ef5000
[7146.731987066] BATCH_POOL_CREATED: index=57 handle=59
[7146.732019804] GEM_ALLOC_SUCCESS: handle=60 size=4096 addr=0x74fee9ef4000
[7146.732029154] BATCH_POOL_CREATED: index=58 handle=60
[7146.732052597] GEM_ALLOC_SUCCESS: handle=61 size=4096 addr=0x74fee9ef3000
[7146.732055183] BATCH_POOL_CREATED: index=59 handle=61
[7146.732069225] GEM_ALLOC_SUCCESS: handle=62 size=4096 addr=0x74fee9ef2000
[7146.732071570] BATCH_POOL_CREATED: index=60 handle=62
[7146.732084849] GEM_ALLOC_SUCCESS: handle=63 size=4096 addr=0x74fee9ef1000
[7146.732089304] BATCH_POOL_CREATED: index=61 handle=63
[7146.732110904] GEM_ALLOC_SUCCESS: handle=64 size=4096 addr=0x74fee9ef0000
[7146.732114680] BATCH_POOL_CREATED: index=62 handle=64
[7146.732137081] GEM_ALLOC_SUCCESS: handle=65 size=4096 addr=0x74fee9eef000
[7146.732139568] BATCH_POOL_CREATED: index=63 handle=65
[7146.732153902] GEM_ALLOC_SUCCESS: handle=66 size=4096 addr=0x74fee9eee000
[7146.732158670] BATCH_POOL_CREATED: index=64 handle=66
[7146.732173996] GEM_ALLOC_SUCCESS: handle=67 size=4096 addr=0x74fee9eed000
[7146.732176268] BATCH_POOL_CREATED: index=65 handle=67
[7146.732189579] GEM_ALLOC_SUCCESS: handle=68 size=4096 addr=0x74fee9eec000
[7146.732191748] BATCH_POOL_CREATED: index=66 handle=68
[7146.732207682] GEM_ALLOC_SUCCESS: handle=69 size=4096 addr=0x74fee9eeb000
[7146.732211300] BATCH_POOL_CREATED: index=67 handle=69
[7146.732234757] GEM_ALLOC_SUCCESS: handle=70 size=4096 addr=0x74fee9eea000
[7146.732237590] BATCH_POOL_CREATED: index=68 handle=70
[7146.732250632] GEM_ALLOC_SUCCESS: handle=71 size=4096 addr=0x74fee9ee9000
[7146.732252807] BATCH_POOL_CREATED: index=69 handle=71
[7146.732266803] GEM_ALLOC_SUCCESS: handle=72 size=4096 addr=0x74fee9ee8000
[7146.732272939] BATCH_POOL_CREATED: index=70 handle=72
[7146.732302755] GEM_ALLOC_SUCCESS: handle=73 size=4096 addr=0x74fee9ee7000
[7146.732306305] BATCH_POOL_CREATED: index=71 handle=73
[7146.732324554] GEM_ALLOC_SUCCESS: handle=74 size=4096 addr=0x74fee9ee6000
[7146.732329582] BATCH_POOL_CREATED: index=72 handle=74
[7146.732343302] GEM_ALLOC_SUCCESS: handle=75 size=4096 addr=0x74fee9ee5000
[7146.732346277] BATCH_POOL_CREATED: index=73 handle=75
[7146.732369745] GEM_ALLOC_SUCCESS: handle=76 size=4096 addr=0x74fee9ee4000
[7146.732373933] BATCH_POOL_CREATED: index=74 handle=76
[7146.732390178] GEM_ALLOC_SUCCESS: handle=77 size=4096 addr=0x74fee9ee3000
[7146.732395066] BATCH_POOL_CREATED: index=75 handle=77
[7146.732410536] GEM_ALLOC_SUCCESS: handle=78 size=4096 addr=0x74fee9ee2000
[7146.732412866] BATCH_POOL_CREATED: index=76 handle=78
[7146.732433476] GEM_ALLOC_SUCCESS: handle=79 size=4096 addr=0x74fee9ee1000
[7146.732441935] BATCH_POOL_CREATED: index=77 handle=79
[7146.732476549] GEM_ALLOC_SUCCESS: handle=80 size=4096 addr=0x74fee9ee0000
[7146.732479639] BATCH_POOL_CREATED: index=78 handle=80
[7146.732496009] GEM_ALLOC_SUCCESS: handle=81 size=4096 addr=0x74fee9edf000
[7146.732502784] BATCH_POOL_CREATED: index=79 handle=81
[7146.732526049] GEM_ALLOC_SUCCESS: handle=82 size=4096 addr=0x74fee9ede000
[7146.732531632] BATCH_POOL_CREATED: index=80 handle=82
[7146.732547936] GEM_ALLOC_SUCCESS: handle=83 size=4096 addr=0x74fee9edd000
[7146.732550425] BATCH_POOL_CREATED: index=81 handle=83
[7146.732564168] GEM_ALLOC_SUCCESS: handle=84 size=4096 addr=0x74fee9edc000
[7146.732567261] BATCH_POOL_CREATED: index=82 handle=84
[7146.732589652] GEM_ALLOC_SUCCESS: handle=85 size=4096 addr=0x74fee9edb000
[7146.732597281] BATCH_POOL_CREATED: index=83 handle=85
[7146.732615146] GEM_ALLOC_SUCCESS: handle=86 size=4096 addr=0x74fee9eda000
[7146.732617565] BATCH_POOL_CREATED: index=84 handle=86
[7146.732630976] GEM_ALLOC_SUCCESS: handle=87 size=4096 addr=0x74fee9ed9000
[7146.732635151] BATCH_POOL_CREATED: index=85 handle=87
[7146.732658870] GEM_ALLOC_SUCCESS: handle=88 size=4096 addr=0x74fee9ed8000
[7146.732663277] BATCH_POOL_CREATED: index=86 handle=88
[7146.732687148] GEM_ALLOC_SUCCESS: handle=89 size=4096 addr=0x74fee9ed7000
[7146.732693765] BATCH_POOL_CREATED: index=87 handle=89
[7146.732709561] GEM_ALLOC_SUCCESS: handle=90 size=4096 addr=0x74fee9ed6000
[7146.732711873] BATCH_POOL_CREATED: index=88 handle=90
[7146.732725538] GEM_ALLOC_SUCCESS: handle=91 size=4096 addr=0x74fee9ed5000
[7146.732731877] BATCH_POOL_CREATED: index=89 handle=91
[7146.732755803] GEM_ALLOC_THP_SUCCESS: handle=92 size=40000000 addr=0x74fe91000000 (THP enabled)
[7146.732787886] GEM_ALLOC_SUCCESS: handle=93 size=40 addr=0x74fee9ed4000
[7146.732816246] GEM_ALLOC_SUCCESS: handle=94 size=65536 addr=0x74fee9ec4000
[7146.732822809] SSH_CREATED: size=65536 handle=94
[7146.732838393] GEM_ALLOC_SUCCESS: handle=95 size=65536 addr=0x74fee9eb4000
[7146.732840739] DSH_CREATED: size=65536 handle=95
[7146.732856562] GEM_ALLOC_SUCCESS: handle=96 size=1048576 addr=0x74fee41f5000
[7146.732862191] IOH_CREATED: size=1048576 handle=96
[7146.732876236] SURFACE_STATES_CONFIGURED: input_bo=92 output_bo=93
[7146.732879838] BINDING_TABLE_CONFIGURED: offset=128 entries=2
[7146.732886930] INTERFACE_DESC_CONFIGURED: kernel_bo=1 binding_table_offset=128
[7146.732889459] GPU_HEAPS_CONFIGURED: ssh_used=136 dsh_used=32
[7146.732967876] ASYNC_SAVE_INIT: buffer_size=40 thread_created=yes
[7146.732975770] INIT_COMPLETE: time=0.003397 sec
[7146.733115033] MINING_START: start_nonce=2147483648 count=10000000
[7146.733496785] MINING_INPUT_PREPARED: header_size=80 start_nonce=2147483648 count=10000000
[7146.733515273] EXEC_START: ctx_id=2 mode=PERSISTENT (dispatch=1)
[7146.733518613] BATCH_POOL_SELECT: index=0/90 handle=2
[7146.733524726] BATCH_BUILD_SUCCESS: commands=77 bytes=308 batch_bo=2
[7146.733689934] EXEC_FAILED: errno=22 (Invalid argument)
[7146.733705710] MINING_EXEC_FAILED
[7146.776050877] CLEANUP_START
[7146.776074403] CLEANUP_BATCH_POOL: index=0 handle=2
[7146.776081169] CLEANUP_BATCH_POOL: index=1 handle=3
[7146.776086360] CLEANUP_BATCH_POOL: index=2 handle=4
[7146.776090803] CLEANUP_BATCH_POOL: index=3 handle=5
[7146.776095215] CLEANUP_BATCH_POOL: index=4 handle=6
[7146.776099330] CLEANUP_BATCH_POOL: index=5 handle=7
[7146.776103891] CLEANUP_BATCH_POOL: index=6 handle=8
[7146.776108260] CLEANUP_BATCH_POOL: index=7 handle=9
[7146.776112634] CLEANUP_BATCH_POOL: index=8 handle=10
[7146.776117971] CLEANUP_BATCH_POOL: index=9 handle=11
[7146.776122759] CLEANUP_BATCH_POOL: index=10 handle=12
[7146.776131829] CLEANUP_BATCH_POOL: index=11 handle=13
[7146.776136566] CLEANUP_BATCH_POOL: index=12 handle=14
[7146.776142110] CLEANUP_BATCH_POOL: index=13 handle=15
[7146.776148374] CLEANUP_BATCH_POOL: index=14 handle=16
[7146.776154161] CLEANUP_BATCH_POOL: index=15 handle=17
[7146.776160175] CLEANUP_BATCH_POOL: index=16 handle=18
[7146.776165839] CLEANUP_BATCH_POOL: index=17 handle=19
[7146.776171524] CLEANUP_BATCH_POOL: index=18 handle=20
[7146.776187337] CLEANUP_BATCH_POOL: index=19 handle=21
[7146.776196036] CLEANUP_BATCH_POOL: index=20 handle=22
[7146.776201974] CLEANUP_BATCH_POOL: index=21 handle=23
[7146.776208247] CLEANUP_BATCH_POOL: index=22 handle=24
[7146.776214480] CLEANUP_BATCH_POOL: index=23 handle=25
[7146.776220279] CLEANUP_BATCH_POOL: index=24 handle=26
[7146.776225697] CLEANUP_BATCH_POOL: index=25 handle=27
[7146.776231934] CLEANUP_BATCH_POOL: index=26 handle=28
[7146.776237609] CLEANUP_BATCH_POOL: index=27 handle=29
[7146.776244230] CLEANUP_BATCH_POOL: index=28 handle=30
[7146.776250255] CLEANUP_BATCH_POOL: index=29 handle=31
[7146.776259030] CLEANUP_BATCH_POOL: index=30 handle=32
[7146.776264838] CLEANUP_BATCH_POOL: index=31 handle=33
[7146.776270591] CLEANUP_BATCH_POOL: index=32 handle=34
[7146.776276476] CLEANUP_BATCH_POOL: index=33 handle=35
[7146.776282467] CLEANUP_BATCH_POOL: index=34 handle=36
[7146.776288512] CLEANUP_BATCH_POOL: index=35 handle=37
[7146.776293940] CLEANUP_BATCH_POOL: index=36 handle=38
[7146.776299320] CLEANUP_BATCH_POOL: index=37 handle=39
[7146.776305069] CLEANUP_BATCH_POOL: index=38 handle=40
[7146.776311179] CLEANUP_BATCH_POOL: index=39 handle=41
[7146.776317002] CLEANUP_BATCH_POOL: index=40 handle=42
[7146.776325627] CLEANUP_BATCH_POOL: index=41 handle=43
[7146.776332170] CLEANUP_BATCH_POOL: index=42 handle=44
[7146.776338276] CLEANUP_BATCH_POOL: index=43 handle=45
[7146.776344288] CLEANUP_BATCH_POOL: index=44 handle=46
[7146.776350111] CLEANUP_BATCH_POOL: index=45 handle=47
[7146.776356058] CLEANUP_BATCH_POOL: index=46 handle=48
[7146.776361719] CLEANUP_BATCH_POOL: index=47 handle=49
[7146.776367499] CLEANUP_BATCH_POOL: index=48 handle=50
[7146.776378590] CLEANUP_BATCH_POOL: index=49 handle=51
[7146.776390172] CLEANUP_BATCH_POOL: index=50 handle=52
[7146.776395180] CLEANUP_BATCH_POOL: index=51 handle=53
[7146.776401098] CLEANUP_BATCH_POOL: index=52 handle=54
[7146.776407428] CLEANUP_BATCH_POOL: index=53 handle=55
[7146.776413241] CLEANUP_BATCH_POOL: index=54 handle=56
[7146.776418523] CLEANUP_BATCH_POOL: index=55 handle=57
[7146.776423945] CLEANUP_BATCH_POOL: index=56 handle=58
[7146.776429948] CLEANUP_BATCH_POOL: index=57 handle=59
[7146.776435857] CLEANUP_BATCH_POOL: index=58 handle=60
[7146.776444405] CLEANUP_BATCH_POOL: index=59 handle=61
[7146.776450466] CLEANUP_BATCH_POOL: index=60 handle=62
[7146.776456616] CLEANUP_BATCH_POOL: index=61 handle=63
[7146.776462784] CLEANUP_BATCH_POOL: index=62 handle=64
[7146.776468990] CLEANUP_BATCH_POOL: index=63 handle=65
[7146.776474726] CLEANUP_BATCH_POOL: index=64 handle=66
[7146.776481012] CLEANUP_BATCH_POOL: index=65 handle=67
[7146.776487105] CLEANUP_BATCH_POOL: index=66 handle=68
[7146.776492945] CLEANUP_BATCH_POOL: index=67 handle=69
[7146.776498558] CLEANUP_BATCH_POOL: index=68 handle=70
[7146.776504091] CLEANUP_BATCH_POOL: index=69 handle=71
[7146.776509944] CLEANUP_BATCH_POOL: index=70 handle=72
[7146.776515395] CLEANUP_BATCH_POOL: index=71 handle=73
[7146.776523693] CLEANUP_BATCH_POOL: index=72 handle=74
[7146.776529774] CLEANUP_BATCH_POOL: index=73 handle=75
[7146.776536173] CLEANUP_BATCH_POOL: index=74 handle=76
[7146.776540852] CLEANUP_BATCH_POOL: index=75 handle=77
[7146.776546768] CLEANUP_BATCH_POOL: index=76 handle=78
[7146.776552555] CLEANUP_BATCH_POOL: index=77 handle=79
[7146.776558310] CLEANUP_BATCH_POOL: index=78 handle=80
[7146.776563780] CLEANUP_BATCH_POOL: index=79 handle=81
[7146.776569516] CLEANUP_BATCH_POOL: index=80 handle=82
[7146.776575632] CLEANUP_BATCH_POOL: index=81 handle=83
[7146.776584974] CLEANUP_BATCH_POOL: index=82 handle=84
[7146.776591089] CLEANUP_BATCH_POOL: index=83 handle=85
[7146.776596919] CLEANUP_BATCH_POOL: index=84 handle=86
[7146.776602929] CLEANUP_BATCH_POOL: index=85 handle=87
[7146.776608834] CLEANUP_BATCH_POOL: index=86 handle=88
[7146.776614256] CLEANUP_BATCH_POOL: index=87 handle=89
[7146.776619542] CLEANUP_BATCH_POOL: index=88 handle=90
[7146.776625365] CLEANUP_BATCH_POOL: index=89 handle=91
[7146.776654577] CTX_POOL_DESTROYED: index=0 ctx_id=2
[7146.776663779] CTX_POOL_DESTROYED: index=1 ctx_id=3
[7146.776669025] CTX_POOL_DESTROYED: index=2 ctx_id=4
[7146.777776895] ASYNC_SAVE_CLEANUP: thread_stopped=yes
[7146.777839989] KERNEL_CACHE_FREED: size=282456 bytes
[7146.777846284] CLEANUP_COMPLETE: dispatches=0 time=0.000 sec thermal_throttles=0
