[LUMVORAX] init_lum: log_run=/home/lvx/LVX/lumvorax2/src/advanced_calculations/bitcoin_quantum_mining/logs/forensic/modules/btc_qm_engine_forensic_c112_ub_1777381553.log ACTIF v3.0 (FD_PERSISTANT=ON)
[ULTRA_FORENSIC] Système de logging forensique v3.0 initialisé
[C110-OPT] reasoning_path_tracker actif → trace par décision NX48 ✓
[C110-OPT] async_logger actif → /home/lvx/LVX/lumvorax2/src/advanced_calculations/bitcoin_quantum_mining/logs/forensic/modules/btc_async_log_c112_ub_1777381553.log ✓
[C112-LUM] lum_log_encoder actif → /home/lvx/LVX/lumvorax2/src/advanced_calculations/bitcoin_quantum_mining/logs/forensic/modules/btc_lum_log_c112_ub_1777381553.lum ✓
[C112-LUM] mem snapshot baseline → /home/lvx/LVX/lumvorax2/src/advanced_calculations/bitcoin_quantum_mining/logs/forensic/modules/btc_mem_baseline_c112_ub_1777381553.lum (20521 lums, 20521 pages, 84054016 octets, 307346100 ns)

╔══════════════════════════════════════════════════════════╗
║  LumVorax — Module 17 — Bitcoin Quantum Mining Engine   ║
║  Version : 1.0.0-C43 | Standard : STANDARD_NAMES v4.2  ║
║  C43 : NX48 dual-neuron, POW candidate export           ║
║  C43 : module bridge advisory + chain validator         ║
╚══════════════════════════════════════════════════════════╝
[BTC_QM] run_id    = c112_ub_1777381553
[BTC_QM] mode      = MAINNET
[BTC_QM] threads   = 4
[BTC_QM] duration  = 600 s
[BTC_QM] nx48 csv  = config/btc_nx48_last.csv
[BTC_QM] log dir   = /home/lvx/LVX/lumvorax2/src/advanced_calculations/bitcoin_quantum_mining/logs/forensic
[BTC_QM] bits      = 0x1d00ffff
[BTC_QM] target    = 000000000000000000000000000000000000000000000000000000ffff000000
[NX48-LUM] Chargé : update=633 best=33 bits exploration=0.469 delta=13.06 [header-bound]
[NX48-QDPR] Feedback C62 : success=66.5% bits=24 rt=11.0s
[NX48-HW] CPU:8 threads AVX:1 (AVX2) SHA-NI:0 | GPU-OpenCL:Intel(R) UHD Graphics 620 DRI:1 | RAM:2115MB
[NX48-HW] Binaire compilé AVEC : AVX2+SSE +FMA | gcc auto-vectorise SHA-256 dès maintenant
[NX48-INIT] C61 — 8 sous-neurones × 2 | exploration_bias=0.47 | LUM=chargé
[BTC_QM] NX48_BTC C61 initialisé — update_count=633 best_leading=33
[BTC_QM] NX48 architecture C61 : 2 neurones × 8 sous-neurones = 16 total
[BTC_QM] NX48 contrôle : threads=4 | T_hot=1.0 | T_cold=1.0 | GPU=Intel(R) UHD Graphics 620
[BTC_QM] NX48 exploration_bias=0.469 | delta_nonce=13.06 | AVX=1
[BTC_QM] Test intégrité SHA-256 (NIST)… OK ✓
[BTC_QM] Wallet FIXE chargé depuis secrets (BTC_WALLET_PRIV_HEX) ✓

╔═══════════════════════════════════════════════════════════╗
║        LumVorax — Wallet Bitcoin RÉEL                    ║
╠═══════════════════════════════════════════════════════════╣
║ Réseau      : MAINNET                                       ║
║ run_id      : c112_ub_1777381553                            ║
╠═══════════════════════════════════════════════════════════╣
║ Adresse P2PKH   : 1YkQrHMbvBbYvCR1jcQAxjMj4bzibiK8C         ║
║ Adresse Bech32  : bc1qqcqjrasuyv70glgeugl56nstsshp99c5tek3s6║
╠═══════════════════════════════════════════════════════════╣
║ Clé privée (hex): 7ac9fe93...(masquée)                     ║
║ WIF compressé   : L1LPxrfeLvFuYLYjZcXb9dJNhRdzW2zBx7hjrtnQrUjpTqjPoxv7║
╠═══════════════════════════════════════════════════════════╣
║ HASH160 (hex)   : 060121f61c233cf47d19e23f4d4e0b842e129714  ║
╚═══════════════════════════════════════════════════════════╝
[BTC_QM] Wallet sauvegardé → /home/lvx/LVX/lumvorax2/src/advanced_calculations/bitcoin_quantum_mining/logs/forensic/wallet_c112_ub_1777381553.json
[BTC_QM] Lancement du moteur PT-MC…
[OCL] GPU trouvé : Intel(R) UHD Graphics 620 (plateforme: Intel(R) OpenCL Graphics)
[OCL] → Sélectionné : Intel(R) UHD Graphics 620
[OCL] max_wg=256 max_items=256 gmem=6715 MB batch=262144
[OCL] ✅ OpenCL initialisé — batch=262144 — cible: 50-200 MH/s
[OCL] Benchmark : 9.80 MH/s (batch=262144, t=0.027s)
[C42-WATCHDOG] 🟢 RAM disponible au démarrage: 2118MB
[C100-ALLTIME] seed best_lz_alltime=33 nonce=1546911744 upd_count=19 (historique préservé)
[C65-GPU-EARLY] ✅ GPU OpenCL activé AVANT moteur PT-MC : Intel(R) UHD Graphics 620
[C69-GPU] Thread GPU lance en parallele de 4 threads CPU
[C69-GPU] Pour valider GPU reel : chercher log '[C69-GPU] ===== THREAD GPU ACTIF'
[C69-GPU] ===== THREAD GPU ACTIF — btc_opencl_mine_batch() APPELEE =====
[C69-GPU] Hashrate GPU mesure (benchmark) : 9.80 MH/s
[C69-GPU] Target near-miss : 20 bits | Batch : 262144 nonces/dispatch
[C69-GPU] batch #100 | GPU hashes: 26214400 | near-miss GPU best: 26 bits | ~9.8 MH/s
[C69-GPU] batch #200 | GPU hashes: 52428800 | near-miss GPU best: 26 bits | ~9.8 MH/s
[C88-GPU-FIX] Near-miss GPU nonce=78551276 best=20 bits (target_bits=20) — minage continue (PAS un bloc valide)
[C69-GPU] batch #300 | GPU hashes: 78643200 | near-miss GPU best: 26 bits | ~9.8 MH/s
[C88-GPU-FIX] Near-miss GPU nonce=104616945 best=21 bits (target_bits=20) — minage continue (PAS un bloc valide)
[C69-GPU] batch #400 | GPU hashes: 104857600 | near-miss GPU best: 26 bits | ~9.8 MH/s
[BTC_QM] elapsed=10.0s hashes=137295360 hashrate=13.73MH/s best_leading=33 best_nonce=1546911744 nx48_delta=23.12
[C69-GPU] batch #500 | GPU hashes: 131072000 | near-miss GPU best: 26 bits | ~9.8 MH/s
[C69-GPU] batch #600 | GPU hashes: 157286400 | near-miss GPU best: 26 bits | ~9.8 MH/s
[C88-GPU-FIX] Near-miss GPU nonce=170201830 best=20 bits (target_bits=20) — minage continue (PAS un bloc valide)
[C69-GPU] batch #700 | GPU hashes: 183500800 | near-miss GPU best: 26 bits | ~9.8 MH/s
[C69-GPU] batch #800 | GPU hashes: 209715200 | near-miss GPU best: 26 bits | ~9.8 MH/s
[C69-GPU] batch #900 | GPU hashes: 235929600 | near-miss GPU best: 26 bits | ~9.8 MH/s
[BTC_QM] elapsed=20.0s hashes=262073856 hashrate=13.10MH/s best_leading=33 best_nonce=1546911744 nx48_delta=24.38
[C69-GPU] batch #1000 | GPU hashes: 262144000 | near-miss GPU best: 26 bits | ~9.8 MH/s
[C69-GPU] batch #1100 | GPU hashes: 288358400 | near-miss GPU best: 26 bits | ~9.8 MH/s
[C69-GPU] batch #1200 | GPU hashes: 314572800 | near-miss GPU best: 26 bits | ~9.8 MH/s
[C88-GPU-FIX] Near-miss GPU nonce=340616943 best=21 bits (target_bits=20) — minage continue (PAS un bloc valide)
[C69-GPU] batch #1300 | GPU hashes: 340787200 | near-miss GPU best: 26 bits | ~9.8 MH/s
[BTC_QM] elapsed=30.0s hashes=375169536 hashrate=12.50MH/s best_leading=33 best_nonce=1546911744 nx48_delta=26.94
[C88-GPU-FIX] Near-miss GPU nonce=366888127 best=20 bits (target_bits=20) — minage continue (PAS un bloc valide)
[C69-GPU] batch #1400 | GPU hashes: 367001600 | near-miss GPU best: 28 bits | ~9.8 MH/s
[C69-GPU] batch #1500 | GPU hashes: 393216000 | near-miss GPU best: 28 bits | ~9.8 MH/s
[C69-GPU] batch #1600 | GPU hashes: 419430400 | near-miss GPU best: 28 bits | ~9.8 MH/s
[C69-GPU] batch #1700 | GPU hashes: 445644800 | near-miss GPU best: 28 bits | ~9.8 MH/s
[BTC_QM] elapsed=40.0s hashes=486827520 hashrate=12.17MH/s best_leading=33 best_nonce=1546911744 nx48_delta=30.98
[C88-GPU-FIX] Near-miss GPU nonce=458626756 best=20 bits (target_bits=20) — minage continue (PAS un bloc valide)
[C88-GPU-FIX] Near-miss GPU nonce=471827567 best=20 bits (target_bits=20) — minage continue (PAS un bloc valide)
[C69-GPU] batch #1800 | GPU hashes: 471859200 | near-miss GPU best: 28 bits | ~9.8 MH/s
[C88-GPU-FIX] Near-miss GPU nonce=484825692 best=20 bits (target_bits=20) — minage continue (PAS un bloc valide)
[C88-GPU-FIX] Near-miss GPU nonce=497831152 best=21 bits (target_bits=20) — minage continue (PAS un bloc valide)
[C69-GPU] batch #1900 | GPU hashes: 498073600 | near-miss GPU best: 28 bits | ~9.8 MH/s
[C88-GPU-FIX] Near-miss GPU nonce=524262453 best=22 bits (target_bits=20) — minage continue (PAS un bloc valide)
[C69-GPU] batch #2000 | GPU hashes: 524288000 | near-miss GPU best: 28 bits | ~9.8 MH/s
[C88-GPU-FIX] Near-miss GPU nonce=537275752 best=20 bits (target_bits=20) — minage continue (PAS un bloc valide)
[BTC_QM] elapsed=50.0s hashes=592733696 hashrate=11.85MH/s best_leading=33 best_nonce=1546911744 nx48_delta=33.11
[C69-GPU] batch #2100 | GPU hashes: 550502400 | near-miss GPU best: 28 bits | ~9.8 MH/s
[C88-GPU-FIX] Near-miss GPU nonce=563373169 best=20 bits (target_bits=20) — minage continue (PAS un bloc valide)
[C69-GPU] batch #2200 | GPU hashes: 576716800 | near-miss GPU best: 28 bits | ~9.8 MH/s
[C69-GPU] batch #2300 | GPU hashes: 602931200 | near-miss GPU best: 29 bits | ~9.8 MH/s
[C69-GPU] batch #2400 | GPU hashes: 629145600 | near-miss GPU best: 29 bits | ~9.8 MH/s
[BTC_QM] elapsed=60.0s hashes=695988736 hashrate=11.60MH/s best_leading=33 best_nonce=1546911744 nx48_delta=30.02
[C69-GPU] batch #2500 | GPU hashes: 655360000 | near-miss GPU best: 29 bits | ~9.8 MH/s
[C88-GPU-FIX] Near-miss GPU nonce=668254470 best=21 bits (target_bits=20) — minage continue (PAS un bloc valide)
[C69-GPU] batch #2600 | GPU hashes: 681574400 | near-miss GPU best: 29 bits | ~9.8 MH/s
[C69-GPU] batch #2700 | GPU hashes: 707788800 | near-miss GPU best: 29 bits | ~9.8 MH/s
[C69-GPU] batch #2800 | GPU hashes: 734003200 | near-miss GPU best: 29 bits | ~9.8 MH/s
[BTC_QM] elapsed=70.0s hashes=799461381 hashrate=11.42MH/s best_leading=33 best_nonce=1546911744 nx48_delta=33.34
[C69-GPU] batch #2900 | GPU hashes: 760217600 | near-miss GPU best: 29 bits | ~9.8 MH/s
[C69-GPU] batch #3000 | GPU hashes: 786432000 | near-miss GPU best: 29 bits | ~9.8 MH/s
[C69-GPU] batch #3100 | GPU hashes: 812646400 | near-miss GPU best: 29 bits | ~9.8 MH/s
[BTC_QM] elapsed=80.0s hashes=901432325 hashrate=11.27MH/s best_leading=33 best_nonce=1546911744 nx48_delta=34.48
[C69-GPU] batch #3200 | GPU hashes: 838860800 | near-miss GPU best: 29 bits | ~9.8 MH/s
[C69-GPU] batch #3300 | GPU hashes: 865075200 | near-miss GPU best: 29 bits | ~9.8 MH/s
[C88-GPU-FIX] Near-miss GPU nonce=877971969 best=20 bits (target_bits=20) — minage continue (PAS un bloc valide)
[C88-GPU-FIX] Near-miss GPU nonce=891121710 best=21 bits (target_bits=20) — minage continue (PAS un bloc valide)
[C69-GPU] batch #3400 | GPU hashes: 891289600 | near-miss GPU best: 29 bits | ~9.8 MH/s
[C69-GPU] batch #3500 | GPU hashes: 917504000 | near-miss GPU best: 29 bits | ~9.8 MH/s
[C88-GPU-FIX] Near-miss GPU nonce=930559724 best=20 bits (target_bits=20) — minage continue (PAS un bloc valide)
[BTC_QM] elapsed=90.0s hashes=1001187333 hashrate=11.12MH/s best_leading=33 best_nonce=1546911744 nx48_delta=35.61
[C69-GPU] batch #3600 | GPU hashes: 943718400 | near-miss GPU best: 29 bits | ~9.8 MH/s
[C69-GPU] batch #3700 | GPU hashes: 969932800 | near-miss GPU best: 29 bits | ~9.8 MH/s
[C88-GPU-FIX] Near-miss GPU nonce=982919497 best=20 bits (target_bits=20) — minage continue (PAS un bloc valide)
[C69-GPU] batch #3800 | GPU hashes: 996147200 | near-miss GPU best: 29 bits | ~9.8 MH/s
[C69-GPU] batch #3900 | GPU hashes: 1022361600 | near-miss GPU best: 29 bits | ~9.8 MH/s
[BTC_QM] elapsed=100.0s hashes=1099258885 hashrate=10.99MH/s best_leading=33 best_nonce=1546911744 nx48_delta=44.65
[C69-GPU] batch #4000 | GPU hashes: 1048576000 | near-miss GPU best: 29 bits | ~9.8 MH/s
[C88-GPU-FIX] Near-miss GPU nonce=1074758151 best=27 bits (target_bits=20) — minage continue (PAS un bloc valide)
[C69-GPU] batch #4100 | GPU hashes: 1074790400 | near-miss GPU best: 29 bits | ~9.8 MH/s
[C69-GPU] batch #4200 | GPU hashes: 1101004800 | near-miss GPU best: 29 bits | ~9.8 MH/s
[BTC_QM] elapsed=110.0s hashes=1200671237 hashrate=10.91MH/s best_leading=33 best_nonce=1546911744 nx48_delta=51.33
[C69-GPU] batch #4300 | GPU hashes: 1127219200 | near-miss GPU best: 29 bits | ~9.8 MH/s
[C88-GPU-FIX] Near-miss GPU nonce=1140317754 best=24 bits (target_bits=20) — minage continue (PAS un bloc valide)
[C69-GPU] batch #4400 | GPU hashes: 1153433600 | near-miss GPU best: 29 bits | ~9.8 MH/s
[C88-GPU-FIX] Near-miss GPU nonce=1166416400 best=20 bits (target_bits=20) — minage continue (PAS un bloc valide)
[C69-GPU] batch #4500 | GPU hashes: 1179648000 | near-miss GPU best: 29 bits | ~9.8 MH/s
[C88-GPU-FIX] Near-miss GPU nonce=1192626586 best=23 bits (target_bits=20) — minage continue (PAS un bloc valide)
[C69-GPU] batch #4600 | GPU hashes: 1205862400 | near-miss GPU best: 29 bits | ~9.8 MH/s
[BTC_QM] elapsed=120.0s hashes=1303478789 hashrate=10.86MH/s best_leading=33 best_nonce=1546911744 nx48_delta=56.68
[C69-GPU] batch #4700 | GPU hashes: 1232076800 | near-miss GPU best: 29 bits | ~9.8 MH/s
[C69-GPU] batch #4800 | GPU hashes: 1258291200 | near-miss GPU best: 29 bits | ~9.8 MH/s
[C88-GPU-FIX] Near-miss GPU nonce=1284252317 best=20 bits (target_bits=20) — minage continue (PAS un bloc valide)
[C69-GPU] batch #4900 | GPU hashes: 1284505600 | near-miss GPU best: 29 bits | ~9.8 MH/s
[BTC_QM] elapsed=130.0s hashes=1406497285 hashrate=10.82MH/s best_leading=33 best_nonce=1546911744 nx48_delta=55.87
[C69-GPU] batch #5000 | GPU hashes: 1310720000 | near-miss GPU best: 29 bits | ~9.8 MH/s
[C69-GPU] batch #5100 | GPU hashes: 1336934400 | near-miss GPU best: 29 bits | ~9.8 MH/s
[C69-GPU] batch #5200 | GPU hashes: 1363148800 | near-miss GPU best: 29 bits | ~9.8 MH/s
[C69-GPU] batch #5300 | GPU hashes: 1389363200 | near-miss GPU best: 29 bits | ~9.8 MH/s
[BTC_QM] elapsed=140.0s hashes=1508201989 hashrate=10.77MH/s best_leading=33 best_nonce=1546911744 nx48_delta=70.79
[C88-GPU-FIX] Near-miss GPU nonce=1415554626 best=20 bits (target_bits=20) — minage continue (PAS un bloc valide)
[C69-GPU] batch #5400 | GPU hashes: 1415577600 | near-miss GPU best: 29 bits | ~9.8 MH/s
[C69-GPU] batch #5500 | GPU hashes: 1441792000 | near-miss GPU best: 29 bits | ~9.8 MH/s
[C69-GPU] batch #5600 | GPU hashes: 1468006400 | near-miss GPU best: 29 bits | ~9.8 MH/s
[C69-GPU] batch #5700 | GPU hashes: 1494220800 | near-miss GPU best: 29 bits | ~9.8 MH/s
[BTC_QM] elapsed=150.0s hashes=1607614981 hashrate=10.72MH/s best_leading=33 best_nonce=1546911744 nx48_delta=100.37
[C69-GPU] batch #5800 | GPU hashes: 1520435200 | near-miss GPU best: 29 bits | ~9.8 MH/s
[C69-GPU] batch #5900 | GPU hashes: 1546649600 | near-miss GPU best: 29 bits | ~9.8 MH/s
[C69-GPU] batch #6000 | GPU hashes: 1572864000 | near-miss GPU best: 29 bits | ~9.8 MH/s
[BTC_QM] elapsed=160.0s hashes=1708119557 hashrate=10.67MH/s best_leading=33 best_nonce=1546911744 nx48_delta=123.33
[C69-GPU] batch #6100 | GPU hashes: 1599078400 | near-miss GPU best: 29 bits | ~9.8 MH/s
[C69-GPU] batch #6200 | GPU hashes: 1625292800 | near-miss GPU best: 29 bits | ~9.8 MH/s
[C88-GPU-FIX] Near-miss GPU nonce=1651274143 best=21 bits (target_bits=20) — minage continue (PAS un bloc valide)
[C69-GPU] batch #6300 | GPU hashes: 1651507200 | near-miss GPU best: 29 bits | ~9.8 MH/s
[C69-GPU] batch #6400 | GPU hashes: 1677721600 | near-miss GPU best: 29 bits | ~9.8 MH/s
[BTC_QM] elapsed=170.0s hashes=1803943429 hashrate=10.61MH/s best_leading=33 best_nonce=1546911744 nx48_delta=127.89
[C88-GPU-FIX] Near-miss GPU nonce=1690629288 best=21 bits (target_bits=20) — minage continue (PAS un bloc valide)
[C69-GPU] batch #6500 | GPU hashes: 1703936000 | near-miss GPU best: 29 bits | ~9.8 MH/s
[C69-GPU] batch #6600 | GPU hashes: 1730150400 | near-miss GPU best: 29 bits | ~9.8 MH/s
[C88-GPU-FIX] Near-miss GPU nonce=1743188577 best=20 bits (target_bits=20) — minage continue (PAS un bloc valide)
[C88-GPU-FIX] Near-miss GPU nonce=1756227924 best=20 bits (target_bits=20) — minage continue (PAS un bloc valide)
[C69-GPU] batch #6700 | GPU hashes: 1756364800 | near-miss GPU best: 29 bits | ~9.8 MH/s
[BTC_QM] elapsed=180.0s hashes=1905573381 hashrate=10.58MH/s best_leading=33 best_nonce=1546911744 nx48_delta=142.41
[C69-GPU] batch #6800 | GPU hashes: 1782579200 | near-miss GPU best: 29 bits | ~9.8 MH/s
[C69-GPU] batch #6900 | GPU hashes: 1808793600 | near-miss GPU best: 29 bits | ~9.8 MH/s
[C88-GPU-FIX] Near-miss GPU nonce=1821806980 best=22 bits (target_bits=20) — minage continue (PAS un bloc valide)
[C69-GPU] batch #7000 | GPU hashes: 1835008000 | near-miss GPU best: 29 bits | ~9.8 MH/s
[C69-GPU] batch #7100 | GPU hashes: 1861222400 | near-miss GPU best: 29 bits | ~9.8 MH/s
[BTC_QM] elapsed=190.1s hashes=2004579845 hashrate=10.55MH/s best_leading=33 best_nonce=1546911744 nx48_delta=164.22
[C69-GPU] batch #7200 | GPU hashes: 1887436800 | near-miss GPU best: 29 bits | ~9.8 MH/s
[C69-GPU] batch #7300 | GPU hashes: 1913651200 | near-miss GPU best: 29 bits | ~9.8 MH/s
[C88-GPU-FIX] Near-miss GPU nonce=1926640871 best=22 bits (target_bits=20) — minage continue (PAS un bloc valide)
[C69-GPU] batch #7400 | GPU hashes: 1939865600 | near-miss GPU best: 29 bits | ~9.8 MH/s
[BTC_QM] elapsed=200.1s hashes=2100998661 hashrate=10.50MH/s best_leading=33 best_nonce=1546911744 nx48_delta=180.34
[C69-GPU] batch #7500 | GPU hashes: 1966080000 | near-miss GPU best: 29 bits | ~9.8 MH/s
[C88-GPU-FIX] Near-miss GPU nonce=1992131620 best=22 bits (target_bits=20) — minage continue (PAS un bloc valide)
[C69-GPU] batch #7600 | GPU hashes: 1992294400 | near-miss GPU best: 29 bits | ~9.8 MH/s
[C69-GPU] batch #7700 | GPU hashes: 2018508800 | near-miss GPU best: 29 bits | ~9.8 MH/s
[C88-GPU-FIX] Near-miss GPU nonce=2031484944 best=20 bits (target_bits=20) — minage continue (PAS un bloc valide)
[C69-GPU] batch #7800 | GPU hashes: 2044723200 | near-miss GPU best: 29 bits | ~9.8 MH/s
[BTC_QM] elapsed=210.1s hashes=2198498309 hashrate=10.46MH/s best_leading=33 best_nonce=1546911744 nx48_delta=256.41
[C69-GPU] batch #7900 | GPU hashes: 2070937600 | near-miss GPU best: 29 bits | ~9.8 MH/s
[C69-GPU] batch #8000 | GPU hashes: 2097152000 | near-miss GPU best: 29 bits | ~9.8 MH/s
[C69-GPU] batch #8100 | GPU hashes: 2123366400 | near-miss GPU best: 29 bits | ~9.8 MH/s
[BTC_QM] elapsed=220.1s hashes=2296617477 hashrate=10.44MH/s best_leading=33 best_nonce=1546911744 nx48_delta=283.86
[C88-GPU-FIX] Near-miss GPU nonce=2149555470 best=21 bits (target_bits=20) — minage continue (PAS un bloc valide)
[C69-GPU] batch #8200 | GPU hashes: 2149580800 | near-miss GPU best: 29 bits | ~9.8 MH/s
[C69-GPU] batch #8300 | GPU hashes: 2175795200 | near-miss GPU best: 29 bits | ~9.8 MH/s
[C88-GPU-FIX] Near-miss GPU nonce=2201845592 best=22 bits (target_bits=20) — minage continue (PAS un bloc valide)
[C69-GPU] batch #8400 | GPU hashes: 2202009600 | near-miss GPU best: 29 bits | ~9.8 MH/s
[C69-GPU] batch #8500 | GPU hashes: 2228224000 | near-miss GPU best: 29 bits | ~9.8 MH/s
[BTC_QM] elapsed=230.1s hashes=2400246277 hashrate=10.43MH/s best_leading=33 best_nonce=1546911744 nx48_delta=318.98
[C69-GPU] batch #8600 | GPU hashes: 2254438400 | near-miss GPU best: 29 bits | ~9.8 MH/s
[C88-GPU-FIX] Near-miss GPU nonce=2280635794 best=20 bits (target_bits=20) — minage continue (PAS un bloc valide)
[C69-GPU] batch #8700 | GPU hashes: 2280652800 | near-miss GPU best: 29 bits | ~9.8 MH/s
[C69-GPU] batch #8800 | GPU hashes: 2306867200 | near-miss GPU best: 29 bits | ~9.8 MH/s
[C69-GPU] batch #8900 | GPU hashes: 2333081600 | near-miss GPU best: 29 bits | ~9.8 MH/s
[BTC_QM] elapsed=240.1s hashes=2502344197 hashrate=10.42MH/s best_leading=33 best_nonce=1546911744 nx48_delta=341.41
[C69-GPU] batch #9000 | GPU hashes: 2359296000 | near-miss GPU best: 29 bits | ~9.8 MH/s
[C69-GPU] batch #9100 | GPU hashes: 2385510400 | near-miss GPU best: 29 bits | ~9.8 MH/s
[C88-GPU-FIX] Near-miss GPU nonce=2411484335 best=22 bits (target_bits=20) — minage continue (PAS un bloc valide)
[C69-GPU] batch #9200 | GPU hashes: 2411724800 | near-miss GPU best: 29 bits | ~9.8 MH/s
[BTC_QM] elapsed=250.1s hashes=2607506949 hashrate=10.43MH/s best_leading=33 best_nonce=1546911744 nx48_delta=491.75
[C69-GPU] batch #9300 | GPU hashes: 2437939200 | near-miss GPU best: 29 bits | ~9.8 MH/s
[C69-GPU] batch #9400 | GPU hashes: 2464153600 | near-miss GPU best: 29 bits | ~9.8 MH/s
[C69-GPU] batch #9500 | GPU hashes: 2490368000 | near-miss GPU best: 29 bits | ~9.8 MH/s
[C69-GPU] batch #9600 | GPU hashes: 2516582400 | near-miss GPU best: 29 bits | ~9.8 MH/s
[BTC_QM] elapsed=260.1s hashes=2712711173 hashrate=10.43MH/s best_leading=33 best_nonce=1546911744 nx48_delta=457.44
[LUMVORAX:ANOMALY] module=btc_qm_engine desc=btc_nx48_delta_reset_stall_c62 val=4.498551 src=src/nx48_btc_controller.c:984
[NX48-C62] Reset delta_nonce 500.0->4.499 (stall_long=130 cap500_plateau)
[C69-GPU] batch #9700 | GPU hashes: 2542796800 | near-miss GPU best: 29 bits | ~9.8 MH/s
[C69-GPU] batch #9800 | GPU hashes: 2569011200 | near-miss GPU best: 29 bits | ~9.8 MH/s
[C88-GPU-FIX] Near-miss GPU nonce=2594987136 best=20 bits (target_bits=20) — minage continue (PAS un bloc valide)
[C69-GPU] batch #9900 | GPU hashes: 2595225600 | near-miss GPU best: 29 bits | ~9.8 MH/s
[C69-GPU] batch #10000 | GPU hashes: 2621440000 | near-miss GPU best: 29 bits | ~9.8 MH/s
[BTC_QM] elapsed=270.1s hashes=2816863243 hashrate=10.43MH/s best_leading=33 best_nonce=1546911744 nx48_delta=5.74
[C88-GPU-FIX] Near-miss GPU nonce=2647392362 best=20 bits (target_bits=20) — minage continue (PAS un bloc valide)
[C69-GPU] batch #10100 | GPU hashes: 2647654400 | near-miss GPU best: 29 bits | ~9.8 MH/s
[C88-GPU-FIX] Near-miss GPU nonce=2660679602 best=20 bits (target_bits=20) — minage continue (PAS un bloc valide)
[C69-GPU] batch #10200 | GPU hashes: 2673868800 | near-miss GPU best: 29 bits | ~9.8 MH/s
[C88-GPU-FIX] Near-miss GPU nonce=2699950421 best=21 bits (target_bits=20) — minage continue (PAS un bloc valide)
[C69-GPU] batch #10300 | GPU hashes: 2700083200 | near-miss GPU best: 29 bits | ~9.8 MH/s
[C69-GPU] batch #10400 | GPU hashes: 2726297600 | near-miss GPU best: 29 bits | ~9.8 MH/s
[BTC_QM] elapsed=280.1s hashes=2918059019 hashrate=10.42MH/s best_leading=33 best_nonce=1546911744 nx48_delta=5.48
[C69-GPU] batch #10500 | GPU hashes: 2752512000 | near-miss GPU best: 29 bits | ~9.8 MH/s
[C88-GPU-FIX] Near-miss GPU nonce=2765385665 best=20 bits (target_bits=20) — minage continue (PAS un bloc valide)
[C69-GPU] batch #10600 | GPU hashes: 2778726400 | near-miss GPU best: 29 bits | ~9.8 MH/s
[C69-GPU] batch #10700 | GPU hashes: 2804940800 | near-miss GPU best: 29 bits | ~9.8 MH/s
[BTC_QM] elapsed=290.1s hashes=3018459659 hashrate=10.40MH/s best_leading=33 best_nonce=1546911744 nx48_delta=6.00
[C88-GPU-FIX] Near-miss GPU nonce=2830965341 best=21 bits (target_bits=20) — minage continue (PAS un bloc valide)
[C69-GPU] batch #10800 | GPU hashes: 2831155200 | near-miss GPU best: 29 bits | ~9.8 MH/s
[C69-GPU] batch #10900 | GPU hashes: 2857369600 | near-miss GPU best: 29 bits | ~9.8 MH/s
[C88-GPU-FIX] Near-miss GPU nonce=2870273837 best=20 bits (target_bits=20) — minage continue (PAS un bloc valide)
[C69-GPU] batch #11000 | GPU hashes: 2883584000 | near-miss GPU best: 29 bits | ~9.8 MH/s
[C69-GPU] batch #11100 | GPU hashes: 2909798400 | near-miss GPU best: 29 bits | ~9.8 MH/s
[BTC_QM] elapsed=300.1s hashes=3121558027 hashrate=10.40MH/s best_leading=33 best_nonce=1546911744 nx48_delta=6.27
[C69-GPU] batch #11200 | GPU hashes: 2936012800 | near-miss GPU best: 29 bits | ~9.8 MH/s
[C88-GPU-FIX] Near-miss GPU nonce=2949041128 best=20 bits (target_bits=20) — minage continue (PAS un bloc valide)
[C69-GPU] batch #11300 | GPU hashes: 2962227200 | near-miss GPU best: 29 bits | ~9.8 MH/s
[C88-GPU-FIX] Near-miss GPU nonce=2988248391 best=22 bits (target_bits=20) — minage continue (PAS un bloc valide)
[C69-GPU] batch #11400 | GPU hashes: 2988441600 | near-miss GPU best: 29 bits | ~9.8 MH/s
[C88-GPU-FIX] Near-miss GPU nonce=3014544240 best=20 bits (target_bits=20) — minage continue (PAS un bloc valide)
[C69-GPU] batch #11500 | GPU hashes: 3014656000 | near-miss GPU best: 29 bits | ~9.8 MH/s
[BTC_QM] elapsed=310.1s hashes=3224363019 hashrate=10.40MH/s best_leading=33 best_nonce=1546911744 nx48_delta=6.41
[C69-GPU] batch #11600 | GPU hashes: 3040870400 | near-miss GPU best: 29 bits | ~9.8 MH/s
[C88-GPU-FIX] Near-miss GPU nonce=3066946506 best=22 bits (target_bits=20) — minage continue (PAS un bloc valide)
[C69-GPU] batch #11700 | GPU hashes: 3067084800 | near-miss GPU best: 29 bits | ~9.8 MH/s
[C69-GPU] batch #11800 | GPU hashes: 3093299200 | near-miss GPU best: 29 bits | ~9.8 MH/s
[BTC_QM] elapsed=320.1s hashes=3325999115 hashrate=10.39MH/s best_leading=33 best_nonce=1546911744 nx48_delta=7.73
[C69-GPU] batch #11900 | GPU hashes: 3119513600 | near-miss GPU best: 29 bits | ~9.8 MH/s
[C69-GPU] batch #12000 | GPU hashes: 3145728000 | near-miss GPU best: 29 bits | ~9.8 MH/s
[C88-GPU-FIX] Near-miss GPU nonce=3158609439 best=20 bits (target_bits=20) — minage continue (PAS un bloc valide)
[C69-GPU] batch #12100 | GPU hashes: 3171942400 | near-miss GPU best: 29 bits | ~9.8 MH/s
[C88-GPU-FIX] Near-miss GPU nonce=3184852853 best=22 bits (target_bits=20) — minage continue (PAS un bloc valide)
[C69-GPU] batch #12200 | GPU hashes: 3198156800 | near-miss GPU best: 29 bits | ~9.8 MH/s
[BTC_QM] elapsed=330.1s hashes=3432012299 hashrate=10.40MH/s best_leading=33 best_nonce=1546911744 nx48_delta=9.78
[C69-GPU] batch #12300 | GPU hashes: 3224371200 | near-miss GPU best: 29 bits | ~9.8 MH/s
[C69-GPU] batch #12400 | GPU hashes: 3250585600 | near-miss GPU best: 29 bits | ~9.8 MH/s
[C88-GPU-FIX] Near-miss GPU nonce=3263484333 best=20 bits (target_bits=20) — minage continue (PAS un bloc valide)
[C88-GPU-FIX] Near-miss GPU nonce=3276690312 best=21 bits (target_bits=20) — minage continue (PAS un bloc valide)
[C69-GPU] batch #12500 | GPU hashes: 3276800000 | near-miss GPU best: 29 bits | ~9.8 MH/s
[C88-GPU-FIX] Near-miss GPU nonce=3289824625 best=20 bits (target_bits=20) — minage continue (PAS un bloc valide)
[C69-GPU] batch #12600 | GPU hashes: 3303014400 | near-miss GPU best: 29 bits | ~9.8 MH/s
[BTC_QM] elapsed=340.1s hashes=3533525515 hashrate=10.39MH/s best_leading=33 best_nonce=1546911744 nx48_delta=13.13
[C88-GPU-FIX] Near-miss GPU nonce=3329027399 best=21 bits (target_bits=20) — minage continue (PAS un bloc valide)
[C69-GPU] batch #12700 | GPU hashes: 3329228800 | near-miss GPU best: 29 bits | ~9.8 MH/s
[C88-GPU-FIX] Near-miss GPU nonce=3355395051 best=20 bits (target_bits=20) — minage continue (PAS un bloc valide)
[C69-GPU] batch #12800 | GPU hashes: 3355443200 | near-miss GPU best: 29 bits | ~9.8 MH/s
[C69-GPU] batch #12900 | GPU hashes: 3381657600 | near-miss GPU best: 29 bits | ~9.8 MH/s
[BTC_QM] elapsed=350.1s hashes=3629447691 hashrate=10.37MH/s best_leading=33 best_nonce=1546911744 nx48_delta=14.21
[C69-GPU] batch #13000 | GPU hashes: 3407872000 | near-miss GPU best: 29 bits | ~9.8 MH/s
[C69-GPU] batch #13100 | GPU hashes: 3434086400 | near-miss GPU best: 29 bits | ~9.8 MH/s
[C88-GPU-FIX] Near-miss GPU nonce=3446957205 best=22 bits (target_bits=20) — minage continue (PAS un bloc valide)
[C69-GPU] batch #13200 | GPU hashes: 3460300800 | near-miss GPU best: 29 bits | ~9.8 MH/s
[C88-GPU-FIX] Near-miss GPU nonce=3473185217 best=20 bits (target_bits=20) — minage continue (PAS un bloc valide)
[C69-GPU] batch #13300 | GPU hashes: 3486515200 | near-miss GPU best: 29 bits | ~9.8 MH/s
[BTC_QM] elapsed=360.1s hashes=3733050891 hashrate=10.37MH/s best_leading=33 best_nonce=1546911744 nx48_delta=18.10
[C69-GPU] batch #13400 | GPU hashes: 3512729600 | near-miss GPU best: 29 bits | ~9.8 MH/s
[C88-GPU-FIX] Near-miss GPU nonce=3525734222 best=21 bits (target_bits=20) — minage continue (PAS un bloc valide)
[C69-GPU] batch #13500 | GPU hashes: 3538944000 | near-miss GPU best: 29 bits | ~9.8 MH/s
[C69-GPU] batch #13600 | GPU hashes: 3565158400 | near-miss GPU best: 29 bits | ~9.8 MH/s
[BTC_QM] elapsed=370.1s hashes=3838395916 hashrate=10.37MH/s best_leading=33 best_nonce=1546911744 nx48_delta=24.83
[C69-GPU] batch #13700 | GPU hashes: 3591372800 | near-miss GPU best: 29 bits | ~9.8 MH/s
[C88-GPU-FIX] Near-miss GPU nonce=3617494647 best=21 bits (target_bits=20) — minage continue (PAS un bloc valide)
[C69-GPU] batch #13800 | GPU hashes: 3617587200 | near-miss GPU best: 29 bits | ~9.8 MH/s
[C69-GPU] batch #13900 | GPU hashes: 3643801600 | near-miss GPU best: 29 bits | ~9.8 MH/s
[C69-GPU] batch #14000 | GPU hashes: 3670016000 | near-miss GPU best: 29 bits | ~9.8 MH/s
[BTC_QM] elapsed=380.1s hashes=3942781452 hashrate=10.37MH/s best_leading=33 best_nonce=1546911744 nx48_delta=27.57
[C69-GPU] batch #14100 | GPU hashes: 3696230400 | near-miss GPU best: 29 bits | ~9.8 MH/s
[C69-GPU] batch #14200 | GPU hashes: 3722444800 | near-miss GPU best: 29 bits | ~9.8 MH/s
[C88-GPU-FIX] Near-miss GPU nonce=3735441475 best=20 bits (target_bits=20) — minage continue (PAS un bloc valide)
[C88-GPU-FIX] Near-miss GPU nonce=3748433891 best=20 bits (target_bits=20) — minage continue (PAS un bloc valide)
[C69-GPU] batch #14300 | GPU hashes: 3748659200 | near-miss GPU best: 29 bits | ~9.8 MH/s
[C69-GPU] batch #14400 | GPU hashes: 3774873600 | near-miss GPU best: 29 bits | ~9.8 MH/s
[BTC_QM] elapsed=390.1s hashes=4047631884 hashrate=10.37MH/s best_leading=33 best_nonce=1546911744 nx48_delta=34.22
[C69-GPU] batch #14500 | GPU hashes: 3801088000 | near-miss GPU best: 29 bits | ~9.8 MH/s
[C69-GPU] batch #14600 | GPU hashes: 3827302400 | near-miss GPU best: 29 bits | ~9.8 MH/s
[C69-GPU] batch #14700 | GPU hashes: 3853516800 | near-miss GPU best: 29 bits | ~9.8 MH/s
[C88-GPU-FIX] Near-miss GPU nonce=3866577782 best=20 bits (target_bits=20) — minage continue (PAS un bloc valide)
[C69-GPU] batch #14800 | GPU hashes: 3879731200 | near-miss GPU best: 29 bits | ~9.8 MH/s
[BTC_QM] elapsed=400.1s hashes=4152138764 hashrate=10.38MH/s best_leading=33 best_nonce=1546911744 nx48_delta=32.12
[C88-GPU-FIX] Near-miss GPU nonce=3905753829 best=20 bits (target_bits=20) — minage continue (PAS un bloc valide)
[C69-GPU] batch #14900 | GPU hashes: 3905945600 | near-miss GPU best: 29 bits | ~9.8 MH/s
[C69-GPU] batch #15000 | GPU hashes: 3932160000 | near-miss GPU best: 29 bits | ~9.8 MH/s
[C88-GPU-FIX] Near-miss GPU nonce=3958280043 best=20 bits (target_bits=20) — minage continue (PAS un bloc valide)
[C69-GPU] batch #15100 | GPU hashes: 3958374400 | near-miss GPU best: 30 bits | ~9.8 MH/s
[BTC_QM] elapsed=410.1s hashes=4256911884 hashrate=10.38MH/s best_leading=33 best_nonce=1546911744 nx48_delta=32.35
[C69-GPU] batch #15200 | GPU hashes: 3984588800 | near-miss GPU best: 30 bits | ~9.8 MH/s
[C69-GPU] batch #15300 | GPU hashes: 4010803200 | near-miss GPU best: 30 bits | ~9.8 MH/s
[C88-GPU-FIX] Near-miss GPU nonce=4023664989 best=20 bits (target_bits=20) — minage continue (PAS un bloc valide)
[C88-GPU-FIX] Near-miss GPU nonce=4036883601 best=20 bits (target_bits=20) — minage continue (PAS un bloc valide)
[C69-GPU] batch #15400 | GPU hashes: 4037017600 | near-miss GPU best: 30 bits | ~9.8 MH/s
[C88-GPU-FIX] Near-miss GPU nonce=4063086841 best=20 bits (target_bits=20) — minage continue (PAS un bloc valide)
[C69-GPU] batch #15500 | GPU hashes: 4063232000 | near-miss GPU best: 30 bits | ~9.8 MH/s
[BTC_QM] elapsed=420.1s hashes=4361824268 hashrate=10.38MH/s best_leading=33 best_nonce=1546911744 nx48_delta=39.93
[C69-GPU] batch #15600 | GPU hashes: 4089446400 | near-miss GPU best: 30 bits | ~9.8 MH/s
[C69-GPU] batch #15700 | GPU hashes: 4115660800 | near-miss GPU best: 30 bits | ~9.8 MH/s
[C88-GPU-FIX] Near-miss GPU nonce=4128547232 best=20 bits (target_bits=20) — minage continue (PAS un bloc valide)
[C69-GPU] batch #15800 | GPU hashes: 4141875200 | near-miss GPU best: 30 bits | ~9.8 MH/s
[C69-GPU] batch #15900 | GPU hashes: 4168089600 | near-miss GPU best: 30 bits | ~9.8 MH/s
[BTC_QM] elapsed=430.1s hashes=4465432588 hashrate=10.38MH/s best_leading=33 best_nonce=1546911744 nx48_delta=38.23
[C69-GPU] batch #16000 | GPU hashes: 4194304000 | near-miss GPU best: 30 bits | ~9.8 MH/s
[C88-GPU-FIX] Near-miss GPU nonce=4220370815 best=21 bits (target_bits=20) — minage continue (PAS un bloc valide)
[C69-GPU] batch #16100 | GPU hashes: 4220518400 | near-miss GPU best: 30 bits | ~9.8 MH/s
[C69-GPU] batch #16200 | GPU hashes: 4246732800 | near-miss GPU best: 30 bits | ~9.8 MH/s
[C69-GPU] batch #16300 | GPU hashes: 4272947200 | near-miss GPU best: 30 bits | ~9.8 MH/s
[BTC_QM] elapsed=440.1s hashes=4570811404 hashrate=10.38MH/s best_leading=33 best_nonce=1546911744 nx48_delta=39.64
[C69-GPU] batch #16400 | GPU hashes: 4299161600 | near-miss GPU best: 30 bits | ~9.8 MH/s
[C69-GPU] batch #16500 | GPU hashes: 4325376000 | near-miss GPU best: 30 bits | ~9.8 MH/s
[C69-GPU] batch #16600 | GPU hashes: 4351590400 | near-miss GPU best: 30 bits | ~9.8 MH/s
[BTC_QM] elapsed=450.1s hashes=4675021324 hashrate=10.39MH/s best_leading=33 best_nonce=1546911744 nx48_delta=41.05
[C69-GPU] batch #16700 | GPU hashes: 4377804800 | near-miss GPU best: 30 bits | ~9.8 MH/s
[C69-GPU] batch #16800 | GPU hashes: 4404019200 | near-miss GPU best: 30 bits | ~9.8 MH/s
[C69-GPU] batch #16900 | GPU hashes: 4430233600 | near-miss GPU best: 30 bits | ~9.8 MH/s
[C69-GPU] batch #17000 | GPU hashes: 4456448000 | near-miss GPU best: 30 bits | ~9.8 MH/s
[BTC_QM] elapsed=460.2s hashes=4779066380 hashrate=10.39MH/s best_leading=33 best_nonce=1546911744 nx48_delta=50.77
[C69-GPU] batch #17100 | GPU hashes: 4482662400 | near-miss GPU best: 30 bits | ~9.8 MH/s
[C88-GPU-FIX] Near-miss GPU nonce=2348348371 best=22 bits (target_bits=20) — minage continue (PAS un bloc valide)
[C69-GPU] batch #17200 | GPU hashes: 4508876800 | near-miss GPU best: 30 bits | ~9.8 MH/s
[C69-GPU] batch #17300 | GPU hashes: 4535091200 | near-miss GPU best: 30 bits | ~9.8 MH/s
[C69-GPU] batch #17400 | GPU hashes: 4561305600 | near-miss GPU best: 30 bits | ~9.8 MH/s
[BTC_QM] elapsed=470.2s hashes=4881271820 hashrate=10.38MH/s best_leading=33 best_nonce=1546911744 nx48_delta=53.98
[C69-GPU] batch #17500 | GPU hashes: 4587520000 | near-miss GPU best: 30 bits | ~9.8 MH/s
[C69-GPU] batch #17600 | GPU hashes: 4613734400 | near-miss GPU best: 30 bits | ~9.8 MH/s
[C88-GPU-FIX] Near-miss GPU nonce=2479408296 best=20 bits (target_bits=20) — minage continue (PAS un bloc valide)
[C88-GPU-FIX] Near-miss GPU nonce=2492569827 best=20 bits (target_bits=20) — minage continue (PAS un bloc valide)
[C69-GPU] batch #17700 | GPU hashes: 4639948800 | near-miss GPU best: 30 bits | ~9.8 MH/s
[C69-GPU] batch #17800 | GPU hashes: 4666163200 | near-miss GPU best: 30 bits | ~9.8 MH/s
[BTC_QM] elapsed=480.2s hashes=4986752012 hashrate=10.39MH/s best_leading=33 best_nonce=1546911744 nx48_delta=53.71
[C88-GPU-FIX] Near-miss GPU nonce=2531851595 best=22 bits (target_bits=20) — minage continue (PAS un bloc valide)
[C69-GPU] batch #17900 | GPU hashes: 4692377600 | near-miss GPU best: 30 bits | ~9.8 MH/s
[C69-GPU] batch #18000 | GPU hashes: 4718592000 | near-miss GPU best: 30 bits | ~9.8 MH/s
[C88-GPU-FIX] Near-miss GPU nonce=2597188815 best=21 bits (target_bits=20) — minage continue (PAS un bloc valide)
[C69-GPU] batch #18100 | GPU hashes: 4744806400 | near-miss GPU best: 30 bits | ~9.8 MH/s
[BTC_QM] elapsed=490.2s hashes=5088610828 hashrate=10.38MH/s best_leading=33 best_nonce=1546911744 nx48_delta=60.84
[C69-GPU] batch #18200 | GPU hashes: 4771020800 | near-miss GPU best: 30 bits | ~9.8 MH/s
[C69-GPU] batch #18300 | GPU hashes: 4797235200 | near-miss GPU best: 30 bits | ~9.8 MH/s
[C69-GPU] batch #18400 | GPU hashes: 4823449600 | near-miss GPU best: 30 bits | ~9.8 MH/s
[C69-GPU] batch #18500 | GPU hashes: 4849664000 | near-miss GPU best: 30 bits | ~9.8 MH/s
[BTC_QM] elapsed=500.2s hashes=5184463372 hashrate=10.37MH/s best_leading=33 best_nonce=1546911744 nx48_delta=59.00
[C88-GPU-FIX] Near-miss GPU nonce=2728479174 best=22 bits (target_bits=20) — minage continue (PAS un bloc valide)
[C69-GPU] batch #18600 | GPU hashes: 4875878400 | near-miss GPU best: 30 bits | ~9.8 MH/s
[C69-GPU] batch #18700 | GPU hashes: 4902092800 | near-miss GPU best: 30 bits | ~9.8 MH/s
[C69-GPU] batch #18800 | GPU hashes: 4928307200 | near-miss GPU best: 30 bits | ~9.8 MH/s
[BTC_QM] elapsed=510.2s hashes=5283921932 hashrate=10.36MH/s best_leading=33 best_nonce=1546911744 nx48_delta=80.80
[C88-GPU-FIX] Near-miss GPU nonce=2807046118 best=20 bits (target_bits=20) — minage continue (PAS un bloc valide)
[C69-GPU] batch #18900 | GPU hashes: 4954521600 | near-miss GPU best: 30 bits | ~9.8 MH/s
[C69-GPU] batch #19000 | GPU hashes: 4980736000 | near-miss GPU best: 30 bits | ~9.8 MH/s
[C88-GPU-FIX] Near-miss GPU nonce=2859504234 best=23 bits (target_bits=20) — minage continue (PAS un bloc valide)
[C69-GPU] batch #19100 | GPU hashes: 5006950400 | near-miss GPU best: 30 bits | ~9.8 MH/s
[C69-GPU] batch #19200 | GPU hashes: 5033164800 | near-miss GPU best: 30 bits | ~9.8 MH/s
[BTC_QM] elapsed=520.2s hashes=5381499916 hashrate=10.35MH/s best_leading=33 best_nonce=1546911744 nx48_delta=86.62
[C88-GPU-FIX] Near-miss GPU nonce=2898874390 best=21 bits (target_bits=20) — minage continue (PAS un bloc valide)
[C69-GPU] batch #19300 | GPU hashes: 5059379200 | near-miss GPU best: 30 bits | ~9.8 MH/s
[C69-GPU] batch #19400 | GPU hashes: 5085593600 | near-miss GPU best: 30 bits | ~9.8 MH/s
[C88-GPU-FIX] Near-miss GPU nonce=2964324539 best=24 bits (target_bits=20) — minage continue (PAS un bloc valide)
[C69-GPU] batch #19500 | GPU hashes: 5111808000 | near-miss GPU best: 30 bits | ~9.8 MH/s
[BTC_QM] elapsed=530.2s hashes=5485792780 hashrate=10.35MH/s best_leading=33 best_nonce=1546911744 nx48_delta=90.60
[C69-GPU] batch #19600 | GPU hashes: 5138022400 | near-miss GPU best: 30 bits | ~9.8 MH/s
[C88-GPU-FIX] Near-miss GPU nonce=3003705427 best=20 bits (target_bits=20) — minage continue (PAS un bloc valide)
[C69-GPU] batch #19700 | GPU hashes: 5164236800 | near-miss GPU best: 30 bits | ~9.8 MH/s
[C69-GPU] batch #19800 | GPU hashes: 5190451200 | near-miss GPU best: 30 bits | ~9.8 MH/s
[C69-GPU] batch #19900 | GPU hashes: 5216665600 | near-miss GPU best: 30 bits | ~9.8 MH/s
[C88-GPU-FIX] Near-miss GPU nonce=3082200081 best=21 bits (target_bits=20) — minage continue (PAS un bloc valide)
[BTC_QM] elapsed=540.2s hashes=5592569356 hashrate=10.35MH/s best_leading=33 best_nonce=1546911744 nx48_delta=92.88
[C88-GPU-FIX] Near-miss GPU nonce=3095362197 best=21 bits (target_bits=20) — minage continue (PAS un bloc valide)
[C69-GPU] batch #20000 | GPU hashes: 5242880000 | near-miss GPU best: 30 bits | ~9.8 MH/s
[C88-GPU-FIX] Near-miss GPU nonce=3121585118 best=20 bits (target_bits=20) — minage continue (PAS un bloc valide)
[C69-GPU] batch #20100 | GPU hashes: 5269094400 | near-miss GPU best: 30 bits | ~9.8 MH/s
[C69-GPU] batch #20200 | GPU hashes: 5295308800 | near-miss GPU best: 30 bits | ~9.8 MH/s
[C69-GPU] batch #20300 | GPU hashes: 5321523200 | near-miss GPU best: 30 bits | ~9.8 MH/s
[BTC_QM] elapsed=550.2s hashes=5696875532 hashrate=10.35MH/s best_leading=33 best_nonce=1546911744 nx48_delta=90.36
[C69-GPU] batch #20400 | GPU hashes: 5347737600 | near-miss GPU best: 30 bits | ~9.8 MH/s
[C69-GPU] batch #20500 | GPU hashes: 5373952000 | near-miss GPU best: 30 bits | ~9.8 MH/s
[C69-GPU] batch #20600 | GPU hashes: 5400166400 | near-miss GPU best: 30 bits | ~9.8 MH/s
[C69-GPU] batch #20700 | GPU hashes: 5426380800 | near-miss GPU best: 30 bits | ~9.8 MH/s
[BTC_QM] elapsed=560.2s hashes=5802763276 hashrate=10.36MH/s best_leading=33 best_nonce=1546911744 nx48_delta=116.47
[C88-GPU-FIX] Near-miss GPU nonce=3291857686 best=21 bits (target_bits=20) — minage continue (PAS un bloc valide)
[C69-GPU] batch #20800 | GPU hashes: 5452595200 | near-miss GPU best: 30 bits | ~9.8 MH/s
[C69-GPU] batch #20900 | GPU hashes: 5478809600 | near-miss GPU best: 30 bits | ~9.8 MH/s
[C69-GPU] batch #21000 | GPU hashes: 5505024000 | near-miss GPU best: 30 bits | ~9.8 MH/s
[C69-GPU] batch #21100 | GPU hashes: 5531238400 | near-miss GPU best: 30 bits | ~9.8 MH/s
[BTC_QM] elapsed=570.2s hashes=5905574412 hashrate=10.36MH/s best_leading=33 best_nonce=1546911744 nx48_delta=114.99
[C88-GPU-FIX] Near-miss GPU nonce=3396960689 best=21 bits (target_bits=20) — minage continue (PAS un bloc valide)
[C69-GPU] batch #21200 | GPU hashes: 5557452800 | near-miss GPU best: 30 bits | ~9.8 MH/s
[C88-GPU-FIX] Near-miss GPU nonce=3436092663 best=20 bits (target_bits=20) — minage continue (PAS un bloc valide)
[C69-GPU] batch #21300 | GPU hashes: 5583667200 | near-miss GPU best: 30 bits | ~9.8 MH/s
[C69-GPU] batch #21400 | GPU hashes: 5609881600 | near-miss GPU best: 30 bits | ~9.8 MH/s
[BTC_QM] elapsed=580.2s hashes=6008558092 hashrate=10.36MH/s best_leading=33 best_nonce=1546911744 nx48_delta=126.07
[C69-GPU] batch #21500 | GPU hashes: 5636096000 | near-miss GPU best: 30 bits | ~9.8 MH/s
[C88-GPU-FIX] Near-miss GPU nonce=3501665651 best=21 bits (target_bits=20) — minage continue (PAS un bloc valide)
[C88-GPU-FIX] Near-miss GPU nonce=3514925824 best=20 bits (target_bits=20) — minage continue (PAS un bloc valide)
[C69-GPU] batch #21600 | GPU hashes: 5662310400 | near-miss GPU best: 30 bits | ~9.8 MH/s
[C88-GPU-FIX] Near-miss GPU nonce=3541120986 best=21 bits (target_bits=20) — minage continue (PAS un bloc valide)
[C69-GPU] batch #21700 | GPU hashes: 5688524800 | near-miss GPU best: 30 bits | ~9.8 MH/s
[C69-GPU] batch #21800 | GPU hashes: 5714739200 | near-miss GPU best: 30 bits | ~9.8 MH/s
[BTC_QM] elapsed=590.2s hashes=6112227340 hashrate=10.36MH/s best_leading=33 best_nonce=1546911744 nx48_delta=144.63
[C69-GPU] batch #21900 | GPU hashes: 5740953600 | near-miss GPU best: 30 bits | ~9.8 MH/s
[C69-GPU] batch #22000 | GPU hashes: 5767168000 | near-miss GPU best: 30 bits | ~9.8 MH/s
[C69-GPU] batch #22100 | GPU hashes: 5793382400 | near-miss GPU best: 30 bits | ~9.8 MH/s
[C69-GPU] batch #22200 | GPU hashes: 5819596800 | near-miss GPU best: 30 bits | ~9.8 MH/s
[C69-GPU] Thread GPU termine | Total GPU hashes: 5820907520 | Best GPU near-miss: 30 bits
[OCL] Ressources libérées
[BTC_QM] === RÉSULTATS FINAUX ===
[BTC_QM] Total hashes : 6214120972
[BTC_QM] Durée        : 600.02 s
[BTC_QM] Hashrate     : 10.36 MH/s
[BTC_QM] Best leading : 33 bits
[BTC_QM] Best nonce   : 1546911744
[BTC_QM] Bloc valide  : non
[LUMVORAX] Nano ring flushed: 4096 entrées → logs/forensic/nano/nano_ring_7840175024710.csv
[C42-WATCHDOG] 🏁 Run terminé — RAM finale: 1649MB

[BTC_QM] Module 17 terminé — résultat=0
[BTC_QM] Sauvegarde NX48 → config/btc_nx48_last.csv
[C110-OPT] reasoning_trace sauvegardée → /home/lvx/LVX/lumvorax2/src/advanced_calculations/bitcoin_quantum_mining/logs/forensic/modules/btc_reasoning_trace_c112_ub_1777381553.json (0 noeuds)
[C110-OPT] async_logger : 2 entries totales, 0 dropped
[C112-LUM] mem snapshot final → /home/lvx/LVX/lumvorax2/src/advanced_calculations/bitcoin_quantum_mining/logs/forensic/modules/btc_mem_final_c112_ub_1777381553.lum (16479 lums, 16479 pages, 67497984 octets)
[C112-LUM] lum_log_writer fermé proprement (fsync OK).
Rapport résumé généré: logs/forensic/sessions/summary_7840179573594.txt
[ULTRA_FORENSIC] Système de logging forensique arrêté proprement
