[LUMVORAX] init_lum: log_run=/home/lvx/LVX/lumvorax2/src/advanced_calculations/bitcoin_quantum_mining/logs/forensic/modules/btc_qm_engine_forensic_c112_ub_1777390366.log ACTIF v3.0 (FD_PERSISTANT=ON)
[ULTRA_FORENSIC] Système de logging forensique v3.0 initialisé
[C110-OPT] reasoning_path_tracker actif → trace par décision NX48 ✓
[C110-OPT] async_logger actif → /home/lvx/LVX/lumvorax2/src/advanced_calculations/bitcoin_quantum_mining/logs/forensic/modules/btc_async_log_c112_ub_1777390366.log ✓
[C112-LUM] lum_log_encoder actif → /home/lvx/LVX/lumvorax2/src/advanced_calculations/bitcoin_quantum_mining/logs/forensic/modules/btc_lum_log_c112_ub_1777390366.lum ✓
[C112-LUM] mem snapshot baseline → /home/lvx/LVX/lumvorax2/src/advanced_calculations/bitcoin_quantum_mining/logs/forensic/modules/btc_mem_baseline_c112_ub_1777390366.lum (20521 lums, 20521 pages, 84054016 octets, 296290768 ns)

╔══════════════════════════════════════════════════════════╗
║  LumVorax — Module 17 — Bitcoin Quantum Mining Engine   ║
║  Version : 1.0.0-C43 | Standard : STANDARD_NAMES v4.2  ║
║  C43 : NX48 dual-neuron, POW candidate export           ║
║  C43 : module bridge advisory + chain validator         ║
╚══════════════════════════════════════════════════════════╝
[BTC_QM] run_id    = c112_ub_1777390366
[BTC_QM] mode      = MAINNET
[BTC_QM] threads   = 16
[BTC_QM] duration  = 1200 s
[BTC_QM] nx48 csv  = config/btc_nx48_last.csv
[BTC_QM] log dir   = /home/lvx/LVX/lumvorax2/src/advanced_calculations/bitcoin_quantum_mining/logs/forensic
[BTC_QM] bits      = 0x1d00ffff
[BTC_QM] target    = 000000000000000000000000000000000000000000000000000000ffff000000
[NX48-LUM] Chargé : update=333 best=31 bits exploration=0.910 delta=142.53 [header-bound]
[NX48-QDPR] Feedback C62 : success=66.5% bits=24 rt=11.0s
[NX48-HW] CPU:8 threads AVX:1 (AVX2) SHA-NI:0 | GPU-OpenCL:Intel(R) UHD Graphics 620 DRI:1 | RAM:2840MB
[NX48-HW] Binaire compilé AVEC : AVX2+SSE +FMA | gcc auto-vectorise SHA-256 dès maintenant
[NX48-INIT] C61 — 8 sous-neurones × 2 | exploration_bias=0.91 | LUM=chargé
[BTC_QM] NX48_BTC C61 initialisé — update_count=333 best_leading=31
[BTC_QM] NX48 architecture C61 : 2 neurones × 8 sous-neurones = 16 total
[BTC_QM] NX48 contrôle : threads=16 | T_hot=1.0 | T_cold=1.0 | GPU=Intel(R) UHD Graphics 620
[BTC_QM] NX48 exploration_bias=0.910 | delta_nonce=142.53 | AVX=1
[BTC_QM] Test intégrité SHA-256 (NIST)… OK ✓
[BTC_QM] Wallet FIXE chargé depuis secrets (BTC_WALLET_PRIV_HEX) ✓

╔═══════════════════════════════════════════════════════════╗
║        LumVorax — Wallet Bitcoin RÉEL                    ║
╠═══════════════════════════════════════════════════════════╣
║ Réseau      : MAINNET                                       ║
║ run_id      : c112_ub_1777390366                            ║
╠═══════════════════════════════════════════════════════════╣
║ Adresse P2PKH   : 1YkQrHMbvBbYvCR1jcQAxjMj4bzibiK8C         ║
║ Adresse Bech32  : bc1qqcqjrasuyv70glgeugl56nstsshp99c5tek3s6║
╠═══════════════════════════════════════════════════════════╣
║ Clé privée (hex): 7ac9fe93...(masquée)                     ║
║ WIF compressé   : L1LPxrfeLvFuYLYjZcXb9dJNhRdzW2zBx7hjrtnQrUjpTqjPoxv7║
╠═══════════════════════════════════════════════════════════╣
║ HASH160 (hex)   : 060121f61c233cf47d19e23f4d4e0b842e129714  ║
╚═══════════════════════════════════════════════════════════╝
[BTC_QM] Wallet sauvegardé → /home/lvx/LVX/lumvorax2/src/advanced_calculations/bitcoin_quantum_mining/logs/forensic/wallet_c112_ub_1777390366.json
[BTC_QM] Lancement du moteur PT-MC…
[OCL] GPU trouvé : Intel(R) UHD Graphics 620 (plateforme: Intel(R) OpenCL Graphics)
[OCL] → Sélectionné : Intel(R) UHD Graphics 620
[OCL] max_wg=256 max_items=256 gmem=6715 MB batch=262144
[OCL] ✅ OpenCL initialisé — batch=262144 — cible: 50-200 MH/s
[OCL] Benchmark : 9.13 MH/s (batch=262144, t=0.029s)
[C42-WATCHDOG] 🟢 RAM disponible au démarrage: 2840MB
[C100-ALLTIME] seed best_lz_alltime=31 nonce=4235198464 upd_count=14 (historique préservé)
[C65-GPU-EARLY] ✅ GPU OpenCL activé AVANT moteur PT-MC : Intel(R) UHD Graphics 620
[C69-GPU] Thread GPU lance en parallele de 16 threads CPU
[C69-GPU] Pour valider GPU reel : chercher log '[C69-GPU] ===== THREAD GPU ACTIF'
[C69-GPU] ===== THREAD GPU ACTIF — btc_opencl_mine_batch() APPELEE =====
[C69-GPU] Hashrate GPU mesure (benchmark) : 9.13 MH/s
[C69-GPU] Target near-miss : 20 bits | Batch : 262144 nonces/dispatch
[C69-GPU] batch #100 | GPU hashes: 26214400 | near-miss GPU best: 26 bits | ~9.1 MH/s
[C69-GPU] batch #200 | GPU hashes: 52428800 | near-miss GPU best: 26 bits | ~9.1 MH/s
[C69-GPU] batch #300 | GPU hashes: 78643200 | near-miss GPU best: 26 bits | ~9.1 MH/s
[C69-GPU] batch #400 | GPU hashes: 104857600 | near-miss GPU best: 26 bits | ~9.1 MH/s
[BTC_QM] elapsed=10.0s hashes=131752448 hashrate=13.16MH/s best_leading=31 best_nonce=4235198464 nx48_delta=153.54
[C69-GPU] batch #500 | GPU hashes: 131072000 | near-miss GPU best: 26 bits | ~9.1 MH/s
[C69-GPU] batch #600 | GPU hashes: 157286400 | near-miss GPU best: 26 bits | ~9.1 MH/s
[C88-GPU-FIX] Near-miss GPU nonce=170199715 best=21 bits (target_bits=20) — minage continue (PAS un bloc valide)
[C69-GPU] batch #700 | GPU hashes: 183500800 | near-miss GPU best: 26 bits | ~9.1 MH/s
[C69-GPU] batch #800 | GPU hashes: 209715200 | near-miss GPU best: 26 bits | ~9.1 MH/s
[BTC_QM] elapsed=20.0s hashes=250628608 hashrate=12.52MH/s best_leading=31 best_nonce=4235198464 nx48_delta=191.24
[C69-GPU] batch #900 | GPU hashes: 235929600 | near-miss GPU best: 26 bits | ~9.1 MH/s
[C69-GPU] batch #1000 | GPU hashes: 262144000 | near-miss GPU best: 26 bits | ~9.1 MH/s
[C88-GPU-FIX] Near-miss GPU nonce=275052490 best=21 bits (target_bits=20) — minage continue (PAS un bloc valide)
[C88-GPU-FIX] Near-miss GPU nonce=288272458 best=22 bits (target_bits=20) — minage continue (PAS un bloc valide)
[C69-GPU] batch #1100 | GPU hashes: 288358400 | near-miss GPU best: 26 bits | ~9.1 MH/s
[C69-GPU] batch #1200 | GPU hashes: 314572800 | near-miss GPU best: 26 bits | ~9.1 MH/s
[BTC_QM] elapsed=30.0s hashes=357857792 hashrate=11.92MH/s best_leading=31 best_nonce=4235198464 nx48_delta=221.28
[C88-GPU-FIX] Near-miss GPU nonce=340559099 best=21 bits (target_bits=20) — minage continue (PAS un bloc valide)
[C69-GPU] batch #1300 | GPU hashes: 340787200 | near-miss GPU best: 26 bits | ~9.1 MH/s
[C88-GPU-FIX] Near-miss GPU nonce=366816867 best=22 bits (target_bits=20) — minage continue (PAS un bloc valide)
[C69-GPU] batch #1400 | GPU hashes: 367001600 | near-miss GPU best: 26 bits | ~9.1 MH/s
[C88-GPU-FIX] Near-miss GPU nonce=379963106 best=21 bits (target_bits=20) — minage continue (PAS un bloc valide)
[C88-GPU-FIX] Near-miss GPU nonce=393133993 best=21 bits (target_bits=20) — minage continue (PAS un bloc valide)
[C69-GPU] batch #1500 | GPU hashes: 393216000 | near-miss GPU best: 27 bits | ~9.1 MH/s
[C69-GPU] batch #1600 | GPU hashes: 419430400 | near-miss GPU best: 28 bits | ~9.1 MH/s
[BTC_QM] elapsed=40.0s hashes=464842752 hashrate=11.61MH/s best_leading=31 best_nonce=4235198464 nx48_delta=265.81
[C69-GPU] batch #1700 | GPU hashes: 445644800 | near-miss GPU best: 28 bits | ~9.1 MH/s
[C69-GPU] batch #1800 | GPU hashes: 471859200 | near-miss GPU best: 28 bits | ~9.1 MH/s
[C88-GPU-FIX] Near-miss GPU nonce=484825964 best=20 bits (target_bits=20) — minage continue (PAS un bloc valide)
[C88-GPU-FIX] Near-miss GPU nonce=498033345 best=21 bits (target_bits=20) — minage continue (PAS un bloc valide)
[C69-GPU] batch #1900 | GPU hashes: 498073600 | near-miss GPU best: 29 bits | ~9.1 MH/s
[C69-GPU] batch #2000 | GPU hashes: 524288000 | near-miss GPU best: 29 bits | ~9.1 MH/s
[BTC_QM] elapsed=50.0s hashes=572100608 hashrate=11.43MH/s best_leading=31 best_nonce=4235198464 nx48_delta=355.09
[C69-GPU] batch #2100 | GPU hashes: 550502400 | near-miss GPU best: 29 bits | ~9.1 MH/s
[C69-GPU] batch #2200 | GPU hashes: 576716800 | near-miss GPU best: 29 bits | ~9.1 MH/s
[C69-GPU] batch #2300 | GPU hashes: 602931200 | near-miss GPU best: 29 bits | ~9.1 MH/s
[C69-GPU] batch #2400 | GPU hashes: 629145600 | near-miss GPU best: 29 bits | ~9.1 MH/s
[BTC_QM] elapsed=60.1s hashes=678014464 hashrate=11.29MH/s best_leading=31 best_nonce=4235198464 nx48_delta=377.19
[C69-GPU] batch #2500 | GPU hashes: 655360000 | near-miss GPU best: 29 bits | ~9.1 MH/s
[C88-GPU-FIX] Near-miss GPU nonce=681430296 best=21 bits (target_bits=20) — minage continue (PAS un bloc valide)
[C69-GPU] batch #2600 | GPU hashes: 681574400 | near-miss GPU best: 29 bits | ~9.1 MH/s
[C69-GPU] batch #2700 | GPU hashes: 707788800 | near-miss GPU best: 29 bits | ~9.1 MH/s
[C69-GPU] batch #2800 | GPU hashes: 734003200 | near-miss GPU best: 29 bits | ~9.1 MH/s
[BTC_QM] elapsed=70.1s hashes=784910848 hashrate=11.20MH/s best_leading=31 best_nonce=4235198464 nx48_delta=387.20
[C88-GPU-FIX] Near-miss GPU nonce=760097892 best=21 bits (target_bits=20) — minage continue (PAS un bloc valide)
[C69-GPU] batch #2900 | GPU hashes: 760217600 | near-miss GPU best: 29 bits | ~9.1 MH/s
[C69-GPU] batch #3000 | GPU hashes: 786432000 | near-miss GPU best: 29 bits | ~9.1 MH/s
[C69-GPU] batch #3100 | GPU hashes: 812646400 | near-miss GPU best: 29 bits | ~9.1 MH/s
[BTC_QM] elapsed=80.1s hashes=893143040 hashrate=11.16MH/s best_leading=31 best_nonce=828950020 nx48_delta=488.90
[C69-GPU] batch #3200 | GPU hashes: 838860800 | near-miss GPU best: 31 bits | ~9.1 MH/s
[LUMVORAX:ANOMALY] module=btc_qm_engine desc=btc_nx48_delta_cap_500 val=500.000000 src=src/nx48_btc_controller.c:896
[LUMVORAX:ANOMALY] module=btc_qm_engine desc=btc_nx48_delta_reset_stall_c62 val=12.993006 src=src/nx48_btc_controller.c:984
[NX48-C62] Reset delta_nonce 500.0->12.993 (stall_long=40 cap500_plateau)
[C88-GPU-FIX] Near-miss GPU nonce=864828474 best=21 bits (target_bits=20) — minage continue (PAS un bloc valide)
[C69-GPU] batch #3300 | GPU hashes: 865075200 | near-miss GPU best: 31 bits | ~9.1 MH/s
[C69-GPU] batch #3400 | GPU hashes: 891289600 | near-miss GPU best: 31 bits | ~9.1 MH/s
[C69-GPU] batch #3500 | GPU hashes: 917504000 | near-miss GPU best: 31 bits | ~9.1 MH/s
[C88-GPU-FIX] Near-miss GPU nonce=930471070 best=21 bits (target_bits=20) — minage continue (PAS un bloc valide)
[BTC_QM] elapsed=90.1s hashes=997990917 hashrate=11.08MH/s best_leading=31 best_nonce=839857257 nx48_delta=12.45
[C69-GPU] batch #3600 | GPU hashes: 943718400 | near-miss GPU best: 31 bits | ~9.1 MH/s
[C88-GPU-FIX] Near-miss GPU nonce=956819859 best=22 bits (target_bits=20) — minage continue (PAS un bloc valide)
[C69-GPU] batch #3700 | GPU hashes: 969932800 | near-miss GPU best: 31 bits | ~9.1 MH/s
[C88-GPU-FIX] Near-miss GPU nonce=982820276 best=20 bits (target_bits=20) — minage continue (PAS un bloc valide)
[C69-GPU] batch #3800 | GPU hashes: 996147200 | near-miss GPU best: 31 bits | ~9.1 MH/s
[C69-GPU] batch #3900 | GPU hashes: 1022361600 | near-miss GPU best: 31 bits | ~9.1 MH/s
[BTC_QM] elapsed=100.1s hashes=1101882885 hashrate=11.01MH/s best_leading=31 best_nonce=839857257 nx48_delta=13.54
[C69-GPU] batch #4000 | GPU hashes: 1048576000 | near-miss GPU best: 31 bits | ~9.1 MH/s
[C69-GPU] batch #4100 | GPU hashes: 1074790400 | near-miss GPU best: 31 bits | ~9.1 MH/s
[C88-GPU-FIX] Near-miss GPU nonce=1087769628 best=23 bits (target_bits=20) — minage continue (PAS un bloc valide)
[C88-GPU-FIX] Near-miss GPU nonce=1100991159 best=21 bits (target_bits=20) — minage continue (PAS un bloc valide)
[C69-GPU] batch #4200 | GPU hashes: 1101004800 | near-miss GPU best: 31 bits | ~9.1 MH/s
[C69-GPU] batch #4300 | GPU hashes: 1127219200 | near-miss GPU best: 31 bits | ~9.1 MH/s
[BTC_QM] elapsed=110.1s hashes=1203261445 hashrate=10.93MH/s best_leading=31 best_nonce=839857257 nx48_delta=12.93
[C69-GPU] batch #4400 | GPU hashes: 1153433600 | near-miss GPU best: 31 bits | ~9.1 MH/s
[C88-GPU-FIX] Near-miss GPU nonce=1166472861 best=22 bits (target_bits=20) — minage continue (PAS un bloc valide)
[C88-GPU-FIX] Near-miss GPU nonce=1179644256 best=20 bits (target_bits=20) — minage continue (PAS un bloc valide)
[C69-GPU] batch #4500 | GPU hashes: 1179648000 | near-miss GPU best: 31 bits | ~9.1 MH/s
[C88-GPU-FIX] Near-miss GPU nonce=1192624916 best=20 bits (target_bits=20) — minage continue (PAS un bloc valide)
[C88-GPU-FIX] Near-miss GPU nonce=1205811747 best=20 bits (target_bits=20) — minage continue (PAS un bloc valide)
[C69-GPU] batch #4600 | GPU hashes: 1205862400 | near-miss GPU best: 31 bits | ~9.1 MH/s
[BTC_QM] elapsed=120.1s hashes=1302504453 hashrate=10.85MH/s best_leading=31 best_nonce=839857257 nx48_delta=15.66
[C69-GPU] batch #4700 | GPU hashes: 1232076800 | near-miss GPU best: 31 bits | ~9.1 MH/s
[C69-GPU] batch #4800 | GPU hashes: 1258291200 | near-miss GPU best: 31 bits | ~9.1 MH/s
[C88-GPU-FIX] Near-miss GPU nonce=1271158294 best=21 bits (target_bits=20) — minage continue (PAS un bloc valide)
[C69-GPU] batch #4900 | GPU hashes: 1284505600 | near-miss GPU best: 31 bits | ~9.1 MH/s
[C69-GPU] batch #5000 | GPU hashes: 1310720000 | near-miss GPU best: 31 bits | ~9.1 MH/s
[BTC_QM] elapsed=130.1s hashes=1399980037 hashrate=10.76MH/s best_leading=31 best_nonce=839857257 nx48_delta=17.87
[C88-GPU-FIX] Near-miss GPU nonce=1323583841 best=21 bits (target_bits=20) — minage continue (PAS un bloc valide)
[C88-GPU-FIX] Near-miss GPU nonce=1336718380 best=20 bits (target_bits=20) — minage continue (PAS un bloc valide)
[C69-GPU] batch #5100 | GPU hashes: 1336934400 | near-miss GPU best: 31 bits | ~9.1 MH/s
[C88-GPU-FIX] Near-miss GPU nonce=1363080423 best=21 bits (target_bits=20) — minage continue (PAS un bloc valide)
[C69-GPU] batch #5200 | GPU hashes: 1363148800 | near-miss GPU best: 31 bits | ~9.1 MH/s
[C88-GPU-FIX] Near-miss GPU nonce=1376022896 best=23 bits (target_bits=20) — minage continue (PAS un bloc valide)
[C69-GPU] batch #5300 | GPU hashes: 1389363200 | near-miss GPU best: 31 bits | ~9.1 MH/s
[C88-GPU-FIX] Near-miss GPU nonce=1402465038 best=21 bits (target_bits=20) — minage continue (PAS un bloc valide)
[BTC_QM] elapsed=140.1s hashes=1496185861 hashrate=10.68MH/s best_leading=31 best_nonce=839857257 nx48_delta=18.45
[C69-GPU] batch #5400 | GPU hashes: 1415577600 | near-miss GPU best: 31 bits | ~9.1 MH/s
[C88-GPU-FIX] Near-miss GPU nonce=1441632001 best=21 bits (target_bits=20) — minage continue (PAS un bloc valide)
[C69-GPU] batch #5500 | GPU hashes: 1441792000 | near-miss GPU best: 31 bits | ~9.1 MH/s
[C69-GPU] batch #5600 | GPU hashes: 1468006400 | near-miss GPU best: 31 bits | ~9.1 MH/s
[C69-GPU] batch #5700 | GPU hashes: 1494220800 | near-miss GPU best: 31 bits | ~9.1 MH/s
[BTC_QM] elapsed=150.2s hashes=1594811397 hashrate=10.62MH/s best_leading=31 best_nonce=839857257 nx48_delta=23.89
[C88-GPU-FIX] Near-miss GPU nonce=1520218576 best=20 bits (target_bits=20) — minage continue (PAS un bloc valide)
[C69-GPU] batch #5800 | GPU hashes: 1520435200 | near-miss GPU best: 31 bits | ~9.1 MH/s
[C69-GPU] batch #5900 | GPU hashes: 1546649600 | near-miss GPU best: 31 bits | ~9.1 MH/s
[C69-GPU] batch #6000 | GPU hashes: 1572864000 | near-miss GPU best: 31 bits | ~9.1 MH/s
[BTC_QM] elapsed=160.2s hashes=1692017669 hashrate=10.56MH/s best_leading=31 best_nonce=839857257 nx48_delta=24.28
[C69-GPU] batch #6100 | GPU hashes: 1599078400 | near-miss GPU best: 31 bits | ~9.1 MH/s
[C69-GPU] batch #6200 | GPU hashes: 1625292800 | near-miss GPU best: 31 bits | ~9.1 MH/s
[C69-GPU] batch #6300 | GPU hashes: 1651507200 | near-miss GPU best: 31 bits | ~9.1 MH/s
[C69-GPU] batch #6400 | GPU hashes: 1677721600 | near-miss GPU best: 31 bits | ~9.1 MH/s
[BTC_QM] elapsed=170.2s hashes=1790103557 hashrate=10.52MH/s best_leading=31 best_nonce=839857257 nx48_delta=28.32
[C69-GPU] batch #6500 | GPU hashes: 1703936000 | near-miss GPU best: 31 bits | ~9.1 MH/s
[C88-GPU-FIX] Near-miss GPU nonce=1729911160 best=20 bits (target_bits=20) — minage continue (PAS un bloc valide)
[C69-GPU] batch #6600 | GPU hashes: 1730150400 | near-miss GPU best: 31 bits | ~9.1 MH/s
[C69-GPU] batch #6700 | GPU hashes: 1756364800 | near-miss GPU best: 31 bits | ~9.1 MH/s
[C88-GPU-FIX] Near-miss GPU nonce=1769321390 best=20 bits (target_bits=20) — minage continue (PAS un bloc valide)
[BTC_QM] elapsed=180.2s hashes=1888175109 hashrate=10.48MH/s best_leading=31 best_nonce=839857257 nx48_delta=26.74
[C69-GPU] batch #6800 | GPU hashes: 1782579200 | near-miss GPU best: 31 bits | ~9.1 MH/s
[C69-GPU] batch #6900 | GPU hashes: 1808793600 | near-miss GPU best: 31 bits | ~9.1 MH/s
[C69-GPU] batch #7000 | GPU hashes: 1835008000 | near-miss GPU best: 31 bits | ~9.1 MH/s
[C69-GPU] batch #7100 | GPU hashes: 1861222400 | near-miss GPU best: 31 bits | ~9.1 MH/s
[BTC_QM] elapsed=190.2s hashes=1983495173 hashrate=10.43MH/s best_leading=31 best_nonce=839857257 nx48_delta=37.57
[C88-GPU-FIX] Near-miss GPU nonce=1874163998 best=21 bits (target_bits=20) — minage continue (PAS un bloc valide)
[C69-GPU] batch #7200 | GPU hashes: 1887436800 | near-miss GPU best: 31 bits | ~9.1 MH/s
[C88-GPU-FIX] Near-miss GPU nonce=1900451325 best=22 bits (target_bits=20) — minage continue (PAS un bloc valide)
[C69-GPU] batch #7300 | GPU hashes: 1913651200 | near-miss GPU best: 31 bits | ~9.1 MH/s
[C88-GPU-FIX] Near-miss GPU nonce=1939660027 best=23 bits (target_bits=20) — minage continue (PAS un bloc valide)
[C69-GPU] batch #7400 | GPU hashes: 1939865600 | near-miss GPU best: 31 bits | ~9.1 MH/s
[BTC_QM] elapsed=200.2s hashes=2080186373 hashrate=10.39MH/s best_leading=31 best_nonce=839857257 nx48_delta=44.76
[C69-GPU] batch #7500 | GPU hashes: 1966080000 | near-miss GPU best: 31 bits | ~9.1 MH/s
[C69-GPU] batch #7600 | GPU hashes: 1992294400 | near-miss GPU best: 31 bits | ~9.1 MH/s
[C88-GPU-FIX] Near-miss GPU nonce=2018449224 best=20 bits (target_bits=20) — minage continue (PAS un bloc valide)
[C69-GPU] batch #7700 | GPU hashes: 2018508800 | near-miss GPU best: 31 bits | ~9.1 MH/s
[C69-GPU] batch #7800 | GPU hashes: 2044723200 | near-miss GPU best: 31 bits | ~9.1 MH/s
[BTC_QM] elapsed=210.2s hashes=2177149957 hashrate=10.36MH/s best_leading=31 best_nonce=839857257 nx48_delta=48.41
[C69-GPU] batch #7900 | GPU hashes: 2070937600 | near-miss GPU best: 31 bits | ~9.1 MH/s
[C69-GPU] batch #8000 | GPU hashes: 2097152000 | near-miss GPU best: 31 bits | ~9.1 MH/s
[C88-GPU-FIX] Near-miss GPU nonce=2110046478 best=21 bits (target_bits=20) — minage continue (PAS un bloc valide)
[C88-GPU-FIX] Near-miss GPU nonce=2123265629 best=22 bits (target_bits=20) — minage continue (PAS un bloc valide)
[C69-GPU] batch #8100 | GPU hashes: 2123366400 | near-miss GPU best: 31 bits | ~9.1 MH/s
[C88-GPU-FIX] Near-miss GPU nonce=2136397791 best=21 bits (target_bits=20) — minage continue (PAS un bloc valide)
[BTC_QM] elapsed=220.3s hashes=2274643973 hashrate=10.33MH/s best_leading=31 best_nonce=839857257 nx48_delta=59.01
[C69-GPU] batch #8200 | GPU hashes: 2149580800 | near-miss GPU best: 31 bits | ~9.1 MH/s
[C69-GPU] batch #8300 | GPU hashes: 2175795200 | near-miss GPU best: 31 bits | ~9.1 MH/s
[C88-GPU-FIX] Near-miss GPU nonce=2201992536 best=20 bits (target_bits=20) — minage continue (PAS un bloc valide)
[C69-GPU] batch #8400 | GPU hashes: 2202009600 | near-miss GPU best: 31 bits | ~9.1 MH/s
[C69-GPU] batch #8500 | GPU hashes: 2228224000 | near-miss GPU best: 31 bits | ~9.1 MH/s
[BTC_QM] elapsed=230.3s hashes=2371605509 hashrate=10.30MH/s best_leading=31 best_nonce=839857257 nx48_delta=66.17
[C88-GPU-FIX] Near-miss GPU nonce=2241240726 best=20 bits (target_bits=20) — minage continue (PAS un bloc valide)
[C69-GPU] batch #8600 | GPU hashes: 2254438400 | near-miss GPU best: 31 bits | ~9.1 MH/s
[C69-GPU] batch #8700 | GPU hashes: 2280652800 | near-miss GPU best: 31 bits | ~9.1 MH/s
[C69-GPU] batch #8800 | GPU hashes: 2306867200 | near-miss GPU best: 31 bits | ~9.1 MH/s
[BTC_QM] elapsed=240.3s hashes=2467567109 hashrate=10.27MH/s best_leading=31 best_nonce=839857257 nx48_delta=68.06
[C69-GPU] batch #8900 | GPU hashes: 2333081600 | near-miss GPU best: 31 bits | ~9.1 MH/s
[C69-GPU] batch #9000 | GPU hashes: 2359296000 | near-miss GPU best: 31 bits | ~9.1 MH/s
[C69-GPU] batch #9100 | GPU hashes: 2385510400 | near-miss GPU best: 31 bits | ~9.1 MH/s
[BTC_QM] elapsed=250.3s hashes=2558486533 hashrate=10.22MH/s best_leading=31 best_nonce=839857257 nx48_delta=83.49
[C88-GPU-FIX] Near-miss GPU nonce=2411549044 best=20 bits (target_bits=20) — minage continue (PAS un bloc valide)
[C69-GPU] batch #9200 | GPU hashes: 2411724800 | near-miss GPU best: 31 bits | ~9.1 MH/s
[C88-GPU-FIX] Near-miss GPU nonce=2424700880 best=21 bits (target_bits=20) — minage continue (PAS un bloc valide)
[C88-GPU-FIX] Near-miss GPU nonce=2437740918 best=25 bits (target_bits=20) — minage continue (PAS un bloc valide)
[C69-GPU] batch #9300 | GPU hashes: 2437939200 | near-miss GPU best: 31 bits | ~9.1 MH/s
[C88-GPU-FIX] Near-miss GPU nonce=2450926493 best=20 bits (target_bits=20) — minage continue (PAS un bloc valide)
[C69-GPU] batch #9400 | GPU hashes: 2464153600 | near-miss GPU best: 31 bits | ~9.1 MH/s
[C88-GPU-FIX] Near-miss GPU nonce=2490263282 best=20 bits (target_bits=20) — minage continue (PAS un bloc valide)
[C69-GPU] batch #9500 | GPU hashes: 2490368000 | near-miss GPU best: 31 bits | ~9.1 MH/s
[BTC_QM] elapsed=260.3s hashes=2649288197 hashrate=10.18MH/s best_leading=31 best_nonce=839857257 nx48_delta=113.08
[C88-GPU-FIX] Near-miss GPU nonce=2516515543 best=21 bits (target_bits=20) — minage continue (PAS un bloc valide)
[C69-GPU] batch #9600 | GPU hashes: 2516582400 | near-miss GPU best: 31 bits | ~9.1 MH/s
[C88-GPU-FIX] Near-miss GPU nonce=2529684653 best=21 bits (target_bits=20) — minage continue (PAS un bloc valide)
[C69-GPU] batch #9700 | GPU hashes: 2542796800 | near-miss GPU best: 31 bits | ~9.1 MH/s
[C69-GPU] batch #9800 | GPU hashes: 2569011200 | near-miss GPU best: 31 bits | ~9.1 MH/s
[BTC_QM] elapsed=270.4s hashes=2738125317 hashrate=10.13MH/s best_leading=31 best_nonce=839857257 nx48_delta=110.69
[C88-GPU-FIX] Near-miss GPU nonce=2595049846 best=21 bits (target_bits=20) — minage continue (PAS un bloc valide)
[C69-GPU] batch #9900 | GPU hashes: 2595225600 | near-miss GPU best: 31 bits | ~9.1 MH/s
[C88-GPU-FIX] Near-miss GPU nonce=2621387103 best=22 bits (target_bits=20) — minage continue (PAS un bloc valide)
[C69-GPU] batch #10000 | GPU hashes: 2621440000 | near-miss GPU best: 31 bits | ~9.1 MH/s
[C88-GPU-FIX] Near-miss GPU nonce=2634470302 best=21 bits (target_bits=20) — minage continue (PAS un bloc valide)
[C69-GPU] batch #10100 | GPU hashes: 2647654400 | near-miss GPU best: 31 bits | ~9.1 MH/s
[BTC_QM] elapsed=280.4s hashes=2830082053 hashrate=10.09MH/s best_leading=31 best_nonce=839857257 nx48_delta=124.33
[C69-GPU] batch #10200 | GPU hashes: 2673868800 | near-miss GPU best: 31 bits | ~9.1 MH/s
[C69-GPU] batch #10300 | GPU hashes: 2700083200 | near-miss GPU best: 31 bits | ~9.1 MH/s
[C88-GPU-FIX] Near-miss GPU nonce=2726242875 best=20 bits (target_bits=20) — minage continue (PAS un bloc valide)
[C69-GPU] batch #10400 | GPU hashes: 2726297600 | near-miss GPU best: 31 bits | ~9.1 MH/s
[BTC_QM] elapsed=290.4s hashes=2915905029 hashrate=10.04MH/s best_leading=31 best_nonce=839857257 nx48_delta=158.03
[C69-GPU] batch #10500 | GPU hashes: 2752512000 | near-miss GPU best: 31 bits | ~9.1 MH/s
[C88-GPU-FIX] Near-miss GPU nonce=2778602505 best=20 bits (target_bits=20) — minage continue (PAS un bloc valide)
[C69-GPU] batch #10600 | GPU hashes: 2778726400 | near-miss GPU best: 31 bits | ~9.1 MH/s
[C69-GPU] batch #10700 | GPU hashes: 2804940800 | near-miss GPU best: 31 bits | ~9.1 MH/s
[BTC_QM] elapsed=300.4s hashes=3006185477 hashrate=10.01MH/s best_leading=31 best_nonce=839857257 nx48_delta=189.61
[C69-GPU] batch #10800 | GPU hashes: 2831155200 | near-miss GPU best: 31 bits | ~9.1 MH/s
[C88-GPU-FIX] Near-miss GPU nonce=2844095411 best=20 bits (target_bits=20) — minage continue (PAS un bloc valide)
[C88-GPU-FIX] Near-miss GPU nonce=2857158245 best=21 bits (target_bits=20) — minage continue (PAS un bloc valide)
[C69-GPU] batch #10900 | GPU hashes: 2857369600 | near-miss GPU best: 31 bits | ~9.1 MH/s
[C69-GPU] batch #11000 | GPU hashes: 2883584000 | near-miss GPU best: 31 bits | ~9.1 MH/s
[C88-GPU-FIX] Near-miss GPU nonce=2909575755 best=20 bits (target_bits=20) — minage continue (PAS un bloc valide)
[C69-GPU] batch #11100 | GPU hashes: 2909798400 | near-miss GPU best: 31 bits | ~9.1 MH/s
[BTC_QM] elapsed=310.4s hashes=3103142405 hashrate=10.00MH/s best_leading=31 best_nonce=839857257 nx48_delta=181.03
[C88-GPU-FIX] Near-miss GPU nonce=2935897527 best=20 bits (target_bits=20) — minage continue (PAS un bloc valide)
[C69-GPU] batch #11200 | GPU hashes: 2936012800 | near-miss GPU best: 31 bits | ~9.1 MH/s
[C69-GPU] batch #11300 | GPU hashes: 2962227200 | near-miss GPU best: 31 bits | ~9.1 MH/s
[C88-GPU-FIX] Near-miss GPU nonce=2988280753 best=20 bits (target_bits=20) — minage continue (PAS un bloc valide)
[C69-GPU] batch #11400 | GPU hashes: 2988441600 | near-miss GPU best: 31 bits | ~9.1 MH/s
[BTC_QM] elapsed=320.4s hashes=3200884741 hashrate=9.99MH/s best_leading=31 best_nonce=839857257 nx48_delta=157.01
[C69-GPU] batch #11500 | GPU hashes: 3014656000 | near-miss GPU best: 31 bits | ~9.1 MH/s
[C69-GPU] batch #11600 | GPU hashes: 3040870400 | near-miss GPU best: 31 bits | ~9.1 MH/s
[C69-GPU] batch #11700 | GPU hashes: 3067084800 | near-miss GPU best: 31 bits | ~9.1 MH/s
[C69-GPU] batch #11800 | GPU hashes: 3093299200 | near-miss GPU best: 31 bits | ~9.1 MH/s
[BTC_QM] elapsed=330.4s hashes=3297841157 hashrate=9.98MH/s best_leading=31 best_nonce=839857257 nx48_delta=159.02
[C69-GPU] batch #11900 | GPU hashes: 3119513600 | near-miss GPU best: 31 bits | ~9.1 MH/s
[C88-GPU-FIX] Near-miss GPU nonce=3132371963 best=21 bits (target_bits=20) — minage continue (PAS un bloc valide)
[C88-GPU-FIX] Near-miss GPU nonce=3145645957 best=20 bits (target_bits=20) — minage continue (PAS un bloc valide)
[C69-GPU] batch #12000 | GPU hashes: 3145728000 | near-miss GPU best: 31 bits | ~9.1 MH/s
[C69-GPU] batch #12100 | GPU hashes: 3171942400 | near-miss GPU best: 31 bits | ~9.1 MH/s
[BTC_QM] elapsed=340.5s hashes=3395056133 hashrate=9.97MH/s best_leading=31 best_nonce=839857257 nx48_delta=204.35
[C69-GPU] batch #12200 | GPU hashes: 3198156800 | near-miss GPU best: 31 bits | ~9.1 MH/s
[C88-GPU-FIX] Near-miss GPU nonce=3224302047 best=20 bits (target_bits=20) — minage continue (PAS un bloc valide)
[C69-GPU] batch #12300 | GPU hashes: 3224371200 | near-miss GPU best: 31 bits | ~9.1 MH/s
[C69-GPU] batch #12400 | GPU hashes: 3250585600 | near-miss GPU best: 31 bits | ~9.1 MH/s
[C69-GPU] batch #12500 | GPU hashes: 3276800000 | near-miss GPU best: 31 bits | ~9.1 MH/s
[BTC_QM] elapsed=350.5s hashes=3491999237 hashrate=9.96MH/s best_leading=31 best_nonce=839857257 nx48_delta=240.13
[C69-GPU] batch #12600 | GPU hashes: 3303014400 | near-miss GPU best: 31 bits | ~9.1 MH/s
[C88-GPU-FIX] Near-miss GPU nonce=3329045627 best=21 bits (target_bits=20) — minage continue (PAS un bloc valide)
[C69-GPU] batch #12700 | GPU hashes: 3329228800 | near-miss GPU best: 31 bits | ~9.1 MH/s
[C69-GPU] batch #12800 | GPU hashes: 3355443200 | near-miss GPU best: 31 bits | ~9.1 MH/s
[BTC_QM] elapsed=360.5s hashes=3589202949 hashrate=9.96MH/s best_leading=31 best_nonce=839857257 nx48_delta=323.24
[C69-GPU] batch #12900 | GPU hashes: 3381657600 | near-miss GPU best: 31 bits | ~9.1 MH/s
[C69-GPU] batch #13000 | GPU hashes: 3407872000 | near-miss GPU best: 31 bits | ~9.1 MH/s
[C69-GPU] batch #13100 | GPU hashes: 3434086400 | near-miss GPU best: 31 bits | ~9.1 MH/s
[C69-GPU] batch #13200 | GPU hashes: 3460300800 | near-miss GPU best: 31 bits | ~9.1 MH/s
[BTC_QM] elapsed=370.5s hashes=3685885957 hashrate=9.95MH/s best_leading=31 best_nonce=839857257 nx48_delta=373.36
[C69-GPU] batch #13300 | GPU hashes: 3486515200 | near-miss GPU best: 31 bits | ~9.1 MH/s
[C88-GPU-FIX] Near-miss GPU nonce=3512654167 best=21 bits (target_bits=20) — minage continue (PAS un bloc valide)
[C69-GPU] batch #13400 | GPU hashes: 3512729600 | near-miss GPU best: 31 bits | ~9.1 MH/s
[C69-GPU] batch #13500 | GPU hashes: 3538944000 | near-miss GPU best: 31 bits | ~9.1 MH/s
[BTC_QM] elapsed=380.5s hashes=3783096837 hashrate=9.94MH/s best_leading=31 best_nonce=839857257 nx48_delta=375.64
[C69-GPU] batch #13600 | GPU hashes: 3565158400 | near-miss GPU best: 31 bits | ~9.1 MH/s
[C88-GPU-FIX] Near-miss GPU nonce=3591317932 best=20 bits (target_bits=20) — minage continue (PAS un bloc valide)
[C69-GPU] batch #13700 | GPU hashes: 3591372800 | near-miss GPU best: 31 bits | ~9.1 MH/s
[C69-GPU] batch #13800 | GPU hashes: 3617587200 | near-miss GPU best: 31 bits | ~9.1 MH/s
[C88-GPU-FIX] Near-miss GPU nonce=3630456794 best=20 bits (target_bits=20) — minage continue (PAS un bloc valide)
[C69-GPU] batch #13900 | GPU hashes: 3643801600 | near-miss GPU best: 31 bits | ~9.1 MH/s
[BTC_QM] elapsed=390.5s hashes=3880583685 hashrate=9.94MH/s best_leading=31 best_nonce=839857257 nx48_delta=500.00
[C88-GPU-FIX] Near-miss GPU nonce=3656664425 best=23 bits (target_bits=20) — minage continue (PAS un bloc valide)
[C69-GPU] batch #14000 | GPU hashes: 3670016000 | near-miss GPU best: 31 bits | ~9.1 MH/s
[LUMVORAX:ANOMALY] module=btc_qm_engine desc=btc_nx48_delta_cap_500 val=500.000000 src=src/nx48_btc_controller.c:896
[LUMVORAX:ANOMALY] module=btc_qm_engine desc=btc_nx48_delta_cap_500 val=500.000000 src=src/nx48_btc_controller.c:896
[C88-GPU-FIX] Near-miss GPU nonce=3696167739 best=21 bits (target_bits=20) — minage continue (PAS un bloc valide)
[C69-GPU] batch #14100 | GPU hashes: 3696230400 | near-miss GPU best: 31 bits | ~9.1 MH/s
[LUMVORAX:ANOMALY] module=btc_qm_engine desc=btc_nx48_delta_cap_500 val=500.000000 src=src/nx48_btc_controller.c:896
[C88-GPU-FIX] Near-miss GPU nonce=3722312708 best=20 bits (target_bits=20) — minage continue (PAS un bloc valide)
[C69-GPU] batch #14200 | GPU hashes: 3722444800 | near-miss GPU best: 31 bits | ~9.1 MH/s
[BTC_QM] elapsed=400.5s hashes=3977520645 hashrate=9.93MH/s best_leading=31 best_nonce=3657771065 nx48_delta=500.00
[LUMVORAX:ANOMALY] module=btc_qm_engine desc=btc_nx48_delta_cap_500 val=500.000000 src=src/nx48_btc_controller.c:896
[C69-GPU] batch #14300 | GPU hashes: 3748659200 | near-miss GPU best: 31 bits | ~9.1 MH/s
[LUMVORAX:ANOMALY] module=btc_qm_engine desc=btc_nx48_delta_reset_stall_c62 val=5.410062 src=src/nx48_btc_controller.c:984
[NX48-C62] Reset delta_nonce 500.0->5.410 (stall_long=200 cap500_plateau)
[C69-GPU] batch #14400 | GPU hashes: 3774873600 | near-miss GPU best: 31 bits | ~9.1 MH/s
[C69-GPU] batch #14500 | GPU hashes: 3801088000 | near-miss GPU best: 31 bits | ~9.1 MH/s
[C88-GPU-FIX] Near-miss GPU nonce=3827090148 best=20 bits (target_bits=20) — minage continue (PAS un bloc valide)
[C69-GPU] batch #14600 | GPU hashes: 3827302400 | near-miss GPU best: 31 bits | ~9.1 MH/s
[BTC_QM] elapsed=410.6s hashes=4074479626 hashrate=9.92MH/s best_leading=31 best_nonce=3657771065 nx48_delta=5.19
[C69-GPU] batch #14700 | GPU hashes: 3853516800 | near-miss GPU best: 31 bits | ~9.1 MH/s
[C69-GPU] batch #14800 | GPU hashes: 3879731200 | near-miss GPU best: 31 bits | ~9.1 MH/s
[C69-GPU] batch #14900 | GPU hashes: 3905945600 | near-miss GPU best: 31 bits | ~9.1 MH/s
[BTC_QM] elapsed=420.6s hashes=4172226570 hashrate=9.92MH/s best_leading=31 best_nonce=3657771065 nx48_delta=6.16
[C69-GPU] batch #15000 | GPU hashes: 3932160000 | near-miss GPU best: 31 bits | ~9.1 MH/s
[C69-GPU] batch #15100 | GPU hashes: 3958374400 | near-miss GPU best: 31 bits | ~9.1 MH/s
[C69-GPU] batch #15200 | GPU hashes: 3984588800 | near-miss GPU best: 31 bits | ~9.1 MH/s
[C88-GPU-FIX] Near-miss GPU nonce=3997527709 best=20 bits (target_bits=20) — minage continue (PAS un bloc valide)
[C69-GPU] batch #15300 | GPU hashes: 4010803200 | near-miss GPU best: 31 bits | ~9.1 MH/s
[BTC_QM] elapsed=430.6s hashes=4269172234 hashrate=9.91MH/s best_leading=31 best_nonce=3657771065 nx48_delta=6.56
[C69-GPU] batch #15400 | GPU hashes: 4037017600 | near-miss GPU best: 31 bits | ~9.1 MH/s
[C69-GPU] batch #15500 | GPU hashes: 4063232000 | near-miss GPU best: 31 bits | ~9.1 MH/s
[C88-GPU-FIX] Near-miss GPU nonce=4089378817 best=21 bits (target_bits=20) — minage continue (PAS un bloc valide)
[C69-GPU] batch #15600 | GPU hashes: 4089446400 | near-miss GPU best: 31 bits | ~9.1 MH/s
[BTC_QM] elapsed=440.6s hashes=4366387722 hashrate=9.91MH/s best_leading=31 best_nonce=3657771065 nx48_delta=6.95
[C69-GPU] batch #15700 | GPU hashes: 4115660800 | near-miss GPU best: 31 bits | ~9.1 MH/s
[C69-GPU] batch #15800 | GPU hashes: 4141875200 | near-miss GPU best: 31 bits | ~9.1 MH/s
[C88-GPU-FIX] Near-miss GPU nonce=4154894607 best=22 bits (target_bits=20) — minage continue (PAS un bloc valide)
[C69-GPU] batch #15900 | GPU hashes: 4168089600 | near-miss GPU best: 31 bits | ~9.1 MH/s
[C69-GPU] batch #16000 | GPU hashes: 4194304000 | near-miss GPU best: 31 bits | ~9.1 MH/s
[BTC_QM] elapsed=450.6s hashes=4463333898 hashrate=9.91MH/s best_leading=31 best_nonce=3657771065 nx48_delta=10.76
[C69-GPU] batch #16100 | GPU hashes: 4220518400 | near-miss GPU best: 31 bits | ~9.1 MH/s
[C69-GPU] batch #16200 | GPU hashes: 4246732800 | near-miss GPU best: 31 bits | ~9.1 MH/s
[C69-GPU] Nouveau record GPU : 32 bits (nonce_start=4250140672)
[C111-ALLTIME-GPU] RECORD ABSOLU GPU lz=32 nonce=4250140672 → btc_nx48_alltime.csv
[C69-GPU] batch #16300 | GPU hashes: 4272947200 | near-miss GPU best: 32 bits | ~9.1 MH/s
[C69-GPU] Nouveau record GPU : 38 bits (nonce_start=4278190080)
[C111-ALLTIME-GPU] RECORD ABSOLU GPU lz=38 nonce=4278190080 → btc_nx48_alltime.csv
[BTC_QM] elapsed=460.6s hashes=4559941642 hashrate=9.90MH/s best_leading=38 best_nonce=4278222093 nx48_delta=13.75
[C88-GPU-FIX] Near-miss GPU nonce=2151589609 best=22 bits (target_bits=20) — minage continue (PAS un bloc valide)
[C69-GPU] batch #16400 | GPU hashes: 4299161600 | near-miss GPU best: 38 bits | ~9.1 MH/s
[C69-GPU] batch #16500 | GPU hashes: 4325376000 | near-miss GPU best: 38 bits | ~9.1 MH/s
[C69-GPU] batch #16600 | GPU hashes: 4351590400 | near-miss GPU best: 38 bits | ~9.1 MH/s
[C88-GPU-FIX] Near-miss GPU nonce=2217263526 best=20 bits (target_bits=20) — minage continue (PAS un bloc valide)
[C69-GPU] batch #16700 | GPU hashes: 4377804800 | near-miss GPU best: 38 bits | ~9.1 MH/s
[BTC_QM] elapsed=470.6s hashes=4657326090 hashrate=9.90MH/s best_leading=38 best_nonce=4278222093 nx48_delta=14.81
[C69-GPU] batch #16800 | GPU hashes: 4404019200 | near-miss GPU best: 38 bits | ~9.1 MH/s
[C88-GPU-FIX] Near-miss GPU nonce=2282751107 best=20 bits (target_bits=20) — minage continue (PAS un bloc valide)
[C69-GPU] batch #16900 | GPU hashes: 4430233600 | near-miss GPU best: 38 bits | ~9.1 MH/s
[C88-GPU-FIX] Near-miss GPU nonce=2295804006 best=26 bits (target_bits=20) — minage continue (PAS un bloc valide)
[C69-GPU] batch #17000 | GPU hashes: 4456448000 | near-miss GPU best: 38 bits | ~9.1 MH/s
[BTC_QM] elapsed=480.6s hashes=4754713610 hashrate=9.89MH/s best_leading=38 best_nonce=4278222093 nx48_delta=16.21
[C69-GPU] batch #17100 | GPU hashes: 4482662400 | near-miss GPU best: 38 bits | ~9.1 MH/s
[C88-GPU-FIX] Near-miss GPU nonce=2361418642 best=20 bits (target_bits=20) — minage continue (PAS un bloc valide)
[C69-GPU] batch #17200 | GPU hashes: 4508876800 | near-miss GPU best: 38 bits | ~9.1 MH/s
[C69-GPU] batch #17300 | GPU hashes: 4535091200 | near-miss GPU best: 38 bits | ~9.1 MH/s
[C69-GPU] batch #17400 | GPU hashes: 4561305600 | near-miss GPU best: 38 bits | ~9.1 MH/s
[BTC_QM] elapsed=490.6s hashes=4851946506 hashrate=9.89MH/s best_leading=38 best_nonce=4278222093 nx48_delta=16.84
[C88-GPU-FIX] Near-miss GPU nonce=2440021068 best=22 bits (target_bits=20) — minage continue (PAS un bloc valide)
[C69-GPU] batch #17500 | GPU hashes: 4587520000 | near-miss GPU best: 38 bits | ~9.1 MH/s
[C69-GPU] batch #17600 | GPU hashes: 4613734400 | near-miss GPU best: 38 bits | ~9.1 MH/s
[C88-GPU-FIX] Near-miss GPU nonce=2492360282 best=20 bits (target_bits=20) — minage continue (PAS un bloc valide)
[C69-GPU] batch #17700 | GPU hashes: 4639948800 | near-miss GPU best: 38 bits | ~9.1 MH/s
[BTC_QM] elapsed=500.6s hashes=4948822538 hashrate=9.88MH/s best_leading=38 best_nonce=4278222093 nx48_delta=18.48
[C69-GPU] batch #17800 | GPU hashes: 4666163200 | near-miss GPU best: 38 bits | ~9.1 MH/s
[C69-GPU] batch #17900 | GPU hashes: 4692377600 | near-miss GPU best: 38 bits | ~9.1 MH/s
[C88-GPU-FIX] Near-miss GPU nonce=2557993308 best=22 bits (target_bits=20) — minage continue (PAS un bloc valide)
[C69-GPU] batch #18000 | GPU hashes: 4718592000 | near-miss GPU best: 38 bits | ~9.1 MH/s
[C69-GPU] batch #18100 | GPU hashes: 4744806400 | near-miss GPU best: 38 bits | ~9.1 MH/s
[BTC_QM] elapsed=510.7s hashes=5046742538 hashrate=9.88MH/s best_leading=38 best_nonce=4278222093 nx48_delta=18.46
[C69-GPU] batch #18200 | GPU hashes: 4771020800 | near-miss GPU best: 38 bits | ~9.1 MH/s
[C69-GPU] batch #18300 | GPU hashes: 4797235200 | near-miss GPU best: 38 bits | ~9.1 MH/s
[C88-GPU-FIX] Near-miss GPU nonce=2662756674 best=20 bits (target_bits=20) — minage continue (PAS un bloc valide)
[C69-GPU] batch #18400 | GPU hashes: 4823449600 | near-miss GPU best: 38 bits | ~9.1 MH/s
[BTC_QM] elapsed=520.7s hashes=5144431114 hashrate=9.88MH/s best_leading=38 best_nonce=4278222093 nx48_delta=21.67
[C69-GPU] batch #18500 | GPU hashes: 4849664000 | near-miss GPU best: 38 bits | ~9.1 MH/s
[C69-GPU] batch #18600 | GPU hashes: 4875878400 | near-miss GPU best: 38 bits | ~9.1 MH/s
[C88-GPU-FIX] Near-miss GPU nonce=2754596165 best=20 bits (target_bits=20) — minage continue (PAS un bloc valide)
[C69-GPU] batch #18700 | GPU hashes: 4902092800 | near-miss GPU best: 38 bits | ~9.1 MH/s
[C69-GPU] batch #18800 | GPU hashes: 4928307200 | near-miss GPU best: 38 bits | ~9.1 MH/s
[BTC_QM] elapsed=530.7s hashes=5241598474 hashrate=9.88MH/s best_leading=38 best_nonce=4278222093 nx48_delta=23.75
[C69-GPU] batch #18900 | GPU hashes: 4954521600 | near-miss GPU best: 38 bits | ~9.1 MH/s
[C88-GPU-FIX] Near-miss GPU nonce=2833181673 best=20 bits (target_bits=20) — minage continue (PAS un bloc valide)
[C69-GPU] batch #19000 | GPU hashes: 4980736000 | near-miss GPU best: 38 bits | ~9.1 MH/s
[C69-GPU] batch #19100 | GPU hashes: 5006950400 | near-miss GPU best: 38 bits | ~9.1 MH/s
[BTC_QM] elapsed=540.7s hashes=5339257354 hashrate=9.88MH/s best_leading=38 best_nonce=4278222093 nx48_delta=28.38
[C69-GPU] batch #19200 | GPU hashes: 5033164800 | near-miss GPU best: 38 bits | ~9.1 MH/s
[C88-GPU-FIX] Near-miss GPU nonce=2911794460 best=23 bits (target_bits=20) — minage continue (PAS un bloc valide)
[C69-GPU] batch #19300 | GPU hashes: 5059379200 | near-miss GPU best: 38 bits | ~9.1 MH/s
[C69-GPU] batch #19400 | GPU hashes: 5085593600 | near-miss GPU best: 38 bits | ~9.1 MH/s
[C88-GPU-FIX] Near-miss GPU nonce=2951242083 best=21 bits (target_bits=20) — minage continue (PAS un bloc valide)
[C69-GPU] batch #19500 | GPU hashes: 5111808000 | near-miss GPU best: 38 bits | ~9.1 MH/s
[BTC_QM] elapsed=550.7s hashes=5436702730 hashrate=9.87MH/s best_leading=38 best_nonce=4278222093 nx48_delta=29.30
[C69-GPU] batch #19600 | GPU hashes: 5138022400 | near-miss GPU best: 38 bits | ~9.1 MH/s
[C88-GPU-FIX] Near-miss GPU nonce=3016617388 best=20 bits (target_bits=20) — minage continue (PAS un bloc valide)
[C69-GPU] batch #19700 | GPU hashes: 5164236800 | near-miss GPU best: 38 bits | ~9.1 MH/s
[C69-GPU] batch #19800 | GPU hashes: 5190451200 | near-miss GPU best: 38 bits | ~9.1 MH/s
[BTC_QM] elapsed=560.7s hashes=5532619274 hashrate=9.87MH/s best_leading=38 best_nonce=4278222093 nx48_delta=36.75
[C69-GPU] batch #19900 | GPU hashes: 5216665600 | near-miss GPU best: 38 bits | ~9.1 MH/s
[C69-GPU] batch #20000 | GPU hashes: 5242880000 | near-miss GPU best: 38 bits | ~9.1 MH/s
[C69-GPU] batch #20100 | GPU hashes: 5269094400 | near-miss GPU best: 38 bits | ~9.1 MH/s
[C69-GPU] batch #20200 | GPU hashes: 5295308800 | near-miss GPU best: 38 bits | ~9.1 MH/s
[BTC_QM] elapsed=570.7s hashes=5629019658 hashrate=9.86MH/s best_leading=38 best_nonce=4278222093 nx48_delta=39.74
[C88-GPU-FIX] Near-miss GPU nonce=3174139493 best=22 bits (target_bits=20) — minage continue (PAS un bloc valide)
[C69-GPU] batch #20300 | GPU hashes: 5321523200 | near-miss GPU best: 38 bits | ~9.1 MH/s
[C69-GPU] batch #20400 | GPU hashes: 5347737600 | near-miss GPU best: 38 bits | ~9.1 MH/s
[C88-GPU-FIX] Near-miss GPU nonce=3213434970 best=21 bits (target_bits=20) — minage continue (PAS un bloc valide)
[C88-GPU-FIX] Near-miss GPU nonce=3226517926 best=24 bits (target_bits=20) — minage continue (PAS un bloc valide)
[C69-GPU] batch #20500 | GPU hashes: 5373952000 | near-miss GPU best: 38 bits | ~9.1 MH/s
[C88-GPU-FIX] Near-miss GPU nonce=3239461025 best=21 bits (target_bits=20) — minage continue (PAS un bloc valide)
[BTC_QM] elapsed=580.7s hashes=5726227978 hashrate=9.86MH/s best_leading=38 best_nonce=4278222093 nx48_delta=44.43
[C69-GPU] batch #20600 | GPU hashes: 5400166400 | near-miss GPU best: 38 bits | ~9.1 MH/s
[C69-GPU] batch #20700 | GPU hashes: 5426380800 | near-miss GPU best: 38 bits | ~9.1 MH/s
[C69-GPU] batch #20800 | GPU hashes: 5452595200 | near-miss GPU best: 38 bits | ~9.1 MH/s
[C69-GPU] batch #20900 | GPU hashes: 5478809600 | near-miss GPU best: 38 bits | ~9.1 MH/s
[BTC_QM] elapsed=590.7s hashes=5823154698 hashrate=9.86MH/s best_leading=38 best_nonce=4278222093 nx48_delta=49.97
[C69-GPU] batch #21000 | GPU hashes: 5505024000 | near-miss GPU best: 38 bits | ~9.1 MH/s
[C88-GPU-FIX] Near-miss GPU nonce=3383685552 best=20 bits (target_bits=20) — minage continue (PAS un bloc valide)
[C69-GPU] batch #21100 | GPU hashes: 5531238400 | near-miss GPU best: 38 bits | ~9.1 MH/s
[C69-GPU] batch #21200 | GPU hashes: 5557452800 | near-miss GPU best: 38 bits | ~9.1 MH/s
[BTC_QM] elapsed=600.7s hashes=5920055306 hashrate=9.85MH/s best_leading=38 best_nonce=4278222093 nx48_delta=54.82
[C69-GPU] batch #21300 | GPU hashes: 5583667200 | near-miss GPU best: 38 bits | ~9.1 MH/s
[C88-GPU-FIX] Near-miss GPU nonce=3462469288 best=20 bits (target_bits=20) — minage continue (PAS un bloc valide)
[C69-GPU] batch #21400 | GPU hashes: 5609881600 | near-miss GPU best: 38 bits | ~9.1 MH/s
[C69-GPU] batch #21500 | GPU hashes: 5636096000 | near-miss GPU best: 38 bits | ~9.1 MH/s
[C69-GPU] batch #21600 | GPU hashes: 5662310400 | near-miss GPU best: 38 bits | ~9.1 MH/s
[BTC_QM] elapsed=610.7s hashes=6017485834 hashrate=9.85MH/s best_leading=38 best_nonce=4278222093 nx48_delta=56.24
[C69-GPU] batch #21700 | GPU hashes: 5688524800 | near-miss GPU best: 38 bits | ~9.1 MH/s
[C69-GPU] batch #21800 | GPU hashes: 5714739200 | near-miss GPU best: 38 bits | ~9.1 MH/s
[C69-GPU] batch #21900 | GPU hashes: 5740953600 | near-miss GPU best: 38 bits | ~9.1 MH/s
[BTC_QM] elapsed=620.8s hashes=6113580554 hashrate=9.85MH/s best_leading=38 best_nonce=4278222093 nx48_delta=52.16
[C69-GPU] batch #22000 | GPU hashes: 5767168000 | near-miss GPU best: 38 bits | ~9.1 MH/s
[C69-GPU] batch #22100 | GPU hashes: 5793382400 | near-miss GPU best: 38 bits | ~9.1 MH/s
[C69-GPU] batch #22200 | GPU hashes: 5819596800 | near-miss GPU best: 38 bits | ~9.1 MH/s
[C69-GPU] batch #22300 | GPU hashes: 5845811200 | near-miss GPU best: 38 bits | ~9.1 MH/s
[BTC_QM] elapsed=630.8s hashes=6210767882 hashrate=9.85MH/s best_leading=38 best_nonce=4278222093 nx48_delta=51.88
[C69-GPU] batch #22400 | GPU hashes: 5872025600 | near-miss GPU best: 38 bits | ~9.1 MH/s
[C88-GPU-FIX] Near-miss GPU nonce=3737692612 best=23 bits (target_bits=20) — minage continue (PAS un bloc valide)
[C88-GPU-FIX] Near-miss GPU nonce=3750633140 best=25 bits (target_bits=20) — minage continue (PAS un bloc valide)
[C69-GPU] batch #22500 | GPU hashes: 5898240000 | near-miss GPU best: 38 bits | ~9.1 MH/s
[C69-GPU] batch #22600 | GPU hashes: 5924454400 | near-miss GPU best: 38 bits | ~9.1 MH/s
[BTC_QM] elapsed=640.8s hashes=6308231178 hashrate=9.84MH/s best_leading=38 best_nonce=4278222093 nx48_delta=55.83
[C69-GPU] batch #22700 | GPU hashes: 5950668800 | near-miss GPU best: 38 bits | ~9.1 MH/s
[C69-GPU] batch #22800 | GPU hashes: 5976883200 | near-miss GPU best: 38 bits | ~9.1 MH/s
[C88-GPU-FIX] Near-miss GPU nonce=3855508315 best=20 bits (target_bits=20) — minage continue (PAS un bloc valide)
[C69-GPU] batch #22900 | GPU hashes: 6003097600 | near-miss GPU best: 38 bits | ~9.1 MH/s
[C69-GPU] batch #23000 | GPU hashes: 6029312000 | near-miss GPU best: 38 bits | ~9.1 MH/s
[BTC_QM] elapsed=650.8s hashes=6404924938 hashrate=9.84MH/s best_leading=38 best_nonce=4278222093 nx48_delta=61.64
[C69-GPU] batch #23100 | GPU hashes: 6055526400 | near-miss GPU best: 38 bits | ~9.1 MH/s
[C69-GPU] batch #23200 | GPU hashes: 6081740800 | near-miss GPU best: 38 bits | ~9.1 MH/s
[C88-GPU-FIX] Near-miss GPU nonce=3947275836 best=22 bits (target_bits=20) — minage continue (PAS un bloc valide)
[C69-GPU] batch #23300 | GPU hashes: 6107955200 | near-miss GPU best: 38 bits | ~9.1 MH/s
[C88-GPU-FIX] Near-miss GPU nonce=3973658982 best=22 bits (target_bits=20) — minage continue (PAS un bloc valide)
[BTC_QM] elapsed=660.8s hashes=6501624842 hashrate=9.84MH/s best_leading=38 best_nonce=4278222093 nx48_delta=85.69
[C88-GPU-FIX] Near-miss GPU nonce=3986759776 best=22 bits (target_bits=20) — minage continue (PAS un bloc valide)
[C69-GPU] batch #23400 | GPU hashes: 6134169600 | near-miss GPU best: 38 bits | ~9.1 MH/s
[C69-GPU] batch #23500 | GPU hashes: 6160384000 | near-miss GPU best: 38 bits | ~9.1 MH/s
[C88-GPU-FIX] Near-miss GPU nonce=4039014576 best=24 bits (target_bits=20) — minage continue (PAS un bloc valide)
[C69-GPU] batch #23600 | GPU hashes: 6186598400 | near-miss GPU best: 38 bits | ~9.1 MH/s
[C69-GPU] batch #23700 | GPU hashes: 6212812800 | near-miss GPU best: 38 bits | ~9.1 MH/s
[BTC_QM] elapsed=670.8s hashes=6599116810 hashrate=9.84MH/s best_leading=38 best_nonce=4278222093 nx48_delta=94.02
[C69-GPU] batch #23800 | GPU hashes: 6239027200 | near-miss GPU best: 38 bits | ~9.1 MH/s
[C88-GPU-FIX] Near-miss GPU nonce=4117667872 best=20 bits (target_bits=20) — minage continue (PAS un bloc valide)
[C69-GPU] batch #23900 | GPU hashes: 6265241600 | near-miss GPU best: 38 bits | ~9.1 MH/s
[C88-GPU-FIX] Near-miss GPU nonce=4130881289 best=21 bits (target_bits=20) — minage continue (PAS un bloc valide)
[C69-GPU] batch #24000 | GPU hashes: 6291456000 | near-miss GPU best: 38 bits | ~9.1 MH/s
[BTC_QM] elapsed=680.8s hashes=6696299530 hashrate=9.84MH/s best_leading=38 best_nonce=4278222093 nx48_delta=109.31
[C88-GPU-FIX] Near-miss GPU nonce=4170249602 best=20 bits (target_bits=20) — minage continue (PAS un bloc valide)
[C69-GPU] batch #24100 | GPU hashes: 6317670400 | near-miss GPU best: 38 bits | ~9.1 MH/s
[C88-GPU-FIX] Near-miss GPU nonce=4183221394 best=20 bits (target_bits=20) — minage continue (PAS un bloc valide)
[C88-GPU-FIX] Near-miss GPU nonce=4196451276 best=21 bits (target_bits=20) — minage continue (PAS un bloc valide)
[C69-GPU] batch #24200 | GPU hashes: 6343884800 | near-miss GPU best: 38 bits | ~9.1 MH/s
[C88-GPU-FIX] Near-miss GPU nonce=4209516763 best=20 bits (target_bits=20) — minage continue (PAS un bloc valide)
[C88-GPU-FIX] Near-miss GPU nonce=4222687579 best=23 bits (target_bits=20) — minage continue (PAS un bloc valide)
[C69-GPU] batch #24300 | GPU hashes: 6370099200 | near-miss GPU best: 38 bits | ~9.1 MH/s
[C88-GPU-FIX] Near-miss GPU nonce=4248684576 best=20 bits (target_bits=20) — minage continue (PAS un bloc valide)
[C69-GPU] batch #24400 | GPU hashes: 6396313600 | near-miss GPU best: 38 bits | ~9.1 MH/s
[BTC_QM] elapsed=690.8s hashes=6792948746 hashrate=9.83MH/s best_leading=38 best_nonce=4278222093 nx48_delta=121.28
[C69-GPU] batch #24500 | GPU hashes: 6422528000 | near-miss GPU best: 38 bits | ~9.1 MH/s
[C69-GPU] batch #24600 | GPU hashes: 6448742400 | near-miss GPU best: 38 bits | ~9.1 MH/s
[C69-GPU] batch #24700 | GPU hashes: 6474956800 | near-miss GPU best: 38 bits | ~9.1 MH/s
[BTC_QM] elapsed=700.8s hashes=6890191882 hashrate=9.83MH/s best_leading=38 best_nonce=4278061381 nx48_delta=143.54
[C69-GPU] batch #24800 | GPU hashes: 6501171200 | near-miss GPU best: 38 bits | ~9.1 MH/s
[C88-GPU-FIX] Near-miss GPU nonce=3306108078 best=20 bits (target_bits=20) — minage continue (PAS un bloc valide)
[C69-GPU] batch #24900 | GPU hashes: 6527385600 | near-miss GPU best: 38 bits | ~9.1 MH/s
[C69-GPU] batch #25000 | GPU hashes: 6553600000 | near-miss GPU best: 38 bits | ~9.1 MH/s
[C69-GPU] batch #25100 | GPU hashes: 6579814400 | near-miss GPU best: 38 bits | ~9.1 MH/s
[BTC_QM] elapsed=710.9s hashes=6985273354 hashrate=9.83MH/s best_leading=38 best_nonce=4278061381 nx48_delta=154.77
[C88-GPU-FIX] Near-miss GPU nonce=3384736650 best=21 bits (target_bits=20) — minage continue (PAS un bloc valide)
[C69-GPU] batch #25200 | GPU hashes: 6606028800 | near-miss GPU best: 38 bits | ~9.1 MH/s
[C88-GPU-FIX] Near-miss GPU nonce=3411092418 best=21 bits (target_bits=20) — minage continue (PAS un bloc valide)
[C69-GPU] batch #25300 | GPU hashes: 6632243200 | near-miss GPU best: 38 bits | ~9.1 MH/s
[C88-GPU-FIX] Near-miss GPU nonce=3424077779 best=20 bits (target_bits=20) — minage continue (PAS un bloc valide)
[C88-GPU-FIX] Near-miss GPU nonce=3437264062 best=20 bits (target_bits=20) — minage continue (PAS un bloc valide)
[C69-GPU] batch #25400 | GPU hashes: 6658457600 | near-miss GPU best: 38 bits | ~9.1 MH/s
[BTC_QM] elapsed=720.9s hashes=7082240522 hashrate=9.82MH/s best_leading=38 best_nonce=4278061381 nx48_delta=157.01
[C69-GPU] batch #25500 | GPU hashes: 6684672000 | near-miss GPU best: 38 bits | ~9.1 MH/s
[C69-GPU] batch #25600 | GPU hashes: 6710886400 | near-miss GPU best: 38 bits | ~9.1 MH/s
[C69-GPU] batch #25700 | GPU hashes: 6737100800 | near-miss GPU best: 38 bits | ~9.1 MH/s
[C69-GPU] batch #25800 | GPU hashes: 6763315200 | near-miss GPU best: 38 bits | ~9.1 MH/s
[BTC_QM] elapsed=730.9s hashes=7178150922 hashrate=9.82MH/s best_leading=38 best_nonce=4278061381 nx48_delta=172.72
[C69-GPU] batch #25900 | GPU hashes: 6789529600 | near-miss GPU best: 38 bits | ~9.1 MH/s
[C69-GPU] batch #26000 | GPU hashes: 6815744000 | near-miss GPU best: 38 bits | ~9.1 MH/s
[C69-GPU] batch #26100 | GPU hashes: 6841958400 | near-miss GPU best: 38 bits | ~9.1 MH/s
[C88-GPU-FIX] Near-miss GPU nonce=3633928135 best=22 bits (target_bits=20) — minage continue (PAS un bloc valide)
[BTC_QM] elapsed=740.9s hashes=7275594250 hashrate=9.82MH/s best_leading=38 best_nonce=4278061381 nx48_delta=174.08
[C69-GPU] batch #26200 | GPU hashes: 6868172800 | near-miss GPU best: 38 bits | ~9.1 MH/s
[C69-GPU] batch #26300 | GPU hashes: 6894387200 | near-miss GPU best: 38 bits | ~9.1 MH/s
[C88-GPU-FIX] Near-miss GPU nonce=3686346358 best=20 bits (target_bits=20) — minage continue (PAS un bloc valide)
[C69-GPU] batch #26400 | GPU hashes: 6920601600 | near-miss GPU best: 38 bits | ~9.1 MH/s
[C88-GPU-FIX] Near-miss GPU nonce=3712545571 best=20 bits (target_bits=20) — minage continue (PAS un bloc valide)
[C88-GPU-FIX] Near-miss GPU nonce=3725495498 best=22 bits (target_bits=20) — minage continue (PAS un bloc valide)
[C69-GPU] batch #26500 | GPU hashes: 6946816000 | near-miss GPU best: 38 bits | ~9.1 MH/s
[BTC_QM] elapsed=750.9s hashes=7372225034 hashrate=9.82MH/s best_leading=38 best_nonce=4278061381 nx48_delta=187.32
[C88-GPU-FIX] Near-miss GPU nonce=3751745695 best=21 bits (target_bits=20) — minage continue (PAS un bloc valide)
[C69-GPU] batch #26600 | GPU hashes: 6973030400 | near-miss GPU best: 38 bits | ~9.1 MH/s
[C69-GPU] batch #26700 | GPU hashes: 6999244800 | near-miss GPU best: 38 bits | ~9.1 MH/s
[C69-GPU] batch #26800 | GPU hashes: 7025459200 | near-miss GPU best: 38 bits | ~9.1 MH/s
[BTC_QM] elapsed=760.9s hashes=7467508746 hashrate=9.81MH/s best_leading=38 best_nonce=4278061381 nx48_delta=223.24
[C69-GPU] batch #26900 | GPU hashes: 7051673600 | near-miss GPU best: 38 bits | ~9.1 MH/s
[C88-GPU-FIX] Near-miss GPU nonce=3843548435 best=21 bits (target_bits=20) — minage continue (PAS un bloc valide)
[C88-GPU-FIX] Near-miss GPU nonce=3856737240 best=20 bits (target_bits=20) — minage continue (PAS un bloc valide)
[C69-GPU] batch #27000 | GPU hashes: 7077888000 | near-miss GPU best: 38 bits | ~9.1 MH/s
[C88-GPU-FIX] Near-miss GPU nonce=3869670030 best=20 bits (target_bits=20) — minage continue (PAS un bloc valide)
[C69-GPU] batch #27100 | GPU hashes: 7104102400 | near-miss GPU best: 38 bits | ~9.1 MH/s
[BTC_QM] elapsed=770.9s hashes=7563054602 hashrate=9.81MH/s best_leading=38 best_nonce=4278061381 nx48_delta=203.72
[C88-GPU-FIX] Near-miss GPU nonce=3909018382 best=21 bits (target_bits=20) — minage continue (PAS un bloc valide)
[C69-GPU] batch #27200 | GPU hashes: 7130316800 | near-miss GPU best: 38 bits | ~9.1 MH/s
[C69-GPU] batch #27300 | GPU hashes: 7156531200 | near-miss GPU best: 38 bits | ~9.1 MH/s
[C69-GPU] batch #27400 | GPU hashes: 7182745600 | near-miss GPU best: 38 bits | ~9.1 MH/s
[C69-GPU] batch #27500 | GPU hashes: 7208960000 | near-miss GPU best: 38 bits | ~9.1 MH/s
[BTC_QM] elapsed=781.0s hashes=7658338826 hashrate=9.81MH/s best_leading=38 best_nonce=4278061381 nx48_delta=250.74
[C88-GPU-FIX] Near-miss GPU nonce=4013929501 best=22 bits (target_bits=20) — minage continue (PAS un bloc valide)
[C69-GPU] batch #27600 | GPU hashes: 7235174400 | near-miss GPU best: 38 bits | ~9.1 MH/s
[C88-GPU-FIX] Near-miss GPU nonce=4026983215 best=20 bits (target_bits=20) — minage continue (PAS un bloc valide)
[C69-GPU] batch #27700 | GPU hashes: 7261388800 | near-miss GPU best: 38 bits | ~9.1 MH/s
[C69-GPU] batch #27800 | GPU hashes: 7287603200 | near-miss GPU best: 38 bits | ~9.1 MH/s
[C88-GPU-FIX] Near-miss GPU nonce=4079534376 best=20 bits (target_bits=20) — minage continue (PAS un bloc valide)
[BTC_QM] elapsed=791.0s hashes=7753080842 hashrate=9.80MH/s best_leading=38 best_nonce=4278061381 nx48_delta=270.67
[C69-GPU] batch #27900 | GPU hashes: 7313817600 | near-miss GPU best: 38 bits | ~9.1 MH/s
[C69-GPU] batch #28000 | GPU hashes: 7340032000 | near-miss GPU best: 38 bits | ~9.1 MH/s
[C69-GPU] batch #28100 | GPU hashes: 7366246400 | near-miss GPU best: 38 bits | ~9.1 MH/s
[C69-GPU] batch #28200 | GPU hashes: 7392460800 | near-miss GPU best: 38 bits | ~9.1 MH/s
[BTC_QM] elapsed=801.0s hashes=7850780682 hashrate=9.80MH/s best_leading=38 best_nonce=4278061381 nx48_delta=372.32
[C69-GPU] batch #28300 | GPU hashes: 7418675200 | near-miss GPU best: 38 bits | ~9.1 MH/s
[C69-GPU] batch #28400 | GPU hashes: 7444889600 | near-miss GPU best: 38 bits | ~9.1 MH/s
[C88-GPU-FIX] Near-miss GPU nonce=4249828151 best=20 bits (target_bits=20) — minage continue (PAS un bloc valide)
[C69-GPU] batch #28500 | GPU hashes: 7471104000 | near-miss GPU best: 38 bits | ~9.1 MH/s
[BTC_QM] elapsed=811.0s hashes=7948193802 hashrate=9.80MH/s best_leading=38 best_nonce=4278061381 nx48_delta=397.35
[C69-GPU] batch #28600 | GPU hashes: 7497318400 | near-miss GPU best: 38 bits | ~9.1 MH/s
[C88-GPU-FIX] Near-miss GPU nonce=3765409707 best=20 bits (target_bits=20) — minage continue (PAS un bloc valide)
[C69-GPU] batch #28700 | GPU hashes: 7523532800 | near-miss GPU best: 38 bits | ~9.1 MH/s
[C69-GPU] batch #28800 | GPU hashes: 7549747200 | near-miss GPU best: 38 bits | ~9.1 MH/s
[C88-GPU-FIX] Near-miss GPU nonce=3817848459 best=20 bits (target_bits=20) — minage continue (PAS un bloc valide)
[C69-GPU] batch #28900 | GPU hashes: 7575961600 | near-miss GPU best: 38 bits | ~9.1 MH/s
[BTC_QM] elapsed=821.0s hashes=8045846026 hashrate=9.80MH/s best_leading=38 best_nonce=4278303014 nx48_delta=436.09
[C69-GPU] batch #29000 | GPU hashes: 7602176000 | near-miss GPU best: 38 bits | ~9.1 MH/s
[C69-GPU] batch #29100 | GPU hashes: 7628390400 | near-miss GPU best: 38 bits | ~9.1 MH/s
[C69-GPU] batch #29200 | GPU hashes: 7654604800 | near-miss GPU best: 38 bits | ~9.1 MH/s
[BTC_QM] elapsed=831.0s hashes=8143760906 hashrate=9.80MH/s best_leading=38 best_nonce=4278303014 nx48_delta=363.71
[C69-GPU] batch #29300 | GPU hashes: 7680819200 | near-miss GPU best: 38 bits | ~9.1 MH/s
[C69-GPU] batch #29400 | GPU hashes: 7707033600 | near-miss GPU best: 38 bits | ~9.1 MH/s
[C88-GPU-FIX] Near-miss GPU nonce=3961984466 best=20 bits (target_bits=20) — minage continue (PAS un bloc valide)
[C69-GPU] batch #29500 | GPU hashes: 7733248000 | near-miss GPU best: 38 bits | ~9.1 MH/s
[C69-GPU] batch #29600 | GPU hashes: 7759462400 | near-miss GPU best: 38 bits | ~9.1 MH/s
[BTC_QM] elapsed=841.0s hashes=8241441290 hashrate=9.80MH/s best_leading=38 best_nonce=4278303014 nx48_delta=435.70
[C69-GPU] batch #29700 | GPU hashes: 7785676800 | near-miss GPU best: 38 bits | ~9.1 MH/s
[C88-GPU-FIX] Near-miss GPU nonce=4040739830 best=20 bits (target_bits=20) — minage continue (PAS un bloc valide)
[LUMVORAX:ANOMALY] module=btc_qm_engine desc=btc_nx48_delta_reset_stall_c62 val=8.419947 src=src/nx48_btc_controller.c:984
[NX48-C62] Reset delta_nonce 493.5->8.420 (stall_long=420 cap500_plateau)
[C69-GPU] batch #29800 | GPU hashes: 7811891200 | near-miss GPU best: 38 bits | ~9.1 MH/s
[C88-GPU-FIX] Near-miss GPU nonce=4079863820 best=20 bits (target_bits=20) — minage continue (PAS un bloc valide)
[C69-GPU] batch #29900 | GPU hashes: 7838105600 | near-miss GPU best: 38 bits | ~9.1 MH/s
[BTC_QM] elapsed=851.0s hashes=8338648586 hashrate=9.80MH/s best_leading=38 best_nonce=4278303014 nx48_delta=10.00
[C69-GPU] batch #30000 | GPU hashes: 7864320000 | near-miss GPU best: 38 bits | ~9.1 MH/s
[C69-GPU] batch #30100 | GPU hashes: 7890534400 | near-miss GPU best: 38 bits | ~9.1 MH/s
[C88-GPU-FIX] Near-miss GPU nonce=4145588026 best=21 bits (target_bits=20) — minage continue (PAS un bloc valide)
[C69-GPU] batch #30200 | GPU hashes: 7916748800 | near-miss GPU best: 38 bits | ~9.1 MH/s
[C88-GPU-FIX] Near-miss GPU nonce=4184903606 best=25 bits (target_bits=20) — minage continue (PAS un bloc valide)
[C69-GPU] batch #30300 | GPU hashes: 7942963200 | near-miss GPU best: 38 bits | ~9.1 MH/s
[BTC_QM] elapsed=861.1s hashes=8436130826 hashrate=9.80MH/s best_leading=38 best_nonce=4278303014 nx48_delta=10.00
[C69-GPU] batch #30400 | GPU hashes: 7969177600 | near-miss GPU best: 38 bits | ~9.1 MH/s
[C69-GPU] batch #30500 | GPU hashes: 7995392000 | near-miss GPU best: 38 bits | ~9.1 MH/s
[C69-GPU] batch #30600 | GPU hashes: 8021606400 | near-miss GPU best: 38 bits | ~9.1 MH/s
[BTC_QM] elapsed=871.1s hashes=8531508746 hashrate=9.79MH/s best_leading=38 best_nonce=4278303014 nx48_delta=10.99
[C69-GPU] batch #30700 | GPU hashes: 8047820800 | near-miss GPU best: 38 bits | ~9.1 MH/s
[C69-GPU] batch #30800 | GPU hashes: 8074035200 | near-miss GPU best: 38 bits | ~9.1 MH/s
[C69-GPU] batch #30900 | GPU hashes: 8100249600 | near-miss GPU best: 38 bits | ~9.1 MH/s
[C69-GPU] batch #31000 | GPU hashes: 8126464000 | near-miss GPU best: 38 bits | ~9.1 MH/s
[BTC_QM] elapsed=881.1s hashes=8626537994 hashrate=9.79MH/s best_leading=38 best_nonce=4278303014 nx48_delta=9.87
[C69-GPU] batch #31100 | GPU hashes: 8152678400 | near-miss GPU best: 38 bits | ~9.1 MH/s
[C88-GPU-FIX] Near-miss GPU nonce=4152403981 best=20 bits (target_bits=20) — minage continue (PAS un bloc valide)
[C69-GPU] batch #31200 | GPU hashes: 8178892800 | near-miss GPU best: 38 bits | ~9.1 MH/s
[C88-GPU-FIX] Near-miss GPU nonce=4165562144 best=23 bits (target_bits=20) — minage continue (PAS un bloc valide)
[C69-GPU] batch #31300 | GPU hashes: 8205107200 | near-miss GPU best: 38 bits | ~9.1 MH/s
[BTC_QM] elapsed=891.1s hashes=8721858570 hashrate=9.79MH/s best_leading=38 best_nonce=4278303014 nx48_delta=11.25
[C69-GPU] batch #31400 | GPU hashes: 8231321600 | near-miss GPU best: 38 bits | ~9.1 MH/s
[C88-GPU-FIX] Near-miss GPU nonce=4217904652 best=20 bits (target_bits=20) — minage continue (PAS un bloc valide)
[C69-GPU] batch #31500 | GPU hashes: 8257536000 | near-miss GPU best: 38 bits | ~9.1 MH/s
[C88-GPU-FIX] Near-miss GPU nonce=4244082730 best=20 bits (target_bits=20) — minage continue (PAS un bloc valide)
[C69-GPU] batch #31600 | GPU hashes: 8283750400 | near-miss GPU best: 38 bits | ~9.1 MH/s
[C69-GPU] batch #31700 | GPU hashes: 8309964800 | near-miss GPU best: 38 bits | ~9.1 MH/s
[BTC_QM] elapsed=901.1s hashes=8817172490 hashrate=9.78MH/s best_leading=38 best_nonce=4278303014 nx48_delta=9.56
[C69-GPU] batch #31800 | GPU hashes: 8336179200 | near-miss GPU best: 38 bits | ~9.1 MH/s
[C69-GPU] batch #31900 | GPU hashes: 8362393600 | near-miss GPU best: 38 bits | ~9.1 MH/s
[C88-GPU-FIX] Near-miss GPU nonce=4227950874 best=21 bits (target_bits=20) — minage continue (PAS un bloc valide)
[C69-GPU] batch #32000 | GPU hashes: 8388608000 | near-miss GPU best: 38 bits | ~9.1 MH/s
[BTC_QM] elapsed=911.1s hashes=8914581002 hashrate=9.78MH/s best_leading=38 best_nonce=4278303014 nx48_delta=12.02
[C69-GPU] batch #32100 | GPU hashes: 8414822400 | near-miss GPU best: 38 bits | ~9.1 MH/s
[C69-GPU] batch #32200 | GPU hashes: 8441036800 | near-miss GPU best: 38 bits | ~9.1 MH/s
[C88-GPU-FIX] Near-miss GPU nonce=4239363054 best=20 bits (target_bits=20) — minage continue (PAS un bloc valide)
[C69-GPU] batch #32300 | GPU hashes: 8467251200 | near-miss GPU best: 38 bits | ~9.1 MH/s
[C69-GPU] batch #32400 | GPU hashes: 8493465600 | near-miss GPU best: 38 bits | ~9.1 MH/s
[BTC_QM] elapsed=921.2s hashes=9011470346 hashrate=9.78MH/s best_leading=38 best_nonce=4278303014 nx48_delta=12.42
[C88-GPU-FIX] Near-miss GPU nonce=4291685460 best=20 bits (target_bits=20) — minage continue (PAS un bloc valide)
[C69-GPU] batch #32500 | GPU hashes: 8519680000 | near-miss GPU best: 38 bits | ~9.1 MH/s
[C88-GPU-FIX] Near-miss GPU nonce=4271284003 best=20 bits (target_bits=20) — minage continue (PAS un bloc valide)
[C69-GPU] batch #32600 | GPU hashes: 8545894400 | near-miss GPU best: 38 bits | ~9.1 MH/s
[C88-GPU-FIX] Near-miss GPU nonce=4280898272 best=23 bits (target_bits=20) — minage continue (PAS un bloc valide)
[C69-GPU] batch #32700 | GPU hashes: 8572108800 | near-miss GPU best: 38 bits | ~9.1 MH/s
[BTC_QM] elapsed=931.2s hashes=9107143690 hashrate=9.78MH/s best_leading=38 best_nonce=4278303014 nx48_delta=16.28
[C69-GPU] batch #32800 | GPU hashes: 8598323200 | near-miss GPU best: 38 bits | ~9.1 MH/s
[C69-GPU] batch #32900 | GPU hashes: 8624537600 | near-miss GPU best: 38 bits | ~9.1 MH/s
[C69-GPU] batch #33000 | GPU hashes: 8650752000 | near-miss GPU best: 38 bits | ~9.1 MH/s
[C69-GPU] batch #33100 | GPU hashes: 8676966400 | near-miss GPU best: 38 bits | ~9.1 MH/s
[BTC_QM] elapsed=941.2s hashes=9204347914 hashrate=9.78MH/s best_leading=38 best_nonce=4278303014 nx48_delta=18.37
[C69-GPU] batch #33200 | GPU hashes: 8703180800 | near-miss GPU best: 38 bits | ~9.1 MH/s
[C69-GPU] batch #33300 | GPU hashes: 8729395200 | near-miss GPU best: 38 bits | ~9.1 MH/s
[C88-GPU-FIX] Near-miss GPU nonce=165388657 best=20 bits (target_bits=20) — minage continue (PAS un bloc valide)
[C69-GPU] batch #33400 | GPU hashes: 8755609600 | near-miss GPU best: 38 bits | ~9.1 MH/s
[BTC_QM] elapsed=951.2s hashes=9301323786 hashrate=9.78MH/s best_leading=38 best_nonce=4278303014 nx48_delta=24.47
[C69-GPU] batch #33500 | GPU hashes: 8781824000 | near-miss GPU best: 38 bits | ~9.1 MH/s
[C69-GPU] batch #33600 | GPU hashes: 8808038400 | near-miss GPU best: 38 bits | ~9.1 MH/s
[C69-GPU] batch #33700 | GPU hashes: 8834252800 | near-miss GPU best: 38 bits | ~9.1 MH/s
[C88-GPU-FIX] Near-miss GPU nonce=270333849 best=20 bits (target_bits=20) — minage continue (PAS un bloc valide)
[C69-GPU] batch #33800 | GPU hashes: 8860467200 | near-miss GPU best: 38 bits | ~9.1 MH/s
[BTC_QM] elapsed=961.2s hashes=9399083018 hashrate=9.78MH/s best_leading=38 best_nonce=4278303014 nx48_delta=21.95
[C88-GPU-FIX] Near-miss GPU nonce=296421773 best=21 bits (target_bits=20) — minage continue (PAS un bloc valide)
[C69-GPU] batch #33900 | GPU hashes: 8886681600 | near-miss GPU best: 38 bits | ~9.1 MH/s
[C69-GPU] batch #34000 | GPU hashes: 8912896000 | near-miss GPU best: 38 bits | ~9.1 MH/s
[C88-GPU-FIX] Near-miss GPU nonce=335755399 best=23 bits (target_bits=20) — minage continue (PAS un bloc valide)
[C69-GPU] batch #34100 | GPU hashes: 8939110400 | near-miss GPU best: 38 bits | ~9.1 MH/s
[C88-GPU-FIX] Near-miss GPU nonce=362046053 best=20 bits (target_bits=20) — minage continue (PAS un bloc valide)
[BTC_QM] elapsed=971.2s hashes=9496253962 hashrate=9.78MH/s best_leading=38 best_nonce=4278303014 nx48_delta=28.38
[C69-GPU] batch #34200 | GPU hashes: 8965324800 | near-miss GPU best: 38 bits | ~9.1 MH/s
[LUMVORAX] Rotation CSV → /home/lvx/LVX/lumvorax2/src/advanced_calculations/bitcoin_quantum_mining/logs/forensic/modules/btc_qm_engine_forensic_c112_ub_1777390366.log_part_0001.csv (partie 1, cap 20 MB atteint)
[C69-GPU] batch #34300 | GPU hashes: 8991539200 | near-miss GPU best: 38 bits | ~9.1 MH/s
[C69-GPU] batch #34400 | GPU hashes: 9017753600 | near-miss GPU best: 38 bits | ~9.1 MH/s
[C69-GPU] batch #34500 | GPU hashes: 9043968000 | near-miss GPU best: 38 bits | ~9.1 MH/s
[BTC_QM] elapsed=981.2s hashes=9593208330 hashrate=9.78MH/s best_leading=38 best_nonce=4278303014 nx48_delta=32.86
[C69-GPU] batch #34600 | GPU hashes: 9070182400 | near-miss GPU best: 38 bits | ~9.1 MH/s
[C69-GPU] batch #34700 | GPU hashes: 9096396800 | near-miss GPU best: 38 bits | ~9.1 MH/s
[C69-GPU] batch #34800 | GPU hashes: 9122611200 | near-miss GPU best: 38 bits | ~9.1 MH/s
[BTC_QM] elapsed=991.2s hashes=9688831498 hashrate=9.77MH/s best_leading=38 best_nonce=4278303014 nx48_delta=42.78
[C69-GPU] batch #34900 | GPU hashes: 9148825600 | near-miss GPU best: 38 bits | ~9.1 MH/s
[C69-GPU] batch #35000 | GPU hashes: 9175040000 | near-miss GPU best: 38 bits | ~9.1 MH/s
[C69-GPU] batch #35100 | GPU hashes: 9201254400 | near-miss GPU best: 38 bits | ~9.1 MH/s
[C69-GPU] batch #35200 | GPU hashes: 9227468800 | near-miss GPU best: 38 bits | ~9.1 MH/s
[BTC_QM] elapsed=1001.3s hashes=9786032138 hashrate=9.77MH/s best_leading=38 best_nonce=4278303014 nx48_delta=45.34
[C88-GPU-FIX] Near-miss GPU nonce=663387415 best=23 bits (target_bits=20) — minage continue (PAS un bloc valide)
[C69-GPU] batch #35300 | GPU hashes: 9253683200 | near-miss GPU best: 38 bits | ~9.1 MH/s
[C69-GPU] batch #35400 | GPU hashes: 9279897600 | near-miss GPU best: 38 bits | ~9.1 MH/s
[C69-GPU] batch #35500 | GPU hashes: 9306112000 | near-miss GPU best: 38 bits | ~9.1 MH/s
[BTC_QM] elapsed=1011.3s hashes=9883257866 hashrate=9.77MH/s best_leading=38 best_nonce=4278303014 nx48_delta=51.04
[C69-GPU] batch #35600 | GPU hashes: 9332326400 | near-miss GPU best: 38 bits | ~9.1 MH/s
[C69-GPU] batch #35700 | GPU hashes: 9358540800 | near-miss GPU best: 38 bits | ~9.1 MH/s
[C69-GPU] batch #35800 | GPU hashes: 9384755200 | near-miss GPU best: 38 bits | ~9.1 MH/s
[C69-GPU] batch #35900 | GPU hashes: 9410969600 | near-miss GPU best: 38 bits | ~9.1 MH/s
[BTC_QM] elapsed=1021.3s hashes=9980743178 hashrate=9.77MH/s best_leading=38 best_nonce=4278303014 nx48_delta=53.03
[C69-GPU] batch #36000 | GPU hashes: 9437184000 | near-miss GPU best: 38 bits | ~9.1 MH/s
[C69-GPU] batch #36100 | GPU hashes: 9463398400 | near-miss GPU best: 38 bits | ~9.1 MH/s
[C69-GPU] batch #36200 | GPU hashes: 9489612800 | near-miss GPU best: 38 bits | ~9.1 MH/s
[BTC_QM] elapsed=1031.3s hashes=10077706250 hashrate=9.77MH/s best_leading=38 best_nonce=4278303014 nx48_delta=58.36
[C69-GPU] batch #36300 | GPU hashes: 9515827200 | near-miss GPU best: 38 bits | ~9.1 MH/s
[C88-GPU-FIX] Near-miss GPU nonce=938686291 best=20 bits (target_bits=20) — minage continue (PAS un bloc valide)
[C69-GPU] batch #36400 | GPU hashes: 9542041600 | near-miss GPU best: 38 bits | ~9.1 MH/s
[C88-GPU-FIX] Near-miss GPU nonce=964810587 best=21 bits (target_bits=20) — minage continue (PAS un bloc valide)
[C69-GPU] batch #36500 | GPU hashes: 9568256000 | near-miss GPU best: 38 bits | ~9.1 MH/s
[C88-GPU-FIX] Near-miss GPU nonce=991160033 best=20 bits (target_bits=20) — minage continue (PAS un bloc valide)
[C69-GPU] batch #36600 | GPU hashes: 9594470400 | near-miss GPU best: 38 bits | ~9.1 MH/s
[BTC_QM] elapsed=1041.3s hashes=10174671370 hashrate=9.77MH/s best_leading=38 best_nonce=4278303014 nx48_delta=61.08
[C69-GPU] batch #36700 | GPU hashes: 9620684800 | near-miss GPU best: 38 bits | ~9.1 MH/s
[C69-GPU] batch #36800 | GPU hashes: 9646899200 | near-miss GPU best: 38 bits | ~9.1 MH/s
[C69-GPU] batch #36900 | GPU hashes: 9673113600 | near-miss GPU best: 38 bits | ~9.1 MH/s
[BTC_QM] elapsed=1051.3s hashes=10270618634 hashrate=9.77MH/s best_leading=38 best_nonce=4278303014 nx48_delta=69.58
[C69-GPU] batch #37000 | GPU hashes: 9699328000 | near-miss GPU best: 38 bits | ~9.1 MH/s
[C88-GPU-FIX] Near-miss GPU nonce=1135397679 best=22 bits (target_bits=20) — minage continue (PAS un bloc valide)
[C69-GPU] batch #37100 | GPU hashes: 9725542400 | near-miss GPU best: 38 bits | ~9.1 MH/s
[C69-GPU] batch #37200 | GPU hashes: 9751756800 | near-miss GPU best: 38 bits | ~9.1 MH/s
[BTC_QM] elapsed=1061.3s hashes=10367824906 hashrate=9.77MH/s best_leading=38 best_nonce=4278303014 nx48_delta=70.10
[C69-GPU] batch #37300 | GPU hashes: 9777971200 | near-miss GPU best: 38 bits | ~9.1 MH/s
[C69-GPU] batch #37400 | GPU hashes: 9804185600 | near-miss GPU best: 38 bits | ~9.1 MH/s
[C69-GPU] batch #37500 | GPU hashes: 9830400000 | near-miss GPU best: 38 bits | ~9.1 MH/s
[C69-GPU] batch #37600 | GPU hashes: 9856614400 | near-miss GPU best: 38 bits | ~9.1 MH/s
[BTC_QM] elapsed=1071.3s hashes=10464194058 hashrate=9.77MH/s best_leading=38 best_nonce=4278303014 nx48_delta=82.40
[C88-GPU-FIX] Near-miss GPU nonce=1279453497 best=24 bits (target_bits=20) — minage continue (PAS un bloc valide)
[C88-GPU-FIX] Near-miss GPU nonce=1292611600 best=22 bits (target_bits=20) — minage continue (PAS un bloc valide)
[C69-GPU] batch #37700 | GPU hashes: 9882828800 | near-miss GPU best: 38 bits | ~9.1 MH/s
[C88-GPU-FIX] Near-miss GPU nonce=1305746158 best=20 bits (target_bits=20) — minage continue (PAS un bloc valide)
[C69-GPU] batch #37800 | GPU hashes: 9909043200 | near-miss GPU best: 38 bits | ~9.1 MH/s
[C69-GPU] batch #37900 | GPU hashes: 9935257600 | near-miss GPU best: 38 bits | ~9.1 MH/s
[BTC_QM] elapsed=1081.4s hashes=10558456330 hashrate=9.76MH/s best_leading=38 best_nonce=4278303014 nx48_delta=84.97
[C69-GPU] batch #38000 | GPU hashes: 9961472000 | near-miss GPU best: 38 bits | ~9.1 MH/s
[C69-GPU] batch #38100 | GPU hashes: 9987686400 | near-miss GPU best: 38 bits | ~9.1 MH/s
[C69-GPU] batch #38200 | GPU hashes: 10013900800 | near-miss GPU best: 38 bits | ~9.1 MH/s
[C69-GPU] batch #38300 | GPU hashes: 10040115200 | near-miss GPU best: 38 bits | ~9.1 MH/s
[BTC_QM] elapsed=1091.4s hashes=10655142410 hashrate=9.76MH/s best_leading=38 best_nonce=4278303014 nx48_delta=80.40
[C88-GPU-FIX] Near-miss GPU nonce=1463115371 best=20 bits (target_bits=20) — minage continue (PAS un bloc valide)
[C69-GPU] batch #38400 | GPU hashes: 10066329600 | near-miss GPU best: 38 bits | ~9.1 MH/s
[C69-GPU] batch #38500 | GPU hashes: 10092544000 | near-miss GPU best: 38 bits | ~9.1 MH/s
[C69-GPU] batch #38600 | GPU hashes: 10118758400 | near-miss GPU best: 38 bits | ~9.1 MH/s
[BTC_QM] elapsed=1101.4s hashes=10751854090 hashrate=9.76MH/s best_leading=38 best_nonce=4278303014 nx48_delta=104.14
[C69-GPU] batch #38700 | GPU hashes: 10144972800 | near-miss GPU best: 38 bits | ~9.1 MH/s
[C88-GPU-FIX] Near-miss GPU nonce=1580857148 best=20 bits (target_bits=20) — minage continue (PAS un bloc valide)
[C69-GPU] batch #38800 | GPU hashes: 10171187200 | near-miss GPU best: 38 bits | ~9.1 MH/s
[C69-GPU] batch #38900 | GPU hashes: 10197401600 | near-miss GPU best: 38 bits | ~9.1 MH/s
[C69-GPU] batch #39000 | GPU hashes: 10223616000 | near-miss GPU best: 38 bits | ~9.1 MH/s
[BTC_QM] elapsed=1111.4s hashes=10849356810 hashrate=9.76MH/s best_leading=38 best_nonce=4278303014 nx48_delta=119.26
[C69-GPU] batch #39100 | GPU hashes: 10249830400 | near-miss GPU best: 38 bits | ~9.1 MH/s
[C88-GPU-FIX] Near-miss GPU nonce=1685928279 best=21 bits (target_bits=20) — minage continue (PAS un bloc valide)
[C69-GPU] batch #39200 | GPU hashes: 10276044800 | near-miss GPU best: 38 bits | ~9.1 MH/s
