[LUMVORAX] init_lum: log_run=/home/lvx/LVX/lumvorax2/src/advanced_calculations/bitcoin_quantum_mining/logs/forensic/modules/btc_qm_engine_forensic_c112_ub_1777385687.log ACTIF v3.0 (FD_PERSISTANT=ON)
[ULTRA_FORENSIC] Système de logging forensique v3.0 initialisé
[C110-OPT] reasoning_path_tracker actif → trace par décision NX48 ✓
[C110-OPT] async_logger actif → /home/lvx/LVX/lumvorax2/src/advanced_calculations/bitcoin_quantum_mining/logs/forensic/modules/btc_async_log_c112_ub_1777385687.log ✓
[C112-LUM] lum_log_encoder actif → /home/lvx/LVX/lumvorax2/src/advanced_calculations/bitcoin_quantum_mining/logs/forensic/modules/btc_lum_log_c112_ub_1777385687.lum ✓
[C112-LUM] mem snapshot baseline → /home/lvx/LVX/lumvorax2/src/advanced_calculations/bitcoin_quantum_mining/logs/forensic/modules/btc_mem_baseline_c112_ub_1777385687.lum (20521 lums, 20521 pages, 84054016 octets, 299870197 ns)

╔══════════════════════════════════════════════════════════╗
║  LumVorax — Module 17 — Bitcoin Quantum Mining Engine   ║
║  Version : 1.0.0-C43 | Standard : STANDARD_NAMES v4.2  ║
║  C43 : NX48 dual-neuron, POW candidate export           ║
║  C43 : module bridge advisory + chain validator         ║
╚══════════════════════════════════════════════════════════╝
[BTC_QM] run_id    = c112_ub_1777385687
[BTC_QM] mode      = MAINNET
[BTC_QM] threads   = 16
[BTC_QM] duration  = 1200 s
[BTC_QM] nx48 csv  = config/btc_nx48_last.csv
[BTC_QM] log dir   = /home/lvx/LVX/lumvorax2/src/advanced_calculations/bitcoin_quantum_mining/logs/forensic
[BTC_QM] bits      = 0x1d00ffff
[BTC_QM] target    = 000000000000000000000000000000000000000000000000000000ffff000000
[NX48-LUM] Chargé : update=35 best=24 bits exploration=0.706 delta=3.96 [header-bound]
[NX48-QDPR] Feedback C62 : success=66.5% bits=24 rt=11.0s
[NX48-HW] CPU:8 threads AVX:1 (AVX2) SHA-NI:0 | GPU-OpenCL:Intel(R) UHD Graphics 620 DRI:1 | RAM:2343MB
[NX48-HW] Binaire compilé AVEC : AVX2+SSE +FMA | gcc auto-vectorise SHA-256 dès maintenant
[NX48-INIT] C61 — 8 sous-neurones × 2 | exploration_bias=0.71 | LUM=chargé
[BTC_QM] NX48_BTC C61 initialisé — update_count=35 best_leading=24
[BTC_QM] NX48 architecture C61 : 2 neurones × 8 sous-neurones = 16 total
[BTC_QM] NX48 contrôle : threads=16 | T_hot=1.0 | T_cold=1.0 | GPU=Intel(R) UHD Graphics 620
[BTC_QM] NX48 exploration_bias=0.706 | delta_nonce=3.96 | AVX=1
[BTC_QM] Test intégrité SHA-256 (NIST)… OK ✓
[BTC_QM] Wallet FIXE chargé depuis secrets (BTC_WALLET_PRIV_HEX) ✓

╔═══════════════════════════════════════════════════════════╗
║        LumVorax — Wallet Bitcoin RÉEL                    ║
╠═══════════════════════════════════════════════════════════╣
║ Réseau      : MAINNET                                       ║
║ run_id      : c112_ub_1777385687                            ║
╠═══════════════════════════════════════════════════════════╣
║ Adresse P2PKH   : 1YkQrHMbvBbYvCR1jcQAxjMj4bzibiK8C         ║
║ Adresse Bech32  : bc1qqcqjrasuyv70glgeugl56nstsshp99c5tek3s6║
╠═══════════════════════════════════════════════════════════╣
║ Clé privée (hex): 7ac9fe93...(masquée)                     ║
║ WIF compressé   : L1LPxrfeLvFuYLYjZcXb9dJNhRdzW2zBx7hjrtnQrUjpTqjPoxv7║
╠═══════════════════════════════════════════════════════════╣
║ HASH160 (hex)   : 060121f61c233cf47d19e23f4d4e0b842e129714  ║
╚═══════════════════════════════════════════════════════════╝
[BTC_QM] Wallet sauvegardé → /home/lvx/LVX/lumvorax2/src/advanced_calculations/bitcoin_quantum_mining/logs/forensic/wallet_c112_ub_1777385687.json
[BTC_QM] Lancement du moteur PT-MC…
[OCL] GPU trouvé : Intel(R) UHD Graphics 620 (plateforme: Intel(R) OpenCL Graphics)
[OCL] → Sélectionné : Intel(R) UHD Graphics 620
[OCL] max_wg=256 max_items=256 gmem=6715 MB batch=262144
[OCL] ✅ OpenCL initialisé — batch=262144 — cible: 50-200 MH/s
[OCL] Benchmark : 9.03 MH/s (batch=262144, t=0.029s)
[C42-WATCHDOG] 🟢 RAM disponible au démarrage: 2342MB
[C100-ALLTIME] seed best_lz_alltime=24 nonce=3563405791 upd_count=10 (historique préservé)
[C65-GPU-EARLY] ✅ GPU OpenCL activé AVANT moteur PT-MC : Intel(R) UHD Graphics 620
[C69-GPU] Thread GPU lance en parallele de 16 threads CPU
[C69-GPU] Pour valider GPU reel : chercher log '[C69-GPU] ===== THREAD GPU ACTIF'
[C69-GPU] ===== THREAD GPU ACTIF — btc_opencl_mine_batch() APPELEE =====
[C69-GPU] Hashrate GPU mesure (benchmark) : 9.03 MH/s
[C69-GPU] Target near-miss : 20 bits | Batch : 262144 nonces/dispatch
[C69-GPU] Nouveau record GPU : 25 bits (nonce_start=17825792)
[C111-ALLTIME-GPU] RECORD ABSOLU GPU lz=25 nonce=17825792 → btc_nx48_alltime.csv
[C69-GPU] batch #100 | GPU hashes: 26214400 | near-miss GPU best: 25 bits | ~9.0 MH/s
[C69-GPU] batch #200 | GPU hashes: 52428800 | near-miss GPU best: 25 bits | ~9.0 MH/s
[C69-GPU] Nouveau record GPU : 28 bits (nonce_start=62914560)
[C111-ALLTIME-GPU] RECORD ABSOLU GPU lz=28 nonce=62914560 → btc_nx48_alltime.csv
[C69-GPU] batch #300 | GPU hashes: 78643200 | near-miss GPU best: 28 bits | ~9.0 MH/s
[C69-GPU] batch #400 | GPU hashes: 104857600 | near-miss GPU best: 28 bits | ~9.0 MH/s
[C88-GPU-FIX] Near-miss GPU nonce=117728243 best=20 bits (target_bits=20) — minage continue (PAS un bloc valide)
[BTC_QM] elapsed=10.0s hashes=129912832 hashrate=12.98MH/s best_leading=28 best_nonce=62924827 nx48_delta=3.23
[C69-GPU] batch #500 | GPU hashes: 131072000 | near-miss GPU best: 28 bits | ~9.0 MH/s
[C69-GPU] batch #600 | GPU hashes: 157286400 | near-miss GPU best: 28 bits | ~9.0 MH/s
[C69-GPU] batch #700 | GPU hashes: 183500800 | near-miss GPU best: 28 bits | ~9.0 MH/s
[C88-GPU-FIX] Near-miss GPU nonce=209509056 best=20 bits (target_bits=20) — minage continue (PAS un bloc valide)
[C69-GPU] batch #800 | GPU hashes: 209715200 | near-miss GPU best: 28 bits | ~9.0 MH/s
[C88-GPU-FIX] Near-miss GPU nonce=222726210 best=20 bits (target_bits=20) — minage continue (PAS un bloc valide)
[BTC_QM] elapsed=20.0s hashes=246763520 hashrate=12.32MH/s best_leading=28 best_nonce=62924827 nx48_delta=3.67
[C88-GPU-FIX] Near-miss GPU nonce=235793124 best=20 bits (target_bits=20) — minage continue (PAS un bloc valide)
[C69-GPU] batch #900 | GPU hashes: 235929600 | near-miss GPU best: 28 bits | ~9.0 MH/s
[C69-GPU] batch #1000 | GPU hashes: 262144000 | near-miss GPU best: 28 bits | ~9.0 MH/s
[C69-GPU] batch #1100 | GPU hashes: 288358400 | near-miss GPU best: 28 bits | ~9.0 MH/s
[C69-GPU] batch #1200 | GPU hashes: 314572800 | near-miss GPU best: 28 bits | ~9.0 MH/s
[C88-GPU-FIX] Near-miss GPU nonce=327637779 best=21 bits (target_bits=20) — minage continue (PAS un bloc valide)
[BTC_QM] elapsed=30.0s hashes=353640448 hashrate=11.78MH/s best_leading=28 best_nonce=62924827 nx48_delta=4.05
[C69-GPU] batch #1300 | GPU hashes: 340787200 | near-miss GPU best: 28 bits | ~9.0 MH/s
[C69-GPU] Nouveau record GPU : 29 bits (nonce_start=347602944)
[C111-ALLTIME-GPU] RECORD ABSOLU GPU lz=29 nonce=347602944 → btc_nx48_alltime.csv
[C69-GPU] batch #1400 | GPU hashes: 367001600 | near-miss GPU best: 29 bits | ~9.0 MH/s
[C69-GPU] batch #1500 | GPU hashes: 393216000 | near-miss GPU best: 29 bits | ~9.0 MH/s
[C69-GPU] batch #1600 | GPU hashes: 419430400 | near-miss GPU best: 29 bits | ~9.0 MH/s
[BTC_QM] elapsed=40.0s hashes=460500992 hashrate=11.50MH/s best_leading=29 best_nonce=347747978 nx48_delta=4.03
[C69-GPU] batch #1700 | GPU hashes: 445644800 | near-miss GPU best: 29 bits | ~9.0 MH/s
[C88-GPU-FIX] Near-miss GPU nonce=458571070 best=20 bits (target_bits=20) — minage continue (PAS un bloc valide)
[C88-GPU-FIX] Near-miss GPU nonce=471754396 best=23 bits (target_bits=20) — minage continue (PAS un bloc valide)
[C69-GPU] batch #1800 | GPU hashes: 471859200 | near-miss GPU best: 29 bits | ~9.0 MH/s
[C69-GPU] batch #1900 | GPU hashes: 498073600 | near-miss GPU best: 29 bits | ~9.0 MH/s
[C69-GPU] batch #2000 | GPU hashes: 524288000 | near-miss GPU best: 29 bits | ~9.0 MH/s
[BTC_QM] elapsed=50.0s hashes=567391232 hashrate=11.34MH/s best_leading=29 best_nonce=347747978 nx48_delta=4.30
[C69-GPU] batch #2100 | GPU hashes: 550502400 | near-miss GPU best: 29 bits | ~9.0 MH/s
[C88-GPU-FIX] Near-miss GPU nonce=576528233 best=22 bits (target_bits=20) — minage continue (PAS un bloc valide)
[C69-GPU] batch #2200 | GPU hashes: 576716800 | near-miss GPU best: 29 bits | ~9.0 MH/s
[C69-GPU] batch #2300 | GPU hashes: 602931200 | near-miss GPU best: 29 bits | ~9.0 MH/s
[BTC_QM] elapsed=60.0s hashes=665566208 hashrate=11.08MH/s best_leading=29 best_nonce=347747978 nx48_delta=4.92
[C69-GPU] batch #2400 | GPU hashes: 629145600 | near-miss GPU best: 29 bits | ~9.0 MH/s
[C69-GPU] batch #2500 | GPU hashes: 655360000 | near-miss GPU best: 29 bits | ~9.0 MH/s
[C69-GPU] batch #2600 | GPU hashes: 681574400 | near-miss GPU best: 29 bits | ~9.0 MH/s
[C88-GPU-FIX] Near-miss GPU nonce=694492167 best=23 bits (target_bits=20) — minage continue (PAS un bloc valide)
[C69-GPU] batch #2700 | GPU hashes: 707788800 | near-miss GPU best: 29 bits | ~9.0 MH/s
[BTC_QM] elapsed=70.1s hashes=756781568 hashrate=10.80MH/s best_leading=29 best_nonce=347747978 nx48_delta=5.43
[C69-GPU] batch #2800 | GPU hashes: 734003200 | near-miss GPU best: 29 bits | ~9.0 MH/s
[C69-GPU] batch #2900 | GPU hashes: 760217600 | near-miss GPU best: 29 bits | ~9.0 MH/s
[C88-GPU-FIX] Near-miss GPU nonce=773130089 best=20 bits (target_bits=20) — minage continue (PAS un bloc valide)
[C69-GPU] batch #3000 | GPU hashes: 786432000 | near-miss GPU best: 29 bits | ~9.0 MH/s
[BTC_QM] elapsed=80.1s hashes=841819648 hashrate=10.51MH/s best_leading=29 best_nonce=347747978 nx48_delta=5.84
[C69-GPU] batch #3100 | GPU hashes: 812646400 | near-miss GPU best: 29 bits | ~9.0 MH/s
[C69-GPU] batch #3200 | GPU hashes: 838860800 | near-miss GPU best: 29 bits | ~9.0 MH/s
[C69-GPU] batch #3300 | GPU hashes: 865075200 | near-miss GPU best: 29 bits | ~9.0 MH/s
[BTC_QM] elapsed=90.1s hashes=927224320 hashrate=10.29MH/s best_leading=29 best_nonce=347747978 nx48_delta=6.06
[C69-GPU] batch #3400 | GPU hashes: 891289600 | near-miss GPU best: 29 bits | ~9.0 MH/s
[C69-GPU] batch #3500 | GPU hashes: 917504000 | near-miss GPU best: 29 bits | ~9.0 MH/s
[C88-GPU-FIX] Near-miss GPU nonce=943504049 best=20 bits (target_bits=20) — minage continue (PAS un bloc valide)
[C69-GPU] batch #3600 | GPU hashes: 943718400 | near-miss GPU best: 29 bits | ~9.0 MH/s
[BTC_QM] elapsed=100.1s hashes=1016969728 hashrate=10.16MH/s best_leading=29 best_nonce=347747978 nx48_delta=8.30
[C88-GPU-FIX] Near-miss GPU nonce=956804628 best=22 bits (target_bits=20) — minage continue (PAS un bloc valide)
[C69-GPU] batch #3700 | GPU hashes: 969932800 | near-miss GPU best: 29 bits | ~9.0 MH/s
[C69-GPU] batch #3800 | GPU hashes: 996147200 | near-miss GPU best: 29 bits | ~9.0 MH/s
[C69-GPU] batch #3900 | GPU hashes: 1022361600 | near-miss GPU best: 29 bits | ~9.0 MH/s
[BTC_QM] elapsed=110.1s hashes=1107057152 hashrate=10.05MH/s best_leading=29 best_nonce=347747978 nx48_delta=8.36
[C69-GPU] batch #4000 | GPU hashes: 1048576000 | near-miss GPU best: 29 bits | ~9.0 MH/s
[C88-GPU-FIX] Near-miss GPU nonce=1074540042 best=21 bits (target_bits=20) — minage continue (PAS un bloc valide)
[C69-GPU] batch #4100 | GPU hashes: 1074790400 | near-miss GPU best: 29 bits | ~9.0 MH/s
[C88-GPU-FIX] Near-miss GPU nonce=1100807543 best=23 bits (target_bits=20) — minage continue (PAS un bloc valide)
[C69-GPU] batch #4200 | GPU hashes: 1101004800 | near-miss GPU best: 29 bits | ~9.0 MH/s
[C69-GPU] batch #4300 | GPU hashes: 1127219200 | near-miss GPU best: 29 bits | ~9.0 MH/s
[BTC_QM] elapsed=120.1s hashes=1201092608 hashrate=10.00MH/s best_leading=29 best_nonce=347747978 nx48_delta=9.18
[C69-GPU] batch #4400 | GPU hashes: 1153433600 | near-miss GPU best: 29 bits | ~9.0 MH/s
[C69-GPU] batch #4500 | GPU hashes: 1179648000 | near-miss GPU best: 29 bits | ~9.0 MH/s
[C88-GPU-FIX] Near-miss GPU nonce=1192601675 best=21 bits (target_bits=20) — minage continue (PAS un bloc valide)
[C69-GPU] batch #4600 | GPU hashes: 1205862400 | near-miss GPU best: 29 bits | ~9.0 MH/s
[BTC_QM] elapsed=130.1s hashes=1298223616 hashrate=9.98MH/s best_leading=29 best_nonce=1133331576 nx48_delta=9.26
[C88-GPU-FIX] Near-miss GPU nonce=1232023666 best=23 bits (target_bits=20) — minage continue (PAS un bloc valide)
[C69-GPU] batch #4700 | GPU hashes: 1232076800 | near-miss GPU best: 29 bits | ~9.0 MH/s
[C69-GPU] batch #4800 | GPU hashes: 1258291200 | near-miss GPU best: 29 bits | ~9.0 MH/s
[C69-GPU] batch #4900 | GPU hashes: 1284505600 | near-miss GPU best: 29 bits | ~9.0 MH/s
[C69-GPU] batch #5000 | GPU hashes: 1310720000 | near-miss GPU best: 29 bits | ~9.0 MH/s
[BTC_QM] elapsed=140.1s hashes=1394054144 hashrate=9.95MH/s best_leading=29 best_nonce=1242837651 nx48_delta=10.31
[C69-GPU] batch #5100 | GPU hashes: 1336934400 | near-miss GPU best: 29 bits | ~9.0 MH/s
[C69-GPU] batch #5200 | GPU hashes: 1363148800 | near-miss GPU best: 29 bits | ~9.0 MH/s
[C69-GPU] batch #5300 | GPU hashes: 1389363200 | near-miss GPU best: 29 bits | ~9.0 MH/s
[BTC_QM] elapsed=150.1s hashes=1490162176 hashrate=9.92MH/s best_leading=29 best_nonce=1242837651 nx48_delta=11.02
[C69-GPU] batch #5400 | GPU hashes: 1415577600 | near-miss GPU best: 29 bits | ~9.0 MH/s
[C69-GPU] batch #5500 | GPU hashes: 1441792000 | near-miss GPU best: 29 bits | ~9.0 MH/s
[C88-GPU-FIX] Near-miss GPU nonce=1467867772 best=20 bits (target_bits=20) — minage continue (PAS un bloc valide)
[C69-GPU] batch #5600 | GPU hashes: 1468006400 | near-miss GPU best: 29 bits | ~9.0 MH/s
[BTC_QM] elapsed=160.1s hashes=1586247168 hashrate=9.90MH/s best_leading=29 best_nonce=1242837651 nx48_delta=13.83
[C69-GPU] batch #5700 | GPU hashes: 1494220800 | near-miss GPU best: 29 bits | ~9.0 MH/s
[C69-GPU] batch #5800 | GPU hashes: 1520435200 | near-miss GPU best: 29 bits | ~9.0 MH/s
[C88-GPU-FIX] Near-miss GPU nonce=1546514352 best=21 bits (target_bits=20) — minage continue (PAS un bloc valide)
[C69-GPU] batch #5900 | GPU hashes: 1546649600 | near-miss GPU best: 29 bits | ~9.0 MH/s
[C69-GPU] batch #6000 | GPU hashes: 1572864000 | near-miss GPU best: 29 bits | ~9.0 MH/s
[BTC_QM] elapsed=170.2s hashes=1683433472 hashrate=9.89MH/s best_leading=29 best_nonce=1242837651 nx48_delta=16.16
[C69-GPU] batch #6100 | GPU hashes: 1599078400 | near-miss GPU best: 29 bits | ~9.0 MH/s
[C88-GPU-FIX] Near-miss GPU nonce=1625071973 best=23 bits (target_bits=20) — minage continue (PAS un bloc valide)
[C69-GPU] batch #6200 | GPU hashes: 1625292800 | near-miss GPU best: 29 bits | ~9.0 MH/s
[C69-GPU] batch #6300 | GPU hashes: 1651507200 | near-miss GPU best: 29 bits | ~9.0 MH/s
[BTC_QM] elapsed=180.2s hashes=1780313601 hashrate=9.88MH/s best_leading=29 best_nonce=1242837651 nx48_delta=13.91
[C69-GPU] batch #6400 | GPU hashes: 1677721600 | near-miss GPU best: 29 bits | ~9.0 MH/s
[C69-GPU] batch #6500 | GPU hashes: 1703936000 | near-miss GPU best: 29 bits | ~9.0 MH/s
[C69-GPU] batch #6600 | GPU hashes: 1730150400 | near-miss GPU best: 29 bits | ~9.0 MH/s
[C88-GPU-FIX] Near-miss GPU nonce=1743033466 best=20 bits (target_bits=20) — minage continue (PAS un bloc valide)
[C69-GPU] batch #6700 | GPU hashes: 1756364800 | near-miss GPU best: 29 bits | ~9.0 MH/s
[BTC_QM] elapsed=190.2s hashes=1876616705 hashrate=9.87MH/s best_leading=29 best_nonce=1242837651 nx48_delta=13.64
[C88-GPU-FIX] Near-miss GPU nonce=1782518462 best=21 bits (target_bits=20) — minage continue (PAS un bloc valide)
[C69-GPU] batch #6800 | GPU hashes: 1782579200 | near-miss GPU best: 29 bits | ~9.0 MH/s
[C69-GPU] batch #6900 | GPU hashes: 1808793600 | near-miss GPU best: 29 bits | ~9.0 MH/s
[C69-GPU] batch #7000 | GPU hashes: 1835008000 | near-miss GPU best: 29 bits | ~9.0 MH/s
[BTC_QM] elapsed=200.2s hashes=1972737025 hashrate=9.85MH/s best_leading=29 best_nonce=1242837651 nx48_delta=14.95
[C69-GPU] batch #7100 | GPU hashes: 1861222400 | near-miss GPU best: 29 bits | ~9.0 MH/s
[C69-GPU] batch #7200 | GPU hashes: 1887436800 | near-miss GPU best: 29 bits | ~9.0 MH/s
[C88-GPU-FIX] Near-miss GPU nonce=1900326630 best=20 bits (target_bits=20) — minage continue (PAS un bloc valide)
[C69-GPU] batch #7300 | GPU hashes: 1913651200 | near-miss GPU best: 29 bits | ~9.0 MH/s
[C88-GPU-FIX] Near-miss GPU nonce=1939731523 best=21 bits (target_bits=20) — minage continue (PAS un bloc valide)
[C69-GPU] batch #7400 | GPU hashes: 1939865600 | near-miss GPU best: 29 bits | ~9.0 MH/s
[BTC_QM] elapsed=210.2s hashes=2070190593 hashrate=9.85MH/s best_leading=29 best_nonce=1242837651 nx48_delta=16.75
[C69-GPU] batch #7500 | GPU hashes: 1966080000 | near-miss GPU best: 29 bits | ~9.0 MH/s
[C69-GPU] batch #7600 | GPU hashes: 1992294400 | near-miss GPU best: 29 bits | ~9.0 MH/s
[C69-GPU] batch #7700 | GPU hashes: 2018508800 | near-miss GPU best: 29 bits | ~9.0 MH/s
[C88-GPU-FIX] Near-miss GPU nonce=2031577512 best=20 bits (target_bits=20) — minage continue (PAS un bloc valide)
[BTC_QM] elapsed=220.2s hashes=2166831105 hashrate=9.84MH/s best_leading=29 best_nonce=1242837651 nx48_delta=19.53
[C69-GPU] batch #7800 | GPU hashes: 2044723200 | near-miss GPU best: 29 bits | ~9.0 MH/s
[C88-GPU-FIX] Near-miss GPU nonce=2057748523 best=20 bits (target_bits=20) — minage continue (PAS un bloc valide)
[C88-GPU-FIX] Near-miss GPU nonce=2070752349 best=26 bits (target_bits=20) — minage continue (PAS un bloc valide)
[C69-GPU] batch #7900 | GPU hashes: 2070937600 | near-miss GPU best: 29 bits | ~9.0 MH/s
[C69-GPU] batch #8000 | GPU hashes: 2097152000 | near-miss GPU best: 29 bits | ~9.0 MH/s
[C88-GPU-FIX] Near-miss GPU nonce=2123147553 best=20 bits (target_bits=20) — minage continue (PAS un bloc valide)
[C69-GPU] batch #8100 | GPU hashes: 2123366400 | near-miss GPU best: 29 bits | ~9.0 MH/s
[BTC_QM] elapsed=230.3s hashes=2261929473 hashrate=9.82MH/s best_leading=29 best_nonce=1242837651 nx48_delta=22.95
[C69-GPU] batch #8200 | GPU hashes: 2149580800 | near-miss GPU best: 29 bits | ~9.0 MH/s
[C69-GPU] batch #8300 | GPU hashes: 2175795200 | near-miss GPU best: 29 bits | ~9.0 MH/s
[C69-GPU] batch #8400 | GPU hashes: 2202009600 | near-miss GPU best: 29 bits | ~9.0 MH/s
[BTC_QM] elapsed=240.3s hashes=2357315585 hashrate=9.81MH/s best_leading=29 best_nonce=1242837651 nx48_delta=23.88
[C69-GPU] batch #8500 | GPU hashes: 2228224000 | near-miss GPU best: 29 bits | ~9.0 MH/s
[C88-GPU-FIX] Near-miss GPU nonce=2241232702 best=20 bits (target_bits=20) — minage continue (PAS un bloc valide)
[C69-GPU] batch #8600 | GPU hashes: 2254438400 | near-miss GPU best: 29 bits | ~9.0 MH/s
[C69-GPU] batch #8700 | GPU hashes: 2280652800 | near-miss GPU best: 29 bits | ~9.0 MH/s
[C69-GPU] batch #8800 | GPU hashes: 2306867200 | near-miss GPU best: 29 bits | ~9.0 MH/s
[BTC_QM] elapsed=250.3s hashes=2452447745 hashrate=9.80MH/s best_leading=29 best_nonce=1242837651 nx48_delta=30.69
[C88-GPU-FIX] Near-miss GPU nonce=2332917224 best=20 bits (target_bits=20) — minage continue (PAS un bloc valide)
[C69-GPU] batch #8900 | GPU hashes: 2333081600 | near-miss GPU best: 29 bits | ~9.0 MH/s
[C69-GPU] batch #9000 | GPU hashes: 2359296000 | near-miss GPU best: 29 bits | ~9.0 MH/s
[C88-GPU-FIX] Near-miss GPU nonce=2372218829 best=20 bits (target_bits=20) — minage continue (PAS un bloc valide)
[C69-GPU] batch #9100 | GPU hashes: 2385510400 | near-miss GPU best: 29 bits | ~9.0 MH/s
[BTC_QM] elapsed=260.3s hashes=2547858945 hashrate=9.79MH/s best_leading=29 best_nonce=1242837651 nx48_delta=31.19
[C69-GPU] batch #9200 | GPU hashes: 2411724800 | near-miss GPU best: 29 bits | ~9.0 MH/s
[C88-GPU-FIX] Near-miss GPU nonce=2424599359 best=21 bits (target_bits=20) — minage continue (PAS un bloc valide)
[C69-GPU] batch #9300 | GPU hashes: 2437939200 | near-miss GPU best: 29 bits | ~9.0 MH/s
[C69-GPU] batch #9400 | GPU hashes: 2464153600 | near-miss GPU best: 29 bits | ~9.0 MH/s
[C69-GPU] batch #9500 | GPU hashes: 2490368000 | near-miss GPU best: 29 bits | ~9.0 MH/s
[BTC_QM] elapsed=270.3s hashes=2644580865 hashrate=9.78MH/s best_leading=29 best_nonce=1242837651 nx48_delta=38.94
[C69-GPU] batch #9600 | GPU hashes: 2516582400 | near-miss GPU best: 29 bits | ~9.0 MH/s
[C69-GPU] batch #9700 | GPU hashes: 2542796800 | near-miss GPU best: 29 bits | ~9.0 MH/s
[C88-GPU-FIX] Near-miss GPU nonce=2568819260 best=20 bits (target_bits=20) — minage continue (PAS un bloc valide)
[C69-GPU] batch #9800 | GPU hashes: 2569011200 | near-miss GPU best: 29 bits | ~9.0 MH/s
[C88-GPU-FIX] Near-miss GPU nonce=2581859853 best=21 bits (target_bits=20) — minage continue (PAS un bloc valide)
[BTC_QM] elapsed=280.3s hashes=2741573121 hashrate=9.78MH/s best_leading=29 best_nonce=2511442046 nx48_delta=42.81
[C69-GPU] batch #9900 | GPU hashes: 2595225600 | near-miss GPU best: 29 bits | ~9.0 MH/s
[C69-GPU] batch #10000 | GPU hashes: 2621440000 | near-miss GPU best: 29 bits | ~9.0 MH/s
[C69-GPU] batch #10100 | GPU hashes: 2647654400 | near-miss GPU best: 29 bits | ~9.0 MH/s
[BTC_QM] elapsed=290.4s hashes=2838279681 hashrate=9.78MH/s best_leading=29 best_nonce=2511442046 nx48_delta=52.55
[C69-GPU] batch #10200 | GPU hashes: 2673868800 | near-miss GPU best: 29 bits | ~9.0 MH/s
[C88-GPU-FIX] Near-miss GPU nonce=2700031408 best=24 bits (target_bits=20) — minage continue (PAS un bloc valide)
[C69-GPU] batch #10300 | GPU hashes: 2700083200 | near-miss GPU best: 29 bits | ~9.0 MH/s
[C69-GPU] batch #10400 | GPU hashes: 2726297600 | near-miss GPU best: 29 bits | ~9.0 MH/s
[C69-GPU] batch #10500 | GPU hashes: 2752512000 | near-miss GPU best: 29 bits | ~9.0 MH/s
[BTC_QM] elapsed=300.4s hashes=2934964737 hashrate=9.77MH/s best_leading=29 best_nonce=2511442046 nx48_delta=51.65
[C69-GPU] batch #10600 | GPU hashes: 2778726400 | near-miss GPU best: 29 bits | ~9.0 MH/s
[C69-GPU] batch #10700 | GPU hashes: 2804940800 | near-miss GPU best: 29 bits | ~9.0 MH/s
[C69-GPU] batch #10800 | GPU hashes: 2831155200 | near-miss GPU best: 29 bits | ~9.0 MH/s
[BTC_QM] elapsed=310.4s hashes=3031911937 hashrate=9.77MH/s best_leading=29 best_nonce=2511442046 nx48_delta=52.28
[C69-GPU] batch #10900 | GPU hashes: 2857369600 | near-miss GPU best: 29 bits | ~9.0 MH/s
[C69-GPU] batch #11000 | GPU hashes: 2883584000 | near-miss GPU best: 29 bits | ~9.0 MH/s
[C88-GPU-FIX] Near-miss GPU nonce=2896530545 best=20 bits (target_bits=20) — minage continue (PAS un bloc valide)
[C69-GPU] batch #11100 | GPU hashes: 2909798400 | near-miss GPU best: 29 bits | ~9.0 MH/s
[C69-GPU] batch #11200 | GPU hashes: 2936012800 | near-miss GPU best: 29 bits | ~9.0 MH/s
[BTC_QM] elapsed=320.4s hashes=3128373761 hashrate=9.76MH/s best_leading=29 best_nonce=2511442046 nx48_delta=54.39
[C69-GPU] batch #11300 | GPU hashes: 2962227200 | near-miss GPU best: 29 bits | ~9.0 MH/s
[C69-GPU] batch #11400 | GPU hashes: 2988441600 | near-miss GPU best: 29 bits | ~9.0 MH/s
[C88-GPU-FIX] Near-miss GPU nonce=3014398343 best=20 bits (target_bits=20) — minage continue (PAS un bloc valide)
[C69-GPU] batch #11500 | GPU hashes: 3014656000 | near-miss GPU best: 29 bits | ~9.0 MH/s
[BTC_QM] elapsed=330.4s hashes=3224846849 hashrate=9.76MH/s best_leading=29 best_nonce=2511442046 nx48_delta=53.60
[C88-GPU-FIX] Near-miss GPU nonce=3040733641 best=20 bits (target_bits=20) — minage continue (PAS un bloc valide)
[C69-GPU] batch #11600 | GPU hashes: 3040870400 | near-miss GPU best: 29 bits | ~9.0 MH/s
[C69-GPU] batch #11700 | GPU hashes: 3067084800 | near-miss GPU best: 29 bits | ~9.0 MH/s
[C88-GPU-FIX] Near-miss GPU nonce=3080093311 best=20 bits (target_bits=20) — minage continue (PAS un bloc valide)
[C88-GPU-FIX] Near-miss GPU nonce=3093112861 best=20 bits (target_bits=20) — minage continue (PAS un bloc valide)
[C69-GPU] batch #11800 | GPU hashes: 3093299200 | near-miss GPU best: 29 bits | ~9.0 MH/s
[C69-GPU] batch #11900 | GPU hashes: 3119513600 | near-miss GPU best: 29 bits | ~9.0 MH/s
[BTC_QM] elapsed=340.4s hashes=3322065409 hashrate=9.76MH/s best_leading=29 best_nonce=2511442046 nx48_delta=62.67
[C88-GPU-FIX] Near-miss GPU nonce=3145583808 best=22 bits (target_bits=20) — minage continue (PAS un bloc valide)
[C69-GPU] batch #12000 | GPU hashes: 3145728000 | near-miss GPU best: 29 bits | ~9.0 MH/s
[C88-GPU-FIX] Near-miss GPU nonce=3158597073 best=23 bits (target_bits=20) — minage continue (PAS un bloc valide)
[C88-GPU-FIX] Near-miss GPU nonce=3171756388 best=21 bits (target_bits=20) — minage continue (PAS un bloc valide)
[C69-GPU] batch #12100 | GPU hashes: 3171942400 | near-miss GPU best: 29 bits | ~9.0 MH/s
[C69-GPU] batch #12200 | GPU hashes: 3198156800 | near-miss GPU best: 29 bits | ~9.0 MH/s
[BTC_QM] elapsed=350.4s hashes=3418765825 hashrate=9.76MH/s best_leading=29 best_nonce=2511442046 nx48_delta=71.81
[C69-GPU] batch #12300 | GPU hashes: 3224371200 | near-miss GPU best: 29 bits | ~9.0 MH/s
[C69-GPU] batch #12400 | GPU hashes: 3250585600 | near-miss GPU best: 29 bits | ~9.0 MH/s
[C69-GPU] batch #12500 | GPU hashes: 3276800000 | near-miss GPU best: 29 bits | ~9.0 MH/s
[C69-GPU] batch #12600 | GPU hashes: 3303014400 | near-miss GPU best: 29 bits | ~9.0 MH/s
[BTC_QM] elapsed=360.4s hashes=3510730753 hashrate=9.74MH/s best_leading=29 best_nonce=2511442046 nx48_delta=83.74
[C88-GPU-FIX] Near-miss GPU nonce=3329185644 best=21 bits (target_bits=20) — minage continue (PAS un bloc valide)
[C69-GPU] batch #12700 | GPU hashes: 3329228800 | near-miss GPU best: 29 bits | ~9.0 MH/s
[C88-GPU-FIX] Near-miss GPU nonce=3355338209 best=20 bits (target_bits=20) — minage continue (PAS un bloc valide)
[C69-GPU] batch #12800 | GPU hashes: 3355443200 | near-miss GPU best: 29 bits | ~9.0 MH/s
[C69-GPU] batch #12900 | GPU hashes: 3381657600 | near-miss GPU best: 29 bits | ~9.0 MH/s
[C88-GPU-FIX] Near-miss GPU nonce=3394693073 best=20 bits (target_bits=20) — minage continue (PAS un bloc valide)
[BTC_QM] elapsed=370.4s hashes=3607165953 hashrate=9.74MH/s best_leading=29 best_nonce=2511442046 nx48_delta=89.75
[C69-GPU] batch #13000 | GPU hashes: 3407872000 | near-miss GPU best: 29 bits | ~9.0 MH/s
[C69-GPU] batch #13100 | GPU hashes: 3434086400 | near-miss GPU best: 29 bits | ~9.0 MH/s
[C69-GPU] batch #13200 | GPU hashes: 3460300800 | near-miss GPU best: 29 bits | ~9.0 MH/s
[C69-GPU] batch #13300 | GPU hashes: 3486515200 | near-miss GPU best: 29 bits | ~9.0 MH/s
[BTC_QM] elapsed=380.5s hashes=3701806081 hashrate=9.73MH/s best_leading=29 best_nonce=2511442046 nx48_delta=114.86
[C69-GPU] batch #13400 | GPU hashes: 3512729600 | near-miss GPU best: 29 bits | ~9.0 MH/s
[C88-GPU-FIX] Near-miss GPU nonce=3525582907 best=21 bits (target_bits=20) — minage continue (PAS un bloc valide)
[C69-GPU] batch #13500 | GPU hashes: 3538944000 | near-miss GPU best: 29 bits | ~9.0 MH/s
[C69-GPU] batch #13600 | GPU hashes: 3565158400 | near-miss GPU best: 29 bits | ~9.0 MH/s
[BTC_QM] elapsed=390.5s hashes=3798795265 hashrate=9.73MH/s best_leading=29 best_nonce=2511442046 nx48_delta=133.24
[C69-GPU] batch #13700 | GPU hashes: 3591372800 | near-miss GPU best: 29 bits | ~9.0 MH/s
[C69-GPU] batch #13800 | GPU hashes: 3617587200 | near-miss GPU best: 29 bits | ~9.0 MH/s
[C69-GPU] batch #13900 | GPU hashes: 3643801600 | near-miss GPU best: 29 bits | ~9.0 MH/s
[C69-GPU] batch #14000 | GPU hashes: 3670016000 | near-miss GPU best: 29 bits | ~9.0 MH/s
[BTC_QM] elapsed=400.5s hashes=3895240705 hashrate=9.73MH/s best_leading=29 best_nonce=2511442046 nx48_delta=159.68
[C88-GPU-FIX] Near-miss GPU nonce=3696097238 best=21 bits (target_bits=20) — minage continue (PAS un bloc valide)
[C69-GPU] batch #14100 | GPU hashes: 3696230400 | near-miss GPU best: 29 bits | ~9.0 MH/s
[C88-GPU-FIX] Near-miss GPU nonce=3722317398 best=20 bits (target_bits=20) — minage continue (PAS un bloc valide)
[C69-GPU] batch #14200 | GPU hashes: 3722444800 | near-miss GPU best: 29 bits | ~9.0 MH/s
[C88-GPU-FIX] Near-miss GPU nonce=3735439248 best=20 bits (target_bits=20) — minage continue (PAS un bloc valide)
[C69-GPU] batch #14300 | GPU hashes: 3748659200 | near-miss GPU best: 29 bits | ~9.0 MH/s
[BTC_QM] elapsed=410.5s hashes=3990631937 hashrate=9.72MH/s best_leading=29 best_nonce=2511442046 nx48_delta=164.01
[C69-GPU] batch #14400 | GPU hashes: 3774873600 | near-miss GPU best: 29 bits | ~9.0 MH/s
[C88-GPU-FIX] Near-miss GPU nonce=3787946523 best=20 bits (target_bits=20) — minage continue (PAS un bloc valide)
[C69-GPU] batch #14500 | GPU hashes: 3801088000 | near-miss GPU best: 29 bits | ~9.0 MH/s
[C69-GPU] batch #14600 | GPU hashes: 3827302400 | near-miss GPU best: 29 bits | ~9.0 MH/s
[C88-GPU-FIX] Near-miss GPU nonce=3840377482 best=20 bits (target_bits=20) — minage continue (PAS un bloc valide)
[BTC_QM] elapsed=420.5s hashes=4087325697 hashrate=9.72MH/s best_leading=29 best_nonce=2511442046 nx48_delta=195.84
[C88-GPU-FIX] Near-miss GPU nonce=3853358755 best=23 bits (target_bits=20) — minage continue (PAS un bloc valide)
[C69-GPU] batch #14700 | GPU hashes: 3853516800 | near-miss GPU best: 29 bits | ~9.0 MH/s
[C88-GPU-FIX] Near-miss GPU nonce=3866389004 best=21 bits (target_bits=20) — minage continue (PAS un bloc valide)
[C69-GPU] batch #14800 | GPU hashes: 3879731200 | near-miss GPU best: 29 bits | ~9.0 MH/s
[C88-GPU-FIX] Near-miss GPU nonce=3905762412 best=20 bits (target_bits=20) — minage continue (PAS un bloc valide)
[C69-GPU] batch #14900 | GPU hashes: 3905945600 | near-miss GPU best: 29 bits | ~9.0 MH/s
[C69-GPU] batch #15000 | GPU hashes: 3932160000 | near-miss GPU best: 29 bits | ~9.0 MH/s
[BTC_QM] elapsed=430.5s hashes=4184293889 hashrate=9.72MH/s best_leading=29 best_nonce=2511442046 nx48_delta=219.03
[C69-GPU] batch #15100 | GPU hashes: 3958374400 | near-miss GPU best: 29 bits | ~9.0 MH/s
[C69-GPU] batch #15200 | GPU hashes: 3984588800 | near-miss GPU best: 29 bits | ~9.0 MH/s
[C88-GPU-FIX] Near-miss GPU nonce=3997470432 best=20 bits (target_bits=20) — minage continue (PAS un bloc valide)
[C69-GPU] batch #15300 | GPU hashes: 4010803200 | near-miss GPU best: 29 bits | ~9.0 MH/s
[BTC_QM] elapsed=440.5s hashes=4280768513 hashrate=9.72MH/s best_leading=29 best_nonce=2511442046 nx48_delta=289.89
[C69-GPU] batch #15400 | GPU hashes: 4037017600 | near-miss GPU best: 29 bits | ~9.0 MH/s
[C88-GPU-FIX] Near-miss GPU nonce=4050079076 best=22 bits (target_bits=20) — minage continue (PAS un bloc valide)
[C69-GPU] batch #15500 | GPU hashes: 4063232000 | near-miss GPU best: 29 bits | ~9.0 MH/s
[C69-GPU] batch #15600 | GPU hashes: 4089446400 | near-miss GPU best: 29 bits | ~9.0 MH/s
[C88-GPU-FIX] Near-miss GPU nonce=4102395736 best=20 bits (target_bits=20) — minage continue (PAS un bloc valide)
[C69-GPU] batch #15700 | GPU hashes: 4115660800 | near-miss GPU best: 29 bits | ~9.0 MH/s
[BTC_QM] elapsed=450.6s hashes=4377766401 hashrate=9.72MH/s best_leading=29 best_nonce=2511442046 nx48_delta=434.63
[C69-GPU] batch #15800 | GPU hashes: 4141875200 | near-miss GPU best: 29 bits | ~9.0 MH/s
[C88-GPU-FIX] Near-miss GPU nonce=4167881523 best=21 bits (target_bits=20) — minage continue (PAS un bloc valide)
[C69-GPU] batch #15900 | GPU hashes: 4168089600 | near-miss GPU best: 29 bits | ~9.0 MH/s
[C88-GPU-FIX] Near-miss GPU nonce=4194053780 best=23 bits (target_bits=20) — minage continue (PAS un bloc valide)
[C69-GPU] batch #16000 | GPU hashes: 4194304000 | near-miss GPU best: 29 bits | ~9.0 MH/s
[C88-GPU-FIX] Near-miss GPU nonce=4207174873 best=22 bits (target_bits=20) — minage continue (PAS un bloc valide)
[BTC_QM] elapsed=460.6s hashes=4474484737 hashrate=9.72MH/s best_leading=29 best_nonce=2511442046 nx48_delta=495.15
[LUMVORAX:ANOMALY] module=btc_qm_engine desc=btc_nx48_delta_cap_500 val=500.000000 src=src/nx48_btc_controller.c:896
[C69-GPU] batch #16100 | GPU hashes: 4220518400 | near-miss GPU best: 29 bits | ~9.0 MH/s
[C88-GPU-FIX] Near-miss GPU nonce=4233444492 best=21 bits (target_bits=20) — minage continue (PAS un bloc valide)
[C69-GPU] Nouveau record GPU : 31 bits (nonce_start=4235198464)
[C111-ALLTIME-GPU] RECORD ABSOLU GPU lz=31 nonce=4235198464 → btc_nx48_alltime.csv
[LUMVORAX:ANOMALY] module=btc_qm_engine desc=btc_nx48_delta_cap_500 val=500.000000 src=src/nx48_btc_controller.c:896
[LUMVORAX:ANOMALY] module=btc_qm_engine desc=btc_nx48_delta_reset_stall_c62 val=11.212177 src=src/nx48_btc_controller.c:984
[NX48-C62] Reset delta_nonce 500.0->11.212 (stall_long=230 cap500_plateau)
[C88-GPU-FIX] Near-miss GPU nonce=4246683679 best=21 bits (target_bits=20) — minage continue (PAS un bloc valide)
[C69-GPU] batch #16200 | GPU hashes: 4246732800 | near-miss GPU best: 31 bits | ~9.0 MH/s
[C88-GPU-FIX] Near-miss GPU nonce=4272703753 best=23 bits (target_bits=20) — minage continue (PAS un bloc valide)
[C69-GPU] batch #16300 | GPU hashes: 4272947200 | near-miss GPU best: 31 bits | ~9.0 MH/s
[C88-GPU-FIX] Near-miss GPU nonce=2151712225 best=20 bits (target_bits=20) — minage continue (PAS un bloc valide)
[C69-GPU] batch #16400 | GPU hashes: 4299161600 | near-miss GPU best: 31 bits | ~9.0 MH/s
[BTC_QM] elapsed=470.6s hashes=4569118746 hashrate=9.71MH/s best_leading=31 best_nonce=4235415157 nx48_delta=12.98
[C69-GPU] batch #16500 | GPU hashes: 4325376000 | near-miss GPU best: 31 bits | ~9.0 MH/s
[C69-GPU] batch #16600 | GPU hashes: 4351590400 | near-miss GPU best: 31 bits | ~9.0 MH/s
[C69-GPU] batch #16700 | GPU hashes: 4377804800 | near-miss GPU best: 31 bits | ~9.0 MH/s
[C88-GPU-FIX] Near-miss GPU nonce=2243482080 best=21 bits (target_bits=20) — minage continue (PAS un bloc valide)
[BTC_QM] elapsed=480.6s hashes=4664503834 hashrate=9.71MH/s best_leading=31 best_nonce=4235415157 nx48_delta=14.37
[C69-GPU] batch #16800 | GPU hashes: 4404019200 | near-miss GPU best: 31 bits | ~9.0 MH/s
[C69-GPU] batch #16900 | GPU hashes: 4430233600 | near-miss GPU best: 31 bits | ~9.0 MH/s
[C88-GPU-FIX] Near-miss GPU nonce=2308877544 best=21 bits (target_bits=20) — minage continue (PAS un bloc valide)
[C69-GPU] batch #17000 | GPU hashes: 4456448000 | near-miss GPU best: 31 bits | ~9.0 MH/s
[C88-GPU-FIX] Near-miss GPU nonce=2335143810 best=20 bits (target_bits=20) — minage continue (PAS un bloc valide)
[C69-GPU] batch #17100 | GPU hashes: 4482662400 | near-miss GPU best: 31 bits | ~9.0 MH/s
[BTC_QM] elapsed=490.6s hashes=4761965594 hashrate=9.71MH/s best_leading=31 best_nonce=4235415157 nx48_delta=14.42
[C88-GPU-FIX] Near-miss GPU nonce=2348157623 best=20 bits (target_bits=20) — minage continue (PAS un bloc valide)
[C69-GPU] batch #17200 | GPU hashes: 4508876800 | near-miss GPU best: 31 bits | ~9.0 MH/s
[C88-GPU-FIX] Near-miss GPU nonce=2387524824 best=20 bits (target_bits=20) — minage continue (PAS un bloc valide)
[C69-GPU] batch #17300 | GPU hashes: 4535091200 | near-miss GPU best: 31 bits | ~9.0 MH/s
[C69-GPU] batch #17400 | GPU hashes: 4561305600 | near-miss GPU best: 31 bits | ~9.0 MH/s
[BTC_QM] elapsed=500.6s hashes=4859712026 hashrate=9.71MH/s best_leading=31 best_nonce=4235415157 nx48_delta=18.85
[C69-GPU] batch #17500 | GPU hashes: 4587520000 | near-miss GPU best: 31 bits | ~9.0 MH/s
[C88-GPU-FIX] Near-miss GPU nonce=2466123967 best=22 bits (target_bits=20) — minage continue (PAS un bloc valide)
[C69-GPU] batch #17600 | GPU hashes: 4613734400 | near-miss GPU best: 31 bits | ~9.0 MH/s
[C69-GPU] batch #17700 | GPU hashes: 4639948800 | near-miss GPU best: 31 bits | ~9.0 MH/s
[C69-GPU] batch #17800 | GPU hashes: 4666163200 | near-miss GPU best: 31 bits | ~9.0 MH/s
[BTC_QM] elapsed=510.6s hashes=4956909594 hashrate=9.71MH/s best_leading=31 best_nonce=4235415157 nx48_delta=26.19
[C69-GPU] batch #17900 | GPU hashes: 4692377600 | near-miss GPU best: 31 bits | ~9.0 MH/s
[C69-GPU] batch #18000 | GPU hashes: 4718592000 | near-miss GPU best: 31 bits | ~9.0 MH/s
[C88-GPU-FIX] Near-miss GPU nonce=2584086897 best=20 bits (target_bits=20) — minage continue (PAS un bloc valide)
[C69-GPU] batch #18100 | GPU hashes: 4744806400 | near-miss GPU best: 31 bits | ~9.0 MH/s
[C88-GPU-FIX] Near-miss GPU nonce=2610375755 best=21 bits (target_bits=20) — minage continue (PAS un bloc valide)
[BTC_QM] elapsed=520.6s hashes=5052991002 hashrate=9.71MH/s best_leading=31 best_nonce=4235415157 nx48_delta=34.23
[C69-GPU] batch #18200 | GPU hashes: 4771020800 | near-miss GPU best: 31 bits | ~9.0 MH/s
[C88-GPU-FIX] Near-miss GPU nonce=2636656704 best=22 bits (target_bits=20) — minage continue (PAS un bloc valide)
[C69-GPU] batch #18300 | GPU hashes: 4797235200 | near-miss GPU best: 31 bits | ~9.0 MH/s
[C69-GPU] batch #18400 | GPU hashes: 4823449600 | near-miss GPU best: 31 bits | ~9.0 MH/s
[C88-GPU-FIX] Near-miss GPU nonce=2702125470 best=22 bits (target_bits=20) — minage continue (PAS un bloc valide)
[C69-GPU] batch #18500 | GPU hashes: 4849664000 | near-miss GPU best: 31 bits | ~9.0 MH/s
[BTC_QM] elapsed=530.6s hashes=5148811290 hashrate=9.70MH/s best_leading=31 best_nonce=4235415157 nx48_delta=38.47
[C88-GPU-FIX] Near-miss GPU nonce=2715316300 best=22 bits (target_bits=20) — minage continue (PAS un bloc valide)
[C88-GPU-FIX] Near-miss GPU nonce=2728371370 best=20 bits (target_bits=20) — minage continue (PAS un bloc valide)
[C69-GPU] batch #18600 | GPU hashes: 4875878400 | near-miss GPU best: 31 bits | ~9.0 MH/s
[C69-GPU] batch #18700 | GPU hashes: 4902092800 | near-miss GPU best: 31 bits | ~9.0 MH/s
[C69-GPU] batch #18800 | GPU hashes: 4928307200 | near-miss GPU best: 31 bits | ~9.0 MH/s
[C88-GPU-FIX] Near-miss GPU nonce=2793933337 best=21 bits (target_bits=20) — minage continue (PAS un bloc valide)
[BTC_QM] elapsed=540.6s hashes=5245482010 hashrate=9.70MH/s best_leading=31 best_nonce=4235415157 nx48_delta=43.64
[C69-GPU] batch #18900 | GPU hashes: 4954521600 | near-miss GPU best: 31 bits | ~9.0 MH/s
[C69-GPU] batch #19000 | GPU hashes: 4980736000 | near-miss GPU best: 31 bits | ~9.0 MH/s
[C88-GPU-FIX] Near-miss GPU nonce=2859507719 best=20 bits (target_bits=20) — minage continue (PAS un bloc valide)
[C69-GPU] batch #19100 | GPU hashes: 5006950400 | near-miss GPU best: 31 bits | ~9.0 MH/s
[C69-GPU] batch #19200 | GPU hashes: 5033164800 | near-miss GPU best: 31 bits | ~9.0 MH/s
[BTC_QM] elapsed=550.6s hashes=5340275226 hashrate=9.70MH/s best_leading=31 best_nonce=4235415157 nx48_delta=47.28
[C69-GPU] batch #19300 | GPU hashes: 5059379200 | near-miss GPU best: 31 bits | ~9.0 MH/s
[C69-GPU] batch #19400 | GPU hashes: 5085593600 | near-miss GPU best: 31 bits | ~9.0 MH/s
[C69-GPU] batch #19500 | GPU hashes: 5111808000 | near-miss GPU best: 31 bits | ~9.0 MH/s
[BTC_QM] elapsed=560.6s hashes=5436397594 hashrate=9.70MH/s best_leading=31 best_nonce=4235415157 nx48_delta=58.57
[C88-GPU-FIX] Near-miss GPU nonce=2977301158 best=20 bits (target_bits=20) — minage continue (PAS un bloc valide)
[C69-GPU] batch #19600 | GPU hashes: 5138022400 | near-miss GPU best: 31 bits | ~9.0 MH/s
[C88-GPU-FIX] Near-miss GPU nonce=3003693158 best=20 bits (target_bits=20) — minage continue (PAS un bloc valide)
[C88-GPU-FIX] Near-miss GPU nonce=3016712770 best=20 bits (target_bits=20) — minage continue (PAS un bloc valide)
[C69-GPU] batch #19700 | GPU hashes: 5164236800 | near-miss GPU best: 31 bits | ~9.0 MH/s
[C69-GPU] batch #19800 | GPU hashes: 5190451200 | near-miss GPU best: 31 bits | ~9.0 MH/s
[BTC_QM] elapsed=570.7s hashes=5533043226 hashrate=9.70MH/s best_leading=31 best_nonce=4235415157 nx48_delta=66.89
[C69-GPU] batch #19900 | GPU hashes: 5216665600 | near-miss GPU best: 31 bits | ~9.0 MH/s
[C69-GPU] batch #20000 | GPU hashes: 5242880000 | near-miss GPU best: 31 bits | ~9.0 MH/s
[C88-GPU-FIX] Near-miss GPU nonce=3108431391 best=20 bits (target_bits=20) — minage continue (PAS un bloc valide)
[C69-GPU] batch #20100 | GPU hashes: 5269094400 | near-miss GPU best: 31 bits | ~9.0 MH/s
[C88-GPU-FIX] Near-miss GPU nonce=3147777257 best=23 bits (target_bits=20) — minage continue (PAS un bloc valide)
[C69-GPU] batch #20200 | GPU hashes: 5295308800 | near-miss GPU best: 31 bits | ~9.0 MH/s
[BTC_QM] elapsed=580.7s hashes=5629680666 hashrate=9.69MH/s best_leading=31 best_nonce=4235415157 nx48_delta=78.06
[C88-GPU-FIX] Near-miss GPU nonce=3173978395 best=23 bits (target_bits=20) — minage continue (PAS un bloc valide)
[C69-GPU] batch #20300 | GPU hashes: 5321523200 | near-miss GPU best: 31 bits | ~9.0 MH/s
[C69-GPU] batch #20400 | GPU hashes: 5347737600 | near-miss GPU best: 31 bits | ~9.0 MH/s
[C69-GPU] batch #20500 | GPU hashes: 5373952000 | near-miss GPU best: 31 bits | ~9.0 MH/s
[C88-GPU-FIX] Near-miss GPU nonce=3239615141 best=22 bits (target_bits=20) — minage continue (PAS un bloc valide)
[BTC_QM] elapsed=590.7s hashes=5726615066 hashrate=9.69MH/s best_leading=31 best_nonce=4235415157 nx48_delta=109.09
[C69-GPU] batch #20600 | GPU hashes: 5400166400 | near-miss GPU best: 31 bits | ~9.0 MH/s
[C88-GPU-FIX] Near-miss GPU nonce=3278827104 best=20 bits (target_bits=20) — minage continue (PAS un bloc valide)
[C69-GPU] batch #20700 | GPU hashes: 5426380800 | near-miss GPU best: 31 bits | ~9.0 MH/s
[C69-GPU] batch #20800 | GPU hashes: 5452595200 | near-miss GPU best: 31 bits | ~9.0 MH/s
[C69-GPU] batch #20900 | GPU hashes: 5478809600 | near-miss GPU best: 31 bits | ~9.0 MH/s
[BTC_QM] elapsed=600.7s hashes=5823807514 hashrate=9.69MH/s best_leading=31 best_nonce=4235415157 nx48_delta=142.53
[C69-GPU] batch #21000 | GPU hashes: 5505024000 | near-miss GPU best: 31 bits | ~9.0 MH/s
[C88-GPU-FIX] Near-miss GPU nonce=3370675219 best=20 bits (target_bits=20) — minage continue (PAS un bloc valide)
[C69-GPU] batch #21100 | GPU hashes: 5531238400 | near-miss GPU best: 31 bits | ~9.0 MH/s
[C69-GPU] batch #21200 | GPU hashes: 5557452800 | near-miss GPU best: 31 bits | ~9.0 MH/s
[C88-GPU-FIX] Near-miss GPU nonce=3422970184 best=21 bits (target_bits=20) — minage continue (PAS un bloc valide)
[BTC_QM] elapsed=610.7s hashes=5921279002 hashrate=9.70MH/s best_leading=31 best_nonce=4235415157 nx48_delta=153.06
[C69-GPU] batch #21300 | GPU hashes: 5583667200 | near-miss GPU best: 31 bits | ~9.0 MH/s
[C88-GPU-FIX] Near-miss GPU nonce=3462296103 best=24 bits (target_bits=20) — minage continue (PAS un bloc valide)
[C69-GPU] batch #21400 | GPU hashes: 5609881600 | near-miss GPU best: 31 bits | ~9.0 MH/s
[C69-GPU] batch #21500 | GPU hashes: 5636096000 | near-miss GPU best: 31 bits | ~9.0 MH/s
[C69-GPU] batch #21600 | GPU hashes: 5662310400 | near-miss GPU best: 31 bits | ~9.0 MH/s
[BTC_QM] elapsed=620.7s hashes=6016864794 hashrate=9.69MH/s best_leading=31 best_nonce=4235415157 nx48_delta=195.83
[C69-GPU] batch #21700 | GPU hashes: 5688524800 | near-miss GPU best: 31 bits | ~9.0 MH/s
[C69-GPU] batch #21800 | GPU hashes: 5714739200 | near-miss GPU best: 31 bits | ~9.0 MH/s
[C88-GPU-FIX] Near-miss GPU nonce=3593458708 best=21 bits (target_bits=20) — minage continue (PAS un bloc valide)
[C69-GPU] batch #21900 | GPU hashes: 5740953600 | near-miss GPU best: 31 bits | ~9.0 MH/s
[BTC_QM] elapsed=630.7s hashes=6113015834 hashrate=9.69MH/s best_leading=31 best_nonce=4235415157 nx48_delta=218.06
[C69-GPU] batch #22000 | GPU hashes: 5767168000 | near-miss GPU best: 31 bits | ~9.0 MH/s
[C69-GPU] batch #22100 | GPU hashes: 5793382400 | near-miss GPU best: 31 bits | ~9.0 MH/s
[C69-GPU] batch #22200 | GPU hashes: 5819596800 | near-miss GPU best: 31 bits | ~9.0 MH/s
[C88-GPU-FIX] Near-miss GPU nonce=3698400969 best=21 bits (target_bits=20) — minage continue (PAS un bloc valide)
[C69-GPU] batch #22300 | GPU hashes: 5845811200 | near-miss GPU best: 31 bits | ~9.0 MH/s
[BTC_QM] elapsed=640.7s hashes=6209105946 hashrate=9.69MH/s best_leading=31 best_nonce=4235415157 nx48_delta=275.62
[C69-GPU] batch #22400 | GPU hashes: 5872025600 | near-miss GPU best: 31 bits | ~9.0 MH/s
[C69-GPU] batch #22500 | GPU hashes: 5898240000 | near-miss GPU best: 31 bits | ~9.0 MH/s
[C69-GPU] batch #22600 | GPU hashes: 5924454400 | near-miss GPU best: 31 bits | ~9.0 MH/s
[BTC_QM] elapsed=650.8s hashes=6304346138 hashrate=9.69MH/s best_leading=31 best_nonce=4235415157 nx48_delta=378.22
[C88-GPU-FIX] Near-miss GPU nonce=3803120075 best=25 bits (target_bits=20) — minage continue (PAS un bloc valide)
[C69-GPU] batch #22700 | GPU hashes: 5950668800 | near-miss GPU best: 31 bits | ~9.0 MH/s
