[LUMVORAX] init_lum: log_run=/home/lvx/LVX/lumvorax2/src/advanced_calculations/bitcoin_quantum_mining/logs/forensic/modules/btc_qm_engine_forensic_c112_ub_1777393779.log ACTIF v3.0 (FD_PERSISTANT=ON)
[ULTRA_FORENSIC] Système de logging forensique v3.0 initialisé
[C110-OPT] reasoning_path_tracker actif → trace par décision NX48 ✓
[C110-OPT] async_logger actif → /home/lvx/LVX/lumvorax2/src/advanced_calculations/bitcoin_quantum_mining/logs/forensic/modules/btc_async_log_c112_ub_1777393779.log ✓
[C112-LUM] lum_log_encoder actif → /home/lvx/LVX/lumvorax2/src/advanced_calculations/bitcoin_quantum_mining/logs/forensic/modules/btc_lum_log_c112_ub_1777393779.lum ✓
[C112-LUM] mem snapshot baseline → /home/lvx/LVX/lumvorax2/src/advanced_calculations/bitcoin_quantum_mining/logs/forensic/modules/btc_mem_baseline_c112_ub_1777393779.lum (20521 lums, 20521 pages, 84054016 octets, 301338742 ns)

╔══════════════════════════════════════════════════════════╗
║  LumVorax — Module 17 — Bitcoin Quantum Mining Engine   ║
║  Version : 1.0.0-C43 | Standard : STANDARD_NAMES v4.2  ║
║  C43 : NX48 dual-neuron, POW candidate export           ║
║  C43 : module bridge advisory + chain validator         ║
╚══════════════════════════════════════════════════════════╝
[BTC_QM] run_id    = c112_ub_1777393779
[BTC_QM] mode      = MAINNET
[BTC_QM] threads   = 16
[BTC_QM] duration  = 1200 s
[BTC_QM] nx48 csv  = config/btc_nx48_last.csv
[BTC_QM] log dir   = /home/lvx/LVX/lumvorax2/src/advanced_calculations/bitcoin_quantum_mining/logs/forensic
[BTC_QM] bits      = 0x1d00ffff
[BTC_QM] target    = 000000000000000000000000000000000000000000000000000000ffff000000
[NX48-LUM] Chargé : update=869 best=38 bits exploration=0.818 delta=85.20 [header-bound]
[NX48-QDPR] Feedback C62 : success=66.5% bits=24 rt=11.0s
[C116-P4-QDPR] success=66.5%>60% → near_miss_bits 20→21
[NX48-HW] CPU:8 threads AVX:1 (AVX2) SHA-NI:0 | GPU-OpenCL:Intel(R) UHD Graphics 620 DRI:1 | RAM:1749MB
[NX48-HW] Binaire compilé AVEC : AVX2+SSE +FMA | gcc auto-vectorise SHA-256 dès maintenant
[NX48-INIT] C61 — 8 sous-neurones × 2 | exploration_bias=0.82 | LUM=chargé
[BTC_QM] NX48_BTC C61 initialisé — update_count=869 best_leading=38
[BTC_QM] NX48 architecture C61 : 2 neurones × 8 sous-neurones = 16 total
[BTC_QM] NX48 contrôle : threads=16 | T_hot=1.0 | T_cold=1.0 | GPU=Intel(R) UHD Graphics 620
[BTC_QM] NX48 exploration_bias=0.818 | delta_nonce=85.20 | AVX=1
[SMAPS-KERNEL] RSS=4408 KB (1102 pages 4KiB)
[SMAPS-KERNEL] AnonHugePages (THP 2MB)=0 KB (0 hugepages)
[SMAPS-KERNEL] Private_Dirty=892 KB | Shared_Dirty=0 KB
[SMAPS-KERNEL] Referenced=4408 KB | VM_Total=0 KB
[SMAPS-KERNEL] Granularité réelle : PAGE 4KiB standard (selon AnonHugePages)
[C116-P5] ASIC optimizer benchmark 5s (default profile)...

╔══════════════════════════════════════════════════════════╗
║     ASIC BTC OPTIMIZER — Rapport C115                  ║
╠══════════════════════════════════════════════════════════╣
║ CONFIGURATION                                           ║
║   Pipeline depth    : 64 stages SHA-256              
║   Moteurs parallèles: 96                              
║   Fréquence         : 0.000 GHz                        
║   Stratégie nonce   : SEQUENTIAL                             
║   Batch size        : 512 nonces                      
║   Durée simulation  : 5 s                         
╠══════════════════════════════════════════════════════════╣
║ RÉSULTATS HASHRATE                                      ║
║   Peak              : 0.001 MH/s                      
║   Moyen             : 0.001 MH/s                      
║   Final             : 0.001 MH/s                      
║   Déclin thermique  : 0.00 %                        
╠══════════════════════════════════════════════════════════╣
║ MÉTRIQUES EFFICACITÉ                                    ║
║   W/GH              : 15000000.0000                           
║   J/hash            : 1.50e-02                           
║   Total hashes      : 5.120e+03                           
║   Batches traités   : 10                           
╠══════════════════════════════════════════════════════════╣
║ MÉTRIQUES QUALITÉ NONCE                                 ║
║   Best leading bits : 11                              
║   Best nonce        : 0x000005A8                        
║   Near-miss / MH    : 0.0000                           
╠══════════════════════════════════════════════════════════╣
║ MÉTRIQUES NX48                                          ║
║   Delta final       : 6.000                           
║   Resets C62        : 0                              
╠══════════════════════════════════════════════════════════╣
║ SCORE OPTIMISATION  : 3.4 / 100                     
╚══════════════════════════════════════════════════════════╝

[C116-P5] score=3.4 | best=11 bits | near_miss_rate=0.0000/MH
[BTC_QM] Test intégrité SHA-256 (NIST)… OK ✓
[BTC_QM] Wallet FIXE chargé depuis secrets (BTC_WALLET_PRIV_HEX) ✓

╔═══════════════════════════════════════════════════════════╗
║        LumVorax — Wallet Bitcoin RÉEL                    ║
╠═══════════════════════════════════════════════════════════╣
║ Réseau      : MAINNET                                       ║
║ run_id      : c112_ub_1777393779                            ║
╠═══════════════════════════════════════════════════════════╣
║ Adresse P2PKH   : 1YkQrHMbvBbYvCR1jcQAxjMj4bzibiK8C         ║
║ Adresse Bech32  : bc1qqcqjrasuyv70glgeugl56nstsshp99c5tek3s6║
╠═══════════════════════════════════════════════════════════╣
║ Clé privée (hex): 7ac9fe93...(masquée)                     ║
║ WIF compressé   : L1LPxrfeLvFuYLYjZcXb9dJNhRdzW2zBx7hjrtnQrUjpTqjPoxv7║
╠═══════════════════════════════════════════════════════════╣
║ HASH160 (hex)   : 060121f61c233cf47d19e23f4d4e0b842e129714  ║
╚═══════════════════════════════════════════════════════════╝
[BTC_QM] Wallet sauvegardé → /home/lvx/LVX/lumvorax2/src/advanced_calculations/bitcoin_quantum_mining/logs/forensic/wallet_c112_ub_1777393779.json
[BTC_QM] Lancement du moteur PT-MC…
[OCL] GPU trouvé : Intel(R) UHD Graphics 620 (plateforme: Intel(R) OpenCL Graphics)
[OCL] → Sélectionné : Intel(R) UHD Graphics 620
[OCL] max_wg=256 max_items=256 gmem=6715 MB batch=262144
[OCL] ✅ OpenCL initialisé — batch=262144 — cible: 50-200 MH/s
[C116-WARMUP] Batch factice JIT en cours (élimination cold-start)...
[C116-WARMUP] ✅ JIT warm-up terminé : 10.42 MH/s froid (prochain batch = GPU chaud)
[OCL] Benchmark : 11.67 MH/s (batch=262144, t=0.022s)
[C42-WATCHDOG] 🟢 RAM disponible au démarrage: 1749MB
[C100-ALLTIME] seed best_lz_alltime=38 nonce=4278190080 upd_count=16 (historique préservé)
[C65-GPU-EARLY] ✅ GPU OpenCL activé AVANT moteur PT-MC : Intel(R) UHD Graphics 620
[C69-GPU] Thread GPU lance en parallele de 16 threads CPU
[C69-GPU] Pour valider GPU reel : chercher log '[C69-GPU] ===== THREAD GPU ACTIF'
[C69-GPU] ===== THREAD GPU ACTIF — btc_opencl_mine_batch() APPELEE =====
[C69-GPU] Hashrate GPU mesure (benchmark) : 11.67 MH/s
[C69-GPU] Target near-miss : 20 bits | Batch : 262144 nonces/dispatch
[C116-P4] near_miss_bits adaptatif = 21 bits (QDPR)
[C69-GPU] batch #100 | GPU hashes: 26214400 | near-miss GPU best: 25 bits | ~11.7 MH/s
[C69-GPU] batch #200 | GPU hashes: 52428800 | near-miss GPU best: 25 bits | ~11.7 MH/s
[C69-GPU] batch #300 | GPU hashes: 78643200 | near-miss GPU best: 26 bits | ~11.7 MH/s
[C69-GPU] batch #400 | GPU hashes: 104857600 | near-miss GPU best: 26 bits | ~11.7 MH/s
[BTC_QM] elapsed=10.0s hashes=128410112 hashrate=12.82MH/s best_leading=38 best_nonce=4278190080 nx48_delta=75.83
[C69-GPU] batch #500 | GPU hashes: 131072000 | near-miss GPU best: 26 bits | ~11.7 MH/s
[C69-GPU] batch #600 | GPU hashes: 157286400 | near-miss GPU best: 26 bits | ~11.7 MH/s
[C69-GPU] batch #700 | GPU hashes: 183500800 | near-miss GPU best: 26 bits | ~11.7 MH/s
[C69-GPU] batch #800 | GPU hashes: 209715200 | near-miss GPU best: 26 bits | ~11.7 MH/s
[BTC_QM] elapsed=20.0s hashes=246932992 hashrate=12.32MH/s best_leading=38 best_nonce=4278190080 nx48_delta=100.16
[C69-GPU] batch #900 | GPU hashes: 235929600 | near-miss GPU best: 26 bits | ~11.7 MH/s
[C69-GPU] batch #1000 | GPU hashes: 262144000 | near-miss GPU best: 26 bits | ~11.7 MH/s
[C69-GPU] batch #1100 | GPU hashes: 288358400 | near-miss GPU best: 26 bits | ~11.7 MH/s
[C69-GPU] batch #1200 | GPU hashes: 314572800 | near-miss GPU best: 26 bits | ~11.7 MH/s
[BTC_QM] elapsed=30.0s hashes=354088448 hashrate=11.79MH/s best_leading=38 best_nonce=4278190080 nx48_delta=121.93
[C69-GPU] batch #1300 | GPU hashes: 340787200 | near-miss GPU best: 26 bits | ~11.7 MH/s
[C69-GPU] batch #1400 | GPU hashes: 367001600 | near-miss GPU best: 26 bits | ~11.7 MH/s
[C69-GPU] batch #1500 | GPU hashes: 393216000 | near-miss GPU best: 26 bits | ~11.7 MH/s
[C69-GPU] batch #1600 | GPU hashes: 419430400 | near-miss GPU best: 27 bits | ~11.7 MH/s
[BTC_QM] elapsed=40.1s hashes=462046208 hashrate=11.54MH/s best_leading=38 best_nonce=4278190080 nx48_delta=134.37
[C69-GPU] batch #1700 | GPU hashes: 445644800 | near-miss GPU best: 27 bits | ~11.7 MH/s
[C69-GPU] batch #1800 | GPU hashes: 471859200 | near-miss GPU best: 27 bits | ~11.7 MH/s
[C69-GPU] batch #1900 | GPU hashes: 498073600 | near-miss GPU best: 27 bits | ~11.7 MH/s
[C88-GPU-FIX] Near-miss GPU nonce=2658660526 best=23 bits (target_bits=21) — minage continue (PAS un bloc valide)
[C69-GPU] batch #2000 | GPU hashes: 524288000 | near-miss GPU best: 27 bits | ~11.7 MH/s
[BTC_QM] elapsed=50.1s hashes=569989632 hashrate=11.39MH/s best_leading=38 best_nonce=4278190080 nx48_delta=181.34
[C88-GPU-FIX] Near-miss GPU nonce=2697976506 best=22 bits (target_bits=21) — minage continue (PAS un bloc valide)
[C69-GPU] batch #2100 | GPU hashes: 550502400 | near-miss GPU best: 27 bits | ~11.7 MH/s
[C69-GPU] batch #2200 | GPU hashes: 576716800 | near-miss GPU best: 27 bits | ~11.7 MH/s
[C69-GPU] batch #2300 | GPU hashes: 602931200 | near-miss GPU best: 27 bits | ~11.7 MH/s
[C69-GPU] batch #2400 | GPU hashes: 629145600 | near-miss GPU best: 27 bits | ~11.7 MH/s
[BTC_QM] elapsed=60.1s hashes=676825088 hashrate=11.27MH/s best_leading=38 best_nonce=4278190080 nx48_delta=239.88
[C69-GPU] batch #2500 | GPU hashes: 655360000 | near-miss GPU best: 27 bits | ~11.7 MH/s
[C69-GPU] batch #2600 | GPU hashes: 681574400 | near-miss GPU best: 33 bits | ~11.7 MH/s
[C69-GPU] batch #2700 | GPU hashes: 707788800 | near-miss GPU best: 33 bits | ~11.7 MH/s
[C88-GPU-FIX] Near-miss GPU nonce=2868300351 best=21 bits (target_bits=21) — minage continue (PAS un bloc valide)
[C88-GPU-FIX] Near-miss GPU nonce=2881348571 best=22 bits (target_bits=21) — minage continue (PAS un bloc valide)
[C69-GPU] batch #2800 | GPU hashes: 734003200 | near-miss GPU best: 33 bits | ~11.7 MH/s
[BTC_QM] elapsed=70.1s hashes=783690240 hashrate=11.18MH/s best_leading=38 best_nonce=4278190080 nx48_delta=299.29
[C88-GPU-FIX] Near-miss GPU nonce=2894338982 best=21 bits (target_bits=21) — minage continue (PAS un bloc valide)
[C69-GPU] batch #2900 | GPU hashes: 760217600 | near-miss GPU best: 33 bits | ~11.7 MH/s
[C88-GPU-FIX] Near-miss GPU nonce=2933788882 best=22 bits (target_bits=21) — minage continue (PAS un bloc valide)
[C69-GPU] batch #3000 | GPU hashes: 786432000 | near-miss GPU best: 33 bits | ~11.7 MH/s
[C69-GPU] batch #3100 | GPU hashes: 812646400 | near-miss GPU best: 33 bits | ~11.7 MH/s
[BTC_QM] elapsed=80.1s hashes=890530304 hashrate=11.12MH/s best_leading=38 best_nonce=4278190080 nx48_delta=252.67
[C69-GPU] batch #3200 | GPU hashes: 838860800 | near-miss GPU best: 33 bits | ~11.7 MH/s
[C69-GPU] batch #3300 | GPU hashes: 865075200 | near-miss GPU best: 33 bits | ~11.7 MH/s
[C69-GPU] batch #3400 | GPU hashes: 891289600 | near-miss GPU best: 33 bits | ~11.7 MH/s
[C88-GPU-FIX] Near-miss GPU nonce=3064920509 best=21 bits (target_bits=21) — minage continue (PAS un bloc valide)
[C69-GPU] batch #3500 | GPU hashes: 917504000 | near-miss GPU best: 33 bits | ~11.7 MH/s
[C88-GPU-FIX] Near-miss GPU nonce=3077875338 best=21 bits (target_bits=21) — minage continue (PAS un bloc valide)
[BTC_QM] elapsed=90.1s hashes=998183936 hashrate=11.08MH/s best_leading=38 best_nonce=4278190080 nx48_delta=274.95
[C69-GPU] batch #3600 | GPU hashes: 943718400 | near-miss GPU best: 33 bits | ~11.7 MH/s
[C69-GPU] batch #3700 | GPU hashes: 969932800 | near-miss GPU best: 33 bits | ~11.7 MH/s
[C69-GPU] batch #3800 | GPU hashes: 996147200 | near-miss GPU best: 33 bits | ~11.7 MH/s
[C88-GPU-FIX] Near-miss GPU nonce=3169621691 best=21 bits (target_bits=21) — minage continue (PAS un bloc valide)
[C69-GPU] batch #3900 | GPU hashes: 1022361600 | near-miss GPU best: 33 bits | ~11.7 MH/s
[BTC_QM] elapsed=100.1s hashes=1100889600 hashrate=11.00MH/s best_leading=38 best_nonce=4278190080 nx48_delta=246.11
[C69-GPU] batch #4000 | GPU hashes: 1048576000 | near-miss GPU best: 33 bits | ~11.7 MH/s
[C88-GPU-FIX] Near-miss GPU nonce=3222031976 best=26 bits (target_bits=21) — minage continue (PAS un bloc valide)
[C69-GPU] batch #4100 | GPU hashes: 1074790400 | near-miss GPU best: 33 bits | ~11.7 MH/s
[C88-GPU-FIX] Near-miss GPU nonce=3235366901 best=24 bits (target_bits=21) — minage continue (PAS un bloc valide)
[C69-GPU] batch #4200 | GPU hashes: 1101004800 | near-miss GPU best: 33 bits | ~11.7 MH/s
[C69-GPU] batch #4300 | GPU hashes: 1127219200 | near-miss GPU best: 33 bits | ~11.7 MH/s
[BTC_QM] elapsed=110.1s hashes=1203269632 hashrate=10.93MH/s best_leading=38 best_nonce=4278190080 nx48_delta=298.27
[C69-GPU] batch #4400 | GPU hashes: 1153433600 | near-miss GPU best: 33 bits | ~11.7 MH/s
[C69-GPU] batch #4500 | GPU hashes: 1179648000 | near-miss GPU best: 33 bits | ~11.7 MH/s
[C69-GPU] batch #4600 | GPU hashes: 1205862400 | near-miss GPU best: 33 bits | ~11.7 MH/s
[BTC_QM] elapsed=120.1s hashes=1304225792 hashrate=10.86MH/s best_leading=38 best_nonce=4278190080 nx48_delta=307.25
[C69-GPU] batch #4700 | GPU hashes: 1232076800 | near-miss GPU best: 33 bits | ~11.7 MH/s
[C69-GPU] batch #4800 | GPU hashes: 1258291200 | near-miss GPU best: 33 bits | ~11.7 MH/s
[C69-GPU] batch #4900 | GPU hashes: 1284505600 | near-miss GPU best: 33 bits | ~11.7 MH/s
[C69-GPU] batch #5000 | GPU hashes: 1310720000 | near-miss GPU best: 33 bits | ~11.7 MH/s
[BTC_QM] elapsed=130.1s hashes=1400600576 hashrate=10.76MH/s best_leading=38 best_nonce=4278190080 nx48_delta=368.42
[C69-GPU] batch #5100 | GPU hashes: 1336934400 | near-miss GPU best: 33 bits | ~11.7 MH/s
[C69-GPU] batch #5200 | GPU hashes: 1363148800 | near-miss GPU best: 33 bits | ~11.7 MH/s
[C69-GPU] batch #5300 | GPU hashes: 1389363200 | near-miss GPU best: 33 bits | ~11.7 MH/s
[BTC_QM] elapsed=140.2s hashes=1499650048 hashrate=10.70MH/s best_leading=38 best_nonce=4278190080 nx48_delta=338.82
[C69-GPU] batch #5400 | GPU hashes: 1415577600 | near-miss GPU best: 33 bits | ~11.7 MH/s
[C69-GPU] batch #5500 | GPU hashes: 1441792000 | near-miss GPU best: 33 bits | ~11.7 MH/s
[C69-GPU] batch #5600 | GPU hashes: 1468006400 | near-miss GPU best: 33 bits | ~11.7 MH/s
[C69-GPU] batch #5700 | GPU hashes: 1494220800 | near-miss GPU best: 33 bits | ~11.7 MH/s
[BTC_QM] elapsed=150.2s hashes=1597888512 hashrate=10.64MH/s best_leading=38 best_nonce=4278190080 nx48_delta=371.67
[C69-GPU] batch #5800 | GPU hashes: 1520435200 | near-miss GPU best: 33 bits | ~11.7 MH/s
[C69-GPU] batch #5900 | GPU hashes: 1546649600 | near-miss GPU best: 33 bits | ~11.7 MH/s
[C88-GPU-FIX] Near-miss GPU nonce=3720126348 best=22 bits (target_bits=21) — minage continue (PAS un bloc valide)
[C69-GPU] batch #6000 | GPU hashes: 1572864000 | near-miss GPU best: 33 bits | ~11.7 MH/s
[BTC_QM] elapsed=160.2s hashes=1695630336 hashrate=10.58MH/s best_leading=38 best_nonce=4278190080 nx48_delta=371.47
[C69-GPU] batch #6100 | GPU hashes: 1599078400 | near-miss GPU best: 33 bits | ~11.7 MH/s
[C69-GPU] batch #6200 | GPU hashes: 1625292800 | near-miss GPU best: 33 bits | ~11.7 MH/s
[C69-GPU] batch #6300 | GPU hashes: 1651507200 | near-miss GPU best: 33 bits | ~11.7 MH/s
[LUMVORAX:ANOMALY] module=btc_qm_engine desc=btc_nx48_delta_cap_500 val=500.000000 src=src/nx48_btc_controller.c:912
[C69-GPU] batch #6400 | GPU hashes: 1677721600 | near-miss GPU best: 33 bits | ~11.7 MH/s
[BTC_QM] elapsed=170.2s hashes=1793025536 hashrate=10.53MH/s best_leading=38 best_nonce=4278190080 nx48_delta=500.00
[C69-GPU] batch #6500 | GPU hashes: 1703936000 | near-miss GPU best: 33 bits | ~11.7 MH/s
[C69-GPU] batch #6600 | GPU hashes: 1730150400 | near-miss GPU best: 33 bits | ~11.7 MH/s
[LUMVORAX:ANOMALY] module=btc_qm_engine desc=btc_nx48_delta_cap_500 val=500.000000 src=src/nx48_btc_controller.c:912
[LUMVORAX:ANOMALY] module=btc_qm_engine desc=btc_nx48_delta_cap_500 val=500.000000 src=src/nx48_btc_controller.c:912
[C69-GPU] batch #6700 | GPU hashes: 1756364800 | near-miss GPU best: 33 bits | ~11.7 MH/s
[BTC_QM] elapsed=180.2s hashes=1890141696 hashrate=10.49MH/s best_leading=38 best_nonce=4278190080 nx48_delta=498.29
[C69-GPU] batch #6800 | GPU hashes: 1782579200 | near-miss GPU best: 33 bits | ~11.7 MH/s
[LUMVORAX:ANOMALY] module=btc_qm_engine desc=btc_nx48_delta_cap_500 val=500.000000 src=src/nx48_btc_controller.c:912
[LUMVORAX:ANOMALY] module=btc_qm_engine desc=btc_nx48_delta_reset_stall_c62 val=11.746139 src=src/nx48_btc_controller.c:1000
[NX48-C62] Reset delta_nonce 500.0->11.746 (stall_long=90 cap500_plateau)
[C69-GPU] batch #6900 | GPU hashes: 1808793600 | near-miss GPU best: 33 bits | ~11.7 MH/s
[C69-GPU] batch #7000 | GPU hashes: 1835008000 | near-miss GPU best: 33 bits | ~11.7 MH/s
[C69-GPU] batch #7100 | GPU hashes: 1861222400 | near-miss GPU best: 33 bits | ~11.7 MH/s
[BTC_QM] elapsed=190.2s hashes=1985910789 hashrate=10.44MH/s best_leading=38 best_nonce=4278190080 nx48_delta=10.83
[C69-GPU] batch #7200 | GPU hashes: 1887436800 | near-miss GPU best: 33 bits | ~11.7 MH/s
[C69-GPU] batch #7300 | GPU hashes: 1913651200 | near-miss GPU best: 33 bits | ~11.7 MH/s
[C69-GPU] batch #7400 | GPU hashes: 1939865600 | near-miss GPU best: 33 bits | ~11.7 MH/s
[BTC_QM] elapsed=200.2s hashes=2083041285 hashrate=10.40MH/s best_leading=38 best_nonce=4278190080 nx48_delta=12.04
[C69-GPU] batch #7500 | GPU hashes: 1966080000 | near-miss GPU best: 33 bits | ~11.7 MH/s
[C69-GPU] batch #7600 | GPU hashes: 1992294400 | near-miss GPU best: 33 bits | ~11.7 MH/s
[C69-GPU] batch #7700 | GPU hashes: 2018508800 | near-miss GPU best: 33 bits | ~11.7 MH/s
[C69-GPU] batch #7800 | GPU hashes: 2044723200 | near-miss GPU best: 33 bits | ~11.7 MH/s
[BTC_QM] elapsed=210.3s hashes=2180421125 hashrate=10.37MH/s best_leading=38 best_nonce=4278190080 nx48_delta=15.31
[C88-GPU-FIX] Near-miss GPU nonce=4218387675 best=23 bits (target_bits=21) — minage continue (PAS un bloc valide)
[C69-GPU] batch #7900 | GPU hashes: 2070937600 | near-miss GPU best: 33 bits | ~11.7 MH/s
[C69-GPU] batch #8000 | GPU hashes: 2097152000 | near-miss GPU best: 33 bits | ~11.7 MH/s
[C69-GPU] batch #8100 | GPU hashes: 2123366400 | near-miss GPU best: 33 bits | ~11.7 MH/s
[BTC_QM] elapsed=220.3s hashes=2277810693 hashrate=10.34MH/s best_leading=38 best_nonce=4278190080 nx48_delta=17.86
[C69-GPU] batch #8200 | GPU hashes: 2149580800 | near-miss GPU best: 33 bits | ~11.7 MH/s
[C69-GPU] batch #8300 | GPU hashes: 2175795200 | near-miss GPU best: 33 bits | ~11.7 MH/s
[C69-GPU] batch #8400 | GPU hashes: 2202009600 | near-miss GPU best: 33 bits | ~11.7 MH/s
[C69-GPU] batch #8500 | GPU hashes: 2228224000 | near-miss GPU best: 33 bits | ~11.7 MH/s
[BTC_QM] elapsed=230.3s hashes=2374393861 hashrate=10.31MH/s best_leading=38 best_nonce=4278190080 nx48_delta=18.40
[C69-GPU] batch #8600 | GPU hashes: 2254438400 | near-miss GPU best: 33 bits | ~11.7 MH/s
[C88-GPU-FIX] Near-miss GPU nonce=1193868863 best=22 bits (target_bits=21) — minage continue (PAS un bloc valide)
[C69-GPU] batch #8700 | GPU hashes: 2280652800 | near-miss GPU best: 33 bits | ~11.7 MH/s
[C69-GPU] batch #8800 | GPU hashes: 2306867200 | near-miss GPU best: 33 bits | ~11.7 MH/s
[BTC_QM] elapsed=240.3s hashes=2471514629 hashrate=10.29MH/s best_leading=38 best_nonce=4278190080 nx48_delta=21.14
[C69-GPU] batch #8900 | GPU hashes: 2333081600 | near-miss GPU best: 33 bits | ~11.7 MH/s
[C69-GPU] batch #9000 | GPU hashes: 2359296000 | near-miss GPU best: 33 bits | ~11.7 MH/s
[C69-GPU] batch #9100 | GPU hashes: 2385510400 | near-miss GPU best: 33 bits | ~11.7 MH/s
[C88-GPU-FIX] Near-miss GPU nonce=1324905350 best=22 bits (target_bits=21) — minage continue (PAS un bloc valide)
[C88-GPU-FIX] Near-miss GPU nonce=1338017132 best=22 bits (target_bits=21) — minage continue (PAS un bloc valide)
[C69-GPU] batch #9200 | GPU hashes: 2411724800 | near-miss GPU best: 33 bits | ~11.7 MH/s
[BTC_QM] elapsed=250.3s hashes=2569221125 hashrate=10.26MH/s best_leading=38 best_nonce=4278190080 nx48_delta=24.07
[C69-GPU] batch #9300 | GPU hashes: 2437939200 | near-miss GPU best: 33 bits | ~11.7 MH/s
[C69-GPU] batch #9400 | GPU hashes: 2464153600 | near-miss GPU best: 33 bits | ~11.7 MH/s
[C88-GPU-FIX] Near-miss GPU nonce=1416579597 best=21 bits (target_bits=21) — minage continue (PAS un bloc valide)
[C69-GPU] batch #9500 | GPU hashes: 2490368000 | near-miss GPU best: 33 bits | ~11.7 MH/s
[BTC_QM] elapsed=260.3s hashes=2666633221 hashrate=10.24MH/s best_leading=38 best_nonce=4278190080 nx48_delta=23.36
[C69-GPU] batch #9600 | GPU hashes: 2516582400 | near-miss GPU best: 33 bits | ~11.7 MH/s
[C88-GPU-FIX] Near-miss GPU nonce=1469095029 best=22 bits (target_bits=21) — minage continue (PAS un bloc valide)
[C69-GPU] batch #9700 | GPU hashes: 2542796800 | near-miss GPU best: 33 bits | ~11.7 MH/s
[NX48-QDPR] Feedback C62 : success=66.5% bits=24 rt=11.0s
[C116-P4-QDPR] success=66.5%>60% → near_miss_bits 21→22
[NX48-HW] CPU:8 threads AVX:1 (AVX2) SHA-NI:0 | GPU-OpenCL:Intel(R) UHD Graphics 620 DRI:1 | RAM:1736MB
[NX48-HW] Binaire compilé AVEC : AVX2+SSE +FMA | gcc auto-vectorise SHA-256 dès maintenant
[C69-GPU] batch #9800 | GPU hashes: 2569011200 | near-miss GPU best: 33 bits | ~11.7 MH/s
[C69-GPU] batch #9900 | GPU hashes: 2595225600 | near-miss GPU best: 33 bits | ~11.7 MH/s
[BTC_QM] elapsed=270.3s hashes=2763761849 hashrate=10.22MH/s best_leading=38 best_nonce=4278190080 nx48_delta=26.25
[C88-GPU-FIX] Near-miss GPU nonce=1547584419 best=23 bits (target_bits=21) — minage continue (PAS un bloc valide)
[C69-GPU] batch #10000 | GPU hashes: 2621440000 | near-miss GPU best: 33 bits | ~11.7 MH/s
[C69-GPU] batch #10100 | GPU hashes: 2647654400 | near-miss GPU best: 33 bits | ~11.7 MH/s
[C69-GPU] batch #10200 | GPU hashes: 2673868800 | near-miss GPU best: 33 bits | ~11.7 MH/s
[BTC_QM] elapsed=280.4s hashes=2859524281 hashrate=10.20MH/s best_leading=38 best_nonce=4278190080 nx48_delta=27.31
[C69-GPU] batch #10300 | GPU hashes: 2700083200 | near-miss GPU best: 33 bits | ~11.7 MH/s
[C69-GPU] batch #10400 | GPU hashes: 2726297600 | near-miss GPU best: 33 bits | ~11.7 MH/s
[C69-GPU] batch #10500 | GPU hashes: 2752512000 | near-miss GPU best: 33 bits | ~11.7 MH/s
[C69-GPU] batch #10600 | GPU hashes: 2778726400 | near-miss GPU best: 33 bits | ~11.7 MH/s
[BTC_QM] elapsed=290.4s hashes=2953496761 hashrate=10.17MH/s best_leading=38 best_nonce=4278190080 nx48_delta=32.43
[C88-GPU-FIX] Near-miss GPU nonce=1731165945 best=21 bits (target_bits=21) — minage continue (PAS un bloc valide)
[C69-GPU] batch #10700 | GPU hashes: 2804940800 | near-miss GPU best: 33 bits | ~11.7 MH/s
[C69-GPU] batch #10800 | GPU hashes: 2831155200 | near-miss GPU best: 33 bits | ~11.7 MH/s
[C88-GPU-FIX] Near-miss GPU nonce=1783625716 best=21 bits (target_bits=21) — minage continue (PAS un bloc valide)
[C69-GPU] batch #10900 | GPU hashes: 2857369600 | near-miss GPU best: 33 bits | ~11.7 MH/s
[BTC_QM] elapsed=300.4s hashes=3049581753 hashrate=10.15MH/s best_leading=38 best_nonce=4278190080 nx48_delta=43.31
[C88-GPU-FIX] Near-miss GPU nonce=1809853500 best=21 bits (target_bits=21) — minage continue (PAS un bloc valide)
[C69-GPU] batch #11000 | GPU hashes: 2883584000 | near-miss GPU best: 33 bits | ~11.7 MH/s
[C88-GPU-FIX] Near-miss GPU nonce=1836097461 best=21 bits (target_bits=21) — minage continue (PAS un bloc valide)
[C69-GPU] batch #11100 | GPU hashes: 2909798400 | near-miss GPU best: 33 bits | ~11.7 MH/s
[C88-GPU-FIX] Near-miss GPU nonce=1862292701 best=23 bits (target_bits=21) — minage continue (PAS un bloc valide)
[C69-GPU] batch #11200 | GPU hashes: 2936012800 | near-miss GPU best: 33 bits | ~11.7 MH/s
[C88-GPU-FIX] Near-miss GPU nonce=1888521838 best=21 bits (target_bits=21) — minage continue (PAS un bloc valide)
[C69-GPU] batch #11300 | GPU hashes: 2962227200 | near-miss GPU best: 33 bits | ~11.7 MH/s
[BTC_QM] elapsed=310.4s hashes=3146667193 hashrate=10.14MH/s best_leading=38 best_nonce=4278190080 nx48_delta=55.30
