[LUMVORAX] init_lum: log_run=/home/lvx/LVX/lumvorax2/src/advanced_calculations/bitcoin_quantum_mining/logs/forensic/modules/btc_qm_engine_forensic_c112_ub_1777404971.log ACTIF v3.0 (FD_PERSISTANT=ON)
[ULTRA_FORENSIC] Système de logging forensique v3.0 initialisé
[C110-OPT] reasoning_path_tracker actif → trace par décision NX48 ✓
[C110-OPT] async_logger actif → /home/lvx/LVX/lumvorax2/src/advanced_calculations/bitcoin_quantum_mining/logs/forensic/modules/btc_async_log_c112_ub_1777404971.log ✓
[C112-LUM] lum_log_encoder actif → /home/lvx/LVX/lumvorax2/src/advanced_calculations/bitcoin_quantum_mining/logs/forensic/modules/btc_lum_log_c112_ub_1777404971.lum ✓
[C112-LUM] mem snapshot baseline → /home/lvx/LVX/lumvorax2/src/advanced_calculations/bitcoin_quantum_mining/logs/forensic/modules/btc_mem_baseline_c112_ub_1777404971.lum (20521 lums, 20521 pages, 84054016 octets, 73277580 ns)

╔══════════════════════════════════════════════════════════╗
║  LumVorax — Module 17 — Bitcoin Quantum Mining Engine   ║
║  Version : 1.0.0-C43 | Standard : STANDARD_NAMES v4.2  ║
║  C43 : NX48 dual-neuron, POW candidate export           ║
║  C43 : module bridge advisory + chain validator         ║
╚══════════════════════════════════════════════════════════╝
[BTC_QM] run_id    = c112_ub_1777404971
[BTC_QM] mode      = MAINNET
[BTC_QM] threads   = 16
[BTC_QM] duration  = 1200 s
[BTC_QM] nx48 csv  = config/btc_nx48_last.csv
[BTC_QM] log dir   = /home/lvx/LVX/lumvorax2/src/advanced_calculations/bitcoin_quantum_mining/logs/forensic
[BTC_QM] bits      = 0x1d00ffff
[BTC_QM] target    = 000000000000000000000000000000000000000000000000000000ffff000000
[NX48-LUM] Chargé : update=2130 best=38 bits exploration=0.538 delta=91.91 [header-bound]
[NX48-QDPR] Feedback C62 : success=66.5% bits=24 rt=11.0s
[C118-Q2-QDPR] success=66.5% ↑ near_miss_bits 20→21
[NX48-HW] CPU:8 threads AVX:1 (AVX2) SHA-NI:0 | GPU-OpenCL:Intel(R) UHD Graphics 620 DRI:1 | RAM:2085MB
[NX48-HW] Binaire compilé AVEC : AVX2+SSE +FMA | gcc auto-vectorise SHA-256 dès maintenant
[NX48-INIT] C61 — 8 sous-neurones × 2 | exploration_bias=0.54 | LUM=chargé
[BTC_QM] NX48_BTC C61 initialisé — update_count=2130 best_leading=38
[BTC_QM] NX48 architecture C61 : 2 neurones × 8 sous-neurones = 16 total
[BTC_QM] NX48 contrôle : threads=16 | T_hot=1.0 | T_cold=1.0 | GPU=Intel(R) UHD Graphics 620
[BTC_QM] NX48 exploration_bias=0.538 | delta_nonce=91.91 | AVX=1
[SMAPS-KERNEL] RSS=4432 KB (1108 pages 4KiB)
[SMAPS-KERNEL] AnonHugePages (THP 2MB)=0 KB (0 hugepages)
[SMAPS-KERNEL] Private_Dirty=896 KB | Shared_Dirty=0 KB
[SMAPS-KERNEL] Referenced=4432 KB | VM_Total=0 KB
[SMAPS-KERNEL] Granularité réelle : PAGE 4KiB standard (selon AnonHugePages)
[C118-Q5] ASIC optimizer balayage 4 tailles batch...

╔══════════════════════════════════════════════════════════╗
║     ASIC BTC OPTIMIZER — Rapport C115                  ║
╠══════════════════════════════════════════════════════════╣
║ CONFIGURATION                                           ║
║   Pipeline depth    : 64 stages SHA-256              
║   Moteurs parallèles: 96                              
║   Fréquence         : 0.000 GHz                        
║   Stratégie nonce   : SEQUENTIAL                             
║   Batch size        : 2097152 nonces                      
║   Durée simulation  : 5 s                         
╠══════════════════════════════════════════════════════════╣
║ RÉSULTATS HASHRATE                                      ║
║   Peak              : 0.001 MH/s                      
║   Moyen             : 0.001 MH/s                      
║   Final             : 0.001 MH/s                      
║   Déclin thermique  : 0.00 %                        
╠══════════════════════════════════════════════════════════╣
║ MÉTRIQUES EFFICACITÉ                                    ║
║   W/GH              : 71525.5737                           
║   J/hash            : 7.15e-05                           
║   Total hashes      : 2.097e+06                           
║   Batches traités   : 1                           
╠══════════════════════════════════════════════════════════╣
║ MÉTRIQUES QUALITÉ NONCE                                 ║
║   Best leading bits : 9                              
║   Best nonce        : 0x0000003E                        
║   Near-miss / MH    : 0.0000                           
╠══════════════════════════════════════════════════════════╣
║ MÉTRIQUES NX48                                          ║
║   Delta final       : 6.000                           
║   Resets C62        : 0                              
╠══════════════════════════════════════════════════════════╣
║ SCORE OPTIMISATION  : 2.8 / 100                     
╚══════════════════════════════════════════════════════════╝

[C118-Q5] BEST batch=2097152 (idx=3) | score=2.8 | hashrate_avg=0.00 MH/s
[C118-Q5] nx48_ctrl_batch_size ← 2097152 (boucle feedback fermée)
[BTC_QM] Test intégrité SHA-256 (NIST)… OK ✓
[BTC_QM] Wallet FIXE chargé depuis secrets (BTC_WALLET_PRIV_HEX) ✓

╔═══════════════════════════════════════════════════════════╗
║        LumVorax — Wallet Bitcoin RÉEL                    ║
╠═══════════════════════════════════════════════════════════╣
║ Réseau      : MAINNET                                       ║
║ run_id      : c112_ub_1777404971                            ║
╠═══════════════════════════════════════════════════════════╣
║ Adresse P2PKH   : 1YkQrHMbvBbYvCR1jcQAxjMj4bzibiK8C         ║
║ Adresse Bech32  : bc1qqcqjrasuyv70glgeugl56nstsshp99c5tek3s6║
╠═══════════════════════════════════════════════════════════╣
║ Clé privée (hex): 7ac9fe93...(masquée)                     ║
║ WIF compressé   : L1LPxrfeLvFuYLYjZcXb9dJNhRdzW2zBx7hjrtnQrUjpTqjPoxv7║
╠═══════════════════════════════════════════════════════════╣
║ HASH160 (hex)   : 060121f61c233cf47d19e23f4d4e0b842e129714  ║
╚═══════════════════════════════════════════════════════════╝
[BTC_QM] Wallet sauvegardé → /home/lvx/LVX/lumvorax2/src/advanced_calculations/bitcoin_quantum_mining/logs/forensic/wallet_c112_ub_1777404971.json
[BTC_QM] Lancement du moteur PT-MC…
[OCL] GPU trouvé : Intel(R) UHD Graphics 620 (plateforme: Intel(R) OpenCL Graphics)
[OCL] → Sélectionné : Intel(R) UHD Graphics 620
[OCL] max_wg=256 max_items=256 gmem=6715 MB batch=262144
[OCL] ✅ OpenCL initialisé — batch=262144 — cible: 50-200 MH/s
[C116-WARMUP] Batch factice JIT en cours (élimination cold-start)...
[C116-WARMUP] ✅ JIT warm-up terminé : 9.54 MH/s froid (prochain batch = GPU chaud)
[OCL] Benchmark : 11.28 MH/s (batch=262144, t=0.023s)
[C42-WATCHDOG] 🟢 RAM disponible au démarrage: 2079MB
[C100-ALLTIME] seed best_lz_alltime=38 nonce=4278190080 upd_count=16 (historique préservé)
[C65-GPU-EARLY] ✅ GPU OpenCL activé AVANT moteur PT-MC : Intel(R) UHD Graphics 620
[C69-GPU] Thread GPU lance en parallele de 16 threads CPU
[C69-GPU] Pour valider GPU reel : chercher log '[C69-GPU] ===== THREAD GPU ACTIF'
[C69-GPU] ===== THREAD GPU ACTIF — btc_opencl_mine_batch() APPELEE =====
[C69-GPU] Hashrate GPU mesure (benchmark) : 11.28 MH/s
[C69-GPU] Target near-miss : 20 bits | Batch : 262144 nonces/dispatch
[C116-P4] near_miss_bits adaptatif = 21 bits (QDPR)
[C88-GPU-FIX] Near-miss GPU nonce=2160474636 best=21 bits (target_bits=21) — minage continue (PAS un bloc valide)
[C69-GPU] batch #100 | GPU hashes: 26214400 | near-miss GPU best: 24 bits | ~11.3 MH/s
[C69-GPU] batch #200 | GPU hashes: 52428800 | near-miss GPU best: 27 bits | ~11.3 MH/s
[C69-GPU] batch #300 | GPU hashes: 78643200 | near-miss GPU best: 31 bits | ~11.3 MH/s
[C69-GPU] batch #400 | GPU hashes: 104857600 | near-miss GPU best: 31 bits | ~11.3 MH/s
[BTC_QM] elapsed=10.0s hashes=129769472 hashrate=12.94MH/s best_leading=38 best_nonce=4278190080 nx48_delta=109.94
[C69-GPU] batch #500 | GPU hashes: 131072000 | near-miss GPU best: 31 bits | ~11.3 MH/s
[C69-GPU] batch #600 | GPU hashes: 157286400 | near-miss GPU best: 31 bits | ~11.3 MH/s
[C69-GPU] batch #700 | GPU hashes: 183500800 | near-miss GPU best: 31 bits | ~11.3 MH/s
[C69-GPU] batch #800 | GPU hashes: 209715200 | near-miss GPU best: 31 bits | ~11.3 MH/s
[BTC_QM] elapsed=20.0s hashes=244805632 hashrate=12.22MH/s best_leading=38 best_nonce=4278190080 nx48_delta=131.25
[C69-GPU] batch #900 | GPU hashes: 235929600 | near-miss GPU best: 31 bits | ~11.3 MH/s
[C88-GPU-FIX] Near-miss GPU nonce=2409522040 best=22 bits (target_bits=21) — minage continue (PAS un bloc valide)
[C69-GPU] batch #1000 | GPU hashes: 262144000 | near-miss GPU best: 31 bits | ~11.3 MH/s
[C69-GPU] batch #1100 | GPU hashes: 288358400 | near-miss GPU best: 31 bits | ~11.3 MH/s
[C69-GPU] batch #1200 | GPU hashes: 314572800 | near-miss GPU best: 31 bits | ~11.3 MH/s
[C88-GPU-FIX] Near-miss GPU nonce=2475107761 best=23 bits (target_bits=21) — minage continue (PAS un bloc valide)
[BTC_QM] elapsed=30.1s hashes=352952320 hashrate=11.71MH/s best_leading=38 best_nonce=4278190080 nx48_delta=166.96
[C69-GPU] batch #1300 | GPU hashes: 340787200 | near-miss GPU best: 31 bits | ~11.3 MH/s
[C88-GPU-FIX] Near-miss GPU nonce=2501142076 best=21 bits (target_bits=21) — minage continue (PAS un bloc valide)
[C69-GPU] batch #1400 | GPU hashes: 367001600 | near-miss GPU best: 31 bits | ~11.3 MH/s
[C88-GPU-FIX] Near-miss GPU nonce=2540682557 best=21 bits (target_bits=21) — minage continue (PAS un bloc valide)
[C69-GPU] batch #1500 | GPU hashes: 393216000 | near-miss GPU best: 31 bits | ~11.3 MH/s
[C88-GPU-FIX] Near-miss GPU nonce=2553786543 best=21 bits (target_bits=21) — minage continue (PAS un bloc valide)
[C88-GPU-FIX] Near-miss GPU nonce=2566858909 best=21 bits (target_bits=21) — minage continue (PAS un bloc valide)
[C69-GPU] batch #1600 | GPU hashes: 419430400 | near-miss GPU best: 31 bits | ~11.3 MH/s
[BTC_QM] elapsed=40.2s hashes=458227712 hashrate=11.41MH/s best_leading=38 best_nonce=4278190080 nx48_delta=225.07
[C88-GPU-FIX] Near-miss GPU nonce=2579921291 best=24 bits (target_bits=21) — minage continue (PAS un bloc valide)
[C69-GPU] batch #1700 | GPU hashes: 445644800 | near-miss GPU best: 31 bits | ~11.3 MH/s
[C69-GPU] batch #1800 | GPU hashes: 471859200 | near-miss GPU best: 31 bits | ~11.3 MH/s
[C69-GPU] batch #1900 | GPU hashes: 498073600 | near-miss GPU best: 31 bits | ~11.3 MH/s
[C88-GPU-FIX] Near-miss GPU nonce=2658487043 best=21 bits (target_bits=21) — minage continue (PAS un bloc valide)
[C69-GPU] batch #2000 | GPU hashes: 524288000 | near-miss GPU best: 31 bits | ~11.3 MH/s
[BTC_QM] elapsed=50.3s hashes=566480896 hashrate=11.26MH/s best_leading=38 best_nonce=4278190080 nx48_delta=228.86
[C69-GPU] batch #2100 | GPU hashes: 550502400 | near-miss GPU best: 31 bits | ~11.3 MH/s
[C69-GPU] batch #2200 | GPU hashes: 576716800 | near-miss GPU best: 31 bits | ~11.3 MH/s
[C88-GPU-FIX] Near-miss GPU nonce=2737088681 best=21 bits (target_bits=21) — minage continue (PAS un bloc valide)
[C69-GPU] batch #2300 | GPU hashes: 602931200 | near-miss GPU best: 31 bits | ~11.3 MH/s
[BTC_QM] elapsed=60.4s hashes=671809536 hashrate=11.13MH/s best_leading=38 best_nonce=4278190080 nx48_delta=298.16
[C69-GPU] batch #2400 | GPU hashes: 629145600 | near-miss GPU best: 31 bits | ~11.3 MH/s
[C69-GPU] batch #2500 | GPU hashes: 655360000 | near-miss GPU best: 31 bits | ~11.3 MH/s
[C69-GPU] batch #2600 | GPU hashes: 681574400 | near-miss GPU best: 31 bits | ~11.3 MH/s
[C88-GPU-FIX] Near-miss GPU nonce=2855073509 best=21 bits (target_bits=21) — minage continue (PAS un bloc valide)
[C69-GPU] batch #2700 | GPU hashes: 707788800 | near-miss GPU best: 31 bits | ~11.3 MH/s
[BTC_QM] elapsed=70.5s hashes=777953280 hashrate=11.04MH/s best_leading=38 best_nonce=4278190080 nx48_delta=337.24
[C69-GPU] batch #2800 | GPU hashes: 734003200 | near-miss GPU best: 31 bits | ~11.3 MH/s
[C69-GPU] batch #2900 | GPU hashes: 760217600 | near-miss GPU best: 31 bits | ~11.3 MH/s
[C69-GPU] batch #3000 | GPU hashes: 786432000 | near-miss GPU best: 31 bits | ~11.3 MH/s
[C88-GPU-FIX] Near-miss GPU nonce=2960035552 best=21 bits (target_bits=21) — minage continue (PAS un bloc valide)
[C69-GPU] batch #3100 | GPU hashes: 812646400 | near-miss GPU best: 31 bits | ~11.3 MH/s
[BTC_QM] elapsed=80.5s hashes=878788608 hashrate=10.91MH/s best_leading=38 best_nonce=4278190080 nx48_delta=390.76
[C69-GPU] batch #3200 | GPU hashes: 838860800 | near-miss GPU best: 31 bits | ~11.3 MH/s
[C69-GPU] batch #3300 | GPU hashes: 865075200 | near-miss GPU best: 31 bits | ~11.3 MH/s
[C69-GPU] batch #3400 | GPU hashes: 891289600 | near-miss GPU best: 31 bits | ~11.3 MH/s
[C69-GPU] batch #3500 | GPU hashes: 917504000 | near-miss GPU best: 31 bits | ~11.3 MH/s
[BTC_QM] elapsed=90.5s hashes=978415616 hashrate=10.81MH/s best_leading=38 best_nonce=4278190080 nx48_delta=410.25
[C88-GPU-FIX] Near-miss GPU nonce=3078051209 best=22 bits (target_bits=21) — minage continue (PAS un bloc valide)
[C69-GPU] batch #3600 | GPU hashes: 943718400 | near-miss GPU best: 31 bits | ~11.3 MH/s
[C69-GPU] batch #3700 | GPU hashes: 969932800 | near-miss GPU best: 31 bits | ~11.3 MH/s
[C88-GPU-FIX] Near-miss GPU nonce=3130421624 best=21 bits (target_bits=21) — minage continue (PAS un bloc valide)
[C69-GPU] batch #3800 | GPU hashes: 996147200 | near-miss GPU best: 31 bits | ~11.3 MH/s
[BTC_QM] elapsed=100.6s hashes=1075568640 hashrate=10.69MH/s best_leading=38 best_nonce=4278190080 nx48_delta=475.92
[C69-GPU] batch #3900 | GPU hashes: 1022361600 | near-miss GPU best: 31 bits | ~11.3 MH/s
[LUMVORAX:ANOMALY] module=btc_qm_engine desc=btc_nx48_delta_cap_500 val=500.000000 src=src/nx48_btc_controller.c:934
[LUMVORAX:ANOMALY] module=btc_qm_engine desc=btc_nx48_delta_reset_stall_c62 val=11.901764 src=src/nx48_btc_controller.c:1022
[NX48-C62] Reset delta_nonce 500.0->11.902 (stall_long=50 cap500_plateau)
[C69-GPU] batch #4000 | GPU hashes: 1048576000 | near-miss GPU best: 31 bits | ~11.3 MH/s
[C69-GPU] batch #4100 | GPU hashes: 1074790400 | near-miss GPU best: 31 bits | ~11.3 MH/s
[BTC_QM] elapsed=110.6s hashes=1171701760 hashrate=10.59MH/s best_leading=38 best_nonce=4278190080 nx48_delta=12.06
[C69-GPU] batch #4200 | GPU hashes: 1101004800 | near-miss GPU best: 31 bits | ~11.3 MH/s
[C69-GPU] batch #4300 | GPU hashes: 1127219200 | near-miss GPU best: 31 bits | ~11.3 MH/s
[C69-GPU] batch #4400 | GPU hashes: 1153433600 | near-miss GPU best: 31 bits | ~11.3 MH/s
[C88-GPU-FIX] Near-miss GPU nonce=3313813322 best=21 bits (target_bits=21) — minage continue (PAS un bloc valide)
[C69-GPU] batch #4500 | GPU hashes: 1179648000 | near-miss GPU best: 31 bits | ~11.3 MH/s
[BTC_QM] elapsed=120.7s hashes=1268580352 hashrate=10.51MH/s best_leading=38 best_nonce=4278190080 nx48_delta=13.92
[C69-GPU] batch #4600 | GPU hashes: 1205862400 | near-miss GPU best: 31 bits | ~11.3 MH/s
[C69-GPU] batch #4700 | GPU hashes: 1232076800 | near-miss GPU best: 31 bits | ~11.3 MH/s
[C69-GPU] batch #4800 | GPU hashes: 1258291200 | near-miss GPU best: 31 bits | ~11.3 MH/s
[C69-GPU] batch #4900 | GPU hashes: 1284505600 | near-miss GPU best: 31 bits | ~11.3 MH/s
[BTC_QM] elapsed=130.8s hashes=1366986752 hashrate=10.45MH/s best_leading=38 best_nonce=4278190080 nx48_delta=12.74
[C69-GPU] batch #5000 | GPU hashes: 1310720000 | near-miss GPU best: 31 bits | ~11.3 MH/s
[C69-GPU] batch #5100 | GPU hashes: 1336934400 | near-miss GPU best: 31 bits | ~11.3 MH/s
[C69-GPU] batch #5200 | GPU hashes: 1363148800 | near-miss GPU best: 31 bits | ~11.3 MH/s
[BTC_QM] elapsed=140.8s hashes=1465114624 hashrate=10.41MH/s best_leading=38 best_nonce=4278190080 nx48_delta=16.37
[C69-GPU] batch #5300 | GPU hashes: 1389363200 | near-miss GPU best: 31 bits | ~11.3 MH/s
[C69-GPU] batch #5400 | GPU hashes: 1415577600 | near-miss GPU best: 31 bits | ~11.3 MH/s
[C88-GPU-FIX] Near-miss GPU nonce=3589085944 best=22 bits (target_bits=21) — minage continue (PAS un bloc valide)
[C69-GPU] batch #5500 | GPU hashes: 1441792000 | near-miss GPU best: 31 bits | ~11.3 MH/s
[C69-GPU] batch #5600 | GPU hashes: 1468006400 | near-miss GPU best: 31 bits | ~11.3 MH/s
[BTC_QM] elapsed=150.9s hashes=1562267648 hashrate=10.35MH/s best_leading=38 best_nonce=4278190080 nx48_delta=18.96
[C69-GPU] batch #5700 | GPU hashes: 1494220800 | near-miss GPU best: 31 bits | ~11.3 MH/s
[C69-GPU] batch #5800 | GPU hashes: 1520435200 | near-miss GPU best: 31 bits | ~11.3 MH/s
[C69-GPU] batch #5900 | GPU hashes: 1546649600 | near-miss GPU best: 31 bits | ~11.3 MH/s
[BTC_QM] elapsed=161.0s hashes=1657556992 hashrate=10.30MH/s best_leading=38 best_nonce=4278190080 nx48_delta=22.14
[C69-GPU] batch #6000 | GPU hashes: 1572864000 | near-miss GPU best: 31 bits | ~11.3 MH/s
[C69-GPU] batch #6100 | GPU hashes: 1599078400 | near-miss GPU best: 31 bits | ~11.3 MH/s
[C69-GPU] batch #6200 | GPU hashes: 1625292800 | near-miss GPU best: 31 bits | ~11.3 MH/s
[BTC_QM] elapsed=171.0s hashes=1754451968 hashrate=10.26MH/s best_leading=38 best_nonce=4278190080 nx48_delta=24.92
[C69-GPU] batch #6300 | GPU hashes: 1651507200 | near-miss GPU best: 31 bits | ~11.3 MH/s
[C69-GPU] batch #6400 | GPU hashes: 1677721600 | near-miss GPU best: 31 bits | ~11.3 MH/s
[C69-GPU] batch #6500 | GPU hashes: 1703936000 | near-miss GPU best: 31 bits | ~11.3 MH/s
[C69-GPU] batch #6600 | GPU hashes: 1730150400 | near-miss GPU best: 31 bits | ~11.3 MH/s
[BTC_QM] elapsed=181.1s hashes=1850249216 hashrate=10.22MH/s best_leading=38 best_nonce=4278190080 nx48_delta=27.51
[C69-GPU] batch #6700 | GPU hashes: 1756364800 | near-miss GPU best: 31 bits | ~11.3 MH/s
[C69-GPU] batch #6800 | GPU hashes: 1782579200 | near-miss GPU best: 31 bits | ~11.3 MH/s
[C69-GPU] batch #6900 | GPU hashes: 1808793600 | near-miss GPU best: 31 bits | ~11.3 MH/s
[C88-GPU-FIX] Near-miss GPU nonce=3969165762 best=22 bits (target_bits=21) — minage continue (PAS un bloc valide)
[BTC_QM] elapsed=191.1s hashes=1945767936 hashrate=10.18MH/s best_leading=38 best_nonce=4278190080 nx48_delta=30.21
[C69-GPU] batch #7000 | GPU hashes: 1835008000 | near-miss GPU best: 31 bits | ~11.3 MH/s
[C69-GPU] batch #7100 | GPU hashes: 1861222400 | near-miss GPU best: 31 bits | ~11.3 MH/s
[C69-GPU] batch #7200 | GPU hashes: 1887436800 | near-miss GPU best: 31 bits | ~11.3 MH/s
[C69-GPU] batch #7300 | GPU hashes: 1913651200 | near-miss GPU best: 31 bits | ~11.3 MH/s
[BTC_QM] elapsed=201.2s hashes=2042318848 hashrate=10.15MH/s best_leading=38 best_nonce=4278190080 nx48_delta=30.33
[C69-GPU] batch #7400 | GPU hashes: 1939865600 | near-miss GPU best: 31 bits | ~11.3 MH/s
[C69-GPU] batch #7500 | GPU hashes: 1966080000 | near-miss GPU best: 31 bits | ~11.3 MH/s
[C69-GPU] batch #7600 | GPU hashes: 1992294400 | near-miss GPU best: 31 bits | ~11.3 MH/s
[BTC_QM] elapsed=211.3s hashes=2139430912 hashrate=10.13MH/s best_leading=38 best_nonce=4278190080 nx48_delta=35.06
[C69-GPU] batch #7700 | GPU hashes: 2018508800 | near-miss GPU best: 31 bits | ~11.3 MH/s
[C69-GPU] batch #7800 | GPU hashes: 2044723200 | near-miss GPU best: 31 bits | ~11.3 MH/s
[C69-GPU] batch #7900 | GPU hashes: 2070937600 | near-miss GPU best: 31 bits | ~11.3 MH/s
[C88-GPU-FIX] Near-miss GPU nonce=4244401709 best=22 bits (target_bits=21) — minage continue (PAS un bloc valide)
[C69-GPU] batch #8000 | GPU hashes: 2097152000 | near-miss GPU best: 31 bits | ~11.3 MH/s
[BTC_QM] elapsed=221.3s hashes=2235715584 hashrate=10.10MH/s best_leading=38 best_nonce=4278190080 nx48_delta=39.83
[C69-GPU] batch #8100 | GPU hashes: 2123366400 | near-miss GPU best: 31 bits | ~11.3 MH/s
[C69-GPU] batch #8200 | GPU hashes: 2149580800 | near-miss GPU best: 31 bits | ~11.3 MH/s
[C69-GPU] batch #8300 | GPU hashes: 2175795200 | near-miss GPU best: 31 bits | ~11.3 MH/s
[BTC_QM] elapsed=231.3s hashes=2332258304 hashrate=10.08MH/s best_leading=38 best_nonce=4278190080 nx48_delta=46.94
[C69-GPU] batch #8400 | GPU hashes: 2202009600 | near-miss GPU best: 31 bits | ~11.3 MH/s
[C88-GPU-FIX] Near-miss GPU nonce=1141441303 best=21 bits (target_bits=21) — minage continue (PAS un bloc valide)
[C69-GPU] batch #8500 | GPU hashes: 2228224000 | near-miss GPU best: 31 bits | ~11.3 MH/s
[C69-GPU] batch #8600 | GPU hashes: 2254438400 | near-miss GPU best: 31 bits | ~11.3 MH/s
[C69-GPU] batch #8700 | GPU hashes: 2280652800 | near-miss GPU best: 31 bits | ~11.3 MH/s
[BTC_QM] elapsed=241.4s hashes=2430136320 hashrate=10.07MH/s best_leading=38 best_nonce=4278190080 nx48_delta=52.39
[C88-GPU-FIX] Near-miss GPU nonce=1219883273 best=21 bits (target_bits=21) — minage continue (PAS un bloc valide)
[C69-GPU] batch #8800 | GPU hashes: 2306867200 | near-miss GPU best: 31 bits | ~11.3 MH/s
[C69-GPU] batch #8900 | GPU hashes: 2333081600 | near-miss GPU best: 31 bits | ~11.3 MH/s
[C69-GPU] batch #9000 | GPU hashes: 2359296000 | near-miss GPU best: 31 bits | ~11.3 MH/s
[BTC_QM] elapsed=251.4s hashes=2527723520 hashrate=10.05MH/s best_leading=38 best_nonce=4278190080 nx48_delta=62.39
[C69-GPU] batch #9100 | GPU hashes: 2385510400 | near-miss GPU best: 31 bits | ~11.3 MH/s
[C69-GPU] batch #9200 | GPU hashes: 2411724800 | near-miss GPU best: 31 bits | ~11.3 MH/s
[C88-GPU-FIX] Near-miss GPU nonce=1351188471 best=24 bits (target_bits=21) — minage continue (PAS un bloc valide)
[C69-GPU] batch #9300 | GPU hashes: 2437939200 | near-miss GPU best: 31 bits | ~11.3 MH/s
[C69-GPU] batch #9400 | GPU hashes: 2464153600 | near-miss GPU best: 31 bits | ~11.3 MH/s
[BTC_QM] elapsed=261.4s hashes=2625593344 hashrate=10.04MH/s best_leading=38 best_nonce=4278190080 nx48_delta=62.49
[C69-GPU] batch #9500 | GPU hashes: 2490368000 | near-miss GPU best: 31 bits | ~11.3 MH/s
[C69-GPU] batch #9600 | GPU hashes: 2516582400 | near-miss GPU best: 31 bits | ~11.3 MH/s
[C88-GPU-FIX] Near-miss GPU nonce=1469169642 best=21 bits (target_bits=21) — minage continue (PAS un bloc valide)
[C69-GPU] batch #9700 | GPU hashes: 2542796800 | near-miss GPU best: 31 bits | ~11.3 MH/s
[C88-GPU-FIX] Near-miss GPU nonce=1482185894 best=21 bits (target_bits=21) — minage continue (PAS un bloc valide)
[BTC_QM] elapsed=271.6s hashes=2722181120 hashrate=10.02MH/s best_leading=38 best_nonce=4278190080 nx48_delta=70.72
[C69-GPU] batch #9800 | GPU hashes: 2569011200 | near-miss GPU best: 31 bits | ~11.3 MH/s
[C69-GPU] batch #9900 | GPU hashes: 2595225600 | near-miss GPU best: 31 bits | ~11.3 MH/s
[C69-GPU] batch #10000 | GPU hashes: 2621440000 | near-miss GPU best: 31 bits | ~11.3 MH/s
[C69-GPU] batch #10100 | GPU hashes: 2647654400 | near-miss GPU best: 31 bits | ~11.3 MH/s
[BTC_QM] elapsed=281.6s hashes=2813644800 hashrate=9.99MH/s best_leading=38 best_nonce=4278190080 nx48_delta=66.31
[C69-GPU] batch #10200 | GPU hashes: 2673868800 | near-miss GPU best: 31 bits | ~11.3 MH/s
[C69-GPU] batch #10300 | GPU hashes: 2700083200 | near-miss GPU best: 31 bits | ~11.3 MH/s
[C88-GPU-FIX] Near-miss GPU nonce=1639433362 best=22 bits (target_bits=21) — minage continue (PAS un bloc valide)
[C69-GPU] batch #10400 | GPU hashes: 2726297600 | near-miss GPU best: 31 bits | ~11.3 MH/s
[BTC_QM] elapsed=291.6s hashes=2903842816 hashrate=9.96MH/s best_leading=38 best_nonce=4278190080 nx48_delta=68.17
[C69-GPU] batch #10500 | GPU hashes: 2752512000 | near-miss GPU best: 31 bits | ~11.3 MH/s
[C69-GPU] batch #10600 | GPU hashes: 2778726400 | near-miss GPU best: 31 bits | ~11.3 MH/s
[C69-GPU] batch #10700 | GPU hashes: 2804940800 | near-miss GPU best: 31 bits | ~11.3 MH/s
[BTC_QM] elapsed=301.7s hashes=2995859456 hashrate=9.93MH/s best_leading=38 best_nonce=4278190080 nx48_delta=71.95
[C69-GPU] batch #10800 | GPU hashes: 2831155200 | near-miss GPU best: 31 bits | ~11.3 MH/s
[C69-GPU] batch #10900 | GPU hashes: 2857369600 | near-miss GPU best: 31 bits | ~11.3 MH/s
[C69-GPU] batch #11000 | GPU hashes: 2883584000 | near-miss GPU best: 31 bits | ~11.3 MH/s
[C69-GPU] batch #11100 | GPU hashes: 2909798400 | near-miss GPU best: 31 bits | ~11.3 MH/s
[BTC_QM] elapsed=311.7s hashes=3088715776 hashrate=9.91MH/s best_leading=38 best_nonce=4278190080 nx48_delta=88.83
[C88-GPU-FIX] Near-miss GPU nonce=1862169537 best=24 bits (target_bits=21) — minage continue (PAS un bloc valide)
[C69-GPU] batch #11200 | GPU hashes: 2936012800 | near-miss GPU best: 31 bits | ~11.3 MH/s
[C69-GPU] batch #11300 | GPU hashes: 2962227200 | near-miss GPU best: 31 bits | ~11.3 MH/s
[C88-GPU-FIX] Near-miss GPU nonce=1901670156 best=23 bits (target_bits=21) — minage continue (PAS un bloc valide)
[C69-GPU] batch #11400 | GPU hashes: 2988441600 | near-miss GPU best: 31 bits | ~11.3 MH/s
[C88-GPU-FIX] Near-miss GPU nonce=1927688108 best=23 bits (target_bits=21) — minage continue (PAS un bloc valide)
[BTC_QM] elapsed=321.8s hashes=3186417664 hashrate=9.90MH/s best_leading=38 best_nonce=4278190080 nx48_delta=130.04
[C69-GPU] batch #11500 | GPU hashes: 3014656000 | near-miss GPU best: 31 bits | ~11.3 MH/s
[C88-GPU-FIX] Near-miss GPU nonce=1953893506 best=23 bits (target_bits=21) — minage continue (PAS un bloc valide)
[C69-GPU] batch #11600 | GPU hashes: 3040870400 | near-miss GPU best: 31 bits | ~11.3 MH/s
[C88-GPU-FIX] Near-miss GPU nonce=1993302882 best=24 bits (target_bits=21) — minage continue (PAS un bloc valide)
[C69-GPU] batch #11700 | GPU hashes: 3067084800 | near-miss GPU best: 31 bits | ~11.3 MH/s
[C88-GPU-FIX] Near-miss GPU nonce=2006524308 best=23 bits (target_bits=21) — minage continue (PAS un bloc valide)
[C69-GPU] batch #11800 | GPU hashes: 3093299200 | near-miss GPU best: 31 bits | ~11.3 MH/s
[BTC_QM] elapsed=331.9s hashes=3281993728 hashrate=9.89MH/s best_leading=38 best_nonce=4278190080 nx48_delta=156.81
[C88-GPU-FIX] Near-miss GPU nonce=2032616034 best=21 bits (target_bits=21) — minage continue (PAS un bloc valide)
[C69-GPU] batch #11900 | GPU hashes: 3119513600 | near-miss GPU best: 31 bits | ~11.3 MH/s
[C69-GPU] batch #12000 | GPU hashes: 3145728000 | near-miss GPU best: 31 bits | ~11.3 MH/s
[C69-GPU] batch #12100 | GPU hashes: 3171942400 | near-miss GPU best: 31 bits | ~11.3 MH/s
[BTC_QM] elapsed=341.9s hashes=3379335168 hashrate=9.88MH/s best_leading=38 best_nonce=4278190080 nx48_delta=196.08
[C69-GPU] batch #12200 | GPU hashes: 3198156800 | near-miss GPU best: 31 bits | ~11.3 MH/s
[C88-GPU-FIX] Near-miss GPU nonce=2137589849 best=21 bits (target_bits=21) — minage continue (PAS un bloc valide)
[C69-GPU] batch #12300 | GPU hashes: 3224371200 | near-miss GPU best: 31 bits | ~11.3 MH/s
[C69-GPU] batch #12400 | GPU hashes: 3250585600 | near-miss GPU best: 31 bits | ~11.3 MH/s
[BTC_QM] elapsed=352.0s hashes=3475648512 hashrate=9.87MH/s best_leading=38 best_nonce=4278190080 nx48_delta=257.02
[C69-GPU] batch #12500 | GPU hashes: 3276800000 | near-miss GPU best: 31 bits | ~11.3 MH/s
[C69-GPU] batch #12600 | GPU hashes: 3303014400 | near-miss GPU best: 31 bits | ~11.3 MH/s
[C69-GPU] batch #12700 | GPU hashes: 3329228800 | near-miss GPU best: 31 bits | ~11.3 MH/s
[C69-GPU] batch #12800 | GPU hashes: 3355443200 | near-miss GPU best: 31 bits | ~11.3 MH/s
[BTC_QM] elapsed=362.2s hashes=3573071872 hashrate=9.87MH/s best_leading=38 best_nonce=4278190080 nx48_delta=311.32
[C69-GPU] batch #12900 | GPU hashes: 3381657600 | near-miss GPU best: 31 bits | ~11.3 MH/s
[C88-GPU-FIX] Near-miss GPU nonce=2334098035 best=24 bits (target_bits=21) — minage continue (PAS un bloc valide)
[C69-GPU] batch #13000 | GPU hashes: 3407872000 | near-miss GPU best: 31 bits | ~11.3 MH/s
[C69-GPU] batch #13100 | GPU hashes: 3434086400 | near-miss GPU best: 31 bits | ~11.3 MH/s
[BTC_QM] elapsed=372.2s hashes=3669098496 hashrate=9.86MH/s best_leading=38 best_nonce=4278190080 nx48_delta=343.13
[C88-GPU-FIX] Near-miss GPU nonce=2386474797 best=21 bits (target_bits=21) — minage continue (PAS un bloc valide)
[C69-GPU] batch #13200 | GPU hashes: 3460300800 | near-miss GPU best: 31 bits | ~11.3 MH/s
[C88-GPU-FIX] Near-miss GPU nonce=2399556411 best=21 bits (target_bits=21) — minage continue (PAS un bloc valide)
[C88-GPU-FIX] Near-miss GPU nonce=2412694959 best=22 bits (target_bits=21) — minage continue (PAS un bloc valide)
[C69-GPU] batch #13300 | GPU hashes: 3486515200 | near-miss GPU best: 31 bits | ~11.3 MH/s
[C69-GPU] batch #13400 | GPU hashes: 3512729600 | near-miss GPU best: 31 bits | ~11.3 MH/s
[C88-GPU-FIX] Near-miss GPU nonce=2465254025 best=21 bits (target_bits=21) — minage continue (PAS un bloc valide)
[C69-GPU] batch #13500 | GPU hashes: 3538944000 | near-miss GPU best: 31 bits | ~11.3 MH/s
[BTC_QM] elapsed=382.2s hashes=3764899840 hashrate=9.85MH/s best_leading=38 best_nonce=4278190080 nx48_delta=409.64
[C69-GPU] batch #13600 | GPU hashes: 3565158400 | near-miss GPU best: 31 bits | ~11.3 MH/s
[C69-GPU] batch #13700 | GPU hashes: 3591372800 | near-miss GPU best: 31 bits | ~11.3 MH/s
[LUMVORAX:ANOMALY] module=btc_qm_engine desc=btc_nx48_delta_cap_500 val=500.000000 src=src/nx48_btc_controller.c:934
[C69-GPU] batch #13800 | GPU hashes: 3617587200 | near-miss GPU best: 31 bits | ~11.3 MH/s
[LUMVORAX:ANOMALY] module=btc_qm_engine desc=btc_nx48_delta_cap_500 val=500.000000 src=src/nx48_btc_controller.c:934
[LUMVORAX:ANOMALY] module=btc_qm_engine desc=btc_nx48_delta_reset_stall_c62 val=4.241751 src=src/nx48_btc_controller.c:1022
[NX48-C62] Reset delta_nonce 500.0->4.242 (stall_long=190 cap500_plateau)
[BTC_QM] elapsed=392.3s hashes=3860697088 hashrate=9.84MH/s best_leading=38 best_nonce=4278190080 nx48_delta=4.24
[C69-GPU] batch #13900 | GPU hashes: 3643801600 | near-miss GPU best: 31 bits | ~11.3 MH/s
[C69-GPU] batch #14000 | GPU hashes: 3670016000 | near-miss GPU best: 31 bits | ~11.3 MH/s
[BTC_QM] elapsed=402.3s hashes=3917910016 hashrate=9.74MH/s best_leading=38 best_nonce=4278190080 nx48_delta=4.85
[C69-GPU] batch #14100 | GPU hashes: 3696230400 | near-miss GPU best: 31 bits | ~11.3 MH/s
[C69-GPU] batch #14200 | GPU hashes: 3722444800 | near-miss GPU best: 31 bits | ~11.3 MH/s
[C69-GPU] batch #14300 | GPU hashes: 3748659200 | near-miss GPU best: 31 bits | ~11.3 MH/s
[BTC_QM] elapsed=412.3s hashes=3992522752 hashrate=9.68MH/s best_leading=38 best_nonce=4278190080 nx48_delta=6.83
[C69-GPU] batch #14400 | GPU hashes: 3774873600 | near-miss GPU best: 31 bits | ~11.3 MH/s
[C69-GPU] batch #14500 | GPU hashes: 3801088000 | near-miss GPU best: 31 bits | ~11.3 MH/s
[BTC_QM] elapsed=422.4s hashes=4055293952 hashrate=9.60MH/s best_leading=38 best_nonce=4278190080 nx48_delta=6.65
[C69-GPU] batch #14600 | GPU hashes: 3827302400 | near-miss GPU best: 31 bits | ~11.3 MH/s
[C88-GPU-FIX] Near-miss GPU nonce=2779653981 best=21 bits (target_bits=21) — minage continue (PAS un bloc valide)
[C69-GPU] batch #14700 | GPU hashes: 3853516800 | near-miss GPU best: 31 bits | ~11.3 MH/s
[C69-GPU] batch #14800 | GPU hashes: 3879731200 | near-miss GPU best: 31 bits | ~11.3 MH/s
[C69-GPU] batch #14900 | GPU hashes: 3905945600 | near-miss GPU best: 31 bits | ~11.3 MH/s
[BTC_QM] elapsed=432.4s hashes=4152385536 hashrate=9.60MH/s best_leading=38 best_nonce=4278190080 nx48_delta=7.61
[C69-GPU] batch #15000 | GPU hashes: 3932160000 | near-miss GPU best: 31 bits | ~11.3 MH/s
[C69-GPU] batch #15100 | GPU hashes: 3958374400 | near-miss GPU best: 31 bits | ~11.3 MH/s
[C69-GPU] batch #15200 | GPU hashes: 3984588800 | near-miss GPU best: 31 bits | ~11.3 MH/s
[BTC_QM] elapsed=442.4s hashes=4248731648 hashrate=9.60MH/s best_leading=38 best_nonce=4278190080 nx48_delta=10.23
[C69-GPU] batch #15300 | GPU hashes: 4010803200 | near-miss GPU best: 31 bits | ~11.3 MH/s
[C69-GPU] batch #15400 | GPU hashes: 4037017600 | near-miss GPU best: 31 bits | ~11.3 MH/s
[C69-GPU] batch #15500 | GPU hashes: 4063232000 | near-miss GPU best: 31 bits | ~11.3 MH/s
[C69-GPU] batch #15600 | GPU hashes: 4089446400 | near-miss GPU best: 31 bits | ~11.3 MH/s
[BTC_QM] elapsed=452.4s hashes=4345344000 hashrate=9.60MH/s best_leading=38 best_nonce=4278190080 nx48_delta=9.14
[C69-GPU] batch #15700 | GPU hashes: 4115660800 | near-miss GPU best: 31 bits | ~11.3 MH/s
[C69-GPU] batch #15800 | GPU hashes: 4141875200 | near-miss GPU best: 31 bits | ~11.3 MH/s
[C88-GPU-FIX] Near-miss GPU nonce=3081131507 best=22 bits (target_bits=21) — minage continue (PAS un bloc valide)
[C69-GPU] batch #15900 | GPU hashes: 4168089600 | near-miss GPU best: 31 bits | ~11.3 MH/s
[C88-GPU-FIX] Near-miss GPU nonce=3107571501 best=21 bits (target_bits=21) — minage continue (PAS un bloc valide)
[BTC_QM] elapsed=462.5s hashes=4439842816 hashrate=9.60MH/s best_leading=38 best_nonce=4278190080 nx48_delta=10.71
[C69-GPU] batch #16000 | GPU hashes: 4194304000 | near-miss GPU best: 31 bits | ~11.3 MH/s
[C69-GPU] batch #16100 | GPU hashes: 4220518400 | near-miss GPU best: 31 bits | ~11.3 MH/s
[C88-GPU-FIX] Near-miss GPU nonce=3172948998 best=21 bits (target_bits=21) — minage continue (PAS un bloc valide)
[C69-GPU] batch #16200 | GPU hashes: 4246732800 | near-miss GPU best: 31 bits | ~11.3 MH/s
[BTC_QM] elapsed=472.5s hashes=4534476800 hashrate=9.60MH/s best_leading=38 best_nonce=4278190080 nx48_delta=11.83
[C69-GPU] batch #16300 | GPU hashes: 4272947200 | near-miss GPU best: 31 bits | ~11.3 MH/s
[C69-GPU] batch #16400 | GPU hashes: 4299161600 | near-miss GPU best: 31 bits | ~11.3 MH/s
[C69-GPU] batch #16500 | GPU hashes: 4325376000 | near-miss GPU best: 31 bits | ~11.3 MH/s
[C69-GPU] batch #16600 | GPU hashes: 4351590400 | near-miss GPU best: 31 bits | ~11.3 MH/s
[BTC_QM] elapsed=482.7s hashes=4629696512 hashrate=9.59MH/s best_leading=38 best_nonce=4278190080 nx48_delta=14.01
[C69-GPU] batch #16700 | GPU hashes: 4377804800 | near-miss GPU best: 31 bits | ~11.3 MH/s
[C88-GPU-FIX] Near-miss GPU nonce=3317269827 best=23 bits (target_bits=21) — minage continue (PAS un bloc valide)
[C69-GPU] batch #16800 | GPU hashes: 4404019200 | near-miss GPU best: 31 bits | ~11.3 MH/s
[C69-GPU] batch #16900 | GPU hashes: 4430233600 | near-miss GPU best: 31 bits | ~11.3 MH/s
[BTC_QM] elapsed=492.7s hashes=4725997568 hashrate=9.59MH/s best_leading=38 best_nonce=4278190080 nx48_delta=14.85
[C69-GPU] batch #17000 | GPU hashes: 4456448000 | near-miss GPU best: 31 bits | ~11.3 MH/s
[C88-GPU-FIX] Near-miss GPU nonce=3408848208 best=21 bits (target_bits=21) — minage continue (PAS un bloc valide)
[C69-GPU] batch #17100 | GPU hashes: 4482662400 | near-miss GPU best: 31 bits | ~11.3 MH/s
[C69-GPU] batch #17200 | GPU hashes: 4508876800 | near-miss GPU best: 31 bits | ~11.3 MH/s
[C69-GPU] batch #17300 | GPU hashes: 4535091200 | near-miss GPU best: 31 bits | ~11.3 MH/s
[BTC_QM] elapsed=502.7s hashes=4822749184 hashrate=9.59MH/s best_leading=38 best_nonce=4278190080 nx48_delta=16.81
[C88-GPU-FIX] Near-miss GPU nonce=3474346388 best=21 bits (target_bits=21) — minage continue (PAS un bloc valide)
[C88-GPU-FIX] Near-miss GPU nonce=3487468744 best=22 bits (target_bits=21) — minage continue (PAS un bloc valide)
[C69-GPU] batch #17400 | GPU hashes: 4561305600 | near-miss GPU best: 31 bits | ~11.3 MH/s
[C69-GPU] batch #17500 | GPU hashes: 4587520000 | near-miss GPU best: 31 bits | ~11.3 MH/s
[C69-GPU] batch #17600 | GPU hashes: 4613734400 | near-miss GPU best: 31 bits | ~11.3 MH/s
[BTC_QM] elapsed=512.7s hashes=4919787520 hashrate=9.60MH/s best_leading=38 best_nonce=4278190080 nx48_delta=22.32
[C69-GPU] batch #17700 | GPU hashes: 4639948800 | near-miss GPU best: 31 bits | ~11.3 MH/s
[C88-GPU-FIX] Near-miss GPU nonce=3579365051 best=21 bits (target_bits=21) — minage continue (PAS un bloc valide)
[C69-GPU] batch #17800 | GPU hashes: 4666163200 | near-miss GPU best: 31 bits | ~11.3 MH/s
[C88-GPU-FIX] Near-miss GPU nonce=3605612587 best=21 bits (target_bits=21) — minage continue (PAS un bloc valide)
[C69-GPU] batch #17900 | GPU hashes: 4692377600 | near-miss GPU best: 31 bits | ~11.3 MH/s
[C88-GPU-FIX] Near-miss GPU nonce=3631701299 best=21 bits (target_bits=21) — minage continue (PAS un bloc valide)
[C69-GPU] batch #18000 | GPU hashes: 4718592000 | near-miss GPU best: 31 bits | ~11.3 MH/s
[BTC_QM] elapsed=522.8s hashes=5016342528 hashrate=9.60MH/s best_leading=38 best_nonce=4278190080 nx48_delta=25.87
[C69-GPU] batch #18100 | GPU hashes: 4744806400 | near-miss GPU best: 31 bits | ~11.3 MH/s
[C69-GPU] batch #18200 | GPU hashes: 4771020800 | near-miss GPU best: 31 bits | ~11.3 MH/s
[C88-GPU-FIX] Near-miss GPU nonce=3723444573 best=23 bits (target_bits=21) — minage continue (PAS un bloc valide)
[C69-GPU] batch #18300 | GPU hashes: 4797235200 | near-miss GPU best: 31 bits | ~11.3 MH/s
[C88-GPU-FIX] Near-miss GPU nonce=3736540418 best=25 bits (target_bits=21) — minage continue (PAS un bloc valide)
[BTC_QM] elapsed=532.8s hashes=5113753600 hashrate=9.60MH/s best_leading=38 best_nonce=4278190080 nx48_delta=27.31
[C69-GPU] batch #18400 | GPU hashes: 4823449600 | near-miss GPU best: 31 bits | ~11.3 MH/s
[C69-GPU] batch #18500 | GPU hashes: 4849664000 | near-miss GPU best: 31 bits | ~11.3 MH/s
[C69-GPU] batch #18600 | GPU hashes: 4875878400 | near-miss GPU best: 31 bits | ~11.3 MH/s
[C69-GPU] batch #18700 | GPU hashes: 4902092800 | near-miss GPU best: 31 bits | ~11.3 MH/s
[BTC_QM] elapsed=542.9s hashes=5210308608 hashrate=9.60MH/s best_leading=38 best_nonce=4278190080 nx48_delta=28.91
[C69-GPU] batch #18800 | GPU hashes: 4928307200 | near-miss GPU best: 31 bits | ~11.3 MH/s
[C88-GPU-FIX] Near-miss GPU nonce=3867545100 best=23 bits (target_bits=21) — minage continue (PAS un bloc valide)
[C69-GPU] batch #18900 | GPU hashes: 4954521600 | near-miss GPU best: 31 bits | ~11.3 MH/s
[C69-GPU] batch #19000 | GPU hashes: 4980736000 | near-miss GPU best: 31 bits | ~11.3 MH/s
[BTC_QM] elapsed=553.0s hashes=5293150208 hashrate=9.57MH/s best_leading=38 best_nonce=4278190080 nx48_delta=33.21
[C69-GPU] batch #19100 | GPU hashes: 5006950400 | near-miss GPU best: 31 bits | ~11.3 MH/s
[BTC_QM] elapsed=563.0s hashes=5341110272 hashrate=9.49MH/s best_leading=38 best_nonce=4278190080 nx48_delta=38.46
[C69-GPU] batch #19200 | GPU hashes: 5033164800 | near-miss GPU best: 31 bits | ~11.3 MH/s
[C88-GPU-FIX] Near-miss GPU nonce=3985498861 best=30 bits (target_bits=21) — minage continue (PAS un bloc valide)
[C69-GPU] batch #19300 | GPU hashes: 5059379200 | near-miss GPU best: 31 bits | ~11.3 MH/s
[BTC_QM] elapsed=573.1s hashes=5389852672 hashrate=9.40MH/s best_leading=38 best_nonce=4278190080 nx48_delta=36.24
[C69-GPU] batch #19400 | GPU hashes: 5085593600 | near-miss GPU best: 31 bits | ~11.3 MH/s
[C69-GPU] batch #19500 | GPU hashes: 5111808000 | near-miss GPU best: 31 bits | ~11.3 MH/s
[BTC_QM] elapsed=583.2s hashes=5438091264 hashrate=9.32MH/s best_leading=38 best_nonce=4278190080 nx48_delta=42.87
[C69-GPU] batch #19600 | GPU hashes: 5138022400 | near-miss GPU best: 31 bits | ~11.3 MH/s
[BTC_QM] elapsed=593.2s hashes=5486022656 hashrate=9.25MH/s best_leading=38 best_nonce=4278190080 nx48_delta=49.28
[C88-GPU-FIX] Near-miss GPU nonce=4090410162 best=24 bits (target_bits=21) — minage continue (PAS un bloc valide)
[C69-GPU] batch #19700 | GPU hashes: 5164236800 | near-miss GPU best: 31 bits | ~11.3 MH/s
[C69-GPU] batch #19800 | GPU hashes: 5190451200 | near-miss GPU best: 31 bits | ~11.3 MH/s
[BTC_QM] elapsed=603.4s hashes=5533446144 hashrate=9.17MH/s best_leading=38 best_nonce=4278190080 nx48_delta=46.33
[C69-GPU] batch #19900 | GPU hashes: 5216665600 | near-miss GPU best: 31 bits | ~11.3 MH/s
[C88-GPU-FIX] Near-miss GPU nonce=4156082593 best=22 bits (target_bits=21) — minage continue (PAS un bloc valide)
[C69-GPU] batch #20000 | GPU hashes: 5242880000 | near-miss GPU best: 31 bits | ~11.3 MH/s
[BTC_QM] elapsed=613.4s hashes=5595222016 hashrate=9.12MH/s best_leading=38 best_nonce=4278190080 nx48_delta=48.03
[C69-GPU] batch #20100 | GPU hashes: 5269094400 | near-miss GPU best: 31 bits | ~11.3 MH/s
[C88-GPU-FIX] Near-miss GPU nonce=4208455635 best=21 bits (target_bits=21) — minage continue (PAS un bloc valide)
[C69-GPU] batch #20200 | GPU hashes: 5295308800 | near-miss GPU best: 31 bits | ~11.3 MH/s
[BTC_QM] elapsed=623.6s hashes=5650538496 hashrate=9.06MH/s best_leading=38 best_nonce=4278190080 nx48_delta=50.47
[C69-GPU] batch #20300 | GPU hashes: 5321523200 | near-miss GPU best: 31 bits | ~11.3 MH/s
[C69-GPU] batch #20400 | GPU hashes: 5347737600 | near-miss GPU best: 31 bits | ~11.3 MH/s
[BTC_QM] elapsed=633.7s hashes=5697585152 hashrate=8.99MH/s best_leading=38 best_nonce=4278190080 nx48_delta=48.40
[C69-GPU] batch #20500 | GPU hashes: 5373952000 | near-miss GPU best: 31 bits | ~11.3 MH/s
[BTC_QM] elapsed=643.7s hashes=5743128576 hashrate=8.92MH/s best_leading=38 best_nonce=4278190080 nx48_delta=51.14
[C88-GPU-FIX] Near-miss GPU nonce=2715813437 best=23 bits (target_bits=21) — minage continue (PAS un bloc valide)
[C69-GPU] batch #20600 | GPU hashes: 5400166400 | near-miss GPU best: 31 bits | ~11.3 MH/s
[C69-GPU] batch #20700 | GPU hashes: 5426380800 | near-miss GPU best: 31 bits | ~11.3 MH/s
[BTC_QM] elapsed=653.8s hashes=5789679616 hashrate=8.85MH/s best_leading=38 best_nonce=4278190080 nx48_delta=45.70
[C88-GPU-FIX] Near-miss GPU nonce=2768124609 best=24 bits (target_bits=21) — minage continue (PAS un bloc valide)
[C69-GPU] batch #20800 | GPU hashes: 5452595200 | near-miss GPU best: 31 bits | ~11.3 MH/s
[BTC_QM] elapsed=663.9s hashes=5837918208 hashrate=8.79MH/s best_leading=38 best_nonce=4278190080 nx48_delta=57.72
[C69-GPU] batch #20900 | GPU hashes: 5478809600 | near-miss GPU best: 31 bits | ~11.3 MH/s
[C69-GPU] batch #21000 | GPU hashes: 5505024000 | near-miss GPU best: 31 bits | ~11.3 MH/s
[BTC_QM] elapsed=673.9s hashes=5885878272 hashrate=8.73MH/s best_leading=38 best_nonce=4278190080 nx48_delta=67.60
[C88-GPU-FIX] Near-miss GPU nonce=2846888318 best=26 bits (target_bits=21) — minage continue (PAS un bloc valide)
[C69-GPU] batch #21100 | GPU hashes: 5531238400 | near-miss GPU best: 31 bits | ~11.3 MH/s
[C69-GPU] batch #21200 | GPU hashes: 5557452800 | near-miss GPU best: 31 bits | ~11.3 MH/s
[C69-GPU] batch #21300 | GPU hashes: 5583667200 | near-miss GPU best: 31 bits | ~11.3 MH/s
[BTC_QM] elapsed=684.0s hashes=5972393984 hashrate=8.73MH/s best_leading=38 best_nonce=4278190080 nx48_delta=81.15
[C69-GPU] batch #21400 | GPU hashes: 5609881600 | near-miss GPU best: 31 bits | ~11.3 MH/s
[C69-GPU] batch #21500 | GPU hashes: 5636096000 | near-miss GPU best: 31 bits | ~11.3 MH/s
[C88-GPU-FIX] Near-miss GPU nonce=2977809631 best=22 bits (target_bits=21) — minage continue (PAS un bloc valide)
[C69-GPU] batch #21600 | GPU hashes: 5662310400 | near-miss GPU best: 31 bits | ~11.3 MH/s
[C69-GPU] batch #21700 | GPU hashes: 5688524800 | near-miss GPU best: 31 bits | ~11.3 MH/s
[BTC_QM] elapsed=694.1s hashes=6068150272 hashrate=8.74MH/s best_leading=38 best_nonce=4278190080 nx48_delta=89.67
[C69-GPU] batch #21800 | GPU hashes: 5714739200 | near-miss GPU best: 31 bits | ~11.3 MH/s
[C69-GPU] batch #21900 | GPU hashes: 5740953600 | near-miss GPU best: 31 bits | ~11.3 MH/s
[C88-GPU-FIX] Near-miss GPU nonce=3069783098 best=21 bits (target_bits=21) — minage continue (PAS un bloc valide)
[C69-GPU] batch #22000 | GPU hashes: 5767168000 | near-miss GPU best: 31 bits | ~11.3 MH/s
[BTC_QM] elapsed=704.2s hashes=6159122432 hashrate=8.75MH/s best_leading=38 best_nonce=4278190080 nx48_delta=91.48
[C69-GPU] batch #22100 | GPU hashes: 5793382400 | near-miss GPU best: 31 bits | ~11.3 MH/s
[C69-GPU] batch #22200 | GPU hashes: 5819596800 | near-miss GPU best: 31 bits | ~11.3 MH/s
[C88-GPU-FIX] Near-miss GPU nonce=3148316512 best=22 bits (target_bits=21) — minage continue (PAS un bloc valide)
[C69-GPU] batch #22300 | GPU hashes: 5845811200 | near-miss GPU best: 31 bits | ~11.3 MH/s
[BTC_QM] elapsed=714.2s hashes=6240743424 hashrate=8.74MH/s best_leading=38 best_nonce=4278190080 nx48_delta=127.88
[C88-GPU-FIX] Near-miss GPU nonce=3187735683 best=25 bits (target_bits=21) — minage continue (PAS un bloc valide)
[C69-GPU] batch #22400 | GPU hashes: 5872025600 | near-miss GPU best: 31 bits | ~11.3 MH/s
[C69-GPU] batch #22500 | GPU hashes: 5898240000 | near-miss GPU best: 31 bits | ~11.3 MH/s
[C69-GPU] batch #22600 | GPU hashes: 5924454400 | near-miss GPU best: 31 bits | ~11.3 MH/s
[BTC_QM] elapsed=724.3s hashes=6331043840 hashrate=8.74MH/s best_leading=38 best_nonce=4278190080 nx48_delta=159.85
[C69-GPU] batch #22700 | GPU hashes: 5950668800 | near-miss GPU best: 31 bits | ~11.3 MH/s
[C69-GPU] batch #22800 | GPU hashes: 5976883200 | near-miss GPU best: 31 bits | ~11.3 MH/s
[C88-GPU-FIX] Near-miss GPU nonce=3318771753 best=21 bits (target_bits=21) — minage continue (PAS un bloc valide)
[C69-GPU] batch #22900 | GPU hashes: 6003097600 | near-miss GPU best: 31 bits | ~11.3 MH/s
[C88-GPU-FIX] Near-miss GPU nonce=3331861214 best=22 bits (target_bits=21) — minage continue (PAS un bloc valide)
[BTC_QM] elapsed=734.3s hashes=6422724608 hashrate=8.75MH/s best_leading=38 best_nonce=4278190080 nx48_delta=159.64
[C69-GPU] batch #23000 | GPU hashes: 6029312000 | near-miss GPU best: 31 bits | ~11.3 MH/s
[C69-GPU] batch #23100 | GPU hashes: 6055526400 | near-miss GPU best: 31 bits | ~11.3 MH/s
[C69-GPU] batch #23200 | GPU hashes: 6081740800 | near-miss GPU best: 31 bits | ~11.3 MH/s
[BTC_QM] elapsed=744.4s hashes=6507872256 hashrate=8.74MH/s best_leading=38 best_nonce=4278190080 nx48_delta=190.38
[C69-GPU] batch #23300 | GPU hashes: 6107955200 | near-miss GPU best: 31 bits | ~11.3 MH/s
[C69-GPU] batch #23400 | GPU hashes: 6134169600 | near-miss GPU best: 31 bits | ~11.3 MH/s
[C69-GPU] batch #23500 | GPU hashes: 6160384000 | near-miss GPU best: 31 bits | ~11.3 MH/s
[C69-GPU] batch #23600 | GPU hashes: 6186598400 | near-miss GPU best: 31 bits | ~11.3 MH/s
[BTC_QM] elapsed=754.5s hashes=6596124672 hashrate=8.74MH/s best_leading=38 best_nonce=4278190080 nx48_delta=228.81
[C69-GPU] batch #23700 | GPU hashes: 6212812800 | near-miss GPU best: 31 bits | ~11.3 MH/s
[C88-GPU-FIX] Near-miss GPU nonce=3541559562 best=21 bits (target_bits=21) — minage continue (PAS un bloc valide)
[C69-GPU] batch #23800 | GPU hashes: 6239027200 | near-miss GPU best: 31 bits | ~11.3 MH/s
[C69-GPU] batch #23900 | GPU hashes: 6265241600 | near-miss GPU best: 31 bits | ~11.3 MH/s
[BTC_QM] elapsed=764.6s hashes=6686650368 hashrate=8.75MH/s best_leading=38 best_nonce=4278190080 nx48_delta=337.08
[C69-GPU] batch #24000 | GPU hashes: 6291456000 | near-miss GPU best: 31 bits | ~11.3 MH/s
[C69-GPU] batch #24100 | GPU hashes: 6317670400 | near-miss GPU best: 31 bits | ~11.3 MH/s
