✅ ARC_API_KEY chargée: 705f499b...
✅ arc-agi importé


================================================================================
🔬 DIAGNOSTIC P0.1 - VÉRIFICATION MOUVEMENT AGENT
================================================================================
Jeu: ls20-9607627b
Hypothèse: Agent immobile malgré actions envoyées
Test: Séquence actions répétées + analyse position
================================================================================

INFO:arc_agi.scorecard:Initialized ScorecardManager with idle_for=0:15:00 and max_open_for=3 days, 0:00:00
2026-06-16 23:13:28 | INFO | Successfully fetched 25 environment(s) from API
✅ Connexion API réussie

2026-06-16 23:13:28 | INFO | Created new scorecard: 32f9aa6a-981f-49e0-8b5b-f79eee3bce6b
✅ Scorecard créé: 32f9aa6a-981f-49e0-8b5b-f79eee3bce6b

2026-06-16 23:13:28 | INFO | Successfully fetched metadata for game ls20
2026-06-16 23:13:28 | INFO | Recording to recordings/32f9aa6a-981f-49e0-8b5b-f79eee3bce6b/ls20-9607627b-ead25cbd-9155-4f7c-945b-54f3c576119b.jsonl
2026-06-16 23:13:28 | INFO | Successfully reset game ls20-9607627b, guid=ead25cbd-9155-4f7c-945b-54f3c576119b, scorecard_id=32f9aa6a-981f-49e0-8b5b-f79eee3bce6b
🔄 RESET environnement...
2026-06-16 23:13:29 | INFO | Recording to recordings/32f9aa6a-981f-49e0-8b5b-f79eee3bce6b/ls20-9607627b-ead25cbd-9155-4f7c-945b-54f3c576119b.jsonl
2026-06-16 23:13:29 | INFO | Successfully reset game ls20-9607627b, guid=ead25cbd-9155-4f7c-945b-54f3c576119b, scorecard_id=32f9aa6a-981f-49e0-8b5b-f79eee3bce6b
✅ Environnement démarré

================================================================================
ANALYSE OBSERVATION INITIALE
================================================================================

1. Type observation: <class 'arcengine.enums.FrameDataRaw'>
2. Attributs disponibles: ['__abstractmethods__', '__annotations__', '__class__', '__class_getitem__', '__class_vars__', '__copy__', '__deepcopy__', '__delattr__', '__dict__', '__dir__', '__doc__', '__eq__', '__fields__', '__fields_set__', '__format__', '__ge__', '__get_pydantic_core_schema__', '__get_pydantic_json_schema__', '__getattr__', '__getattribute__', '__getstate__', '__gt__', '__hash__', '__init__', '__init_subclass__', '__iter__', '__le__', '__lt__', '__module__', '__ne__', '__new__', '__pretty__', '__private_attributes__', '__pydantic_complete__', '__pydantic_computed_fields__', '__pydantic_core_schema__', '__pydantic_custom_init__', '__pydantic_decorators__', '__pydantic_extra__', '__pydantic_extra_info__', '__pydantic_fields__', '__pydantic_fields_set__', '__pydantic_generic_metadata__', '__pydantic_init_subclass__', '__pydantic_on_complete__', '__pydantic_parent_namespace__', '__pydantic_post_init__', '__pydantic_private__', '__pydantic_root_model__', '__pydantic_serializer__', '__pydantic_setattr_handlers__', '__pydantic_validator__', '__reduce__', '__reduce_ex__', '__replace__', '__repr__', '__repr_args__', '__repr_name__', '__repr_recursion__', '__repr_str__', '__rich_repr__', '__setattr__', '__setstate__', '__signature__', '__sizeof__', '__slots__', '__str__', '__subclasshook__', '__weakref__', '_abc_impl', '_calculate_keys', '_copy_and_set_values', '_get_value', '_iter', '_setattr_handler', 'action_input', 'available_actions', 'construct', 'copy', 'dict', 'frame', 'from_orm', 'full_reset', 'game_id', 'guid', 'is_empty', 'json', 'levels_completed', 'model_computed_fields', 'model_config', 'model_construct', 'model_copy', 'model_dump', 'model_dump_json', 'model_extra', 'model_fields', 'model_fields_set', 'model_json_schema', 'model_parametrized_name', 'model_post_init', 'model_rebuild', 'model_validate', 'model_validate_json', 'model_validate_strings', 'parse_file', 'parse_obj', 'parse_raw', 'schema', 'schema_json', 'state', 'update_forward_refs', 'validate', 'win_levels']
3. État jeu: NOT_FINISHED
4. ⚠️  Pas de metadata disponible

================================================================================
TEST 1: ACTIONS RÉPÉTÉES - HAUT (ACTION1) × 10
================================================================================

Step  1 | Action: ACTION1 (HAUT) | Pos: ( -1,  -1) | Reward: +0.00 | État: NOT_FINISHED | ❌ IMMOBILE
Step  2 | Action: ACTION1 (HAUT) | Pos: ( -1,  -1) | Reward: +0.00 | État: NOT_FINISHED | ❌ IMMOBILE
Step  3 | Action: ACTION1 (HAUT) | Pos: ( -1,  -1) | Reward: +0.00 | État: NOT_FINISHED | ❌ IMMOBILE
Step  4 | Action: ACTION1 (HAUT) | Pos: ( -1,  -1) | Reward: +0.00 | État: NOT_FINISHED | ❌ IMMOBILE
Step  5 | Action: ACTION1 (HAUT) | Pos: ( -1,  -1) | Reward: +0.00 | État: NOT_FINISHED | ❌ IMMOBILE
Step  6 | Action: ACTION1 (HAUT) | Pos: ( -1,  -1) | Reward: +0.00 | État: NOT_FINISHED | ❌ IMMOBILE
Step  7 | Action: ACTION1 (HAUT) | Pos: ( -1,  -1) | Reward: +0.00 | État: NOT_FINISHED | ❌ IMMOBILE
Step  8 | Action: ACTION1 (HAUT) | Pos: ( -1,  -1) | Reward: +0.00 | État: NOT_FINISHED | ❌ IMMOBILE
Step  9 | Action: ACTION1 (HAUT) | Pos: ( -1,  -1) | Reward: +0.00 | État: NOT_FINISHED | ❌ IMMOBILE
Step 10 | Action: ACTION1 (HAUT) | Pos: ( -1,  -1) | Reward: +0.00 | État: NOT_FINISHED | ❌ IMMOBILE

================================================================================
TEST 2: ACTIONS VARIÉES - SÉQUENCE DROITE/BAS
================================================================================

Step  1 | Action: DROITE   | Pos: ( -1,  -1) | Reward: +0.00 | État: NOT_FINISHED | ❌ IMMOBILE
Step  2 | Action: DROITE   | Pos: ( -1,  -1) | Reward: +0.00 | État: NOT_FINISHED | ❌ IMMOBILE
Step  3 | Action: DROITE   | Pos: ( -1,  -1) | Reward: +0.00 | État: NOT_FINISHED | ❌ IMMOBILE
Step  4 | Action: DROITE   | Pos: ( -1,  -1) | Reward: +0.00 | État: NOT_FINISHED | ❌ IMMOBILE
Step  5 | Action: DROITE   | Pos: ( -1,  -1) | Reward: +0.00 | État: NOT_FINISHED | ❌ IMMOBILE
Step  6 | Action: BAS      | Pos: ( -1,  -1) | Reward: +0.00 | État: NOT_FINISHED | ❌ IMMOBILE
Step  7 | Action: BAS      | Pos: ( -1,  -1) | Reward: +0.00 | État: NOT_FINISHED | ❌ IMMOBILE
Step  8 | Action: BAS      | Pos: ( -1,  -1) | Reward: +0.00 | État: NOT_FINISHED | ❌ IMMOBILE

================================================================================
ANALYSE FINALE
================================================================================

TEST 1 (ACTION1 × 10):
  - Positions uniques: 1/11
  - Taux mouvement: 0.0%
  - Reward total: 0.00
  - Positions: [(-1, -1), (-1, -1), (-1, -1), (-1, -1), (-1, -1)]... (5 premières)

TEST 2 (DROITE × 5, BAS × 3):
  - Positions uniques: 1/9
  - Taux mouvement: 0.0%
  - Reward total: 0.00
  - Positions: [(-1, -1), (-1, -1), (-1, -1), (-1, -1), (-1, -1), (-1, -1), (-1, -1), (-1, -1), (-1, -1)]

================================================================================
DIAGNOSTIC
================================================================================

❌ AGENT IMMOBILE
   L'agent NE SE DÉPLACE PAS malgré les actions.
   Cause racine du reward = 0.00 identifiée!

   Causes possibles:
   1. Actions non appliquées par environnement
   2. État jeu incorrect après RESET
   3. Bug API ou environnement

❌ REWARD EXTERNE = 0.00
   Aucun reward détecté sur 18 steps

✅ Résultats sauvegardés: /home/lvx/LVX/lumvorax2/src/MAGEN/results/diagnostic_movement_20260616_231338.json

================================================================================
FIN DIAGNOSTIC P0.1
================================================================================

