2026-06-12 02:53:36 | INFO | 
🚀 DÉMARRAGE TESTS MAGEN V2 INTELLIGENT
2026-06-12 02:53:36 | INFO |    Jeux à tester: 10
2026-06-12 02:53:36 | INFO |    Mode forensique: full
2026-06-12 02:53:36 | INFO |    Max actions: 100
2026-06-12 02:53:36 | INFO |    Pattern learning: ACTIVÉ
2026-06-12 02:53:36 | INFO | 🚀 MAGEN V2 INTELLIGENT initialisé
2026-06-12 02:53:36 | INFO |    Max actions: 100 (augmenté)
2026-06-12 02:53:36 | INFO |    Exploration rate: 0.2 (exploitation prioritaire)
2026-06-12 02:53:36 | INFO |    Pattern learning: ACTIVÉ
[MAGEN] Système mémoire initialisé
[MAGEN] Court terme: 50 expériences
[MAGEN] Moyen terme: 200 patterns
[MAGEN] Long terme: success_rate > 0.7
[MAGEN] Logs: /home/lvx/LVX/lumvorax2/src/MAGEN/logs/magen
[ARC Perception] Initialisé (max_size=64x64)
[ARC Agent V2] 🚀 Initialisé (INTELLIGENT)
[ARC Agent V2] Exploration rate: 0.2 (exploitation prioritaire)
[ARC Agent V2] Max actions/level: 100 (augmenté)
[ARC Agent V2] Pattern learning: ACTIVÉ
INFO:arc_agi.scorecard:Initialized ScorecardManager with idle_for=0:15:00 and max_open_for=3 days, 0:00:00
2026-06-12 02:53:36 | INFO | Got anonymous API key: 103987b9-9731-4548-96e3-16d481bada28
2026-06-12 02:53:36 | INFO | Got anonymous API key: 103987b9-9731-4548-96e3-16d481bada28
2026-06-12 02:53:36 | INFO | You can register for an API key at https://three.arcprize.org
2026-06-12 02:53:36 | INFO | You can register for an API key at https://three.arcprize.org
2026-06-12 02:53:37 | INFO | Successfully fetched 25 environment(s) from API
2026-06-12 02:53:37 | INFO | Successfully fetched 25 environment(s) from API
2026-06-12 02:53:37 | INFO | 
📋 10 jeux sélectionnés sur 25 disponibles
🎮 Tests MAGEN V2:   0%|          | 0/10 [00:00<?, ?jeu/s]🎮 Test 1/10: sk48-d8078:   0%|          | 0/10 [00:00<?, ?jeu/s]2026-06-12 02:53:37 | INFO | 
======================================================================
2026-06-12 02:53:37 | INFO | 🎮 DÉMARRAGE JEU: sk48-d8078629
2026-06-12 02:53:37 | INFO | ======================================================================
2026-06-12 02:53:37 | INFO | 🔐 Forensic logging activé: /home/lvx/LVX/lumvorax2/src/MAGEN/logs/forensic/v2_intelligent/sk48_d8078629
2026-06-12 02:53:37 | INFO | 📦 Création environnement via Arcade.make('sk48-d8078629')...
[SimpleLogger] Logger initialisé: /home/lvx/LVX/lumvorax2/src/MAGEN/logs/forensic/v2_intelligent/sk48_d8078629
INFO:arc_agi.scorecard:Initialized ScorecardManager with idle_for=0:15:00 and max_open_for=3 days, 0:00:00
2026-06-12 02:53:37 | INFO | Got anonymous API key: 846d7397-1c70-44e4-9899-6caae21cb896
2026-06-12 02:53:37 | INFO | Got anonymous API key: 846d7397-1c70-44e4-9899-6caae21cb896
2026-06-12 02:53:37 | INFO | You can register for an API key at https://three.arcprize.org
2026-06-12 02:53:37 | INFO | You can register for an API key at https://three.arcprize.org
2026-06-12 02:53:37 | INFO | Successfully fetched 25 environment(s) from API
2026-06-12 02:53:37 | INFO | Successfully fetched 25 environment(s) from API
2026-06-12 02:53:37 | INFO | Created new scorecard: 98a4119a-621e-4318-9284-6f91746c644a
2026-06-12 02:53:37 | INFO | Created new scorecard: 98a4119a-621e-4318-9284-6f91746c644a
2026-06-12 02:53:38 | INFO | Successfully fetched metadata for game sk48
2026-06-12 02:53:38 | INFO | Successfully fetched metadata for game sk48
2026-06-12 02:53:38 | INFO | Successfully loaded game class Sk48 from environment_files/sk48/d8078629/sk48.py
2026-06-12 02:53:38 | INFO | Successfully loaded game class Sk48 from environment_files/sk48/d8078629/sk48.py
2026-06-12 02:53:38 | INFO | ✅ Environnement créé: <class 'arc_agi.local_wrapper.LocalEnvironmentWrapper'>
2026-06-12 02:53:38 | INFO | 📊 État initial:
2026-06-12 02:53:38 | INFO |    game_id: sk48-d8078629
2026-06-12 02:53:38 | INFO |    state: GameState.NOT_FINISHED
2026-06-12 02:53:38 | INFO |    levels_completed: 0/8
2026-06-12 02:53:38 | INFO |    available_actions: [1, 2, 3, 4, 6, 7]
2026-06-12 02:53:38 | INFO | 
--- Action 1/100 ---
2026-06-12 02:53:38 | INFO | État: GameState.NOT_FINISHED
2026-06-12 02:53:38 | INFO | Niveaux complétés: 0/8
2026-06-12 02:53:38 | INFO | ✅ Grille extraite: shape=(64, 64), unique_colors=10
2026-06-12 02:53:38 | INFO | 🧠 Features: densité=0.994, sym_h=0.904, sym_v=0.463, clusters=24
2026-06-12 02:53:38 | INFO | 🎯 Action choisie: 3
2026-06-12 02:53:38 | INFO | 📥 Résultat: GameState.NOT_FINISHED
🎮 Test 1/10: sk48-d8078:   0%|          | 0/10 [00:01<?, ?jeu/s]
[ARC Agent V2] 🧠 Exploitation: action 3
Traceback (most recent call last):
  File "/home/lvx/LVX/lumvorax2/src/MAGEN/tests/test_magen_v2_intelligent.py", line 326, in <module>
    sys.exit(main())
             ^^^^^^
  File "/home/lvx/LVX/lumvorax2/src/MAGEN/tests/test_magen_v2_intelligent.py", line 271, in main
    result = runner.run_game(game_id, max_actions=args.max_actions)
             ^^^^^^^^^^^^^^^^^^^^^^^^^^^^^^^^^^^^^^^^^^^^^^^^^^^^^^
  File "/home/lvx/LVX/lumvorax2/src/MAGEN/tests/test_magen_v2_intelligent.py", line 181, in run_game
    if obs.state in [GameState.WIN, GameState.LOSE]:
                                    ^^^^^^^^^^^^^^
AttributeError: type object 'GameState' has no attribute 'LOSE'
