2026-06-12 10:25:36 | INFO | 
================================================================================
2026-06-12 10:25:36 | INFO | 🧠 MAGEN V3 ENHANCED - LOOP 2
2026-06-12 10:25:36 | INFO | CognitiveLogger + ActionPlanner + LumVorax Forensic
2026-06-12 10:25:36 | INFO | ================================================================================

2026-06-12 10:25:36 | INFO | ================================================================================
2026-06-12 10:25:36 | INFO | 🚀 MAGEN V3 ENHANCED - LOOP 2
2026-06-12 10:25:36 | INFO | ================================================================================
2026-06-12 10:25:36 | INFO | Configuration:
2026-06-12 10:25:36 | INFO |   - Jeux à tester: 5
2026-06-12 10:25:36 | INFO |   - Max actions/jeu: 200
2026-06-12 10:25:36 | INFO |   - CognitiveLogger: ✅ ACTIVÉ
2026-06-12 10:25:36 | INFO |   - ActionPlanner: ✅ ACTIVÉ
2026-06-12 10:25:36 | INFO |   - LumVorax Forensic: ✅ ACTIVÉ
2026-06-12 10:25:36 | INFO | ================================================================================
2026-06-12 10:25:36 | INFO | ✅ LumVorax Logger initialisé
2026-06-12 10:25:36 | INFO | 
================================================================================
2026-06-12 10:25:36 | INFO | 🎮 DÉBUT TESTS - 5 JEUX
2026-06-12 10:25:36 | INFO | ================================================================================

[LumVorax] Binary log: /home/lvx/LVX/lumvorax2/src/MAGEN/logs/forensic/magen_forensic_20260612_102536.lum
[LumVorax] JSON log: /home/lvx/LVX/lumvorax2/src/MAGEN/logs/forensic/magen_forensic_20260612_102536.json
[LumVorax] Logger forensique initialisé
[LumVorax] Logs: /home/lvx/LVX/lumvorax2/src/MAGEN/logs/forensic
[LumVorax] Binary: True, JSON: True
[LumVorax] Secret key: 26b36c1c9b652d40...
[MAGEN] Système mémoire initialisé
[MAGEN] Court terme: 50 expériences
[MAGEN] Moyen terme: 200 patterns
[MAGEN] Long terme: success_rate > 0.7
[MAGEN] Logs: /home/lvx/LVX/lumvorax2/src/MAGEN/data
[ARC Perception] Initialisé (max_size=64x64)
[ARC Agent V3] 🧠 Initialisé (COGNITIVE)
[ARC Agent V3] Exploration rate: 0.05
[ARC Agent V3] Max actions/level: 200
[ARC Agent V3] Modules: RuleExtractor + HypothesisTester
INFO:arc_agi.scorecard:Initialized ScorecardManager with idle_for=0:15:00 and max_open_for=3 days, 0:00:00
2026-06-12 10:25:37 | INFO | Got anonymous API key: 29a34747-b870-4cbb-a02f-a13061c88543
2026-06-12 10:25:37 | INFO | Got anonymous API key: 29a34747-b870-4cbb-a02f-a13061c88543
2026-06-12 10:25:37 | INFO | You can register for an API key at https://three.arcprize.org
2026-06-12 10:25:37 | INFO | You can register for an API key at https://three.arcprize.org
2026-06-12 10:25:37 | INFO | Successfully fetched 25 environment(s) from API
2026-06-12 10:25:37 | INFO | Successfully fetched 25 environment(s) from API
2026-06-12 10:25:37 | ERROR | ❌ Erreur accès Arcade: 'Arcade' object has no attribute 'list_games'
