2026-06-12 10:43:44 | INFO | 
================================================================================
2026-06-12 10:43:44 | INFO | 🧠 MAGEN V3 ENHANCED - LOOP 2
2026-06-12 10:43:44 | INFO | CognitiveLogger + ActionPlanner + LumVorax Forensic
2026-06-12 10:43:44 | INFO | ================================================================================

2026-06-12 10:43:44 | INFO | ================================================================================
2026-06-12 10:43:44 | INFO | 🚀 MAGEN V3 ENHANCED - LOOP 2
2026-06-12 10:43:44 | INFO | ================================================================================
2026-06-12 10:43:44 | INFO | Configuration:
2026-06-12 10:43:44 | INFO |   - Jeux à tester: 5
2026-06-12 10:43:44 | INFO |   - Max actions/jeu: 200
2026-06-12 10:43:44 | INFO |   - CognitiveLogger: ✅ ACTIVÉ
2026-06-12 10:43:44 | INFO |   - ActionPlanner: ✅ ACTIVÉ
2026-06-12 10:43:44 | INFO |   - LumVorax Forensic: ✅ ACTIVÉ
2026-06-12 10:43:44 | INFO | ================================================================================
2026-06-12 10:43:44 | INFO | ✅ LumVorax Logger initialisé
2026-06-12 10:43:44 | INFO | 
================================================================================
2026-06-12 10:43:44 | INFO | 🎮 DÉBUT TESTS - 5 JEUX
2026-06-12 10:43:44 | INFO | ================================================================================

[LumVorax] Binary log: /home/lvx/LVX/lumvorax2/src/MAGEN/logs/forensic/magen_forensic_20260612_104344.lum
[LumVorax] JSON log: /home/lvx/LVX/lumvorax2/src/MAGEN/logs/forensic/magen_forensic_20260612_104344.json
[LumVorax] Logger forensique initialisé
[LumVorax] Logs: /home/lvx/LVX/lumvorax2/src/MAGEN/logs/forensic
[LumVorax] Binary: True, JSON: True
[LumVorax] Secret key: b09bb75ae51d0bde...
[MAGEN] Système mémoire initialisé
[MAGEN] Court terme: 50 expériences
[MAGEN] Moyen terme: 200 patterns
[MAGEN] Long terme: success_rate > 0.7
[MAGEN] Logs: /home/lvx/LVX/lumvorax2/src/MAGEN/data
[ARC Perception] Initialisé (max_size=64x64)
[ARC Agent V3] 🧠 Initialisé (COGNITIVE)
[ARC Agent V3] Exploration rate: 0.05
[ARC Agent V3] Max actions/level: 200
[ARC Agent V3] Modules: RuleExtractor + HypothesisTester
INFO:arc_agi.scorecard:Initialized ScorecardManager with idle_for=0:15:00 and max_open_for=3 days, 0:00:00
2026-06-12 10:43:45 | INFO | Got anonymous API key: 1bb3b736-4f03-4f36-b5df-c9dab894c5d7
2026-06-12 10:43:45 | INFO | Got anonymous API key: 1bb3b736-4f03-4f36-b5df-c9dab894c5d7
2026-06-12 10:43:45 | INFO | You can register for an API key at https://three.arcprize.org
2026-06-12 10:43:45 | INFO | You can register for an API key at https://three.arcprize.org
2026-06-12 10:43:45 | INFO | Successfully fetched 25 environment(s) from API
2026-06-12 10:43:45 | INFO | Successfully fetched 25 environment(s) from API
2026-06-12 10:43:45 | INFO | 📋 10 jeux sélectionnés
2026-06-12 10:43:45 | INFO | 
================================================================================
2026-06-12 10:43:45 | INFO | 🎮 JEU 1/5: ar25-0a0ad940
2026-06-12 10:43:45 | INFO | ================================================================================
2026-06-12 10:43:45 | INFO | Created new scorecard: 9579eed0-ce2c-4de8-bfd2-25d4183817b6
2026-06-12 10:43:45 | INFO | Created new scorecard: 9579eed0-ce2c-4de8-bfd2-25d4183817b6
2026-06-12 10:43:46 | INFO | Successfully fetched metadata for game ar25
2026-06-12 10:43:46 | INFO | Successfully fetched metadata for game ar25
2026-06-12 10:43:46 | ERROR | Failed to download game ar25 from API: 404 Client Error: Not Found for url: https://three.arcprize.org/api/games/ar25-0a0ad940/source
Traceback (most recent call last):
  File "/home/lvx/LVX/lumvorax2/src/MAGEN/venv/lib/python3.12/site-packages/arc_agi/base.py", line 1045, in _download_game
    source_response.raise_for_status()
  File "/home/lvx/LVX/lumvorax2/src/MAGEN/venv/lib/python3.12/site-packages/requests/models.py", line 1028, in raise_for_status
    raise HTTPError(http_error_msg, response=self)
requests.exceptions.HTTPError: 404 Client Error: Not Found for url: https://three.arcprize.org/api/games/ar25-0a0ad940/source
2026-06-12 10:43:46 | ERROR | Failed to download game ar25 from API: 404 Client Error: Not Found for url: https://three.arcprize.org/api/games/ar25-0a0ad940/source
Traceback (most recent call last):
  File "/home/lvx/LVX/lumvorax2/src/MAGEN/venv/lib/python3.12/site-packages/arc_agi/base.py", line 1045, in _download_game
    source_response.raise_for_status()
  File "/home/lvx/LVX/lumvorax2/src/MAGEN/venv/lib/python3.12/site-packages/requests/models.py", line 1028, in raise_for_status
    raise HTTPError(http_error_msg, response=self)
requests.exceptions.HTTPError: 404 Client Error: Not Found for url: https://three.arcprize.org/api/games/ar25-0a0ad940/source
2026-06-12 10:43:46 | INFO | ⚠️ Pas de training pairs disponibles
2026-06-12 10:43:46 | ERROR | ❌ ERREUR JEU 1: 'NoneType' object has no attribute 'reset'
Traceback (most recent call last):
  File "/home/lvx/LVX/lumvorax2/src/MAGEN/run_loop2_v3_enhanced.py", line 205, in run_loop2_v3_enhanced
    obs = env.reset()
          ^^^^^^^^^
AttributeError: 'NoneType' object has no attribute 'reset'
2026-06-12 10:43:46 | INFO | 
================================================================================
2026-06-12 10:43:46 | INFO | 🎮 JEU 2/5: cd82-0a0ad940
2026-06-12 10:43:46 | INFO | ================================================================================
[ARC Agent V3] 📝 CognitiveLogger activé: /home/lvx/LVX/lumvorax2/src/MAGEN/logs/cognitive/cognitive_trace_ar25-0a0ad940_1781253826877352149.json

[ARC Agent V3] 🎮 Nouveau jeu: ar25-0a0ad940
[ARC Agent V3] Tentative #1
2026-06-12 10:43:47 | INFO | Successfully fetched metadata for game cd82
2026-06-12 10:43:47 | INFO | Successfully fetched metadata for game cd82
2026-06-12 10:43:47 | ERROR | Failed to download game cd82 from API: 404 Client Error: Not Found for url: https://three.arcprize.org/api/games/cd82-0a0ad940/source
Traceback (most recent call last):
  File "/home/lvx/LVX/lumvorax2/src/MAGEN/venv/lib/python3.12/site-packages/arc_agi/base.py", line 1045, in _download_game
    source_response.raise_for_status()
  File "/home/lvx/LVX/lumvorax2/src/MAGEN/venv/lib/python3.12/site-packages/requests/models.py", line 1028, in raise_for_status
    raise HTTPError(http_error_msg, response=self)
requests.exceptions.HTTPError: 404 Client Error: Not Found for url: https://three.arcprize.org/api/games/cd82-0a0ad940/source
2026-06-12 10:43:47 | ERROR | Failed to download game cd82 from API: 404 Client Error: Not Found for url: https://three.arcprize.org/api/games/cd82-0a0ad940/source
Traceback (most recent call last):
  File "/home/lvx/LVX/lumvorax2/src/MAGEN/venv/lib/python3.12/site-packages/arc_agi/base.py", line 1045, in _download_game
    source_response.raise_for_status()
  File "/home/lvx/LVX/lumvorax2/src/MAGEN/venv/lib/python3.12/site-packages/requests/models.py", line 1028, in raise_for_status
    raise HTTPError(http_error_msg, response=self)
requests.exceptions.HTTPError: 404 Client Error: Not Found for url: https://three.arcprize.org/api/games/cd82-0a0ad940/source
2026-06-12 10:43:47 | INFO | ⚠️ Pas de training pairs disponibles
2026-06-12 10:43:47 | ERROR | ❌ ERREUR JEU 2: 'NoneType' object has no attribute 'reset'
Traceback (most recent call last):
  File "/home/lvx/LVX/lumvorax2/src/MAGEN/run_loop2_v3_enhanced.py", line 205, in run_loop2_v3_enhanced
    obs = env.reset()
          ^^^^^^^^^
AttributeError: 'NoneType' object has no attribute 'reset'
2026-06-12 10:43:47 | INFO | 
================================================================================
2026-06-12 10:43:47 | INFO | 🎮 JEU 3/5: cn04-0a0ad940
2026-06-12 10:43:47 | INFO | ================================================================================
[ARC Agent V3] 📝 CognitiveLogger activé: /home/lvx/LVX/lumvorax2/src/MAGEN/logs/cognitive/cognitive_trace_cd82-0a0ad940_1781253827612598385.json

[ARC Agent V3] 🎮 Nouveau jeu: cd82-0a0ad940
[ARC Agent V3] Tentative #1
2026-06-12 10:43:48 | INFO | Successfully fetched metadata for game cn04
2026-06-12 10:43:48 | INFO | Successfully fetched metadata for game cn04
2026-06-12 10:43:48 | ERROR | Failed to download game cn04 from API: 404 Client Error: Not Found for url: https://three.arcprize.org/api/games/cn04-0a0ad940/source
Traceback (most recent call last):
  File "/home/lvx/LVX/lumvorax2/src/MAGEN/venv/lib/python3.12/site-packages/arc_agi/base.py", line 1045, in _download_game
    source_response.raise_for_status()
  File "/home/lvx/LVX/lumvorax2/src/MAGEN/venv/lib/python3.12/site-packages/requests/models.py", line 1028, in raise_for_status
    raise HTTPError(http_error_msg, response=self)
requests.exceptions.HTTPError: 404 Client Error: Not Found for url: https://three.arcprize.org/api/games/cn04-0a0ad940/source
2026-06-12 10:43:48 | ERROR | Failed to download game cn04 from API: 404 Client Error: Not Found for url: https://three.arcprize.org/api/games/cn04-0a0ad940/source
Traceback (most recent call last):
  File "/home/lvx/LVX/lumvorax2/src/MAGEN/venv/lib/python3.12/site-packages/arc_agi/base.py", line 1045, in _download_game
    source_response.raise_for_status()
  File "/home/lvx/LVX/lumvorax2/src/MAGEN/venv/lib/python3.12/site-packages/requests/models.py", line 1028, in raise_for_status
    raise HTTPError(http_error_msg, response=self)
requests.exceptions.HTTPError: 404 Client Error: Not Found for url: https://three.arcprize.org/api/games/cn04-0a0ad940/source
2026-06-12 10:43:48 | INFO | ⚠️ Pas de training pairs disponibles
2026-06-12 10:43:48 | ERROR | ❌ ERREUR JEU 3: 'NoneType' object has no attribute 'reset'
Traceback (most recent call last):
  File "/home/lvx/LVX/lumvorax2/src/MAGEN/run_loop2_v3_enhanced.py", line 205, in run_loop2_v3_enhanced
    obs = env.reset()
          ^^^^^^^^^
AttributeError: 'NoneType' object has no attribute 'reset'
2026-06-12 10:43:48 | INFO | 
================================================================================
2026-06-12 10:43:48 | INFO | 🎮 JEU 4/5: dc22-0a0ad940
2026-06-12 10:43:48 | INFO | ================================================================================
[ARC Agent V3] 📝 CognitiveLogger activé: /home/lvx/LVX/lumvorax2/src/MAGEN/logs/cognitive/cognitive_trace_cn04-0a0ad940_1781253828678114454.json

[ARC Agent V3] 🎮 Nouveau jeu: cn04-0a0ad940
[ARC Agent V3] Tentative #1
2026-06-12 10:43:48 | INFO | Successfully fetched metadata for game dc22
2026-06-12 10:43:48 | INFO | Successfully fetched metadata for game dc22
2026-06-12 10:43:49 | ERROR | Failed to download game dc22 from API: 404 Client Error: Not Found for url: https://three.arcprize.org/api/games/dc22-0a0ad940/source
Traceback (most recent call last):
  File "/home/lvx/LVX/lumvorax2/src/MAGEN/venv/lib/python3.12/site-packages/arc_agi/base.py", line 1045, in _download_game
    source_response.raise_for_status()
  File "/home/lvx/LVX/lumvorax2/src/MAGEN/venv/lib/python3.12/site-packages/requests/models.py", line 1028, in raise_for_status
    raise HTTPError(http_error_msg, response=self)
requests.exceptions.HTTPError: 404 Client Error: Not Found for url: https://three.arcprize.org/api/games/dc22-0a0ad940/source
2026-06-12 10:43:49 | ERROR | Failed to download game dc22 from API: 404 Client Error: Not Found for url: https://three.arcprize.org/api/games/dc22-0a0ad940/source
Traceback (most recent call last):
  File "/home/lvx/LVX/lumvorax2/src/MAGEN/venv/lib/python3.12/site-packages/arc_agi/base.py", line 1045, in _download_game
    source_response.raise_for_status()
  File "/home/lvx/LVX/lumvorax2/src/MAGEN/venv/lib/python3.12/site-packages/requests/models.py", line 1028, in raise_for_status
    raise HTTPError(http_error_msg, response=self)
requests.exceptions.HTTPError: 404 Client Error: Not Found for url: https://three.arcprize.org/api/games/dc22-0a0ad940/source
2026-06-12 10:43:49 | INFO | ⚠️ Pas de training pairs disponibles
2026-06-12 10:43:49 | ERROR | ❌ ERREUR JEU 4: 'NoneType' object has no attribute 'reset'
Traceback (most recent call last):
  File "/home/lvx/LVX/lumvorax2/src/MAGEN/run_loop2_v3_enhanced.py", line 205, in run_loop2_v3_enhanced
    obs = env.reset()
          ^^^^^^^^^
AttributeError: 'NoneType' object has no attribute 'reset'
2026-06-12 10:43:49 | INFO | 
================================================================================
2026-06-12 10:43:49 | INFO | 🎮 JEU 5/5: ft09-0a0ad940
2026-06-12 10:43:49 | INFO | ================================================================================
[ARC Agent V3] 📝 CognitiveLogger activé: /home/lvx/LVX/lumvorax2/src/MAGEN/logs/cognitive/cognitive_trace_dc22-0a0ad940_1781253829327619543.json

[ARC Agent V3] 🎮 Nouveau jeu: dc22-0a0ad940
[ARC Agent V3] Tentative #1
2026-06-12 10:43:49 | INFO | Successfully fetched metadata for game ft09
2026-06-12 10:43:49 | INFO | Successfully fetched metadata for game ft09
2026-06-12 10:43:49 | ERROR | Failed to download game ft09 from API: 404 Client Error: Not Found for url: https://three.arcprize.org/api/games/ft09-0a0ad940/source
Traceback (most recent call last):
  File "/home/lvx/LVX/lumvorax2/src/MAGEN/venv/lib/python3.12/site-packages/arc_agi/base.py", line 1045, in _download_game
    source_response.raise_for_status()
  File "/home/lvx/LVX/lumvorax2/src/MAGEN/venv/lib/python3.12/site-packages/requests/models.py", line 1028, in raise_for_status
    raise HTTPError(http_error_msg, response=self)
requests.exceptions.HTTPError: 404 Client Error: Not Found for url: https://three.arcprize.org/api/games/ft09-0a0ad940/source
2026-06-12 10:43:49 | ERROR | Failed to download game ft09 from API: 404 Client Error: Not Found for url: https://three.arcprize.org/api/games/ft09-0a0ad940/source
Traceback (most recent call last):
  File "/home/lvx/LVX/lumvorax2/src/MAGEN/venv/lib/python3.12/site-packages/arc_agi/base.py", line 1045, in _download_game
    source_response.raise_for_status()
  File "/home/lvx/LVX/lumvorax2/src/MAGEN/venv/lib/python3.12/site-packages/requests/models.py", line 1028, in raise_for_status
    raise HTTPError(http_error_msg, response=self)
requests.exceptions.HTTPError: 404 Client Error: Not Found for url: https://three.arcprize.org/api/games/ft09-0a0ad940/source
2026-06-12 10:43:50 | INFO | ⚠️ Pas de training pairs disponibles
2026-06-12 10:43:50 | ERROR | ❌ ERREUR JEU 5: 'NoneType' object has no attribute 'reset'
Traceback (most recent call last):
  File "/home/lvx/LVX/lumvorax2/src/MAGEN/run_loop2_v3_enhanced.py", line 205, in run_loop2_v3_enhanced
    obs = env.reset()
          ^^^^^^^^^
AttributeError: 'NoneType' object has no attribute 'reset'
2026-06-12 10:43:50 | INFO | 
================================================================================
2026-06-12 10:43:50 | INFO | 📊 STATISTIQUES FINALES LOOP 2
2026-06-12 10:43:50 | INFO | ================================================================================
2026-06-12 10:43:50 | INFO |   Jeux testés: 5
2026-06-12 10:43:50 | INFO |   Succès: 0 (0.0%)
2026-06-12 10:43:50 | INFO |   Échecs: 5
2026-06-12 10:43:50 | INFO |   Actions totales: 0
2026-06-12 10:43:50 | INFO |   Actions moyennes: 0.0
2026-06-12 10:43:50 | INFO | ================================================================================
2026-06-12 10:43:50 | INFO | 
📈 STATISTIQUES AGENT V3 ENHANCED
2026-06-12 10:43:50 | INFO | ================================================================================
2026-06-12 10:43:50 | INFO |   total_actions: 0
2026-06-12 10:43:50 | INFO |   successful_levels: 0
2026-06-12 10:43:50 | INFO |   failed_levels: 0
2026-06-12 10:43:50 | INFO |   total_levels: 0
2026-06-12 10:43:50 | INFO |   success_rate: 0.0
2026-06-12 10:43:50 | INFO |   avg_actions_per_level: 0.0
2026-06-12 10:43:50 | INFO |   exploration_rate: 0.05
2026-06-12 10:43:50 | INFO |   patterns_used: 0
2026-06-12 10:43:50 | INFO |   patterns_successful: 0
2026-06-12 10:43:50 | INFO |   pattern_success_rate: 0.0
2026-06-12 10:43:50 | INFO |   unique_games_learned: 5
2026-06-12 10:43:50 | INFO |   total_patterns_learned: 0
2026-06-12 10:43:50 | INFO | ================================================================================
2026-06-12 10:43:50 | INFO | 
💾 Résultats sauvegardés: /home/lvx/LVX/lumvorax2/src/MAGEN/logs/loop2_results_20260612_104344.json
2026-06-12 10:43:50 | INFO | 🔒 Logs forensiques LumVorax: /home/lvx/LVX/lumvorax2/src/MAGEN/logs/forensic
2026-06-12 10:43:50 | INFO | ================================================================================

2026-06-12 10:43:50 | INFO | 
================================================================================
2026-06-12 10:43:50 | INFO | ✅ LOOP 2 TERMINÉ
2026-06-12 10:43:50 | INFO | ================================================================================
2026-06-12 10:43:50 | INFO | Succès: 0/5
2026-06-12 10:43:50 | INFO | Taux de succès: 0.0%
2026-06-12 10:43:50 | INFO | 
⚠️ Aucun succès - Analyse forensique requise pour LOOP 3
2026-06-12 10:43:50 | INFO | ================================================================================

[ARC Agent V3] 📝 CognitiveLogger activé: /home/lvx/LVX/lumvorax2/src/MAGEN/logs/cognitive/cognitive_trace_ft09-0a0ad940_1781253830005229535.json

[ARC Agent V3] 🎮 Nouveau jeu: ft09-0a0ad940
[ARC Agent V3] Tentative #1
