2026-06-12 10:39:58 | INFO | 
================================================================================
2026-06-12 10:39:58 | INFO | 🧠 MAGEN V3 ENHANCED - LOOP 2
2026-06-12 10:39:58 | INFO | CognitiveLogger + ActionPlanner + LumVorax Forensic
2026-06-12 10:39:58 | INFO | ================================================================================

2026-06-12 10:39:58 | INFO | ================================================================================
2026-06-12 10:39:58 | INFO | 🚀 MAGEN V3 ENHANCED - LOOP 2
2026-06-12 10:39:58 | INFO | ================================================================================
2026-06-12 10:39:58 | INFO | Configuration:
2026-06-12 10:39:58 | INFO |   - Jeux à tester: 5
2026-06-12 10:39:58 | INFO |   - Max actions/jeu: 200
2026-06-12 10:39:58 | INFO |   - CognitiveLogger: ✅ ACTIVÉ
2026-06-12 10:39:58 | INFO |   - ActionPlanner: ✅ ACTIVÉ
2026-06-12 10:39:58 | INFO |   - LumVorax Forensic: ✅ ACTIVÉ
2026-06-12 10:39:58 | INFO | ================================================================================
2026-06-12 10:39:58 | INFO | ✅ LumVorax Logger initialisé
2026-06-12 10:39:58 | INFO | 
================================================================================
2026-06-12 10:39:58 | INFO | 🎮 DÉBUT TESTS - 5 JEUX
2026-06-12 10:39:58 | INFO | ================================================================================

[LumVorax] Binary log: /home/lvx/LVX/lumvorax2/src/MAGEN/logs/forensic/magen_forensic_20260612_103958.lum
[LumVorax] JSON log: /home/lvx/LVX/lumvorax2/src/MAGEN/logs/forensic/magen_forensic_20260612_103958.json
[LumVorax] Logger forensique initialisé
[LumVorax] Logs: /home/lvx/LVX/lumvorax2/src/MAGEN/logs/forensic
[LumVorax] Binary: True, JSON: True
[LumVorax] Secret key: 5d0f35cca99c5135...
[MAGEN] Système mémoire initialisé
[MAGEN] Court terme: 50 expériences
[MAGEN] Moyen terme: 200 patterns
[MAGEN] Long terme: success_rate > 0.7
[MAGEN] Logs: /home/lvx/LVX/lumvorax2/src/MAGEN/data
[ARC Perception] Initialisé (max_size=64x64)
[ARC Agent V3] 🧠 Initialisé (COGNITIVE)
[ARC Agent V3] Exploration rate: 0.05
[ARC Agent V3] Max actions/level: 200
[ARC Agent V3] Modules: RuleExtractor + HypothesisTester
INFO:arc_agi.scorecard:Initialized ScorecardManager with idle_for=0:15:00 and max_open_for=3 days, 0:00:00
2026-06-12 10:39:59 | INFO | Got anonymous API key: 419252d9-0529-435d-8e64-adcd249e8de4
2026-06-12 10:39:59 | INFO | Got anonymous API key: 419252d9-0529-435d-8e64-adcd249e8de4
2026-06-12 10:39:59 | INFO | You can register for an API key at https://three.arcprize.org
2026-06-12 10:39:59 | INFO | You can register for an API key at https://three.arcprize.org
2026-06-12 10:39:59 | INFO | Successfully fetched 25 environment(s) from API
2026-06-12 10:39:59 | INFO | Successfully fetched 25 environment(s) from API
2026-06-12 10:39:59 | INFO | 📋 5 jeux sélectionnés
2026-06-12 10:39:59 | INFO | 
================================================================================
2026-06-12 10:39:59 | INFO | 🎮 JEU 1/5: bp35-0a0ad940
2026-06-12 10:39:59 | INFO | ================================================================================
2026-06-12 10:39:59 | INFO | Created new scorecard: 83771e8a-ce8a-4344-9b1f-0d184a320fb1
2026-06-12 10:39:59 | INFO | Created new scorecard: 83771e8a-ce8a-4344-9b1f-0d184a320fb1
2026-06-12 10:40:00 | INFO | Successfully fetched metadata for game bp35
2026-06-12 10:40:00 | INFO | Successfully fetched metadata for game bp35
2026-06-12 10:40:00 | INFO | Successfully loaded game class Bp35 from environment_files/bp35/0a0ad940/bp35.py
2026-06-12 10:40:00 | INFO | Successfully loaded game class Bp35 from environment_files/bp35/0a0ad940/bp35.py
2026-06-12 10:40:00 | INFO | ⚠️ Pas de training pairs disponibles
2026-06-12 10:40:00 | INFO | 🎯 Grille initiale: (64, 64)
[ARC Agent V3] 📝 CognitiveLogger activé: /home/lvx/LVX/lumvorax2/src/MAGEN/logs/cognitive/cognitive_trace_bp35-0a0ad940_1781253600424847438.json

[ARC Agent V3] 🎮 Nouveau jeu: bp35-0a0ad940
[ARC Agent V3] Tentative #1
[ARC Agent V3] 📊 Exploitation features: action 1
[ARC Agent V3] 📊 Exploitation features: action 1
[ARC Agent V3] 🎲 Exploration: action 0
[ARC Agent V3] 📊 Exploitation features: action 0
[ARC Agent V3] 📊 Exploitation features: action 1
[ARC Agent V3] 📊 Exploitation features: action 2
2026-06-12 10:40:00 | ERROR | Error performing step with action ACTION6: 'x'
Traceback (most recent call last):
  File "/home/lvx/LVX/lumvorax2/src/MAGEN/venv/lib/python3.12/site-packages/arc_agi/local_wrapper.py", line 239, in step
    FrameDataRaw, self._game.perform_action(action_input, raw=True)
                  ^^^^^^^^^^^^^^^^^^^^^^^^^^^^^^^^^^^^^^^^^^^^^^^^^
  File "/home/lvx/LVX/lumvorax2/src/MAGEN/venv/lib/python3.12/site-packages/arcengine/base_game.py", line 231, in perform_action
    self.step()
  File "<string>", line 4504, in step
  File "<string>", line 4544, in urzvqcxbsz
KeyError: 'x'
2026-06-12 10:40:00 | ERROR | Error performing step with action ACTION6: 'x'
Traceback (most recent call last):
  File "/home/lvx/LVX/lumvorax2/src/MAGEN/venv/lib/python3.12/site-packages/arc_agi/local_wrapper.py", line 239, in step
    FrameDataRaw, self._game.perform_action(action_input, raw=True)
                  ^^^^^^^^^^^^^^^^^^^^^^^^^^^^^^^^^^^^^^^^^^^^^^^^^
  File "/home/lvx/LVX/lumvorax2/src/MAGEN/venv/lib/python3.12/site-packages/arcengine/base_game.py", line 231, in perform_action
    self.step()
  File "<string>", line 4504, in step
  File "<string>", line 4544, in urzvqcxbsz
KeyError: 'x'
2026-06-12 10:40:00 | ERROR | ❌ Erreur step: 'NoneType' object has no attribute 'frame'
2026-06-12 10:40:00 | INFO | 📝 Résultat jeu enregistré: {'game_id': 'bp35-0a0ad940', 'game_index': 0, 'success': False, 'actions_taken': 5, 'reward': 0.0}
2026-06-12 10:40:00 | INFO | 
📊 Cognitive Summary:
2026-06-12 10:40:00 | INFO |    Total events: 0
2026-06-12 10:40:00 | INFO |    Duration: 307.12ms
2026-06-12 10:40:00 | INFO |    Reasoning captured: 0.0%
2026-06-12 10:40:00 | INFO | 
================================================================================
2026-06-12 10:40:00 | INFO | 📊 RÉSULTAT JEU 1
2026-06-12 10:40:00 | INFO | ================================================================================
2026-06-12 10:40:00 | INFO |   Succès: ❌ NON
2026-06-12 10:40:00 | INFO |   Actions: 5/200
2026-06-12 10:40:00 | INFO | ================================================================================
2026-06-12 10:40:00 | INFO | 
================================================================================
2026-06-12 10:40:00 | INFO | 🎮 JEU 2/5: bp35-0a0ad940
2026-06-12 10:40:00 | INFO | ================================================================================
[ARC Agent V3] ❌ Niveau échoué après 5 actions
2026-06-12 10:40:01 | INFO | Successfully fetched metadata for game bp35
2026-06-12 10:40:01 | INFO | Successfully fetched metadata for game bp35
2026-06-12 10:40:01 | INFO | ⚠️ Pas de training pairs disponibles
2026-06-12 10:40:01 | INFO | 🎯 Grille initiale: (64, 64)
[ARC Agent V3] 📝 CognitiveLogger activé: /home/lvx/LVX/lumvorax2/src/MAGEN/logs/cognitive/cognitive_trace_bp35-0a0ad940_1781253601068906088.json

[ARC Agent V3] 🎮 Nouveau jeu: bp35-0a0ad940
[ARC Agent V3] Tentative #2
[ARC Agent V3] 📊 Exploitation features: action 2
2026-06-12 10:40:01 | ERROR | Error performing step with action ACTION6: 'x'
Traceback (most recent call last):
  File "/home/lvx/LVX/lumvorax2/src/MAGEN/venv/lib/python3.12/site-packages/arc_agi/local_wrapper.py", line 239, in step
    FrameDataRaw, self._game.perform_action(action_input, raw=True)
                  ^^^^^^^^^^^^^^^^^^^^^^^^^^^^^^^^^^^^^^^^^^^^^^^^^
  File "/home/lvx/LVX/lumvorax2/src/MAGEN/venv/lib/python3.12/site-packages/arcengine/base_game.py", line 231, in perform_action
    self.step()
  File "<string>", line 4504, in step
  File "<string>", line 4544, in urzvqcxbsz
KeyError: 'x'
2026-06-12 10:40:01 | ERROR | Error performing step with action ACTION6: 'x'
Traceback (most recent call last):
  File "/home/lvx/LVX/lumvorax2/src/MAGEN/venv/lib/python3.12/site-packages/arc_agi/local_wrapper.py", line 239, in step
    FrameDataRaw, self._game.perform_action(action_input, raw=True)
                  ^^^^^^^^^^^^^^^^^^^^^^^^^^^^^^^^^^^^^^^^^^^^^^^^^
  File "/home/lvx/LVX/lumvorax2/src/MAGEN/venv/lib/python3.12/site-packages/arcengine/base_game.py", line 231, in perform_action
    self.step()
  File "<string>", line 4504, in step
  File "<string>", line 4544, in urzvqcxbsz
KeyError: 'x'
2026-06-12 10:40:01 | ERROR | ❌ Erreur step: 'NoneType' object has no attribute 'frame'
2026-06-12 10:40:01 | INFO | 📝 Résultat jeu enregistré: {'game_id': 'bp35-0a0ad940', 'game_index': 1, 'success': False, 'actions_taken': 0, 'reward': 0.0}
2026-06-12 10:40:01 | INFO | 
📊 Cognitive Summary:
2026-06-12 10:40:01 | INFO |    Total events: 0
2026-06-12 10:40:01 | INFO |    Duration: 70.37ms
2026-06-12 10:40:01 | INFO |    Reasoning captured: 0.0%
2026-06-12 10:40:01 | INFO | 
================================================================================
2026-06-12 10:40:01 | INFO | 📊 RÉSULTAT JEU 2
2026-06-12 10:40:01 | INFO | ================================================================================
2026-06-12 10:40:01 | INFO |   Succès: ❌ NON
2026-06-12 10:40:01 | INFO |   Actions: 0/200
2026-06-12 10:40:01 | INFO | ================================================================================
2026-06-12 10:40:01 | INFO | 
================================================================================
2026-06-12 10:40:01 | INFO | 🎮 JEU 3/5: bp35-0a0ad940
2026-06-12 10:40:01 | INFO | ================================================================================
[ARC Agent V3] ❌ Niveau échoué après 0 actions
2026-06-12 10:40:01 | INFO | Successfully fetched metadata for game bp35
2026-06-12 10:40:01 | INFO | Successfully fetched metadata for game bp35
2026-06-12 10:40:01 | INFO | ⚠️ Pas de training pairs disponibles
2026-06-12 10:40:01 | INFO | 🎯 Grille initiale: (64, 64)
[ARC Agent V3] 📝 CognitiveLogger activé: /home/lvx/LVX/lumvorax2/src/MAGEN/logs/cognitive/cognitive_trace_bp35-0a0ad940_1781253601852829836.json

[ARC Agent V3] 🎮 Nouveau jeu: bp35-0a0ad940
[ARC Agent V3] Tentative #3
[ARC Agent V3] 📊 Exploitation features: action 1
[ARC Agent V3] 📊 Exploitation features: action 0
[ARC Agent V3] 📊 Exploitation features: action 0
[ARC Agent V3] 📊 Exploitation features: action 1
[ARC Agent V3] 📊 Exploitation features: action 0
[ARC Agent V3] 📊 Exploitation features: action 0
[ARC Agent V3] 📊 Exploitation features: action 0
[ARC Agent V3] 📊 Exploitation features: action 0
[ARC Agent V3] 📊 Exploitation features: action 1
[ARC Agent V3] 📊 Exploitation features: action 2
2026-06-12 10:40:02 | ERROR | Error performing step with action ACTION6: 'x'
Traceback (most recent call last):
  File "/home/lvx/LVX/lumvorax2/src/MAGEN/venv/lib/python3.12/site-packages/arc_agi/local_wrapper.py", line 239, in step
    FrameDataRaw, self._game.perform_action(action_input, raw=True)
                  ^^^^^^^^^^^^^^^^^^^^^^^^^^^^^^^^^^^^^^^^^^^^^^^^^
  File "/home/lvx/LVX/lumvorax2/src/MAGEN/venv/lib/python3.12/site-packages/arcengine/base_game.py", line 231, in perform_action
    self.step()
  File "<string>", line 4504, in step
  File "<string>", line 4544, in urzvqcxbsz
KeyError: 'x'
2026-06-12 10:40:02 | ERROR | Error performing step with action ACTION6: 'x'
Traceback (most recent call last):
  File "/home/lvx/LVX/lumvorax2/src/MAGEN/venv/lib/python3.12/site-packages/arc_agi/local_wrapper.py", line 239, in step
    FrameDataRaw, self._game.perform_action(action_input, raw=True)
                  ^^^^^^^^^^^^^^^^^^^^^^^^^^^^^^^^^^^^^^^^^^^^^^^^^
  File "/home/lvx/LVX/lumvorax2/src/MAGEN/venv/lib/python3.12/site-packages/arcengine/base_game.py", line 231, in perform_action
    self.step()
  File "<string>", line 4504, in step
  File "<string>", line 4544, in urzvqcxbsz
KeyError: 'x'
2026-06-12 10:40:02 | ERROR | ❌ Erreur step: 'NoneType' object has no attribute 'frame'
2026-06-12 10:40:02 | INFO | 📝 Résultat jeu enregistré: {'game_id': 'bp35-0a0ad940', 'game_index': 2, 'success': False, 'actions_taken': 9, 'reward': 0.0}
2026-06-12 10:40:02 | INFO | 
📊 Cognitive Summary:
2026-06-12 10:40:02 | INFO |    Total events: 0
2026-06-12 10:40:02 | INFO |    Duration: 587.41ms
2026-06-12 10:40:02 | INFO |    Reasoning captured: 0.0%
2026-06-12 10:40:02 | INFO | 
================================================================================
2026-06-12 10:40:02 | INFO | 📊 RÉSULTAT JEU 3
2026-06-12 10:40:02 | INFO | ================================================================================
2026-06-12 10:40:02 | INFO |   Succès: ❌ NON
2026-06-12 10:40:02 | INFO |   Actions: 9/200
2026-06-12 10:40:02 | INFO | ================================================================================
2026-06-12 10:40:02 | INFO | 
================================================================================
2026-06-12 10:40:02 | INFO | 🎮 JEU 4/5: bp35-0a0ad940
2026-06-12 10:40:02 | INFO | ================================================================================
[ARC Agent V3] ❌ Niveau échoué après 9 actions
2026-06-12 10:40:02 | INFO | Successfully fetched metadata for game bp35
2026-06-12 10:40:02 | INFO | Successfully fetched metadata for game bp35
2026-06-12 10:40:02 | INFO | ⚠️ Pas de training pairs disponibles
2026-06-12 10:40:02 | INFO | 🎯 Grille initiale: (64, 64)
[ARC Agent V3] 📝 CognitiveLogger activé: /home/lvx/LVX/lumvorax2/src/MAGEN/logs/cognitive/cognitive_trace_bp35-0a0ad940_1781253602741711237.json

[ARC Agent V3] 🎮 Nouveau jeu: bp35-0a0ad940
[ARC Agent V3] Tentative #4
[ARC Agent V3] 📊 Exploitation features: action 0
[ARC Agent V3] 📊 Exploitation features: action 2
2026-06-12 10:40:02 | ERROR | Error performing step with action ACTION6: 'x'
Traceback (most recent call last):
  File "/home/lvx/LVX/lumvorax2/src/MAGEN/venv/lib/python3.12/site-packages/arc_agi/local_wrapper.py", line 239, in step
    FrameDataRaw, self._game.perform_action(action_input, raw=True)
                  ^^^^^^^^^^^^^^^^^^^^^^^^^^^^^^^^^^^^^^^^^^^^^^^^^
  File "/home/lvx/LVX/lumvorax2/src/MAGEN/venv/lib/python3.12/site-packages/arcengine/base_game.py", line 231, in perform_action
    self.step()
  File "<string>", line 4504, in step
  File "<string>", line 4544, in urzvqcxbsz
KeyError: 'x'
2026-06-12 10:40:02 | ERROR | Error performing step with action ACTION6: 'x'
Traceback (most recent call last):
  File "/home/lvx/LVX/lumvorax2/src/MAGEN/venv/lib/python3.12/site-packages/arc_agi/local_wrapper.py", line 239, in step
    FrameDataRaw, self._game.perform_action(action_input, raw=True)
                  ^^^^^^^^^^^^^^^^^^^^^^^^^^^^^^^^^^^^^^^^^^^^^^^^^
  File "/home/lvx/LVX/lumvorax2/src/MAGEN/venv/lib/python3.12/site-packages/arcengine/base_game.py", line 231, in perform_action
    self.step()
  File "<string>", line 4504, in step
  File "<string>", line 4544, in urzvqcxbsz
KeyError: 'x'
2026-06-12 10:40:02 | ERROR | ❌ Erreur step: 'NoneType' object has no attribute 'frame'
2026-06-12 10:40:02 | INFO | 📝 Résultat jeu enregistré: {'game_id': 'bp35-0a0ad940', 'game_index': 3, 'success': False, 'actions_taken': 1, 'reward': 0.0}
2026-06-12 10:40:02 | INFO | 
📊 Cognitive Summary:
2026-06-12 10:40:02 | INFO |    Total events: 0
2026-06-12 10:40:02 | INFO |    Duration: 124.80ms
2026-06-12 10:40:02 | INFO |    Reasoning captured: 0.0%
2026-06-12 10:40:02 | INFO | 
================================================================================
2026-06-12 10:40:02 | INFO | 📊 RÉSULTAT JEU 4
2026-06-12 10:40:02 | INFO | ================================================================================
2026-06-12 10:40:02 | INFO |   Succès: ❌ NON
2026-06-12 10:40:02 | INFO |   Actions: 1/200
2026-06-12 10:40:02 | INFO | ================================================================================
2026-06-12 10:40:02 | INFO | 
================================================================================
2026-06-12 10:40:02 | INFO | 🎮 JEU 5/5: bp35-0a0ad940
2026-06-12 10:40:02 | INFO | ================================================================================
[ARC Agent V3] ❌ Niveau échoué après 1 actions
2026-06-12 10:40:03 | INFO | Successfully fetched metadata for game bp35
2026-06-12 10:40:03 | INFO | Successfully fetched metadata for game bp35
2026-06-12 10:40:03 | INFO | ⚠️ Pas de training pairs disponibles
2026-06-12 10:40:03 | INFO | 🎯 Grille initiale: (64, 64)
[ARC Agent V3] 📝 CognitiveLogger activé: /home/lvx/LVX/lumvorax2/src/MAGEN/logs/cognitive/cognitive_trace_bp35-0a0ad940_1781253603189434512.json

[ARC Agent V3] 🎮 Nouveau jeu: bp35-0a0ad940
[ARC Agent V3] Tentative #5
[ARC Agent V3] 📊 Exploitation features: action 0
[ARC Agent V3] 📊 Exploitation features: action 0
[ARC Agent V3] 📊 Exploitation features: action 2
2026-06-12 10:40:03 | ERROR | Error performing step with action ACTION6: 'x'
Traceback (most recent call last):
  File "/home/lvx/LVX/lumvorax2/src/MAGEN/venv/lib/python3.12/site-packages/arc_agi/local_wrapper.py", line 239, in step
    FrameDataRaw, self._game.perform_action(action_input, raw=True)
                  ^^^^^^^^^^^^^^^^^^^^^^^^^^^^^^^^^^^^^^^^^^^^^^^^^
  File "/home/lvx/LVX/lumvorax2/src/MAGEN/venv/lib/python3.12/site-packages/arcengine/base_game.py", line 231, in perform_action
    self.step()
  File "<string>", line 4504, in step
  File "<string>", line 4544, in urzvqcxbsz
KeyError: 'x'
2026-06-12 10:40:03 | ERROR | Error performing step with action ACTION6: 'x'
Traceback (most recent call last):
  File "/home/lvx/LVX/lumvorax2/src/MAGEN/venv/lib/python3.12/site-packages/arc_agi/local_wrapper.py", line 239, in step
    FrameDataRaw, self._game.perform_action(action_input, raw=True)
                  ^^^^^^^^^^^^^^^^^^^^^^^^^^^^^^^^^^^^^^^^^^^^^^^^^
  File "/home/lvx/LVX/lumvorax2/src/MAGEN/venv/lib/python3.12/site-packages/arcengine/base_game.py", line 231, in perform_action
    self.step()
  File "<string>", line 4504, in step
  File "<string>", line 4544, in urzvqcxbsz
KeyError: 'x'
2026-06-12 10:40:03 | ERROR | ❌ Erreur step: 'NoneType' object has no attribute 'frame'
2026-06-12 10:40:03 | INFO | 📝 Résultat jeu enregistré: {'game_id': 'bp35-0a0ad940', 'game_index': 4, 'success': False, 'actions_taken': 2, 'reward': 0.0}
2026-06-12 10:40:03 | INFO | 
📊 Cognitive Summary:
2026-06-12 10:40:03 | INFO |    Total events: 0
2026-06-12 10:40:03 | INFO |    Duration: 181.57ms
2026-06-12 10:40:03 | INFO |    Reasoning captured: 0.0%
2026-06-12 10:40:03 | INFO | 
================================================================================
2026-06-12 10:40:03 | INFO | 📊 RÉSULTAT JEU 5
2026-06-12 10:40:03 | INFO | ================================================================================
2026-06-12 10:40:03 | INFO |   Succès: ❌ NON
2026-06-12 10:40:03 | INFO |   Actions: 2/200
2026-06-12 10:40:03 | INFO | ================================================================================
2026-06-12 10:40:03 | INFO | 
================================================================================
2026-06-12 10:40:03 | INFO | 📊 STATISTIQUES FINALES LOOP 2
2026-06-12 10:40:03 | INFO | ================================================================================
2026-06-12 10:40:03 | INFO |   Jeux testés: 5
2026-06-12 10:40:03 | INFO |   Succès: 0 (0.0%)
2026-06-12 10:40:03 | INFO |   Échecs: 5
2026-06-12 10:40:03 | INFO |   Actions totales: 17
2026-06-12 10:40:03 | INFO |   Actions moyennes: 3.4
2026-06-12 10:40:03 | INFO | ================================================================================
2026-06-12 10:40:03 | INFO | 
📈 STATISTIQUES AGENT V3 ENHANCED
2026-06-12 10:40:03 | INFO | ================================================================================
2026-06-12 10:40:03 | INFO |   total_actions: 22
2026-06-12 10:40:03 | INFO |   successful_levels: 0
2026-06-12 10:40:03 | INFO |   failed_levels: 5
2026-06-12 10:40:03 | INFO |   total_levels: 5
2026-06-12 10:40:03 | INFO |   success_rate: 0.0
2026-06-12 10:40:03 | INFO |   avg_actions_per_level: 4.4
2026-06-12 10:40:03 | INFO |   exploration_rate: 0.05
2026-06-12 10:40:03 | INFO |   patterns_used: 0
2026-06-12 10:40:03 | INFO |   patterns_successful: 0
2026-06-12 10:40:03 | INFO |   pattern_success_rate: 0.0
2026-06-12 10:40:03 | INFO |   unique_games_learned: 1
2026-06-12 10:40:03 | INFO |   total_patterns_learned: 0
2026-06-12 10:40:03 | INFO | ================================================================================
2026-06-12 10:40:03 | INFO | 
💾 Résultats sauvegardés: /home/lvx/LVX/lumvorax2/src/MAGEN/logs/loop2_results_20260612_103958.json
2026-06-12 10:40:03 | INFO | 🔒 Logs forensiques LumVorax: /home/lvx/LVX/lumvorax2/src/MAGEN/logs/forensic
2026-06-12 10:40:03 | INFO | ================================================================================

2026-06-12 10:40:03 | INFO | 
================================================================================
2026-06-12 10:40:03 | INFO | ✅ LOOP 2 TERMINÉ
2026-06-12 10:40:03 | INFO | ================================================================================
2026-06-12 10:40:03 | INFO | Succès: 0/5
2026-06-12 10:40:03 | INFO | Taux de succès: 0.0%
2026-06-12 10:40:03 | INFO | 
⚠️ Aucun succès - Analyse forensique requise pour LOOP 3
2026-06-12 10:40:03 | INFO | ================================================================================

[ARC Agent V3] ❌ Niveau échoué après 2 actions
