2026-06-12 02:52:43 | INFO | 
🚀 DÉMARRAGE TESTS MAGEN V2 INTELLIGENT
2026-06-12 02:52:43 | INFO |    Jeux à tester: 10
2026-06-12 02:52:43 | INFO |    Mode forensique: full
2026-06-12 02:52:43 | INFO |    Max actions: 100
2026-06-12 02:52:43 | INFO |    Pattern learning: ACTIVÉ
2026-06-12 02:52:43 | INFO | 🚀 MAGEN V2 INTELLIGENT initialisé
2026-06-12 02:52:43 | INFO |    Max actions: 100 (augmenté)
2026-06-12 02:52:43 | INFO |    Exploration rate: 0.2 (exploitation prioritaire)
2026-06-12 02:52:43 | INFO |    Pattern learning: ACTIVÉ
[MAGEN] Système mémoire initialisé
[MAGEN] Court terme: 50 expériences
[MAGEN] Moyen terme: 200 patterns
[MAGEN] Long terme: success_rate > 0.7
[MAGEN] Logs: /home/lvx/LVX/lumvorax2/src/MAGEN/logs/magen
[ARC Perception] Initialisé (max_size=64x64)
[ARC Agent V2] 🚀 Initialisé (INTELLIGENT)
[ARC Agent V2] Exploration rate: 0.2 (exploitation prioritaire)
[ARC Agent V2] Max actions/level: 100 (augmenté)
[ARC Agent V2] Pattern learning: ACTIVÉ
INFO:arc_agi.scorecard:Initialized ScorecardManager with idle_for=0:15:00 and max_open_for=3 days, 0:00:00
2026-06-12 02:52:44 | INFO | Got anonymous API key: 6b0150cb-8253-4416-aafd-886b620ca688
2026-06-12 02:52:44 | INFO | Got anonymous API key: 6b0150cb-8253-4416-aafd-886b620ca688
2026-06-12 02:52:44 | INFO | You can register for an API key at https://three.arcprize.org
2026-06-12 02:52:44 | INFO | You can register for an API key at https://three.arcprize.org
2026-06-12 02:52:44 | INFO | Successfully fetched 25 environment(s) from API
2026-06-12 02:52:44 | INFO | Successfully fetched 25 environment(s) from API
2026-06-12 02:52:44 | INFO | 
📋 10 jeux sélectionnés sur 25 disponibles
🎮 Tests MAGEN V2:   0%|          | 0/10 [00:00<?, ?jeu/s]🎮 Test 1/10: sk48-d8078:   0%|          | 0/10 [00:00<?, ?jeu/s]2026-06-12 02:52:44 | INFO | 
======================================================================
2026-06-12 02:52:44 | INFO | 🎮 DÉMARRAGE JEU: sk48-d8078629
2026-06-12 02:52:44 | INFO | ======================================================================
2026-06-12 02:52:44 | INFO | 🔐 Forensic logging activé: /home/lvx/LVX/lumvorax2/src/MAGEN/logs/forensic/v2_intelligent/sk48_d8078629
2026-06-12 02:52:44 | INFO | 📦 Création environnement via Arcade.make('sk48-d8078629')...
[SimpleLogger] Logger initialisé: /home/lvx/LVX/lumvorax2/src/MAGEN/logs/forensic/v2_intelligent/sk48_d8078629
INFO:arc_agi.scorecard:Initialized ScorecardManager with idle_for=0:15:00 and max_open_for=3 days, 0:00:00
2026-06-12 02:52:44 | INFO | Got anonymous API key: 94333bbd-fe34-4c30-93cc-8fd281868499
2026-06-12 02:52:44 | INFO | Got anonymous API key: 94333bbd-fe34-4c30-93cc-8fd281868499
2026-06-12 02:52:44 | INFO | You can register for an API key at https://three.arcprize.org
2026-06-12 02:52:44 | INFO | You can register for an API key at https://three.arcprize.org
2026-06-12 02:52:45 | INFO | Successfully fetched 25 environment(s) from API
2026-06-12 02:52:45 | INFO | Successfully fetched 25 environment(s) from API
2026-06-12 02:52:45 | INFO | Created new scorecard: c840652a-8236-4f1c-ac71-39180822aae7
2026-06-12 02:52:45 | INFO | Created new scorecard: c840652a-8236-4f1c-ac71-39180822aae7
2026-06-12 02:52:45 | INFO | Successfully fetched metadata for game sk48
2026-06-12 02:52:45 | INFO | Successfully fetched metadata for game sk48
2026-06-12 02:52:45 | INFO | Successfully loaded game class Sk48 from environment_files/sk48/d8078629/sk48.py
2026-06-12 02:52:45 | INFO | Successfully loaded game class Sk48 from environment_files/sk48/d8078629/sk48.py
2026-06-12 02:52:45 | INFO | ✅ Environnement créé: <class 'arc_agi.local_wrapper.LocalEnvironmentWrapper'>
🎮 Test 1/10: sk48-d8078:   0%|          | 0/10 [00:00<?, ?jeu/s]
Traceback (most recent call last):
  File "/home/lvx/LVX/lumvorax2/src/MAGEN/tests/test_magen_v2_intelligent.py", line 336, in <module>
    sys.exit(main())
             ^^^^^^
  File "/home/lvx/LVX/lumvorax2/src/MAGEN/tests/test_magen_v2_intelligent.py", line 281, in main
    result = runner.run_game(game_id, max_actions=args.max_actions)
             ^^^^^^^^^^^^^^^^^^^^^^^^^^^^^^^^^^^^^^^^^^^^^^^^^^^^^^
  File "/home/lvx/LVX/lumvorax2/src/MAGEN/tests/test_magen_v2_intelligent.py", line 135, in run_game
    logger.info(f"📊 État initial: {json.dumps(initial_state, indent=2)}")
                                    ^^^^^^^^^^^^^^^^^^^^^^^^^^^^^^^^^^^
  File "/usr/lib/python3.12/json/__init__.py", line 238, in dumps
    **kw).encode(obj)
          ^^^^^^^^^^^
  File "/usr/lib/python3.12/json/encoder.py", line 202, in encode
    chunks = list(chunks)
             ^^^^^^^^^^^^
  File "/usr/lib/python3.12/json/encoder.py", line 432, in _iterencode
    yield from _iterencode_dict(o, _current_indent_level)
  File "/usr/lib/python3.12/json/encoder.py", line 406, in _iterencode_dict
    yield from chunks
  File "/usr/lib/python3.12/json/encoder.py", line 406, in _iterencode_dict
    yield from chunks
  File "/usr/lib/python3.12/json/encoder.py", line 439, in _iterencode
    o = _default(o)
        ^^^^^^^^^^^
  File "/usr/lib/python3.12/json/encoder.py", line 180, in default
    raise TypeError(f'Object of type {o.__class__.__name__} '
TypeError: Object of type GameAction is not JSON serializable
