🚀 Exécution tests MAGEN - ARC-AGI-3 (LOCAL UNIQUEMENT)
========================================================

✅ Environnement prêt

📋 Commande: python tests/test_magen_real_arc_games.py --games 5 --forensic-full

2026-06-12 02:07:46,811 | INFO | 🎮 25 jeux découverts: ar25, bp35, cd82, cn04, dc22, ft09, g50t, ka59, lf52, lp85, ls20, m0r0, r11l, re86, s5i5, sb26, sc25, sk48, sp80, su15, tn36, tr87, tu93, vc33, wa30
2026-06-12 02:07:46,812 | INFO | 🎮 5 jeux sélectionnés: ar25, bp35, cd82, cn04, dc22
2026-06-12 02:07:46,813 | INFO | 
🚀 Démarrage tests MAGEN sur 5 jeux
2026-06-12 02:07:46,813 | INFO | 📋 Jeux: ar25, bp35, cd82, cn04, dc22
2026-06-12 02:07:46,813 | INFO | 
============================================================
2026-06-12 02:07:46,814 | INFO | 🎮 Démarrage jeu: ar25
2026-06-12 02:07:46,815 | INFO | ============================================================
2026-06-12 02:07:46,830 | ERROR | Pas d'observation initiale pour ar25
2026-06-12 02:07:46,831 | ERROR | ❌ Impossible de charger ar25
2026-06-12 02:07:46,832 | INFO | 
============================================================
2026-06-12 02:07:46,832 | INFO | 🎮 Démarrage jeu: bp35
2026-06-12 02:07:46,833 | INFO | ============================================================
2026-06-12 02:07:46,842 | ERROR | Pas d'observation initiale pour bp35
2026-06-12 02:07:46,843 | ERROR | ❌ Impossible de charger bp35
2026-06-12 02:07:46,844 | INFO | 
============================================================
2026-06-12 02:07:46,844 | INFO | 🎮 Démarrage jeu: cd82
2026-06-12 02:07:46,844 | INFO | ============================================================
2026-06-12 02:07:46,849 | ERROR | Pas d'observation initiale pour cd82
2026-06-12 02:07:46,850 | ERROR | ❌ Impossible de charger cd82
2026-06-12 02:07:46,851 | INFO | 
============================================================
2026-06-12 02:07:46,851 | INFO | 🎮 Démarrage jeu: cn04
2026-06-12 02:07:46,852 | INFO | ============================================================
2026-06-12 02:07:46,856 | ERROR | Pas d'observation initiale pour cn04
2026-06-12 02:07:46,857 | ERROR | ❌ Impossible de charger cn04
2026-06-12 02:07:46,857 | INFO | 
============================================================
2026-06-12 02:07:46,858 | INFO | 🎮 Démarrage jeu: dc22
2026-06-12 02:07:46,858 | INFO | ============================================================
2026-06-12 02:07:46,869 | ERROR | Pas d'observation initiale pour dc22
2026-06-12 02:07:46,870 | ERROR | ❌ Impossible de charger dc22
2026-06-12 02:07:46,871 | INFO | 
============================================================
2026-06-12 02:07:46,871 | INFO | 🏁 RÉSUMÉ GLOBAL
2026-06-12 02:07:46,871 | INFO | ============================================================
2026-06-12 02:07:46,871 | INFO | 🎮 Jeux testés: 5
2026-06-12 02:07:46,872 | INFO | ✅ Jeux réussis: 0 (0.0%)
2026-06-12 02:07:46,872 | INFO | 📊 Niveaux complétés: 0
2026-06-12 02:07:46,872 | INFO | 🎯 Actions totales: 0
2026-06-12 02:07:46,872 | INFO | 🏆 Score moyen: 0.0000
2026-06-12 02:07:46,872 | INFO | ⏱️  Durée totale: 0.06s
2026-06-12 02:07:46,872 | INFO | ============================================================

2026-06-12 02:07:46,873 | INFO | 💾 Résultats sauvegardés: /home/lvx/LVX/lumvorax2/src/MAGEN/logs/results/magen_arc_results_20260612_020746.json
2026-06-12 02:07:46,873 | INFO | ✅ Tests terminés avec succès
[MAGEN] Système mémoire initialisé
[MAGEN] Court terme: 50 expériences
[MAGEN] Moyen terme: 200 patterns
[MAGEN] Long terme: success_rate > 0.7
[MAGEN] Logs: logs/magen
[ARC Perception] Initialisé (max_size=64x64)
[ARC Agent] Initialisé
[ARC Agent] Exploration rate: 0.3
[ARC Agent] Max actions/level: 50

✅ Tests terminés avec succès

📊 Résultats disponibles dans:
   - logs/results/magen_arc_results_*.json
   - logs/forensic/magen_arc_*.lum
   - logs/magen_arc_test.log
