
================================================================================
MAGEN V40.3 FINAL - SOUMISSION ARC-AGI-3 API
================================================================================
API Key: b6ebc9c5-a296-4578-b...
Mode: COMPETITION
Timestamp: 2026-06-16T16:13:46.303215
Version: V40.3 Final (Fondations V39 + PolicyManager V40.3)
================================================================================

✅ arc-agi importé avec succès
✅ MAGEN V40.3 modules chargés:
  - Fondations V39: WorldStateGraph, AgentLocalization, CausalMemory, LearningSystem
  - PolicyManager V40.3: Consultation forcée du World Model
  - Cognitifs V39: Reputation, Budget, Trajectory
  - Orchestrateur V39: CognitiveOrchestrator
✅ Répertoire résultats: /home/lvx/LVX/lumvorax2/src/MAGEN/results/arc_agi_3_v40_3_final

================================================================================
PHASE 1: CONNEXION API ARC-AGI-3
================================================================================

INFO:arc_agi.scorecard:Initialized ScorecardManager with idle_for=0:15:00 and max_open_for=3 days, 0:00:00
2026-06-16 16:13:47 | INFO | Successfully fetched 25 environment(s) from API
✅ Connexion API réussie (mode COMPETITION)
✅ 32 jeux disponibles:
   1. ar25-0c556536: AR25
   2. ar25-0c556536: AR25
   3. cd82-fb555c5d: CD82
   4. cd82-fb555c5d: CD82
   5. lp85-305b61c3: LP85
   6. bp35-0a0ad940: BP35
   7. ft09-0d8bbf25: FT09
   8. ft09-0d8bbf25: FT09
   9. su15-1944f8ab: SU15
   10. cn04-2fe56bfb: CN04
   ... et 22 autres

================================================================================
PHASE 2: CRÉATION SCORECARD OFFICIEL
================================================================================

2026-06-16 16:13:48 | INFO | Created new scorecard: a265e037-57f3-4808-a7ad-7648474457cb
✅ Scorecard créé: a265e037-57f3-4808-a7ad-7648474457cb
   URL: https://arcprize.org/scorecards/a265e037-57f3-4808-a7ad-7648474457cb

================================================================================
PHASE 3: EXÉCUTION MAGEN V39 COMPLET SUR 32 JEUX
================================================================================

✅ 25 jeux uniques après déduplication

[1/25] Jeu: ar25-0c556536 (AR25)
2026-06-16 16:13:48 | INFO | Successfully fetched metadata for game ar25
2026-06-16 16:13:48 | INFO | Recording to recordings/a265e037-57f3-4808-a7ad-7648474457cb/ar25-0c556536-14b6e2ae-a420-4be7-acaa-2db712a439d0.jsonl
2026-06-16 16:13:48 | INFO | Successfully reset game ar25-0c556536, guid=14b6e2ae-a420-4be7-acaa-2db712a439d0, scorecard_id=a265e037-57f3-4808-a7ad-7648474457cb
[MAGEN V40.3] Adaptateur initialisé pour ar25-0c556536
[MAGEN V40.3] Modules actifs:
  - WorldStateGraph V39: ✅
  - AgentLocalization V39: ✅
  - CausalMemory V39: ✅
  - LearningSystem V39: ✅
  - PolicyManager V40.3: ✅ (consultation forcée)
  - ReputationSystem V39: ✅
  - BudgetAllocator V39: ✅
  - TrajectoryMonitor V39: ✅
  - CognitiveOrchestrator V39: ✅
   ✅ Complété - État: NOT_FINISHED, Steps: 50, Reward: 0.00
   ❌ ERREUR: 'actions_taken'

[2/25] Jeu: cd82-fb555c5d (CD82)
2026-06-16 16:14:05 | INFO | Successfully fetched metadata for game cd82
2026-06-16 16:14:05 | INFO | Recording to recordings/a265e037-57f3-4808-a7ad-7648474457cb/cd82-fb555c5d-60a62282-5362-47e0-8715-b2bf29cb4d54.jsonl
2026-06-16 16:14:05 | INFO | Successfully reset game cd82-fb555c5d, guid=60a62282-5362-47e0-8715-b2bf29cb4d54, scorecard_id=a265e037-57f3-4808-a7ad-7648474457cb
[MAGEN V40.3] Adaptateur initialisé pour cd82-fb555c5d
[MAGEN V40.3] Modules actifs:
  - WorldStateGraph V39: ✅
  - AgentLocalization V39: ✅
  - CausalMemory V39: ✅
  - LearningSystem V39: ✅
  - PolicyManager V40.3: ✅ (consultation forcée)
  - ReputationSystem V39: ✅
  - BudgetAllocator V39: ✅
  - TrajectoryMonitor V39: ✅
  - CognitiveOrchestrator V39: ✅
   ✅ Complété - État: NOT_FINISHED, Steps: 50, Reward: 0.00
   ❌ ERREUR: 'actions_taken'

[3/25] Jeu: lp85-305b61c3 (LP85)
2026-06-16 16:14:22 | INFO | Successfully fetched metadata for game lp85
2026-06-16 16:14:22 | INFO | Recording to recordings/a265e037-57f3-4808-a7ad-7648474457cb/lp85-305b61c3-28016fc6-d6ad-4e1b-8d49-d0fa22870597.jsonl
2026-06-16 16:14:22 | INFO | Successfully reset game lp85-305b61c3, guid=28016fc6-d6ad-4e1b-8d49-d0fa22870597, scorecard_id=a265e037-57f3-4808-a7ad-7648474457cb
[MAGEN V40.3] Adaptateur initialisé pour lp85-305b61c3
[MAGEN V40.3] Modules actifs:
  - WorldStateGraph V39: ✅
  - AgentLocalization V39: ✅
  - CausalMemory V39: ✅
  - LearningSystem V39: ✅
  - PolicyManager V40.3: ✅ (consultation forcée)
  - ReputationSystem V39: ✅
  - BudgetAllocator V39: ✅
  - TrajectoryMonitor V39: ✅
  - CognitiveOrchestrator V39: ✅
   ✅ Complété - État: NOT_FINISHED, Steps: 50, Reward: 0.00
   ❌ ERREUR: 'actions_taken'

[4/25] Jeu: bp35-0a0ad940 (BP35)
2026-06-16 16:14:38 | INFO | Successfully fetched metadata for game bp35
2026-06-16 16:14:39 | INFO | Recording to recordings/a265e037-57f3-4808-a7ad-7648474457cb/bp35-0a0ad940-c8a28048-2141-437a-8fe3-1757a2873ea0.jsonl
2026-06-16 16:14:39 | INFO | Successfully reset game bp35-0a0ad940, guid=c8a28048-2141-437a-8fe3-1757a2873ea0, scorecard_id=a265e037-57f3-4808-a7ad-7648474457cb
[MAGEN V40.3] Adaptateur initialisé pour bp35-0a0ad940
[MAGEN V40.3] Modules actifs:
  - WorldStateGraph V39: ✅
  - AgentLocalization V39: ✅
  - CausalMemory V39: ✅
  - LearningSystem V39: ✅
  - PolicyManager V40.3: ✅ (consultation forcée)
  - ReputationSystem V39: ✅
  - BudgetAllocator V39: ✅
  - TrajectoryMonitor V39: ✅
  - CognitiveOrchestrator V39: ✅
2026-06-16 16:14:54 | ERROR | Failed to perform action ACTION3 for game bp35-0a0ad940: 400 Client Error: Bad Request for url: https://three.arcprize.org/api/cmd/ACTION3 Response body: {"error":"GAME_NOT_STARTED_ERROR","message":"game bp35-0a0ad940 is available but has not been started, send RESET to begin playing"}
Traceback (most recent call last):
  File "/home/lvx/.local/lib/python3.12/site-packages/arc_agi/remote_wrapper.py", line 199, in step
    response.raise_for_status()
  File "/home/lvx/.local/lib/python3.12/site-packages/requests/models.py", line 1028, in raise_for_status
    raise HTTPError(http_error_msg, response=self)
requests.exceptions.HTTPError: 400 Client Error: Bad Request for url: https://three.arcprize.org/api/cmd/ACTION3
2026-06-16 16:14:54 | ERROR | Failed to perform action ACTION1 for game bp35-0a0ad940: 400 Client Error: Bad Request for url: https://three.arcprize.org/api/cmd/ACTION1 Response body: {"error":"GAME_NOT_STARTED_ERROR","message":"game bp35-0a0ad940 is available but has not been started, send RESET to begin playing"}
Traceback (most recent call last):
  File "/home/lvx/.local/lib/python3.12/site-packages/arc_agi/remote_wrapper.py", line 199, in step
    response.raise_for_status()
  File "/home/lvx/.local/lib/python3.12/site-packages/requests/models.py", line 1028, in raise_for_status
    raise HTTPError(http_error_msg, response=self)
requests.exceptions.HTTPError: 400 Client Error: Bad Request for url: https://three.arcprize.org/api/cmd/ACTION1
2026-06-16 16:14:54 | ERROR | Failed to perform action ACTION5 for game bp35-0a0ad940: 400 Client Error: Bad Request for url: https://three.arcprize.org/api/cmd/ACTION5 Response body: {"error":"GAME_NOT_STARTED_ERROR","message":"game bp35-0a0ad940 is available but has not been started, send RESET to begin playing"}
Traceback (most recent call last):
  File "/home/lvx/.local/lib/python3.12/site-packages/arc_agi/remote_wrapper.py", line 199, in step
    response.raise_for_status()
  File "/home/lvx/.local/lib/python3.12/site-packages/requests/models.py", line 1028, in raise_for_status
    raise HTTPError(http_error_msg, response=self)
requests.exceptions.HTTPError: 400 Client Error: Bad Request for url: https://three.arcprize.org/api/cmd/ACTION5
2026-06-16 16:14:54 | ERROR | Failed to perform action ACTION1 for game bp35-0a0ad940: 400 Client Error: Bad Request for url: https://three.arcprize.org/api/cmd/ACTION1 Response body: {"error":"GAME_NOT_STARTED_ERROR","message":"game bp35-0a0ad940 is available but has not been started, send RESET to begin playing"}
Traceback (most recent call last):
  File "/home/lvx/.local/lib/python3.12/site-packages/arc_agi/remote_wrapper.py", line 199, in step
    response.raise_for_status()
  File "/home/lvx/.local/lib/python3.12/site-packages/requests/models.py", line 1028, in raise_for_status
    raise HTTPError(http_error_msg, response=self)
requests.exceptions.HTTPError: 400 Client Error: Bad Request for url: https://three.arcprize.org/api/cmd/ACTION1
2026-06-16 16:14:55 | ERROR | Failed to perform action ACTION2 for game bp35-0a0ad940: 400 Client Error: Bad Request for url: https://three.arcprize.org/api/cmd/ACTION2 Response body: {"error":"GAME_NOT_STARTED_ERROR","message":"game bp35-0a0ad940 is available but has not been started, send RESET to begin playing"}
Traceback (most recent call last):
  File "/home/lvx/.local/lib/python3.12/site-packages/arc_agi/remote_wrapper.py", line 199, in step
    response.raise_for_status()
  File "/home/lvx/.local/lib/python3.12/site-packages/requests/models.py", line 1028, in raise_for_status
    raise HTTPError(http_error_msg, response=self)
requests.exceptions.HTTPError: 400 Client Error: Bad Request for url: https://three.arcprize.org/api/cmd/ACTION2
2026-06-16 16:14:55 | ERROR | Failed to perform action ACTION3 for game bp35-0a0ad940: 400 Client Error: Bad Request for url: https://three.arcprize.org/api/cmd/ACTION3 Response body: {"error":"GAME_NOT_STARTED_ERROR","message":"game bp35-0a0ad940 is available but has not been started, send RESET to begin playing"}
Traceback (most recent call last):
  File "/home/lvx/.local/lib/python3.12/site-packages/arc_agi/remote_wrapper.py", line 199, in step
    response.raise_for_status()
  File "/home/lvx/.local/lib/python3.12/site-packages/requests/models.py", line 1028, in raise_for_status
    raise HTTPError(http_error_msg, response=self)
requests.exceptions.HTTPError: 400 Client Error: Bad Request for url: https://three.arcprize.org/api/cmd/ACTION3
2026-06-16 16:14:55 | ERROR | Failed to perform action ACTION7 for game bp35-0a0ad940: 400 Client Error: Bad Request for url: https://three.arcprize.org/api/cmd/ACTION7 Response body: {"error":"GAME_NOT_STARTED_ERROR","message":"game bp35-0a0ad940 is available but has not been started, send RESET to begin playing"}
Traceback (most recent call last):
  File "/home/lvx/.local/lib/python3.12/site-packages/arc_agi/remote_wrapper.py", line 199, in step
    response.raise_for_status()
  File "/home/lvx/.local/lib/python3.12/site-packages/requests/models.py", line 1028, in raise_for_status
    raise HTTPError(http_error_msg, response=self)
requests.exceptions.HTTPError: 400 Client Error: Bad Request for url: https://three.arcprize.org/api/cmd/ACTION7
2026-06-16 16:14:56 | ERROR | Failed to perform action ACTION2 for game bp35-0a0ad940: 400 Client Error: Bad Request for url: https://three.arcprize.org/api/cmd/ACTION2 Response body: {"error":"GAME_NOT_STARTED_ERROR","message":"game bp35-0a0ad940 is available but has not been started, send RESET to begin playing"}
Traceback (most recent call last):
  File "/home/lvx/.local/lib/python3.12/site-packages/arc_agi/remote_wrapper.py", line 199, in step
    response.raise_for_status()
  File "/home/lvx/.local/lib/python3.12/site-packages/requests/models.py", line 1028, in raise_for_status
    raise HTTPError(http_error_msg, response=self)
requests.exceptions.HTTPError: 400 Client Error: Bad Request for url: https://three.arcprize.org/api/cmd/ACTION2
2026-06-16 16:14:56 | ERROR | Failed to perform action ACTION2 for game bp35-0a0ad940: 400 Client Error: Bad Request for url: https://three.arcprize.org/api/cmd/ACTION2 Response body: {"error":"GAME_NOT_STARTED_ERROR","message":"game bp35-0a0ad940 is available but has not been started, send RESET to begin playing"}
Traceback (most recent call last):
  File "/home/lvx/.local/lib/python3.12/site-packages/arc_agi/remote_wrapper.py", line 199, in step
    response.raise_for_status()
  File "/home/lvx/.local/lib/python3.12/site-packages/requests/models.py", line 1028, in raise_for_status
    raise HTTPError(http_error_msg, response=self)
requests.exceptions.HTTPError: 400 Client Error: Bad Request for url: https://three.arcprize.org/api/cmd/ACTION2
2026-06-16 16:14:56 | ERROR | Failed to perform action ACTION4 for game bp35-0a0ad940: 400 Client Error: Bad Request for url: https://three.arcprize.org/api/cmd/ACTION4 Response body: {"error":"GAME_NOT_STARTED_ERROR","message":"game bp35-0a0ad940 is available but has not been started, send RESET to begin playing"}
Traceback (most recent call last):
  File "/home/lvx/.local/lib/python3.12/site-packages/arc_agi/remote_wrapper.py", line 199, in step
    response.raise_for_status()
  File "/home/lvx/.local/lib/python3.12/site-packages/requests/models.py", line 1028, in raise_for_status
    raise HTTPError(http_error_msg, response=self)
requests.exceptions.HTTPError: 400 Client Error: Bad Request for url: https://three.arcprize.org/api/cmd/ACTION4
2026-06-16 16:14:56 | ERROR | Failed to perform action ACTION2 for game bp35-0a0ad940: 400 Client Error: Bad Request for url: https://three.arcprize.org/api/cmd/ACTION2 Response body: {"error":"GAME_NOT_STARTED_ERROR","message":"game bp35-0a0ad940 is available but has not been started, send RESET to begin playing"}
Traceback (most recent call last):
  File "/home/lvx/.local/lib/python3.12/site-packages/arc_agi/remote_wrapper.py", line 199, in step
    response.raise_for_status()
  File "/home/lvx/.local/lib/python3.12/site-packages/requests/models.py", line 1028, in raise_for_status
    raise HTTPError(http_error_msg, response=self)
requests.exceptions.HTTPError: 400 Client Error: Bad Request for url: https://three.arcprize.org/api/cmd/ACTION2
2026-06-16 16:14:57 | ERROR | Failed to perform action ACTION3 for game bp35-0a0ad940: 400 Client Error: Bad Request for url: https://three.arcprize.org/api/cmd/ACTION3 Response body: {"error":"GAME_NOT_STARTED_ERROR","message":"game bp35-0a0ad940 is available but has not been started, send RESET to begin playing"}
Traceback (most recent call last):
  File "/home/lvx/.local/lib/python3.12/site-packages/arc_agi/remote_wrapper.py", line 199, in step
    response.raise_for_status()
  File "/home/lvx/.local/lib/python3.12/site-packages/requests/models.py", line 1028, in raise_for_status
    raise HTTPError(http_error_msg, response=self)
requests.exceptions.HTTPError: 400 Client Error: Bad Request for url: https://three.arcprize.org/api/cmd/ACTION3
2026-06-16 16:14:57 | ERROR | Failed to perform action ACTION4 for game bp35-0a0ad940: 400 Client Error: Bad Request for url: https://three.arcprize.org/api/cmd/ACTION4 Response body: {"error":"GAME_NOT_STARTED_ERROR","message":"game bp35-0a0ad940 is available but has not been started, send RESET to begin playing"}
Traceback (most recent call last):
  File "/home/lvx/.local/lib/python3.12/site-packages/arc_agi/remote_wrapper.py", line 199, in step
    response.raise_for_status()
  File "/home/lvx/.local/lib/python3.12/site-packages/requests/models.py", line 1028, in raise_for_status
    raise HTTPError(http_error_msg, response=self)
requests.exceptions.HTTPError: 400 Client Error: Bad Request for url: https://three.arcprize.org/api/cmd/ACTION4
2026-06-16 16:14:57 | ERROR | Failed to perform action ACTION7 for game bp35-0a0ad940: 400 Client Error: Bad Request for url: https://three.arcprize.org/api/cmd/ACTION7 Response body: {"error":"GAME_NOT_STARTED_ERROR","message":"game bp35-0a0ad940 is available but has not been started, send RESET to begin playing"}
Traceback (most recent call last):
  File "/home/lvx/.local/lib/python3.12/site-packages/arc_agi/remote_wrapper.py", line 199, in step
    response.raise_for_status()
  File "/home/lvx/.local/lib/python3.12/site-packages/requests/models.py", line 1028, in raise_for_status
    raise HTTPError(http_error_msg, response=self)
requests.exceptions.HTTPError: 400 Client Error: Bad Request for url: https://three.arcprize.org/api/cmd/ACTION7
2026-06-16 16:14:58 | ERROR | Failed to perform action ACTION4 for game bp35-0a0ad940: 400 Client Error: Bad Request for url: https://three.arcprize.org/api/cmd/ACTION4 Response body: {"error":"GAME_NOT_STARTED_ERROR","message":"game bp35-0a0ad940 is available but has not been started, send RESET to begin playing"}
Traceback (most recent call last):
  File "/home/lvx/.local/lib/python3.12/site-packages/arc_agi/remote_wrapper.py", line 199, in step
    response.raise_for_status()
  File "/home/lvx/.local/lib/python3.12/site-packages/requests/models.py", line 1028, in raise_for_status
    raise HTTPError(http_error_msg, response=self)
requests.exceptions.HTTPError: 400 Client Error: Bad Request for url: https://three.arcprize.org/api/cmd/ACTION4
2026-06-16 16:14:58 | ERROR | Failed to perform action ACTION4 for game bp35-0a0ad940: 400 Client Error: Bad Request for url: https://three.arcprize.org/api/cmd/ACTION4 Response body: {"error":"GAME_NOT_STARTED_ERROR","message":"game bp35-0a0ad940 is available but has not been started, send RESET to begin playing"}
Traceback (most recent call last):
  File "/home/lvx/.local/lib/python3.12/site-packages/arc_agi/remote_wrapper.py", line 199, in step
    response.raise_for_status()
  File "/home/lvx/.local/lib/python3.12/site-packages/requests/models.py", line 1028, in raise_for_status
    raise HTTPError(http_error_msg, response=self)
requests.exceptions.HTTPError: 400 Client Error: Bad Request for url: https://three.arcprize.org/api/cmd/ACTION4
2026-06-16 16:14:58 | ERROR | Failed to perform action ACTION5 for game bp35-0a0ad940: 400 Client Error: Bad Request for url: https://three.arcprize.org/api/cmd/ACTION5 Response body: {"error":"GAME_NOT_STARTED_ERROR","message":"game bp35-0a0ad940 is available but has not been started, send RESET to begin playing"}
Traceback (most recent call last):
  File "/home/lvx/.local/lib/python3.12/site-packages/arc_agi/remote_wrapper.py", line 199, in step
    response.raise_for_status()
  File "/home/lvx/.local/lib/python3.12/site-packages/requests/models.py", line 1028, in raise_for_status
    raise HTTPError(http_error_msg, response=self)
requests.exceptions.HTTPError: 400 Client Error: Bad Request for url: https://three.arcprize.org/api/cmd/ACTION5
2026-06-16 16:14:58 | ERROR | Failed to perform action ACTION7 for game bp35-0a0ad940: 400 Client Error: Bad Request for url: https://three.arcprize.org/api/cmd/ACTION7 Response body: {"error":"GAME_NOT_STARTED_ERROR","message":"game bp35-0a0ad940 is available but has not been started, send RESET to begin playing"}
Traceback (most recent call last):
  File "/home/lvx/.local/lib/python3.12/site-packages/arc_agi/remote_wrapper.py", line 199, in step
    response.raise_for_status()
  File "/home/lvx/.local/lib/python3.12/site-packages/requests/models.py", line 1028, in raise_for_status
    raise HTTPError(http_error_msg, response=self)
requests.exceptions.HTTPError: 400 Client Error: Bad Request for url: https://three.arcprize.org/api/cmd/ACTION7
2026-06-16 16:14:59 | ERROR | Failed to perform action ACTION3 for game bp35-0a0ad940: 400 Client Error: Bad Request for url: https://three.arcprize.org/api/cmd/ACTION3 Response body: {"error":"GAME_NOT_STARTED_ERROR","message":"game bp35-0a0ad940 is available but has not been started, send RESET to begin playing"}
Traceback (most recent call last):
  File "/home/lvx/.local/lib/python3.12/site-packages/arc_agi/remote_wrapper.py", line 199, in step
    response.raise_for_status()
  File "/home/lvx/.local/lib/python3.12/site-packages/requests/models.py", line 1028, in raise_for_status
    raise HTTPError(http_error_msg, response=self)
requests.exceptions.HTTPError: 400 Client Error: Bad Request for url: https://three.arcprize.org/api/cmd/ACTION3
2026-06-16 16:14:59 | ERROR | Failed to perform action ACTION3 for game bp35-0a0ad940: 400 Client Error: Bad Request for url: https://three.arcprize.org/api/cmd/ACTION3 Response body: {"error":"GAME_NOT_STARTED_ERROR","message":"game bp35-0a0ad940 is available but has not been started, send RESET to begin playing"}
Traceback (most recent call last):
  File "/home/lvx/.local/lib/python3.12/site-packages/arc_agi/remote_wrapper.py", line 199, in step
    response.raise_for_status()
  File "/home/lvx/.local/lib/python3.12/site-packages/requests/models.py", line 1028, in raise_for_status
    raise HTTPError(http_error_msg, response=self)
requests.exceptions.HTTPError: 400 Client Error: Bad Request for url: https://three.arcprize.org/api/cmd/ACTION3
   ⚠️  Pas d'observation

[5/25] Jeu: ft09-0d8bbf25 (FT09)
2026-06-16 16:15:01 | INFO | Successfully fetched metadata for game ft09
2026-06-16 16:15:01 | INFO | Recording to recordings/a265e037-57f3-4808-a7ad-7648474457cb/ft09-0d8bbf25-3e4133f1-73f3-414f-afb7-72445f59b67c.jsonl
2026-06-16 16:15:01 | INFO | Successfully reset game ft09-0d8bbf25, guid=3e4133f1-73f3-414f-afb7-72445f59b67c, scorecard_id=a265e037-57f3-4808-a7ad-7648474457cb
[MAGEN V40.3] Adaptateur initialisé pour ft09-0d8bbf25
[MAGEN V40.3] Modules actifs:
  - WorldStateGraph V39: ✅
  - AgentLocalization V39: ✅
  - CausalMemory V39: ✅
  - LearningSystem V39: ✅
  - PolicyManager V40.3: ✅ (consultation forcée)
  - ReputationSystem V39: ✅
  - BudgetAllocator V39: ✅
  - TrajectoryMonitor V39: ✅
  - CognitiveOrchestrator V39: ✅
2026-06-16 16:15:11 | ERROR | Failed to perform action ACTION5 for game ft09-0d8bbf25: 400 Client Error: Bad Request for url: https://three.arcprize.org/api/cmd/ACTION5 Response body: {"error":"GAME_NOT_STARTED_ERROR","message":"game ft09-0d8bbf25 is available but has not been started, send RESET to begin playing"}
Traceback (most recent call last):
  File "/home/lvx/.local/lib/python3.12/site-packages/arc_agi/remote_wrapper.py", line 199, in step
    response.raise_for_status()
  File "/home/lvx/.local/lib/python3.12/site-packages/requests/models.py", line 1028, in raise_for_status
    raise HTTPError(http_error_msg, response=self)
requests.exceptions.HTTPError: 400 Client Error: Bad Request for url: https://three.arcprize.org/api/cmd/ACTION5
2026-06-16 16:15:11 | ERROR | Failed to perform action ACTION4 for game ft09-0d8bbf25: 400 Client Error: Bad Request for url: https://three.arcprize.org/api/cmd/ACTION4 Response body: {"error":"GAME_NOT_STARTED_ERROR","message":"game ft09-0d8bbf25 is available but has not been started, send RESET to begin playing"}
Traceback (most recent call last):
  File "/home/lvx/.local/lib/python3.12/site-packages/arc_agi/remote_wrapper.py", line 199, in step
    response.raise_for_status()
  File "/home/lvx/.local/lib/python3.12/site-packages/requests/models.py", line 1028, in raise_for_status
    raise HTTPError(http_error_msg, response=self)
requests.exceptions.HTTPError: 400 Client Error: Bad Request for url: https://three.arcprize.org/api/cmd/ACTION4
2026-06-16 16:15:11 | ERROR | Failed to perform action ACTION5 for game ft09-0d8bbf25: 400 Client Error: Bad Request for url: https://three.arcprize.org/api/cmd/ACTION5 Response body: {"error":"GAME_NOT_STARTED_ERROR","message":"game ft09-0d8bbf25 is available but has not been started, send RESET to begin playing"}
Traceback (most recent call last):
  File "/home/lvx/.local/lib/python3.12/site-packages/arc_agi/remote_wrapper.py", line 199, in step
    response.raise_for_status()
  File "/home/lvx/.local/lib/python3.12/site-packages/requests/models.py", line 1028, in raise_for_status
    raise HTTPError(http_error_msg, response=self)
requests.exceptions.HTTPError: 400 Client Error: Bad Request for url: https://three.arcprize.org/api/cmd/ACTION5
2026-06-16 16:15:12 | ERROR | Failed to perform action ACTION4 for game ft09-0d8bbf25: 400 Client Error: Bad Request for url: https://three.arcprize.org/api/cmd/ACTION4 Response body: {"error":"GAME_NOT_STARTED_ERROR","message":"game ft09-0d8bbf25 is available but has not been started, send RESET to begin playing"}
Traceback (most recent call last):
  File "/home/lvx/.local/lib/python3.12/site-packages/arc_agi/remote_wrapper.py", line 199, in step
    response.raise_for_status()
  File "/home/lvx/.local/lib/python3.12/site-packages/requests/models.py", line 1028, in raise_for_status
    raise HTTPError(http_error_msg, response=self)
requests.exceptions.HTTPError: 400 Client Error: Bad Request for url: https://three.arcprize.org/api/cmd/ACTION4
2026-06-16 16:15:12 | ERROR | Failed to perform action ACTION3 for game ft09-0d8bbf25: 400 Client Error: Bad Request for url: https://three.arcprize.org/api/cmd/ACTION3 Response body: {"error":"GAME_NOT_STARTED_ERROR","message":"game ft09-0d8bbf25 is available but has not been started, send RESET to begin playing"}
Traceback (most recent call last):
  File "/home/lvx/.local/lib/python3.12/site-packages/arc_agi/remote_wrapper.py", line 199, in step
    response.raise_for_status()
  File "/home/lvx/.local/lib/python3.12/site-packages/requests/models.py", line 1028, in raise_for_status
    raise HTTPError(http_error_msg, response=self)
requests.exceptions.HTTPError: 400 Client Error: Bad Request for url: https://three.arcprize.org/api/cmd/ACTION3
2026-06-16 16:15:12 | ERROR | Failed to perform action ACTION1 for game ft09-0d8bbf25: 400 Client Error: Bad Request for url: https://three.arcprize.org/api/cmd/ACTION1 Response body: {"error":"GAME_NOT_STARTED_ERROR","message":"game ft09-0d8bbf25 is available but has not been started, send RESET to begin playing"}
Traceback (most recent call last):
  File "/home/lvx/.local/lib/python3.12/site-packages/arc_agi/remote_wrapper.py", line 199, in step
    response.raise_for_status()
  File "/home/lvx/.local/lib/python3.12/site-packages/requests/models.py", line 1028, in raise_for_status
    raise HTTPError(http_error_msg, response=self)
requests.exceptions.HTTPError: 400 Client Error: Bad Request for url: https://three.arcprize.org/api/cmd/ACTION1
2026-06-16 16:15:12 | ERROR | Failed to perform action ACTION1 for game ft09-0d8bbf25: 400 Client Error: Bad Request for url: https://three.arcprize.org/api/cmd/ACTION1 Response body: {"error":"GAME_NOT_STARTED_ERROR","message":"game ft09-0d8bbf25 is available but has not been started, send RESET to begin playing"}
Traceback (most recent call last):
  File "/home/lvx/.local/lib/python3.12/site-packages/arc_agi/remote_wrapper.py", line 199, in step
    response.raise_for_status()
  File "/home/lvx/.local/lib/python3.12/site-packages/requests/models.py", line 1028, in raise_for_status
    raise HTTPError(http_error_msg, response=self)
requests.exceptions.HTTPError: 400 Client Error: Bad Request for url: https://three.arcprize.org/api/cmd/ACTION1
2026-06-16 16:15:13 | ERROR | Failed to perform action ACTION1 for game ft09-0d8bbf25: 400 Client Error: Bad Request for url: https://three.arcprize.org/api/cmd/ACTION1 Response body: {"error":"GAME_NOT_STARTED_ERROR","message":"game ft09-0d8bbf25 is available but has not been started, send RESET to begin playing"}
Traceback (most recent call last):
  File "/home/lvx/.local/lib/python3.12/site-packages/arc_agi/remote_wrapper.py", line 199, in step
    response.raise_for_status()
  File "/home/lvx/.local/lib/python3.12/site-packages/requests/models.py", line 1028, in raise_for_status
    raise HTTPError(http_error_msg, response=self)
requests.exceptions.HTTPError: 400 Client Error: Bad Request for url: https://three.arcprize.org/api/cmd/ACTION1
2026-06-16 16:15:13 | ERROR | Failed to perform action ACTION5 for game ft09-0d8bbf25: 400 Client Error: Bad Request for url: https://three.arcprize.org/api/cmd/ACTION5 Response body: {"error":"GAME_NOT_STARTED_ERROR","message":"game ft09-0d8bbf25 is available but has not been started, send RESET to begin playing"}
Traceback (most recent call last):
  File "/home/lvx/.local/lib/python3.12/site-packages/arc_agi/remote_wrapper.py", line 199, in step
    response.raise_for_status()
  File "/home/lvx/.local/lib/python3.12/site-packages/requests/models.py", line 1028, in raise_for_status
    raise HTTPError(http_error_msg, response=self)
requests.exceptions.HTTPError: 400 Client Error: Bad Request for url: https://three.arcprize.org/api/cmd/ACTION5
2026-06-16 16:15:14 | ERROR | Failed to perform action ACTION7 for game ft09-0d8bbf25: 400 Client Error: Bad Request for url: https://three.arcprize.org/api/cmd/ACTION7 Response body: {"error":"GAME_NOT_STARTED_ERROR","message":"game ft09-0d8bbf25 is available but has not been started, send RESET to begin playing"}
Traceback (most recent call last):
  File "/home/lvx/.local/lib/python3.12/site-packages/arc_agi/remote_wrapper.py", line 199, in step
    response.raise_for_status()
  File "/home/lvx/.local/lib/python3.12/site-packages/requests/models.py", line 1028, in raise_for_status
    raise HTTPError(http_error_msg, response=self)
requests.exceptions.HTTPError: 400 Client Error: Bad Request for url: https://three.arcprize.org/api/cmd/ACTION7
2026-06-16 16:15:14 | ERROR | Failed to perform action ACTION5 for game ft09-0d8bbf25: 400 Client Error: Bad Request for url: https://three.arcprize.org/api/cmd/ACTION5 Response body: {"error":"GAME_NOT_STARTED_ERROR","message":"game ft09-0d8bbf25 is available but has not been started, send RESET to begin playing"}
Traceback (most recent call last):
  File "/home/lvx/.local/lib/python3.12/site-packages/arc_agi/remote_wrapper.py", line 199, in step
    response.raise_for_status()
  File "/home/lvx/.local/lib/python3.12/site-packages/requests/models.py", line 1028, in raise_for_status
    raise HTTPError(http_error_msg, response=self)
requests.exceptions.HTTPError: 400 Client Error: Bad Request for url: https://three.arcprize.org/api/cmd/ACTION5
2026-06-16 16:15:14 | ERROR | Failed to perform action ACTION5 for game ft09-0d8bbf25: 400 Client Error: Bad Request for url: https://three.arcprize.org/api/cmd/ACTION5 Response body: {"error":"GAME_NOT_STARTED_ERROR","message":"game ft09-0d8bbf25 is available but has not been started, send RESET to begin playing"}
Traceback (most recent call last):
  File "/home/lvx/.local/lib/python3.12/site-packages/arc_agi/remote_wrapper.py", line 199, in step
    response.raise_for_status()
  File "/home/lvx/.local/lib/python3.12/site-packages/requests/models.py", line 1028, in raise_for_status
    raise HTTPError(http_error_msg, response=self)
requests.exceptions.HTTPError: 400 Client Error: Bad Request for url: https://three.arcprize.org/api/cmd/ACTION5
2026-06-16 16:15:14 | ERROR | Failed to perform action ACTION7 for game ft09-0d8bbf25: 400 Client Error: Bad Request for url: https://three.arcprize.org/api/cmd/ACTION7 Response body: {"error":"GAME_NOT_STARTED_ERROR","message":"game ft09-0d8bbf25 is available but has not been started, send RESET to begin playing"}
Traceback (most recent call last):
  File "/home/lvx/.local/lib/python3.12/site-packages/arc_agi/remote_wrapper.py", line 199, in step
    response.raise_for_status()
  File "/home/lvx/.local/lib/python3.12/site-packages/requests/models.py", line 1028, in raise_for_status
    raise HTTPError(http_error_msg, response=self)
requests.exceptions.HTTPError: 400 Client Error: Bad Request for url: https://three.arcprize.org/api/cmd/ACTION7
2026-06-16 16:15:15 | ERROR | Failed to perform action ACTION2 for game ft09-0d8bbf25: 400 Client Error: Bad Request for url: https://three.arcprize.org/api/cmd/ACTION2 Response body: {"error":"GAME_NOT_STARTED_ERROR","message":"game ft09-0d8bbf25 is available but has not been started, send RESET to begin playing"}
Traceback (most recent call last):
  File "/home/lvx/.local/lib/python3.12/site-packages/arc_agi/remote_wrapper.py", line 199, in step
    response.raise_for_status()
  File "/home/lvx/.local/lib/python3.12/site-packages/requests/models.py", line 1028, in raise_for_status
    raise HTTPError(http_error_msg, response=self)
requests.exceptions.HTTPError: 400 Client Error: Bad Request for url: https://three.arcprize.org/api/cmd/ACTION2
2026-06-16 16:15:15 | ERROR | Failed to perform action ACTION3 for game ft09-0d8bbf25: 400 Client Error: Bad Request for url: https://three.arcprize.org/api/cmd/ACTION3 Response body: {"error":"GAME_NOT_STARTED_ERROR","message":"game ft09-0d8bbf25 is available but has not been started, send RESET to begin playing"}
Traceback (most recent call last):
  File "/home/lvx/.local/lib/python3.12/site-packages/arc_agi/remote_wrapper.py", line 199, in step
    response.raise_for_status()
  File "/home/lvx/.local/lib/python3.12/site-packages/requests/models.py", line 1028, in raise_for_status
    raise HTTPError(http_error_msg, response=self)
requests.exceptions.HTTPError: 400 Client Error: Bad Request for url: https://three.arcprize.org/api/cmd/ACTION3
2026-06-16 16:15:15 | ERROR | Failed to perform action ACTION2 for game ft09-0d8bbf25: 400 Client Error: Bad Request for url: https://three.arcprize.org/api/cmd/ACTION2 Response body: {"error":"GAME_NOT_STARTED_ERROR","message":"game ft09-0d8bbf25 is available but has not been started, send RESET to begin playing"}
Traceback (most recent call last):
  File "/home/lvx/.local/lib/python3.12/site-packages/arc_agi/remote_wrapper.py", line 199, in step
    response.raise_for_status()
  File "/home/lvx/.local/lib/python3.12/site-packages/requests/models.py", line 1028, in raise_for_status
    raise HTTPError(http_error_msg, response=self)
requests.exceptions.HTTPError: 400 Client Error: Bad Request for url: https://three.arcprize.org/api/cmd/ACTION2
2026-06-16 16:15:16 | ERROR | Failed to perform action ACTION4 for game ft09-0d8bbf25: 400 Client Error: Bad Request for url: https://three.arcprize.org/api/cmd/ACTION4 Response body: {"error":"GAME_NOT_STARTED_ERROR","message":"game ft09-0d8bbf25 is available but has not been started, send RESET to begin playing"}
Traceback (most recent call last):
  File "/home/lvx/.local/lib/python3.12/site-packages/arc_agi/remote_wrapper.py", line 199, in step
    response.raise_for_status()
  File "/home/lvx/.local/lib/python3.12/site-packages/requests/models.py", line 1028, in raise_for_status
    raise HTTPError(http_error_msg, response=self)
requests.exceptions.HTTPError: 400 Client Error: Bad Request for url: https://three.arcprize.org/api/cmd/ACTION4
2026-06-16 16:15:16 | ERROR | Failed to perform action ACTION2 for game ft09-0d8bbf25: 400 Client Error: Bad Request for url: https://three.arcprize.org/api/cmd/ACTION2 Response body: {"error":"GAME_NOT_STARTED_ERROR","message":"game ft09-0d8bbf25 is available but has not been started, send RESET to begin playing"}
Traceback (most recent call last):
  File "/home/lvx/.local/lib/python3.12/site-packages/arc_agi/remote_wrapper.py", line 199, in step
    response.raise_for_status()
  File "/home/lvx/.local/lib/python3.12/site-packages/requests/models.py", line 1028, in raise_for_status
    raise HTTPError(http_error_msg, response=self)
requests.exceptions.HTTPError: 400 Client Error: Bad Request for url: https://three.arcprize.org/api/cmd/ACTION2
   ⚠️  Pas d'observation

[6/25] Jeu: su15-1944f8ab (SU15)
2026-06-16 16:15:18 | INFO | Successfully fetched metadata for game su15
2026-06-16 16:15:18 | INFO | Recording to recordings/a265e037-57f3-4808-a7ad-7648474457cb/su15-1944f8ab-1797d3b9-e3ed-4151-a26d-87b73bde68e9.jsonl
2026-06-16 16:15:18 | INFO | Successfully reset game su15-1944f8ab, guid=1797d3b9-e3ed-4151-a26d-87b73bde68e9, scorecard_id=a265e037-57f3-4808-a7ad-7648474457cb
[MAGEN V40.3] Adaptateur initialisé pour su15-1944f8ab
[MAGEN V40.3] Modules actifs:
  - WorldStateGraph V39: ✅
  - AgentLocalization V39: ✅
  - CausalMemory V39: ✅
  - LearningSystem V39: ✅
  - PolicyManager V40.3: ✅ (consultation forcée)
  - ReputationSystem V39: ✅
  - BudgetAllocator V39: ✅
  - TrajectoryMonitor V39: ✅
  - CognitiveOrchestrator V39: ✅
   ✅ Complété - État: NOT_FINISHED, Steps: 50, Reward: 0.00
   ❌ ERREUR: 'actions_taken'

[7/25] Jeu: cn04-2fe56bfb (CN04)
2026-06-16 16:15:34 | INFO | Successfully fetched metadata for game cn04
2026-06-16 16:15:34 | INFO | Recording to recordings/a265e037-57f3-4808-a7ad-7648474457cb/cn04-2fe56bfb-e6ddfe1e-5c1e-430b-a365-c22625dd4f94.jsonl
2026-06-16 16:15:34 | INFO | Successfully reset game cn04-2fe56bfb, guid=e6ddfe1e-5c1e-430b-a365-c22625dd4f94, scorecard_id=a265e037-57f3-4808-a7ad-7648474457cb
[MAGEN V40.3] Adaptateur initialisé pour cn04-2fe56bfb
[MAGEN V40.3] Modules actifs:
  - WorldStateGraph V39: ✅
  - AgentLocalization V39: ✅
  - CausalMemory V39: ✅
  - LearningSystem V39: ✅
  - PolicyManager V40.3: ✅ (consultation forcée)
  - ReputationSystem V39: ✅
  - BudgetAllocator V39: ✅
  - TrajectoryMonitor V39: ✅
  - CognitiveOrchestrator V39: ✅
   ✅ Complété - État: NOT_FINISHED, Steps: 50, Reward: 0.00
   ❌ ERREUR: 'actions_taken'

[8/25] Jeu: sc25-635fd71a (SC25)
2026-06-16 16:15:52 | INFO | Successfully fetched metadata for game sc25
2026-06-16 16:15:53 | INFO | Recording to recordings/a265e037-57f3-4808-a7ad-7648474457cb/sc25-635fd71a-d634692b-b7cb-4428-a272-d5df3e4378e1.jsonl
2026-06-16 16:15:53 | INFO | Successfully reset game sc25-635fd71a, guid=d634692b-b7cb-4428-a272-d5df3e4378e1, scorecard_id=a265e037-57f3-4808-a7ad-7648474457cb
[MAGEN V40.3] Adaptateur initialisé pour sc25-635fd71a
[MAGEN V40.3] Modules actifs:
  - WorldStateGraph V39: ✅
  - AgentLocalization V39: ✅
  - CausalMemory V39: ✅
  - LearningSystem V39: ✅
  - PolicyManager V40.3: ✅ (consultation forcée)
  - ReputationSystem V39: ✅
  - BudgetAllocator V39: ✅
  - TrajectoryMonitor V39: ✅
  - CognitiveOrchestrator V39: ✅
   ✅ Complété - État: NOT_FINISHED, Steps: 50, Reward: 0.00
   ❌ ERREUR: 'actions_taken'

[9/25] Jeu: wa30-ee6fef47 (WA30)
2026-06-16 16:16:10 | INFO | Successfully fetched metadata for game wa30
2026-06-16 16:16:10 | INFO | Recording to recordings/a265e037-57f3-4808-a7ad-7648474457cb/wa30-ee6fef47-dd986f52-1522-4c98-8e5f-f4276cba9499.jsonl
2026-06-16 16:16:10 | INFO | Successfully reset game wa30-ee6fef47, guid=dd986f52-1522-4c98-8e5f-f4276cba9499, scorecard_id=a265e037-57f3-4808-a7ad-7648474457cb
[MAGEN V40.3] Adaptateur initialisé pour wa30-ee6fef47
[MAGEN V40.3] Modules actifs:
  - WorldStateGraph V39: ✅
  - AgentLocalization V39: ✅
  - CausalMemory V39: ✅
  - LearningSystem V39: ✅
  - PolicyManager V40.3: ✅ (consultation forcée)
  - ReputationSystem V39: ✅
  - BudgetAllocator V39: ✅
  - TrajectoryMonitor V39: ✅
  - CognitiveOrchestrator V39: ✅
   ✅ Complété - État: NOT_FINISHED, Steps: 50, Reward: 0.00
   ❌ ERREUR: 'actions_taken'

[10/25] Jeu: sk48-d8078629 (SK48)
2026-06-16 16:16:26 | INFO | Successfully fetched metadata for game sk48
2026-06-16 16:16:26 | INFO | Recording to recordings/a265e037-57f3-4808-a7ad-7648474457cb/sk48-d8078629-05c7fd6b-2bbe-4219-b100-4792127da489.jsonl
2026-06-16 16:16:26 | INFO | Successfully reset game sk48-d8078629, guid=05c7fd6b-2bbe-4219-b100-4792127da489, scorecard_id=a265e037-57f3-4808-a7ad-7648474457cb
[MAGEN V40.3] Adaptateur initialisé pour sk48-d8078629
[MAGEN V40.3] Modules actifs:
  - WorldStateGraph V39: ✅
  - AgentLocalization V39: ✅
  - CausalMemory V39: ✅
  - LearningSystem V39: ✅
  - PolicyManager V40.3: ✅ (consultation forcée)
  - ReputationSystem V39: ✅
  - BudgetAllocator V39: ✅
  - TrajectoryMonitor V39: ✅
  - CognitiveOrchestrator V39: ✅
   ✅ Complété - État: NOT_FINISHED, Steps: 50, Reward: 0.00
   ❌ ERREUR: 'actions_taken'

[11/25] Jeu: dc22-fdcac232 (DC22)
2026-06-16 16:16:44 | INFO | Successfully fetched metadata for game dc22
2026-06-16 16:16:45 | INFO | Recording to recordings/a265e037-57f3-4808-a7ad-7648474457cb/dc22-fdcac232-def7005a-fe1e-4b2a-a95e-e941492f853d.jsonl
2026-06-16 16:16:45 | INFO | Successfully reset game dc22-fdcac232, guid=def7005a-fe1e-4b2a-a95e-e941492f853d, scorecard_id=a265e037-57f3-4808-a7ad-7648474457cb
[MAGEN V40.3] Adaptateur initialisé pour dc22-fdcac232
[MAGEN V40.3] Modules actifs:
  - WorldStateGraph V39: ✅
  - AgentLocalization V39: ✅
  - CausalMemory V39: ✅
  - LearningSystem V39: ✅
  - PolicyManager V40.3: ✅ (consultation forcée)
  - ReputationSystem V39: ✅
  - BudgetAllocator V39: ✅
  - TrajectoryMonitor V39: ✅
  - CognitiveOrchestrator V39: ✅
   ✅ Complété - État: NOT_FINISHED, Steps: 50, Reward: 0.00
   ❌ ERREUR: 'actions_taken'

[12/25] Jeu: m0r0-492f87ba (M0R0)
2026-06-16 16:17:01 | INFO | Successfully fetched metadata for game m0r0
2026-06-16 16:17:01 | INFO | Recording to recordings/a265e037-57f3-4808-a7ad-7648474457cb/m0r0-492f87ba-013092e3-fe88-498a-9252-3d3183d03ad0.jsonl
2026-06-16 16:17:01 | INFO | Successfully reset game m0r0-492f87ba, guid=013092e3-fe88-498a-9252-3d3183d03ad0, scorecard_id=a265e037-57f3-4808-a7ad-7648474457cb
[MAGEN V40.3] Adaptateur initialisé pour m0r0-492f87ba
[MAGEN V40.3] Modules actifs:
  - WorldStateGraph V39: ✅
  - AgentLocalization V39: ✅
  - CausalMemory V39: ✅
  - LearningSystem V39: ✅
  - PolicyManager V40.3: ✅ (consultation forcée)
  - ReputationSystem V39: ✅
  - BudgetAllocator V39: ✅
  - TrajectoryMonitor V39: ✅
  - CognitiveOrchestrator V39: ✅
   ✅ Complété - État: NOT_FINISHED, Steps: 50, Reward: 0.00
   ❌ ERREUR: 'actions_taken'

[13/25] Jeu: lf52-271a04aa (LF52)
2026-06-16 16:17:16 | INFO | Successfully fetched metadata for game lf52
2026-06-16 16:17:16 | INFO | Recording to recordings/a265e037-57f3-4808-a7ad-7648474457cb/lf52-271a04aa-937c8180-c93e-4e9e-9131-16be06065d0c.jsonl
2026-06-16 16:17:16 | INFO | Successfully reset game lf52-271a04aa, guid=937c8180-c93e-4e9e-9131-16be06065d0c, scorecard_id=a265e037-57f3-4808-a7ad-7648474457cb
[MAGEN V40.3] Adaptateur initialisé pour lf52-271a04aa
[MAGEN V40.3] Modules actifs:
  - WorldStateGraph V39: ✅
  - AgentLocalization V39: ✅
  - CausalMemory V39: ✅
  - LearningSystem V39: ✅
  - PolicyManager V40.3: ✅ (consultation forcée)
  - ReputationSystem V39: ✅
  - BudgetAllocator V39: ✅
  - TrajectoryMonitor V39: ✅
  - CognitiveOrchestrator V39: ✅
   ✅ Complété - État: NOT_FINISHED, Steps: 50, Reward: 0.00
   ❌ ERREUR: 'actions_taken'

[14/25] Jeu: ka59-38d34dbb (KA59)
2026-06-16 16:17:40 | INFO | Successfully fetched metadata for game ka59
2026-06-16 16:17:40 | INFO | Recording to recordings/a265e037-57f3-4808-a7ad-7648474457cb/ka59-38d34dbb-0ad590be-2ac1-4532-a07b-7802d9becf6f.jsonl
2026-06-16 16:17:40 | INFO | Successfully reset game ka59-38d34dbb, guid=0ad590be-2ac1-4532-a07b-7802d9becf6f, scorecard_id=a265e037-57f3-4808-a7ad-7648474457cb
