2026-06-12 02:55:30 | INFO | 
🚀 DÉMARRAGE TESTS MAGEN V2 INTELLIGENT
2026-06-12 02:55:30 | INFO |    Jeux à tester: 10
2026-06-12 02:55:30 | INFO |    Mode forensique: full
2026-06-12 02:55:30 | INFO |    Max actions: 100
2026-06-12 02:55:30 | INFO |    Pattern learning: ACTIVÉ
2026-06-12 02:55:30 | INFO | 🚀 MAGEN V2 INTELLIGENT initialisé
2026-06-12 02:55:30 | INFO |    Max actions: 100 (augmenté)
2026-06-12 02:55:30 | INFO |    Exploration rate: 0.2 (exploitation prioritaire)
2026-06-12 02:55:30 | INFO |    Pattern learning: ACTIVÉ
[MAGEN] Système mémoire initialisé
[MAGEN] Court terme: 50 expériences
[MAGEN] Moyen terme: 200 patterns
[MAGEN] Long terme: success_rate > 0.7
[MAGEN] Logs: /home/lvx/LVX/lumvorax2/src/MAGEN/logs/magen
[ARC Perception] Initialisé (max_size=64x64)
[ARC Agent V2] 🚀 Initialisé (INTELLIGENT)
[ARC Agent V2] Exploration rate: 0.2 (exploitation prioritaire)
[ARC Agent V2] Max actions/level: 100 (augmenté)
[ARC Agent V2] Pattern learning: ACTIVÉ
INFO:arc_agi.scorecard:Initialized ScorecardManager with idle_for=0:15:00 and max_open_for=3 days, 0:00:00
2026-06-12 02:55:30 | INFO | Got anonymous API key: f0caa80d-9dea-4512-b687-86b8a5892621
2026-06-12 02:55:30 | INFO | Got anonymous API key: f0caa80d-9dea-4512-b687-86b8a5892621
2026-06-12 02:55:30 | INFO | You can register for an API key at https://three.arcprize.org
2026-06-12 02:55:30 | INFO | You can register for an API key at https://three.arcprize.org
2026-06-12 02:55:30 | INFO | Successfully fetched 25 environment(s) from API
2026-06-12 02:55:30 | INFO | Successfully fetched 25 environment(s) from API
2026-06-12 02:55:30 | INFO | 
📋 10 jeux sélectionnés sur 25 disponibles
🎮 Tests MAGEN V2:   0%|          | 0/10 [00:00<?, ?jeu/s]🎮 Test 1/10: sk48-d8078:   0%|          | 0/10 [00:00<?, ?jeu/s]2026-06-12 02:55:30 | INFO | 
======================================================================
2026-06-12 02:55:30 | INFO | 🎮 DÉMARRAGE JEU: sk48-d8078629
2026-06-12 02:55:30 | INFO | ======================================================================
2026-06-12 02:55:30 | INFO | 🔐 Forensic logging activé: /home/lvx/LVX/lumvorax2/src/MAGEN/logs/forensic/v2_intelligent/sk48_d8078629
2026-06-12 02:55:30 | INFO | 📦 Création environnement via Arcade.make('sk48-d8078629')...
[SimpleLogger] Logger initialisé: /home/lvx/LVX/lumvorax2/src/MAGEN/logs/forensic/v2_intelligent/sk48_d8078629
INFO:arc_agi.scorecard:Initialized ScorecardManager with idle_for=0:15:00 and max_open_for=3 days, 0:00:00
2026-06-12 02:55:31 | INFO | Got anonymous API key: 6f84b40d-b2c6-44b6-99c6-3fc36de712a4
2026-06-12 02:55:31 | INFO | Got anonymous API key: 6f84b40d-b2c6-44b6-99c6-3fc36de712a4
2026-06-12 02:55:31 | INFO | You can register for an API key at https://three.arcprize.org
2026-06-12 02:55:31 | INFO | You can register for an API key at https://three.arcprize.org
2026-06-12 02:55:31 | INFO | Successfully fetched 25 environment(s) from API
2026-06-12 02:55:31 | INFO | Successfully fetched 25 environment(s) from API
2026-06-12 02:55:31 | INFO | Created new scorecard: 18ff8597-970e-40ca-ab05-6e5983c6a881
2026-06-12 02:55:31 | INFO | Created new scorecard: 18ff8597-970e-40ca-ab05-6e5983c6a881
2026-06-12 02:55:31 | INFO | Successfully fetched metadata for game sk48
2026-06-12 02:55:31 | INFO | Successfully fetched metadata for game sk48
2026-06-12 02:55:31 | INFO | Successfully loaded game class Sk48 from environment_files/sk48/d8078629/sk48.py
2026-06-12 02:55:31 | INFO | Successfully loaded game class Sk48 from environment_files/sk48/d8078629/sk48.py
2026-06-12 02:55:31 | INFO | ✅ Environnement créé: <class 'arc_agi.local_wrapper.LocalEnvironmentWrapper'>
2026-06-12 02:55:31 | INFO | 📊 État initial:
2026-06-12 02:55:31 | INFO |    game_id: sk48-d8078629
2026-06-12 02:55:31 | INFO |    state: GameState.NOT_FINISHED
2026-06-12 02:55:31 | INFO |    levels_completed: 0/8
2026-06-12 02:55:31 | INFO |    available_actions: [1, 2, 3, 4, 6, 7]
2026-06-12 02:55:31 | INFO | 
--- Action 1/100 ---
2026-06-12 02:55:31 | INFO | État: GameState.NOT_FINISHED
2026-06-12 02:55:31 | INFO | Niveaux complétés: 0/8
2026-06-12 02:55:31 | INFO | ✅ Grille extraite: shape=(64, 64), unique_colors=10
2026-06-12 02:55:31 | INFO | 🧠 Features: densité=0.994, sym_h=0.904, sym_v=0.463, clusters=24
2026-06-12 02:55:31 | INFO | 🎯 Action choisie: 4
2026-06-12 02:55:31 | INFO | 📥 Résultat: GameState.NOT_FINISHED
2026-06-12 02:55:31 | INFO | 
--- Action 2/100 ---
2026-06-12 02:55:31 | INFO | État: GameState.NOT_FINISHED
2026-06-12 02:55:31 | INFO | Niveaux complétés: 0/8
2026-06-12 02:55:31 | INFO | ✅ Grille extraite: shape=(64, 64), unique_colors=10
2026-06-12 02:55:31 | INFO | 🧠 Features: densité=0.994, sym_h=0.901, sym_v=0.460, clusters=25
2026-06-12 02:55:31 | INFO | 🎯 Action choisie: 6
2026-06-12 02:55:31 | INFO | 📥 Résultat: GameState.NOT_FINISHED
2026-06-12 02:55:31 | INFO | 
--- Action 3/100 ---
2026-06-12 02:55:31 | INFO | État: GameState.NOT_FINISHED
2026-06-12 02:55:31 | INFO | Niveaux complétés: 0/8
2026-06-12 02:55:31 | INFO | ✅ Grille extraite: shape=(64, 64), unique_colors=10
2026-06-12 02:55:32 | INFO | 🧠 Features: densité=0.994, sym_h=0.898, sym_v=0.457, clusters=26
2026-06-12 02:55:32 | INFO | 🎯 Action choisie: 7
2026-06-12 02:55:32 | INFO | 📥 Résultat: GameState.NOT_FINISHED
2026-06-12 02:55:32 | INFO | 
--- Action 4/100 ---
2026-06-12 02:55:32 | INFO | État: GameState.NOT_FINISHED
2026-06-12 02:55:32 | INFO | Niveaux complétés: 0/8
2026-06-12 02:55:32 | INFO | ✅ Grille extraite: shape=(64, 64), unique_colors=10
2026-06-12 02:55:32 | INFO | 🧠 Features: densité=0.994, sym_h=0.904, sym_v=0.463, clusters=24
2026-06-12 02:55:32 | INFO | 🎯 Action choisie: 2
2026-06-12 02:55:32 | INFO | 📥 Résultat: GameState.NOT_FINISHED
2026-06-12 02:55:32 | INFO | 
--- Action 5/100 ---
2026-06-12 02:55:32 | INFO | État: GameState.NOT_FINISHED
2026-06-12 02:55:32 | INFO | Niveaux complétés: 0/8
2026-06-12 02:55:32 | INFO | ✅ Grille extraite: shape=(64, 64), unique_colors=10
2026-06-12 02:55:32 | INFO | 🧠 Features: densité=0.994, sym_h=0.904, sym_v=0.463, clusters=24
2026-06-12 02:55:32 | INFO | 🎯 Action choisie: 6
2026-06-12 02:55:32 | INFO | 📥 Résultat: GameState.NOT_FINISHED
2026-06-12 02:55:32 | INFO | 
--- Action 6/100 ---
2026-06-12 02:55:32 | INFO | État: GameState.NOT_FINISHED
2026-06-12 02:55:32 | INFO | Niveaux complétés: 0/8
2026-06-12 02:55:32 | INFO | ✅ Grille extraite: shape=(64, 64), unique_colors=10
2026-06-12 02:55:32 | INFO | 🧠 Features: densité=0.994, sym_h=0.904, sym_v=0.463, clusters=24
2026-06-12 02:55:32 | INFO | 🎯 Action choisie: 7
2026-06-12 02:55:32 | INFO | 📥 Résultat: GameState.NOT_FINISHED
2026-06-12 02:55:32 | INFO | 
--- Action 7/100 ---
2026-06-12 02:55:32 | INFO | État: GameState.NOT_FINISHED
2026-06-12 02:55:32 | INFO | Niveaux complétés: 0/8
2026-06-12 02:55:32 | INFO | ✅ Grille extraite: shape=(64, 64), unique_colors=10
2026-06-12 02:55:32 | INFO | 🧠 Features: densité=0.994, sym_h=0.904, sym_v=0.463, clusters=24
2026-06-12 02:55:32 | INFO | 🎯 Action choisie: 3
2026-06-12 02:55:32 | INFO | 📥 Résultat: GameState.NOT_FINISHED
2026-06-12 02:55:32 | INFO | 
--- Action 8/100 ---
2026-06-12 02:55:32 | INFO | État: GameState.NOT_FINISHED
2026-06-12 02:55:32 | INFO | Niveaux complétés: 0/8
2026-06-12 02:55:32 | INFO | ✅ Grille extraite: shape=(64, 64), unique_colors=10
2026-06-12 02:55:32 | INFO | 🧠 Features: densité=0.994, sym_h=0.907, sym_v=0.466, clusters=23
2026-06-12 02:55:32 | INFO | 🎯 Action choisie: 2
2026-06-12 02:55:32 | INFO | 📥 Résultat: GameState.NOT_FINISHED
2026-06-12 02:55:32 | INFO | 
--- Action 9/100 ---
2026-06-12 02:55:32 | INFO | État: GameState.NOT_FINISHED
2026-06-12 02:55:32 | INFO | Niveaux complétés: 0/8
2026-06-12 02:55:32 | INFO | ✅ Grille extraite: shape=(64, 64), unique_colors=10
2026-06-12 02:55:32 | INFO | 🧠 Features: densité=0.994, sym_h=0.910, sym_v=0.469, clusters=22
2026-06-12 02:55:32 | INFO | 🎯 Action choisie: 2
2026-06-12 02:55:32 | INFO | 📥 Résultat: GameState.NOT_FINISHED
2026-06-12 02:55:32 | INFO | 
--- Action 10/100 ---
2026-06-12 02:55:32 | INFO | État: GameState.NOT_FINISHED
2026-06-12 02:55:32 | INFO | Niveaux complétés: 0/8
2026-06-12 02:55:32 | INFO | ✅ Grille extraite: shape=(64, 64), unique_colors=10
2026-06-12 02:55:32 | INFO | 🧠 Features: densité=0.994, sym_h=0.910, sym_v=0.469, clusters=22
2026-06-12 02:55:32 | INFO | 🎯 Action choisie: 3
2026-06-12 02:55:32 | INFO | 📥 Résultat: GameState.NOT_FINISHED
2026-06-12 02:55:32 | INFO | 
--- Action 11/100 ---
2026-06-12 02:55:32 | INFO | État: GameState.NOT_FINISHED
2026-06-12 02:55:32 | INFO | Niveaux complétés: 0/8
2026-06-12 02:55:32 | INFO | ✅ Grille extraite: shape=(64, 64), unique_colors=10
2026-06-12 02:55:32 | INFO | 🧠 Features: densité=0.994, sym_h=0.910, sym_v=0.469, clusters=22
2026-06-12 02:55:32 | INFO | 🎯 Action choisie: 1
2026-06-12 02:55:32 | INFO | 📥 Résultat: GameState.NOT_FINISHED
2026-06-12 02:55:32 | INFO | 
--- Action 12/100 ---
2026-06-12 02:55:32 | INFO | État: GameState.NOT_FINISHED
2026-06-12 02:55:32 | INFO | Niveaux complétés: 0/8
2026-06-12 02:55:32 | INFO | ✅ Grille extraite: shape=(64, 64), unique_colors=10
2026-06-12 02:55:32 | INFO | 🧠 Features: densité=0.994, sym_h=0.911, sym_v=0.467, clusters=23
2026-06-12 02:55:32 | INFO | 🎯 Action choisie: 3
2026-06-12 02:55:32 | INFO | 📥 Résultat: GameState.NOT_FINISHED
2026-06-12 02:55:32 | INFO | 
--- Action 13/100 ---
2026-06-12 02:55:32 | INFO | État: GameState.NOT_FINISHED
2026-06-12 02:55:32 | INFO | Niveaux complétés: 0/8
2026-06-12 02:55:32 | INFO | ✅ Grille extraite: shape=(64, 64), unique_colors=10
2026-06-12 02:55:32 | INFO | 🧠 Features: densité=0.994, sym_h=0.911, sym_v=0.474, clusters=23
2026-06-12 02:55:32 | INFO | 🎯 Action choisie: 2
2026-06-12 02:55:32 | INFO | 📥 Résultat: GameState.NOT_FINISHED
2026-06-12 02:55:32 | INFO | 
--- Action 14/100 ---
2026-06-12 02:55:32 | INFO | État: GameState.NOT_FINISHED
2026-06-12 02:55:32 | INFO | Niveaux complétés: 0/8
2026-06-12 02:55:32 | INFO | ✅ Grille extraite: shape=(64, 64), unique_colors=10
2026-06-12 02:55:32 | INFO | 🧠 Features: densité=0.994, sym_h=0.911, sym_v=0.467, clusters=23
2026-06-12 02:55:32 | INFO | 🎯 Action choisie: 4
2026-06-12 02:55:32 | INFO | 📥 Résultat: GameState.NOT_FINISHED
2026-06-12 02:55:32 | INFO | 
--- Action 15/100 ---
2026-06-12 02:55:32 | INFO | État: GameState.NOT_FINISHED
2026-06-12 02:55:32 | INFO | Niveaux complétés: 0/8
2026-06-12 02:55:32 | INFO | ✅ Grille extraite: shape=(64, 64), unique_colors=10
2026-06-12 02:55:32 | INFO | 🧠 Features: densité=0.994, sym_h=0.906, sym_v=0.466, clusters=24
2026-06-12 02:55:32 | INFO | 🎯 Action choisie: 3
2026-06-12 02:55:32 | INFO | 📥 Résultat: GameState.NOT_FINISHED
2026-06-12 02:55:32 | INFO | 
--- Action 16/100 ---
2026-06-12 02:55:32 | INFO | État: GameState.NOT_FINISHED
2026-06-12 02:55:32 | INFO | Niveaux complétés: 0/8
2026-06-12 02:55:32 | INFO | ✅ Grille extraite: shape=(64, 64), unique_colors=10
2026-06-12 02:55:32 | INFO | 🧠 Features: densité=0.994, sym_h=0.906, sym_v=0.466, clusters=24
2026-06-12 02:55:32 | INFO | 🎯 Action choisie: 3
2026-06-12 02:55:32 | INFO | 📥 Résultat: GameState.NOT_FINISHED
2026-06-12 02:55:32 | INFO | 
--- Action 17/100 ---
2026-06-12 02:55:32 | INFO | État: GameState.NOT_FINISHED
2026-06-12 02:55:32 | INFO | Niveaux complétés: 0/8
2026-06-12 02:55:32 | INFO | ✅ Grille extraite: shape=(64, 64), unique_colors=10
2026-06-12 02:55:32 | INFO | 🧠 Features: densité=0.994, sym_h=0.909, sym_v=0.469, clusters=23
2026-06-12 02:55:32 | INFO | 🎯 Action choisie: 2
2026-06-12 02:55:32 | INFO | 📥 Résultat: GameState.NOT_FINISHED
2026-06-12 02:55:32 | INFO | 
--- Action 18/100 ---
2026-06-12 02:55:32 | INFO | État: GameState.NOT_FINISHED
2026-06-12 02:55:32 | INFO | Niveaux complétés: 0/8
2026-06-12 02:55:32 | INFO | ✅ Grille extraite: shape=(64, 64), unique_colors=10
2026-06-12 02:55:32 | INFO | 🧠 Features: densité=0.994, sym_h=0.908, sym_v=0.469, clusters=23
2026-06-12 02:55:32 | INFO | 🎯 Action choisie: 6
2026-06-12 02:55:32 | INFO | 📥 Résultat: GameState.NOT_FINISHED
2026-06-12 02:55:32 | INFO | 
--- Action 19/100 ---
2026-06-12 02:55:32 | INFO | État: GameState.NOT_FINISHED
2026-06-12 02:55:32 | INFO | Niveaux complétés: 0/8
2026-06-12 02:55:32 | INFO | ✅ Grille extraite: shape=(64, 64), unique_colors=10
2026-06-12 02:55:32 | INFO | 🧠 Features: densité=0.994, sym_h=0.908, sym_v=0.469, clusters=23
2026-06-12 02:55:32 | INFO | 🎯 Action choisie: 6
2026-06-12 02:55:32 | INFO | 📥 Résultat: GameState.NOT_FINISHED
2026-06-12 02:55:32 | INFO | 
--- Action 20/100 ---
2026-06-12 02:55:32 | INFO | État: GameState.NOT_FINISHED
2026-06-12 02:55:32 | INFO | Niveaux complétés: 0/8
2026-06-12 02:55:32 | INFO | ✅ Grille extraite: shape=(64, 64), unique_colors=10
2026-06-12 02:55:32 | INFO | 🧠 Features: densité=0.994, sym_h=0.908, sym_v=0.469, clusters=23
2026-06-12 02:55:32 | INFO | 🎯 Action choisie: 7
2026-06-12 02:55:32 | INFO | 📥 Résultat: GameState.NOT_FINISHED
2026-06-12 02:55:32 | INFO | 
--- Action 21/100 ---
2026-06-12 02:55:32 | INFO | État: GameState.NOT_FINISHED
2026-06-12 02:55:32 | INFO | Niveaux complétés: 0/8
2026-06-12 02:55:32 | INFO | ✅ Grille extraite: shape=(64, 64), unique_colors=10
2026-06-12 02:55:32 | INFO | 🧠 Features: densité=0.994, sym_h=0.902, sym_v=0.463, clusters=25
2026-06-12 02:55:32 | INFO | 🎯 Action choisie: 4
2026-06-12 02:55:32 | INFO | 📥 Résultat: GameState.NOT_FINISHED
2026-06-12 02:55:32 | INFO | 
--- Action 22/100 ---
2026-06-12 02:55:32 | INFO | État: GameState.NOT_FINISHED
2026-06-12 02:55:32 | INFO | Niveaux complétés: 0/8
2026-06-12 02:55:32 | INFO | ✅ Grille extraite: shape=(64, 64), unique_colors=10
2026-06-12 02:55:32 | INFO | 🧠 Features: densité=0.994, sym_h=0.899, sym_v=0.460, clusters=26
2026-06-12 02:55:32 | INFO | 🎯 Action choisie: 7
2026-06-12 02:55:32 | INFO | 📥 Résultat: GameState.NOT_FINISHED
2026-06-12 02:55:32 | INFO | 
--- Action 23/100 ---
2026-06-12 02:55:32 | INFO | État: GameState.NOT_FINISHED
2026-06-12 02:55:32 | INFO | Niveaux complétés: 0/8
2026-06-12 02:55:32 | INFO | ✅ Grille extraite: shape=(64, 64), unique_colors=10
2026-06-12 02:55:33 | INFO | 🧠 Features: densité=0.994, sym_h=0.902, sym_v=0.463, clusters=25
2026-06-12 02:55:33 | INFO | 🎯 Action choisie: 2
2026-06-12 02:55:33 | INFO | 📥 Résultat: GameState.NOT_FINISHED
2026-06-12 02:55:33 | INFO | 
--- Action 24/100 ---
2026-06-12 02:55:33 | INFO | État: GameState.NOT_FINISHED
2026-06-12 02:55:33 | INFO | Niveaux complétés: 0/8
2026-06-12 02:55:33 | INFO | ✅ Grille extraite: shape=(64, 64), unique_colors=10
2026-06-12 02:55:33 | INFO | 🧠 Features: densité=0.994, sym_h=0.902, sym_v=0.463, clusters=25
2026-06-12 02:55:33 | INFO | 🎯 Action choisie: 1
2026-06-12 02:55:33 | INFO | 📥 Résultat: GameState.NOT_FINISHED
2026-06-12 02:55:33 | INFO | 
--- Action 25/100 ---
2026-06-12 02:55:33 | INFO | État: GameState.NOT_FINISHED
2026-06-12 02:55:33 | INFO | Niveaux complétés: 0/8
2026-06-12 02:55:33 | INFO | ✅ Grille extraite: shape=(64, 64), unique_colors=10
2026-06-12 02:55:33 | INFO | 🧠 Features: densité=0.994, sym_h=0.904, sym_v=0.461, clusters=25
2026-06-12 02:55:33 | INFO | 🎯 Action choisie: 7
2026-06-12 02:55:33 | INFO | 📥 Résultat: GameState.NOT_FINISHED
2026-06-12 02:55:33 | INFO | 
--- Action 26/100 ---
2026-06-12 02:55:33 | INFO | État: GameState.NOT_FINISHED
2026-06-12 02:55:33 | INFO | Niveaux complétés: 0/8
2026-06-12 02:55:33 | INFO | ✅ Grille extraite: shape=(64, 64), unique_colors=10
2026-06-12 02:55:33 | INFO | 🧠 Features: densité=0.994, sym_h=0.902, sym_v=0.463, clusters=25
2026-06-12 02:55:33 | INFO | 🎯 Action choisie: 7
2026-06-12 02:55:33 | INFO | 📥 Résultat: GameState.NOT_FINISHED
2026-06-12 02:55:33 | INFO | 
--- Action 27/100 ---
2026-06-12 02:55:33 | INFO | État: GameState.NOT_FINISHED
2026-06-12 02:55:33 | INFO | Niveaux complétés: 0/8
2026-06-12 02:55:33 | INFO | ✅ Grille extraite: shape=(64, 64), unique_colors=10
2026-06-12 02:55:33 | INFO | 🧠 Features: densité=0.994, sym_h=0.908, sym_v=0.469, clusters=23
2026-06-12 02:55:33 | INFO | 🎯 Action choisie: 1
2026-06-12 02:55:33 | INFO | 📥 Résultat: GameState.NOT_FINISHED
2026-06-12 02:55:33 | INFO | 
--- Action 28/100 ---
2026-06-12 02:55:33 | INFO | État: GameState.NOT_FINISHED
2026-06-12 02:55:33 | INFO | Niveaux complétés: 0/8
2026-06-12 02:55:33 | INFO | ✅ Grille extraite: shape=(64, 64), unique_colors=10
2026-06-12 02:55:33 | INFO | 🧠 Features: densité=0.994, sym_h=0.910, sym_v=0.467, clusters=23
2026-06-12 02:55:33 | INFO | 🎯 Action choisie: 4
2026-06-12 02:55:33 | INFO | 📥 Résultat: GameState.NOT_FINISHED
2026-06-12 02:55:33 | INFO | 
--- Action 29/100 ---
2026-06-12 02:55:33 | INFO | État: GameState.NOT_FINISHED
2026-06-12 02:55:33 | INFO | Niveaux complétés: 0/8
2026-06-12 02:55:33 | INFO | ✅ Grille extraite: shape=(64, 64), unique_colors=10
2026-06-12 02:55:33 | INFO | 🧠 Features: densité=0.994, sym_h=0.909, sym_v=0.471, clusters=24
2026-06-12 02:55:33 | INFO | 🎯 Action choisie: 2
2026-06-12 02:55:33 | INFO | 📥 Résultat: GameState.NOT_FINISHED
2026-06-12 02:55:33 | INFO | 
--- Action 30/100 ---
2026-06-12 02:55:33 | INFO | État: GameState.NOT_FINISHED
2026-06-12 02:55:33 | INFO | Niveaux complétés: 0/8
2026-06-12 02:55:33 | INFO | ✅ Grille extraite: shape=(64, 64), unique_colors=10
2026-06-12 02:55:33 | INFO | 🧠 Features: densité=0.994, sym_h=0.903, sym_v=0.461, clusters=25
2026-06-12 02:55:33 | INFO | 🎯 Action choisie: 2
2026-06-12 02:55:33 | INFO | 📥 Résultat: GameState.NOT_FINISHED
2026-06-12 02:55:33 | INFO | 
--- Action 31/100 ---
2026-06-12 02:55:33 | INFO | État: GameState.NOT_FINISHED
2026-06-12 02:55:33 | INFO | Niveaux complétés: 0/8
2026-06-12 02:55:33 | INFO | ✅ Grille extraite: shape=(64, 64), unique_colors=10
2026-06-12 02:55:33 | INFO | 🧠 Features: densité=0.994, sym_h=0.901, sym_v=0.463, clusters=25
2026-06-12 02:55:33 | INFO | 🎯 Action choisie: 2
2026-06-12 02:55:33 | INFO | 📥 Résultat: GameState.NOT_FINISHED
2026-06-12 02:55:33 | INFO | 
--- Action 32/100 ---
2026-06-12 02:55:33 | INFO | État: GameState.NOT_FINISHED
2026-06-12 02:55:33 | INFO | Niveaux complétés: 0/8
2026-06-12 02:55:33 | INFO | ✅ Grille extraite: shape=(64, 64), unique_colors=10
2026-06-12 02:55:33 | INFO | 🧠 Features: densité=0.994, sym_h=0.901, sym_v=0.463, clusters=25
2026-06-12 02:55:33 | INFO | 🎯 Action choisie: 7
2026-06-12 02:55:33 | INFO | 📥 Résultat: GameState.NOT_FINISHED
2026-06-12 02:55:33 | INFO | 
--- Action 33/100 ---
2026-06-12 02:55:33 | INFO | État: GameState.NOT_FINISHED
2026-06-12 02:55:33 | INFO | Niveaux complétés: 0/8
2026-06-12 02:55:33 | INFO | ✅ Grille extraite: shape=(64, 64), unique_colors=10
2026-06-12 02:55:33 | INFO | 🧠 Features: densité=0.994, sym_h=0.907, sym_v=0.468, clusters=25
2026-06-12 02:55:33 | INFO | 🎯 Action choisie: 7
2026-06-12 02:55:33 | INFO | 📥 Résultat: GameState.NOT_FINISHED
2026-06-12 02:55:33 | INFO | 
--- Action 34/100 ---
2026-06-12 02:55:33 | INFO | État: GameState.NOT_FINISHED
2026-06-12 02:55:33 | INFO | Niveaux complétés: 0/8
2026-06-12 02:55:33 | INFO | ✅ Grille extraite: shape=(64, 64), unique_colors=10
2026-06-12 02:55:33 | INFO | 🧠 Features: densité=0.994, sym_h=0.909, sym_v=0.474, clusters=23
2026-06-12 02:55:33 | INFO | 🎯 Action choisie: 7
2026-06-12 02:55:33 | INFO | 📥 Résultat: GameState.NOT_FINISHED
2026-06-12 02:55:33 | INFO | 
--- Action 35/100 ---
2026-06-12 02:55:33 | INFO | État: GameState.NOT_FINISHED
2026-06-12 02:55:33 | INFO | Niveaux complétés: 0/8
2026-06-12 02:55:33 | INFO | ✅ Grille extraite: shape=(64, 64), unique_colors=10
2026-06-12 02:55:33 | INFO | 🧠 Features: densité=0.994, sym_h=0.907, sym_v=0.469, clusters=23
2026-06-12 02:55:33 | INFO | 🎯 Action choisie: 3
2026-06-12 02:55:33 | INFO | 📥 Résultat: GameState.NOT_FINISHED
2026-06-12 02:55:33 | INFO | 
--- Action 36/100 ---
2026-06-12 02:55:33 | INFO | État: GameState.NOT_FINISHED
2026-06-12 02:55:33 | INFO | Niveaux complétés: 0/8
2026-06-12 02:55:33 | INFO | ✅ Grille extraite: shape=(64, 64), unique_colors=10
2026-06-12 02:55:33 | INFO | 🧠 Features: densité=0.994, sym_h=0.907, sym_v=0.469, clusters=23
2026-06-12 02:55:33 | INFO | 🎯 Action choisie: 7
2026-06-12 02:55:33 | INFO | 📥 Résultat: GameState.NOT_FINISHED
2026-06-12 02:55:33 | INFO | 
--- Action 37/100 ---
2026-06-12 02:55:33 | INFO | État: GameState.NOT_FINISHED
2026-06-12 02:55:33 | INFO | Niveaux complétés: 0/8
2026-06-12 02:55:33 | INFO | ✅ Grille extraite: shape=(64, 64), unique_colors=10
2026-06-12 02:55:33 | INFO | 🧠 Features: densité=0.994, sym_h=0.909, sym_v=0.474, clusters=23
2026-06-12 02:55:33 | INFO | 🎯 Action choisie: 1
2026-06-12 02:55:33 | INFO | 📥 Résultat: GameState.NOT_FINISHED
2026-06-12 02:55:33 | INFO | 
--- Action 38/100 ---
2026-06-12 02:55:33 | INFO | État: GameState.NOT_FINISHED
2026-06-12 02:55:33 | INFO | Niveaux complétés: 0/8
2026-06-12 02:55:33 | INFO | ✅ Grille extraite: shape=(64, 64), unique_colors=10
2026-06-12 02:55:33 | INFO | 🧠 Features: densité=0.994, sym_h=0.909, sym_v=0.470, clusters=23
2026-06-12 02:55:33 | INFO | 🎯 Action choisie: 4
2026-06-12 02:55:33 | INFO | 📥 Résultat: GameState.NOT_FINISHED
2026-06-12 02:55:33 | INFO | 
--- Action 39/100 ---
2026-06-12 02:55:33 | INFO | État: GameState.NOT_FINISHED
2026-06-12 02:55:33 | INFO | Niveaux complétés: 0/8
2026-06-12 02:55:33 | INFO | ✅ Grille extraite: shape=(64, 64), unique_colors=10
2026-06-12 02:55:33 | INFO | 🧠 Features: densité=0.994, sym_h=0.908, sym_v=0.464, clusters=24
2026-06-12 02:55:33 | INFO | 🎯 Action choisie: 4
2026-06-12 02:55:33 | INFO | 📥 Résultat: GameState.NOT_FINISHED
2026-06-12 02:55:33 | INFO | 
--- Action 40/100 ---
2026-06-12 02:55:33 | INFO | État: GameState.NOT_FINISHED
2026-06-12 02:55:33 | INFO | Niveaux complétés: 0/8
2026-06-12 02:55:33 | INFO | ✅ Grille extraite: shape=(64, 64), unique_colors=10
2026-06-12 02:55:33 | INFO | 🧠 Features: densité=0.994, sym_h=0.903, sym_v=0.458, clusters=26
2026-06-12 02:55:33 | INFO | 🎯 Action choisie: 1
2026-06-12 02:55:33 | INFO | 📥 Résultat: GameState.NOT_FINISHED
2026-06-12 02:55:33 | INFO | 
--- Action 41/100 ---
2026-06-12 02:55:33 | INFO | État: GameState.NOT_FINISHED
2026-06-12 02:55:33 | INFO | Niveaux complétés: 0/8
2026-06-12 02:55:33 | INFO | ✅ Grille extraite: shape=(64, 64), unique_colors=10
2026-06-12 02:55:33 | INFO | 🧠 Features: densité=0.994, sym_h=0.896, sym_v=0.457, clusters=27
2026-06-12 02:55:33 | INFO | 🎯 Action choisie: 3
2026-06-12 02:55:33 | INFO | 📥 Résultat: GameState.NOT_FINISHED
2026-06-12 02:55:33 | INFO | 
--- Action 42/100 ---
2026-06-12 02:55:33 | INFO | État: GameState.NOT_FINISHED
2026-06-12 02:55:33 | INFO | Niveaux complétés: 0/8
2026-06-12 02:55:33 | INFO | ✅ Grille extraite: shape=(64, 64), unique_colors=10
2026-06-12 02:55:33 | INFO | 🧠 Features: densité=0.994, sym_h=0.903, sym_v=0.469, clusters=26
2026-06-12 02:55:33 | INFO | 🎯 Action choisie: 3
2026-06-12 02:55:33 | INFO | 📥 Résultat: GameState.NOT_FINISHED
2026-06-12 02:55:33 | INFO | 
--- Action 43/100 ---
2026-06-12 02:55:33 | INFO | État: GameState.NOT_FINISHED
2026-06-12 02:55:33 | INFO | Niveaux complétés: 0/8
2026-06-12 02:55:33 | INFO | ✅ Grille extraite: shape=(64, 64), unique_colors=10
2026-06-12 02:55:33 | INFO | 🧠 Features: densité=0.994, sym_h=0.907, sym_v=0.469, clusters=24
2026-06-12 02:55:33 | INFO | 🎯 Action choisie: 2
2026-06-12 02:55:33 | INFO | 📥 Résultat: GameState.NOT_FINISHED
2026-06-12 02:55:33 | INFO | 
--- Action 44/100 ---
2026-06-12 02:55:33 | INFO | État: GameState.NOT_FINISHED
2026-06-12 02:55:33 | INFO | Niveaux complétés: 0/8
2026-06-12 02:55:33 | INFO | ✅ Grille extraite: shape=(64, 64), unique_colors=10
2026-06-12 02:55:33 | INFO | 🧠 Features: densité=0.994, sym_h=0.908, sym_v=0.469, clusters=23
2026-06-12 02:55:33 | INFO | 🎯 Action choisie: 2
2026-06-12 02:55:33 | INFO | 📥 Résultat: GameState.NOT_FINISHED
2026-06-12 02:55:33 | INFO | 
--- Action 45/100 ---
2026-06-12 02:55:33 | INFO | État: GameState.NOT_FINISHED
2026-06-12 02:55:33 | INFO | Niveaux complétés: 0/8
2026-06-12 02:55:33 | INFO | ✅ Grille extraite: shape=(64, 64), unique_colors=10
2026-06-12 02:55:33 | INFO | 🧠 Features: densité=0.994, sym_h=0.908, sym_v=0.470, clusters=23
2026-06-12 02:55:33 | INFO | 🎯 Action choisie: 6
2026-06-12 02:55:33 | INFO | 📥 Résultat: GameState.NOT_FINISHED
2026-06-12 02:55:34 | INFO | 
--- Action 46/100 ---
2026-06-12 02:55:34 | INFO | État: GameState.NOT_FINISHED
2026-06-12 02:55:34 | INFO | Niveaux complétés: 0/8
2026-06-12 02:55:34 | INFO | ✅ Grille extraite: shape=(64, 64), unique_colors=10
2026-06-12 02:55:34 | INFO | 🧠 Features: densité=0.994, sym_h=0.908, sym_v=0.474, clusters=23
2026-06-12 02:55:34 | INFO | 🎯 Action choisie: 4
2026-06-12 02:55:34 | INFO | 📥 Résultat: GameState.NOT_FINISHED
2026-06-12 02:55:34 | INFO | 
--- Action 47/100 ---
2026-06-12 02:55:34 | INFO | État: GameState.NOT_FINISHED
2026-06-12 02:55:34 | INFO | Niveaux complétés: 0/8
2026-06-12 02:55:34 | INFO | ✅ Grille extraite: shape=(64, 64), unique_colors=10
2026-06-12 02:55:34 | INFO | 🧠 Features: densité=0.994, sym_h=0.906, sym_v=0.471, clusters=24
2026-06-12 02:55:34 | INFO | 🎯 Action choisie: 1
2026-06-12 02:55:34 | INFO | 📥 Résultat: GameState.NOT_FINISHED
2026-06-12 02:55:34 | INFO | 
--- Action 48/100 ---
2026-06-12 02:55:34 | INFO | État: GameState.NOT_FINISHED
2026-06-12 02:55:34 | INFO | Niveaux complétés: 0/8
2026-06-12 02:55:34 | INFO | ✅ Grille extraite: shape=(64, 64), unique_colors=10
2026-06-12 02:55:34 | INFO | 🧠 Features: densité=0.994, sym_h=0.901, sym_v=0.464, clusters=25
2026-06-12 02:55:34 | INFO | 🎯 Action choisie: 4
2026-06-12 02:55:34 | INFO | 📥 Résultat: GameState.NOT_FINISHED
2026-06-12 02:55:34 | INFO | 
--- Action 49/100 ---
2026-06-12 02:55:34 | INFO | État: GameState.NOT_FINISHED
2026-06-12 02:55:34 | INFO | Niveaux complétés: 0/8
2026-06-12 02:55:34 | INFO | ✅ Grille extraite: shape=(64, 64), unique_colors=10
2026-06-12 02:55:34 | INFO | 🧠 Features: densité=0.994, sym_h=0.902, sym_v=0.458, clusters=26
2026-06-12 02:55:34 | INFO | 🎯 Action choisie: 1
2026-06-12 02:55:34 | INFO | 📥 Résultat: GameState.NOT_FINISHED
2026-06-12 02:55:34 | INFO | 
--- Action 50/100 ---
2026-06-12 02:55:34 | INFO | État: GameState.NOT_FINISHED
2026-06-12 02:55:34 | INFO | Niveaux complétés: 0/8
2026-06-12 02:55:34 | INFO | ✅ Grille extraite: shape=(64, 64), unique_colors=10
2026-06-12 02:55:34 | INFO | 🧠 Features: densité=0.994, sym_h=0.895, sym_v=0.457, clusters=27
2026-06-12 02:55:34 | INFO | 🎯 Action choisie: 6
2026-06-12 02:55:34 | INFO | 📥 Résultat: GameState.NOT_FINISHED
2026-06-12 02:55:34 | INFO | 
--- Action 51/100 ---
2026-06-12 02:55:34 | INFO | État: GameState.NOT_FINISHED
2026-06-12 02:55:34 | INFO | Niveaux complétés: 0/8
2026-06-12 02:55:34 | INFO | ✅ Grille extraite: shape=(64, 64), unique_colors=10
2026-06-12 02:55:34 | INFO | 🧠 Features: densité=0.994, sym_h=0.899, sym_v=0.469, clusters=27
2026-06-12 02:55:34 | INFO | 🎯 Action choisie: 3
2026-06-12 02:55:34 | INFO | 📥 Résultat: GameState.NOT_FINISHED
2026-06-12 02:55:34 | INFO | 
--- Action 52/100 ---
2026-06-12 02:55:34 | INFO | État: GameState.NOT_FINISHED
2026-06-12 02:55:34 | INFO | Niveaux complétés: 0/8
2026-06-12 02:55:34 | INFO | ✅ Grille extraite: shape=(64, 64), unique_colors=10
2026-06-12 02:55:34 | INFO | 🧠 Features: densité=0.994, sym_h=0.902, sym_v=0.469, clusters=26
2026-06-12 02:55:34 | INFO | 🎯 Action choisie: 2
2026-06-12 02:55:34 | INFO | 📥 Résultat: GameState.NOT_FINISHED
2026-06-12 02:55:34 | INFO | 
--- Action 53/100 ---
2026-06-12 02:55:34 | INFO | État: GameState.NOT_FINISHED
2026-06-12 02:55:34 | INFO | Niveaux complétés: 0/8
2026-06-12 02:55:34 | INFO | ✅ Grille extraite: shape=(64, 64), unique_colors=10
2026-06-12 02:55:34 | INFO | 🧠 Features: densité=0.994, sym_h=0.901, sym_v=0.463, clusters=25
2026-06-12 02:55:34 | INFO | 🎯 Action choisie: 1
2026-06-12 02:55:34 | INFO | 📥 Résultat: GameState.NOT_FINISHED
2026-06-12 02:55:34 | INFO | 
--- Action 54/100 ---
2026-06-12 02:55:34 | INFO | État: GameState.NOT_FINISHED
2026-06-12 02:55:34 | INFO | Niveaux complétés: 0/8
2026-06-12 02:55:34 | INFO | ✅ Grille extraite: shape=(64, 64), unique_colors=10
2026-06-12 02:55:34 | INFO | 🧠 Features: densité=0.994, sym_h=0.900, sym_v=0.463, clusters=25
2026-06-12 02:55:34 | INFO | 🎯 Action choisie: 7
2026-06-12 02:55:34 | INFO | 📥 Résultat: GameState.NOT_FINISHED
2026-06-12 02:55:34 | INFO | 
--- Action 55/100 ---
2026-06-12 02:55:34 | INFO | État: GameState.NOT_FINISHED
2026-06-12 02:55:34 | INFO | Niveaux complétés: 0/8
2026-06-12 02:55:34 | INFO | ✅ Grille extraite: shape=(64, 64), unique_colors=10
2026-06-12 02:55:34 | INFO | 🧠 Features: densité=0.994, sym_h=0.904, sym_v=0.461, clusters=25
2026-06-12 02:55:34 | INFO | 🎯 Action choisie: 4
2026-06-12 02:55:34 | INFO | 📥 Résultat: GameState.NOT_FINISHED
2026-06-12 02:55:34 | INFO | 
--- Action 56/100 ---
2026-06-12 02:55:34 | INFO | État: GameState.NOT_FINISHED
2026-06-12 02:55:34 | INFO | Niveaux complétés: 0/8
2026-06-12 02:55:34 | INFO | ✅ Grille extraite: shape=(64, 64), unique_colors=10
2026-06-12 02:55:34 | INFO | 🧠 Features: densité=0.994, sym_h=0.901, sym_v=0.458, clusters=26
2026-06-12 02:55:34 | INFO | 🎯 Action choisie: 2
2026-06-12 02:55:34 | INFO | 📥 Résultat: GameState.NOT_FINISHED
2026-06-12 02:55:34 | INFO | 
--- Action 57/100 ---
2026-06-12 02:55:34 | INFO | État: GameState.NOT_FINISHED
2026-06-12 02:55:34 | INFO | Niveaux complétés: 0/8
2026-06-12 02:55:34 | INFO | ✅ Grille extraite: shape=(64, 64), unique_colors=10
2026-06-12 02:55:34 | INFO | 🧠 Features: densité=0.994, sym_h=0.895, sym_v=0.458, clusters=27
2026-06-12 02:55:34 | INFO | 🎯 Action choisie: 6
2026-06-12 02:55:34 | INFO | 📥 Résultat: GameState.NOT_FINISHED
2026-06-12 02:55:34 | INFO | 
--- Action 58/100 ---
2026-06-12 02:55:34 | INFO | État: GameState.NOT_FINISHED
2026-06-12 02:55:34 | INFO | Niveaux complétés: 0/8
2026-06-12 02:55:34 | INFO | ✅ Grille extraite: shape=(64, 64), unique_colors=10
2026-06-12 02:55:34 | INFO | 🧠 Features: densité=0.994, sym_h=0.898, sym_v=0.462, clusters=27
2026-06-12 02:55:34 | INFO | 🎯 Action choisie: 6
2026-06-12 02:55:34 | INFO | 📥 Résultat: GameState.NOT_FINISHED
2026-06-12 02:55:34 | INFO | 
--- Action 59/100 ---
2026-06-12 02:55:34 | INFO | État: GameState.NOT_FINISHED
2026-06-12 02:55:34 | INFO | Niveaux complétés: 0/8
2026-06-12 02:55:34 | INFO | ✅ Grille extraite: shape=(64, 64), unique_colors=10
2026-06-12 02:55:34 | INFO | 🧠 Features: densité=0.994, sym_h=0.898, sym_v=0.462, clusters=27
2026-06-12 02:55:34 | INFO | 🎯 Action choisie: 7
2026-06-12 02:55:34 | INFO | 📥 Résultat: GameState.NOT_FINISHED
2026-06-12 02:55:34 | INFO | 
--- Action 60/100 ---
2026-06-12 02:55:34 | INFO | État: GameState.NOT_FINISHED
2026-06-12 02:55:34 | INFO | Niveaux complétés: 0/8
2026-06-12 02:55:34 | INFO | ✅ Grille extraite: shape=(64, 64), unique_colors=10
2026-06-12 02:55:34 | INFO | 🧠 Features: densité=0.994, sym_h=0.898, sym_v=0.455, clusters=27
2026-06-12 02:55:34 | INFO | 🎯 Action choisie: 4
2026-06-12 02:55:34 | INFO | 📥 Résultat: GameState.NOT_FINISHED
2026-06-12 02:55:34 | INFO | 
--- Action 61/100 ---
2026-06-12 02:55:34 | INFO | État: GameState.NOT_FINISHED
2026-06-12 02:55:34 | INFO | Niveaux complétés: 0/8
2026-06-12 02:55:34 | INFO | ✅ Grille extraite: shape=(64, 64), unique_colors=10
2026-06-12 02:55:34 | INFO | 🧠 Features: densité=0.994, sym_h=0.895, sym_v=0.452, clusters=28
2026-06-12 02:55:34 | INFO | 🎯 Action choisie: 1
2026-06-12 02:55:34 | INFO | 📥 Résultat: GameState.NOT_FINISHED
2026-06-12 02:55:34 | INFO | 
--- Action 62/100 ---
2026-06-12 02:55:34 | INFO | État: GameState.NOT_FINISHED
2026-06-12 02:55:34 | INFO | Niveaux complétés: 0/8
2026-06-12 02:55:34 | INFO | ✅ Grille extraite: shape=(64, 64), unique_colors=10
2026-06-12 02:55:34 | INFO | 🧠 Features: densité=0.994, sym_h=0.892, sym_v=0.451, clusters=29
2026-06-12 02:55:34 | INFO | 🎯 Action choisie: 2
2026-06-12 02:55:34 | INFO | 📥 Résultat: GameState.NOT_FINISHED
2026-06-12 02:55:34 | INFO | 
--- Action 63/100 ---
2026-06-12 02:55:34 | INFO | État: GameState.NOT_FINISHED
2026-06-12 02:55:34 | INFO | Niveaux complétés: 0/8
2026-06-12 02:55:34 | INFO | ✅ Grille extraite: shape=(64, 64), unique_colors=10
2026-06-12 02:55:34 | INFO | 🧠 Features: densité=0.994, sym_h=0.892, sym_v=0.451, clusters=29
2026-06-12 02:55:34 | INFO | 🎯 Action choisie: 7
2026-06-12 02:55:34 | INFO | 📥 Résultat: GameState.NOT_FINISHED
2026-06-12 02:55:34 | INFO | 
--- Action 64/100 ---
2026-06-12 02:55:34 | INFO | État: GameState.NOT_FINISHED
2026-06-12 02:55:34 | INFO | Niveaux complétés: 0/8
2026-06-12 02:55:34 | INFO | ✅ Grille extraite: shape=(64, 64), unique_colors=10
2026-06-12 02:55:34 | INFO | 🧠 Features: densité=0.994, sym_h=0.896, sym_v=0.469, clusters=29
2026-06-12 02:55:34 | INFO | 🎯 Action choisie: 1
2026-06-12 02:55:34 | INFO | 📥 Résultat: GameState.NOT_FINISHED
2026-06-12 02:55:34 | INFO | 
--- Action 65/100 ---
2026-06-12 02:55:34 | INFO | État: GameState.NOT_FINISHED
2026-06-12 02:55:34 | INFO | Niveaux complétés: 0/8
2026-06-12 02:55:34 | INFO | ✅ Grille extraite: shape=(64, 64), unique_colors=10
2026-06-12 02:55:34 | INFO | 🧠 Features: densité=0.994, sym_h=0.892, sym_v=0.469, clusters=29
2026-06-12 02:55:34 | INFO | 🎯 Action choisie: 2
2026-06-12 02:55:34 | INFO | 📥 Résultat: GameState.NOT_FINISHED
2026-06-12 02:55:34 | INFO | 
--- Action 66/100 ---
2026-06-12 02:55:34 | INFO | État: GameState.NOT_FINISHED
2026-06-12 02:55:34 | INFO | Niveaux complétés: 0/8
2026-06-12 02:55:34 | INFO | ✅ Grille extraite: shape=(64, 64), unique_colors=10
2026-06-12 02:55:34 | INFO | 🧠 Features: densité=0.994, sym_h=0.892, sym_v=0.469, clusters=29
2026-06-12 02:55:34 | INFO | 🎯 Action choisie: 6
2026-06-12 02:55:34 | INFO | 📥 Résultat: GameState.NOT_FINISHED
2026-06-12 02:55:34 | INFO | 
--- Action 67/100 ---
2026-06-12 02:55:34 | INFO | État: GameState.NOT_FINISHED
2026-06-12 02:55:34 | INFO | Niveaux complétés: 0/8
2026-06-12 02:55:34 | INFO | ✅ Grille extraite: shape=(64, 64), unique_colors=10
2026-06-12 02:55:34 | INFO | 🧠 Features: densité=0.994, sym_h=0.896, sym_v=0.469, clusters=29
2026-06-12 02:55:34 | INFO | 🎯 Action choisie: 4
2026-06-12 02:55:34 | INFO | 📥 Résultat: GameState.NOT_FINISHED
2026-06-12 02:55:34 | INFO | 
--- Action 68/100 ---
2026-06-12 02:55:34 | INFO | État: GameState.NOT_FINISHED
2026-06-12 02:55:34 | INFO | Niveaux complétés: 0/8
2026-06-12 02:55:34 | INFO | ✅ Grille extraite: shape=(64, 64), unique_colors=10
2026-06-12 02:55:34 | INFO | 🧠 Features: densité=0.994, sym_h=0.896, sym_v=0.469, clusters=30
2026-06-12 02:55:34 | INFO | 🎯 Action choisie: 6
2026-06-12 02:55:34 | INFO | 📥 Résultat: GameState.NOT_FINISHED
2026-06-12 02:55:34 | INFO | 
--- Action 69/100 ---
2026-06-12 02:55:34 | INFO | État: GameState.NOT_FINISHED
2026-06-12 02:55:34 | INFO | Niveaux complétés: 0/8
2026-06-12 02:55:34 | INFO | ✅ Grille extraite: shape=(64, 64), unique_colors=10
2026-06-12 02:55:35 | INFO | 🧠 Features: densité=0.994, sym_h=0.897, sym_v=0.469, clusters=31
2026-06-12 02:55:35 | INFO | 🎯 Action choisie: 2
2026-06-12 02:55:35 | INFO | 📥 Résultat: GameState.NOT_FINISHED
2026-06-12 02:55:35 | INFO | 
--- Action 70/100 ---
2026-06-12 02:55:35 | INFO | État: GameState.NOT_FINISHED
2026-06-12 02:55:35 | INFO | Niveaux complétés: 0/8
2026-06-12 02:55:35 | INFO | ✅ Grille extraite: shape=(64, 64), unique_colors=10
2026-06-12 02:55:35 | INFO | 🧠 Features: densité=0.994, sym_h=0.893, sym_v=0.445, clusters=31
2026-06-12 02:55:35 | INFO | 🎯 Action choisie: 6
2026-06-12 02:55:35 | INFO | 📥 Résultat: GameState.NOT_FINISHED
2026-06-12 02:55:35 | INFO | 
--- Action 71/100 ---
2026-06-12 02:55:35 | INFO | État: GameState.NOT_FINISHED
2026-06-12 02:55:35 | INFO | Niveaux complétés: 0/8
2026-06-12 02:55:35 | INFO | ✅ Grille extraite: shape=(64, 64), unique_colors=10
2026-06-12 02:55:35 | INFO | 🧠 Features: densité=0.994, sym_h=0.897, sym_v=0.443, clusters=31
2026-06-12 02:55:35 | INFO | 🎯 Action choisie: 6
2026-06-12 02:55:35 | INFO | 📥 Résultat: GameState.NOT_FINISHED
2026-06-12 02:55:35 | INFO | 
--- Action 72/100 ---
2026-06-12 02:55:35 | INFO | État: GameState.NOT_FINISHED
2026-06-12 02:55:35 | INFO | Niveaux complétés: 0/8
2026-06-12 02:55:35 | INFO | ✅ Grille extraite: shape=(64, 64), unique_colors=10
2026-06-12 02:55:35 | INFO | 🧠 Features: densité=0.994, sym_h=0.897, sym_v=0.443, clusters=31
2026-06-12 02:55:35 | INFO | 🎯 Action choisie: 7
2026-06-12 02:55:35 | INFO | 📥 Résultat: GameState.NOT_FINISHED
2026-06-12 02:55:35 | INFO | 
--- Action 73/100 ---
2026-06-12 02:55:35 | INFO | État: GameState.NOT_FINISHED
2026-06-12 02:55:35 | INFO | Niveaux complétés: 0/8
2026-06-12 02:55:35 | INFO | ✅ Grille extraite: shape=(64, 64), unique_colors=10
2026-06-12 02:55:35 | INFO | 🧠 Features: densité=0.994, sym_h=0.897, sym_v=0.469, clusters=31
2026-06-12 02:55:35 | INFO | 🎯 Action choisie: 2
2026-06-12 02:55:35 | INFO | 📥 Résultat: GameState.NOT_FINISHED
2026-06-12 02:55:35 | INFO | 
--- Action 74/100 ---
2026-06-12 02:55:35 | INFO | État: GameState.NOT_FINISHED
2026-06-12 02:55:35 | INFO | Niveaux complétés: 0/8
2026-06-12 02:55:35 | INFO | ✅ Grille extraite: shape=(64, 64), unique_colors=10
2026-06-12 02:55:35 | INFO | 🧠 Features: densité=0.994, sym_h=0.893, sym_v=0.445, clusters=31
2026-06-12 02:55:35 | INFO | 🎯 Action choisie: 1
2026-06-12 02:55:35 | INFO | 📥 Résultat: GameState.NOT_FINISHED
2026-06-12 02:55:35 | INFO | 
--- Action 75/100 ---
2026-06-12 02:55:35 | INFO | État: GameState.NOT_FINISHED
2026-06-12 02:55:35 | INFO | Niveaux complétés: 0/8
2026-06-12 02:55:35 | INFO | ✅ Grille extraite: shape=(64, 64), unique_colors=10
2026-06-12 02:55:35 | INFO | 🧠 Features: densité=0.994, sym_h=0.893, sym_v=0.445, clusters=31
2026-06-12 02:55:35 | INFO | 🎯 Action choisie: 2
2026-06-12 02:55:35 | INFO | 📥 Résultat: GameState.NOT_FINISHED
2026-06-12 02:55:35 | INFO | 
--- Action 76/100 ---
2026-06-12 02:55:35 | INFO | État: GameState.NOT_FINISHED
2026-06-12 02:55:35 | INFO | Niveaux complétés: 0/8
2026-06-12 02:55:35 | INFO | ✅ Grille extraite: shape=(64, 64), unique_colors=10
2026-06-12 02:55:35 | INFO | 🧠 Features: densité=0.994, sym_h=0.893, sym_v=0.445, clusters=31
2026-06-12 02:55:35 | INFO | 🎯 Action choisie: 1
2026-06-12 02:55:35 | INFO | 📥 Résultat: GameState.NOT_FINISHED
2026-06-12 02:55:35 | INFO | 
--- Action 77/100 ---
2026-06-12 02:55:35 | INFO | État: GameState.NOT_FINISHED
2026-06-12 02:55:35 | INFO | Niveaux complétés: 0/8
2026-06-12 02:55:35 | INFO | ✅ Grille extraite: shape=(64, 64), unique_colors=10
2026-06-12 02:55:35 | INFO | 🧠 Features: densité=0.994, sym_h=0.893, sym_v=0.445, clusters=31
2026-06-12 02:55:35 | INFO | 🎯 Action choisie: 7
2026-06-12 02:55:35 | INFO | 📥 Résultat: GameState.NOT_FINISHED
2026-06-12 02:55:35 | INFO | 
--- Action 78/100 ---
2026-06-12 02:55:35 | INFO | État: GameState.NOT_FINISHED
2026-06-12 02:55:35 | INFO | Niveaux complétés: 0/8
2026-06-12 02:55:35 | INFO | ✅ Grille extraite: shape=(64, 64), unique_colors=10
2026-06-12 02:55:35 | INFO | 🧠 Features: densité=0.994, sym_h=0.896, sym_v=0.443, clusters=31
2026-06-12 02:55:35 | INFO | 🎯 Action choisie: 6
2026-06-12 02:55:35 | INFO | 📥 Résultat: GameState.NOT_FINISHED
2026-06-12 02:55:35 | INFO | 
--- Action 79/100 ---
2026-06-12 02:55:35 | INFO | État: GameState.NOT_FINISHED
2026-06-12 02:55:35 | INFO | Niveaux complétés: 0/8
2026-06-12 02:55:35 | INFO | ✅ Grille extraite: shape=(64, 64), unique_colors=10
2026-06-12 02:55:35 | INFO | 🧠 Features: densité=0.994, sym_h=0.896, sym_v=0.443, clusters=31
2026-06-12 02:55:35 | INFO | 🎯 Action choisie: 4
2026-06-12 02:55:35 | INFO | 📥 Résultat: GameState.NOT_FINISHED
2026-06-12 02:55:35 | INFO | 
--- Action 80/100 ---
2026-06-12 02:55:35 | INFO | État: GameState.NOT_FINISHED
2026-06-12 02:55:35 | INFO | Niveaux complétés: 0/8
2026-06-12 02:55:35 | INFO | ✅ Grille extraite: shape=(64, 64), unique_colors=10
2026-06-12 02:55:35 | INFO | 🧠 Features: densité=0.994, sym_h=0.893, sym_v=0.440, clusters=31
2026-06-12 02:55:35 | INFO | 🎯 Action choisie: 4
2026-06-12 02:55:35 | INFO | 📥 Résultat: GameState.NOT_FINISHED
2026-06-12 02:55:35 | INFO | 
--- Action 81/100 ---
2026-06-12 02:55:35 | INFO | État: GameState.NOT_FINISHED
2026-06-12 02:55:35 | INFO | Niveaux complétés: 0/8
2026-06-12 02:55:35 | INFO | ✅ Grille extraite: shape=(64, 64), unique_colors=10
2026-06-12 02:55:35 | INFO | 🧠 Features: densité=0.994, sym_h=0.896, sym_v=0.441, clusters=32
2026-06-12 02:55:35 | INFO | 🎯 Action choisie: 3
2026-06-12 02:55:35 | INFO | 📥 Résultat: GameState.NOT_FINISHED
2026-06-12 02:55:35 | INFO | 
--- Action 82/100 ---
2026-06-12 02:55:35 | INFO | État: GameState.NOT_FINISHED
2026-06-12 02:55:35 | INFO | Niveaux complétés: 0/8
2026-06-12 02:55:35 | INFO | ✅ Grille extraite: shape=(64, 64), unique_colors=10
2026-06-12 02:55:35 | INFO | 🧠 Features: densité=0.994, sym_h=0.895, sym_v=0.444, clusters=30
2026-06-12 02:55:35 | INFO | 🎯 Action choisie: 7
2026-06-12 02:55:35 | INFO | 📥 Résultat: GameState.NOT_FINISHED
2026-06-12 02:55:35 | INFO | 
--- Action 83/100 ---
2026-06-12 02:55:35 | INFO | État: GameState.NOT_FINISHED
2026-06-12 02:55:35 | INFO | Niveaux complétés: 0/8
2026-06-12 02:55:35 | INFO | ✅ Grille extraite: shape=(64, 64), unique_colors=10
2026-06-12 02:55:35 | INFO | 🧠 Features: densité=0.994, sym_h=0.896, sym_v=0.441, clusters=32
2026-06-12 02:55:35 | INFO | 🎯 Action choisie: 6
2026-06-12 02:55:35 | INFO | 📥 Résultat: GameState.NOT_FINISHED
2026-06-12 02:55:35 | INFO | 
--- Action 84/100 ---
2026-06-12 02:55:35 | INFO | État: GameState.NOT_FINISHED
2026-06-12 02:55:35 | INFO | Niveaux complétés: 0/8
2026-06-12 02:55:35 | INFO | ✅ Grille extraite: shape=(64, 64), unique_colors=10
2026-06-12 02:55:35 | INFO | 🧠 Features: densité=0.994, sym_h=0.896, sym_v=0.441, clusters=32
2026-06-12 02:55:35 | INFO | 🎯 Action choisie: 4
2026-06-12 02:55:35 | INFO | 📥 Résultat: GameState.NOT_FINISHED
2026-06-12 02:55:35 | INFO | 
--- Action 85/100 ---
2026-06-12 02:55:35 | INFO | État: GameState.NOT_FINISHED
2026-06-12 02:55:35 | INFO | Niveaux complétés: 0/8
2026-06-12 02:55:35 | INFO | ✅ Grille extraite: shape=(64, 64), unique_colors=10
2026-06-12 02:55:35 | INFO | 🧠 Features: densité=0.994, sym_h=0.896, sym_v=0.441, clusters=32
2026-06-12 02:55:35 | INFO | 🎯 Action choisie: 2
2026-06-12 02:55:35 | INFO | 📥 Résultat: GameState.NOT_FINISHED
2026-06-12 02:55:35 | INFO | 
--- Action 86/100 ---
2026-06-12 02:55:35 | INFO | État: GameState.NOT_FINISHED
2026-06-12 02:55:35 | INFO | Niveaux complétés: 0/8
2026-06-12 02:55:35 | INFO | ✅ Grille extraite: shape=(64, 64), unique_colors=10
2026-06-12 02:55:35 | INFO | 🧠 Features: densité=0.994, sym_h=0.896, sym_v=0.444, clusters=32
2026-06-12 02:55:35 | INFO | 🎯 Action choisie: 7
2026-06-12 02:55:35 | INFO | 📥 Résultat: GameState.NOT_FINISHED
2026-06-12 02:55:35 | INFO | 
--- Action 87/100 ---
2026-06-12 02:55:35 | INFO | État: GameState.NOT_FINISHED
2026-06-12 02:55:35 | INFO | Niveaux complétés: 0/8
2026-06-12 02:55:35 | INFO | ✅ Grille extraite: shape=(64, 64), unique_colors=10
2026-06-12 02:55:35 | INFO | 🧠 Features: densité=0.994, sym_h=0.896, sym_v=0.441, clusters=32
2026-06-12 02:55:35 | INFO | 🎯 Action choisie: 1
2026-06-12 02:55:35 | INFO | 📥 Résultat: GameState.NOT_FINISHED
2026-06-12 02:55:35 | INFO | 
--- Action 88/100 ---
2026-06-12 02:55:35 | INFO | État: GameState.NOT_FINISHED
2026-06-12 02:55:35 | INFO | Niveaux complétés: 0/8
2026-06-12 02:55:35 | INFO | ✅ Grille extraite: shape=(64, 64), unique_colors=10
2026-06-12 02:55:35 | INFO | 🧠 Features: densité=0.994, sym_h=0.896, sym_v=0.445, clusters=32
2026-06-12 02:55:35 | INFO | 🎯 Action choisie: 2
2026-06-12 02:55:35 | INFO | 📥 Résultat: GameState.NOT_FINISHED
2026-06-12 02:55:35 | INFO | 
--- Action 89/100 ---
2026-06-12 02:55:35 | INFO | État: GameState.NOT_FINISHED
2026-06-12 02:55:35 | INFO | Niveaux complétés: 0/8
2026-06-12 02:55:35 | INFO | ✅ Grille extraite: shape=(64, 64), unique_colors=10
2026-06-12 02:55:35 | INFO | 🧠 Features: densité=0.994, sym_h=0.896, sym_v=0.445, clusters=32
2026-06-12 02:55:35 | INFO | 🎯 Action choisie: 6
2026-06-12 02:55:35 | INFO | 📥 Résultat: GameState.NOT_FINISHED
2026-06-12 02:55:35 | INFO | 
--- Action 90/100 ---
2026-06-12 02:55:35 | INFO | État: GameState.NOT_FINISHED
2026-06-12 02:55:35 | INFO | Niveaux complétés: 0/8
2026-06-12 02:55:35 | INFO | ✅ Grille extraite: shape=(64, 64), unique_colors=10
2026-06-12 02:55:35 | INFO | 🧠 Features: densité=0.994, sym_h=0.896, sym_v=0.443, clusters=32
2026-06-12 02:55:35 | INFO | 🎯 Action choisie: 2
2026-06-12 02:55:35 | INFO | 📥 Résultat: GameState.NOT_FINISHED
2026-06-12 02:55:35 | INFO | 
--- Action 91/100 ---
2026-06-12 02:55:35 | INFO | État: GameState.NOT_FINISHED
2026-06-12 02:55:35 | INFO | Niveaux complétés: 0/8
2026-06-12 02:55:35 | INFO | ✅ Grille extraite: shape=(64, 64), unique_colors=10
2026-06-12 02:55:35 | INFO | 🧠 Features: densité=0.994, sym_h=0.896, sym_v=0.446, clusters=32
2026-06-12 02:55:35 | INFO | 🎯 Action choisie: 2
2026-06-12 02:55:35 | INFO | 📥 Résultat: GameState.NOT_FINISHED
2026-06-12 02:55:35 | INFO | 
--- Action 92/100 ---
2026-06-12 02:55:35 | INFO | État: GameState.NOT_FINISHED
2026-06-12 02:55:35 | INFO | Niveaux complétés: 0/8
2026-06-12 02:55:35 | INFO | ✅ Grille extraite: shape=(64, 64), unique_colors=10
2026-06-12 02:55:36 | INFO | 🧠 Features: densité=0.994, sym_h=0.895, sym_v=0.450, clusters=32
2026-06-12 02:55:36 | INFO | 🎯 Action choisie: 1
2026-06-12 02:55:36 | INFO | 📥 Résultat: GameState.NOT_FINISHED
2026-06-12 02:55:36 | INFO | 
--- Action 93/100 ---
2026-06-12 02:55:36 | INFO | État: GameState.NOT_FINISHED
2026-06-12 02:55:36 | INFO | Niveaux complétés: 0/8
2026-06-12 02:55:36 | INFO | ✅ Grille extraite: shape=(64, 64), unique_colors=10
2026-06-12 02:55:36 | INFO | 🧠 Features: densité=0.994, sym_h=0.895, sym_v=0.442, clusters=32
2026-06-12 02:55:36 | INFO | 🎯 Action choisie: 7
2026-06-12 02:55:36 | INFO | 📥 Résultat: GameState.NOT_FINISHED
2026-06-12 02:55:36 | INFO | 
--- Action 94/100 ---
2026-06-12 02:55:36 | INFO | État: GameState.NOT_FINISHED
2026-06-12 02:55:36 | INFO | Niveaux complétés: 0/8
2026-06-12 02:55:36 | INFO | ✅ Grille extraite: shape=(64, 64), unique_colors=10
2026-06-12 02:55:36 | INFO | 🧠 Features: densité=0.994, sym_h=0.895, sym_v=0.450, clusters=32
2026-06-12 02:55:36 | INFO | 🎯 Action choisie: 4
2026-06-12 02:55:36 | INFO | 📥 Résultat: GameState.NOT_FINISHED
2026-06-12 02:55:36 | INFO | 
--- Action 95/100 ---
2026-06-12 02:55:36 | INFO | État: GameState.NOT_FINISHED
2026-06-12 02:55:36 | INFO | Niveaux complétés: 0/8
2026-06-12 02:55:36 | INFO | ✅ Grille extraite: shape=(64, 64), unique_colors=10
2026-06-12 02:55:36 | INFO | 🧠 Features: densité=0.994, sym_h=0.895, sym_v=0.450, clusters=32
2026-06-12 02:55:36 | INFO | 🎯 Action choisie: 6
2026-06-12 02:55:36 | INFO | 📥 Résultat: GameState.NOT_FINISHED
2026-06-12 02:55:36 | INFO | 
--- Action 96/100 ---
2026-06-12 02:55:36 | INFO | État: GameState.NOT_FINISHED
2026-06-12 02:55:36 | INFO | Niveaux complétés: 0/8
2026-06-12 02:55:36 | INFO | ✅ Grille extraite: shape=(64, 64), unique_colors=10
2026-06-12 02:55:36 | INFO | 🧠 Features: densité=0.994, sym_h=0.895, sym_v=0.450, clusters=32
2026-06-12 02:55:36 | INFO | 🎯 Action choisie: 4
2026-06-12 02:55:36 | INFO | 📥 Résultat: GameState.NOT_FINISHED
2026-06-12 02:55:36 | INFO | 
--- Action 97/100 ---
2026-06-12 02:55:36 | INFO | État: GameState.NOT_FINISHED
2026-06-12 02:55:36 | INFO | Niveaux complétés: 0/8
2026-06-12 02:55:36 | INFO | ✅ Grille extraite: shape=(64, 64), unique_colors=10
2026-06-12 02:55:36 | INFO | 🧠 Features: densité=0.994, sym_h=0.895, sym_v=0.450, clusters=32
2026-06-12 02:55:36 | INFO | 🎯 Action choisie: 1
2026-06-12 02:55:36 | INFO | 📥 Résultat: GameState.NOT_FINISHED
2026-06-12 02:55:36 | INFO | 
--- Action 98/100 ---
2026-06-12 02:55:36 | INFO | État: GameState.NOT_FINISHED
2026-06-12 02:55:36 | INFO | Niveaux complétés: 0/8
2026-06-12 02:55:36 | INFO | ✅ Grille extraite: shape=(64, 64), unique_colors=10
2026-06-12 02:55:36 | INFO | 🧠 Features: densité=0.994, sym_h=0.895, sym_v=0.442, clusters=32
2026-06-12 02:55:36 | INFO | 🎯 Action choisie: 2
2026-06-12 02:55:36 | INFO | 📥 Résultat: GameState.NOT_FINISHED
2026-06-12 02:55:36 | INFO | 
--- Action 99/100 ---
2026-06-12 02:55:36 | INFO | État: GameState.NOT_FINISHED
2026-06-12 02:55:36 | INFO | Niveaux complétés: 0/8
2026-06-12 02:55:36 | INFO | ✅ Grille extraite: shape=(64, 64), unique_colors=10
2026-06-12 02:55:36 | INFO | 🧠 Features: densité=0.994, sym_h=0.895, sym_v=0.442, clusters=32
2026-06-12 02:55:36 | INFO | 🎯 Action choisie: 4
2026-06-12 02:55:36 | INFO | 📥 Résultat: GameState.NOT_FINISHED
2026-06-12 02:55:36 | INFO | 
--- Action 100/100 ---
2026-06-12 02:55:36 | INFO | État: GameState.NOT_FINISHED
2026-06-12 02:55:36 | INFO | Niveaux complétés: 0/8
2026-06-12 02:55:36 | INFO | ✅ Grille extraite: shape=(64, 64), unique_colors=10
2026-06-12 02:55:36 | INFO | 🧠 Features: densité=0.994, sym_h=0.894, sym_v=0.450, clusters=32
2026-06-12 02:55:36 | INFO | 🎯 Action choisie: 4
2026-06-12 02:55:36 | INFO | 📥 Résultat: GameState.NOT_FINISHED
🎮 Test 1/10: sk48-d8078:   0%|          | 0/10 [00:05<?, ?jeu/s]
[ARC Agent V2] 🧠 Exploitation: action 4
[ARC Agent V2] 🧠 Exploitation: action 6
[ARC Agent V2] 🧠 Exploitation: action 7
[ARC Agent V2] 🧠 Exploitation: action 2
[ARC Agent V2] 🧠 Exploitation: action 6
[ARC Agent V2] 🎲 Exploration: action 7
[ARC Agent V2] 🧠 Exploitation: action 3
[ARC Agent V2] 🧠 Exploitation: action 2
[ARC Agent V2] 🧠 Exploitation: action 2
[ARC Agent V2] 🧠 Exploitation: action 3
[ARC Agent V2] 🧠 Exploitation: action 1
[ARC Agent V2] 🧠 Exploitation: action 3
[ARC Agent V2] 🧠 Exploitation: action 2
[ARC Agent V2] 🧠 Exploitation: action 4
[ARC Agent V2] 🧠 Exploitation: action 3
[ARC Agent V2] 🧠 Exploitation: action 3
[ARC Agent V2] 🧠 Exploitation: action 2
[ARC Agent V2] 🧠 Exploitation: action 6
[ARC Agent V2] 🎲 Exploration: action 6
[ARC Agent V2] 🧠 Exploitation: action 7
[ARC Agent V2] 🧠 Exploitation: action 4
[ARC Agent V2] 🧠 Exploitation: action 7
[ARC Agent V2] 🧠 Exploitation: action 2
[ARC Agent V2] 🧠 Exploitation: action 1
[ARC Agent V2] 🧠 Exploitation: action 7
[ARC Agent V2] 🎲 Exploration: action 7
[ARC Agent V2] 🧠 Exploitation: action 1
[ARC Agent V2] 🎲 Exploration: action 4
[ARC Agent V2] 🧠 Exploitation: action 2
[ARC Agent V2] 🧠 Exploitation: action 2
[ARC Agent V2] 🧠 Exploitation: action 2
[ARC Agent V2] 🧠 Exploitation: action 7
[ARC Agent V2] 🧠 Exploitation: action 7
[ARC Agent V2] 🧠 Exploitation: action 7
[ARC Agent V2] 🧠 Exploitation: action 3
[ARC Agent V2] 🎲 Exploration: action 7
[ARC Agent V2] 🧠 Exploitation: action 1
[ARC Agent V2] 🧠 Exploitation: action 4
[ARC Agent V2] 🧠 Exploitation: action 4
[ARC Agent V2] 🧠 Exploitation: action 1
[ARC Agent V2] 🧠 Exploitation: action 3
[ARC Agent V2] 🧠 Exploitation: action 3
[ARC Agent V2] 🧠 Exploitation: action 2
[ARC Agent V2] 🧠 Exploitation: action 2
[ARC Agent V2] 🧠 Exploitation: action 6
[ARC Agent V2] 🧠 Exploitation: action 4
[ARC Agent V2] 🧠 Exploitation: action 1
[ARC Agent V2] 🧠 Exploitation: action 4
[ARC Agent V2] 🎲 Exploration: action 1
[ARC Agent V2] 🧠 Exploitation: action 6
[ARC Agent V2] 🧠 Exploitation: action 3
[ARC Agent V2] 🎲 Exploration: action 2
[ARC Agent V2] 🧠 Exploitation: action 1
[ARC Agent V2] 🎲 Exploration: action 7
[ARC Agent V2] 🎲 Exploration: action 4
[ARC Agent V2] 🧠 Exploitation: action 2
[ARC Agent V2] 🧠 Exploitation: action 6
[ARC Agent V2] 🎲 Exploration: action 6
[ARC Agent V2] 🧠 Exploitation: action 7
[ARC Agent V2] 🎲 Exploration: action 4
[ARC Agent V2] 🎲 Exploration: action 1
[ARC Agent V2] 🧠 Exploitation: action 2
[ARC Agent V2] 🧠 Exploitation: action 7
[ARC Agent V2] 🧠 Exploitation: action 1
[ARC Agent V2] 🧠 Exploitation: action 2
[ARC Agent V2] 🧠 Exploitation: action 6
[ARC Agent V2] 🧠 Exploitation: action 4
[ARC Agent V2] 🧠 Exploitation: action 6
[ARC Agent V2] 🧠 Exploitation: action 2
[ARC Agent V2] 🧠 Exploitation: action 6
[ARC Agent V2] 🧠 Exploitation: action 6
[ARC Agent V2] 🧠 Exploitation: action 7
[ARC Agent V2] 🧠 Exploitation: action 2
[ARC Agent V2] 🧠 Exploitation: action 1
[ARC Agent V2] 🧠 Exploitation: action 2
[ARC Agent V2] 🧠 Exploitation: action 1
[ARC Agent V2] 🧠 Exploitation: action 7
[ARC Agent V2] 🧠 Exploitation: action 6
[ARC Agent V2] 🧠 Exploitation: action 4
[ARC Agent V2] 🧠 Exploitation: action 4
[ARC Agent V2] 🧠 Exploitation: action 3
[ARC Agent V2] 🧠 Exploitation: action 7
[ARC Agent V2] 🧠 Exploitation: action 6
[ARC Agent V2] 🧠 Exploitation: action 4
[ARC Agent V2] 🧠 Exploitation: action 2
[ARC Agent V2] 🧠 Exploitation: action 7
[ARC Agent V2] 🧠 Exploitation: action 1
[ARC Agent V2] 🧠 Exploitation: action 2
[ARC Agent V2] 🧠 Exploitation: action 6
[ARC Agent V2] 🎲 Exploration: action 2
[ARC Agent V2] 🧠 Exploitation: action 2
[ARC Agent V2] 🧠 Exploitation: action 1
[ARC Agent V2] 🧠 Exploitation: action 7
[ARC Agent V2] 🧠 Exploitation: action 4
[ARC Agent V2] 🧠 Exploitation: action 6
[ARC Agent V2] 🧠 Exploitation: action 4
[ARC Agent V2] 🧠 Exploitation: action 1
[ARC Agent V2] 🧠 Exploitation: action 2
[ARC Agent V2] 🧠 Exploitation: action 4
[ARC Agent V2] 🧠 Exploitation: action 4
[ARC Agent V2] ✗ Échec. Exploration rate augmenté à 0.210
Traceback (most recent call last):
  File "/home/lvx/LVX/lumvorax2/src/MAGEN/tests/test_magen_v2_intelligent.py", line 326, in <module>
    sys.exit(main())
             ^^^^^^
  File "/home/lvx/LVX/lumvorax2/src/MAGEN/tests/test_magen_v2_intelligent.py", line 271, in main
    result = runner.run_game(game_id, max_actions=args.max_actions)
             ^^^^^^^^^^^^^^^^^^^^^^^^^^^^^^^^^^^^^^^^^^^^^^^^^^^^^^
  File "/home/lvx/LVX/lumvorax2/src/MAGEN/tests/test_magen_v2_intelligent.py", line 190, in run_game
    self.forensic_logger.save()
    ^^^^^^^^^^^^^^^^^^^^^^^^^
AttributeError: 'SimpleLogger' object has no attribute 'save'
