2026-06-12 10:31:04 | INFO | 
================================================================================
2026-06-12 10:31:04 | INFO | 🧠 MAGEN V3 ENHANCED - LOOP 2
2026-06-12 10:31:04 | INFO | CognitiveLogger + ActionPlanner + LumVorax Forensic
2026-06-12 10:31:04 | INFO | ================================================================================

2026-06-12 10:31:04 | INFO | ================================================================================
2026-06-12 10:31:04 | INFO | 🚀 MAGEN V3 ENHANCED - LOOP 2
2026-06-12 10:31:04 | INFO | ================================================================================
2026-06-12 10:31:04 | INFO | Configuration:
2026-06-12 10:31:04 | INFO |   - Jeux à tester: 5
2026-06-12 10:31:04 | INFO |   - Max actions/jeu: 200
2026-06-12 10:31:04 | INFO |   - CognitiveLogger: ✅ ACTIVÉ
2026-06-12 10:31:04 | INFO |   - ActionPlanner: ✅ ACTIVÉ
2026-06-12 10:31:04 | INFO |   - LumVorax Forensic: ✅ ACTIVÉ
2026-06-12 10:31:04 | INFO | ================================================================================
2026-06-12 10:31:04 | INFO | ✅ LumVorax Logger initialisé
2026-06-12 10:31:04 | INFO | 
================================================================================
2026-06-12 10:31:04 | INFO | 🎮 DÉBUT TESTS - 5 JEUX
2026-06-12 10:31:04 | INFO | ================================================================================

[LumVorax] Binary log: /home/lvx/LVX/lumvorax2/src/MAGEN/logs/forensic/magen_forensic_20260612_103104.lum
[LumVorax] JSON log: /home/lvx/LVX/lumvorax2/src/MAGEN/logs/forensic/magen_forensic_20260612_103104.json
[LumVorax] Logger forensique initialisé
[LumVorax] Logs: /home/lvx/LVX/lumvorax2/src/MAGEN/logs/forensic
[LumVorax] Binary: True, JSON: True
[LumVorax] Secret key: fcbbfd43fa6a188e...
[MAGEN] Système mémoire initialisé
[MAGEN] Court terme: 50 expériences
[MAGEN] Moyen terme: 200 patterns
[MAGEN] Long terme: success_rate > 0.7
[MAGEN] Logs: /home/lvx/LVX/lumvorax2/src/MAGEN/data
[ARC Perception] Initialisé (max_size=64x64)
[ARC Agent V3] 🧠 Initialisé (COGNITIVE)
[ARC Agent V3] Exploration rate: 0.05
[ARC Agent V3] Max actions/level: 200
[ARC Agent V3] Modules: RuleExtractor + HypothesisTester
INFO:arc_agi.scorecard:Initialized ScorecardManager with idle_for=0:15:00 and max_open_for=3 days, 0:00:00
2026-06-12 10:31:05 | INFO | Got anonymous API key: 040dfcbe-aec6-44d7-8b4f-9c78dbafd8e0
2026-06-12 10:31:05 | INFO | Got anonymous API key: 040dfcbe-aec6-44d7-8b4f-9c78dbafd8e0
2026-06-12 10:31:05 | INFO | You can register for an API key at https://three.arcprize.org
2026-06-12 10:31:05 | INFO | You can register for an API key at https://three.arcprize.org
2026-06-12 10:31:05 | INFO | Successfully fetched 25 environment(s) from API
2026-06-12 10:31:05 | INFO | Successfully fetched 25 environment(s) from API
2026-06-12 10:31:05 | INFO | 📋 5 jeux sélectionnés
2026-06-12 10:31:05 | INFO | 
================================================================================
2026-06-12 10:31:05 | INFO | 🎮 JEU 1/5: bp35-0a0ad940
2026-06-12 10:31:05 | INFO | ================================================================================
2026-06-12 10:31:05 | INFO | Created new scorecard: 6dcd1310-233a-413b-86e9-d80e4228358c
2026-06-12 10:31:05 | INFO | Created new scorecard: 6dcd1310-233a-413b-86e9-d80e4228358c
2026-06-12 10:31:06 | INFO | Successfully fetched metadata for game bp35
2026-06-12 10:31:06 | INFO | Successfully fetched metadata for game bp35
2026-06-12 10:31:06 | INFO | Successfully loaded game class Bp35 from environment_files/bp35/0a0ad940/bp35.py
2026-06-12 10:31:06 | INFO | Successfully loaded game class Bp35 from environment_files/bp35/0a0ad940/bp35.py
2026-06-12 10:31:06 | INFO | ⚠️ Pas de training pairs disponibles
2026-06-12 10:31:06 | INFO | 🎯 Grille initiale: (2, 64, 64)
2026-06-12 10:31:06 | ERROR | ❌ ERREUR JEU 1: 2 is not a valid GameAction
Traceback (most recent call last):
  File "/home/lvx/LVX/lumvorax2/src/MAGEN/run_loop2_v3_enhanced.py", line 213, in run_loop2_v3_enhanced
    action = GameAction(action_id)
             ^^^^^^^^^^^^^^^^^^^^^
  File "/usr/lib/python3.12/enum.py", line 757, in __call__
    return cls.__new__(cls, value)
           ^^^^^^^^^^^^^^^^^^^^^^^
  File "/usr/lib/python3.12/enum.py", line 1171, in __new__
    raise ve_exc
ValueError: 2 is not a valid GameAction
2026-06-12 10:31:06 | INFO | 
================================================================================
2026-06-12 10:31:06 | INFO | 🎮 JEU 2/5: wa30-ee6fe8c0
2026-06-12 10:31:06 | INFO | ================================================================================
[ARC Agent V3] 📝 CognitiveLogger activé: /home/lvx/LVX/lumvorax2/src/MAGEN/logs/cognitive/cognitive_trace_bp35-0a0ad940_1781253066479141888.json

[ARC Agent V3] 🎮 Nouveau jeu: bp35-0a0ad940
[ARC Agent V3] Tentative #1
[ARC Agent V3] 📊 Exploitation features: action 2
2026-06-12 10:31:07 | INFO | Successfully fetched metadata for game wa30
2026-06-12 10:31:07 | INFO | Successfully fetched metadata for game wa30
2026-06-12 10:31:07 | ERROR | Failed to download game wa30 from API: 404 Client Error: Not Found for url: https://three.arcprize.org/api/games/wa30-ee6fe8c0/source
Traceback (most recent call last):
  File "/home/lvx/LVX/lumvorax2/src/MAGEN/venv/lib/python3.12/site-packages/arc_agi/base.py", line 1045, in _download_game
    source_response.raise_for_status()
  File "/home/lvx/LVX/lumvorax2/src/MAGEN/venv/lib/python3.12/site-packages/requests/models.py", line 1028, in raise_for_status
    raise HTTPError(http_error_msg, response=self)
requests.exceptions.HTTPError: 404 Client Error: Not Found for url: https://three.arcprize.org/api/games/wa30-ee6fe8c0/source
2026-06-12 10:31:07 | ERROR | Failed to download game wa30 from API: 404 Client Error: Not Found for url: https://three.arcprize.org/api/games/wa30-ee6fe8c0/source
Traceback (most recent call last):
  File "/home/lvx/LVX/lumvorax2/src/MAGEN/venv/lib/python3.12/site-packages/arc_agi/base.py", line 1045, in _download_game
    source_response.raise_for_status()
  File "/home/lvx/LVX/lumvorax2/src/MAGEN/venv/lib/python3.12/site-packages/requests/models.py", line 1028, in raise_for_status
    raise HTTPError(http_error_msg, response=self)
requests.exceptions.HTTPError: 404 Client Error: Not Found for url: https://three.arcprize.org/api/games/wa30-ee6fe8c0/source
2026-06-12 10:31:07 | INFO | ⚠️ Pas de training pairs disponibles
2026-06-12 10:31:07 | ERROR | ❌ ERREUR JEU 2: 'NoneType' object has no attribute 'reset'
Traceback (most recent call last):
  File "/home/lvx/LVX/lumvorax2/src/MAGEN/run_loop2_v3_enhanced.py", line 184, in run_loop2_v3_enhanced
    obs = env.reset()
          ^^^^^^^^^
AttributeError: 'NoneType' object has no attribute 'reset'
2026-06-12 10:31:07 | INFO | 
================================================================================
2026-06-12 10:31:07 | INFO | 🎮 JEU 3/5: bp35-0a0ad940
2026-06-12 10:31:07 | INFO | ================================================================================
[ARC Agent V3] 📝 CognitiveLogger activé: /home/lvx/LVX/lumvorax2/src/MAGEN/logs/cognitive/cognitive_trace_wa30-ee6fe8c0_1781253067469916151.json

[ARC Agent V3] 🎮 Nouveau jeu: wa30-ee6fe8c0
[ARC Agent V3] Tentative #1
2026-06-12 10:31:07 | INFO | Successfully fetched metadata for game bp35
2026-06-12 10:31:07 | INFO | Successfully fetched metadata for game bp35
2026-06-12 10:31:07 | INFO | ⚠️ Pas de training pairs disponibles
2026-06-12 10:31:07 | INFO | 🎯 Grille initiale: (2, 64, 64)
2026-06-12 10:31:07 | ERROR | ❌ ERREUR JEU 3: 2 is not a valid GameAction
Traceback (most recent call last):
  File "/home/lvx/LVX/lumvorax2/src/MAGEN/run_loop2_v3_enhanced.py", line 213, in run_loop2_v3_enhanced
    action = GameAction(action_id)
             ^^^^^^^^^^^^^^^^^^^^^
  File "/usr/lib/python3.12/enum.py", line 757, in __call__
    return cls.__new__(cls, value)
           ^^^^^^^^^^^^^^^^^^^^^^^
  File "/usr/lib/python3.12/enum.py", line 1171, in __new__
    raise ve_exc
ValueError: 2 is not a valid GameAction
2026-06-12 10:31:07 | INFO | 
================================================================================
2026-06-12 10:31:07 | INFO | 🎮 JEU 4/5: wa30-ee6fe8c0
2026-06-12 10:31:07 | INFO | ================================================================================
[ARC Agent V3] 📝 CognitiveLogger activé: /home/lvx/LVX/lumvorax2/src/MAGEN/logs/cognitive/cognitive_trace_bp35-0a0ad940_1781253067794915639.json

[ARC Agent V3] 🎮 Nouveau jeu: bp35-0a0ad940
[ARC Agent V3] Tentative #2
[ARC Agent V3] 📊 Exploitation features: action 2
2026-06-12 10:31:08 | INFO | Successfully fetched metadata for game wa30
2026-06-12 10:31:08 | INFO | Successfully fetched metadata for game wa30
2026-06-12 10:31:08 | ERROR | Failed to download game wa30 from API: 404 Client Error: Not Found for url: https://three.arcprize.org/api/games/wa30-ee6fe8c0/source
Traceback (most recent call last):
  File "/home/lvx/LVX/lumvorax2/src/MAGEN/venv/lib/python3.12/site-packages/arc_agi/base.py", line 1045, in _download_game
    source_response.raise_for_status()
  File "/home/lvx/LVX/lumvorax2/src/MAGEN/venv/lib/python3.12/site-packages/requests/models.py", line 1028, in raise_for_status
    raise HTTPError(http_error_msg, response=self)
requests.exceptions.HTTPError: 404 Client Error: Not Found for url: https://three.arcprize.org/api/games/wa30-ee6fe8c0/source
2026-06-12 10:31:08 | ERROR | Failed to download game wa30 from API: 404 Client Error: Not Found for url: https://three.arcprize.org/api/games/wa30-ee6fe8c0/source
Traceback (most recent call last):
  File "/home/lvx/LVX/lumvorax2/src/MAGEN/venv/lib/python3.12/site-packages/arc_agi/base.py", line 1045, in _download_game
    source_response.raise_for_status()
  File "/home/lvx/LVX/lumvorax2/src/MAGEN/venv/lib/python3.12/site-packages/requests/models.py", line 1028, in raise_for_status
    raise HTTPError(http_error_msg, response=self)
requests.exceptions.HTTPError: 404 Client Error: Not Found for url: https://three.arcprize.org/api/games/wa30-ee6fe8c0/source
2026-06-12 10:31:08 | INFO | ⚠️ Pas de training pairs disponibles
2026-06-12 10:31:08 | ERROR | ❌ ERREUR JEU 4: 'NoneType' object has no attribute 'reset'
Traceback (most recent call last):
  File "/home/lvx/LVX/lumvorax2/src/MAGEN/run_loop2_v3_enhanced.py", line 184, in run_loop2_v3_enhanced
    obs = env.reset()
          ^^^^^^^^^
AttributeError: 'NoneType' object has no attribute 'reset'
2026-06-12 10:31:08 | INFO | 
================================================================================
2026-06-12 10:31:08 | INFO | 🎮 JEU 5/5: bp35-0a0ad940
2026-06-12 10:31:08 | INFO | ================================================================================
[ARC Agent V3] 📝 CognitiveLogger activé: /home/lvx/LVX/lumvorax2/src/MAGEN/logs/cognitive/cognitive_trace_wa30-ee6fe8c0_1781253068473381507.json

[ARC Agent V3] 🎮 Nouveau jeu: wa30-ee6fe8c0
[ARC Agent V3] Tentative #2
2026-06-12 10:31:08 | INFO | Successfully fetched metadata for game bp35
2026-06-12 10:31:08 | INFO | Successfully fetched metadata for game bp35
2026-06-12 10:31:08 | INFO | ⚠️ Pas de training pairs disponibles
2026-06-12 10:31:08 | INFO | 🎯 Grille initiale: (2, 64, 64)
2026-06-12 10:31:08 | ERROR | ❌ ERREUR JEU 5: 2 is not a valid GameAction
Traceback (most recent call last):
  File "/home/lvx/LVX/lumvorax2/src/MAGEN/run_loop2_v3_enhanced.py", line 213, in run_loop2_v3_enhanced
    action = GameAction(action_id)
             ^^^^^^^^^^^^^^^^^^^^^
  File "/usr/lib/python3.12/enum.py", line 757, in __call__
    return cls.__new__(cls, value)
           ^^^^^^^^^^^^^^^^^^^^^^^
  File "/usr/lib/python3.12/enum.py", line 1171, in __new__
    raise ve_exc
ValueError: 2 is not a valid GameAction
2026-06-12 10:31:08 | INFO | 
================================================================================
2026-06-12 10:31:08 | INFO | 📊 STATISTIQUES FINALES LOOP 2
2026-06-12 10:31:08 | INFO | ================================================================================
2026-06-12 10:31:08 | INFO |   Jeux testés: 5
2026-06-12 10:31:08 | INFO |   Succès: 0 (0.0%)
2026-06-12 10:31:08 | INFO |   Échecs: 5
2026-06-12 10:31:08 | INFO |   Actions totales: 0
2026-06-12 10:31:08 | INFO |   Actions moyennes: 0.0
2026-06-12 10:31:08 | INFO | ================================================================================
2026-06-12 10:31:08 | INFO | 
📈 STATISTIQUES AGENT V3 ENHANCED
2026-06-12 10:31:08 | INFO | ================================================================================
2026-06-12 10:31:08 | INFO |   total_actions: 3
2026-06-12 10:31:08 | INFO |   successful_levels: 0
2026-06-12 10:31:08 | INFO |   failed_levels: 0
2026-06-12 10:31:08 | INFO |   total_levels: 0
2026-06-12 10:31:08 | INFO |   success_rate: 0.0
2026-06-12 10:31:08 | INFO |   avg_actions_per_level: 0.0
2026-06-12 10:31:08 | INFO |   exploration_rate: 0.05
2026-06-12 10:31:08 | INFO |   patterns_used: 0
2026-06-12 10:31:08 | INFO |   patterns_successful: 0
2026-06-12 10:31:08 | INFO |   pattern_success_rate: 0.0
2026-06-12 10:31:08 | INFO |   unique_games_learned: 2
2026-06-12 10:31:08 | INFO |   total_patterns_learned: 0
2026-06-12 10:31:08 | INFO | ================================================================================
2026-06-12 10:31:08 | INFO | 
💾 Résultats sauvegardés: /home/lvx/LVX/lumvorax2/src/MAGEN/logs/loop2_results_20260612_103104.json
2026-06-12 10:31:08 | INFO | 🔒 Logs forensiques LumVorax: /home/lvx/LVX/lumvorax2/src/MAGEN/logs/forensic
2026-06-12 10:31:08 | INFO | ================================================================================

2026-06-12 10:31:08 | INFO | 
================================================================================
2026-06-12 10:31:08 | INFO | ✅ LOOP 2 TERMINÉ
2026-06-12 10:31:08 | INFO | ================================================================================
2026-06-12 10:31:08 | INFO | Succès: 0/5
2026-06-12 10:31:08 | INFO | Taux de succès: 0.0%
2026-06-12 10:31:08 | INFO | 
⚠️ Aucun succès - Analyse forensique requise pour LOOP 3
2026-06-12 10:31:08 | INFO | ================================================================================

[ARC Agent V3] 📝 CognitiveLogger activé: /home/lvx/LVX/lumvorax2/src/MAGEN/logs/cognitive/cognitive_trace_bp35-0a0ad940_1781253068819949233.json

[ARC Agent V3] 🎮 Nouveau jeu: bp35-0a0ad940
[ARC Agent V3] Tentative #3
[ARC Agent V3] 📊 Exploitation features: action 2
