2026-06-12 10:40:36 | INFO | 
================================================================================
2026-06-12 10:40:36 | INFO | 🧠 MAGEN V3 ENHANCED - LOOP 2
2026-06-12 10:40:36 | INFO | CognitiveLogger + ActionPlanner + LumVorax Forensic
2026-06-12 10:40:36 | INFO | ================================================================================

2026-06-12 10:40:36 | INFO | ================================================================================
2026-06-12 10:40:36 | INFO | 🚀 MAGEN V3 ENHANCED - LOOP 2
2026-06-12 10:40:36 | INFO | ================================================================================
2026-06-12 10:40:36 | INFO | Configuration:
2026-06-12 10:40:36 | INFO |   - Jeux à tester: 5
2026-06-12 10:40:36 | INFO |   - Max actions/jeu: 200
2026-06-12 10:40:36 | INFO |   - CognitiveLogger: ✅ ACTIVÉ
2026-06-12 10:40:36 | INFO |   - ActionPlanner: ✅ ACTIVÉ
2026-06-12 10:40:36 | INFO |   - LumVorax Forensic: ✅ ACTIVÉ
2026-06-12 10:40:36 | INFO | ================================================================================
2026-06-12 10:40:36 | INFO | ✅ LumVorax Logger initialisé
2026-06-12 10:40:36 | INFO | 
================================================================================
2026-06-12 10:40:36 | INFO | 🎮 DÉBUT TESTS - 5 JEUX
2026-06-12 10:40:36 | INFO | ================================================================================

[LumVorax] Binary log: /home/lvx/LVX/lumvorax2/src/MAGEN/logs/forensic/magen_forensic_20260612_104036.lum
[LumVorax] JSON log: /home/lvx/LVX/lumvorax2/src/MAGEN/logs/forensic/magen_forensic_20260612_104036.json
[LumVorax] Logger forensique initialisé
[LumVorax] Logs: /home/lvx/LVX/lumvorax2/src/MAGEN/logs/forensic
[LumVorax] Binary: True, JSON: True
[LumVorax] Secret key: 77a1239e4c9778e6...
[MAGEN] Système mémoire initialisé
[MAGEN] Court terme: 50 expériences
[MAGEN] Moyen terme: 200 patterns
[MAGEN] Long terme: success_rate > 0.7
[MAGEN] Logs: /home/lvx/LVX/lumvorax2/src/MAGEN/data
[ARC Perception] Initialisé (max_size=64x64)
[ARC Agent V3] 🧠 Initialisé (COGNITIVE)
[ARC Agent V3] Exploration rate: 0.05
[ARC Agent V3] Max actions/level: 200
[ARC Agent V3] Modules: RuleExtractor + HypothesisTester
INFO:arc_agi.scorecard:Initialized ScorecardManager with idle_for=0:15:00 and max_open_for=3 days, 0:00:00
2026-06-12 10:40:37 | INFO | Got anonymous API key: cadff056-ff34-4ac6-94b2-89c9c3076d80
2026-06-12 10:40:37 | INFO | Got anonymous API key: cadff056-ff34-4ac6-94b2-89c9c3076d80
2026-06-12 10:40:37 | INFO | You can register for an API key at https://three.arcprize.org
2026-06-12 10:40:37 | INFO | You can register for an API key at https://three.arcprize.org
2026-06-12 10:40:37 | INFO | Successfully fetched 25 environment(s) from API
2026-06-12 10:40:37 | INFO | Successfully fetched 25 environment(s) from API
2026-06-12 10:40:37 | INFO | 📋 5 jeux sélectionnés
2026-06-12 10:40:37 | INFO | 
================================================================================
2026-06-12 10:40:37 | INFO | 🎮 JEU 1/5: bp35-0a0ad940
2026-06-12 10:40:37 | INFO | ================================================================================
2026-06-12 10:40:37 | INFO | Created new scorecard: aefdfae1-eee1-4e27-919a-356a7fae488a
2026-06-12 10:40:37 | INFO | Created new scorecard: aefdfae1-eee1-4e27-919a-356a7fae488a
2026-06-12 10:40:38 | INFO | Successfully fetched metadata for game bp35
2026-06-12 10:40:38 | INFO | Successfully fetched metadata for game bp35
2026-06-12 10:40:38 | INFO | Successfully loaded game class Bp35 from environment_files/bp35/0a0ad940/bp35.py
2026-06-12 10:40:38 | INFO | Successfully loaded game class Bp35 from environment_files/bp35/0a0ad940/bp35.py
2026-06-12 10:40:38 | INFO | ⚠️ Pas de training pairs disponibles
2026-06-12 10:40:38 | INFO | 🎯 Grille initiale: (64, 64)
2026-06-12 10:40:39 | INFO | 📝 Résultat jeu enregistré: {'game_id': 'bp35-0a0ad940', 'game_index': 0, 'success': False, 'actions_taken': 16, 'reward': 0.0}
2026-06-12 10:40:39 | INFO | 
📊 Cognitive Summary:
2026-06-12 10:40:39 | INFO |    Total events: 0
2026-06-12 10:40:39 | INFO |    Duration: 721.12ms
2026-06-12 10:40:39 | INFO |    Reasoning captured: 0.0%
2026-06-12 10:40:39 | INFO | 
================================================================================
2026-06-12 10:40:39 | INFO | 📊 RÉSULTAT JEU 1
2026-06-12 10:40:39 | INFO | ================================================================================
2026-06-12 10:40:39 | INFO |   Succès: ❌ NON
2026-06-12 10:40:39 | INFO |   Actions: 16/200
2026-06-12 10:40:39 | INFO | ================================================================================
2026-06-12 10:40:39 | INFO | 
================================================================================
2026-06-12 10:40:39 | INFO | 🎮 JEU 2/5: bp35-0a0ad940
2026-06-12 10:40:39 | INFO | ================================================================================
[ARC Agent V3] 📝 CognitiveLogger activé: /home/lvx/LVX/lumvorax2/src/MAGEN/logs/cognitive/cognitive_trace_bp35-0a0ad940_1781253638504161427.json

[ARC Agent V3] 🎮 Nouveau jeu: bp35-0a0ad940
[ARC Agent V3] Tentative #1
[ARC Agent V3] 📊 Exploitation features: action 0
[ARC Agent V3] 🎲 Exploration: action 1
[ARC Agent V3] 📊 Exploitation features: action 0
[ARC Agent V3] 📊 Exploitation features: action 0
[ARC Agent V3] 📊 Exploitation features: action 0
[ARC Agent V3] 📊 Exploitation features: action 1
[ARC Agent V3] 📊 Exploitation features: action 1
[ARC Agent V3] 📊 Exploitation features: action 0
[ARC Agent V3] 📊 Exploitation features: action 1
[ARC Agent V3] 📊 Exploitation features: action 0
[ARC Agent V3] 📊 Exploitation features: action 1
[ARC Agent V3] 📊 Exploitation features: action 0
[ARC Agent V3] 📊 Exploitation features: action 1
[ARC Agent V3] 📊 Exploitation features: action 0
[ARC Agent V3] 📊 Exploitation features: action 1
[ARC Agent V3] 📊 Exploitation features: action 1
[ARC Agent V3] ❌ Niveau échoué après 16 actions
2026-06-12 10:40:39 | INFO | Successfully fetched metadata for game bp35
2026-06-12 10:40:39 | INFO | Successfully fetched metadata for game bp35
2026-06-12 10:40:39 | INFO | ⚠️ Pas de training pairs disponibles
2026-06-12 10:40:39 | INFO | 🎯 Grille initiale: (64, 64)
[ARC Agent V3] 📝 CognitiveLogger activé: /home/lvx/LVX/lumvorax2/src/MAGEN/logs/cognitive/cognitive_trace_bp35-0a0ad940_1781253639536161370.json

[ARC Agent V3] 🎮 Nouveau jeu: bp35-0a0ad940
[ARC Agent V3] Tentative #2
[ARC Agent V3] 📊 Exploitation features: action 2
2026-06-12 10:40:39 | ERROR | Error performing step with action ACTION6: 'x'
Traceback (most recent call last):
  File "/home/lvx/LVX/lumvorax2/src/MAGEN/venv/lib/python3.12/site-packages/arc_agi/local_wrapper.py", line 239, in step
    FrameDataRaw, self._game.perform_action(action_input, raw=True)
                  ^^^^^^^^^^^^^^^^^^^^^^^^^^^^^^^^^^^^^^^^^^^^^^^^^
  File "/home/lvx/LVX/lumvorax2/src/MAGEN/venv/lib/python3.12/site-packages/arcengine/base_game.py", line 231, in perform_action
    self.step()
  File "<string>", line 4504, in step
  File "<string>", line 4544, in urzvqcxbsz
KeyError: 'x'
2026-06-12 10:40:39 | ERROR | Error performing step with action ACTION6: 'x'
Traceback (most recent call last):
  File "/home/lvx/LVX/lumvorax2/src/MAGEN/venv/lib/python3.12/site-packages/arc_agi/local_wrapper.py", line 239, in step
    FrameDataRaw, self._game.perform_action(action_input, raw=True)
                  ^^^^^^^^^^^^^^^^^^^^^^^^^^^^^^^^^^^^^^^^^^^^^^^^^
  File "/home/lvx/LVX/lumvorax2/src/MAGEN/venv/lib/python3.12/site-packages/arcengine/base_game.py", line 231, in perform_action
    self.step()
  File "<string>", line 4504, in step
  File "<string>", line 4544, in urzvqcxbsz
KeyError: 'x'
2026-06-12 10:40:39 | ERROR | ❌ Erreur step: 'NoneType' object has no attribute 'frame'
2026-06-12 10:40:39 | INFO | 📝 Résultat jeu enregistré: {'game_id': 'bp35-0a0ad940', 'game_index': 1, 'success': False, 'actions_taken': 0, 'reward': 0.0}
2026-06-12 10:40:39 | INFO | 
📊 Cognitive Summary:
2026-06-12 10:40:39 | INFO |    Total events: 0
2026-06-12 10:40:39 | INFO |    Duration: 67.38ms
2026-06-12 10:40:39 | INFO |    Reasoning captured: 0.0%
2026-06-12 10:40:39 | INFO | 
================================================================================
2026-06-12 10:40:39 | INFO | 📊 RÉSULTAT JEU 2
2026-06-12 10:40:39 | INFO | ================================================================================
2026-06-12 10:40:39 | INFO |   Succès: ❌ NON
2026-06-12 10:40:39 | INFO |   Actions: 0/200
2026-06-12 10:40:39 | INFO | ================================================================================
2026-06-12 10:40:39 | INFO | 
================================================================================
2026-06-12 10:40:39 | INFO | 🎮 JEU 3/5: bp35-0a0ad940
2026-06-12 10:40:39 | INFO | ================================================================================
[ARC Agent V3] ❌ Niveau échoué après 0 actions
2026-06-12 10:40:39 | INFO | Successfully fetched metadata for game bp35
2026-06-12 10:40:39 | INFO | Successfully fetched metadata for game bp35
2026-06-12 10:40:40 | INFO | ⚠️ Pas de training pairs disponibles
2026-06-12 10:40:40 | INFO | 🎯 Grille initiale: (64, 64)
[ARC Agent V3] 📝 CognitiveLogger activé: /home/lvx/LVX/lumvorax2/src/MAGEN/logs/cognitive/cognitive_trace_bp35-0a0ad940_1781253640120837553.json

[ARC Agent V3] 🎮 Nouveau jeu: bp35-0a0ad940
[ARC Agent V3] Tentative #3
[ARC Agent V3] 📊 Exploitation features: action 2
2026-06-12 10:40:40 | ERROR | Error performing step with action ACTION6: 'x'
Traceback (most recent call last):
  File "/home/lvx/LVX/lumvorax2/src/MAGEN/venv/lib/python3.12/site-packages/arc_agi/local_wrapper.py", line 239, in step
    FrameDataRaw, self._game.perform_action(action_input, raw=True)
                  ^^^^^^^^^^^^^^^^^^^^^^^^^^^^^^^^^^^^^^^^^^^^^^^^^
  File "/home/lvx/LVX/lumvorax2/src/MAGEN/venv/lib/python3.12/site-packages/arcengine/base_game.py", line 231, in perform_action
    self.step()
  File "<string>", line 4504, in step
  File "<string>", line 4544, in urzvqcxbsz
KeyError: 'x'
2026-06-12 10:40:40 | ERROR | Error performing step with action ACTION6: 'x'
Traceback (most recent call last):
  File "/home/lvx/LVX/lumvorax2/src/MAGEN/venv/lib/python3.12/site-packages/arc_agi/local_wrapper.py", line 239, in step
    FrameDataRaw, self._game.perform_action(action_input, raw=True)
                  ^^^^^^^^^^^^^^^^^^^^^^^^^^^^^^^^^^^^^^^^^^^^^^^^^
  File "/home/lvx/LVX/lumvorax2/src/MAGEN/venv/lib/python3.12/site-packages/arcengine/base_game.py", line 231, in perform_action
    self.step()
  File "<string>", line 4504, in step
  File "<string>", line 4544, in urzvqcxbsz
KeyError: 'x'
2026-06-12 10:40:40 | ERROR | ❌ Erreur step: 'NoneType' object has no attribute 'frame'
2026-06-12 10:40:40 | INFO | 📝 Résultat jeu enregistré: {'game_id': 'bp35-0a0ad940', 'game_index': 2, 'success': False, 'actions_taken': 0, 'reward': 0.0}
2026-06-12 10:40:40 | INFO | 
📊 Cognitive Summary:
2026-06-12 10:40:40 | INFO |    Total events: 0
2026-06-12 10:40:40 | INFO |    Duration: 71.76ms
2026-06-12 10:40:40 | INFO |    Reasoning captured: 0.0%
2026-06-12 10:40:40 | INFO | 
================================================================================
2026-06-12 10:40:40 | INFO | 📊 RÉSULTAT JEU 3
2026-06-12 10:40:40 | INFO | ================================================================================
2026-06-12 10:40:40 | INFO |   Succès: ❌ NON
2026-06-12 10:40:40 | INFO |   Actions: 0/200
2026-06-12 10:40:40 | INFO | ================================================================================
2026-06-12 10:40:40 | INFO | 
================================================================================
2026-06-12 10:40:40 | INFO | 🎮 JEU 4/5: bp35-0a0ad940
2026-06-12 10:40:40 | INFO | ================================================================================
[ARC Agent V3] ❌ Niveau échoué après 0 actions
2026-06-12 10:40:40 | INFO | Successfully fetched metadata for game bp35
2026-06-12 10:40:40 | INFO | Successfully fetched metadata for game bp35
2026-06-12 10:40:40 | INFO | ⚠️ Pas de training pairs disponibles
2026-06-12 10:40:40 | INFO | 🎯 Grille initiale: (64, 64)
[ARC Agent V3] 📝 CognitiveLogger activé: /home/lvx/LVX/lumvorax2/src/MAGEN/logs/cognitive/cognitive_trace_bp35-0a0ad940_1781253640518872284.json

[ARC Agent V3] 🎮 Nouveau jeu: bp35-0a0ad940
[ARC Agent V3] Tentative #4
[ARC Agent V3] 📊 Exploitation features: action 1
[ARC Agent V3] 📊 Exploitation features: action 1
[ARC Agent V3] 📊 Exploitation features: action 2
2026-06-12 10:40:40 | ERROR | Error performing step with action ACTION6: 'x'
Traceback (most recent call last):
  File "/home/lvx/LVX/lumvorax2/src/MAGEN/venv/lib/python3.12/site-packages/arc_agi/local_wrapper.py", line 239, in step
    FrameDataRaw, self._game.perform_action(action_input, raw=True)
                  ^^^^^^^^^^^^^^^^^^^^^^^^^^^^^^^^^^^^^^^^^^^^^^^^^
  File "/home/lvx/LVX/lumvorax2/src/MAGEN/venv/lib/python3.12/site-packages/arcengine/base_game.py", line 231, in perform_action
    self.step()
  File "<string>", line 4504, in step
  File "<string>", line 4544, in urzvqcxbsz
KeyError: 'x'
2026-06-12 10:40:40 | ERROR | Error performing step with action ACTION6: 'x'
Traceback (most recent call last):
  File "/home/lvx/LVX/lumvorax2/src/MAGEN/venv/lib/python3.12/site-packages/arc_agi/local_wrapper.py", line 239, in step
    FrameDataRaw, self._game.perform_action(action_input, raw=True)
                  ^^^^^^^^^^^^^^^^^^^^^^^^^^^^^^^^^^^^^^^^^^^^^^^^^
  File "/home/lvx/LVX/lumvorax2/src/MAGEN/venv/lib/python3.12/site-packages/arcengine/base_game.py", line 231, in perform_action
    self.step()
  File "<string>", line 4504, in step
  File "<string>", line 4544, in urzvqcxbsz
KeyError: 'x'
2026-06-12 10:40:40 | ERROR | ❌ Erreur step: 'NoneType' object has no attribute 'frame'
2026-06-12 10:40:40 | INFO | 📝 Résultat jeu enregistré: {'game_id': 'bp35-0a0ad940', 'game_index': 3, 'success': False, 'actions_taken': 2, 'reward': 0.0}
2026-06-12 10:40:40 | INFO | 
📊 Cognitive Summary:
2026-06-12 10:40:40 | INFO |    Total events: 0
2026-06-12 10:40:40 | INFO |    Duration: 192.17ms
2026-06-12 10:40:40 | INFO |    Reasoning captured: 0.0%
2026-06-12 10:40:40 | INFO | 
================================================================================
2026-06-12 10:40:40 | INFO | 📊 RÉSULTAT JEU 4
2026-06-12 10:40:40 | INFO | ================================================================================
2026-06-12 10:40:40 | INFO |   Succès: ❌ NON
2026-06-12 10:40:40 | INFO |   Actions: 2/200
2026-06-12 10:40:40 | INFO | ================================================================================
2026-06-12 10:40:40 | INFO | 
================================================================================
2026-06-12 10:40:40 | INFO | 🎮 JEU 5/5: bp35-0a0ad940
2026-06-12 10:40:40 | INFO | ================================================================================
[ARC Agent V3] ❌ Niveau échoué après 2 actions
2026-06-12 10:40:40 | INFO | Successfully fetched metadata for game bp35
2026-06-12 10:40:40 | INFO | Successfully fetched metadata for game bp35
2026-06-12 10:40:41 | INFO | ⚠️ Pas de training pairs disponibles
2026-06-12 10:40:41 | INFO | 🎯 Grille initiale: (64, 64)
[ARC Agent V3] 📝 CognitiveLogger activé: /home/lvx/LVX/lumvorax2/src/MAGEN/logs/cognitive/cognitive_trace_bp35-0a0ad940_1781253641056799785.json

[ARC Agent V3] 🎮 Nouveau jeu: bp35-0a0ad940
[ARC Agent V3] Tentative #5
[ARC Agent V3] 📊 Exploitation features: action 0
[ARC Agent V3] 🎲 Exploration: action 1
[ARC Agent V3] 📊 Exploitation features: action 0
[ARC Agent V3] 📊 Exploitation features: action 2
2026-06-12 10:40:41 | ERROR | Error performing step with action ACTION6: 'x'
Traceback (most recent call last):
  File "/home/lvx/LVX/lumvorax2/src/MAGEN/venv/lib/python3.12/site-packages/arc_agi/local_wrapper.py", line 239, in step
    FrameDataRaw, self._game.perform_action(action_input, raw=True)
                  ^^^^^^^^^^^^^^^^^^^^^^^^^^^^^^^^^^^^^^^^^^^^^^^^^
  File "/home/lvx/LVX/lumvorax2/src/MAGEN/venv/lib/python3.12/site-packages/arcengine/base_game.py", line 231, in perform_action
    self.step()
  File "<string>", line 4504, in step
  File "<string>", line 4544, in urzvqcxbsz
KeyError: 'x'
2026-06-12 10:40:41 | ERROR | Error performing step with action ACTION6: 'x'
Traceback (most recent call last):
  File "/home/lvx/LVX/lumvorax2/src/MAGEN/venv/lib/python3.12/site-packages/arc_agi/local_wrapper.py", line 239, in step
    FrameDataRaw, self._game.perform_action(action_input, raw=True)
                  ^^^^^^^^^^^^^^^^^^^^^^^^^^^^^^^^^^^^^^^^^^^^^^^^^
  File "/home/lvx/LVX/lumvorax2/src/MAGEN/venv/lib/python3.12/site-packages/arcengine/base_game.py", line 231, in perform_action
    self.step()
  File "<string>", line 4504, in step
  File "<string>", line 4544, in urzvqcxbsz
KeyError: 'x'
2026-06-12 10:40:41 | ERROR | ❌ Erreur step: 'NoneType' object has no attribute 'frame'
2026-06-12 10:40:41 | INFO | 📝 Résultat jeu enregistré: {'game_id': 'bp35-0a0ad940', 'game_index': 4, 'success': False, 'actions_taken': 3, 'reward': 0.0}
2026-06-12 10:40:41 | INFO | 
📊 Cognitive Summary:
2026-06-12 10:40:41 | INFO |    Total events: 0
2026-06-12 10:40:41 | INFO |    Duration: 215.22ms
2026-06-12 10:40:41 | INFO |    Reasoning captured: 0.0%
2026-06-12 10:40:41 | INFO | 
================================================================================
2026-06-12 10:40:41 | INFO | 📊 RÉSULTAT JEU 5
2026-06-12 10:40:41 | INFO | ================================================================================
2026-06-12 10:40:41 | INFO |   Succès: ❌ NON
2026-06-12 10:40:41 | INFO |   Actions: 3/200
2026-06-12 10:40:41 | INFO | ================================================================================
2026-06-12 10:40:41 | INFO | 
================================================================================
2026-06-12 10:40:41 | INFO | 📊 STATISTIQUES FINALES LOOP 2
2026-06-12 10:40:41 | INFO | ================================================================================
2026-06-12 10:40:41 | INFO |   Jeux testés: 5
2026-06-12 10:40:41 | INFO |   Succès: 0 (0.0%)
2026-06-12 10:40:41 | INFO |   Échecs: 5
2026-06-12 10:40:41 | INFO |   Actions totales: 21
2026-06-12 10:40:41 | INFO |   Actions moyennes: 4.2
2026-06-12 10:40:41 | INFO | ================================================================================
2026-06-12 10:40:41 | INFO | 
📈 STATISTIQUES AGENT V3 ENHANCED
2026-06-12 10:40:41 | INFO | ================================================================================
2026-06-12 10:40:41 | INFO |   total_actions: 25
2026-06-12 10:40:41 | INFO |   successful_levels: 0
2026-06-12 10:40:41 | INFO |   failed_levels: 5
2026-06-12 10:40:41 | INFO |   total_levels: 5
2026-06-12 10:40:41 | INFO |   success_rate: 0.0
2026-06-12 10:40:41 | INFO |   avg_actions_per_level: 5.0
2026-06-12 10:40:41 | INFO |   exploration_rate: 0.05
2026-06-12 10:40:41 | INFO |   patterns_used: 0
2026-06-12 10:40:41 | INFO |   patterns_successful: 0
2026-06-12 10:40:41 | INFO |   pattern_success_rate: 0.0
2026-06-12 10:40:41 | INFO |   unique_games_learned: 1
2026-06-12 10:40:41 | INFO |   total_patterns_learned: 0
2026-06-12 10:40:41 | INFO | ================================================================================
2026-06-12 10:40:41 | INFO | 
💾 Résultats sauvegardés: /home/lvx/LVX/lumvorax2/src/MAGEN/logs/loop2_results_20260612_104036.json
2026-06-12 10:40:41 | INFO | 🔒 Logs forensiques LumVorax: /home/lvx/LVX/lumvorax2/src/MAGEN/logs/forensic
2026-06-12 10:40:41 | INFO | ================================================================================

2026-06-12 10:40:41 | INFO | 
================================================================================
2026-06-12 10:40:41 | INFO | ✅ LOOP 2 TERMINÉ
2026-06-12 10:40:41 | INFO | ================================================================================
2026-06-12 10:40:41 | INFO | Succès: 0/5
2026-06-12 10:40:41 | INFO | Taux de succès: 0.0%
2026-06-12 10:40:41 | INFO | 
⚠️ Aucun succès - Analyse forensique requise pour LOOP 3
2026-06-12 10:40:41 | INFO | ================================================================================

[ARC Agent V3] ❌ Niveau échoué après 3 actions
