2026-06-12 10:32:43 | INFO | 
================================================================================
2026-06-12 10:32:43 | INFO | 🧠 MAGEN V3 ENHANCED - LOOP 2
2026-06-12 10:32:43 | INFO | CognitiveLogger + ActionPlanner + LumVorax Forensic
2026-06-12 10:32:43 | INFO | ================================================================================

2026-06-12 10:32:43 | INFO | ================================================================================
2026-06-12 10:32:43 | INFO | 🚀 MAGEN V3 ENHANCED - LOOP 2
2026-06-12 10:32:43 | INFO | ================================================================================
2026-06-12 10:32:43 | INFO | Configuration:
2026-06-12 10:32:43 | INFO |   - Jeux à tester: 5
2026-06-12 10:32:43 | INFO |   - Max actions/jeu: 200
2026-06-12 10:32:43 | INFO |   - CognitiveLogger: ✅ ACTIVÉ
2026-06-12 10:32:43 | INFO |   - ActionPlanner: ✅ ACTIVÉ
2026-06-12 10:32:43 | INFO |   - LumVorax Forensic: ✅ ACTIVÉ
2026-06-12 10:32:43 | INFO | ================================================================================
2026-06-12 10:32:43 | INFO | ✅ LumVorax Logger initialisé
2026-06-12 10:32:43 | INFO | 
================================================================================
2026-06-12 10:32:43 | INFO | 🎮 DÉBUT TESTS - 5 JEUX
2026-06-12 10:32:43 | INFO | ================================================================================

[LumVorax] Binary log: /home/lvx/LVX/lumvorax2/src/MAGEN/logs/forensic/magen_forensic_20260612_103243.lum
[LumVorax] JSON log: /home/lvx/LVX/lumvorax2/src/MAGEN/logs/forensic/magen_forensic_20260612_103243.json
[LumVorax] Logger forensique initialisé
[LumVorax] Logs: /home/lvx/LVX/lumvorax2/src/MAGEN/logs/forensic
[LumVorax] Binary: True, JSON: True
[LumVorax] Secret key: 3dfbf4ac2d47c07b...
[MAGEN] Système mémoire initialisé
[MAGEN] Court terme: 50 expériences
[MAGEN] Moyen terme: 200 patterns
[MAGEN] Long terme: success_rate > 0.7
[MAGEN] Logs: /home/lvx/LVX/lumvorax2/src/MAGEN/data
[ARC Perception] Initialisé (max_size=64x64)
[ARC Agent V3] 🧠 Initialisé (COGNITIVE)
[ARC Agent V3] Exploration rate: 0.05
[ARC Agent V3] Max actions/level: 200
[ARC Agent V3] Modules: RuleExtractor + HypothesisTester
INFO:arc_agi.scorecard:Initialized ScorecardManager with idle_for=0:15:00 and max_open_for=3 days, 0:00:00
2026-06-12 10:32:43 | INFO | Got anonymous API key: 851700c2-5bab-4dd8-a144-380b778ab4e4
2026-06-12 10:32:43 | INFO | Got anonymous API key: 851700c2-5bab-4dd8-a144-380b778ab4e4
2026-06-12 10:32:43 | INFO | You can register for an API key at https://three.arcprize.org
2026-06-12 10:32:43 | INFO | You can register for an API key at https://three.arcprize.org
2026-06-12 10:32:44 | INFO | Successfully fetched 25 environment(s) from API
2026-06-12 10:32:44 | INFO | Successfully fetched 25 environment(s) from API
2026-06-12 10:32:44 | INFO | 📋 5 jeux sélectionnés
2026-06-12 10:32:44 | INFO | 
================================================================================
2026-06-12 10:32:44 | INFO | 🎮 JEU 1/5: bp35-0a0ad940
2026-06-12 10:32:44 | INFO | ================================================================================
2026-06-12 10:32:44 | INFO | Created new scorecard: 296da858-d790-45b1-abe8-506c8c07d8a7
2026-06-12 10:32:44 | INFO | Created new scorecard: 296da858-d790-45b1-abe8-506c8c07d8a7
2026-06-12 10:32:44 | INFO | Successfully fetched metadata for game bp35
2026-06-12 10:32:44 | INFO | Successfully fetched metadata for game bp35
2026-06-12 10:32:45 | INFO | Successfully loaded game class Bp35 from environment_files/bp35/0a0ad940/bp35.py
2026-06-12 10:32:45 | INFO | Successfully loaded game class Bp35 from environment_files/bp35/0a0ad940/bp35.py
2026-06-12 10:32:45 | INFO | ⚠️ Pas de training pairs disponibles
2026-06-12 10:32:45 | INFO | 🎯 Grille initiale: (2, 64, 64)
2026-06-12 10:32:45 | ERROR | ❌ Erreur step: too many values to unpack (expected 5)
2026-06-12 10:32:45 | INFO | 📝 Résultat jeu enregistré: {'game_id': 'bp35-0a0ad940', 'game_index': 0, 'success': False, 'actions_taken': 0, 'reward': 0.0}
2026-06-12 10:32:45 | INFO | 
📊 Cognitive Summary:
2026-06-12 10:32:45 | INFO |    Total events: 0
2026-06-12 10:32:45 | INFO |    Duration: 77.28ms
2026-06-12 10:32:45 | INFO |    Reasoning captured: 0.0%
2026-06-12 10:32:45 | INFO | 
================================================================================
2026-06-12 10:32:45 | INFO | 📊 RÉSULTAT JEU 1
2026-06-12 10:32:45 | INFO | ================================================================================
2026-06-12 10:32:45 | INFO |   Succès: ❌ NON
2026-06-12 10:32:45 | INFO |   Actions: 0/200
2026-06-12 10:32:45 | INFO | ================================================================================
2026-06-12 10:32:45 | INFO | 
================================================================================
2026-06-12 10:32:45 | INFO | 🎮 JEU 2/5: wa30-ee6fe8c0
2026-06-12 10:32:45 | INFO | ================================================================================
[ARC Agent V3] 📝 CognitiveLogger activé: /home/lvx/LVX/lumvorax2/src/MAGEN/logs/cognitive/cognitive_trace_bp35-0a0ad940_1781253165180670600.json

[ARC Agent V3] 🎮 Nouveau jeu: bp35-0a0ad940
[ARC Agent V3] Tentative #1
[ARC Agent V3] 📊 Exploitation features: action 3
[ARC Agent V3] ❌ Niveau échoué après 0 actions
2026-06-12 10:32:45 | INFO | Successfully fetched metadata for game wa30
2026-06-12 10:32:45 | INFO | Successfully fetched metadata for game wa30
2026-06-12 10:32:46 | ERROR | Failed to download game wa30 from API: 404 Client Error: Not Found for url: https://three.arcprize.org/api/games/wa30-ee6fe8c0/source
Traceback (most recent call last):
  File "/home/lvx/LVX/lumvorax2/src/MAGEN/venv/lib/python3.12/site-packages/arc_agi/base.py", line 1045, in _download_game
    source_response.raise_for_status()
  File "/home/lvx/LVX/lumvorax2/src/MAGEN/venv/lib/python3.12/site-packages/requests/models.py", line 1028, in raise_for_status
    raise HTTPError(http_error_msg, response=self)
requests.exceptions.HTTPError: 404 Client Error: Not Found for url: https://three.arcprize.org/api/games/wa30-ee6fe8c0/source
2026-06-12 10:32:46 | ERROR | Failed to download game wa30 from API: 404 Client Error: Not Found for url: https://three.arcprize.org/api/games/wa30-ee6fe8c0/source
Traceback (most recent call last):
  File "/home/lvx/LVX/lumvorax2/src/MAGEN/venv/lib/python3.12/site-packages/arc_agi/base.py", line 1045, in _download_game
    source_response.raise_for_status()
  File "/home/lvx/LVX/lumvorax2/src/MAGEN/venv/lib/python3.12/site-packages/requests/models.py", line 1028, in raise_for_status
    raise HTTPError(http_error_msg, response=self)
requests.exceptions.HTTPError: 404 Client Error: Not Found for url: https://three.arcprize.org/api/games/wa30-ee6fe8c0/source
2026-06-12 10:32:46 | INFO | ⚠️ Pas de training pairs disponibles
2026-06-12 10:32:46 | ERROR | ❌ ERREUR JEU 2: 'NoneType' object has no attribute 'reset'
Traceback (most recent call last):
  File "/home/lvx/LVX/lumvorax2/src/MAGEN/run_loop2_v3_enhanced.py", line 184, in run_loop2_v3_enhanced
    obs = env.reset()
          ^^^^^^^^^
AttributeError: 'NoneType' object has no attribute 'reset'
2026-06-12 10:32:46 | INFO | 
================================================================================
2026-06-12 10:32:46 | INFO | 🎮 JEU 3/5: bp35-0a0ad940
2026-06-12 10:32:46 | INFO | ================================================================================
[ARC Agent V3] 📝 CognitiveLogger activé: /home/lvx/LVX/lumvorax2/src/MAGEN/logs/cognitive/cognitive_trace_wa30-ee6fe8c0_1781253166077644654.json

[ARC Agent V3] 🎮 Nouveau jeu: wa30-ee6fe8c0
[ARC Agent V3] Tentative #1
2026-06-12 10:32:46 | INFO | Successfully fetched metadata for game bp35
2026-06-12 10:32:46 | INFO | Successfully fetched metadata for game bp35
2026-06-12 10:32:46 | INFO | ⚠️ Pas de training pairs disponibles
2026-06-12 10:32:46 | INFO | 🎯 Grille initiale: (2, 64, 64)
2026-06-12 10:32:46 | ERROR | ❌ Erreur step: too many values to unpack (expected 5)
2026-06-12 10:32:46 | INFO | 📝 Résultat jeu enregistré: {'game_id': 'bp35-0a0ad940', 'game_index': 2, 'success': False, 'actions_taken': 0, 'reward': 0.0}
2026-06-12 10:32:46 | INFO | 
📊 Cognitive Summary:
2026-06-12 10:32:46 | INFO |    Total events: 0
2026-06-12 10:32:46 | INFO |    Duration: 53.95ms
2026-06-12 10:32:46 | INFO |    Reasoning captured: 0.0%
2026-06-12 10:32:46 | INFO | 
================================================================================
2026-06-12 10:32:46 | INFO | 📊 RÉSULTAT JEU 3
2026-06-12 10:32:46 | INFO | ================================================================================
2026-06-12 10:32:46 | INFO |   Succès: ❌ NON
2026-06-12 10:32:46 | INFO |   Actions: 0/200
2026-06-12 10:32:46 | INFO | ================================================================================
2026-06-12 10:32:46 | INFO | 
================================================================================
2026-06-12 10:32:46 | INFO | 🎮 JEU 4/5: wa30-ee6fe8c0
2026-06-12 10:32:46 | INFO | ================================================================================
[ARC Agent V3] 📝 CognitiveLogger activé: /home/lvx/LVX/lumvorax2/src/MAGEN/logs/cognitive/cognitive_trace_bp35-0a0ad940_1781253166446127047.json

[ARC Agent V3] 🎮 Nouveau jeu: bp35-0a0ad940
[ARC Agent V3] Tentative #2
[ARC Agent V3] 📊 Exploitation features: action 0
[ARC Agent V3] ❌ Niveau échoué après 0 actions
2026-06-12 10:32:47 | INFO | Successfully fetched metadata for game wa30
2026-06-12 10:32:47 | INFO | Successfully fetched metadata for game wa30
2026-06-12 10:32:47 | ERROR | Failed to download game wa30 from API: 404 Client Error: Not Found for url: https://three.arcprize.org/api/games/wa30-ee6fe8c0/source
Traceback (most recent call last):
  File "/home/lvx/LVX/lumvorax2/src/MAGEN/venv/lib/python3.12/site-packages/arc_agi/base.py", line 1045, in _download_game
    source_response.raise_for_status()
  File "/home/lvx/LVX/lumvorax2/src/MAGEN/venv/lib/python3.12/site-packages/requests/models.py", line 1028, in raise_for_status
    raise HTTPError(http_error_msg, response=self)
requests.exceptions.HTTPError: 404 Client Error: Not Found for url: https://three.arcprize.org/api/games/wa30-ee6fe8c0/source
2026-06-12 10:32:47 | ERROR | Failed to download game wa30 from API: 404 Client Error: Not Found for url: https://three.arcprize.org/api/games/wa30-ee6fe8c0/source
Traceback (most recent call last):
  File "/home/lvx/LVX/lumvorax2/src/MAGEN/venv/lib/python3.12/site-packages/arc_agi/base.py", line 1045, in _download_game
    source_response.raise_for_status()
  File "/home/lvx/LVX/lumvorax2/src/MAGEN/venv/lib/python3.12/site-packages/requests/models.py", line 1028, in raise_for_status
    raise HTTPError(http_error_msg, response=self)
requests.exceptions.HTTPError: 404 Client Error: Not Found for url: https://three.arcprize.org/api/games/wa30-ee6fe8c0/source
2026-06-12 10:32:47 | INFO | ⚠️ Pas de training pairs disponibles
2026-06-12 10:32:47 | ERROR | ❌ ERREUR JEU 4: 'NoneType' object has no attribute 'reset'
Traceback (most recent call last):
  File "/home/lvx/LVX/lumvorax2/src/MAGEN/run_loop2_v3_enhanced.py", line 184, in run_loop2_v3_enhanced
    obs = env.reset()
          ^^^^^^^^^
AttributeError: 'NoneType' object has no attribute 'reset'
2026-06-12 10:32:47 | INFO | 
================================================================================
2026-06-12 10:32:47 | INFO | 🎮 JEU 5/5: bp35-0a0ad940
2026-06-12 10:32:47 | INFO | ================================================================================
[ARC Agent V3] 📝 CognitiveLogger activé: /home/lvx/LVX/lumvorax2/src/MAGEN/logs/cognitive/cognitive_trace_wa30-ee6fe8c0_1781253167295293859.json

[ARC Agent V3] 🎮 Nouveau jeu: wa30-ee6fe8c0
[ARC Agent V3] Tentative #2
2026-06-12 10:32:47 | INFO | Successfully fetched metadata for game bp35
2026-06-12 10:32:47 | INFO | Successfully fetched metadata for game bp35
2026-06-12 10:32:47 | INFO | ⚠️ Pas de training pairs disponibles
2026-06-12 10:32:47 | INFO | 🎯 Grille initiale: (2, 64, 64)
2026-06-12 10:32:47 | ERROR | ❌ Erreur step: too many values to unpack (expected 5)
2026-06-12 10:32:47 | INFO | 📝 Résultat jeu enregistré: {'game_id': 'bp35-0a0ad940', 'game_index': 4, 'success': False, 'actions_taken': 0, 'reward': 0.0}
2026-06-12 10:32:47 | INFO | 
📊 Cognitive Summary:
2026-06-12 10:32:47 | INFO |    Total events: 0
2026-06-12 10:32:47 | INFO |    Duration: 79.18ms
2026-06-12 10:32:47 | INFO |    Reasoning captured: 0.0%
2026-06-12 10:32:47 | INFO | 
================================================================================
2026-06-12 10:32:47 | INFO | 📊 RÉSULTAT JEU 5
2026-06-12 10:32:47 | INFO | ================================================================================
2026-06-12 10:32:47 | INFO |   Succès: ❌ NON
2026-06-12 10:32:47 | INFO |   Actions: 0/200
2026-06-12 10:32:47 | INFO | ================================================================================
2026-06-12 10:32:47 | INFO | 
================================================================================
2026-06-12 10:32:47 | INFO | 📊 STATISTIQUES FINALES LOOP 2
2026-06-12 10:32:47 | INFO | ================================================================================
2026-06-12 10:32:47 | INFO |   Jeux testés: 5
2026-06-12 10:32:47 | INFO |   Succès: 0 (0.0%)
2026-06-12 10:32:47 | INFO |   Échecs: 5
2026-06-12 10:32:47 | INFO |   Actions totales: 0
2026-06-12 10:32:47 | INFO |   Actions moyennes: 0.0
2026-06-12 10:32:47 | INFO | ================================================================================
2026-06-12 10:32:47 | INFO | 
📈 STATISTIQUES AGENT V3 ENHANCED
2026-06-12 10:32:47 | INFO | ================================================================================
2026-06-12 10:32:47 | INFO |   total_actions: 3
2026-06-12 10:32:47 | INFO |   successful_levels: 0
2026-06-12 10:32:47 | INFO |   failed_levels: 3
2026-06-12 10:32:47 | INFO |   total_levels: 3
2026-06-12 10:32:47 | INFO |   success_rate: 0.0
2026-06-12 10:32:47 | INFO |   avg_actions_per_level: 1.0
2026-06-12 10:32:47 | INFO |   exploration_rate: 0.05
2026-06-12 10:32:47 | INFO |   patterns_used: 0
2026-06-12 10:32:47 | INFO |   patterns_successful: 0
2026-06-12 10:32:47 | INFO |   pattern_success_rate: 0.0
2026-06-12 10:32:47 | INFO |   unique_games_learned: 2
2026-06-12 10:32:47 | INFO |   total_patterns_learned: 0
2026-06-12 10:32:47 | INFO | ================================================================================
2026-06-12 10:32:47 | INFO | 
💾 Résultats sauvegardés: /home/lvx/LVX/lumvorax2/src/MAGEN/logs/loop2_results_20260612_103243.json
2026-06-12 10:32:47 | INFO | 🔒 Logs forensiques LumVorax: /home/lvx/LVX/lumvorax2/src/MAGEN/logs/forensic
2026-06-12 10:32:47 | INFO | ================================================================================

2026-06-12 10:32:47 | INFO | 
================================================================================
2026-06-12 10:32:47 | INFO | ✅ LOOP 2 TERMINÉ
2026-06-12 10:32:47 | INFO | ================================================================================
2026-06-12 10:32:47 | INFO | Succès: 0/5
2026-06-12 10:32:47 | INFO | Taux de succès: 0.0%
2026-06-12 10:32:47 | INFO | 
⚠️ Aucun succès - Analyse forensique requise pour LOOP 3
2026-06-12 10:32:47 | INFO | ================================================================================

[ARC Agent V3] 📝 CognitiveLogger activé: /home/lvx/LVX/lumvorax2/src/MAGEN/logs/cognitive/cognitive_trace_bp35-0a0ad940_1781253167633005260.json

[ARC Agent V3] 🎮 Nouveau jeu: bp35-0a0ad940
[ARC Agent V3] Tentative #3
[ARC Agent V3] 📊 Exploitation features: action 0
[ARC Agent V3] ❌ Niveau échoué après 0 actions
