2026-06-12 10:41:34 | INFO | 
================================================================================
2026-06-12 10:41:34 | INFO | 🧠 MAGEN V3 ENHANCED - LOOP 2
2026-06-12 10:41:34 | INFO | CognitiveLogger + ActionPlanner + LumVorax Forensic
2026-06-12 10:41:34 | INFO | ================================================================================

2026-06-12 10:41:34 | INFO | ================================================================================
2026-06-12 10:41:34 | INFO | 🚀 MAGEN V3 ENHANCED - LOOP 2
2026-06-12 10:41:34 | INFO | ================================================================================
2026-06-12 10:41:34 | INFO | Configuration:
2026-06-12 10:41:34 | INFO |   - Jeux à tester: 5
2026-06-12 10:41:34 | INFO |   - Max actions/jeu: 200
2026-06-12 10:41:34 | INFO |   - CognitiveLogger: ✅ ACTIVÉ
2026-06-12 10:41:34 | INFO |   - ActionPlanner: ✅ ACTIVÉ
2026-06-12 10:41:34 | INFO |   - LumVorax Forensic: ✅ ACTIVÉ
2026-06-12 10:41:34 | INFO | ================================================================================
2026-06-12 10:41:34 | INFO | ✅ LumVorax Logger initialisé
2026-06-12 10:41:34 | INFO | 
================================================================================
2026-06-12 10:41:34 | INFO | 🎮 DÉBUT TESTS - 5 JEUX
2026-06-12 10:41:34 | INFO | ================================================================================

[LumVorax] Binary log: /home/lvx/LVX/lumvorax2/src/MAGEN/logs/forensic/magen_forensic_20260612_104134.lum
[LumVorax] JSON log: /home/lvx/LVX/lumvorax2/src/MAGEN/logs/forensic/magen_forensic_20260612_104134.json
[LumVorax] Logger forensique initialisé
[LumVorax] Logs: /home/lvx/LVX/lumvorax2/src/MAGEN/logs/forensic
[LumVorax] Binary: True, JSON: True
[LumVorax] Secret key: 923f17bc36eb6adb...
[MAGEN] Système mémoire initialisé
[MAGEN] Court terme: 50 expériences
[MAGEN] Moyen terme: 200 patterns
[MAGEN] Long terme: success_rate > 0.7
[MAGEN] Logs: /home/lvx/LVX/lumvorax2/src/MAGEN/data
[ARC Perception] Initialisé (max_size=64x64)
[ARC Agent V3] 🧠 Initialisé (COGNITIVE)
[ARC Agent V3] Exploration rate: 0.05
[ARC Agent V3] Max actions/level: 200
[ARC Agent V3] Modules: RuleExtractor + HypothesisTester
INFO:arc_agi.scorecard:Initialized ScorecardManager with idle_for=0:15:00 and max_open_for=3 days, 0:00:00
2026-06-12 10:41:34 | INFO | Got anonymous API key: 202cec33-c16b-4e85-95ea-9ce467645175
2026-06-12 10:41:34 | INFO | Got anonymous API key: 202cec33-c16b-4e85-95ea-9ce467645175
2026-06-12 10:41:34 | INFO | You can register for an API key at https://three.arcprize.org
2026-06-12 10:41:34 | INFO | You can register for an API key at https://three.arcprize.org
2026-06-12 10:41:35 | INFO | Successfully fetched 25 environment(s) from API
2026-06-12 10:41:35 | INFO | Successfully fetched 25 environment(s) from API
2026-06-12 10:41:35 | INFO | 📋 5 jeux sélectionnés
2026-06-12 10:41:35 | INFO | 
================================================================================
2026-06-12 10:41:35 | INFO | 🎮 JEU 1/5: bp35-0a0ad940
2026-06-12 10:41:35 | INFO | ================================================================================
2026-06-12 10:41:35 | INFO | Created new scorecard: d6c49691-3749-45e8-b4cc-88243ed573bc
2026-06-12 10:41:35 | INFO | Created new scorecard: d6c49691-3749-45e8-b4cc-88243ed573bc
2026-06-12 10:41:35 | INFO | Successfully fetched metadata for game bp35
2026-06-12 10:41:35 | INFO | Successfully fetched metadata for game bp35
2026-06-12 10:41:35 | INFO | Successfully loaded game class Bp35 from environment_files/bp35/0a0ad940/bp35.py
2026-06-12 10:41:35 | INFO | Successfully loaded game class Bp35 from environment_files/bp35/0a0ad940/bp35.py
2026-06-12 10:41:35 | INFO | ⚠️ Pas de training pairs disponibles
2026-06-12 10:41:35 | INFO | 🎯 Grille initiale: (64, 64)
2026-06-12 10:41:36 | INFO |   Actions: 20/200, Reward: 0.00
2026-06-12 10:41:37 | INFO | 📝 Résultat jeu enregistré: {'game_id': 'bp35-0a0ad940', 'game_index': 0, 'success': False, 'actions_taken': 34, 'reward': 0.0}
2026-06-12 10:41:37 | INFO | 
📊 Cognitive Summary:
2026-06-12 10:41:37 | INFO |    Total events: 0
2026-06-12 10:41:37 | INFO |    Duration: 1804.07ms
2026-06-12 10:41:37 | INFO |    Reasoning captured: 0.0%
2026-06-12 10:41:37 | INFO | 
================================================================================
2026-06-12 10:41:37 | INFO | 📊 RÉSULTAT JEU 1
2026-06-12 10:41:37 | INFO | ================================================================================
2026-06-12 10:41:37 | INFO |   Succès: ❌ NON
2026-06-12 10:41:37 | INFO |   Actions: 34/200
2026-06-12 10:41:37 | INFO | ================================================================================
2026-06-12 10:41:37 | INFO | 
================================================================================
2026-06-12 10:41:37 | INFO | 🎮 JEU 2/5: bp35-0a0ad940
2026-06-12 10:41:37 | INFO | ================================================================================
[ARC Agent V3] 📝 CognitiveLogger activé: /home/lvx/LVX/lumvorax2/src/MAGEN/logs/cognitive/cognitive_trace_bp35-0a0ad940_1781253695908353164.json

[ARC Agent V3] 🎮 Nouveau jeu: bp35-0a0ad940
[ARC Agent V3] Tentative #1
[ARC Agent V3] 📊 Exploitation features: action 1
[ARC Agent V3] 📊 Exploitation features: action 1
[ARC Agent V3] 📊 Exploitation features: action 0
[ARC Agent V3] 📊 Exploitation features: action 1
[ARC Agent V3] 📊 Exploitation features: action 2
[ARC Agent V3] 📊 Exploitation features: action 2
[ARC Agent V3] 📊 Exploitation features: action 2
[ARC Agent V3] 📊 Exploitation features: action 0
[ARC Agent V3] 📊 Exploitation features: action 0
[ARC Agent V3] 📊 Exploitation features: action 0
[ARC Agent V3] 📊 Exploitation features: action 2
[ARC Agent V3] 📊 Exploitation features: action 1
[ARC Agent V3] 📊 Exploitation features: action 0
[ARC Agent V3] 📊 Exploitation features: action 1
[ARC Agent V3] 📊 Exploitation features: action 1
[ARC Agent V3] 📊 Exploitation features: action 0
[ARC Agent V3] 📊 Exploitation features: action 0
[ARC Agent V3] 📊 Exploitation features: action 1
[ARC Agent V3] 📊 Exploitation features: action 0
[ARC Agent V3] 📊 Exploitation features: action 2
[ARC Agent V3] 📊 Exploitation features: action 2
[ARC Agent V3] 📊 Exploitation features: action 1
[ARC Agent V3] 📊 Exploitation features: action 1
[ARC Agent V3] 📊 Exploitation features: action 1
[ARC Agent V3] 📊 Exploitation features: action 0
[ARC Agent V3] 📊 Exploitation features: action 0
[ARC Agent V3] 📊 Exploitation features: action 2
[ARC Agent V3] 📊 Exploitation features: action 1
[ARC Agent V3] 📊 Exploitation features: action 0
[ARC Agent V3] 📊 Exploitation features: action 2
[ARC Agent V3] 📊 Exploitation features: action 2
[ARC Agent V3] 📊 Exploitation features: action 0
[ARC Agent V3] 📊 Exploitation features: action 1
[ARC Agent V3] 📊 Exploitation features: action 1
[ARC Agent V3] ❌ Niveau échoué après 34 actions
2026-06-12 10:41:38 | INFO | Successfully fetched metadata for game bp35
2026-06-12 10:41:38 | INFO | Successfully fetched metadata for game bp35
2026-06-12 10:41:38 | INFO | ⚠️ Pas de training pairs disponibles
2026-06-12 10:41:38 | INFO | 🎯 Grille initiale: (64, 64)
2026-06-12 10:41:38 | INFO |   Actions: 20/200, Reward: 0.00
2026-06-12 10:41:39 | INFO |   Actions: 40/200, Reward: 0.00
2026-06-12 10:41:40 | INFO |   Actions: 60/200, Reward: 0.00
2026-06-12 10:41:40 | INFO | 📝 Résultat jeu enregistré: {'game_id': 'bp35-0a0ad940', 'game_index': 1, 'success': False, 'actions_taken': 64, 'reward': 0.0}
2026-06-12 10:41:40 | INFO | 
📊 Cognitive Summary:
2026-06-12 10:41:40 | INFO |    Total events: 0
2026-06-12 10:41:40 | INFO |    Duration: 2846.44ms
2026-06-12 10:41:40 | INFO |    Reasoning captured: 0.0%
2026-06-12 10:41:40 | INFO | 
================================================================================
2026-06-12 10:41:40 | INFO | 📊 RÉSULTAT JEU 2
2026-06-12 10:41:40 | INFO | ================================================================================
2026-06-12 10:41:40 | INFO |   Succès: ❌ NON
2026-06-12 10:41:40 | INFO |   Actions: 64/200
2026-06-12 10:41:40 | INFO | ================================================================================
2026-06-12 10:41:40 | INFO | 
================================================================================
2026-06-12 10:41:40 | INFO | 🎮 JEU 3/5: bp35-0a0ad940
2026-06-12 10:41:40 | INFO | ================================================================================
[ARC Agent V3] 📝 CognitiveLogger activé: /home/lvx/LVX/lumvorax2/src/MAGEN/logs/cognitive/cognitive_trace_bp35-0a0ad940_1781253698073644568.json

[ARC Agent V3] 🎮 Nouveau jeu: bp35-0a0ad940
[ARC Agent V3] Tentative #2
[ARC Agent V3] 📊 Exploitation features: action 2
[ARC Agent V3] 📊 Exploitation features: action 1
[ARC Agent V3] 📊 Exploitation features: action 0
[ARC Agent V3] 📊 Exploitation features: action 0
[ARC Agent V3] 📊 Exploitation features: action 2
[ARC Agent V3] 📊 Exploitation features: action 2
[ARC Agent V3] 📊 Exploitation features: action 2
[ARC Agent V3] 📊 Exploitation features: action 1
[ARC Agent V3] 📊 Exploitation features: action 1
[ARC Agent V3] 📊 Exploitation features: action 2
[ARC Agent V3] 📊 Exploitation features: action 1
[ARC Agent V3] 📊 Exploitation features: action 0
[ARC Agent V3] 📊 Exploitation features: action 2
[ARC Agent V3] 📊 Exploitation features: action 1
[ARC Agent V3] 📊 Exploitation features: action 0
[ARC Agent V3] 📊 Exploitation features: action 2
[ARC Agent V3] 📊 Exploitation features: action 1
[ARC Agent V3] 📊 Exploitation features: action 1
[ARC Agent V3] 📊 Exploitation features: action 2
[ARC Agent V3] 📊 Exploitation features: action 2
[ARC Agent V3] 📊 Exploitation features: action 0
[ARC Agent V3] 📊 Exploitation features: action 1
[ARC Agent V3] 📊 Exploitation features: action 2
[ARC Agent V3] 📊 Exploitation features: action 1
[ARC Agent V3] 📊 Exploitation features: action 0
[ARC Agent V3] 📊 Exploitation features: action 2
[ARC Agent V3] 📊 Exploitation features: action 2
[ARC Agent V3] 📊 Exploitation features: action 0
[ARC Agent V3] 📊 Exploitation features: action 1
[ARC Agent V3] 📊 Exploitation features: action 1
[ARC Agent V3] 📊 Exploitation features: action 1
[ARC Agent V3] 📊 Exploitation features: action 2
[ARC Agent V3] 📊 Exploitation features: action 1
[ARC Agent V3] 📊 Exploitation features: action 1
[ARC Agent V3] 📊 Exploitation features: action 2
[ARC Agent V3] 📊 Exploitation features: action 0
[ARC Agent V3] 📊 Exploitation features: action 2
[ARC Agent V3] 📊 Exploitation features: action 2
[ARC Agent V3] 📊 Exploitation features: action 2
[ARC Agent V3] 📊 Exploitation features: action 1
[ARC Agent V3] 📊 Exploitation features: action 2
[ARC Agent V3] 📊 Exploitation features: action 2
[ARC Agent V3] 📊 Exploitation features: action 0
[ARC Agent V3] 📊 Exploitation features: action 0
[ARC Agent V3] 📊 Exploitation features: action 0
[ARC Agent V3] 📊 Exploitation features: action 1
[ARC Agent V3] 📊 Exploitation features: action 2
[ARC Agent V3] 📊 Exploitation features: action 0
[ARC Agent V3] 📊 Exploitation features: action 2
[ARC Agent V3] 📊 Exploitation features: action 1
[ARC Agent V3] 📊 Exploitation features: action 1
[ARC Agent V3] 📊 Exploitation features: action 2
[ARC Agent V3] 📊 Exploitation features: action 1
[ARC Agent V3] 📊 Exploitation features: action 2
[ARC Agent V3] 📊 Exploitation features: action 2
[ARC Agent V3] 📊 Exploitation features: action 1
[ARC Agent V3] 📊 Exploitation features: action 0
[ARC Agent V3] 📊 Exploitation features: action 2
[ARC Agent V3] 📊 Exploitation features: action 0
[ARC Agent V3] 📊 Exploitation features: action 1
[ARC Agent V3] 📊 Exploitation features: action 0
[ARC Agent V3] 📊 Exploitation features: action 2
[ARC Agent V3] 📊 Exploitation features: action 0
[ARC Agent V3] 📊 Exploitation features: action 1
[ARC Agent V3] ❌ Niveau échoué après 64 actions
2026-06-12 10:41:41 | INFO | Successfully fetched metadata for game bp35
2026-06-12 10:41:41 | INFO | Successfully fetched metadata for game bp35
2026-06-12 10:41:41 | INFO | ⚠️ Pas de training pairs disponibles
2026-06-12 10:41:41 | INFO | 🎯 Grille initiale: (64, 64)
2026-06-12 10:41:42 | INFO |   Actions: 20/200, Reward: 0.00
2026-06-12 10:41:43 | INFO |   Actions: 40/200, Reward: 0.00
2026-06-12 10:41:44 | INFO |   Actions: 60/200, Reward: 0.00
2026-06-12 10:41:44 | INFO | 📝 Résultat jeu enregistré: {'game_id': 'bp35-0a0ad940', 'game_index': 2, 'success': False, 'actions_taken': 64, 'reward': 0.0}
2026-06-12 10:41:44 | INFO | 
📊 Cognitive Summary:
2026-06-12 10:41:44 | INFO |    Total events: 0
2026-06-12 10:41:44 | INFO |    Duration: 2961.65ms
2026-06-12 10:41:44 | INFO |    Reasoning captured: 0.0%
2026-06-12 10:41:44 | INFO | 
================================================================================
2026-06-12 10:41:44 | INFO | 📊 RÉSULTAT JEU 3
2026-06-12 10:41:44 | INFO | ================================================================================
2026-06-12 10:41:44 | INFO |   Succès: ❌ NON
2026-06-12 10:41:44 | INFO |   Actions: 64/200
2026-06-12 10:41:44 | INFO | ================================================================================
2026-06-12 10:41:44 | INFO | 
================================================================================
2026-06-12 10:41:44 | INFO | 🎮 JEU 4/5: bp35-0a0ad940
2026-06-12 10:41:44 | INFO | ================================================================================
[ARC Agent V3] 📝 CognitiveLogger activé: /home/lvx/LVX/lumvorax2/src/MAGEN/logs/cognitive/cognitive_trace_bp35-0a0ad940_1781253701601120430.json

[ARC Agent V3] 🎮 Nouveau jeu: bp35-0a0ad940
[ARC Agent V3] Tentative #3
[ARC Agent V3] 📊 Exploitation features: action 2
[ARC Agent V3] 📊 Exploitation features: action 1
[ARC Agent V3] 📊 Exploitation features: action 0
[ARC Agent V3] 📊 Exploitation features: action 0
[ARC Agent V3] 📊 Exploitation features: action 0
[ARC Agent V3] 📊 Exploitation features: action 2
[ARC Agent V3] 📊 Exploitation features: action 1
[ARC Agent V3] 📊 Exploitation features: action 0
[ARC Agent V3] 🎲 Exploration: action 2
[ARC Agent V3] 📊 Exploitation features: action 1
[ARC Agent V3] 📊 Exploitation features: action 1
[ARC Agent V3] 📊 Exploitation features: action 1
[ARC Agent V3] 📊 Exploitation features: action 1
[ARC Agent V3] 📊 Exploitation features: action 2
[ARC Agent V3] 📊 Exploitation features: action 0
[ARC Agent V3] 📊 Exploitation features: action 0
[ARC Agent V3] 📊 Exploitation features: action 2
[ARC Agent V3] 📊 Exploitation features: action 2
[ARC Agent V3] 📊 Exploitation features: action 1
[ARC Agent V3] 📊 Exploitation features: action 2
[ARC Agent V3] 📊 Exploitation features: action 0
[ARC Agent V3] 📊 Exploitation features: action 1
[ARC Agent V3] 📊 Exploitation features: action 2
[ARC Agent V3] 🎲 Exploration: action 2
[ARC Agent V3] 📊 Exploitation features: action 1
[ARC Agent V3] 📊 Exploitation features: action 1
[ARC Agent V3] 📊 Exploitation features: action 1
[ARC Agent V3] 📊 Exploitation features: action 0
[ARC Agent V3] 📊 Exploitation features: action 2
[ARC Agent V3] 📊 Exploitation features: action 2
[ARC Agent V3] 📊 Exploitation features: action 1
[ARC Agent V3] 📊 Exploitation features: action 2
[ARC Agent V3] 📊 Exploitation features: action 1
[ARC Agent V3] 📊 Exploitation features: action 2
[ARC Agent V3] 🎲 Exploration: action 2
[ARC Agent V3] 📊 Exploitation features: action 2
[ARC Agent V3] 📊 Exploitation features: action 0
[ARC Agent V3] 📊 Exploitation features: action 1
[ARC Agent V3] 📊 Exploitation features: action 1
[ARC Agent V3] 📊 Exploitation features: action 0
[ARC Agent V3] 📊 Exploitation features: action 1
[ARC Agent V3] 📊 Exploitation features: action 2
[ARC Agent V3] 📊 Exploitation features: action 2
[ARC Agent V3] 📊 Exploitation features: action 1
[ARC Agent V3] 📊 Exploitation features: action 1
[ARC Agent V3] 📊 Exploitation features: action 1
[ARC Agent V3] 📊 Exploitation features: action 2
[ARC Agent V3] 📊 Exploitation features: action 0
[ARC Agent V3] 📊 Exploitation features: action 2
[ARC Agent V3] 📊 Exploitation features: action 1
[ARC Agent V3] 📊 Exploitation features: action 1
[ARC Agent V3] 📊 Exploitation features: action 1
[ARC Agent V3] 📊 Exploitation features: action 1
[ARC Agent V3] 📊 Exploitation features: action 1
[ARC Agent V3] 📊 Exploitation features: action 0
[ARC Agent V3] 📊 Exploitation features: action 1
[ARC Agent V3] 📊 Exploitation features: action 2
[ARC Agent V3] 📊 Exploitation features: action 2
[ARC Agent V3] 📊 Exploitation features: action 0
[ARC Agent V3] 📊 Exploitation features: action 2
[ARC Agent V3] 📊 Exploitation features: action 2
[ARC Agent V3] 📊 Exploitation features: action 2
[ARC Agent V3] 📊 Exploitation features: action 2
[ARC Agent V3] 📊 Exploitation features: action 0
[ARC Agent V3] ❌ Niveau échoué après 64 actions
2026-06-12 10:41:45 | INFO | Successfully fetched metadata for game bp35
2026-06-12 10:41:45 | INFO | Successfully fetched metadata for game bp35
2026-06-12 10:41:45 | INFO | ⚠️ Pas de training pairs disponibles
2026-06-12 10:41:45 | INFO | 🎯 Grille initiale: (64, 64)
2026-06-12 10:41:46 | INFO |   Actions: 20/200, Reward: 0.00
2026-06-12 10:41:46 | INFO |   Actions: 40/200, Reward: 0.00
2026-06-12 10:41:47 | INFO |   Actions: 60/200, Reward: 0.00
2026-06-12 10:41:47 | INFO | 📝 Résultat jeu enregistré: {'game_id': 'bp35-0a0ad940', 'game_index': 3, 'success': False, 'actions_taken': 62, 'reward': 0.0}
2026-06-12 10:41:47 | INFO | 
📊 Cognitive Summary:
2026-06-12 10:41:47 | INFO |    Total events: 0
2026-06-12 10:41:47 | INFO |    Duration: 2811.81ms
2026-06-12 10:41:47 | INFO |    Reasoning captured: 0.0%
2026-06-12 10:41:47 | INFO | 
================================================================================
2026-06-12 10:41:47 | INFO | 📊 RÉSULTAT JEU 4
2026-06-12 10:41:47 | INFO | ================================================================================
2026-06-12 10:41:47 | INFO |   Succès: ❌ NON
2026-06-12 10:41:47 | INFO |   Actions: 62/200
2026-06-12 10:41:47 | INFO | ================================================================================
2026-06-12 10:41:47 | INFO | 
================================================================================
2026-06-12 10:41:47 | INFO | 🎮 JEU 5/5: bp35-0a0ad940
2026-06-12 10:41:47 | INFO | ================================================================================
[ARC Agent V3] 📝 CognitiveLogger activé: /home/lvx/LVX/lumvorax2/src/MAGEN/logs/cognitive/cognitive_trace_bp35-0a0ad940_1781253705159981175.json

[ARC Agent V3] 🎮 Nouveau jeu: bp35-0a0ad940
[ARC Agent V3] Tentative #4
[ARC Agent V3] 📊 Exploitation features: action 0
[ARC Agent V3] 📊 Exploitation features: action 1
[ARC Agent V3] 📊 Exploitation features: action 1
[ARC Agent V3] 📊 Exploitation features: action 0
[ARC Agent V3] 📊 Exploitation features: action 2
[ARC Agent V3] 📊 Exploitation features: action 2
[ARC Agent V3] 📊 Exploitation features: action 0
[ARC Agent V3] 📊 Exploitation features: action 2
[ARC Agent V3] 📊 Exploitation features: action 0
[ARC Agent V3] 📊 Exploitation features: action 2
[ARC Agent V3] 📊 Exploitation features: action 2
[ARC Agent V3] 📊 Exploitation features: action 2
[ARC Agent V3] 📊 Exploitation features: action 2
[ARC Agent V3] 📊 Exploitation features: action 2
[ARC Agent V3] 📊 Exploitation features: action 1
[ARC Agent V3] 📊 Exploitation features: action 1
[ARC Agent V3] 📊 Exploitation features: action 1
[ARC Agent V3] 📊 Exploitation features: action 2
[ARC Agent V3] 📊 Exploitation features: action 2
[ARC Agent V3] 📊 Exploitation features: action 0
[ARC Agent V3] 📊 Exploitation features: action 1
[ARC Agent V3] 📊 Exploitation features: action 1
[ARC Agent V3] 📊 Exploitation features: action 0
[ARC Agent V3] 📊 Exploitation features: action 1
[ARC Agent V3] 📊 Exploitation features: action 0
[ARC Agent V3] 📊 Exploitation features: action 2
[ARC Agent V3] 📊 Exploitation features: action 2
[ARC Agent V3] 📊 Exploitation features: action 0
[ARC Agent V3] 📊 Exploitation features: action 2
[ARC Agent V3] 📊 Exploitation features: action 2
[ARC Agent V3] 📊 Exploitation features: action 2
[ARC Agent V3] 🎲 Exploration: action 0
[ARC Agent V3] 📊 Exploitation features: action 0
[ARC Agent V3] 📊 Exploitation features: action 2
[ARC Agent V3] 📊 Exploitation features: action 1
[ARC Agent V3] 📊 Exploitation features: action 2
[ARC Agent V3] 📊 Exploitation features: action 0
[ARC Agent V3] 📊 Exploitation features: action 2
[ARC Agent V3] 📊 Exploitation features: action 1
[ARC Agent V3] 📊 Exploitation features: action 2
[ARC Agent V3] 📊 Exploitation features: action 2
[ARC Agent V3] 📊 Exploitation features: action 0
[ARC Agent V3] 📊 Exploitation features: action 1
[ARC Agent V3] 🎲 Exploration: action 0
[ARC Agent V3] 📊 Exploitation features: action 1
[ARC Agent V3] 🎲 Exploration: action 0
[ARC Agent V3] 📊 Exploitation features: action 2
[ARC Agent V3] 📊 Exploitation features: action 0
[ARC Agent V3] 📊 Exploitation features: action 2
[ARC Agent V3] 📊 Exploitation features: action 1
[ARC Agent V3] 📊 Exploitation features: action 2
[ARC Agent V3] 📊 Exploitation features: action 1
[ARC Agent V3] 📊 Exploitation features: action 0
[ARC Agent V3] 📊 Exploitation features: action 0
[ARC Agent V3] 📊 Exploitation features: action 1
[ARC Agent V3] 📊 Exploitation features: action 0
[ARC Agent V3] 📊 Exploitation features: action 0
[ARC Agent V3] 📊 Exploitation features: action 2
[ARC Agent V3] 🎲 Exploration: action 1
[ARC Agent V3] 📊 Exploitation features: action 0
[ARC Agent V3] 📊 Exploitation features: action 0
[ARC Agent V3] 📊 Exploitation features: action 1
[ARC Agent V3] ❌ Niveau échoué après 62 actions
2026-06-12 10:41:48 | INFO | Successfully fetched metadata for game bp35
2026-06-12 10:41:48 | INFO | Successfully fetched metadata for game bp35
2026-06-12 10:41:48 | INFO | ⚠️ Pas de training pairs disponibles
2026-06-12 10:41:48 | INFO | 🎯 Grille initiale: (64, 64)
2026-06-12 10:41:49 | INFO |   Actions: 20/200, Reward: 0.00
2026-06-12 10:41:49 | INFO | 📝 Résultat jeu enregistré: {'game_id': 'bp35-0a0ad940', 'game_index': 4, 'success': False, 'actions_taken': 26, 'reward': 0.0}
2026-06-12 10:41:49 | INFO | 
📊 Cognitive Summary:
2026-06-12 10:41:49 | INFO |    Total events: 0
2026-06-12 10:41:49 | INFO |    Duration: 1223.19ms
2026-06-12 10:41:49 | INFO |    Reasoning captured: 0.0%
2026-06-12 10:41:49 | INFO | 
================================================================================
2026-06-12 10:41:49 | INFO | 📊 RÉSULTAT JEU 5
2026-06-12 10:41:49 | INFO | ================================================================================
2026-06-12 10:41:49 | INFO |   Succès: ❌ NON
2026-06-12 10:41:49 | INFO |   Actions: 26/200
2026-06-12 10:41:49 | INFO | ================================================================================
2026-06-12 10:41:49 | INFO | 
================================================================================
2026-06-12 10:41:49 | INFO | 📊 STATISTIQUES FINALES LOOP 2
2026-06-12 10:41:49 | INFO | ================================================================================
2026-06-12 10:41:49 | INFO |   Jeux testés: 5
2026-06-12 10:41:49 | INFO |   Succès: 0 (0.0%)
2026-06-12 10:41:49 | INFO |   Échecs: 5
2026-06-12 10:41:49 | INFO |   Actions totales: 250
2026-06-12 10:41:49 | INFO |   Actions moyennes: 50.0
2026-06-12 10:41:49 | INFO | ================================================================================
2026-06-12 10:41:49 | INFO | 
📈 STATISTIQUES AGENT V3 ENHANCED
2026-06-12 10:41:49 | INFO | ================================================================================
2026-06-12 10:41:49 | INFO |   total_actions: 250
2026-06-12 10:41:49 | INFO |   successful_levels: 0
2026-06-12 10:41:49 | INFO |   failed_levels: 5
2026-06-12 10:41:49 | INFO |   total_levels: 5
2026-06-12 10:41:49 | INFO |   success_rate: 0.0
2026-06-12 10:41:49 | INFO |   avg_actions_per_level: 50.0
2026-06-12 10:41:49 | INFO |   exploration_rate: 0.05
2026-06-12 10:41:49 | INFO |   patterns_used: 0
2026-06-12 10:41:49 | INFO |   patterns_successful: 0
2026-06-12 10:41:49 | INFO |   pattern_success_rate: 0.0
2026-06-12 10:41:49 | INFO |   unique_games_learned: 1
2026-06-12 10:41:49 | INFO |   total_patterns_learned: 0
2026-06-12 10:41:49 | INFO | ================================================================================
2026-06-12 10:41:49 | INFO | 
💾 Résultats sauvegardés: /home/lvx/LVX/lumvorax2/src/MAGEN/logs/loop2_results_20260612_104134.json
2026-06-12 10:41:49 | INFO | 🔒 Logs forensiques LumVorax: /home/lvx/LVX/lumvorax2/src/MAGEN/logs/forensic
2026-06-12 10:41:49 | INFO | ================================================================================

2026-06-12 10:41:49 | INFO | 
================================================================================
2026-06-12 10:41:49 | INFO | ✅ LOOP 2 TERMINÉ
2026-06-12 10:41:49 | INFO | ================================================================================
2026-06-12 10:41:49 | INFO | Succès: 0/5
2026-06-12 10:41:49 | INFO | Taux de succès: 0.0%
2026-06-12 10:41:49 | INFO | 
⚠️ Aucun succès - Analyse forensique requise pour LOOP 3
2026-06-12 10:41:49 | INFO | ================================================================================

[ARC Agent V3] 📝 CognitiveLogger activé: /home/lvx/LVX/lumvorax2/src/MAGEN/logs/cognitive/cognitive_trace_bp35-0a0ad940_1781253708586996755.json

[ARC Agent V3] 🎮 Nouveau jeu: bp35-0a0ad940
[ARC Agent V3] Tentative #5
[ARC Agent V3] 📊 Exploitation features: action 1
[ARC Agent V3] 📊 Exploitation features: action 1
[ARC Agent V3] 📊 Exploitation features: action 2
[ARC Agent V3] 📊 Exploitation features: action 1
[ARC Agent V3] 📊 Exploitation features: action 1
[ARC Agent V3] 📊 Exploitation features: action 1
[ARC Agent V3] 📊 Exploitation features: action 2
[ARC Agent V3] 📊 Exploitation features: action 0
[ARC Agent V3] 📊 Exploitation features: action 2
[ARC Agent V3] 📊 Exploitation features: action 0
[ARC Agent V3] 📊 Exploitation features: action 1
[ARC Agent V3] 📊 Exploitation features: action 0
[ARC Agent V3] 📊 Exploitation features: action 0
[ARC Agent V3] 📊 Exploitation features: action 1
[ARC Agent V3] 📊 Exploitation features: action 0
[ARC Agent V3] 📊 Exploitation features: action 1
[ARC Agent V3] 📊 Exploitation features: action 0
[ARC Agent V3] 📊 Exploitation features: action 1
[ARC Agent V3] 📊 Exploitation features: action 0
[ARC Agent V3] 📊 Exploitation features: action 2
[ARC Agent V3] 📊 Exploitation features: action 1
[ARC Agent V3] 📊 Exploitation features: action 1
[ARC Agent V3] 📊 Exploitation features: action 2
[ARC Agent V3] 📊 Exploitation features: action 0
[ARC Agent V3] 📊 Exploitation features: action 0
[ARC Agent V3] 📊 Exploitation features: action 1
[ARC Agent V3] ❌ Niveau échoué après 26 actions
