[FORENSIC] Tracker initialisé: logs/forensic/c407
❌ EXECBUFFER2 failed: Invalid argument
[FORENSIC] Tracker nettoyé
╔════════════════════════════════════════════════════════════╗
║  C407 TEST KERNEL NATIF + FORENSIC BIT-LEVEL LUMVORAX     ║
║  Kernel: btc_sha256_native_c406.bin (176 bytes)           ║
║  SEND descriptor: 0x04025E00 (stateful, BTI=0)            ║
║  Runtime: 100% i915 DRM natif                             ║
║  Forensic: ultra_forensic_logger + i915_drm_tracker       ║
╚════════════════════════════════════════════════════════════╝

[FORENSIC] Initialisation tracker bit-level...
[FORENSIC] Tracker initialisé
[FORENSIC] Logs: logs/forensic/c407/i915_forensic_*.log

✓ DRM opened: fd=9
✓ GPU context created: ctx_id=1
✓ Kernel size: 176 bytes
✓ Kernel loaded
✓ Output buffer created: 1024 bytes
✓ GTT addresses assigned
✓ Surface State configured
✓ Interface Descriptor configured
✓ Batch buffer built: 41 dwords

🚀 Executing GPU kernel...
