
[00000048033612568238] SEQ=0 BUFFER_DUMP: bo=1 size=176
00000000 | 01 00 60 00 08 02 20 20 00 00 8d 00 00 00 00 00 | ..`...  ........
00000010 | 01 00 00 00 08 02 40 20 20 00 00 00 00 00 00 00 | ......@  .......
00000020 | 01 00 00 00 08 06 40 21 00 00 00 00 ef be ad de | ......@!........
00000030 | 41 00 00 00 08 02 60 21 40 00 00 02 40 01 00 00 | A.....`!@...@...
00000040 | 01 00 00 00 08 06 80 21 00 00 00 00 04 00 00 00 | .......!........
00000050 | 09 00 00 00 08 02 a0 21 80 01 00 1e 10 00 10 00 | .......!........
00000060 | 06 00 00 00 08 02 c0 21 a0 01 00 02 40 00 00 00 | .......!....@...
00000070 | 01 00 80 00 08 02 80 22 c0 01 00 00 00 00 00 00 | ......."........
00000080 | 09 00 80 00 08 02 c0 23 20 00 8d 1e 02 00 02 00 | .......# .......
00000090 | 33 00 80 0c 70 40 01 00 c2 03 00 00 00 5e 02 04 | 3...p@.......^..
000000a0 | 31 00 00 07 00 02 00 20 e0 0f 00 06 10 00 00 82 | 1...... ........

[00000048033612937274] SEQ=1 BUFFER_DUMP: bo=4 size=164
00000000 | 09 00 01 61 00 00 00 00 00 00 00 00 00 00 30 00 | ...a..........0.
00000010 | 00 00 00 00 00 00 00 00 00 00 00 00 00 00 00 00 | ................
00000020 | 00 00 00 00 00 00 30 00 00 00 00 00 06 00 00 70 | ......0........p
00000030 | 00 00 00 00 00 00 00 00 00 00 00 00 00 00 00 00 | ................
00000040 | 00 00 00 00 00 00 00 00 00 00 00 00 02 00 02 70 | ...............p
00000050 | 00 00 00 00 20 00 00 00 40 00 30 00 09 00 05 70 | .... ...@.0....p
00000060 | 00 00 00 00 00 00 00 00 00 00 00 00 01 00 00 00 | ................
00000070 | 01 00 00 00 01 00 00 00 00 01 00 00 01 00 00 00 | ................
00000080 | 01 00 00 00 00 00 00 00 04 00 00 7a 00 00 10 00 | ...........z....
00000090 | 00 00 00 00 00 00 00 00 00 00 00 00 00 00 00 00 | ................
000000a0 | 00 00 00 0a                                     | ....
