[sudo] password for lvx: [DEBUG] Tentative ouverture log: logs/forensic/test_c255v11_nx48.log
[DEBUG] Log ouvert avec succès

╔════════════════════════════════════════════════════════════╗
║  LumVorax C255V11 — NX48 Gestion Dynamique COMPLÈTE       ║
║  0% OpenCL, 0% Level Zero, 100% i915 DRM Direct          ║
║  NX48 contrôle: batch_size + contextes + mémoire GPU      ║
╚════════════════════════════════════════════════════════════╝

[C255V11] Configuration NX48 Dynamique:
  - Batch size initial: 256K (progression automatique)
  - Contextes GPU: 2 (adaptatif 1/2/3)
  - Mémoire GPU: Monitoring temps réel
  - THP: Activé pour buffers >2MB
  - Kernel: kernels/btc_sha256_gen9.bin
  - Log: logs/forensic/test_c255v11_nx48.log

[C255V11] Mémoire GPU disponible: 1.50 GB

[C255V11] Initialisation Gen9 Native avec NX48...
✅ Initialisation réussie

[C255V11] Démarrage progression adaptative (comme une voiture)...
═══════════════════════════════════════════════════════════════

[Batch 1/30] batch_size=262144 (0.26 M nonces)
  ✅ Succès: 0.707 sec, 0.37 MH/s
[NX48-C255V11] ✅ Succès → Doublement batch_size: 262144 → 524288 (0.0% vers max, mem_limit=40265318)

[Batch 2/30] batch_size=524288 (0.52 M nonces)
  ❌ Crash: errno=0
[NX48-C255V11] ⚠️  Crash détecté → Recul batch_size: 524288 → 262144

[Batch 3/30] batch_size=262144 (0.26 M nonces)
  ✅ Succès: 0.707 sec, 0.37 MH/s
[NX48-C255V11] ✅ Succès → Doublement batch_size: 262144 → 524288 (0.0% vers max, mem_limit=40265318)

[Batch 4/30] batch_size=524288 (0.52 M nonces)
  ❌ Crash: errno=0
[NX48-C255V11] ⚠️  Crash détecté → Recul batch_size: 524288 → 262144

[Batch 5/30] batch_size=262144 (0.26 M nonces)
  ✅ Succès: 0.705 sec, 0.37 MH/s
[NX48-C255V11] ✅ Succès → Doublement batch_size: 262144 → 524288 (0.0% vers max, mem_limit=40265318)

[Batch 6/30] batch_size=524288 (0.52 M nonces)
  ❌ Crash: errno=0
[NX48-C255V11] ⚠️  Crash détecté → Recul batch_size: 524288 → 262144

[Batch 7/30] batch_size=262144 (0.26 M nonces)
  ✅ Succès: 0.701 sec, 0.37 MH/s
[NX48-C255V11] ✅ Succès → Doublement batch_size: 262144 → 524288 (0.0% vers max, mem_limit=40265318)

[Batch 8/30] batch_size=524288 (0.52 M nonces)
  ❌ Crash: errno=0
[NX48-C255V11] ⚠️  Crash détecté → Recul batch_size: 524288 → 262144

[Batch 9/30] batch_size=262144 (0.26 M nonces)
  ✅ Succès: 0.704 sec, 0.37 MH/s
[NX48-C255V11] ✅ Succès → Doublement batch_size: 262144 → 524288 (0.0% vers max, mem_limit=40265318)

[Batch 10/30] batch_size=524288 (0.52 M nonces)
  ❌ Crash: errno=0
[NX48-C255V11] ⚠️  Crash détecté → Recul batch_size: 524288 → 262144

[Batch 11/30] batch_size=262144 (0.26 M nonces)
  ✅ Succès: 0.704 sec, 0.37 MH/s
[NX48-C255V11] ✅ Succès → Doublement batch_size: 262144 → 524288 (0.0% vers max, mem_limit=40265318)

[Batch 12/30] batch_size=524288 (0.52 M nonces)
  ❌ Crash: errno=0
[NX48-C255V11] ⚠️  Crash détecté → Recul batch_size: 524288 → 262144

[Batch 13/30] batch_size=262144 (0.26 M nonces)
  ✅ Succès: 0.704 sec, 0.37 MH/s
[NX48-C255V11] ✅ Succès → Doublement batch_size: 262144 → 524288 (0.0% vers max, mem_limit=40265318)

[Batch 14/30] batch_size=524288 (0.52 M nonces)
  ❌ Crash: errno=0
[NX48-C255V11] ⚠️  Crash détecté → Recul batch_size: 524288 → 262144

[Batch 15/30] batch_size=262144 (0.26 M nonces)
  ✅ Succès: 0.706 sec, 0.37 MH/s
[NX48-C255V11] ✅ Succès → Doublement batch_size: 262144 → 524288 (0.0% vers max, mem_limit=40265318)

[Batch 16/30] batch_size=524288 (0.52 M nonces)
  ❌ Crash: errno=0
[NX48-C255V11] ⚠️  Crash détecté → Recul batch_size: 524288 → 262144

[Batch 17/30] batch_size=262144 (0.26 M nonces)
  ✅ Succès: 0.893 sec, 0.29 MH/s
[NX48-C255V11] ✅ Succès → Doublement batch_size: 262144 → 524288 (0.0% vers max, mem_limit=40265318)

[Batch 18/30] batch_size=524288 (0.52 M nonces)
  ❌ Crash: errno=0
[NX48-C255V11] ⚠️  Crash détecté → Recul batch_size: 524288 → 262144

[Batch 19/30] batch_size=262144 (0.26 M nonces)
  ✅ Succès: 0.704 sec, 0.37 MH/s
[NX48-C255V11] ✅ Succès → Doublement batch_size: 262144 → 524288 (0.0% vers max, mem_limit=40265318)

[Batch 20/30] batch_size=524288 (0.52 M nonces)
  ❌ Crash: errno=0
[NX48-C255V11] ⚠️  Crash détecté → Recul batch_size: 524288 → 262144

[Batch 21/30] batch_size=262144 (0.26 M nonces)
  ✅ Succès: 0.704 sec, 0.37 MH/s
[NX48-C255V11] ✅ Succès → Doublement batch_size: 262144 → 524288 (0.0% vers max, mem_limit=40265318)

[Batch 22/30] batch_size=524288 (0.52 M nonces)
  ❌ Crash: errno=0
[NX48-C255V11] ⚠️  Crash détecté → Recul batch_size: 524288 → 262144

[Batch 23/30] batch_size=262144 (0.26 M nonces)
  ✅ Succès: 0.703 sec, 0.37 MH/s
[NX48-C255V11] ✅ Succès → Doublement batch_size: 262144 → 524288 (0.0% vers max, mem_limit=40265318)

[Batch 24/30] batch_size=524288 (0.52 M nonces)
  ❌ Crash: errno=0
[NX48-C255V11] ⚠️  Crash détecté → Recul batch_size: 524288 → 262144

[Batch 25/30] batch_size=262144 (0.26 M nonces)
  ✅ Succès: 0.708 sec, 0.37 MH/s
[NX48-C255V11] ✅ Succès → Doublement batch_size: 262144 → 524288 (0.0% vers max, mem_limit=40265318)

[Batch 26/30] batch_size=524288 (0.52 M nonces)
  ❌ Crash: errno=0
[NX48-C255V11] ⚠️  Crash détecté → Recul batch_size: 524288 → 262144

[Batch 27/30] batch_size=262144 (0.26 M nonces)
  ✅ Succès: 0.702 sec, 0.37 MH/s
[NX48-C255V11] ✅ Succès → Doublement batch_size: 262144 → 524288 (0.0% vers max, mem_limit=40265318)

[Batch 28/30] batch_size=524288 (0.52 M nonces)
  ❌ Crash: errno=0
[NX48-C255V11] ⚠️  Crash détecté → Recul batch_size: 524288 → 262144

[Batch 29/30] batch_size=262144 (0.26 M nonces)
  ✅ Succès: 0.705 sec, 0.37 MH/s
[NX48-C255V11] ✅ Succès → Doublement batch_size: 262144 → 524288 (0.0% vers max, mem_limit=40265318)

[Batch 30/30] batch_size=524288 (0.52 M nonces)
  ❌ Crash: errno=0
[NX48-C255V11] ⚠️  Crash détecté → Recul batch_size: 524288 → 262144

═══════════════════════════════════════════════════════════════
║  MÉTRIQUES FINALES C255V11 — NX48 DYNAMIQUE                 ║
═══════════════════════════════════════════════════════════════

Résultats:
  - Dispatches réussis: 15/30 (50.0%)
  - Crashes: 15
  - Batch size final: 262144 (0.26 M nonces)
  - Contextes GPU: 2

Performance:
  - Total nonces: 3932160 (3.93 M)
  - Temps total: 10.757 sec
  - Hashrate moyen: 0.37 MH/s
  - Temps moyen/dispatch: 0.717 sec

╔════════════════════════════════════════════════════════════╗
║  ⚠️  TEST PARTIEL — NX48 trouve vitesse de croisière       ║
║  15 succès, 15 crashes — Batch optimal trouvé             ║
╚════════════════════════════════════════════════════════════╝
