[C278] Répertoires créés
[C278] Compilation Solution 1: Batch Size Réduit (32K)
gcc -Wall -Wextra -O3 -march=native -std=gnu11 -D_GNU_SOURCE -D_POSIX_C_SOURCE=200809L -pthread -I/usr/include/drm -I/usr/include/libdrm \
	tests/test_c278_solution1.c \
	-ldrm -lm -lz -lpthread -ldl -o bin/test_c278_solution1
In file included from tests/test_c278_solution1.c:16:
tests/../src/btc_gen9_native_runner.c:20: warning: "_GNU_SOURCE" redefined
   20 | #define _GNU_SOURCE  /* C255v8n: Pour MADV_HUGEPAGE et usleep */
      | 
<command-line>: note: this is the location of the previous definition
tests/../src/btc_gen9_native_runner.c:21: warning: "_POSIX_C_SOURCE" redefined
   21 | #define _POSIX_C_SOURCE 199309L
      | 
In file included from /usr/include/x86_64-linux-gnu/bits/libc-header-start.h:33,
                 from /usr/include/stdio.h:28,
                 from tests/test_c278_solution1.c:7:
/usr/include/features.h:292: note: this is the location of the previous definition
  292 | # define _POSIX_C_SOURCE        200809L
      | 
tests/../src/btc_gen9_native_runner.c:46:10: fatal error: btc_gen9_structures.h: No such file or directory
   46 | #include "btc_gen9_structures.h"
      |          ^~~~~~~~~~~~~~~~~~~~~~~
compilation terminated.
make: *** [Makefile.c278:42: test_solution1] Error 1
