
================================================================================
EXECBUFFER2 CALL #1 - Timestamp: 7367439204570 ns
================================================================================

--- EXECBUFFER2 Structure ---
buffers_ptr:       0x0000615b7669a950
buffer_count:      10
batch_start_offset: 0
batch_len:         320 bytes
flags:             0x0000000000000800
rsvd1:             0x0000000000000001
rsvd2:             0x0000000000000000

--- Buffer Objects (10) ---

Buffer #0:
  handle:           10
  relocation_count: 0
  relocs_ptr:       0x0000000000000000
  alignment:        0
  offset:           0x000071fcd4e4f000
  flags:            0x0000000000000018

Buffer #1:
  handle:           9
  relocation_count: 0
  relocs_ptr:       0x0000000000000000
  alignment:        0
  offset:           0xffff8001fffed000
  flags:            0x0000000000000018

Buffer #2:
  handle:           12
  relocation_count: 0
  relocs_ptr:       0x0000000000000000
  alignment:        0
  offset:           0x000071fcd4b09000
  flags:            0x0000000000000018

Buffer #3:
  handle:           14
  relocation_count: 0
  relocs_ptr:       0x0000000000000000
  alignment:        0
  offset:           0x000071fcd4af8000
  flags:            0x0000000000000018

Buffer #4:
  handle:           13
  relocation_count: 0
  relocs_ptr:       0x0000000000000000
  alignment:        0
  offset:           0xffff8001fffdd000
  flags:            0x0000000000000018

Buffer #5:
  handle:           2
  relocation_count: 0
  relocs_ptr:       0x0000000000000000
  alignment:        0
  offset:           0x000071fcd4e55000
  flags:            0x0000000000000018

Buffer #6:
  handle:           3
  relocation_count: 0
  relocs_ptr:       0x0000000000000000
  alignment:        0
  offset:           0x000071fcd1e00000
  flags:            0x0000000000000018

Buffer #7:
  handle:           8
  relocation_count: 0
  relocs_ptr:       0x0000000000000000
  alignment:        0
  offset:           0xffff8001fffee000
  flags:            0x0000000000000018

Buffer #8:
  handle:           11
  relocation_count: 0
  relocs_ptr:       0x0000000000000000
  alignment:        0
  offset:           0x000071fcd4e1c000
  flags:            0x0000000000000018

Buffer #9:
  handle:           15
  relocation_count: 0
  relocs_ptr:       0x0000000000000000
  alignment:        0
  offset:           0x000071fcd4ae7000
  flags:            0x0000000000000018

--- BATCH BUFFER CONTENT ---
Mapped address: 0x71fcd4ef1000
Batch length:   320 bytes

=== BATCH BUFFER (320 bytes) ===
00000000: 12 13 04 69 04 00 00 7a 00 00 10 00 00 00 00 00  | ...i...z........
00000010: 00 00 00 00 00 00 00 00 00 00 00 00 01 00 00 11  | ................
00000020: 04 e4 00 00 00 01 00 00 01 00 00 11 34 70 00 00  | ............4p..
00000030: 21 03 00 60 01 00 04 61 00 00 e0 d1 fc 71 00 00  | !..`...a.....q..
00000040: 04 00 00 7a 21 10 10 00 00 00 00 00 00 00 00 00  | ...z!...........
00000050: 00 00 00 00 00 00 00 00 07 00 00 70 00 00 00 00  | ...........p....
00000060: 00 00 00 00 00 01 a7 00 00 00 00 00 00 00 82 07  | ................
00000070: 00 00 00 00 00 00 00 00 00 00 00 00 01 00 00 11  | ................
00000080: 80 25 00 00 00 00 06 00 04 00 00 7a 20 04 10 00  | .%.........z ...
00000090: 00 00 00 00 00 00 00 00 00 00 00 00 00 00 00 00  | ................
000000a0: 11 00 01 61 01 00 00 00 00 00 00 00 00 00 04 00  | ...a............
000000b0: 01 80 af d4 fc 71 00 00 01 90 b0 d4 fc 71 00 00  | .....q.......q..
000000c0: 01 00 00 00 01 80 ff ff 41 00 00 00 01 80 00 00  | ........A.......
000000d0: 01 f0 ff ff 01 00 01 00 01 f0 ff ff 01 f0 ff ff  | ................
000000e0: 01 80 af d4 fc 71 00 00 00 f0 3b 00 01 00 02 61  | .....q....;....a
000000f0: 00 e0 fe ff 00 00 00 00 04 00 00 7a 00 00 10 00  | ...........z....
00000100: 00 00 00 00 00 00 00 00 00 00 00 00 00 00 00 00  | ................
00000110: 01 01 80 18 00 c0 e1 d4 fc 71 00 00 00 00 00 00  | .........q......
00000120: 00 00 00 00 00 00 00 00 00 00 00 00 00 00 00 00  | ................
00000130: 00 00 00 00 00 00 00 00 00 00 00 00 00 00 00 00  | ................

--- GPU COMMANDS DECODE ---
[0000] 0x69041312: PIPELINE_SELECT (length=20)
       [0004] 0x7a000004
       [0008] 0x00100000
       [000c] 0x00000000
       [0010] 0x00000000
       [0014] 0x00000000
       [0018] 0x00000000
       [001c] 0x11000001
       [0020] 0x0000e404
       [0024] 0x00000100
       [0028] 0x11000001
       [002c] 0x00007034
       [0030] 0x60000321
       [0034] 0x61040001
       [0038] 0xd1e00000
       [003c] 0x000071fc
       [0040] 0x7a000004
       [0044] 0x00101021
       [0048] 0x00000000
       [004c] 0x00000000
[0050] 0x00000000: UNKNOWN (opcode=0x000, subop=0x00, length=2)
       [0054] 0x00000000
[0058] 0x70000007: MEDIA_VFE_STATE (length=9)
       [005c] 0x00000000
       [0060] 0x00000000
       [0064] 0x00a70100
       [0068] 0x00000000
       [006c] 0x07820000
       [0070] 0x00000000
       [0074] 0x00000000
       [0078] 0x00000000
[007c] 0x11000001: UNKNOWN (opcode=0x022, subop=0x00, length=3)
       [0080] 0x00002580
       [0084] 0x00060000
[0088] 0x7a000004: PIPE_CONTROL (length=6)
       [008c] 0x00100420
       [0090] 0x00000000
       [0094] 0x00000000
       [0098] 0x00000000
       [009c] 0x00000000
[00a0] 0x61010011: STATE_BASE_ADDRESS (length=19)
       [00a4] 0x00000001
       [00a8] 0x00000000
       [00ac] 0x00040000
       [00b0] 0xd4af8001
       [00b4] 0x000071fc
       [00b8] 0xd4b09001
       [00bc] 0x000071fc
       [00c0] 0x00000001
       [00c4] 0xffff8001
       [00c8] 0x00000041
       [00cc] 0x00008001
       [00d0] 0xfffff001
       [00d4] 0x00010001
       [00d8] 0xfffff001
       [00dc] 0xfffff001
       [00e0] 0xd4af8001
       [00e4] 0x000071fc
       [00e8] 0x003bf000
[00ec] 0x61020001: UNKNOWN (opcode=0x0c2, subop=0x02, length=3)
       [00f0] 0xfffee000
       [00f4] 0x00000000
[00f8] 0x7a000004: PIPE_CONTROL (length=6)
       [00fc] 0x00100000
       [0100] 0x00000000
       [0104] 0x00000000
       [0108] 0x00000000
       [010c] 0x00000000
[0110] 0x18800101: UNKNOWN (opcode=0x031, subop=0x00, length=3)
       [0114] 0xd4e1c000
       [0118] 0x000071fc
[011c] 0x00000000: UNKNOWN (opcode=0x000, subop=0x00, length=2)
       [0120] 0x00000000
[0124] 0x00000000: UNKNOWN (opcode=0x000, subop=0x00, length=2)
       [0128] 0x00000000
[012c] 0x00000000: UNKNOWN (opcode=0x000, subop=0x00, length=2)
       [0130] 0x00000000
[0134] 0x00000000: UNKNOWN (opcode=0x000, subop=0x00, length=2)
       [0138] 0x00000000
[013c] 0x00000000: UNKNOWN (opcode=0x000, subop=0x00, length=2)

================================================================================

EXECBUFFER2 Result: 0 (errno=0)

=== INTERCEPTION TERMINÉE ===
Total EXECBUFFER2 calls: 1
