# LumVorax C198 Phase 15C — Gen9 Native Runner
# 0% OpenCL, 0% Level Zero, 100% i915 DRM
# Device: Intel UHD Graphics 620 (Gen9)

[6385.297243616] I915_PREEMPT_TIMEOUT_CURRENT: 640 ms
[6385.297251813] BATCH_SIZE_WARNING_C280: 10000000 nonces peut causer GPU hang (temps > 640ms)
[6385.297253699] INIT_START: batch_size=10000000 work_group_size=256 timeout=640ms
[6385.297292344] DRM_OPEN_SUCCESS: /dev/dri/renderD128 (fd=4)
[6385.297303947] DRM_VERSION: i915 1.6.0
[6385.297313058] CONTEXT_CREATE_SUCCESS: ctx_id=1
[6385.297319677] VM_CREATE_SUCCESS: vm_id=1
[6385.297322427] CONTEXT_CREATE_EXT_SUCCESS: ctx_id=2
[6385.297325388] CONTEXT_SETPARAM_VM_SUCCESS: ctx_id=2 vm_id=1
[6385.297327736] CONTEXT_SETPARAM_RECOVERABLE_SUCCESS
[6385.297329971] CONTEXT_SETPARAM_PERSISTENCE_SUCCESS
[6385.297331542] CREATE_GPU_CONTEXT_WITH_VM_COMPLETE: vm_id=1 ctx_id=2
[6385.297333187] CTX_POOL_CREATED: index=0 vm_id=1 ctx_id=2
[6385.297338433] VM_CREATE_SUCCESS: vm_id=2
[6385.297340866] CONTEXT_CREATE_EXT_SUCCESS: ctx_id=3
[6385.297351058] CONTEXT_SETPARAM_VM_SUCCESS: ctx_id=3 vm_id=2
[6385.297353479] CONTEXT_SETPARAM_RECOVERABLE_SUCCESS
[6385.297355738] CONTEXT_SETPARAM_PERSISTENCE_SUCCESS
[6385.297357307] CREATE_GPU_CONTEXT_WITH_VM_COMPLETE: vm_id=2 ctx_id=3
[6385.297358946] CTX_POOL_CREATED: index=1 vm_id=2 ctx_id=3
[6385.297364457] VM_CREATE_SUCCESS: vm_id=3
[6385.297366710] CONTEXT_CREATE_EXT_SUCCESS: ctx_id=4
[6385.297368965] CONTEXT_SETPARAM_VM_SUCCESS: ctx_id=4 vm_id=3
[6385.297371021] CONTEXT_SETPARAM_RECOVERABLE_SUCCESS
[6385.297373008] CONTEXT_SETPARAM_PERSISTENCE_SUCCESS
[6385.297374619] CREATE_GPU_CONTEXT_WITH_VM_COMPLETE: vm_id=3 ctx_id=4
[6385.297376210] CTX_POOL_CREATED: index=2 vm_id=3 ctx_id=4
[6385.298495513] GEM_ALLOC_SUCCESS: handle=1 size=3664 addr=0x7e0d0c403000 (cleared to zero)
[6385.298509418] KERNEL_LOAD_SUCCESS: path=kernels/btc_sha256_gen9.bin_kbl.bin size=3664 handle=1
[6385.298514633] KERNEL_CACHE_CREATED: size=3664 bytes
[6385.298537999] GEM_ALLOC_SUCCESS: handle=2 size=4096 addr=0x7e0d0c402000 (cleared to zero)
[6385.298542513] BATCH_POOL_CREATED: index=0 handle=2
[6385.298557470] GEM_ALLOC_SUCCESS: handle=3 size=4096 addr=0x7e0d0c401000 (cleared to zero)
[6385.298561400] BATCH_POOL_CREATED: index=1 handle=3
[6385.298576647] GEM_ALLOC_SUCCESS: handle=4 size=4096 addr=0x7e0d0c400000 (cleared to zero)
[6385.298580237] BATCH_POOL_CREATED: index=2 handle=4
[6385.298602928] GEM_ALLOC_SUCCESS: handle=5 size=4096 addr=0x7e0d0c3ff000 (cleared to zero)
[6385.298607180] BATCH_POOL_CREATED: index=3 handle=5
[6385.298626995] GEM_ALLOC_SUCCESS: handle=6 size=4096 addr=0x7e0d0c3fe000 (cleared to zero)
[6385.298631039] BATCH_POOL_CREATED: index=4 handle=6
[6385.298645287] GEM_ALLOC_SUCCESS: handle=7 size=4096 addr=0x7e0d0c3fd000 (cleared to zero)
[6385.298648801] BATCH_POOL_CREATED: index=5 handle=7
[6385.298661969] GEM_ALLOC_SUCCESS: handle=8 size=4096 addr=0x7e0d0c3fc000 (cleared to zero)
[6385.298665653] BATCH_POOL_CREATED: index=6 handle=8
[6385.298679177] GEM_ALLOC_SUCCESS: handle=9 size=4096 addr=0x7e0d0c3fb000 (cleared to zero)
[6385.298682759] BATCH_POOL_CREATED: index=7 handle=9
[6385.298696480] GEM_ALLOC_SUCCESS: handle=10 size=4096 addr=0x7e0d0c3fa000 (cleared to zero)
[6385.298700222] BATCH_POOL_CREATED: index=8 handle=10
[6385.298716937] GEM_ALLOC_SUCCESS: handle=11 size=4096 addr=0x7e0d0c3f9000 (cleared to zero)
[6385.298720797] BATCH_POOL_CREATED: index=9 handle=11
[6385.298736258] GEM_ALLOC_SUCCESS: handle=12 size=4096 addr=0x7e0d0c3f8000 (cleared to zero)
[6385.298739941] BATCH_POOL_CREATED: index=10 handle=12
[6385.298753563] GEM_ALLOC_SUCCESS: handle=13 size=4096 addr=0x7e0d0c3f7000 (cleared to zero)
[6385.298757206] BATCH_POOL_CREATED: index=11 handle=13
[6385.298769779] GEM_ALLOC_SUCCESS: handle=14 size=4096 addr=0x7e0d0c3f6000 (cleared to zero)
[6385.298773552] BATCH_POOL_CREATED: index=12 handle=14
[6385.298792196] GEM_ALLOC_SUCCESS: handle=15 size=4096 addr=0x7e0d0c3f5000 (cleared to zero)
[6385.298795918] BATCH_POOL_CREATED: index=13 handle=15
[6385.298811102] GEM_ALLOC_SUCCESS: handle=16 size=4096 addr=0x7e0d0c3f4000 (cleared to zero)
[6385.298834531] BATCH_POOL_CREATED: index=14 handle=16
[6385.298851569] GEM_ALLOC_SUCCESS: handle=17 size=4096 addr=0x7e0d0c3f3000 (cleared to zero)
[6385.298855260] BATCH_POOL_CREATED: index=15 handle=17
[6385.298873342] GEM_ALLOC_SUCCESS: handle=18 size=4096 addr=0x7e0d0c3f2000 (cleared to zero)
[6385.298877024] BATCH_POOL_CREATED: index=16 handle=18
[6385.298891106] GEM_ALLOC_SUCCESS: handle=19 size=4096 addr=0x7e0d0c3f1000 (cleared to zero)
[6385.298895012] BATCH_POOL_CREATED: index=17 handle=19
[6385.298908740] GEM_ALLOC_SUCCESS: handle=20 size=4096 addr=0x7e0d0c3f0000 (cleared to zero)
[6385.298912391] BATCH_POOL_CREATED: index=18 handle=20
[6385.298925883] GEM_ALLOC_SUCCESS: handle=21 size=4096 addr=0x7e0d0c3ef000 (cleared to zero)
[6385.298929549] BATCH_POOL_CREATED: index=19 handle=21
[6385.298942580] GEM_ALLOC_SUCCESS: handle=22 size=4096 addr=0x7e0d0c3ee000 (cleared to zero)
[6385.298946308] BATCH_POOL_CREATED: index=20 handle=22
[6385.298962392] GEM_ALLOC_SUCCESS: handle=23 size=4096 addr=0x7e0d0c3ed000 (cleared to zero)
[6385.298966003] BATCH_POOL_CREATED: index=21 handle=23
[6385.298980412] GEM_ALLOC_SUCCESS: handle=24 size=4096 addr=0x7e0d0c3d2000 (cleared to zero)
[6385.298984160] BATCH_POOL_CREATED: index=22 handle=24
[6385.298998919] GEM_ALLOC_SUCCESS: handle=25 size=4096 addr=0x7e0d0c3d1000 (cleared to zero)
[6385.299010739] BATCH_POOL_CREATED: index=23 handle=25
[6385.299032935] GEM_ALLOC_SUCCESS: handle=26 size=4096 addr=0x7e0d0c3d0000 (cleared to zero)
[6385.299036700] BATCH_POOL_CREATED: index=24 handle=26
[6385.299050396] GEM_ALLOC_SUCCESS: handle=27 size=4096 addr=0x7e0d0c3cf000 (cleared to zero)
[6385.299054171] BATCH_POOL_CREATED: index=25 handle=27
[6385.299068181] GEM_ALLOC_SUCCESS: handle=28 size=4096 addr=0x7e0d0c3ce000 (cleared to zero)
[6385.299071710] BATCH_POOL_CREATED: index=26 handle=28
[6385.299085527] GEM_ALLOC_SUCCESS: handle=29 size=4096 addr=0x7e0d0c3cd000 (cleared to zero)
[6385.299089229] BATCH_POOL_CREATED: index=27 handle=29
[6385.299104627] GEM_ALLOC_SUCCESS: handle=30 size=4096 addr=0x7e0d0c3cc000 (cleared to zero)
[6385.299111425] BATCH_POOL_CREATED: index=28 handle=30
[6385.299126656] GEM_ALLOC_SUCCESS: handle=31 size=4096 addr=0x7e0d0c3cb000 (cleared to zero)
[6385.299130232] BATCH_POOL_CREATED: index=29 handle=31
[6385.299191301] GEM_ALLOC_SUCCESS: handle=32 size=4096 addr=0x7e0d0c3ca000 (cleared to zero)
[6385.299196215] BATCH_POOL_CREATED: index=30 handle=32
[6385.299210889] GEM_ALLOC_SUCCESS: handle=33 size=4096 addr=0x7e0d0c3c9000 (cleared to zero)
[6385.299214683] BATCH_POOL_CREATED: index=31 handle=33
[6385.299236496] GEM_ALLOC_SUCCESS: handle=34 size=4096 addr=0x7e0d0c3c8000 (cleared to zero)
[6385.299240134] BATCH_POOL_CREATED: index=32 handle=34
[6385.299256289] GEM_ALLOC_SUCCESS: handle=35 size=4096 addr=0x7e0d0c3c7000 (cleared to zero)
[6385.299259866] BATCH_POOL_CREATED: index=33 handle=35
[6385.299272654] GEM_ALLOC_SUCCESS: handle=36 size=4096 addr=0x7e0d0c3c6000 (cleared to zero)
[6385.299276123] BATCH_POOL_CREATED: index=34 handle=36
[6385.299289204] GEM_ALLOC_SUCCESS: handle=37 size=4096 addr=0x7e0d0c3c5000 (cleared to zero)
[6385.299292785] BATCH_POOL_CREATED: index=35 handle=37
[6385.299306405] GEM_ALLOC_SUCCESS: handle=38 size=4096 addr=0x7e0d0c3c4000 (cleared to zero)
[6385.299312619] BATCH_POOL_CREATED: index=36 handle=38
[6385.299326748] GEM_ALLOC_SUCCESS: handle=39 size=4096 addr=0x7e0d0c3c3000 (cleared to zero)
[6385.299330293] BATCH_POOL_CREATED: index=37 handle=39
[6385.299344793] GEM_ALLOC_SUCCESS: handle=40 size=4096 addr=0x7e0d0c3c2000 (cleared to zero)
[6385.299348464] BATCH_POOL_CREATED: index=38 handle=40
[6385.299364799] GEM_ALLOC_SUCCESS: handle=41 size=4096 addr=0x7e0d0c3c1000 (cleared to zero)
[6385.299368685] BATCH_POOL_CREATED: index=39 handle=41
[6385.299383758] GEM_ALLOC_SUCCESS: handle=42 size=4096 addr=0x7e0d0c3c0000 (cleared to zero)
[6385.299389973] BATCH_POOL_CREATED: index=40 handle=42
[6385.299405808] GEM_ALLOC_SUCCESS: handle=43 size=4096 addr=0x7e0d0c3bf000 (cleared to zero)
[6385.299409533] BATCH_POOL_CREATED: index=41 handle=43
[6385.299428083] GEM_ALLOC_SUCCESS: handle=44 size=4096 addr=0x7e0d0c3be000 (cleared to zero)
[6385.299431728] BATCH_POOL_CREATED: index=42 handle=44
[6385.299445138] GEM_ALLOC_SUCCESS: handle=45 size=4096 addr=0x7e0d0c3bd000 (cleared to zero)
[6385.299448775] BATCH_POOL_CREATED: index=43 handle=45
[6385.299463352] GEM_ALLOC_SUCCESS: handle=46 size=4096 addr=0x7e0d0c3bc000 (cleared to zero)
[6385.299466983] BATCH_POOL_CREATED: index=44 handle=46
[6385.299480283] GEM_ALLOC_SUCCESS: handle=47 size=4096 addr=0x7e0d0c3bb000 (cleared to zero)
[6385.299485764] BATCH_POOL_CREATED: index=45 handle=47
[6385.299500297] GEM_ALLOC_SUCCESS: handle=48 size=4096 addr=0x7e0d0c3ba000 (cleared to zero)
[6385.299504128] BATCH_POOL_CREATED: index=46 handle=48
[6385.299520684] GEM_ALLOC_SUCCESS: handle=49 size=4096 addr=0x7e0d0c3b9000 (cleared to zero)
[6385.299524558] BATCH_POOL_CREATED: index=47 handle=49
[6385.299537956] GEM_ALLOC_SUCCESS: handle=50 size=4096 addr=0x7e0d0c3b8000 (cleared to zero)
[6385.299541491] BATCH_POOL_CREATED: index=48 handle=50
[6385.299555022] GEM_ALLOC_SUCCESS: handle=51 size=4096 addr=0x7e0d0c3b7000 (cleared to zero)
[6385.299558593] BATCH_POOL_CREATED: index=49 handle=51
[6385.299571723] GEM_ALLOC_SUCCESS: handle=52 size=4096 addr=0x7e0d0c3b6000 (cleared to zero)
[6385.299575241] BATCH_POOL_CREATED: index=50 handle=52
[6385.299589259] GEM_ALLOC_SUCCESS: handle=53 size=4096 addr=0x7e0d0c3b5000 (cleared to zero)
[6385.299592833] BATCH_POOL_CREATED: index=51 handle=53
[6385.299606636] GEM_ALLOC_SUCCESS: handle=54 size=4096 addr=0x7e0d0c3b4000 (cleared to zero)
[6385.299610294] BATCH_POOL_CREATED: index=52 handle=54
[6385.299624112] GEM_ALLOC_SUCCESS: handle=55 size=4096 addr=0x7e0d0c3b3000 (cleared to zero)
[6385.299627695] BATCH_POOL_CREATED: index=53 handle=55
[6385.299645372] GEM_ALLOC_SUCCESS: handle=56 size=4096 addr=0x7e0d0c3b2000 (cleared to zero)
[6385.299651224] BATCH_POOL_CREATED: index=54 handle=56
[6385.299665825] GEM_ALLOC_SUCCESS: handle=57 size=4096 addr=0x7e0d0c3b1000 (cleared to zero)
[6385.299669730] BATCH_POOL_CREATED: index=55 handle=57
[6385.299684637] GEM_ALLOC_SUCCESS: handle=58 size=4096 addr=0x7e0d0c3b0000 (cleared to zero)
[6385.299690654] BATCH_POOL_CREATED: index=56 handle=58
[6385.299705826] GEM_ALLOC_SUCCESS: handle=59 size=4096 addr=0x7e0d0c3af000 (cleared to zero)
[6385.299709554] BATCH_POOL_CREATED: index=57 handle=59
[6385.299722851] GEM_ALLOC_SUCCESS: handle=60 size=4096 addr=0x7e0d0c3ae000 (cleared to zero)
[6385.299726408] BATCH_POOL_CREATED: index=58 handle=60
[6385.299744968] GEM_ALLOC_SUCCESS: handle=61 size=4096 addr=0x7e0d0c3ad000 (cleared to zero)
[6385.299749491] BATCH_POOL_CREATED: index=59 handle=61
[6385.299764277] GEM_ALLOC_SUCCESS: handle=62 size=4096 addr=0x7e0d0c3ac000 (cleared to zero)
[6385.299768044] BATCH_POOL_CREATED: index=60 handle=62
[6385.299781806] GEM_ALLOC_SUCCESS: handle=63 size=4096 addr=0x7e0d0c3ab000 (cleared to zero)
[6385.299785404] BATCH_POOL_CREATED: index=61 handle=63
[6385.299803211] GEM_ALLOC_SUCCESS: handle=64 size=4096 addr=0x7e0d0c3aa000 (cleared to zero)
[6385.299807049] BATCH_POOL_CREATED: index=62 handle=64
[6385.299822368] GEM_ALLOC_SUCCESS: handle=65 size=4096 addr=0x7e0d0c3a9000 (cleared to zero)
[6385.299828311] BATCH_POOL_CREATED: index=63 handle=65
[6385.299843581] GEM_ALLOC_SUCCESS: handle=66 size=4096 addr=0x7e0d0c3a8000 (cleared to zero)
[6385.299847233] BATCH_POOL_CREATED: index=64 handle=66
[6385.299861020] GEM_ALLOC_SUCCESS: handle=67 size=4096 addr=0x7e0d0c3a7000 (cleared to zero)
[6385.299864694] BATCH_POOL_CREATED: index=65 handle=67
[6385.299883522] GEM_ALLOC_SUCCESS: handle=68 size=4096 addr=0x7e0d0c3a6000 (cleared to zero)
[6385.299887317] BATCH_POOL_CREATED: index=66 handle=68
[6385.299901551] GEM_ALLOC_SUCCESS: handle=69 size=4096 addr=0x7e0d0c3a5000 (cleared to zero)
[6385.299905186] BATCH_POOL_CREATED: index=67 handle=69
[6385.299920030] GEM_ALLOC_SUCCESS: handle=70 size=4096 addr=0x7e0d0c3a4000 (cleared to zero)
[6385.299923865] BATCH_POOL_CREATED: index=68 handle=70
[6385.299941143] GEM_ALLOC_SUCCESS: handle=71 size=4096 addr=0x7e0d0c3a3000 (cleared to zero)
[6385.299949148] BATCH_POOL_CREATED: index=69 handle=71
[6385.299963596] GEM_ALLOC_SUCCESS: handle=72 size=4096 addr=0x7e0d0c3a2000 (cleared to zero)
[6385.299969813] BATCH_POOL_CREATED: index=70 handle=72
[6385.299985017] GEM_ALLOC_SUCCESS: handle=73 size=4096 addr=0x7e0d0c3a1000 (cleared to zero)
[6385.299990605] BATCH_POOL_CREATED: index=71 handle=73
[6385.300015509] GEM_ALLOC_SUCCESS: handle=74 size=4096 addr=0x7e0d0c3a0000 (cleared to zero)
[6385.300019989] BATCH_POOL_CREATED: index=72 handle=74
[6385.300034908] GEM_ALLOC_SUCCESS: handle=75 size=4096 addr=0x7e0d0c39f000 (cleared to zero)
[6385.300038652] BATCH_POOL_CREATED: index=73 handle=75
[6385.300052935] GEM_ALLOC_SUCCESS: handle=76 size=4096 addr=0x7e0d0c39e000 (cleared to zero)
[6385.300056703] BATCH_POOL_CREATED: index=74 handle=76
[6385.300070568] GEM_ALLOC_SUCCESS: handle=77 size=4096 addr=0x7e0d0c39d000 (cleared to zero)
[6385.300074139] BATCH_POOL_CREATED: index=75 handle=77
[6385.300093321] GEM_ALLOC_SUCCESS: handle=78 size=4096 addr=0x7e0d0c39c000 (cleared to zero)
[6385.300097308] BATCH_POOL_CREATED: index=76 handle=78
[6385.300119162] GEM_ALLOC_SUCCESS: handle=79 size=4096 addr=0x7e0d0c39b000 (cleared to zero)
[6385.300122993] BATCH_POOL_CREATED: index=77 handle=79
[6385.300137047] GEM_ALLOC_SUCCESS: handle=80 size=4096 addr=0x7e0d0c39a000 (cleared to zero)
[6385.300140602] BATCH_POOL_CREATED: index=78 handle=80
[6385.300154103] GEM_ALLOC_SUCCESS: handle=81 size=4096 addr=0x7e0d0c399000 (cleared to zero)
[6385.300157765] BATCH_POOL_CREATED: index=79 handle=81
[6385.300171743] GEM_ALLOC_SUCCESS: handle=82 size=4096 addr=0x7e0d0c398000 (cleared to zero)
[6385.300178567] BATCH_POOL_CREATED: index=80 handle=82
[6385.300193912] GEM_ALLOC_SUCCESS: handle=83 size=4096 addr=0x7e0d0c397000 (cleared to zero)
[6385.300197506] BATCH_POOL_CREATED: index=81 handle=83
[6385.300210523] GEM_ALLOC_SUCCESS: handle=84 size=4096 addr=0x7e0d0c396000 (cleared to zero)
[6385.300214345] BATCH_POOL_CREATED: index=82 handle=84
[6385.300228983] GEM_ALLOC_SUCCESS: handle=85 size=4096 addr=0x7e0d0c395000 (cleared to zero)
[6385.300232429] BATCH_POOL_CREATED: index=83 handle=85
[6385.300249025] GEM_ALLOC_SUCCESS: handle=86 size=4096 addr=0x7e0d0c394000 (cleared to zero)
[6385.300252788] BATCH_POOL_CREATED: index=84 handle=86
[6385.300266921] GEM_ALLOC_SUCCESS: handle=87 size=4096 addr=0x7e0d0c393000 (cleared to zero)
[6385.300273370] BATCH_POOL_CREATED: index=85 handle=87
[6385.300289151] GEM_ALLOC_SUCCESS: handle=88 size=4096 addr=0x7e0d0c392000 (cleared to zero)
[6385.300292728] BATCH_POOL_CREATED: index=86 handle=88
[6385.300307638] GEM_ALLOC_SUCCESS: handle=89 size=4096 addr=0x7e0d0c391000 (cleared to zero)
[6385.300311231] BATCH_POOL_CREATED: index=87 handle=89
[6385.300325961] GEM_ALLOC_SUCCESS: handle=90 size=4096 addr=0x7e0d0c390000 (cleared to zero)
[6385.300329380] BATCH_POOL_CREATED: index=88 handle=90
[6385.300348914] GEM_ALLOC_SUCCESS: handle=91 size=4096 addr=0x7e0d0c38f000 (cleared to zero)
[6385.300356540] BATCH_POOL_CREATED: index=89 handle=91
[6385.300397030] GEM_ALLOC_THP_SUCCESS: handle=92 size=40000000 addr=0x7e0d09800000 (THP enabled)
[6385.300462846] GEM_ALLOC_SUCCESS: handle=93 size=40 addr=0x7e0d0c38e000 (cleared to zero)
[6385.300551185] GEM_ALLOC_SUCCESS: handle=94 size=65536 addr=0x7e0d0c37e000 (cleared to zero)
[6385.300557256] SSH_CREATED: size=65536 handle=94
[6385.300655243] GEM_ALLOC_SUCCESS: handle=95 size=65536 addr=0x7e0d0c36e000 (cleared to zero)
[6385.300671388] DSH_CREATED: size=65536 handle=95
[6385.302110177] GEM_ALLOC_SUCCESS: handle=96 size=1048576 addr=0x7e0d0c26e000 (cleared to zero)
[6385.302148246] IOH_CREATED: size=1048576 handle=96
[6385.302153441] C358_PRE_EXEC_SSH_DUMP (BEFORE i915 patch):
[6385.302156328]   Surface[0]: dw0=0x87fc0000 dw1=0x00000000 dw2=0x026259ff dw3=0x00000000
[6385.302159390]   Surface[1]: dw0=0x87fc0000 dw1=0x00000000 dw2=0x00000027 dw3=0x00000000
[6385.302162642]   Expected: input.dw2=0x026259ff output.dw2=0x00000027
[6385.302165763] C345_SURFACE_STATES_CONFIGURED:
[6385.302181507]   Input:  bo=92 offset=0x00000000 size=40000000 (i915 resolves via exec_objects[1])
[6385.302184964]   Output: bo=93 offset=0x00000000 size=40 (i915 resolves via exec_objects[2])
[6385.302187575]   Surface[0]: dw0=0x87fc0000 dw1=0x00000000 dw2=0x026259ff dw3=0x00000000
[6385.302190320]   Surface[1]: dw0=0x87fc0000 dw1=0x00000000 dw2=0x00000027 dw3=0x00000000
[6385.302193578] C345_SURFACE_CHECK[0]: offset=0x00000000 ALIGNED
[6385.302198270] C345_SURFACE_CHECK[1]: offset=0x00000000 ALIGNED
[6385.302201630] BINDING_TABLE_CONFIGURED: offset=128 entries=2
[6385.302204743] C343_BINDING_TABLE: entry[0]=0 (surface_offset) entry[1]=64 (surface_offset)
[6385.302208118] C345_INTERFACE_DESC_CONFIGURED: kernel_bo=1 kernel_offset=0x00000000 binding_table_offset=128
[6385.302211354] C345_IDD_DUMP: dw0=0x00000000 (kernel_offset=0x00000000) dw4=0x00000080 (binding_table=128) dw6=0x00000100 (threads=256)
[6385.302214870] C345_NOTE: kernel_offset=0 is valid (relative to Instruction Base Address set by STATE_BASE_ADDRESS)
[6385.302217705] GPU_HEAPS_CONFIGURED: ssh_used=136 dsh_used=32
[6385.302417684] ASYNC_SAVE_INIT: buffer_size=40 thread_created=yes
[6385.302427633] INIT_COMPLETE: time=0.006451 sec
[6385.302465423] MINING_START: start_nonce=0 count=10000000
[6385.305624973] MINING_INPUT_PREPARED: header_size=80 start_nonce=0 count=10000000
[6385.305646416] C326_WRITE_VERIFY: wrote sentinel=0x00000000, readback output[0]=0x00000000 output[1]=0x00000000
[6385.305650691] CACHE_FLUSH: input and output buffers flushed to RAM
[6385.305661481] C332_PWRITE_SUCCESS: wrote 0x00000000 directly to output_bo via GEM_PWRITE
[6385.305664476] EXEC_START: ctx_id=2 mode=PERSISTENT (dispatch=1) sentinel=0x00000000
[6385.305666976] BATCH_POOL_SELECT: index=0/90 handle=2
[6385.305669668] BATCH_BUILD_SUCCESS: commands=62 bytes=248 batch_bo=2
[6385.305672152] C359_DW2_SAVED: input=0x026259ff output=0x00000027 (will restore before EXECBUFFER2)
[6385.305674824] C340_EXEC_OBJECTS: 7 buffers configured
[6385.305677497] C347_RELOCATIONS: batch[ssh@48 dsh@56 ioh@64 kernel@72] ssh[input@4 output@68]
[6385.305682034] C359_DW2_RESTORED_PRE_EXEC: input=0x026259ff output=0x00000027
[6385.313861258] C357_POST_EXEC_SSH_DUMP:
[6385.313895198]   Surface[0]: dw0=0x87fc0000 dw1=0x00001000 dw2=0x00000000 dw3=0x00000000
[6385.313901052]   Surface[1]: dw0=0x87fc0000 dw1=0x02627000 dw2=0x00000000 dw3=0x00000000
[6385.313906432] C357_SUCCESS: i915 patched dw1 correctly (Input=0x00001000 Output=0x02627000)
[6385.313910069] C358_BUG_DETECTED: i915 erased dw2! Restoring...
[6385.313912569] C358_FIX_APPLIED: dw2 restored to input=0x026259ff output=0x00000027
[6385.314438914] C346_SET_DOMAIN_SUCCESS: CPU cache invalidated, GPU writes visible
[6385.314459442] C361_BUFFER_DUMP_START: 256 bytes (64 uint32)
[6385.314463361]   [00] offset=0x0000 value=0x00000000 ← CHANGED
[6385.314467211]   [01] offset=0x0004 value=0x00000000 ← CHANGED
[6385.314470235]   [02] offset=0x0008 value=0x00000000 ← CHANGED
[6385.314472775]   [03] offset=0x000c value=0x00000000 ← CHANGED
[6385.314475268]   [04] offset=0x0010 value=0x00000000 ← CHANGED
[6385.314477645]   [05] offset=0x0014 value=0x00000000 ← CHANGED
[6385.314481709]   [06] offset=0x0018 value=0x00000000 ← CHANGED
[6385.314483962]   [07] offset=0x001c value=0x00000000 ← CHANGED
[6385.314486224]   [08] offset=0x0020 value=0x00000000 ← CHANGED
[6385.314488592]   [09] offset=0x0024 value=0x00000000 ← CHANGED
[6385.314490764]   [10] offset=0x0028 value=0x00000000 ← CHANGED
[6385.314493258]   [11] offset=0x002c value=0x00000000 ← CHANGED
[6385.314495586]   [12] offset=0x0030 value=0x00000000 ← CHANGED
[6385.314498022]   [13] offset=0x0034 value=0x00000000 ← CHANGED
[6385.314500240]   [14] offset=0x0038 value=0x00000000 ← CHANGED
[6385.314502773]   [15] offset=0x003c value=0x00000000 ← CHANGED
[6385.314505874]   [16] offset=0x0040 value=0x00000000 ← CHANGED
[6385.314509658]   [17] offset=0x0044 value=0x00000000 ← CHANGED
[6385.314512802]   [18] offset=0x0048 value=0x00000000 ← CHANGED
[6385.314524759]   [19] offset=0x004c value=0x00000000 ← CHANGED
[6385.314528434]   [20] offset=0x0050 value=0x00000000 ← CHANGED
[6385.314531554]   [21] offset=0x0054 value=0x00000000 ← CHANGED
[6385.314534413]   [22] offset=0x0058 value=0x00000000 ← CHANGED
[6385.314537601]   [23] offset=0x005c value=0x00000000 ← CHANGED
[6385.314540781]   [24] offset=0x0060 value=0x00000000 ← CHANGED
[6385.314543650]   [25] offset=0x0064 value=0x00000000 ← CHANGED
[6385.314546816]   [26] offset=0x0068 value=0x00000000 ← CHANGED
[6385.314550082]   [27] offset=0x006c value=0x00000000 ← CHANGED
[6385.314552922]   [28] offset=0x0070 value=0x00000000 ← CHANGED
[6385.314556532]   [29] offset=0x0074 value=0x00000000 ← CHANGED
[6385.314559414]   [30] offset=0x0078 value=0x00000000 ← CHANGED
[6385.314562228]   [31] offset=0x007c value=0x00000000 ← CHANGED
[6385.314565734]   [32] offset=0x0080 value=0x00000000 ← CHANGED
[6385.314568380]   [33] offset=0x0084 value=0x00000000 ← CHANGED
[6385.314571160]   [34] offset=0x0088 value=0x00000000 ← CHANGED
[6385.314574605]   [35] offset=0x008c value=0x00000000 ← CHANGED
[6385.314577672]   [36] offset=0x0090 value=0x00000000 ← CHANGED
[6385.314580841]   [37] offset=0x0094 value=0x00000000 ← CHANGED
[6385.314583777]   [38] offset=0x0098 value=0x00000000 ← CHANGED
[6385.314586532]   [39] offset=0x009c value=0x00000000 ← CHANGED
[6385.314589681]   [40] offset=0x00a0 value=0x00000000 ← CHANGED
[6385.314593134]   [41] offset=0x00a4 value=0x00000000 ← CHANGED
[6385.314596261]   [42] offset=0x00a8 value=0x00000000 ← CHANGED
[6385.314599228]   [43] offset=0x00ac value=0x00000000 ← CHANGED
[6385.314602300]   [44] offset=0x00b0 value=0x00000000 ← CHANGED
[6385.314605555]   [45] offset=0x00b4 value=0x00000000 ← CHANGED
[6385.314608214]   [46] offset=0x00b8 value=0x00000000 ← CHANGED
[6385.314611402]   [47] offset=0x00bc value=0x00000000 ← CHANGED
[6385.314614530]   [48] offset=0x00c0 value=0x00000000 ← CHANGED
[6385.314617617]   [49] offset=0x00c4 value=0x00000000 ← CHANGED
[6385.314620819]   [50] offset=0x00c8 value=0x00000000 ← CHANGED
[6385.314623945]   [51] offset=0x00cc value=0x00000000 ← CHANGED
[6385.314627565]   [52] offset=0x00d0 value=0x00000000 ← CHANGED
[6385.314630666]   [53] offset=0x00d4 value=0x00000000 ← CHANGED
[6385.314633986]   [54] offset=0x00d8 value=0x00000000 ← CHANGED
[6385.314637158]   [55] offset=0x00dc value=0x00000000 ← CHANGED
[6385.314640535]   [56] offset=0x00e0 value=0x00000000 ← CHANGED
[6385.314643730]   [57] offset=0x00e4 value=0x00000000 ← CHANGED
[6385.314646918]   [58] offset=0x00e8 value=0x00000000 ← CHANGED
[6385.314650514]   [59] offset=0x00ec value=0x00000000 ← CHANGED
[6385.314653663]   [60] offset=0x00f0 value=0x00000000 ← CHANGED
[6385.314656579]   [61] offset=0x00f4 value=0x00000000 ← CHANGED
[6385.314659788]   [62] offset=0x00f8 value=0x00000000 ← CHANGED
[6385.314662756]   [63] offset=0x00fc value=0x00000000 ← CHANGED
[6385.314665665] C361_BUFFER_DUMP_END: 64/64 values changed
[6385.314668568] C361_CHANGED_OFFSETS: count=64
[6385.314671815]   offset[0]=0x0000 value=0x00000000
[6385.314675154]   offset[1]=0x0004 value=0x00000000
[6385.314678431]   offset[2]=0x0008 value=0x00000000
[6385.314681533]   offset[3]=0x000c value=0x00000000
[6385.314684447]   offset[4]=0x0010 value=0x00000000
[6385.314687294]   offset[5]=0x0014 value=0x00000000
[6385.314690325]   offset[6]=0x0018 value=0x00000000
[6385.314696202]   offset[7]=0x001c value=0x00000000
[6385.314699248]   offset[8]=0x0020 value=0x00000000
[6385.314701976]   offset[9]=0x0024 value=0x00000000
[6385.314705100] C361_PATTERN: Multiple writes, stride=1 (0x4 bytes)
[6385.314708251] C343_MEMORY_PROBE: 64/64 values changed in output buffer
[6385.314710853] EXEC_SUCCESS: time=0.008795 sec pool_ctx_id=2 sentinel_before=0xDEADBEEF sentinel_after=0x00000000 gpu_executed=YES leading_zeros=0 memory_changed=64
[6385.314721067] BATCH_RESET: old_size=10000000 new_size=0 time=0.089 µs
[6385.314728053] OUTPUT_SYNC_SUCCESS: output_bo synchronized
[6385.314735672] CACHE_INVALIDATE: output buffer cache invalidated, reading from RAM
[6385.314738691] C325_OUTPUT_VALUES: output[0]=0 output[1]=0
[6385.314742342] C325_WARNING: Both outputs are 0 - GPU may not have written or block header produces 0 leading zeros
[6385.314745100] MINING_SUCCESS: best_nonce=0 leading_zeros=0 time=0.012286 sec hashrate=813.91 MH/s
[6385.314758479] MINING_START: start_nonce=10000000 count=10000000
[6385.314762758] MINING_INPUT_PREPARED: header_size=80 start_nonce=10000000 count=10000000
[6385.314765940] C326_WRITE_VERIFY: wrote sentinel=0x00000000, readback output[0]=0x00000000 output[1]=0x00000000
[6385.314769231] CACHE_FLUSH: input and output buffers flushed to RAM
[6385.314776180] C332_PWRITE_SUCCESS: wrote 0x00000000 directly to output_bo via GEM_PWRITE
[6385.314779483] EXEC_START: ctx_id=3 mode=PERSISTENT (dispatch=2) sentinel=0x00000000
[6385.314783208] BATCH_POOL_SELECT: index=1/90 handle=3
[6385.314786567] BATCH_BUILD_SUCCESS: commands=62 bytes=248 batch_bo=3
[6385.314789868] C359_DW2_SAVED: input=0x026259ff output=0x00000027 (will restore before EXECBUFFER2)
[6385.314793289] C340_EXEC_OBJECTS: 7 buffers configured
[6385.314796145] C347_RELOCATIONS: batch[ssh@48 dsh@56 ioh@64 kernel@72] ssh[input@4 output@68]
[6385.314799985] C359_DW2_RESTORED_PRE_EXEC: input=0x026259ff output=0x00000027
[6385.315347883] C357_POST_EXEC_SSH_DUMP:
[6385.315361653]   Surface[0]: dw0=0x87fc0000 dw1=0x00001000 dw2=0x00000000 dw3=0x00000000
[6385.315366142]   Surface[1]: dw0=0x87fc0000 dw1=0x02627000 dw2=0x00000000 dw3=0x00000000
[6385.315369315] C357_SUCCESS: i915 patched dw1 correctly (Input=0x00001000 Output=0x02627000)
[6385.315372817] C358_BUG_DETECTED: i915 erased dw2! Restoring...
[6385.315376950] C358_FIX_APPLIED: dw2 restored to input=0x026259ff output=0x00000027
[6385.315686118] C346_SET_DOMAIN_SUCCESS: CPU cache invalidated, GPU writes visible
[6385.315697110] C361_BUFFER_DUMP_START: 256 bytes (64 uint32)
[6385.315700598]   [00] offset=0x0000 value=0x00000000 ← CHANGED
[6385.315703915]   [01] offset=0x0004 value=0x00000000 ← CHANGED
[6385.315706829]   [02] offset=0x0008 value=0x00000000 ← CHANGED
[6385.315709928]   [03] offset=0x000c value=0x00000000 ← CHANGED
[6385.315712899]   [04] offset=0x0010 value=0x00000000 ← CHANGED
[6385.315715963]   [05] offset=0x0014 value=0x00000000 ← CHANGED
[6385.315718514]   [06] offset=0x0018 value=0x00000000 ← CHANGED
[6385.315721276]   [07] offset=0x001c value=0x00000000 ← CHANGED
[6385.315724312]   [08] offset=0x0020 value=0x00000000 ← CHANGED
[6385.315727338]   [09] offset=0x0024 value=0x00000000 ← CHANGED
[6385.315730325]   [10] offset=0x0028 value=0x00000000 ← CHANGED
[6385.315734185]   [11] offset=0x002c value=0x00000000 ← CHANGED
[6385.315736895]   [12] offset=0x0030 value=0x00000000 ← CHANGED
[6385.315739986]   [13] offset=0x0034 value=0x00000000 ← CHANGED
[6385.315743106]   [14] offset=0x0038 value=0x00000000 ← CHANGED
[6385.315746085]   [15] offset=0x003c value=0x00000000 ← CHANGED
[6385.315748890]   [16] offset=0x0040 value=0x00000000 ← CHANGED
[6385.315751896]   [17] offset=0x0044 value=0x00000000 ← CHANGED
[6385.315755093]   [18] offset=0x0048 value=0x00000000 ← CHANGED
[6385.315760030]   [19] offset=0x004c value=0x00000000 ← CHANGED
[6385.315762755]   [20] offset=0x0050 value=0x00000000 ← CHANGED
[6385.315765470]   [21] offset=0x0054 value=0x00000000 ← CHANGED
[6385.315768148]   [22] offset=0x0058 value=0x00000000 ← CHANGED
[6385.315770884]   [23] offset=0x005c value=0x00000000 ← CHANGED
[6385.315773861]   [24] offset=0x0060 value=0x00000000 ← CHANGED
[6385.315776647]   [25] offset=0x0064 value=0x00000000 ← CHANGED
[6385.315779908]   [26] offset=0x0068 value=0x00000000 ← CHANGED
[6385.315783131]   [27] offset=0x006c value=0x00000000 ← CHANGED
[6385.315786187]   [28] offset=0x0070 value=0x00000000 ← CHANGED
[6385.315789066]   [29] offset=0x0074 value=0x00000000 ← CHANGED
[6385.315791949]   [30] offset=0x0078 value=0x00000000 ← CHANGED
[6385.315794744]   [31] offset=0x007c value=0x00000000 ← CHANGED
[6385.315805103]   [32] offset=0x0080 value=0x00000000 ← CHANGED
[6385.315808207]   [33] offset=0x0084 value=0x00000000 ← CHANGED
[6385.315811221]   [34] offset=0x0088 value=0x00000000 ← CHANGED
[6385.315814190]   [35] offset=0x008c value=0x00000000 ← CHANGED
[6385.315817082]   [36] offset=0x0090 value=0x00000000 ← CHANGED
[6385.315820173]   [37] offset=0x0094 value=0x00000000 ← CHANGED
[6385.315822939]   [38] offset=0x0098 value=0x00000000 ← CHANGED
[6385.315825809]   [39] offset=0x009c value=0x00000000 ← CHANGED
[6385.315828557]   [40] offset=0x00a0 value=0x00000000 ← CHANGED
[6385.315831271]   [41] offset=0x00a4 value=0x00000000 ← CHANGED
[6385.315834405]   [42] offset=0x00a8 value=0x00000000 ← CHANGED
[6385.315837230]   [43] offset=0x00ac value=0x00000000 ← CHANGED
[6385.315840176]   [44] offset=0x00b0 value=0x00000000 ← CHANGED
[6385.315842925]   [45] offset=0x00b4 value=0x00000000 ← CHANGED
[6385.315845827]   [46] offset=0x00b8 value=0x00000000 ← CHANGED
[6385.315848711]   [47] offset=0x00bc value=0x00000000 ← CHANGED
[6385.315851459]   [48] offset=0x00c0 value=0x00000000 ← CHANGED
[6385.315855026]   [49] offset=0x00c4 value=0x00000000 ← CHANGED
[6385.315857988]   [50] offset=0x00c8 value=0x00000000 ← CHANGED
[6385.315861032]   [51] offset=0x00cc value=0x00000000 ← CHANGED
[6385.315864281]   [52] offset=0x00d0 value=0x00000000 ← CHANGED
[6385.315867009]   [53] offset=0x00d4 value=0x00000000 ← CHANGED
[6385.315869939]   [54] offset=0x00d8 value=0x00000000 ← CHANGED
[6385.315873051]   [55] offset=0x00dc value=0x00000000 ← CHANGED
[6385.315876263]   [56] offset=0x00e0 value=0x00000000 ← CHANGED
[6385.315879129]   [57] offset=0x00e4 value=0x00000000 ← CHANGED
[6385.315882291]   [58] offset=0x00e8 value=0x00000000 ← CHANGED
[6385.315885370]   [59] offset=0x00ec value=0x00000000 ← CHANGED
[6385.315888154]   [60] offset=0x00f0 value=0x00000000 ← CHANGED
[6385.315891108]   [61] offset=0x00f4 value=0x00000000 ← CHANGED
[6385.315894440]   [62] offset=0x00f8 value=0x00000000 ← CHANGED
[6385.315897521]   [63] offset=0x00fc value=0x00000000 ← CHANGED
[6385.315901057] C361_BUFFER_DUMP_END: 64/64 values changed
[6385.315904776] C361_CHANGED_OFFSETS: count=64
[6385.315907944]   offset[0]=0x0000 value=0x00000000
[6385.315913380]   offset[1]=0x0004 value=0x00000000
[6385.315917190]   offset[2]=0x0008 value=0x00000000
[6385.315920725]   offset[3]=0x000c value=0x00000000
[6385.315923585]   offset[4]=0x0010 value=0x00000000
[6385.315927138]   offset[5]=0x0014 value=0x00000000
[6385.315930135]   offset[6]=0x0018 value=0x00000000
[6385.315933804]   offset[7]=0x001c value=0x00000000
[6385.315936951]   offset[8]=0x0020 value=0x00000000
[6385.315939977]   offset[9]=0x0024 value=0x00000000
[6385.315943839] C361_PATTERN: Multiple writes, stride=1 (0x4 bytes)
[6385.315947825] C343_MEMORY_PROBE: 64/64 values changed in output buffer
[6385.315951438] EXEC_SUCCESS: time=0.000918 sec pool_ctx_id=3 sentinel_before=0xDEADBEEF sentinel_after=0x00000000 gpu_executed=YES leading_zeros=0 memory_changed=64
[6385.315967134] BATCH_RESET: old_size=0 new_size=0 time=0.190 µs
[6385.315972361] OUTPUT_SYNC_SUCCESS: output_bo synchronized
[6385.315977123] CACHE_INVALIDATE: output buffer cache invalidated, reading from RAM
[6385.315980245] C325_OUTPUT_VALUES: output[0]=0 output[1]=0
[6385.315984123] C325_WARNING: Both outputs are 0 - GPU may not have written or block header produces 0 leading zeros
[6385.315987539] MINING_SUCCESS: best_nonce=0 leading_zeros=0 time=0.001235 sec hashrate=8099.45 MH/s
[6385.315999339] MINING_START: start_nonce=20000000 count=10000000
[6385.316014885] MINING_INPUT_PREPARED: header_size=80 start_nonce=20000000 count=10000000
[6385.316018202] C326_WRITE_VERIFY: wrote sentinel=0x00000000, readback output[0]=0x00000000 output[1]=0x00000000
[6385.316021559] CACHE_FLUSH: input and output buffers flushed to RAM
[6385.316027570] C332_PWRITE_SUCCESS: wrote 0x00000000 directly to output_bo via GEM_PWRITE
[6385.316030679] EXEC_START: ctx_id=4 mode=PERSISTENT (dispatch=3) sentinel=0x00000000
[6385.316038538] BATCH_POOL_SELECT: index=2/90 handle=4
[6385.316042527] BATCH_BUILD_SUCCESS: commands=62 bytes=248 batch_bo=4
[6385.316045849] C359_DW2_SAVED: input=0x026259ff output=0x00000027 (will restore before EXECBUFFER2)
[6385.316049592] C340_EXEC_OBJECTS: 7 buffers configured
[6385.316052165] C347_RELOCATIONS: batch[ssh@48 dsh@56 ioh@64 kernel@72] ssh[input@4 output@68]
[6385.316055538] C359_DW2_RESTORED_PRE_EXEC: input=0x026259ff output=0x00000027
[6385.316558925] C357_POST_EXEC_SSH_DUMP:
[6385.316571249]   Surface[0]: dw0=0x87fc0000 dw1=0x00001000 dw2=0x00000000 dw3=0x00000000
[6385.316575522]   Surface[1]: dw0=0x87fc0000 dw1=0x02627000 dw2=0x00000000 dw3=0x00000000
[6385.316578186] C357_SUCCESS: i915 patched dw1 correctly (Input=0x00001000 Output=0x02627000)
[6385.316581077] C358_BUG_DETECTED: i915 erased dw2! Restoring...
[6385.316583422] C358_FIX_APPLIED: dw2 restored to input=0x026259ff output=0x00000027
[6385.316821081] C346_SET_DOMAIN_SUCCESS: CPU cache invalidated, GPU writes visible
[6385.316836199] C361_BUFFER_DUMP_START: 256 bytes (64 uint32)
[6385.316840655]   [00] offset=0x0000 value=0x00000000 ← CHANGED
[6385.316845214]   [01] offset=0x0004 value=0x00000000 ← CHANGED
[6385.316848186]   [02] offset=0x0008 value=0x00000000 ← CHANGED
[6385.316850257]   [03] offset=0x000c value=0x00000000 ← CHANGED
[6385.316852715]   [04] offset=0x0010 value=0x00000000 ← CHANGED
[6385.316855831]   [05] offset=0x0014 value=0x00000000 ← CHANGED
[6385.316858544]   [06] offset=0x0018 value=0x00000000 ← CHANGED
[6385.316861513]   [07] offset=0x001c value=0x00000000 ← CHANGED
[6385.316864154]   [08] offset=0x0020 value=0x00000000 ← CHANGED
[6385.316867055]   [09] offset=0x0024 value=0x00000000 ← CHANGED
[6385.316870317]   [10] offset=0x0028 value=0x00000000 ← CHANGED
[6385.316872968]   [11] offset=0x002c value=0x00000000 ← CHANGED
[6385.316876176]   [12] offset=0x0030 value=0x00000000 ← CHANGED
[6385.316879344]   [13] offset=0x0034 value=0x00000000 ← CHANGED
[6385.316882468]   [14] offset=0x0038 value=0x00000000 ← CHANGED
[6385.316885607]   [15] offset=0x003c value=0x00000000 ← CHANGED
[6385.316889078]   [16] offset=0x0040 value=0x00000000 ← CHANGED
[6385.316892107]   [17] offset=0x0044 value=0x00000000 ← CHANGED
[6385.316894729]   [18] offset=0x0048 value=0x00000000 ← CHANGED
[6385.316897790]   [19] offset=0x004c value=0x00000000 ← CHANGED
[6385.316900772]   [20] offset=0x0050 value=0x00000000 ← CHANGED
[6385.316903649]   [21] offset=0x0054 value=0x00000000 ← CHANGED
[6385.316906784]   [22] offset=0x0058 value=0x00000000 ← CHANGED
[6385.316909723]   [23] offset=0x005c value=0x00000000 ← CHANGED
[6385.316913301]   [24] offset=0x0060 value=0x00000000 ← CHANGED
[6385.316916170]   [25] offset=0x0064 value=0x00000000 ← CHANGED
[6385.316919507]   [26] offset=0x0068 value=0x00000000 ← CHANGED
[6385.316922788]   [27] offset=0x006c value=0x00000000 ← CHANGED
[6385.316925515]   [28] offset=0x0070 value=0x00000000 ← CHANGED
[6385.316928647]   [29] offset=0x0074 value=0x00000000 ← CHANGED
[6385.316933398]   [30] offset=0x0078 value=0x00000000 ← CHANGED
[6385.316936603]   [31] offset=0x007c value=0x00000000 ← CHANGED
[6385.316939790]   [32] offset=0x0080 value=0x00000000 ← CHANGED
[6385.316942859]   [33] offset=0x0084 value=0x00000000 ← CHANGED
[6385.316945719]   [34] offset=0x0088 value=0x00000000 ← CHANGED
[6385.316948612]   [35] offset=0x008c value=0x00000000 ← CHANGED
[6385.316951482]   [36] offset=0x0090 value=0x00000000 ← CHANGED
[6385.316954558]   [37] offset=0x0094 value=0x00000000 ← CHANGED
[6385.316957717]   [38] offset=0x0098 value=0x00000000 ← CHANGED
[6385.316960917]   [39] offset=0x009c value=0x00000000 ← CHANGED
[6385.316964322]   [40] offset=0x00a0 value=0x00000000 ← CHANGED
[6385.316967471]   [41] offset=0x00a4 value=0x00000000 ← CHANGED
[6385.316970680]   [42] offset=0x00a8 value=0x00000000 ← CHANGED
[6385.316974630]   [43] offset=0x00ac value=0x00000000 ← CHANGED
[6385.316977529]   [44] offset=0x00b0 value=0x00000000 ← CHANGED
[6385.316991127]   [45] offset=0x00b4 value=0x00000000 ← CHANGED
[6385.316994293]   [46] offset=0x00b8 value=0x00000000 ← CHANGED
[6385.316997260]   [47] offset=0x00bc value=0x00000000 ← CHANGED
[6385.317029808]   [48] offset=0x00c0 value=0x00000000 ← CHANGED
[6385.317036767]   [49] offset=0x00c4 value=0x00000000 ← CHANGED
[6385.317039281]   [50] offset=0x00c8 value=0x00000000 ← CHANGED
[6385.317041397]   [51] offset=0x00cc value=0x00000000 ← CHANGED
[6385.317043616]   [52] offset=0x00d0 value=0x00000000 ← CHANGED
[6385.317045803]   [53] offset=0x00d4 value=0x00000000 ← CHANGED
[6385.317048164]   [54] offset=0x00d8 value=0x00000000 ← CHANGED
[6385.317051081]   [55] offset=0x00dc value=0x00000000 ← CHANGED
[6385.317053864]   [56] offset=0x00e0 value=0x00000000 ← CHANGED
[6385.317056819]   [57] offset=0x00e4 value=0x00000000 ← CHANGED
[6385.317059614]   [58] offset=0x00e8 value=0x00000000 ← CHANGED
[6385.317062354]   [59] offset=0x00ec value=0x00000000 ← CHANGED
[6385.317065035]   [60] offset=0x00f0 value=0x00000000 ← CHANGED
[6385.317067683]   [61] offset=0x00f4 value=0x00000000 ← CHANGED
[6385.317070926]   [62] offset=0x00f8 value=0x00000000 ← CHANGED
[6385.317073441]   [63] offset=0x00fc value=0x00000000 ← CHANGED
[6385.317075472] C361_BUFFER_DUMP_END: 64/64 values changed
[6385.317078108] C361_CHANGED_OFFSETS: count=64
[6385.317081278]   offset[0]=0x0000 value=0x00000000
[6385.317084407]   offset[1]=0x0004 value=0x00000000
[6385.317088507]   offset[2]=0x0008 value=0x00000000
[6385.317090597]   offset[3]=0x000c value=0x00000000
[6385.317093168]   offset[4]=0x0010 value=0x00000000
[6385.317096449]   offset[5]=0x0014 value=0x00000000
[6385.317098819]   offset[6]=0x0018 value=0x00000000
[6385.317101167]   offset[7]=0x001c value=0x00000000
[6385.317103529]   offset[8]=0x0020 value=0x00000000
[6385.317105926]   offset[9]=0x0024 value=0x00000000
[6385.317110144] C361_PATTERN: Multiple writes, stride=1 (0x4 bytes)
[6385.317112727] C343_MEMORY_PROBE: 64/64 values changed in output buffer
[6385.317115231] EXEC_SUCCESS: time=0.000806 sec pool_ctx_id=4 sentinel_before=0xDEADBEEF sentinel_after=0x00000000 gpu_executed=YES leading_zeros=0 memory_changed=64
[6385.317121514] BATCH_RESET: old_size=0 new_size=0 time=0.036 µs
[6385.317126811] OUTPUT_SYNC_SUCCESS: output_bo synchronized
[6385.317129670] CACHE_INVALIDATE: output buffer cache invalidated, reading from RAM
[6385.317132239] C325_OUTPUT_VALUES: output[0]=0 output[1]=0
[6385.317135472] C325_WARNING: Both outputs are 0 - GPU may not have written or block header produces 0 leading zeros
[6385.317138574] MINING_SUCCESS: best_nonce=0 leading_zeros=0 time=0.001143 sec hashrate=8745.73 MH/s
[6385.317148623] MINING_START: start_nonce=30000000 count=10000000
[6385.317152014] MINING_INPUT_PREPARED: header_size=80 start_nonce=30000000 count=10000000
[6385.317155202] C326_WRITE_VERIFY: wrote sentinel=0x00000000, readback output[0]=0x00000000 output[1]=0x00000000
[6385.317158566] CACHE_FLUSH: input and output buffers flushed to RAM
[6385.317164015] C332_PWRITE_SUCCESS: wrote 0x00000000 directly to output_bo via GEM_PWRITE
[6385.317168546] EXEC_START: ctx_id=2 mode=PERSISTENT (dispatch=4) sentinel=0x00000000
[6385.317171731] BATCH_POOL_SELECT: index=3/90 handle=5
[6385.317174911] BATCH_BUILD_SUCCESS: commands=62 bytes=248 batch_bo=5
[6385.317178213] C359_DW2_SAVED: input=0x026259ff output=0x00000027 (will restore before EXECBUFFER2)
[6385.317181431] C340_EXEC_OBJECTS: 7 buffers configured
[6385.317184278] C347_RELOCATIONS: batch[ssh@48 dsh@56 ioh@64 kernel@72] ssh[input@4 output@68]
[6385.317187464] C359_DW2_RESTORED_PRE_EXEC: input=0x026259ff output=0x00000027
[6385.317259641] C357_POST_EXEC_SSH_DUMP:
[6385.317265401]   Surface[0]: dw0=0x87fc0000 dw1=0x00001000 dw2=0x00000000 dw3=0x00000000
[6385.317269150]   Surface[1]: dw0=0x87fc0000 dw1=0x02627000 dw2=0x00000000 dw3=0x00000000
[6385.317272406] C357_SUCCESS: i915 patched dw1 correctly (Input=0x00001000 Output=0x02627000)
[6385.317275632] C358_BUG_DETECTED: i915 erased dw2! Restoring...
[6385.317283375] C358_FIX_APPLIED: dw2 restored to input=0x026259ff output=0x00000027
[6385.317876528] C346_SET_DOMAIN_SUCCESS: CPU cache invalidated, GPU writes visible
[6385.317892196] C361_BUFFER_DUMP_START: 256 bytes (64 uint32)
[6385.317896100]   [00] offset=0x0000 value=0x00000000 ← CHANGED
[6385.317899633]   [01] offset=0x0004 value=0x00000000 ← CHANGED
[6385.317903490]   [02] offset=0x0008 value=0x00000000 ← CHANGED
[6385.317907203]   [03] offset=0x000c value=0x00000000 ← CHANGED
[6385.317910170]   [04] offset=0x0010 value=0x00000000 ← CHANGED
[6385.317912842]   [05] offset=0x0014 value=0x00000000 ← CHANGED
[6385.317915547]   [06] offset=0x0018 value=0x00000000 ← CHANGED
[6385.317918254]   [07] offset=0x001c value=0x00000000 ← CHANGED
[6385.317920805]   [08] offset=0x0020 value=0x00000000 ← CHANGED
[6385.317923529]   [09] offset=0x0024 value=0x00000000 ← CHANGED
[6385.317926663]   [10] offset=0x0028 value=0x00000000 ← CHANGED
[6385.317929798]   [11] offset=0x002c value=0x00000000 ← CHANGED
[6385.317932590]   [12] offset=0x0030 value=0x00000000 ← CHANGED
[6385.317936008]   [13] offset=0x0034 value=0x00000000 ← CHANGED
[6385.317939961]   [14] offset=0x0038 value=0x00000000 ← CHANGED
[6385.317942940]   [15] offset=0x003c value=0x00000000 ← CHANGED
[6385.317945781]   [16] offset=0x0040 value=0x00000000 ← CHANGED
[6385.317947938]   [17] offset=0x0044 value=0x00000000 ← CHANGED
[6385.317950412]   [18] offset=0x0048 value=0x00000000 ← CHANGED
[6385.317953300]   [19] offset=0x004c value=0x00000000 ← CHANGED
[6385.317956627]   [20] offset=0x0050 value=0x00000000 ← CHANGED
[6385.317959782]   [21] offset=0x0054 value=0x00000000 ← CHANGED
[6385.317963145]   [22] offset=0x0058 value=0x00000000 ← CHANGED
[6385.317966041]   [23] offset=0x005c value=0x00000000 ← CHANGED
[6385.317968686]   [24] offset=0x0060 value=0x00000000 ← CHANGED
[6385.317971765]   [25] offset=0x0064 value=0x00000000 ← CHANGED
[6385.317975313]   [26] offset=0x0068 value=0x00000000 ← CHANGED
[6385.317978516]   [27] offset=0x006c value=0x00000000 ← CHANGED
[6385.317981459]   [28] offset=0x0070 value=0x00000000 ← CHANGED
[6385.317984278]   [29] offset=0x0074 value=0x00000000 ← CHANGED
[6385.317987332]   [30] offset=0x0078 value=0x00000000 ← CHANGED
[6385.317989889]   [31] offset=0x007c value=0x00000000 ← CHANGED
[6385.317993014]   [32] offset=0x0080 value=0x00000000 ← CHANGED
[6385.317996126]   [33] offset=0x0084 value=0x00000000 ← CHANGED
[6385.317998855]   [34] offset=0x0088 value=0x00000000 ← CHANGED
[6385.318013901]   [35] offset=0x008c value=0x00000000 ← CHANGED
[6385.318017634]   [36] offset=0x0090 value=0x00000000 ← CHANGED
[6385.318020741]   [37] offset=0x0094 value=0x00000000 ← CHANGED
[6385.318023752]   [38] offset=0x0098 value=0x00000000 ← CHANGED
[6385.318026517]   [39] offset=0x009c value=0x00000000 ← CHANGED
[6385.318028620]   [40] offset=0x00a0 value=0x00000000 ← CHANGED
[6385.318030714]   [41] offset=0x00a4 value=0x00000000 ← CHANGED
[6385.318033729]   [42] offset=0x00a8 value=0x00000000 ← CHANGED
[6385.318036700]   [43] offset=0x00ac value=0x00000000 ← CHANGED
[6385.318040264]   [44] offset=0x00b0 value=0x00000000 ← CHANGED
[6385.318043509]   [45] offset=0x00b4 value=0x00000000 ← CHANGED
[6385.318046869]   [46] offset=0x00b8 value=0x00000000 ← CHANGED
[6385.318050041]   [47] offset=0x00bc value=0x00000000 ← CHANGED
[6385.318053647]   [48] offset=0x00c0 value=0x00000000 ← CHANGED
[6385.318056753]   [49] offset=0x00c4 value=0x00000000 ← CHANGED
[6385.318059461]   [50] offset=0x00c8 value=0x00000000 ← CHANGED
[6385.318062551]   [51] offset=0x00cc value=0x00000000 ← CHANGED
[6385.318065653]   [52] offset=0x00d0 value=0x00000000 ← CHANGED
[6385.318068872]   [53] offset=0x00d4 value=0x00000000 ← CHANGED
[6385.318071761]   [54] offset=0x00d8 value=0x00000000 ← CHANGED
[6385.318075419]   [55] offset=0x00dc value=0x00000000 ← CHANGED
[6385.318078816]   [56] offset=0x00e0 value=0x00000000 ← CHANGED
[6385.318081795]   [57] offset=0x00e4 value=0x00000000 ← CHANGED
[6385.318092551]   [58] offset=0x00e8 value=0x00000000 ← CHANGED
[6385.318096094]   [59] offset=0x00ec value=0x00000000 ← CHANGED
[6385.318099432]   [60] offset=0x00f0 value=0x00000000 ← CHANGED
[6385.318102445]   [61] offset=0x00f4 value=0x00000000 ← CHANGED
[6385.318105412]   [62] offset=0x00f8 value=0x00000000 ← CHANGED
[6385.318108530]   [63] offset=0x00fc value=0x00000000 ← CHANGED
[6385.318111466] C361_BUFFER_DUMP_END: 64/64 values changed
[6385.318114184] C361_CHANGED_OFFSETS: count=64
[6385.318118201]   offset[0]=0x0000 value=0x00000000
[6385.318122054]   offset[1]=0x0004 value=0x00000000
[6385.318125199]   offset[2]=0x0008 value=0x00000000
[6385.318128141]   offset[3]=0x000c value=0x00000000
[6385.318130917]   offset[4]=0x0010 value=0x00000000
[6385.318133151]   offset[5]=0x0014 value=0x00000000
[6385.318135956]   offset[6]=0x0018 value=0x00000000
[6385.318139014]   offset[7]=0x001c value=0x00000000
[6385.318143928]   offset[8]=0x0020 value=0x00000000
[6385.318146814]   offset[9]=0x0024 value=0x00000000
[6385.318150420] C361_PATTERN: Multiple writes, stride=1 (0x4 bytes)
[6385.318153888] C343_MEMORY_PROBE: 64/64 values changed in output buffer
[6385.318157054] EXEC_SUCCESS: time=0.000723 sec pool_ctx_id=2 sentinel_before=0xDEADBEEF sentinel_after=0x00000000 gpu_executed=YES leading_zeros=0 memory_changed=64
[6385.318163869] BATCH_RESET: old_size=0 new_size=0 time=0.027 µs
[6385.318169395] OUTPUT_SYNC_SUCCESS: output_bo synchronized
[6385.318172288] CACHE_INVALIDATE: output buffer cache invalidated, reading from RAM
[6385.318174891] C325_OUTPUT_VALUES: output[0]=0 output[1]=0
[6385.318177534] C325_WARNING: Both outputs are 0 - GPU may not have written or block header produces 0 leading zeros
[6385.318180117] MINING_SUCCESS: best_nonce=0 leading_zeros=0 time=0.001035 sec hashrate=9661.68 MH/s
[6385.318189918] MINING_START: start_nonce=40000000 count=10000000
[6385.318193062] MINING_INPUT_PREPARED: header_size=80 start_nonce=40000000 count=10000000
[6385.318195769] C326_WRITE_VERIFY: wrote sentinel=0x00000000, readback output[0]=0x00000000 output[1]=0x00000000
[6385.318198631] CACHE_FLUSH: input and output buffers flushed to RAM
[6385.318203783] C332_PWRITE_SUCCESS: wrote 0x00000000 directly to output_bo via GEM_PWRITE
[6385.318206529] EXEC_START: ctx_id=3 mode=PERSISTENT (dispatch=5) sentinel=0x00000000
[6385.318209401] BATCH_POOL_SELECT: index=4/90 handle=6
[6385.318212233] BATCH_BUILD_SUCCESS: commands=62 bytes=248 batch_bo=6
[6385.318215050] C359_DW2_SAVED: input=0x026259ff output=0x00000027 (will restore before EXECBUFFER2)
[6385.318217644] C340_EXEC_OBJECTS: 7 buffers configured
[6385.318220149] C347_RELOCATIONS: batch[ssh@48 dsh@56 ioh@64 kernel@72] ssh[input@4 output@68]
[6385.318223481] C359_DW2_RESTORED_PRE_EXEC: input=0x026259ff output=0x00000027
[6385.318312269] C357_POST_EXEC_SSH_DUMP:
[6385.318321682]   Surface[0]: dw0=0x87fc0000 dw1=0x00001000 dw2=0x00000000 dw3=0x00000000
[6385.318327983]   Surface[1]: dw0=0x87fc0000 dw1=0x02627000 dw2=0x00000000 dw3=0x00000000
[6385.318331665] C357_SUCCESS: i915 patched dw1 correctly (Input=0x00001000 Output=0x02627000)
[6385.318335167] C358_BUG_DETECTED: i915 erased dw2! Restoring...
[6385.318337187] C358_FIX_APPLIED: dw2 restored to input=0x026259ff output=0x00000027
[6385.318589796] C346_SET_DOMAIN_SUCCESS: CPU cache invalidated, GPU writes visible
[6385.318599343] C361_BUFFER_DUMP_START: 256 bytes (64 uint32)
[6385.318602782]   [00] offset=0x0000 value=0x00000000 ← CHANGED
[6385.318606446]   [01] offset=0x0004 value=0x00000000 ← CHANGED
[6385.318609672]   [02] offset=0x0008 value=0x00000000 ← CHANGED
[6385.318612776]   [03] offset=0x000c value=0x00000000 ← CHANGED
[6385.318615942]   [04] offset=0x0010 value=0x00000000 ← CHANGED
[6385.318619026]   [05] offset=0x0014 value=0x00000000 ← CHANGED
[6385.318622045]   [06] offset=0x0018 value=0x00000000 ← CHANGED
[6385.318624815]   [07] offset=0x001c value=0x00000000 ← CHANGED
[6385.318627958]   [08] offset=0x0020 value=0x00000000 ← CHANGED
[6385.318637667]   [09] offset=0x0024 value=0x00000000 ← CHANGED
[6385.318641206]   [10] offset=0x0028 value=0x00000000 ← CHANGED
[6385.318644111]   [11] offset=0x002c value=0x00000000 ← CHANGED
[6385.318647851]   [12] offset=0x0030 value=0x00000000 ← CHANGED
[6385.318651035]   [13] offset=0x0034 value=0x00000000 ← CHANGED
[6385.318654104]   [14] offset=0x0038 value=0x00000000 ← CHANGED
[6385.318657308]   [15] offset=0x003c value=0x00000000 ← CHANGED
[6385.318662327]   [16] offset=0x0040 value=0x00000000 ← CHANGED
[6385.318665533]   [17] offset=0x0044 value=0x00000000 ← CHANGED
[6385.318668671]   [18] offset=0x0048 value=0x00000000 ← CHANGED
[6385.318671437]   [19] offset=0x004c value=0x00000000 ← CHANGED
[6385.318674544]   [20] offset=0x0050 value=0x00000000 ← CHANGED
[6385.318677534]   [21] offset=0x0054 value=0x00000000 ← CHANGED
[6385.318680396]   [22] offset=0x0058 value=0x00000000 ← CHANGED
[6385.318683633]   [23] offset=0x005c value=0x00000000 ← CHANGED
[6385.318686633]   [24] offset=0x0060 value=0x00000000 ← CHANGED
[6385.318689676]   [25] offset=0x0064 value=0x00000000 ← CHANGED
[6385.318692793]   [26] offset=0x0068 value=0x00000000 ← CHANGED
[6385.318695964]   [27] offset=0x006c value=0x00000000 ← CHANGED
[6385.318699096]   [28] offset=0x0070 value=0x00000000 ← CHANGED
[6385.318702246]   [29] offset=0x0074 value=0x00000000 ← CHANGED
[6385.318705402]   [30] offset=0x0078 value=0x00000000 ← CHANGED
[6385.318708582]   [31] offset=0x007c value=0x00000000 ← CHANGED
[6385.318711669]   [32] offset=0x0080 value=0x00000000 ← CHANGED
[6385.318714721]   [33] offset=0x0084 value=0x00000000 ← CHANGED
[6385.318717642]   [34] offset=0x0088 value=0x00000000 ← CHANGED
[6385.318720753]   [35] offset=0x008c value=0x00000000 ← CHANGED
[6385.318723919]   [36] offset=0x0090 value=0x00000000 ← CHANGED
[6385.318727077]   [37] offset=0x0094 value=0x00000000 ← CHANGED
[6385.318730114]   [38] offset=0x0098 value=0x00000000 ← CHANGED
[6385.318733273]   [39] offset=0x009c value=0x00000000 ← CHANGED
[6385.318736501]   [40] offset=0x00a0 value=0x00000000 ← CHANGED
[6385.318739690]   [41] offset=0x00a4 value=0x00000000 ← CHANGED
[6385.318742848]   [42] offset=0x00a8 value=0x00000000 ← CHANGED
[6385.318745990]   [43] offset=0x00ac value=0x00000000 ← CHANGED
[6385.318748882]   [44] offset=0x00b0 value=0x00000000 ← CHANGED
[6385.318751403]   [45] offset=0x00b4 value=0x00000000 ← CHANGED
[6385.318753882]   [46] offset=0x00b8 value=0x00000000 ← CHANGED
[6385.318756483]   [47] offset=0x00bc value=0x00000000 ← CHANGED
[6385.318758957]   [48] offset=0x00c0 value=0x00000000 ← CHANGED
[6385.318761510]   [49] offset=0x00c4 value=0x00000000 ← CHANGED
[6385.318764208]   [50] offset=0x00c8 value=0x00000000 ← CHANGED
[6385.318766743]   [51] offset=0x00cc value=0x00000000 ← CHANGED
[6385.318769230]   [52] offset=0x00d0 value=0x00000000 ← CHANGED
[6385.318771902]   [53] offset=0x00d4 value=0x00000000 ← CHANGED
[6385.318774536]   [54] offset=0x00d8 value=0x00000000 ← CHANGED
[6385.318778722]   [55] offset=0x00dc value=0x00000000 ← CHANGED
[6385.318781480]   [56] offset=0x00e0 value=0x00000000 ← CHANGED
[6385.318784245]   [57] offset=0x00e4 value=0x00000000 ← CHANGED
[6385.318786937]   [58] offset=0x00e8 value=0x00000000 ← CHANGED
[6385.318789734]   [59] offset=0x00ec value=0x00000000 ← CHANGED
[6385.318792276]   [60] offset=0x00f0 value=0x00000000 ← CHANGED
[6385.318795259]   [61] offset=0x00f4 value=0x00000000 ← CHANGED
[6385.318797964]   [62] offset=0x00f8 value=0x00000000 ← CHANGED
[6385.318800665]   [63] offset=0x00fc value=0x00000000 ← CHANGED
[6385.318803741] C361_BUFFER_DUMP_END: 64/64 values changed
[6385.318809130] C361_CHANGED_OFFSETS: count=64
[6385.318812106]   offset[0]=0x0000 value=0x00000000
[6385.318815123]   offset[1]=0x0004 value=0x00000000
[6385.318817806]   offset[2]=0x0008 value=0x00000000
[6385.318820565]   offset[3]=0x000c value=0x00000000
[6385.318823411]   offset[4]=0x0010 value=0x00000000
[6385.318826176]   offset[5]=0x0014 value=0x00000000
[6385.318834134]   offset[6]=0x0018 value=0x00000000
[6385.318837406]   offset[7]=0x001c value=0x00000000
[6385.318840144]   offset[8]=0x0020 value=0x00000000
[6385.318843050]   offset[9]=0x0024 value=0x00000000
[6385.318846107] C361_PATTERN: Multiple writes, stride=1 (0x4 bytes)
[6385.318848975] C343_MEMORY_PROBE: 64/64 values changed in output buffer
[6385.318851869] EXEC_SUCCESS: time=0.000393 sec pool_ctx_id=3 sentinel_before=0xDEADBEEF sentinel_after=0x00000000 gpu_executed=YES leading_zeros=0 memory_changed=64
[6385.318857727] BATCH_RESET: old_size=0 new_size=0 time=0.034 µs
[6385.318863089] OUTPUT_SYNC_SUCCESS: output_bo synchronized
[6385.318866420] CACHE_INVALIDATE: output buffer cache invalidated, reading from RAM
[6385.318869382] C325_OUTPUT_VALUES: output[0]=0 output[1]=0
[6385.318872515] C325_WARNING: Both outputs are 0 - GPU may not have written or block header produces 0 leading zeros
[6385.318875255] MINING_SUCCESS: best_nonce=0 leading_zeros=0 time=0.000689 sec hashrate=14512.88 MH/s
[6385.318884965] MINING_START: start_nonce=50000000 count=10000000
[6385.318888487] MINING_INPUT_PREPARED: header_size=80 start_nonce=50000000 count=10000000
[6385.318891344] C326_WRITE_VERIFY: wrote sentinel=0x00000000, readback output[0]=0x00000000 output[1]=0x00000000
[6385.318894396] CACHE_FLUSH: input and output buffers flushed to RAM
[6385.318899331] C332_PWRITE_SUCCESS: wrote 0x00000000 directly to output_bo via GEM_PWRITE
[6385.318902287] EXEC_START: ctx_id=4 mode=PERSISTENT (dispatch=6) sentinel=0x00000000
[6385.318905432] BATCH_POOL_SELECT: index=5/90 handle=7
[6385.318908639] BATCH_BUILD_SUCCESS: commands=62 bytes=248 batch_bo=7
[6385.318911826] C359_DW2_SAVED: input=0x026259ff output=0x00000027 (will restore before EXECBUFFER2)
[6385.318914908] C340_EXEC_OBJECTS: 7 buffers configured
[6385.318917419] C347_RELOCATIONS: batch[ssh@48 dsh@56 ioh@64 kernel@72] ssh[input@4 output@68]
[6385.318920738] C359_DW2_RESTORED_PRE_EXEC: input=0x026259ff output=0x00000027
[6385.318988513] C357_POST_EXEC_SSH_DUMP:
[6385.318996460]   Surface[0]: dw0=0x87fc0000 dw1=0x00001000 dw2=0x00000000 dw3=0x00000000
[6385.319007119]   Surface[1]: dw0=0x87fc0000 dw1=0x02627000 dw2=0x00000000 dw3=0x00000000
[6385.319011016] C357_SUCCESS: i915 patched dw1 correctly (Input=0x00001000 Output=0x02627000)
[6385.319014184] C358_BUG_DETECTED: i915 erased dw2! Restoring...
[6385.319016996] C358_FIX_APPLIED: dw2 restored to input=0x026259ff output=0x00000027
[6385.319287313] C346_SET_DOMAIN_SUCCESS: CPU cache invalidated, GPU writes visible
[6385.319298221] C361_BUFFER_DUMP_START: 256 bytes (64 uint32)
[6385.319301895]   [00] offset=0x0000 value=0x00000000 ← CHANGED
[6385.319305266]   [01] offset=0x0004 value=0x00000000 ← CHANGED
[6385.319309146]   [02] offset=0x0008 value=0x00000000 ← CHANGED
[6385.319312162]   [03] offset=0x000c value=0x00000000 ← CHANGED
[6385.319315381]   [04] offset=0x0010 value=0x00000000 ← CHANGED
[6385.319318192]   [05] offset=0x0014 value=0x00000000 ← CHANGED
[6385.319322806]   [06] offset=0x0018 value=0x00000000 ← CHANGED
[6385.319325414]   [07] offset=0x001c value=0x00000000 ← CHANGED
[6385.319328159]   [08] offset=0x0020 value=0x00000000 ← CHANGED
[6385.319331173]   [09] offset=0x0024 value=0x00000000 ← CHANGED
[6385.319334218]   [10] offset=0x0028 value=0x00000000 ← CHANGED
[6385.319337277]   [11] offset=0x002c value=0x00000000 ← CHANGED
[6385.319340204]   [12] offset=0x0030 value=0x00000000 ← CHANGED
[6385.319343350]   [13] offset=0x0034 value=0x00000000 ← CHANGED
[6385.319346163]   [14] offset=0x0038 value=0x00000000 ← CHANGED
[6385.319348782]   [15] offset=0x003c value=0x00000000 ← CHANGED
[6385.319351497]   [16] offset=0x0040 value=0x00000000 ← CHANGED
[6385.319354474]   [17] offset=0x0044 value=0x00000000 ← CHANGED
[6385.319357612]   [18] offset=0x0048 value=0x00000000 ← CHANGED
[6385.319360675]   [19] offset=0x004c value=0x00000000 ← CHANGED
[6385.319363739]   [20] offset=0x0050 value=0x00000000 ← CHANGED
[6385.319366548]   [21] offset=0x0054 value=0x00000000 ← CHANGED
[6385.319375226]   [22] offset=0x0058 value=0x00000000 ← CHANGED
[6385.319378385]   [23] offset=0x005c value=0x00000000 ← CHANGED
[6385.319380978]   [24] offset=0x0060 value=0x00000000 ← CHANGED
[6385.319383787]   [25] offset=0x0064 value=0x00000000 ← CHANGED
[6385.319386528]   [26] offset=0x0068 value=0x00000000 ← CHANGED
[6385.319389385]   [27] offset=0x006c value=0x00000000 ← CHANGED
[6385.319392244]   [28] offset=0x0070 value=0x00000000 ← CHANGED
[6385.319394809]   [29] offset=0x0074 value=0x00000000 ← CHANGED
[6385.319397938]   [30] offset=0x0078 value=0x00000000 ← CHANGED
[6385.319400852]   [31] offset=0x007c value=0x00000000 ← CHANGED
[6385.319404718]   [32] offset=0x0080 value=0x00000000 ← CHANGED
[6385.319409806]   [33] offset=0x0084 value=0x00000000 ← CHANGED
[6385.319412304]   [34] offset=0x0088 value=0x00000000 ← CHANGED
[6385.319414911]   [35] offset=0x008c value=0x00000000 ← CHANGED
[6385.319420087]   [36] offset=0x0090 value=0x00000000 ← CHANGED
[6385.319422937]   [37] offset=0x0094 value=0x00000000 ← CHANGED
[6385.319426236]   [38] offset=0x0098 value=0x00000000 ← CHANGED
[6385.319429780]   [39] offset=0x009c value=0x00000000 ← CHANGED
[6385.319432423]   [40] offset=0x00a0 value=0x00000000 ← CHANGED
[6385.319435551]   [41] offset=0x00a4 value=0x00000000 ← CHANGED
[6385.319438674]   [42] offset=0x00a8 value=0x00000000 ← CHANGED
[6385.319441901]   [43] offset=0x00ac value=0x00000000 ← CHANGED
[6385.319445120]   [44] offset=0x00b0 value=0x00000000 ← CHANGED
[6385.319448207]   [45] offset=0x00b4 value=0x00000000 ← CHANGED
[6385.319451215]   [46] offset=0x00b8 value=0x00000000 ← CHANGED
[6385.319454297]   [47] offset=0x00bc value=0x00000000 ← CHANGED
[6385.319457412]   [48] offset=0x00c0 value=0x00000000 ← CHANGED
[6385.319460574]   [49] offset=0x00c4 value=0x00000000 ← CHANGED
[6385.319463718]   [50] offset=0x00c8 value=0x00000000 ← CHANGED
[6385.319467047]   [51] offset=0x00cc value=0x00000000 ← CHANGED
[6385.319470140]   [52] offset=0x00d0 value=0x00000000 ← CHANGED
[6385.319472915]   [53] offset=0x00d4 value=0x00000000 ← CHANGED
[6385.319475708]   [54] offset=0x00d8 value=0x00000000 ← CHANGED
[6385.319478509]   [55] offset=0x00dc value=0x00000000 ← CHANGED
[6385.319481585]   [56] offset=0x00e0 value=0x00000000 ← CHANGED
[6385.319484733]   [57] offset=0x00e4 value=0x00000000 ← CHANGED
[6385.319487951]   [58] offset=0x00e8 value=0x00000000 ← CHANGED
[6385.319491272]   [59] offset=0x00ec value=0x00000000 ← CHANGED
[6385.319493898]   [60] offset=0x00f0 value=0x00000000 ← CHANGED
[6385.319497313]   [61] offset=0x00f4 value=0x00000000 ← CHANGED
[6385.319500199]   [62] offset=0x00f8 value=0x00000000 ← CHANGED
[6385.319503554]   [63] offset=0x00fc value=0x00000000 ← CHANGED
[6385.319507201] C361_BUFFER_DUMP_END: 64/64 values changed
[6385.319510332] C361_CHANGED_OFFSETS: count=64
[6385.319513313]   offset[0]=0x0000 value=0x00000000
[6385.319516468]   offset[1]=0x0004 value=0x00000000
[6385.319519401]   offset[2]=0x0008 value=0x00000000
[6385.319522521]   offset[3]=0x000c value=0x00000000
[6385.319525311]   offset[4]=0x0010 value=0x00000000
[6385.319528855]   offset[5]=0x0014 value=0x00000000
[6385.319531956]   offset[6]=0x0018 value=0x00000000
[6385.319535420]   offset[7]=0x001c value=0x00000000
[6385.319538551]   offset[8]=0x0020 value=0x00000000
[6385.319542048]   offset[9]=0x0024 value=0x00000000
[6385.319544680] C361_PATTERN: Multiple writes, stride=1 (0x4 bytes)
[6385.319548174] C343_MEMORY_PROBE: 64/64 values changed in output buffer
[6385.319551332] EXEC_SUCCESS: time=0.000396 sec pool_ctx_id=4 sentinel_before=0xDEADBEEF sentinel_after=0x00000000 gpu_executed=YES leading_zeros=0 memory_changed=64
[6385.319558484] BATCH_RESET: old_size=0 new_size=0 time=0.030 µs
[6385.319563961] OUTPUT_SYNC_SUCCESS: output_bo synchronized
[6385.319567811] CACHE_INVALIDATE: output buffer cache invalidated, reading from RAM
[6385.319570548] C325_OUTPUT_VALUES: output[0]=0 output[1]=0
[6385.319573603] C325_WARNING: Both outputs are 0 - GPU may not have written or block header produces 0 leading zeros
[6385.319581697] MINING_SUCCESS: best_nonce=0 leading_zeros=0 time=0.000700 sec hashrate=14283.53 MH/s
[6385.319593130] MINING_START: start_nonce=60000000 count=10000000
[6385.319597288] MINING_INPUT_PREPARED: header_size=80 start_nonce=60000000 count=10000000
[6385.319599919] C326_WRITE_VERIFY: wrote sentinel=0x00000000, readback output[0]=0x00000000 output[1]=0x00000000
[6385.319602993] CACHE_FLUSH: input and output buffers flushed to RAM
[6385.319608190] C332_PWRITE_SUCCESS: wrote 0x00000000 directly to output_bo via GEM_PWRITE
[6385.319611194] EXEC_START: ctx_id=2 mode=PERSISTENT (dispatch=7) sentinel=0x00000000
[6385.319614290] BATCH_POOL_SELECT: index=6/90 handle=8
[6385.319617917] BATCH_BUILD_SUCCESS: commands=62 bytes=248 batch_bo=8
[6385.319621071] C359_DW2_SAVED: input=0x026259ff output=0x00000027 (will restore before EXECBUFFER2)
[6385.319624225] C340_EXEC_OBJECTS: 7 buffers configured
[6385.319627221] C347_RELOCATIONS: batch[ssh@48 dsh@56 ioh@64 kernel@72] ssh[input@4 output@68]
[6385.319629989] C359_DW2_RESTORED_PRE_EXEC: input=0x026259ff output=0x00000027
[6385.319703504] C357_POST_EXEC_SSH_DUMP:
[6385.319718319]   Surface[0]: dw0=0x87fc0000 dw1=0x00001000 dw2=0x00000000 dw3=0x00000000
[6385.319721929]   Surface[1]: dw0=0x87fc0000 dw1=0x02627000 dw2=0x00000000 dw3=0x00000000
[6385.319724570] C357_SUCCESS: i915 patched dw1 correctly (Input=0x00001000 Output=0x02627000)
[6385.319733926] C358_BUG_DETECTED: i915 erased dw2! Restoring...
[6385.319736554] C358_FIX_APPLIED: dw2 restored to input=0x026259ff output=0x00000027
[6385.319936450] C346_SET_DOMAIN_SUCCESS: CPU cache invalidated, GPU writes visible
[6385.319943725] C361_BUFFER_DUMP_START: 256 bytes (64 uint32)
[6385.319952426]   [00] offset=0x0000 value=0x00000000 ← CHANGED
[6385.319955400]   [01] offset=0x0004 value=0x00000000 ← CHANGED
[6385.319958102]   [02] offset=0x0008 value=0x00000000 ← CHANGED
[6385.319960622]   [03] offset=0x000c value=0x00000000 ← CHANGED
[6385.319963438]   [04] offset=0x0010 value=0x00000000 ← CHANGED
[6385.319972892]   [05] offset=0x0014 value=0x00000000 ← CHANGED
[6385.319975485]   [06] offset=0x0018 value=0x00000000 ← CHANGED
[6385.319978073]   [07] offset=0x001c value=0x00000000 ← CHANGED
[6385.319982171]   [08] offset=0x0020 value=0x00000000 ← CHANGED
[6385.319985124]   [09] offset=0x0024 value=0x00000000 ← CHANGED
[6385.319988465]   [10] offset=0x0028 value=0x00000000 ← CHANGED
[6385.319990964]   [11] offset=0x002c value=0x00000000 ← CHANGED
[6385.319993215]   [12] offset=0x0030 value=0x00000000 ← CHANGED
[6385.320011965]   [13] offset=0x0034 value=0x00000000 ← CHANGED
[6385.320015813]   [14] offset=0x0038 value=0x00000000 ← CHANGED
[6385.320018685]   [15] offset=0x003c value=0x00000000 ← CHANGED
[6385.320021651]   [16] offset=0x0040 value=0x00000000 ← CHANGED
[6385.320024366]   [17] offset=0x0044 value=0x00000000 ← CHANGED
[6385.320027145]   [18] offset=0x0048 value=0x00000000 ← CHANGED
[6385.320030230]   [19] offset=0x004c value=0x00000000 ← CHANGED
[6385.320032469]   [20] offset=0x0050 value=0x00000000 ← CHANGED
[6385.320035585]   [21] offset=0x0054 value=0x00000000 ← CHANGED
[6385.320044743]   [22] offset=0x0058 value=0x00000000 ← CHANGED
[6385.320047449]   [23] offset=0x005c value=0x00000000 ← CHANGED
[6385.320050319]   [24] offset=0x0060 value=0x00000000 ← CHANGED
[6385.320053288]   [25] offset=0x0064 value=0x00000000 ← CHANGED
[6385.320056472]   [26] offset=0x0068 value=0x00000000 ← CHANGED
[6385.320059684]   [27] offset=0x006c value=0x00000000 ← CHANGED
[6385.320062579]   [28] offset=0x0070 value=0x00000000 ← CHANGED
[6385.320065462]   [29] offset=0x0074 value=0x00000000 ← CHANGED
[6385.320068326]   [30] offset=0x0078 value=0x00000000 ← CHANGED
[6385.320071013]   [31] offset=0x007c value=0x00000000 ← CHANGED
[6385.320073792]   [32] offset=0x0080 value=0x00000000 ← CHANGED
[6385.320076232]   [33] offset=0x0084 value=0x00000000 ← CHANGED
[6385.320078669]   [34] offset=0x0088 value=0x00000000 ← CHANGED
[6385.320093329]   [35] offset=0x008c value=0x00000000 ← CHANGED
[6385.320096437]   [36] offset=0x0090 value=0x00000000 ← CHANGED
[6385.320099382]   [37] offset=0x0094 value=0x00000000 ← CHANGED
[6385.320102301]   [38] offset=0x0098 value=0x00000000 ← CHANGED
[6385.320105084]   [39] offset=0x009c value=0x00000000 ← CHANGED
[6385.320107533]   [40] offset=0x00a0 value=0x00000000 ← CHANGED
[6385.320110134]   [41] offset=0x00a4 value=0x00000000 ← CHANGED
[6385.320119203]   [42] offset=0x00a8 value=0x00000000 ← CHANGED
[6385.320122192]   [43] offset=0x00ac value=0x00000000 ← CHANGED
[6385.320124987]   [44] offset=0x00b0 value=0x00000000 ← CHANGED
[6385.320127432]   [45] offset=0x00b4 value=0x00000000 ← CHANGED
[6385.320129723]   [46] offset=0x00b8 value=0x00000000 ← CHANGED
[6385.320132139]   [47] offset=0x00bc value=0x00000000 ← CHANGED
[6385.320142732]   [48] offset=0x00c0 value=0x00000000 ← CHANGED
[6385.320145741]   [49] offset=0x00c4 value=0x00000000 ← CHANGED
[6385.320147765]   [50] offset=0x00c8 value=0x00000000 ← CHANGED
[6385.320151074]   [51] offset=0x00cc value=0x00000000 ← CHANGED
[6385.320159472]   [52] offset=0x00d0 value=0x00000000 ← CHANGED
[6385.320161938]   [53] offset=0x00d4 value=0x00000000 ← CHANGED
[6385.320164616]   [54] offset=0x00d8 value=0x00000000 ← CHANGED
[6385.320167523]   [55] offset=0x00dc value=0x00000000 ← CHANGED
[6385.320170544]   [56] offset=0x00e0 value=0x00000000 ← CHANGED
[6385.320173579]   [57] offset=0x00e4 value=0x00000000 ← CHANGED
[6385.320176582]   [58] offset=0x00e8 value=0x00000000 ← CHANGED
[6385.320179393]   [59] offset=0x00ec value=0x00000000 ← CHANGED
[6385.320181606]   [60] offset=0x00f0 value=0x00000000 ← CHANGED
[6385.320184311]   [61] offset=0x00f4 value=0x00000000 ← CHANGED
[6385.320192973]   [62] offset=0x00f8 value=0x00000000 ← CHANGED
[6385.320198069]   [63] offset=0x00fc value=0x00000000 ← CHANGED
[6385.320200524] C361_BUFFER_DUMP_END: 64/64 values changed
[6385.320203146] C361_CHANGED_OFFSETS: count=64
[6385.320205908]   offset[0]=0x0000 value=0x00000000
[6385.320214796]   offset[1]=0x0004 value=0x00000000
[6385.320217805]   offset[2]=0x0008 value=0x00000000
[6385.320220676]   offset[3]=0x000c value=0x00000000
[6385.320223695]   offset[4]=0x0010 value=0x00000000
[6385.320227445]   offset[5]=0x0014 value=0x00000000
[6385.320230193]   offset[6]=0x0018 value=0x00000000
[6385.320233258]   offset[7]=0x001c value=0x00000000
[6385.320235649]   offset[8]=0x0020 value=0x00000000
[6385.320238372]   offset[9]=0x0024 value=0x00000000
[6385.320247036] C361_PATTERN: Multiple writes, stride=1 (0x4 bytes)
[6385.320250321] C343_MEMORY_PROBE: 64/64 values changed in output buffer
[6385.320253087] EXEC_SUCCESS: time=0.000333 sec pool_ctx_id=2 sentinel_before=0xDEADBEEF sentinel_after=0x00000000 gpu_executed=YES leading_zeros=0 memory_changed=64
[6385.320259784] BATCH_RESET: old_size=0 new_size=0 time=0.028 µs
[6385.320271550] OUTPUT_SYNC_SUCCESS: output_bo synchronized
[6385.320274741] CACHE_INVALIDATE: output buffer cache invalidated, reading from RAM
[6385.320277328] C325_OUTPUT_VALUES: output[0]=0 output[1]=0
[6385.320280166] C325_WARNING: Both outputs are 0 - GPU may not have written or block header produces 0 leading zeros
[6385.320288790] MINING_SUCCESS: best_nonce=0 leading_zeros=0 time=0.000700 sec hashrate=14285.29 MH/s
[6385.320299632] MINING_START: start_nonce=70000000 count=10000000
[6385.320308024] MINING_INPUT_PREPARED: header_size=80 start_nonce=70000000 count=10000000
[6385.320310650] C326_WRITE_VERIFY: wrote sentinel=0x00000000, readback output[0]=0x00000000 output[1]=0x00000000
[6385.320313844] CACHE_FLUSH: input and output buffers flushed to RAM
[6385.320318802] C332_PWRITE_SUCCESS: wrote 0x00000000 directly to output_bo via GEM_PWRITE
[6385.320321807] EXEC_START: ctx_id=3 mode=PERSISTENT (dispatch=8) sentinel=0x00000000
[6385.320324761] BATCH_POOL_SELECT: index=7/90 handle=9
[6385.320328921] BATCH_BUILD_SUCCESS: commands=62 bytes=248 batch_bo=9
[6385.320331412] C359_DW2_SAVED: input=0x026259ff output=0x00000027 (will restore before EXECBUFFER2)
[6385.320344957] C340_EXEC_OBJECTS: 7 buffers configured
[6385.320347734] C347_RELOCATIONS: batch[ssh@48 dsh@56 ioh@64 kernel@72] ssh[input@4 output@68]
[6385.320351415] C359_DW2_RESTORED_PRE_EXEC: input=0x026259ff output=0x00000027
[6385.320441571] C357_POST_EXEC_SSH_DUMP:
[6385.320454036]   Surface[0]: dw0=0x87fc0000 dw1=0x00001000 dw2=0x00000000 dw3=0x00000000
[6385.320457837]   Surface[1]: dw0=0x87fc0000 dw1=0x02627000 dw2=0x00000000 dw3=0x00000000
[6385.320461136] C357_SUCCESS: i915 patched dw1 correctly (Input=0x00001000 Output=0x02627000)
[6385.320464491] C358_BUG_DETECTED: i915 erased dw2! Restoring...
[6385.320466952] C358_FIX_APPLIED: dw2 restored to input=0x026259ff output=0x00000027
[6385.320730069] C346_SET_DOMAIN_SUCCESS: CPU cache invalidated, GPU writes visible
[6385.320743839] C361_BUFFER_DUMP_START: 256 bytes (64 uint32)
[6385.320747747]   [00] offset=0x0000 value=0x00000000 ← CHANGED
[6385.320751579]   [01] offset=0x0004 value=0x00000000 ← CHANGED
[6385.320754561]   [02] offset=0x0008 value=0x00000000 ← CHANGED
[6385.320759540]   [03] offset=0x000c value=0x00000000 ← CHANGED
[6385.320761362]   [04] offset=0x0010 value=0x00000000 ← CHANGED
[6385.320763068]   [05] offset=0x0014 value=0x00000000 ← CHANGED
[6385.320764729]   [06] offset=0x0018 value=0x00000000 ← CHANGED
[6385.320766352]   [07] offset=0x001c value=0x00000000 ← CHANGED
[6385.320767979]   [08] offset=0x0020 value=0x00000000 ← CHANGED
[6385.320769608]   [09] offset=0x0024 value=0x00000000 ← CHANGED
[6385.320771233]   [10] offset=0x0028 value=0x00000000 ← CHANGED
[6385.320773033]   [11] offset=0x002c value=0x00000000 ← CHANGED
[6385.320774710]   [12] offset=0x0030 value=0x00000000 ← CHANGED
[6385.320776360]   [13] offset=0x0034 value=0x00000000 ← CHANGED
[6385.320778003]   [14] offset=0x0038 value=0x00000000 ← CHANGED
[6385.320779626]   [15] offset=0x003c value=0x00000000 ← CHANGED
[6385.320781269]   [16] offset=0x0040 value=0x00000000 ← CHANGED
[6385.320782894]   [17] offset=0x0044 value=0x00000000 ← CHANGED
[6385.320784522]   [18] offset=0x0048 value=0x00000000 ← CHANGED
[6385.320786269]   [19] offset=0x004c value=0x00000000 ← CHANGED
[6385.320787936]   [20] offset=0x0050 value=0x00000000 ← CHANGED
[6385.320789579]   [21] offset=0x0054 value=0x00000000 ← CHANGED
[6385.320791228]   [22] offset=0x0058 value=0x00000000 ← CHANGED
[6385.320792856]   [23] offset=0x005c value=0x00000000 ← CHANGED
[6385.320794479]   [24] offset=0x0060 value=0x00000000 ← CHANGED
[6385.320796099]   [25] offset=0x0064 value=0x00000000 ← CHANGED
[6385.320797717]   [26] offset=0x0068 value=0x00000000 ← CHANGED
[6385.320799452]   [27] offset=0x006c value=0x00000000 ← CHANGED
[6385.320801116]   [28] offset=0x0070 value=0x00000000 ← CHANGED
[6385.320802752]   [29] offset=0x0074 value=0x00000000 ← CHANGED
[6385.320804385]   [30] offset=0x0078 value=0x00000000 ← CHANGED
[6385.320805988]   [31] offset=0x007c value=0x00000000 ← CHANGED
[6385.320807619]   [32] offset=0x0080 value=0x00000000 ← CHANGED
[6385.320809225]   [33] offset=0x0084 value=0x00000000 ← CHANGED
[6385.320810836]   [34] offset=0x0088 value=0x00000000 ← CHANGED
[6385.320812566]   [35] offset=0x008c value=0x00000000 ← CHANGED
[6385.320814224]   [36] offset=0x0090 value=0x00000000 ← CHANGED
[6385.320815860]   [37] offset=0x0094 value=0x00000000 ← CHANGED
[6385.320817503]   [38] offset=0x0098 value=0x00000000 ← CHANGED
[6385.320819107]   [39] offset=0x009c value=0x00000000 ← CHANGED
[6385.320820719]   [40] offset=0x00a0 value=0x00000000 ← CHANGED
[6385.320823213]   [41] offset=0x00a4 value=0x00000000 ← CHANGED
[6385.320825017]   [42] offset=0x00a8 value=0x00000000 ← CHANGED
[6385.320826681]   [43] offset=0x00ac value=0x00000000 ← CHANGED
[6385.320828326]   [44] offset=0x00b0 value=0x00000000 ← CHANGED
[6385.320829954]   [45] offset=0x00b4 value=0x00000000 ← CHANGED
[6385.320831568]   [46] offset=0x00b8 value=0x00000000 ← CHANGED
[6385.320833193]   [47] offset=0x00bc value=0x00000000 ← CHANGED
[6385.320839816]   [48] offset=0x00c0 value=0x00000000 ← CHANGED
[6385.320841555]   [49] offset=0x00c4 value=0x00000000 ← CHANGED
[6385.320843308]   [50] offset=0x00c8 value=0x00000000 ← CHANGED
[6385.320844964]   [51] offset=0x00cc value=0x00000000 ← CHANGED
[6385.320846616]   [52] offset=0x00d0 value=0x00000000 ← CHANGED
[6385.320848872]   [53] offset=0x00d4 value=0x00000000 ← CHANGED
[6385.320850539]   [54] offset=0x00d8 value=0x00000000 ← CHANGED
[6385.320852904]   [55] offset=0x00dc value=0x00000000 ← CHANGED
[6385.320854654]   [56] offset=0x00e0 value=0x00000000 ← CHANGED
[6385.320856327]   [57] offset=0x00e4 value=0x00000000 ← CHANGED
[6385.320857967]   [58] offset=0x00e8 value=0x00000000 ← CHANGED
[6385.320859581]   [59] offset=0x00ec value=0x00000000 ← CHANGED
[6385.320861204]   [60] offset=0x00f0 value=0x00000000 ← CHANGED
[6385.320862823]   [61] offset=0x00f4 value=0x00000000 ← CHANGED
[6385.320864447]   [62] offset=0x00f8 value=0x00000000 ← CHANGED
[6385.320866044]   [63] offset=0x00fc value=0x00000000 ← CHANGED
[6385.320867804] C361_BUFFER_DUMP_END: 64/64 values changed
[6385.320870141] C361_CHANGED_OFFSETS: count=64
[6385.320872349]   offset[0]=0x0000 value=0x00000000
[6385.320874318]   offset[1]=0x0004 value=0x00000000
[6385.320876100]   offset[2]=0x0008 value=0x00000000
[6385.320877799]   offset[3]=0x000c value=0x00000000
[6385.320879559]   offset[4]=0x0010 value=0x00000000
[6385.320881289]   offset[5]=0x0014 value=0x00000000
[6385.320882963]   offset[6]=0x0018 value=0x00000000
[6385.320884576]   offset[7]=0x001c value=0x00000000
[6385.320886173]   offset[8]=0x0020 value=0x00000000
[6385.320888399]   offset[9]=0x0024 value=0x00000000
[6385.320890688] C361_PATTERN: Multiple writes, stride=1 (0x4 bytes)
[6385.320892615] C343_MEMORY_PROBE: 64/64 values changed in output buffer
[6385.320894270] EXEC_SUCCESS: time=0.000422 sec pool_ctx_id=3 sentinel_before=0xDEADBEEF sentinel_after=0x00000000 gpu_executed=YES leading_zeros=0 memory_changed=64
[6385.320898217] BATCH_RESET: old_size=0 new_size=0 time=0.026 µs
[6385.320902071] OUTPUT_SYNC_SUCCESS: output_bo synchronized
[6385.320903767] CACHE_INVALIDATE: output buffer cache invalidated, reading from RAM
[6385.320906563] C325_OUTPUT_VALUES: output[0]=0 output[1]=0
[6385.320908522] C325_WARNING: Both outputs are 0 - GPU may not have written or block header produces 0 leading zeros
[6385.320910755] MINING_SUCCESS: best_nonce=0 leading_zeros=0 time=0.000614 sec hashrate=16277.07 MH/s
[6385.320917721] MINING_START: start_nonce=80000000 count=10000000
[6385.320919617] MINING_INPUT_PREPARED: header_size=80 start_nonce=80000000 count=10000000
[6385.320921343] C326_WRITE_VERIFY: wrote sentinel=0x00000000, readback output[0]=0x00000000 output[1]=0x00000000
[6385.320923244] CACHE_FLUSH: input and output buffers flushed to RAM
[6385.320926824] C332_PWRITE_SUCCESS: wrote 0x00000000 directly to output_bo via GEM_PWRITE
[6385.320929311] EXEC_START: ctx_id=4 mode=PERSISTENT (dispatch=9) sentinel=0x00000000
[6385.320931199] BATCH_POOL_SELECT: index=8/90 handle=10
[6385.320933161] BATCH_BUILD_SUCCESS: commands=62 bytes=248 batch_bo=10
[6385.320934941] C359_DW2_SAVED: input=0x026259ff output=0x00000027 (will restore before EXECBUFFER2)
[6385.320936781] C340_EXEC_OBJECTS: 7 buffers configured
[6385.320938432] C347_RELOCATIONS: batch[ssh@48 dsh@56 ioh@64 kernel@72] ssh[input@4 output@68]
[6385.320940631] C359_DW2_RESTORED_PRE_EXEC: input=0x026259ff output=0x00000027
[6385.321006539] C357_POST_EXEC_SSH_DUMP:
[6385.321012010]   Surface[0]: dw0=0x87fc0000 dw1=0x00001000 dw2=0x00000000 dw3=0x00000000
[6385.321015595]   Surface[1]: dw0=0x87fc0000 dw1=0x02627000 dw2=0x00000000 dw3=0x00000000
[6385.321017549] C357_SUCCESS: i915 patched dw1 correctly (Input=0x00001000 Output=0x02627000)
[6385.321019510] C358_BUG_DETECTED: i915 erased dw2! Restoring...
[6385.321021118] C358_FIX_APPLIED: dw2 restored to input=0x026259ff output=0x00000027
[6385.321242231] C346_SET_DOMAIN_SUCCESS: CPU cache invalidated, GPU writes visible
[6385.321255555] C361_BUFFER_DUMP_START: 256 bytes (64 uint32)
[6385.321260019]   [00] offset=0x0000 value=0x00000000 ← CHANGED
[6385.321263479]   [01] offset=0x0004 value=0x00000000 ← CHANGED
[6385.321265394]   [02] offset=0x0008 value=0x00000000 ← CHANGED
[6385.321267064]   [03] offset=0x000c value=0x00000000 ← CHANGED
[6385.321270375]   [04] offset=0x0010 value=0x00000000 ← CHANGED
[6385.321272335]   [05] offset=0x0014 value=0x00000000 ← CHANGED
[6385.321274027]   [06] offset=0x0018 value=0x00000000 ← CHANGED
[6385.321275695]   [07] offset=0x001c value=0x00000000 ← CHANGED
[6385.321277312]   [08] offset=0x0020 value=0x00000000 ← CHANGED
[6385.321278930]   [09] offset=0x0024 value=0x00000000 ← CHANGED
[6385.321280547]   [10] offset=0x0028 value=0x00000000 ← CHANGED
[6385.321282214]   [11] offset=0x002c value=0x00000000 ← CHANGED
[6385.321283844]   [12] offset=0x0030 value=0x00000000 ← CHANGED
[6385.321285658]   [13] offset=0x0034 value=0x00000000 ← CHANGED
[6385.321287378]   [14] offset=0x0038 value=0x00000000 ← CHANGED
[6385.321290820]   [15] offset=0x003c value=0x00000000 ← CHANGED
[6385.321292589]   [16] offset=0x0040 value=0x00000000 ← CHANGED
[6385.321294220]   [17] offset=0x0044 value=0x00000000 ← CHANGED
[6385.321297424]   [18] offset=0x0048 value=0x00000000 ← CHANGED
[6385.321300797]   [19] offset=0x004c value=0x00000000 ← CHANGED
[6385.321302608]   [20] offset=0x0050 value=0x00000000 ← CHANGED
[6385.321304270]   [21] offset=0x0054 value=0x00000000 ← CHANGED
[6385.321307528]   [22] offset=0x0058 value=0x00000000 ← CHANGED
[6385.321309214]   [23] offset=0x005c value=0x00000000 ← CHANGED
[6385.321310831]   [24] offset=0x0060 value=0x00000000 ← CHANGED
[6385.321312449]   [25] offset=0x0064 value=0x00000000 ← CHANGED
[6385.321314231]   [26] offset=0x0068 value=0x00000000 ← CHANGED
[6385.321315922]   [27] offset=0x006c value=0x00000000 ← CHANGED
[6385.321319447]   [28] offset=0x0070 value=0x00000000 ← CHANGED
[6385.321321211]   [29] offset=0x0074 value=0x00000000 ← CHANGED
[6385.321324439]   [30] offset=0x0078 value=0x00000000 ← CHANGED
[6385.321327794]   [31] offset=0x007c value=0x00000000 ← CHANGED
[6385.321329625]   [32] offset=0x0080 value=0x00000000 ← CHANGED
[6385.321331240]   [33] offset=0x0084 value=0x00000000 ← CHANGED
[6385.321332847]   [34] offset=0x0088 value=0x00000000 ← CHANGED
[6385.321334463]   [35] offset=0x008c value=0x00000000 ← CHANGED
[6385.321336070]   [36] offset=0x0090 value=0x00000000 ← CHANGED
[6385.321337684]   [37] offset=0x0094 value=0x00000000 ← CHANGED
[6385.321339297]   [38] offset=0x0098 value=0x00000000 ← CHANGED
[6385.321341074]   [39] offset=0x009c value=0x00000000 ← CHANGED
[6385.321342768]   [40] offset=0x00a0 value=0x00000000 ← CHANGED
[6385.321344423]   [41] offset=0x00a4 value=0x00000000 ← CHANGED
[6385.321346071]   [42] offset=0x00a8 value=0x00000000 ← CHANGED
[6385.321347705]   [43] offset=0x00ac value=0x00000000 ← CHANGED
[6385.321349316]   [44] offset=0x00b0 value=0x00000000 ← CHANGED
[6385.321350933]   [45] offset=0x00b4 value=0x00000000 ← CHANGED
[6385.321352543]   [46] offset=0x00b8 value=0x00000000 ← CHANGED
[6385.321354325]   [47] offset=0x00bc value=0x00000000 ← CHANGED
[6385.321356059]   [48] offset=0x00c0 value=0x00000000 ← CHANGED
[6385.321357776]   [49] offset=0x00c4 value=0x00000000 ← CHANGED
[6385.321361324]   [50] offset=0x00c8 value=0x00000000 ← CHANGED
[6385.321364800]   [51] offset=0x00cc value=0x00000000 ← CHANGED
[6385.321367402]   [52] offset=0x00d0 value=0x00000000 ← CHANGED
[6385.321369239]   [53] offset=0x00d4 value=0x00000000 ← CHANGED
[6385.321370953]   [54] offset=0x00d8 value=0x00000000 ← CHANGED
[6385.321372614]   [55] offset=0x00dc value=0x00000000 ← CHANGED
[6385.321374233]   [56] offset=0x00e0 value=0x00000000 ← CHANGED
[6385.321375845]   [57] offset=0x00e4 value=0x00000000 ← CHANGED
[6385.321377460]   [58] offset=0x00e8 value=0x00000000 ← CHANGED
[6385.321379116]   [59] offset=0x00ec value=0x00000000 ← CHANGED
[6385.321380742]   [60] offset=0x00f0 value=0x00000000 ← CHANGED
[6385.321393603]   [61] offset=0x00f4 value=0x00000000 ← CHANGED
[6385.321397538]   [62] offset=0x00f8 value=0x00000000 ← CHANGED
[6385.321399282]   [63] offset=0x00fc value=0x00000000 ← CHANGED
[6385.321400947] C361_BUFFER_DUMP_END: 64/64 values changed
[6385.321402550] C361_CHANGED_OFFSETS: count=64
[6385.321404116]   offset[0]=0x0000 value=0x00000000
[6385.321406097]   offset[1]=0x0004 value=0x00000000
[6385.321409544]   offset[2]=0x0008 value=0x00000000
[6385.321412294]   offset[3]=0x000c value=0x00000000
[6385.321414603]   offset[4]=0x0010 value=0x00000000
[6385.321416648]   offset[5]=0x0014 value=0x00000000
[6385.321418539]   offset[6]=0x0018 value=0x00000000
[6385.321420595]   offset[7]=0x001c value=0x00000000
[6385.321422934]   offset[8]=0x0020 value=0x00000000
[6385.321425591]   offset[9]=0x0024 value=0x00000000
[6385.321428328] C361_PATTERN: Multiple writes, stride=1 (0x4 bytes)
[6385.321431270] C343_MEMORY_PROBE: 64/64 values changed in output buffer
[6385.321434293] EXEC_SUCCESS: time=0.000326 sec pool_ctx_id=4 sentinel_before=0xDEADBEEF sentinel_after=0x00000000 gpu_executed=YES leading_zeros=0 memory_changed=64
[6385.321437644] BATCH_RESET: old_size=0 new_size=0 time=0.028 µs
[6385.321442458] OUTPUT_SYNC_SUCCESS: output_bo synchronized
[6385.321444743] CACHE_INVALIDATE: output buffer cache invalidated, reading from RAM
[6385.321446365] C325_OUTPUT_VALUES: output[0]=0 output[1]=0
[6385.321448100] C325_WARNING: Both outputs are 0 - GPU may not have written or block header produces 0 leading zeros
[6385.321449669] MINING_SUCCESS: best_nonce=0 leading_zeros=0 time=0.000535 sec hashrate=18703.13 MH/s
[6385.321457036] MINING_START: start_nonce=90000000 count=10000000
[6385.321461135] MINING_INPUT_PREPARED: header_size=80 start_nonce=90000000 count=10000000
[6385.321463728] C326_WRITE_VERIFY: wrote sentinel=0x00000000, readback output[0]=0x00000000 output[1]=0x00000000
[6385.321466829] CACHE_FLUSH: input and output buffers flushed to RAM
[6385.321471719] C332_PWRITE_SUCCESS: wrote 0x00000000 directly to output_bo via GEM_PWRITE
[6385.321473750] C283_REOPEN_TRIGGER: usage=3 max=3
[6385.321475924] DRM_REOPEN_C282_START: close_fd_complete (C228 solution)
[6385.321478266] DRM_REOPEN_GPU_SYNC_START: waiting all buffers
[6385.321484500] DRM_REOPEN_GPU_SYNC_COMPLETE
[6385.321495180] DRM_REOPEN_CTX_DESTROYED: index=0 ctx_id=2
[6385.321504293] DRM_REOPEN_CTX_DESTROYED: index=1 ctx_id=3
[6385.321515466] DRM_REOPEN_CTX_DESTROYED: index=2 ctx_id=4
[6385.321520512] DRM_REOPEN_MAIN_CTX_DESTROYED: ctx_id=2
[6385.321828759] DRM_REOPEN_FD_CLOSED: old_fd=4 (C282: reset VM)
[6385.321872162] DRM_REOPEN_OPENED: new_fd=4
[6385.321879170] DRM_REOPEN_CTX_CREATED: index=0 ctx_id=1
[6385.321885067] DRM_REOPEN_CTX_CREATED: index=1 ctx_id=2
[6385.321888794] DRM_REOPEN_CTX_CREATED: index=2 ctx_id=3
[6385.321890619] DRM_REOPEN_RECREATE_BUFFERS_START
[6385.323175649] DRM_REOPEN_BATCH_RECREATED: count=90
[6385.323256726] DRM_REOPEN_KERNEL_RECREATED: handle=91 size=3664
[6385.323924152] DRM_REOPEN_INPUT_RECREATED: handle=92
[6385.323984876] C327_BUFFER_INIT: cleared 40 bytes to zero
[6385.323991446] DRM_REOPEN_OUTPUT_RECREATED: handle=93
[6385.324010830] C300_SSH_CREATED: handle=94 size=4096
[6385.324024422] C300_SSH_MAPPED: addr=0x7e0d0c26d000
[6385.324033146] C300_DSH_CREATED: handle=95 size=4096
[6385.324041337] C300_DSH_MAPPED: addr=0x7e0d0c26c000
[6385.324056535] C300_IOH_CREATED: handle=96 size=4096
[6385.324065862] C300_IOH_MAPPED: addr=0x7e0d0c26b000
[6385.324069873] C300_ALL_HEAPS_RECREATED_SUCCESS: ssh=94 dsh=95 ioh=96
[6385.324073113] DRM_REOPEN_SUCCESS: time=2.597 ms new_fd=4 buffers_recreated=93
[6385.324080016] C283_REOPEN_SUCCESS: pool_reset
[6385.324083119] EXEC_START: ctx_id=1 mode=PERSISTENT (dispatch=10) sentinel=0x00000000
[6385.324087480] BATCH_POOL_SELECT: index=9/90 handle=10
[6385.324100501] BATCH_BUILD_SUCCESS: commands=62 bytes=248 batch_bo=10
[6385.324104531] C359_DW2_SAVED: input=0x026259ff output=0x00000027 (will restore before EXECBUFFER2)
[6385.324108689] C340_EXEC_OBJECTS: 7 buffers configured
[6385.324121630] C347_RELOCATIONS: batch[ssh@48 dsh@56 ioh@64 kernel@72] ssh[input@4 output@68]
[6385.324131240] C359_DW2_RESTORED_PRE_EXEC: input=0x026259ff output=0x00000027
[6385.333788372] C357_POST_EXEC_SSH_DUMP:
[6385.333826493]   Surface[0]: dw0=0x00000000 dw1=0x00001000 dw2=0x00000000 dw3=0x00000000
[6385.333832420]   Surface[1]: dw0=0x00000000 dw1=0x02627000 dw2=0x00000000 dw3=0x00000000
[6385.333835108] C357_SUCCESS: i915 patched dw1 correctly (Input=0x00001000 Output=0x02627000)
[6385.333841331] C358_BUG_DETECTED: i915 erased dw2! Restoring...
[6385.333845454] C358_FIX_APPLIED: dw2 restored to input=0x026259ff output=0x00000027
[6385.334992839] C346_SET_DOMAIN_SUCCESS: CPU cache invalidated, GPU writes visible
[6385.335026647] C361_BUFFER_DUMP_START: 256 bytes (64 uint32)
[6385.335032356]   [00] offset=0x0000 value=0x00000000 ← CHANGED
[6385.335037065]   [01] offset=0x0004 value=0x00000000 ← CHANGED
[6385.335039850]   [02] offset=0x0008 value=0x00000000 ← CHANGED
[6385.335042765]   [03] offset=0x000c value=0x00000000 ← CHANGED
[6385.335045079]   [04] offset=0x0010 value=0x00000000 ← CHANGED
[6385.335047511]   [05] offset=0x0014 value=0x00000000 ← CHANGED
[6385.335049864]   [06] offset=0x0018 value=0x00000000 ← CHANGED
[6385.335052270]   [07] offset=0x001c value=0x00000000 ← CHANGED
[6385.335054703]   [08] offset=0x0020 value=0x00000000 ← CHANGED
[6385.335057645]   [09] offset=0x0024 value=0x00000000 ← CHANGED
[6385.335060814]   [10] offset=0x0028 value=0x00000000 ← CHANGED
[6385.335064211]   [11] offset=0x002c value=0x00000000 ← CHANGED
[6385.335067535]   [12] offset=0x0030 value=0x00000000 ← CHANGED
[6385.335070764]   [13] offset=0x0034 value=0x00000000 ← CHANGED
[6385.335074025]   [14] offset=0x0038 value=0x00000000 ← CHANGED
[6385.335077219]   [15] offset=0x003c value=0x00000000 ← CHANGED
[6385.335080477]   [16] offset=0x0040 value=0x00000000 ← CHANGED
[6385.335083654]   [17] offset=0x0044 value=0x00000000 ← CHANGED
[6385.335086836]   [18] offset=0x0048 value=0x00000000 ← CHANGED
[6385.335090239]   [19] offset=0x004c value=0x00000000 ← CHANGED
[6385.335093578]   [20] offset=0x0050 value=0x00000000 ← CHANGED
[6385.335096784]   [21] offset=0x0054 value=0x00000000 ← CHANGED
[6385.335100019]   [22] offset=0x0058 value=0x00000000 ← CHANGED
[6385.335103182]   [23] offset=0x005c value=0x00000000 ← CHANGED
[6385.335106336]   [24] offset=0x0060 value=0x00000000 ← CHANGED
[6385.335109520]   [25] offset=0x0064 value=0x00000000 ← CHANGED
[6385.335112661]   [26] offset=0x0068 value=0x00000000 ← CHANGED
[6385.335116075]   [27] offset=0x006c value=0x00000000 ← CHANGED
[6385.335119325]   [28] offset=0x0070 value=0x00000000 ← CHANGED
[6385.335122511]   [29] offset=0x0074 value=0x00000000 ← CHANGED
[6385.335125726]   [30] offset=0x0078 value=0x00000000 ← CHANGED
[6385.335128898]   [31] offset=0x007c value=0x00000000 ← CHANGED
[6385.335132159]   [32] offset=0x0080 value=0x00000000 ← CHANGED
[6385.335135326]   [33] offset=0x0084 value=0x00000000 ← CHANGED
[6385.335138513]   [34] offset=0x0088 value=0x00000000 ← CHANGED
[6385.335141935]   [35] offset=0x008c value=0x00000000 ← CHANGED
[6385.335145231]   [36] offset=0x0090 value=0x00000000 ← CHANGED
[6385.335148447]   [37] offset=0x0094 value=0x00000000 ← CHANGED
[6385.335151651]   [38] offset=0x0098 value=0x00000000 ← CHANGED
[6385.335154812]   [39] offset=0x009c value=0x00000000 ← CHANGED
[6385.335157890]   [40] offset=0x00a0 value=0x00000000 ← CHANGED
[6385.335160696]   [41] offset=0x00a4 value=0x00000000 ← CHANGED
[6385.335163876]   [42] offset=0x00a8 value=0x00000000 ← CHANGED
[6385.335167286]   [43] offset=0x00ac value=0x00000000 ← CHANGED
[6385.335170609]   [44] offset=0x00b0 value=0x00000000 ← CHANGED
[6385.335173813]   [45] offset=0x00b4 value=0x00000000 ← CHANGED
[6385.335177045]   [46] offset=0x00b8 value=0x00000000 ← CHANGED
[6385.335180215]   [47] offset=0x00bc value=0x00000000 ← CHANGED
[6385.335183410]   [48] offset=0x00c0 value=0x00000000 ← CHANGED
[6385.335219960]   [49] offset=0x00c4 value=0x00000000 ← CHANGED
[6385.335223661]   [50] offset=0x00c8 value=0x00000000 ← CHANGED
[6385.335226879]   [51] offset=0x00cc value=0x00000000 ← CHANGED
[6385.335230042]   [52] offset=0x00d0 value=0x00000000 ← CHANGED
[6385.335233187]   [53] offset=0x00d4 value=0x00000000 ← CHANGED
[6385.335236297]   [54] offset=0x00d8 value=0x00000000 ← CHANGED
[6385.335239423]   [55] offset=0x00dc value=0x00000000 ← CHANGED
[6385.335243579]   [56] offset=0x00e0 value=0x00000000 ← CHANGED
[6385.335246882]   [57] offset=0x00e4 value=0x00000000 ← CHANGED
[6385.335250224]   [58] offset=0x00e8 value=0x00000000 ← CHANGED
[6385.335253070]   [59] offset=0x00ec value=0x00000000 ← CHANGED
[6385.335256878]   [60] offset=0x00f0 value=0x00000000 ← CHANGED
[6385.335260689]   [61] offset=0x00f4 value=0x00000000 ← CHANGED
[6385.335264018]   [62] offset=0x00f8 value=0x00000000 ← CHANGED
[6385.335267312]   [63] offset=0x00fc value=0x00000000 ← CHANGED
[6385.335270658] C361_BUFFER_DUMP_END: 64/64 values changed
[6385.335273820] C361_CHANGED_OFFSETS: count=64
[6385.335277327]   offset[0]=0x0000 value=0x00000000
[6385.335282155]   offset[1]=0x0004 value=0x00000000
[6385.335285601]   offset[2]=0x0008 value=0x00000000
[6385.335288928]   offset[3]=0x000c value=0x00000000
[6385.335292182]   offset[4]=0x0010 value=0x00000000
[6385.335295401]   offset[5]=0x0014 value=0x00000000
[6385.335298609]   offset[6]=0x0018 value=0x00000000
[6385.335301773]   offset[7]=0x001c value=0x00000000
[6385.335305216]   offset[8]=0x0020 value=0x00000000
[6385.335308398]   offset[9]=0x0024 value=0x00000000
[6385.335311772] C361_PATTERN: Multiple writes, stride=1 (0x4 bytes)
[6385.335315211] C343_MEMORY_PROBE: 64/64 values changed in output buffer
[6385.335318561] EXEC_SUCCESS: time=0.013553 sec pool_ctx_id=1 sentinel_before=0xDEADBEEF sentinel_after=0x00000000 gpu_executed=YES leading_zeros=0 memory_changed=64
[6385.335326570] BATCH_RESET: old_size=0 new_size=0 time=0.041 µs
[6385.335336743] OUTPUT_SYNC_SUCCESS: output_bo synchronized
[6385.335341393] CACHE_INVALIDATE: output buffer cache invalidated, reading from RAM
[6385.335344632] C325_OUTPUT_VALUES: output[0]=0 output[1]=0
[6385.335347945] C325_WARNING: Both outputs are 0 - GPU may not have written or block header produces 0 leading zeros
[6385.335350977] MINING_SUCCESS: best_nonce=0 leading_zeros=0 time=0.013897 sec hashrate=719.59 MH/s
[6385.335358102] CLEANUP_START
[6385.335365207] CLEANUP_BATCH_POOL: index=0 handle=1
[6385.335371833] CLEANUP_BATCH_POOL: index=1 handle=2
[6385.335377673] CLEANUP_BATCH_POOL: index=2 handle=3
[6385.335383320] CLEANUP_BATCH_POOL: index=3 handle=4
[6385.335387927] CLEANUP_BATCH_POOL: index=4 handle=5
[6385.335392794] CLEANUP_BATCH_POOL: index=5 handle=6
[6385.335398802] CLEANUP_BATCH_POOL: index=6 handle=7
[6385.335405164] CLEANUP_BATCH_POOL: index=7 handle=8
[6385.335410680] CLEANUP_BATCH_POOL: index=8 handle=9
[6385.335418008] CLEANUP_BATCH_POOL: index=9 handle=10
[6385.335422964] CLEANUP_BATCH_POOL: index=10 handle=11
[6385.335427538] CLEANUP_BATCH_POOL: index=11 handle=12
[6385.335433597] CLEANUP_BATCH_POOL: index=12 handle=13
[6385.335438273] CLEANUP_BATCH_POOL: index=13 handle=14
[6385.335442774] CLEANUP_BATCH_POOL: index=14 handle=15
[6385.335447992] CLEANUP_BATCH_POOL: index=15 handle=16
[6385.335454257] CLEANUP_BATCH_POOL: index=16 handle=17
[6385.335458967] CLEANUP_BATCH_POOL: index=17 handle=18
[6385.335463822] CLEANUP_BATCH_POOL: index=18 handle=19
[6385.335468393] CLEANUP_BATCH_POOL: index=19 handle=20
[6385.335475204] CLEANUP_BATCH_POOL: index=20 handle=21
[6385.335480931] CLEANUP_BATCH_POOL: index=21 handle=22
[6385.335486790] CLEANUP_BATCH_POOL: index=22 handle=23
[6385.335491300] CLEANUP_BATCH_POOL: index=23 handle=24
[6385.335495705] CLEANUP_BATCH_POOL: index=24 handle=25
[6385.335500451] CLEANUP_BATCH_POOL: index=25 handle=26
[6385.335506628] CLEANUP_BATCH_POOL: index=26 handle=27
[6385.335511376] CLEANUP_BATCH_POOL: index=27 handle=28
[6385.335516088] CLEANUP_BATCH_POOL: index=28 handle=29
[6385.335529663] CLEANUP_BATCH_POOL: index=29 handle=30
[6385.335534546] CLEANUP_BATCH_POOL: index=30 handle=31
[6385.335539132] CLEANUP_BATCH_POOL: index=31 handle=32
[6385.335543746] CLEANUP_BATCH_POOL: index=32 handle=33
[6385.335549090] CLEANUP_BATCH_POOL: index=33 handle=34
[6385.335553523] CLEANUP_BATCH_POOL: index=34 handle=35
[6385.335558006] CLEANUP_BATCH_POOL: index=35 handle=36
[6385.335562826] CLEANUP_BATCH_POOL: index=36 handle=37
[6385.335567710] CLEANUP_BATCH_POOL: index=37 handle=38
[6385.335573752] CLEANUP_BATCH_POOL: index=38 handle=39
[6385.335578253] CLEANUP_BATCH_POOL: index=39 handle=40
[6385.335582675] CLEANUP_BATCH_POOL: index=40 handle=41
[6385.335587908] CLEANUP_BATCH_POOL: index=41 handle=42
[6385.335593883] CLEANUP_BATCH_POOL: index=42 handle=43
[6385.335600352] CLEANUP_BATCH_POOL: index=43 handle=44
[6385.335605365] CLEANUP_BATCH_POOL: index=44 handle=45
[6385.335609885] CLEANUP_BATCH_POOL: index=45 handle=46
[6385.335614157] CLEANUP_BATCH_POOL: index=46 handle=47
[6385.335618727] CLEANUP_BATCH_POOL: index=47 handle=48
[6385.335623695] CLEANUP_BATCH_POOL: index=48 handle=49
[6385.335628407] CLEANUP_BATCH_POOL: index=49 handle=50
[6385.335632970] CLEANUP_BATCH_POOL: index=50 handle=51
[6385.335639364] CLEANUP_BATCH_POOL: index=51 handle=52
[6385.335643880] CLEANUP_BATCH_POOL: index=52 handle=53
[6385.335648930] CLEANUP_BATCH_POOL: index=53 handle=54
[6385.335654149] CLEANUP_BATCH_POOL: index=54 handle=55
[6385.335658648] CLEANUP_BATCH_POOL: index=55 handle=56
[6385.335663070] CLEANUP_BATCH_POOL: index=56 handle=57
[6385.335668092] CLEANUP_BATCH_POOL: index=57 handle=58
[6385.335673776] CLEANUP_BATCH_POOL: index=58 handle=59
[6385.335678354] CLEANUP_BATCH_POOL: index=59 handle=60
[6385.335682839] CLEANUP_BATCH_POOL: index=60 handle=61
[6385.335688812] CLEANUP_BATCH_POOL: index=61 handle=62
[6385.335693990] CLEANUP_BATCH_POOL: index=62 handle=63
[6385.335700203] CLEANUP_BATCH_POOL: index=63 handle=64
[6385.335705326] CLEANUP_BATCH_POOL: index=64 handle=65
[6385.335711595] CLEANUP_BATCH_POOL: index=65 handle=66
[6385.335717764] CLEANUP_BATCH_POOL: index=66 handle=67
[6385.335723631] CLEANUP_BATCH_POOL: index=67 handle=68
[6385.335729355] CLEANUP_BATCH_POOL: index=68 handle=69
[6385.335734046] CLEANUP_BATCH_POOL: index=69 handle=70
[6385.335738745] CLEANUP_BATCH_POOL: index=70 handle=71
[6385.335744931] CLEANUP_BATCH_POOL: index=71 handle=72
[6385.335749554] CLEANUP_BATCH_POOL: index=72 handle=73
[6385.335754646] CLEANUP_BATCH_POOL: index=73 handle=74
[6385.335760066] CLEANUP_BATCH_POOL: index=74 handle=75
[6385.335765566] CLEANUP_BATCH_POOL: index=75 handle=76
[6385.335770051] CLEANUP_BATCH_POOL: index=76 handle=77
[6385.335774961] CLEANUP_BATCH_POOL: index=77 handle=78
[6385.335780440] CLEANUP_BATCH_POOL: index=78 handle=79
[6385.335786465] CLEANUP_BATCH_POOL: index=79 handle=80
[6385.335791325] CLEANUP_BATCH_POOL: index=80 handle=81
[6385.335796408] CLEANUP_BATCH_POOL: index=81 handle=82
[6385.335801129] CLEANUP_BATCH_POOL: index=82 handle=83
[6385.335805531] CLEANUP_BATCH_POOL: index=83 handle=84
[6385.335810035] CLEANUP_BATCH_POOL: index=84 handle=85
[6385.335815691] CLEANUP_BATCH_POOL: index=85 handle=86
[6385.335820860] CLEANUP_BATCH_POOL: index=86 handle=87
[6385.335825665] CLEANUP_BATCH_POOL: index=87 handle=88
[6385.335830231] CLEANUP_BATCH_POOL: index=88 handle=89
[6385.335835328] CLEANUP_BATCH_POOL: index=89 handle=90
[6385.335856886] CTX_POOL_DESTROYED: index=0 ctx_id=1
[6385.335863818] CTX_POOL_DESTROYED: index=1 ctx_id=2
[6385.335869315] CTX_POOL_DESTROYED: index=2 ctx_id=3
[6385.336631100] ASYNC_SAVE_CLEANUP: thread_stopped=yes
[6385.336646468] KERNEL_CACHE_FREED: size=3664 bytes
[6385.336652056] CLEANUP_COMPLETE: dispatches=10 time=0.027 sec thermal_throttles=0
