31708 03:29:25.227731 execve("tests/test_c552_complete_opencl_model", ["tests/test_c552_complete_opencl_"...], 0x7ffca16c60c8 /* 70 vars */) = 0 <0.001004>
31708 03:29:25.229737 brk(NULL)         = 0x5d6836ea1000 <0.000030>
31708 03:29:25.229906 mmap(NULL, 8192, PROT_READ|PROT_WRITE, MAP_PRIVATE|MAP_ANONYMOUS, -1, 0) = 0x727065a13000 <0.000065>
31708 03:29:25.230141 access("/etc/ld.so.preload", R_OK) = 0 <0.000049>
31708 03:29:25.230402 openat(AT_FDCWD, "/etc/ld.so.preload", O_RDONLY|O_CLOEXEC) = 3 <0.000061>
31708 03:29:25.230561 fstat(3, {st_mode=S_IFREG|0644, st_size=75, ...}) = 0 <0.000034>
31708 03:29:25.231282 mmap(NULL, 75, PROT_READ|PROT_WRITE, MAP_PRIVATE, 3, 0) = 0x727065a12000 <0.000070>
31708 03:29:25.231471 close(3)          = 0 <0.000022>
31708 03:29:25.231627 openat(AT_FDCWD, "/opt/datadog-packages/datadog-apm-inject/stable/inject/launcher.preload.so", O_RDONLY|O_CLOEXEC) = 3 <0.000080>
31708 03:29:25.231827 read(3, "\177ELF\2\1\1\0\0\0\0\0\0\0\0\0\3\0>\0\1\0\0\0\0\0\0\0\0\0\0\0"..., 832) = 832 <0.000033>
31708 03:29:25.231965 fstat(3, {st_mode=S_IFREG|0755, st_size=741833, ...}) = 0 <0.000032>
31708 03:29:25.232096 mmap(NULL, 627144, PROT_READ, MAP_PRIVATE|MAP_DENYWRITE, 3, 0) = 0x727065978000 <0.000053>
31708 03:29:25.232286 mprotect(0x72706597d000, 602112, PROT_NONE) = 0 <0.000050>
31708 03:29:25.232451 mmap(0x72706597d000, 368640, PROT_READ|PROT_EXEC, MAP_PRIVATE|MAP_FIXED|MAP_DENYWRITE, 3, 0x5000) = 0x72706597d000 <0.000067>
31708 03:29:25.232611 mmap(0x7270659d7000, 98304, PROT_READ, MAP_PRIVATE|MAP_FIXED|MAP_DENYWRITE, 3, 0x5f000) = 0x7270659d7000 <0.000053>
31708 03:29:25.232762 mmap(0x7270659ef000, 16384, PROT_READ|PROT_WRITE, MAP_PRIVATE|MAP_FIXED|MAP_DENYWRITE, 3, 0x77000) = 0x7270659ef000 <0.000054>
31708 03:29:25.232917 mmap(0x7270659f3000, 116904, PROT_READ|PROT_WRITE, MAP_PRIVATE|MAP_FIXED|MAP_ANONYMOUS, -1, 0) = 0x7270659f3000 <0.000057>
31708 03:29:25.233059 mmap(0x727065a10000, 8192, PROT_READ|PROT_WRITE, MAP_PRIVATE|MAP_FIXED|MAP_DENYWRITE, 3, 0xb4000) = 0x727065a10000 <0.000054>
31708 03:29:25.233239 close(3)          = 0 <0.000032>
31708 03:29:25.233354 munmap(0x727065a12000, 75) = 0 <0.000041>
31708 03:29:25.233516 openat(AT_FDCWD, "/etc/ld.so.cache", O_RDONLY|O_CLOEXEC) = 3 <0.000056>
31708 03:29:25.233685 fstat(3, {st_mode=S_IFREG|0644, st_size=85275, ...}) = 0 <0.000024>
31708 03:29:25.233791 mmap(NULL, 85275, PROT_READ, MAP_PRIVATE, 3, 0) = 0x727065963000 <0.000046>
31708 03:29:25.233898 close(3)          = 0 <0.000019>
31708 03:29:25.233988 openat(AT_FDCWD, "/lib/x86_64-linux-gnu/libc.so.6", O_RDONLY|O_CLOEXEC) = 3 <0.000045>
31708 03:29:25.234099 read(3, "\177ELF\2\1\1\3\0\0\0\0\0\0\0\0\3\0>\0\1\0\0\0\220\243\2\0\0\0\0\0"..., 832) = 832 <0.000022>
31708 03:29:25.234220 pread64(3, "\6\0\0\0\4\0\0\0@\0\0\0\0\0\0\0@\0\0\0\0\0\0\0@\0\0\0\0\0\0\0"..., 784, 64) = 784 <0.000026>
31708 03:29:25.234320 fstat(3, {st_mode=S_IFREG|0755, st_size=2125328, ...}) = 0 <0.000024>
31708 03:29:25.234415 pread64(3, "\6\0\0\0\4\0\0\0@\0\0\0\0\0\0\0@\0\0\0\0\0\0\0@\0\0\0\0\0\0\0"..., 784, 64) = 784 <0.000019>
31708 03:29:25.234497 mmap(NULL, 2170256, PROT_READ, MAP_PRIVATE|MAP_DENYWRITE, 3, 0) = 0x727065600000 <0.000041>
31708 03:29:25.234600 mmap(0x727065628000, 1605632, PROT_READ|PROT_EXEC, MAP_PRIVATE|MAP_FIXED|MAP_DENYWRITE, 3, 0x28000) = 0x727065628000 <0.000052>
31708 03:29:25.234739 mmap(0x7270657b0000, 323584, PROT_READ, MAP_PRIVATE|MAP_FIXED|MAP_DENYWRITE, 3, 0x1b0000) = 0x7270657b0000 <0.000077>
31708 03:29:25.234885 mmap(0x7270657ff000, 24576, PROT_READ|PROT_WRITE, MAP_PRIVATE|MAP_FIXED|MAP_DENYWRITE, 3, 0x1fe000) = 0x7270657ff000 <0.000068>
31708 03:29:25.235031 mmap(0x727065805000, 52624, PROT_READ|PROT_WRITE, MAP_PRIVATE|MAP_FIXED|MAP_ANONYMOUS, -1, 0) = 0x727065805000 <0.000064>
31708 03:29:25.235209 close(3)          = 0 <0.000029>
31708 03:29:25.235334 mmap(NULL, 12288, PROT_READ|PROT_WRITE, MAP_PRIVATE|MAP_ANONYMOUS, -1, 0) = 0x727065960000 <0.000066>
31708 03:29:25.235479 arch_prctl(ARCH_SET_FS, 0x727065960740) = 0 <0.000026>
31708 03:29:25.235570 set_tid_address(0x727065960a10) = 31708 <0.000027>
31708 03:29:25.235696 set_robust_list(0x727065960a20, 24) = 0 <0.000024>
31708 03:29:25.235809 rseq(0x727065961060, 0x20, 0, 0x53053053) = 0 <0.000025>
31708 03:29:25.236027 mprotect(0x7270657ff000, 16384, PROT_READ) = 0 <0.000044>
31708 03:29:25.236225 mprotect(0x7270659ef000, 8192, PROT_READ) = 0 <0.000043>
31708 03:29:25.236338 mprotect(0x5d682bf12000, 4096, PROT_READ) = 0 <0.000027>
31708 03:29:25.236426 mprotect(0x727065a53000, 8192, PROT_READ) = 0 <0.000058>
31708 03:29:25.236562 prlimit64(0, RLIMIT_STACK, NULL, {rlim_cur=8192*1024, rlim_max=RLIM64_INFINITY}) = 0 <0.000029>
31708 03:29:25.236898 munmap(0x727065963000, 85275) = 0 <0.000043>
31708 03:29:25.237042 rt_sigaction(SIGSEGV, NULL, {sa_handler=SIG_DFL, sa_mask=[], sa_flags=0}, 8) = 0 <0.000022>
31708 03:29:25.237135 rt_sigaction(SIGSEGV, {sa_handler=0x72706599f22a, sa_mask=[], sa_flags=SA_RESTORER|SA_SIGINFO, sa_restorer=0x727065645330}, {sa_handler=SIG_DFL, sa_mask=[], sa_flags=0}, 8) = 0 <0.000018>
31708 03:29:25.237234 rt_sigaction(SIGABRT, NULL, {sa_handler=SIG_DFL, sa_mask=[], sa_flags=0}, 8) = 0 <0.000019>
31708 03:29:25.237317 rt_sigaction(SIGABRT, {sa_handler=0x72706599f22a, sa_mask=[], sa_flags=SA_RESTORER|SA_SIGINFO, sa_restorer=0x727065645330}, {sa_handler=SIG_DFL, sa_mask=[], sa_flags=0}, 8) = 0 <0.000020>
31708 03:29:25.237400 rt_sigaction(SIGBUS, NULL, {sa_handler=SIG_DFL, sa_mask=[], sa_flags=0}, 8) = 0 <0.000017>
31708 03:29:25.237472 rt_sigaction(SIGBUS, {sa_handler=0x72706599f22a, sa_mask=[], sa_flags=SA_RESTORER|SA_SIGINFO, sa_restorer=0x727065645330}, {sa_handler=SIG_DFL, sa_mask=[], sa_flags=0}, 8) = 0 <0.000017>
31708 03:29:25.237571 getrandom("\x09\xf0\xf6\x74\x2e\xbe\xaa\xe1", 8, GRND_NONBLOCK) = 8 <0.000019>
31708 03:29:25.237647 brk(NULL)         = 0x5d6836ea1000 <0.000019>
31708 03:29:25.237719 brk(0x5d6836ec2000) = 0x5d6836ec2000 <0.000025>
31708 03:29:25.237807 openat(AT_FDCWD, "/etc/datadog-agent/managed/rc-orgwide-wls-policy.bin", O_RDONLY|O_CLOEXEC) = -1 ENOENT (No such file or directory) <0.000052>
31708 03:29:25.238282 openat(AT_FDCWD, "/etc/datadog-agent/user-wls-policy.bin", O_RDONLY|O_CLOEXEC) = -1 ENOENT (No such file or directory) <0.000080>
31708 03:29:25.238471 openat(AT_FDCWD, "/etc/datadog-agent/managed/rc-targeted-wls-policy.bin", O_RDONLY|O_CLOEXEC) = -1 ENOENT (No such file or directory) <0.000054>
31708 03:29:25.238617 getrandom("\xb6\x32\xfe\x0f\xcb\xee\x60\x90\x82\xde\x27\xaa\x6a\x0d\x00\xb9", 16, GRND_NONBLOCK) = 16 <0.000028>
31708 03:29:25.238734 openat(AT_FDCWD, "/etc/os-release", O_RDONLY|O_CLOEXEC) = 3 <0.000060>
31708 03:29:25.238860 read(3, "PRETTY_NAME=\"Ubuntu 24.04.4 LTS\""..., 4095) = 400 <0.000018>
31708 03:29:25.238933 close(3)          = 0 <0.000018>
31708 03:29:25.239006 uname({sysname="Linux", nodename="lvx-Vostro-5481", ...}) = 0 <0.000015>
31708 03:29:25.239084 uname({sysname="Linux", nodename="lvx-Vostro-5481", ...}) = 0 <0.000018>
31708 03:29:25.239191 readlink("/proc/self/exe", "/home/lvx/LVX/lumvorax2/src/adva"..., 4095) = 128 <0.000047>
31708 03:29:25.239495 prlimit64(0, RLIMIT_STACK, NULL, {rlim_cur=8192*1024, rlim_max=RLIM64_INFINITY}) = 0 <0.000016>
31708 03:29:25.239578 prlimit64(0, RLIMIT_STACK, NULL, {rlim_cur=8192*1024, rlim_max=RLIM64_INFINITY}) = 0 <0.000015>
31708 03:29:25.239646 prlimit64(0, RLIMIT_STACK, NULL, {rlim_cur=8192*1024, rlim_max=RLIM64_INFINITY}) = 0 <0.000015>
31708 03:29:25.239715 getcwd("/home/lvx/LVX/lumvorax2/src/advanced_calculations/bitcoin_quantum_mining/level_zero_native", 4096) = 91 <0.000022>
31708 03:29:25.239986 memfd_create("dd_language_detected", MFD_CLOEXEC|MFD_ALLOW_SEALING) = 3 <0.000028>
31708 03:29:25.240069 write(3, "", 0)   = 0 <0.000019>
31708 03:29:25.240133 fcntl(3, F_ADD_SEALS, F_SEAL_SHRINK|F_SEAL_GROW|F_SEAL_WRITE) = 0 <0.000043>
31708 03:29:25.240272 memfd_create("dd_inject_info", MFD_CLOEXEC|MFD_ALLOW_SEALING) = 4 <0.000055>
31708 03:29:25.240411 write(4, "{\n    \"runtime_id\": \"b632fe0f-cb"..., 114) = 114 <0.000034>
31708 03:29:25.240518 fcntl(4, F_ADD_SEALS, F_SEAL_SHRINK|F_SEAL_GROW|F_SEAL_WRITE) = 0 <0.000023>
31708 03:29:25.240698 pipe2([5, 6], 0)  = 0 <0.000042>
31708 03:29:25.240842 clone(child_stack=NULL, flags=CLONE_CHILD_CLEARTID|CLONE_CHILD_SETTID|SIGCHLD, child_tidptr=0x727065960a10) = 31709 <0.000230>
31708 03:29:25.241170 close(6 <unfinished ...>
31709 03:29:25.241241 set_robust_list(0x727065960a20, 24 <unfinished ...>
31708 03:29:25.241281 <... close resumed>) = 0 <0.000045>
31709 03:29:25.241311 <... set_robust_list resumed>) = 0 <0.000043>
31708 03:29:25.241340 read(5,  <unfinished ...>
31709 03:29:25.241509 close(5)          = 0 <0.000021>
31709 03:29:25.241626 close(0)          = 0 <0.000027>
31709 03:29:25.241712 dup2(6, 1)        = 1 <0.000020>
31709 03:29:25.241786 openat(AT_FDCWD, "/dev/null", O_RDONLY|O_CLOEXEC) = 0 <0.000046>
31709 03:29:25.241911 dup2(0, 2)        = 2 <0.000024>
31709 03:29:25.242034 execve("/opt/datadog-packages/datadog-apm-inject/0.58.0/inject/process", ["/opt/datadog-packages/datadog-ap"..., "inject", "glibc 2.39", "", "", "b632fe0f-cbee-4090-82de-27aa6a0d"...], 0x5d6836ea1480 /* 71 vars */) = 0 <0.000562>
31709 03:29:25.242742 arch_prctl(ARCH_SET_FS, 0xe3bee8) = 0 <0.000024>
31709 03:29:25.242880 sched_getaffinity(0, 8192, [0 1 2 3 4 5 6 7]) = 8 <0.000018>
31709 03:29:25.242969 openat(AT_FDCWD, "/sys/kernel/mm/transparent_hugepage/hpage_pmd_size", O_RDONLY) = 0 <0.000071>
31709 03:29:25.243151 read(0, "2097152\n", 20) = 8 <0.000047>
31709 03:29:25.243277 close(0)          = 0 <0.000026>
31709 03:29:25.243484 mmap(NULL, 262144, PROT_READ|PROT_WRITE, MAP_PRIVATE|MAP_ANONYMOUS, -1, 0) = 0x78cd1a969000 <0.000048>
31709 03:29:25.243591 prctl(PR_SET_VMA, PR_SET_VMA_ANON_NAME, 0x78cd1a969000, 262144, " Go: immortal metadata") = 0 <0.000025>
31709 03:29:25.243690 mmap(NULL, 131072, PROT_NONE, MAP_PRIVATE|MAP_ANONYMOUS, -1, 0) = 0x78cd1a949000 <0.000040>
31709 03:29:25.243782 prctl(PR_SET_VMA, PR_SET_VMA_ANON_NAME, 0x78cd1a949000, 131072, " Go: page summary") = 0 <0.000024>
31709 03:29:25.243877 mmap(NULL, 1048576, PROT_NONE, MAP_PRIVATE|MAP_ANONYMOUS, -1, 0) = 0x78cd1a849000 <0.000037>
31709 03:29:25.243960 prctl(PR_SET_VMA, PR_SET_VMA_ANON_NAME, 0x78cd1a849000, 1048576, " Go: page summary") = 0 <0.000023>
31709 03:29:25.244034 mmap(NULL, 8388608, PROT_NONE, MAP_PRIVATE|MAP_ANONYMOUS, -1, 0) = 0x78cd1a000000 <0.000033>
31709 03:29:25.244119 prctl(PR_SET_VMA, PR_SET_VMA_ANON_NAME, 0x78cd1a000000, 8388608, " Go: page summary") = 0 <0.000026>
31709 03:29:25.244212 mmap(NULL, 67108864, PROT_NONE, MAP_PRIVATE|MAP_ANONYMOUS, -1, 0) = 0x78cd16000000 <0.000042>
31709 03:29:25.244304 prctl(PR_SET_VMA, PR_SET_VMA_ANON_NAME, 0x78cd16000000, 67108864, " Go: page summary") = 0 <0.000022>
31709 03:29:25.244378 mmap(NULL, 536870912, PROT_NONE, MAP_PRIVATE|MAP_ANONYMOUS, -1, 0) = 0x78ccf6000000 <0.000031>
31709 03:29:25.244454 prctl(PR_SET_VMA, PR_SET_VMA_ANON_NAME, 0x78ccf6000000, 536870912, " Go: page summary") = 0 <0.000020>
31709 03:29:25.244527 mmap(NULL, 536870912, PROT_NONE, MAP_PRIVATE|MAP_ANONYMOUS, -1, 0) = 0x78ccd6000000 <0.000031>
31709 03:29:25.244610 prctl(PR_SET_VMA, PR_SET_VMA_ANON_NAME, 0x78ccd6000000, 536870912, " Go: scavenge index") = 0 <0.000019>
31709 03:29:25.244704 mmap(0x117654000000, 67108864, PROT_NONE, MAP_PRIVATE|MAP_ANONYMOUS, -1, 0) = 0x117654000000 <0.000032>
31709 03:29:25.244786 prctl(PR_SET_VMA, PR_SET_VMA_ANON_NAME, 0x117654000000, 67108864, " Go: heap reservation") = 0 <0.000019>
31709 03:29:25.244855 mmap(NULL, 33554432, PROT_READ|PROT_WRITE, MAP_PRIVATE|MAP_ANONYMOUS, -1, 0) = 0x78ccd4000000 <0.000036>
31709 03:29:25.244937 prctl(PR_SET_VMA, PR_SET_VMA_ANON_NAME, 0x78ccd4000000, 33554432, " Go: heap index") = 0 <0.000033>
31709 03:29:25.245045 madvise(0x78ccd4000000, 33554432, MADV_NOHUGEPAGE) = 0 <0.000030>
31709 03:29:25.245145 mmap(NULL, 69648, PROT_READ|PROT_WRITE, MAP_PRIVATE|MAP_ANONYMOUS, -1, 0) = 0x78cd1a837000 <0.000073>
31709 03:29:25.245289 prctl(PR_SET_VMA, PR_SET_VMA_ANON_NAME, 0x78cd1a837000, 69648, " Go: immortal metadata") = 0 <0.000031>
31709 03:29:25.245429 mmap(0x117654000000, 4194304, PROT_READ|PROT_WRITE, MAP_PRIVATE|MAP_FIXED|MAP_ANONYMOUS, -1, 0) = 0x117654000000 <0.000061>
31709 03:29:25.245558 prctl(PR_SET_VMA, PR_SET_VMA_ANON_NAME, 0x117654000000, 4194304, " Go: heap") = 0 <0.000023>
31709 03:29:25.245641 mmap(0x78cd1a949000, 131072, PROT_READ|PROT_WRITE, MAP_PRIVATE|MAP_FIXED|MAP_ANONYMOUS, -1, 0) = 0x78cd1a949000 <0.000044>
31709 03:29:25.245732 prctl(PR_SET_VMA, PR_SET_VMA_ANON_NAME, 0x78cd1a949000, 131072, " Go: page alloc") = 0 <0.000021>
31709 03:29:25.245974 mmap(0x78cd1a8da000, 4096, PROT_READ|PROT_WRITE, MAP_PRIVATE|MAP_FIXED|MAP_ANONYMOUS, -1, 0) = 0x78cd1a8da000 <0.000074>
31709 03:29:25.246126 prctl(PR_SET_VMA, PR_SET_VMA_ANON_NAME, 0x78cd1a8da000, 4096, " Go: page alloc") = 0 <0.000050>
31709 03:29:25.246258 mmap(0x78cd1a48b000, 4096, PROT_READ|PROT_WRITE, MAP_PRIVATE|MAP_FIXED|MAP_ANONYMOUS, -1, 0) = 0x78cd1a48b000 <0.000088>
31709 03:29:25.246426 prctl(PR_SET_VMA, PR_SET_VMA_ANON_NAME, 0x78cd1a48b000, 4096, " Go: page alloc") = 0 <0.000034>
31709 03:29:25.246556 mmap(0x78cd1845d000, 4096, PROT_READ|PROT_WRITE, MAP_PRIVATE|MAP_FIXED|MAP_ANONYMOUS, -1, 0) = 0x78cd1845d000 <0.000063>
31709 03:29:25.246681 prctl(PR_SET_VMA, PR_SET_VMA_ANON_NAME, 0x78cd1845d000, 4096, " Go: page alloc") = 0 <0.000029>
31709 03:29:25.246796 mmap(0x78cd082ec000, 4096, PROT_READ|PROT_WRITE, MAP_PRIVATE|MAP_FIXED|MAP_ANONYMOUS, -1, 0) = 0x78cd082ec000 <0.000075>
31709 03:29:25.246949 prctl(PR_SET_VMA, PR_SET_VMA_ANON_NAME, 0x78cd082ec000, 4096, " Go: page alloc") = 0 <0.000032>
31709 03:29:25.247051 mmap(0x78cce82ec000, 4096, PROT_READ|PROT_WRITE, MAP_PRIVATE|MAP_FIXED|MAP_ANONYMOUS, -1, 0) = 0x78cce82ec000 <0.000067>
31709 03:29:25.247180 prctl(PR_SET_VMA, PR_SET_VMA_ANON_NAME, 0x78cce82ec000, 4096, " Go: scavenge index") = 0 <0.000040>
31709 03:29:25.247322 mmap(NULL, 1048576, PROT_READ|PROT_WRITE, MAP_PRIVATE|MAP_ANONYMOUS, -1, 0) = 0x78ccd3f00000 <0.000059>
31709 03:29:25.247450 prctl(PR_SET_VMA, PR_SET_VMA_ANON_NAME, 0x78ccd3f00000, 1048576, " Go: page alloc index") = 0 <0.000033>
31709 03:29:25.247541 madvise(0x78ccd3f00000, 1048576, MADV_NOHUGEPAGE) = 0 <0.000022>
31709 03:29:25.247673 mmap(NULL, 65536, PROT_READ|PROT_WRITE, MAP_PRIVATE|MAP_ANONYMOUS, -1, 0) = 0x78cd1a827000 <0.000040>
31709 03:29:25.247761 prctl(PR_SET_VMA, PR_SET_VMA_ANON_NAME, 0x78cd1a827000, 65536, " Go: allspans array") = 0 <0.000020>
31709 03:29:25.247848 mmap(NULL, 65536, PROT_READ|PROT_WRITE, MAP_PRIVATE|MAP_ANONYMOUS, -1, 0) = 0x78cd1a817000 <0.000062>
31709 03:29:25.247996 prctl(PR_SET_VMA, PR_SET_VMA_ANON_NAME, 0x78cd1a817000, 65536, " Go: gc bits") = 0 <0.000085>
31709 03:29:25.248470 rt_sigprocmask(SIG_SETMASK, NULL, [], 8) = 0 <0.000021>
31709 03:29:25.248642 fcntl(0, F_GETFD) = -1 EBADF (Bad file descriptor) <0.000016>
31709 03:29:25.248713 openat(AT_FDCWD, "/dev/null", O_RDWR) = 0 <0.000071>
31709 03:29:25.248876 fcntl(1, F_GETFD) = 0 <0.000018>
31709 03:29:25.248953 fcntl(2, F_GETFD) = 0 <0.000045>
31709 03:29:25.249134 mmap(NULL, 1439992, PROT_READ|PROT_WRITE, MAP_PRIVATE|MAP_ANONYMOUS, -1, 0) = 0x78ccd3da0000 <0.000059>
31709 03:29:25.249263 prctl(PR_SET_VMA, PR_SET_VMA_ANON_NAME, 0x78ccd3da0000, 1439992, " Go: profiler hash buckets") = 0 <0.000029>
31709 03:29:25.249376 openat(AT_FDCWD, "/proc/self/cgroup", O_RDONLY|O_CLOEXEC) = 3 <0.000059>
31709 03:29:25.249521 read(3, "0::/user.slice/user-1000.slice/u"..., 65536) = 97 <0.000041>
31709 03:29:25.249636 read(3, "", 65536) = 0 <0.000021>
31709 03:29:25.249713 close(3)          = 0 <0.000026>
31709 03:29:25.249793 openat(AT_FDCWD, "/proc/self/mountinfo", O_RDONLY|O_CLOEXEC) = 3 <0.000084>
31709 03:29:25.249946 read(3, "27 32 0:24 / /sys rw,nosuid,node"..., 65536) = 4068 <0.000180>
31709 03:29:25.250220 close(3)          = 0 <0.000026>
31709 03:29:25.250304 openat(AT_FDCWD, "/sys/fs/cgroup/user.slice/user-1000.slice/user@1000.service/app.slice/app-org.chromium.Chromium-18337.scope/cpu.max", O_RDONLY|O_CLOEXEC) = -1 ENOENT (No such file or directory) <0.000056>
31709 03:29:25.250620 sigaltstack(NULL, {ss_sp=NULL, ss_flags=SS_DISABLE, ss_size=0}) = 0 <0.000020>
31709 03:29:25.250711 sigaltstack({ss_sp=0x117654320000, ss_flags=0, ss_size=32768}, NULL) = 0 <0.000021>
31709 03:29:25.250825 rt_sigprocmask(SIG_SETMASK, [], NULL, 8) = 0 <0.000019>
31709 03:29:25.250909 gettid()          = 31709 <0.000026>
31709 03:29:25.251166 rt_sigaction(SIGHUP, NULL, {sa_handler=SIG_DFL, sa_mask=[], sa_flags=0}, 8) = 0 <0.000041>
31709 03:29:25.251290 rt_sigaction(SIGHUP, {sa_handler=0x48fc40, sa_mask=~[], sa_flags=SA_RESTORER|SA_ONSTACK|SA_RESTART|SA_SIGINFO, sa_restorer=0x48fd80}, NULL, 8) = 0 <0.000020>
31709 03:29:25.251373 rt_sigaction(SIGINT, NULL, {sa_handler=SIG_DFL, sa_mask=[], sa_flags=0}, 8) = 0 <0.000020>
31709 03:29:25.251456 rt_sigaction(SIGINT, {sa_handler=0x48fc40, sa_mask=~[], sa_flags=SA_RESTORER|SA_ONSTACK|SA_RESTART|SA_SIGINFO, sa_restorer=0x48fd80}, NULL, 8) = 0 <0.000019>
31709 03:29:25.251539 rt_sigaction(SIGQUIT, NULL, {sa_handler=SIG_DFL, sa_mask=[], sa_flags=0}, 8) = 0 <0.000019>
31709 03:29:25.251615 rt_sigaction(SIGQUIT, {sa_handler=0x48fc40, sa_mask=~[], sa_flags=SA_RESTORER|SA_ONSTACK|SA_RESTART|SA_SIGINFO, sa_restorer=0x48fd80}, NULL, 8) = 0 <0.000020>
31709 03:29:25.251690 rt_sigaction(SIGILL, NULL, {sa_handler=SIG_DFL, sa_mask=[], sa_flags=0}, 8) = 0 <0.000023>
31709 03:29:25.251773 rt_sigaction(SIGILL, {sa_handler=0x48fc40, sa_mask=~[], sa_flags=SA_RESTORER|SA_ONSTACK|SA_RESTART|SA_SIGINFO, sa_restorer=0x48fd80}, NULL, 8) = 0 <0.000019>
31709 03:29:25.251853 rt_sigaction(SIGTRAP, NULL, {sa_handler=SIG_DFL, sa_mask=[], sa_flags=0}, 8) = 0 <0.000017>
31709 03:29:25.251925 rt_sigaction(SIGTRAP, {sa_handler=0x48fc40, sa_mask=~[], sa_flags=SA_RESTORER|SA_ONSTACK|SA_RESTART|SA_SIGINFO, sa_restorer=0x48fd80}, NULL, 8) = 0 <0.000018>
31709 03:29:25.251996 rt_sigaction(SIGABRT, NULL, {sa_handler=SIG_DFL, sa_mask=[], sa_flags=0}, 8) = 0 <0.000017>
31709 03:29:25.252066 rt_sigaction(SIGABRT, {sa_handler=0x48fc40, sa_mask=~[], sa_flags=SA_RESTORER|SA_ONSTACK|SA_RESTART|SA_SIGINFO, sa_restorer=0x48fd80}, NULL, 8) = 0 <0.000017>
31709 03:29:25.252138 rt_sigaction(SIGBUS, NULL, {sa_handler=SIG_DFL, sa_mask=[], sa_flags=0}, 8) = 0 <0.000017>
31709 03:29:25.252223 rt_sigaction(SIGBUS, {sa_handler=0x48fc40, sa_mask=~[], sa_flags=SA_RESTORER|SA_ONSTACK|SA_RESTART|SA_SIGINFO, sa_restorer=0x48fd80}, NULL, 8) = 0 <0.000020>
31709 03:29:25.252305 rt_sigaction(SIGFPE, NULL, {sa_handler=SIG_DFL, sa_mask=[], sa_flags=0}, 8) = 0 <0.000017>
31709 03:29:25.252376 rt_sigaction(SIGFPE, {sa_handler=0x48fc40, sa_mask=~[], sa_flags=SA_RESTORER|SA_ONSTACK|SA_RESTART|SA_SIGINFO, sa_restorer=0x48fd80}, NULL, 8) = 0 <0.000017>
31709 03:29:25.252445 rt_sigaction(SIGUSR1, NULL, {sa_handler=SIG_DFL, sa_mask=[], sa_flags=0}, 8) = 0 <0.000017>
31709 03:29:25.252515 rt_sigaction(SIGUSR1, {sa_handler=0x48fc40, sa_mask=~[], sa_flags=SA_RESTORER|SA_ONSTACK|SA_RESTART|SA_SIGINFO, sa_restorer=0x48fd80}, NULL, 8) = 0 <0.000018>
31709 03:29:25.252585 rt_sigaction(SIGSEGV, NULL, {sa_handler=SIG_DFL, sa_mask=[], sa_flags=0}, 8) = 0 <0.000017>
31709 03:29:25.252655 rt_sigaction(SIGSEGV, {sa_handler=0x48fc40, sa_mask=~[], sa_flags=SA_RESTORER|SA_ONSTACK|SA_RESTART|SA_SIGINFO, sa_restorer=0x48fd80}, NULL, 8) = 0 <0.000019>
31709 03:29:25.252730 rt_sigaction(SIGUSR2, NULL, {sa_handler=SIG_DFL, sa_mask=[], sa_flags=0}, 8) = 0 <0.000017>
31709 03:29:25.252800 rt_sigaction(SIGUSR2, {sa_handler=0x48fc40, sa_mask=~[], sa_flags=SA_RESTORER|SA_ONSTACK|SA_RESTART|SA_SIGINFO, sa_restorer=0x48fd80}, NULL, 8) = 0 <0.000017>
31709 03:29:25.252871 rt_sigaction(SIGPIPE, NULL, {sa_handler=SIG_DFL, sa_mask=[], sa_flags=0}, 8) = 0 <0.000017>
31709 03:29:25.252941 rt_sigaction(SIGPIPE, {sa_handler=0x48fc40, sa_mask=~[], sa_flags=SA_RESTORER|SA_ONSTACK|SA_RESTART|SA_SIGINFO, sa_restorer=0x48fd80}, NULL, 8) = 0 <0.000017>
31709 03:29:25.253011 rt_sigaction(SIGALRM, NULL, {sa_handler=SIG_DFL, sa_mask=[], sa_flags=0}, 8) = 0 <0.000017>
31709 03:29:25.253080 rt_sigaction(SIGALRM, {sa_handler=0x48fc40, sa_mask=~[], sa_flags=SA_RESTORER|SA_ONSTACK|SA_RESTART|SA_SIGINFO, sa_restorer=0x48fd80}, NULL, 8) = 0 <0.000018>
31709 03:29:25.253156 rt_sigaction(SIGTERM, NULL, {sa_handler=SIG_DFL, sa_mask=[], sa_flags=0}, 8) = 0 <0.000019>
31709 03:29:25.253252 rt_sigaction(SIGTERM, {sa_handler=0x48fc40, sa_mask=~[], sa_flags=SA_RESTORER|SA_ONSTACK|SA_RESTART|SA_SIGINFO, sa_restorer=0x48fd80}, NULL, 8) = 0 <0.000018>
31709 03:29:25.253324 rt_sigaction(SIGSTKFLT, NULL, {sa_handler=SIG_DFL, sa_mask=[], sa_flags=0}, 8) = 0 <0.000017>
31709 03:29:25.253393 rt_sigaction(SIGSTKFLT, {sa_handler=0x48fc40, sa_mask=~[], sa_flags=SA_RESTORER|SA_ONSTACK|SA_RESTART|SA_SIGINFO, sa_restorer=0x48fd80}, NULL, 8) = 0 <0.000018>
31709 03:29:25.253464 rt_sigaction(SIGCHLD, NULL, {sa_handler=SIG_DFL, sa_mask=[], sa_flags=0}, 8) = 0 <0.000017>
31709 03:29:25.253534 rt_sigaction(SIGCHLD, {sa_handler=0x48fc40, sa_mask=~[], sa_flags=SA_RESTORER|SA_ONSTACK|SA_RESTART|SA_SIGINFO, sa_restorer=0x48fd80}, NULL, 8) = 0 <0.000021>
31709 03:29:25.253613 rt_sigaction(SIGURG, NULL, {sa_handler=SIG_DFL, sa_mask=[], sa_flags=0}, 8) = 0 <0.000016>
31709 03:29:25.253685 rt_sigaction(SIGURG, {sa_handler=0x48fc40, sa_mask=~[], sa_flags=SA_RESTORER|SA_ONSTACK|SA_RESTART|SA_SIGINFO, sa_restorer=0x48fd80}, NULL, 8) = 0 <0.000018>
31709 03:29:25.253756 rt_sigaction(SIGXCPU, NULL, {sa_handler=SIG_DFL, sa_mask=[], sa_flags=0}, 8) = 0 <0.000017>
31709 03:29:25.253826 rt_sigaction(SIGXCPU, {sa_handler=0x48fc40, sa_mask=~[], sa_flags=SA_RESTORER|SA_ONSTACK|SA_RESTART|SA_SIGINFO, sa_restorer=0x48fd80}, NULL, 8) = 0 <0.000019>
31709 03:29:25.253898 rt_sigaction(SIGXFSZ, NULL, {sa_handler=SIG_DFL, sa_mask=[], sa_flags=0}, 8) = 0 <0.000018>
31709 03:29:25.253972 rt_sigaction(SIGXFSZ, {sa_handler=0x48fc40, sa_mask=~[], sa_flags=SA_RESTORER|SA_ONSTACK|SA_RESTART|SA_SIGINFO, sa_restorer=0x48fd80}, NULL, 8) = 0 <0.000019>
31709 03:29:25.254050 rt_sigaction(SIGVTALRM, NULL, {sa_handler=SIG_DFL, sa_mask=[], sa_flags=0}, 8) = 0 <0.000017>
31709 03:29:25.254121 rt_sigaction(SIGVTALRM, {sa_handler=0x48fc40, sa_mask=~[], sa_flags=SA_RESTORER|SA_ONSTACK|SA_RESTART|SA_SIGINFO, sa_restorer=0x48fd80}, NULL, 8) = 0 <0.000017>
31709 03:29:25.254191 rt_sigaction(SIGPROF, NULL, {sa_handler=SIG_DFL, sa_mask=[], sa_flags=0}, 8) = 0 <0.000023>
31709 03:29:25.254279 rt_sigaction(SIGPROF, {sa_handler=0x48fc40, sa_mask=~[], sa_flags=SA_RESTORER|SA_ONSTACK|SA_RESTART|SA_SIGINFO, sa_restorer=0x48fd80}, NULL, 8) = 0 <0.000018>
31709 03:29:25.254351 rt_sigaction(SIGWINCH, NULL, {sa_handler=SIG_DFL, sa_mask=[], sa_flags=0}, 8) = 0 <0.000018>
31709 03:29:25.254432 rt_sigaction(SIGWINCH, {sa_handler=0x48fc40, sa_mask=~[], sa_flags=SA_RESTORER|SA_ONSTACK|SA_RESTART|SA_SIGINFO, sa_restorer=0x48fd80}, NULL, 8) = 0 <0.000020>
31709 03:29:25.254509 rt_sigaction(SIGIO, NULL, {sa_handler=SIG_DFL, sa_mask=[], sa_flags=0}, 8) = 0 <0.000016>
31709 03:29:25.254578 rt_sigaction(SIGIO, {sa_handler=0x48fc40, sa_mask=~[], sa_flags=SA_RESTORER|SA_ONSTACK|SA_RESTART|SA_SIGINFO, sa_restorer=0x48fd80}, NULL, 8) = 0 <0.000016>
31709 03:29:25.254646 rt_sigaction(SIGPWR, NULL, {sa_handler=SIG_DFL, sa_mask=[], sa_flags=0}, 8) = 0 <0.000015>
31709 03:29:25.254711 rt_sigaction(SIGPWR, {sa_handler=0x48fc40, sa_mask=~[], sa_flags=SA_RESTORER|SA_ONSTACK|SA_RESTART|SA_SIGINFO, sa_restorer=0x48fd80}, NULL, 8) = 0 <0.000017>
31709 03:29:25.254793 rt_sigaction(SIGSYS, NULL, {sa_handler=SIG_DFL, sa_mask=[], sa_flags=0}, 8) = 0 <0.000022>
31709 03:29:25.254880 rt_sigaction(SIGSYS, {sa_handler=0x48fc40, sa_mask=~[], sa_flags=SA_RESTORER|SA_ONSTACK|SA_RESTART|SA_SIGINFO, sa_restorer=0x48fd80}, NULL, 8) = 0 <0.000020>
31709 03:29:25.254959 rt_sigaction(SIGRTMIN, NULL, {sa_handler=SIG_DFL, sa_mask=[], sa_flags=0}, 8) = 0 <0.000021>
31709 03:29:25.255040 rt_sigaction(SIGRT_1, NULL, {sa_handler=SIG_DFL, sa_mask=[], sa_flags=0}, 8) = 0 <0.000019>
31709 03:29:25.255120 rt_sigaction(SIGRT_1, {sa_handler=0x48fc40, sa_mask=~[], sa_flags=SA_RESTORER|SA_ONSTACK|SA_RESTART|SA_SIGINFO, sa_restorer=0x48fd80}, NULL, 8) = 0 <0.000019>
31709 03:29:25.255194 rt_sigaction(SIGRT_2, NULL, {sa_handler=SIG_DFL, sa_mask=[], sa_flags=0}, 8) = 0 <0.000032>
31709 03:29:25.255332 rt_sigaction(SIGRT_3, NULL, {sa_handler=SIG_DFL, sa_mask=[], sa_flags=0}, 8) = 0 <0.000026>
31709 03:29:25.255446 rt_sigaction(SIGRT_3, {sa_handler=0x48fc40, sa_mask=~[], sa_flags=SA_RESTORER|SA_ONSTACK|SA_RESTART|SA_SIGINFO, sa_restorer=0x48fd80}, NULL, 8) = 0 <0.000024>
31709 03:29:25.255547 rt_sigaction(SIGRT_4, NULL, {sa_handler=SIG_DFL, sa_mask=[], sa_flags=0}, 8) = 0 <0.000030>
31709 03:29:25.258043 rt_sigaction(SIGRT_4, {sa_handler=0x48fc40, sa_mask=~[], sa_flags=SA_RESTORER|SA_ONSTACK|SA_RESTART|SA_SIGINFO, sa_restorer=0x48fd80}, NULL, 8) = 0 <0.000030>
31709 03:29:25.258167 rt_sigaction(SIGRT_5, NULL, {sa_handler=SIG_DFL, sa_mask=[], sa_flags=0}, 8) = 0 <0.000024>
31709 03:29:25.258253 rt_sigaction(SIGRT_5, {sa_handler=0x48fc40, sa_mask=~[], sa_flags=SA_RESTORER|SA_ONSTACK|SA_RESTART|SA_SIGINFO, sa_restorer=0x48fd80}, NULL, 8) = 0 <0.000017>
31709 03:29:25.258326 rt_sigaction(SIGRT_6, NULL, {sa_handler=SIG_DFL, sa_mask=[], sa_flags=0}, 8) = 0 <0.000016>
31709 03:29:25.258389 rt_sigaction(SIGRT_6, {sa_handler=0x48fc40, sa_mask=~[], sa_flags=SA_RESTORER|SA_ONSTACK|SA_RESTART|SA_SIGINFO, sa_restorer=0x48fd80}, NULL, 8) = 0 <0.000017>
31709 03:29:25.258457 rt_sigaction(SIGRT_7, NULL, {sa_handler=SIG_DFL, sa_mask=[], sa_flags=0}, 8) = 0 <0.000024>
31709 03:29:25.258532 rt_sigaction(SIGRT_7, {sa_handler=0x48fc40, sa_mask=~[], sa_flags=SA_RESTORER|SA_ONSTACK|SA_RESTART|SA_SIGINFO, sa_restorer=0x48fd80}, NULL, 8) = 0 <0.000014>
31709 03:29:25.258589 rt_sigaction(SIGRT_8, NULL, {sa_handler=SIG_DFL, sa_mask=[], sa_flags=0}, 8) = 0 <0.000014>
31709 03:29:25.258645 rt_sigaction(SIGRT_8, {sa_handler=0x48fc40, sa_mask=~[], sa_flags=SA_RESTORER|SA_ONSTACK|SA_RESTART|SA_SIGINFO, sa_restorer=0x48fd80}, NULL, 8) = 0 <0.000023>
31709 03:29:25.258716 rt_sigaction(SIGRT_9, NULL, {sa_handler=SIG_DFL, sa_mask=[], sa_flags=0}, 8) = 0 <0.000018>
31709 03:29:25.258778 rt_sigaction(SIGRT_9, {sa_handler=0x48fc40, sa_mask=~[], sa_flags=SA_RESTORER|SA_ONSTACK|SA_RESTART|SA_SIGINFO, sa_restorer=0x48fd80}, NULL, 8) = 0 <0.000017>
31709 03:29:25.258842 rt_sigaction(SIGRT_10, NULL, {sa_handler=SIG_DFL, sa_mask=[], sa_flags=0}, 8) = 0 <0.000014>
31709 03:29:25.258899 rt_sigaction(SIGRT_10, {sa_handler=0x48fc40, sa_mask=~[], sa_flags=SA_RESTORER|SA_ONSTACK|SA_RESTART|SA_SIGINFO, sa_restorer=0x48fd80}, NULL, 8) = 0 <0.000016>
31709 03:29:25.258959 rt_sigaction(SIGRT_11, NULL, {sa_handler=SIG_DFL, sa_mask=[], sa_flags=0}, 8) = 0 <0.000015>
31709 03:29:25.259017 rt_sigaction(SIGRT_11, {sa_handler=0x48fc40, sa_mask=~[], sa_flags=SA_RESTORER|SA_ONSTACK|SA_RESTART|SA_SIGINFO, sa_restorer=0x48fd80}, NULL, 8) = 0 <0.000016>
31709 03:29:25.259075 rt_sigaction(SIGRT_12, NULL, {sa_handler=SIG_DFL, sa_mask=[], sa_flags=0}, 8) = 0 <0.000015>
31709 03:29:25.259132 rt_sigaction(SIGRT_12, {sa_handler=0x48fc40, sa_mask=~[], sa_flags=SA_RESTORER|SA_ONSTACK|SA_RESTART|SA_SIGINFO, sa_restorer=0x48fd80}, NULL, 8) = 0 <0.000016>
31709 03:29:25.259219 rt_sigaction(SIGRT_13, NULL, {sa_handler=SIG_DFL, sa_mask=[], sa_flags=0}, 8) = 0 <0.000020>
31709 03:29:25.259292 rt_sigaction(SIGRT_13, {sa_handler=0x48fc40, sa_mask=~[], sa_flags=SA_RESTORER|SA_ONSTACK|SA_RESTART|SA_SIGINFO, sa_restorer=0x48fd80}, NULL, 8) = 0 <0.000015>
31709 03:29:25.259349 rt_sigaction(SIGRT_14, NULL, {sa_handler=SIG_DFL, sa_mask=[], sa_flags=0}, 8) = 0 <0.000014>
31709 03:29:25.259404 rt_sigaction(SIGRT_14, {sa_handler=0x48fc40, sa_mask=~[], sa_flags=SA_RESTORER|SA_ONSTACK|SA_RESTART|SA_SIGINFO, sa_restorer=0x48fd80}, NULL, 8) = 0 <0.000014>
31709 03:29:25.259457 rt_sigaction(SIGRT_15, NULL, {sa_handler=SIG_DFL, sa_mask=[], sa_flags=0}, 8) = 0 <0.000014>
31709 03:29:25.259512 rt_sigaction(SIGRT_15, {sa_handler=0x48fc40, sa_mask=~[], sa_flags=SA_RESTORER|SA_ONSTACK|SA_RESTART|SA_SIGINFO, sa_restorer=0x48fd80}, NULL, 8) = 0 <0.000016>
31709 03:29:25.259573 rt_sigaction(SIGRT_16, NULL, {sa_handler=SIG_DFL, sa_mask=[], sa_flags=0}, 8) = 0 <0.000014>
31709 03:29:25.259634 rt_sigaction(SIGRT_16, {sa_handler=0x48fc40, sa_mask=~[], sa_flags=SA_RESTORER|SA_ONSTACK|SA_RESTART|SA_SIGINFO, sa_restorer=0x48fd80}, NULL, 8) = 0 <0.000015>
31709 03:29:25.259693 rt_sigaction(SIGRT_17, NULL, {sa_handler=SIG_DFL, sa_mask=[], sa_flags=0}, 8) = 0 <0.000015>
31709 03:29:25.259762 rt_sigaction(SIGRT_17, {sa_handler=0x48fc40, sa_mask=~[], sa_flags=SA_RESTORER|SA_ONSTACK|SA_RESTART|SA_SIGINFO, sa_restorer=0x48fd80}, NULL, 8) = 0 <0.000015>
31709 03:29:25.259822 rt_sigaction(SIGRT_18, NULL, {sa_handler=SIG_DFL, sa_mask=[], sa_flags=0}, 8) = 0 <0.000015>
31709 03:29:25.259882 rt_sigaction(SIGRT_18, {sa_handler=0x48fc40, sa_mask=~[], sa_flags=SA_RESTORER|SA_ONSTACK|SA_RESTART|SA_SIGINFO, sa_restorer=0x48fd80}, NULL, 8) = 0 <0.000014>
31709 03:29:25.259939 rt_sigaction(SIGRT_19, NULL, {sa_handler=SIG_DFL, sa_mask=[], sa_flags=0}, 8) = 0 <0.000014>
31709 03:29:25.259996 rt_sigaction(SIGRT_19, {sa_handler=0x48fc40, sa_mask=~[], sa_flags=SA_RESTORER|SA_ONSTACK|SA_RESTART|SA_SIGINFO, sa_restorer=0x48fd80}, NULL, 8) = 0 <0.000015>
31709 03:29:25.260052 rt_sigaction(SIGRT_20, NULL, {sa_handler=SIG_DFL, sa_mask=[], sa_flags=0}, 8) = 0 <0.000014>
31709 03:29:25.260108 rt_sigaction(SIGRT_20, {sa_handler=0x48fc40, sa_mask=~[], sa_flags=SA_RESTORER|SA_ONSTACK|SA_RESTART|SA_SIGINFO, sa_restorer=0x48fd80}, NULL, 8) = 0 <0.000015>
31709 03:29:25.260165 rt_sigaction(SIGRT_21, NULL, {sa_handler=SIG_DFL, sa_mask=[], sa_flags=0}, 8) = 0 <0.000014>
31709 03:29:25.260239 rt_sigaction(SIGRT_21, {sa_handler=0x48fc40, sa_mask=~[], sa_flags=SA_RESTORER|SA_ONSTACK|SA_RESTART|SA_SIGINFO, sa_restorer=0x48fd80}, NULL, 8) = 0 <0.000023>
31709 03:29:25.260306 rt_sigaction(SIGRT_22, NULL, {sa_handler=SIG_DFL, sa_mask=[], sa_flags=0}, 8) = 0 <0.000015>
31709 03:29:25.260364 rt_sigaction(SIGRT_22, {sa_handler=0x48fc40, sa_mask=~[], sa_flags=SA_RESTORER|SA_ONSTACK|SA_RESTART|SA_SIGINFO, sa_restorer=0x48fd80}, NULL, 8) = 0 <0.000016>
31709 03:29:25.260424 rt_sigaction(SIGRT_23, NULL, {sa_handler=SIG_DFL, sa_mask=[], sa_flags=0}, 8) = 0 <0.000015>
31709 03:29:25.260482 rt_sigaction(SIGRT_23, {sa_handler=0x48fc40, sa_mask=~[], sa_flags=SA_RESTORER|SA_ONSTACK|SA_RESTART|SA_SIGINFO, sa_restorer=0x48fd80}, NULL, 8) = 0 <0.000016>
31709 03:29:25.260546 rt_sigaction(SIGRT_24, NULL, {sa_handler=SIG_DFL, sa_mask=[], sa_flags=0}, 8) = 0 <0.000015>
31709 03:29:25.260604 rt_sigaction(SIGRT_24, {sa_handler=0x48fc40, sa_mask=~[], sa_flags=SA_RESTORER|SA_ONSTACK|SA_RESTART|SA_SIGINFO, sa_restorer=0x48fd80}, NULL, 8) = 0 <0.000016>
31709 03:29:25.260663 rt_sigaction(SIGRT_25, NULL, {sa_handler=SIG_DFL, sa_mask=[], sa_flags=0}, 8) = 0 <0.000014>
31709 03:29:25.260720 rt_sigaction(SIGRT_25, {sa_handler=0x48fc40, sa_mask=~[], sa_flags=SA_RESTORER|SA_ONSTACK|SA_RESTART|SA_SIGINFO, sa_restorer=0x48fd80}, NULL, 8) = 0 <0.000016>
31709 03:29:25.260781 rt_sigaction(SIGRT_26, NULL, {sa_handler=SIG_DFL, sa_mask=[], sa_flags=0}, 8) = 0 <0.000017>
31709 03:29:25.260841 rt_sigaction(SIGRT_26, {sa_handler=0x48fc40, sa_mask=~[], sa_flags=SA_RESTORER|SA_ONSTACK|SA_RESTART|SA_SIGINFO, sa_restorer=0x48fd80}, NULL, 8) = 0 <0.000016>
31709 03:29:25.260900 rt_sigaction(SIGRT_27, NULL, {sa_handler=SIG_DFL, sa_mask=[], sa_flags=0}, 8) = 0 <0.000015>
31709 03:29:25.260958 rt_sigaction(SIGRT_27, {sa_handler=0x48fc40, sa_mask=~[], sa_flags=SA_RESTORER|SA_ONSTACK|SA_RESTART|SA_SIGINFO, sa_restorer=0x48fd80}, NULL, 8) = 0 <0.000017>
31709 03:29:25.261019 rt_sigaction(SIGRT_28, NULL, {sa_handler=SIG_DFL, sa_mask=[], sa_flags=0}, 8) = 0 <0.000015>
31709 03:29:25.261077 rt_sigaction(SIGRT_28, {sa_handler=0x48fc40, sa_mask=~[], sa_flags=SA_RESTORER|SA_ONSTACK|SA_RESTART|SA_SIGINFO, sa_restorer=0x48fd80}, NULL, 8) = 0 <0.000016>
31709 03:29:25.261136 rt_sigaction(SIGRT_29, NULL, {sa_handler=SIG_DFL, sa_mask=[], sa_flags=0}, 8) = 0 <0.000015>
31709 03:29:25.261193 rt_sigaction(SIGRT_29, {sa_handler=0x48fc40, sa_mask=~[], sa_flags=SA_RESTORER|SA_ONSTACK|SA_RESTART|SA_SIGINFO, sa_restorer=0x48fd80}, NULL, 8) = 0 <0.000019>
31709 03:29:25.261271 rt_sigaction(SIGRT_30, NULL, {sa_handler=SIG_DFL, sa_mask=[], sa_flags=0}, 8) = 0 <0.000015>
31709 03:29:25.261329 rt_sigaction(SIGRT_30, {sa_handler=0x48fc40, sa_mask=~[], sa_flags=SA_RESTORER|SA_ONSTACK|SA_RESTART|SA_SIGINFO, sa_restorer=0x48fd80}, NULL, 8) = 0 <0.000016>
31709 03:29:25.261389 rt_sigaction(SIGRT_31, NULL, {sa_handler=SIG_DFL, sa_mask=[], sa_flags=0}, 8) = 0 <0.000017>
31709 03:29:25.261456 rt_sigaction(SIGRT_31, {sa_handler=0x48fc40, sa_mask=~[], sa_flags=SA_RESTORER|SA_ONSTACK|SA_RESTART|SA_SIGINFO, sa_restorer=0x48fd80}, NULL, 8) = 0 <0.000016>
31709 03:29:25.261518 rt_sigaction(SIGRT_32, NULL, {sa_handler=SIG_DFL, sa_mask=[], sa_flags=0}, 8) = 0 <0.000122>
31709 03:29:25.261732 rt_sigaction(SIGRT_32, {sa_handler=0x48fc40, sa_mask=~[], sa_flags=SA_RESTORER|SA_ONSTACK|SA_RESTART|SA_SIGINFO, sa_restorer=0x48fd80}, NULL, 8) = 0 <0.000098>
31709 03:29:25.261962 rt_sigprocmask(SIG_SETMASK, ~[], [], 8) = 0 <0.000023>
31709 03:29:25.262057 clone(child_stack=0x11765435a000, flags=CLONE_VM|CLONE_FS|CLONE_FILES|CLONE_SIGHAND|CLONE_THREAD|CLONE_SYSVSEM|CLONE_SETTLS <unfinished ...>
31710 03:29:25.262163 gettid( <unfinished ...>
31709 03:29:25.262180 <... clone resumed>, tls=0x117654388090) = 31710 <0.000104>
31710 03:29:25.262215 <... gettid resumed>) = 31710 <0.000019>
31709 03:29:25.262235 rt_sigprocmask(SIG_SETMASK, [],  <unfinished ...>
31710 03:29:25.262262 sigaltstack(NULL,  <unfinished ...>
31709 03:29:25.262291 <... rt_sigprocmask resumed>NULL, 8) = 0 <0.000039>
31710 03:29:25.262312 <... sigaltstack resumed>{ss_sp=NULL, ss_flags=SS_DISABLE, ss_size=0}) = 0 <0.000027>
31710 03:29:25.262364 sigaltstack({ss_sp=0x11765438a000, ss_flags=0, ss_size=32768},  <unfinished ...>
31709 03:29:25.262395 mmap(NULL, 262144, PROT_READ|PROT_WRITE, MAP_PRIVATE|MAP_ANONYMOUS, -1, 0 <unfinished ...>
31710 03:29:25.262415 <... sigaltstack resumed>NULL) = 0 <0.000023>
31710 03:29:25.262463 rt_sigprocmask(SIG_SETMASK, [],  <unfinished ...>
31709 03:29:25.262501 <... mmap resumed>) = 0x78ccd3d60000 <0.000090>
31709 03:29:25.262542 prctl(PR_SET_VMA, PR_SET_VMA_ANON_NAME, 0x78ccd3d60000, 262144, " Go: immortal metadata") = 0 <0.000032>
31710 03:29:25.262613 <... rt_sigprocmask resumed>NULL, 8) = 0 <0.000123>
31710 03:29:25.262656 gettid( <unfinished ...>
31709 03:29:25.262675 rt_sigprocmask(SIG_SETMASK, ~[],  <unfinished ...>
31710 03:29:25.262698 <... gettid resumed>) = 31710 <0.000024>
31709 03:29:25.262720 <... rt_sigprocmask resumed>[], 8) = 0 <0.000028>
31710 03:29:25.262743 nanosleep({tv_sec=0, tv_nsec=20000},  <unfinished ...>
31709 03:29:25.262770 clone(child_stack=0x1176543a4000, flags=CLONE_VM|CLONE_FS|CLONE_FILES|CLONE_SIGHAND|CLONE_THREAD|CLONE_SYSVSEM|CLONE_SETTLS <unfinished ...>
31711 03:29:25.262866 gettid( <unfinished ...>
31710 03:29:25.262887 <... nanosleep resumed>NULL) = 0 <0.000122>
31709 03:29:25.262901 <... clone resumed>, tls=0x117654388890) = 31711 <0.000117>
31711 03:29:25.262923 <... gettid resumed>) = 31711 <0.000038>
31710 03:29:25.262947 sched_getaffinity(0, 8192,  <unfinished ...>
31709 03:29:25.262963 rt_sigprocmask(SIG_SETMASK, [],  <unfinished ...>
31711 03:29:25.262986 sigaltstack(NULL,  <unfinished ...>
31710 03:29:25.263006 <... sched_getaffinity resumed>[0 1 2 3 4 5 6 7]) = 8 <0.000045>
31711 03:29:25.263030 <... sigaltstack resumed>{ss_sp=NULL, ss_flags=SS_DISABLE, ss_size=0}) = 0 <0.000027>
31709 03:29:25.263049 <... rt_sigprocmask resumed>NULL, 8) = 0 <0.000070>
31711 03:29:25.263067 sigaltstack({ss_sp=0x117654392000, ss_flags=0, ss_size=32768},  <unfinished ...>
31710 03:29:25.263097 getpid( <unfinished ...>
31711 03:29:25.263117 <... sigaltstack resumed>NULL) = 0 <0.000026>
31709 03:29:25.263131 rt_sigprocmask(SIG_SETMASK, ~[],  <unfinished ...>
31711 03:29:25.263154 rt_sigprocmask(SIG_SETMASK, [],  <unfinished ...>
31710 03:29:25.263177 <... getpid resumed>) = 31709 <0.000065>
31711 03:29:25.263207 <... rt_sigprocmask resumed>NULL, 8) = 0 <0.000021>
31709 03:29:25.263227 <... rt_sigprocmask resumed>[], 8) = 0 <0.000079>
31711 03:29:25.263249 gettid( <unfinished ...>
31710 03:29:25.263269 tgkill(31709, 31709, SIGURG <unfinished ...>
31711 03:29:25.263287 <... gettid resumed>) = 31711 <0.000021>
31709 03:29:25.263304 clone(child_stack=0x1176543a0000, flags=CLONE_VM|CLONE_FS|CLONE_FILES|CLONE_SIGHAND|CLONE_THREAD|CLONE_SYSVSEM|CLONE_SETTLS <unfinished ...>
31710 03:29:25.263322 <... tgkill resumed>) = 0 <0.000038>
31711 03:29:25.263361 mmap(0x117654400000, 4194304, PROT_READ|PROT_WRITE, MAP_PRIVATE|MAP_FIXED|MAP_ANONYMOUS, -1, 0 <unfinished ...>
31710 03:29:25.263395 nanosleep({tv_sec=0, tv_nsec=20000},  <unfinished ...>
31712 03:29:25.263456 gettid( <unfinished ...>
31711 03:29:25.263480 <... mmap resumed>) = 0x117654400000 <0.000095>
31712 03:29:25.263502 <... gettid resumed>) = 31712 <0.000027>
31709 03:29:25.263520 <... clone resumed>, tls=0x117654389090) = 31712 <0.000202>
31712 03:29:25.263549 sigaltstack(NULL,  <unfinished ...>
31711 03:29:25.263568 prctl(PR_SET_VMA, PR_SET_VMA_ANON_NAME, 0x117654400000, 4194304, " Go: heap" <unfinished ...>
31710 03:29:25.263595 <... nanosleep resumed>NULL) = 0 <0.000152>
31712 03:29:25.263614 <... sigaltstack resumed>{ss_sp=NULL, ss_flags=SS_DISABLE, ss_size=0}) = 0 <0.000050>
31711 03:29:25.263634 <... prctl resumed>) = 0 <0.000042>
31709 03:29:25.263655 rt_sigprocmask(SIG_SETMASK, [],  <unfinished ...>
31712 03:29:25.263677 sigaltstack({ss_sp=0x1176543a4000, ss_flags=0, ss_size=32768},  <unfinished ...>
31710 03:29:25.263696 nanosleep({tv_sec=0, tv_nsec=20000},  <unfinished ...>
31712 03:29:25.263724 <... sigaltstack resumed>NULL) = 0 <0.000031>
31711 03:29:25.263743 mmap(NULL, 262144, PROT_READ|PROT_WRITE, MAP_PRIVATE|MAP_ANONYMOUS, -1, 0 <unfinished ...>
31709 03:29:25.263764 <... rt_sigprocmask resumed>NULL, 8) = 0 <0.000092>
31712 03:29:25.263782 rt_sigprocmask(SIG_SETMASK, [],  <unfinished ...>
31711 03:29:25.263827 <... mmap resumed>) = 0x78ccd3d20000 <0.000064>
31710 03:29:25.263849 <... nanosleep resumed>NULL) = 0 <0.000132>
31709 03:29:25.263862 --- SIGURG {si_signo=SIGURG, si_code=SI_TKILL, si_pid=31709, si_uid=1000} ---
31712 03:29:25.263884 <... rt_sigprocmask resumed>NULL, 8) = 0 <0.000070>
31711 03:29:25.263901 prctl(PR_SET_VMA, PR_SET_VMA_ANON_NAME, 0x78ccd3d20000, 262144, " Go: immortal metadata" <unfinished ...>
31710 03:29:25.263927 nanosleep({tv_sec=0, tv_nsec=20000},  <unfinished ...>
31712 03:29:25.263949 gettid( <unfinished ...>
31711 03:29:25.263964 <... prctl resumed>) = 0 <0.000040>
31709 03:29:25.263985 rt_sigreturn({mask=[]} <unfinished ...>
31712 03:29:25.264007 <... gettid resumed>) = 31712 <0.000046>
31709 03:29:25.264026 <... rt_sigreturn resumed>) = 0 <0.000021>
31712 03:29:25.264051 futex(0x117654389160, FUTEX_WAIT_PRIVATE, 0, NULL <unfinished ...>
31711 03:29:25.264070 rt_sigprocmask(SIG_SETMASK, ~[],  <unfinished ...>
31710 03:29:25.264094 <... nanosleep resumed>NULL) = 0 <0.000150>
31711 03:29:25.264112 <... rt_sigprocmask resumed>[], 8) = 0 <0.000022>
31709 03:29:25.264130 futex(0xe3bfb8, FUTEX_WAIT_PRIVATE, 0, NULL <unfinished ...>
31711 03:29:25.264146 clone(child_stack=0x117654418000, flags=CLONE_VM|CLONE_FS|CLONE_FILES|CLONE_SIGHAND|CLONE_THREAD|CLONE_SYSVSEM|CLONE_SETTLS <unfinished ...>
31710 03:29:25.264161 nanosleep({tv_sec=0, tv_nsec=20000},  <unfinished ...>
31713 03:29:25.264257 gettid( <unfinished ...>
31711 03:29:25.264290 <... clone resumed>, tls=0x117654400090) = 31713 <0.000131>
31713 03:29:25.264314 <... gettid resumed>) = 31713 <0.000026>
31710 03:29:25.264336 <... nanosleep resumed>NULL) = 0 <0.000160>
31713 03:29:25.264354 sigaltstack(NULL,  <unfinished ...>
31711 03:29:25.264374 rt_sigprocmask(SIG_SETMASK, [],  <unfinished ...>
31713 03:29:25.264401 <... sigaltstack resumed>{ss_sp=NULL, ss_flags=SS_DISABLE, ss_size=0}) = 0 <0.000028>
31710 03:29:25.264426 nanosleep({tv_sec=0, tv_nsec=20000},  <unfinished ...>
31713 03:29:25.264448 sigaltstack({ss_sp=0x117654406000, ss_flags=0, ss_size=32768},  <unfinished ...>
31711 03:29:25.264466 <... rt_sigprocmask resumed>NULL, 8) = 0 <0.000073>
31713 03:29:25.264485 <... sigaltstack resumed>NULL) = 0 <0.000019>
31711 03:29:25.264507 futex(0xe3bfb8, FUTEX_WAKE_PRIVATE, 1 <unfinished ...>
31713 03:29:25.264526 rt_sigprocmask(SIG_SETMASK, [],  <unfinished ...>
31711 03:29:25.264555 <... futex resumed>) = 1 <0.000033>
31710 03:29:25.264573 <... nanosleep resumed>NULL) = 0 <0.000129>
31709 03:29:25.264593 <... futex resumed>) = 0 <0.000450>
31713 03:29:25.264611 <... rt_sigprocmask resumed>NULL, 8) = 0 <0.000064>
31711 03:29:25.264634 futex(0x117654388960, FUTEX_WAIT_PRIVATE, 0, NULL <unfinished ...>
31710 03:29:25.264651 nanosleep({tv_sec=0, tv_nsec=20000},  <unfinished ...>
31713 03:29:25.264679 gettid( <unfinished ...>
31711 03:29:25.264694 <... futex resumed>) = -1 EAGAIN (Resource temporarily unavailable) <0.000047>
31709 03:29:25.264714 futex(0x117654388960, FUTEX_WAKE_PRIVATE, 1 <unfinished ...>
31713 03:29:25.264742 <... gettid resumed>) = 31713 <0.000048>
31711 03:29:25.264762 futex(0xe3bfb8, FUTEX_WAKE_PRIVATE, 1 <unfinished ...>
31710 03:29:25.264782 <... nanosleep resumed>NULL) = 0 <0.000108>
31713 03:29:25.264803 futex(0x117654389160, FUTEX_WAKE_PRIVATE, 1 <unfinished ...>
31709 03:29:25.264818 <... futex resumed>) = 0 <0.000086>
31713 03:29:25.264837 <... futex resumed>) = 1 <0.000022>
31712 03:29:25.264856 <... futex resumed>) = 0 <0.000790>
31711 03:29:25.264870 <... futex resumed>) = 0 <0.000097>
31710 03:29:25.264884 nanosleep({tv_sec=0, tv_nsec=20000},  <unfinished ...>
31713 03:29:25.264913 futex(0xe3bfb8, FUTEX_WAKE_PRIVATE, 1 <unfinished ...>
31712 03:29:25.264930 futex(0x117654389160, FUTEX_WAIT_PRIVATE, 0, NULL <unfinished ...>
31711 03:29:25.264944 futex(0x117654388960, FUTEX_WAIT_PRIVATE, 0, NULL <unfinished ...>
31709 03:29:25.264958 futex(0xe3bfb8, FUTEX_WAIT_PRIVATE, 0, NULL <unfinished ...>
31713 03:29:25.264979 <... futex resumed>) = 0 <0.000051>
31709 03:29:25.264998 <... futex resumed>) = -1 EAGAIN (Resource temporarily unavailable) <0.000023>
31710 03:29:25.265017 <... nanosleep resumed>NULL) = 0 <0.000109>
31713 03:29:25.265036 futex(0x117654400160, FUTEX_WAIT_PRIVATE, 0, NULL <unfinished ...>
31710 03:29:25.265060 nanosleep({tv_sec=0, tv_nsec=20000},  <unfinished ...>
31709 03:29:25.265082 mmap(NULL, 262144, PROT_READ|PROT_WRITE, MAP_PRIVATE|MAP_ANONYMOUS, -1, 0) = 0x78ccd3ce0000 <0.000053>
31710 03:29:25.265180 <... nanosleep resumed>NULL) = 0 <0.000101>
31709 03:29:25.265211 prctl(PR_SET_VMA, PR_SET_VMA_ANON_NAME, 0x78ccd3ce0000, 262144, " Go: immortal metadata" <unfinished ...>
31710 03:29:25.265243 nanosleep({tv_sec=0, tv_nsec=20000},  <unfinished ...>
31709 03:29:25.265280 <... prctl resumed>) = 0 <0.000041>
31710 03:29:25.265376 <... nanosleep resumed>NULL) = 0 <0.000100>
31709 03:29:25.265403 futex(0x117654400160, FUTEX_WAKE_PRIVATE, 1 <unfinished ...>
31710 03:29:25.265427 nanosleep({tv_sec=0, tv_nsec=20000},  <unfinished ...>
31713 03:29:25.265453 <... futex resumed>) = 0 <0.000397>
31709 03:29:25.265474 <... futex resumed>) = 1 <0.000053>
31713 03:29:25.265490 nanosleep({tv_sec=0, tv_nsec=3000},  <unfinished ...>
31710 03:29:25.265547 <... nanosleep resumed>NULL) = 0 <0.000099>
31713 03:29:25.265586 <... nanosleep resumed>NULL) = 0 <0.000078>
31710 03:29:25.265605 nanosleep({tv_sec=0, tv_nsec=20000},  <unfinished ...>
31713 03:29:25.265628 futex(0x117654388960, FUTEX_WAKE_PRIVATE, 1) = 1 <0.000016>
31711 03:29:25.265674 <... futex resumed>) = 0 <0.000719>
31713 03:29:25.265696 futex(0x117654400160, FUTEX_WAIT_PRIVATE, 0, NULL <unfinished ...>
31711 03:29:25.265722 futex(0x117654388960, FUTEX_WAIT_PRIVATE, 0, NULL <unfinished ...>
31710 03:29:25.265741 <... nanosleep resumed>NULL) = 0 <0.000117>
31709 03:29:25.265766 prlimit64(0, RLIMIT_NOFILE, NULL,  <unfinished ...>
31710 03:29:25.265785 nanosleep({tv_sec=0, tv_nsec=20000},  <unfinished ...>
31709 03:29:25.265805 <... prlimit64 resumed>{rlim_cur=1024*1024, rlim_max=1024*1024}) = 0 <0.000024>
31709 03:29:25.265886 fcntl(0, F_GETFL <unfinished ...>
31710 03:29:25.265905 <... nanosleep resumed>NULL) = 0 <0.000104>
31709 03:29:25.265922 <... fcntl resumed>) = 0x8002 (flags O_RDWR|O_LARGEFILE) <0.000019>
31710 03:29:25.265939 nanosleep({tv_sec=0, tv_nsec=20000},  <unfinished ...>
31709 03:29:25.265968 futex(0x117654388960, FUTEX_WAKE_PRIVATE, 1) = 1 <0.000022>
31711 03:29:25.266016 <... futex resumed>) = 0 <0.000279>
31709 03:29:25.266036 fcntl(1, F_GETFL <unfinished ...>
31711 03:29:25.266059 nanosleep({tv_sec=0, tv_nsec=3000},  <unfinished ...>
31710 03:29:25.266080 <... nanosleep resumed>NULL) = 0 <0.000125>
31709 03:29:25.266109 <... fcntl resumed>) = 0x1 (flags O_WRONLY) <0.000056>
31710 03:29:25.266128 nanosleep({tv_sec=0, tv_nsec=20000},  <unfinished ...>
31711 03:29:25.266155 <... nanosleep resumed>NULL) = 0 <0.000077>
31709 03:29:25.266174 fcntl(2, F_GETFL <unfinished ...>
31711 03:29:25.266204 futex(0x117654400160, FUTEX_WAKE_PRIVATE, 1 <unfinished ...>
31710 03:29:25.266228 <... nanosleep resumed>NULL) = 0 <0.000081>
31709 03:29:25.266252 <... fcntl resumed>) = 0x8000 (flags O_RDONLY|O_LARGEFILE) <0.000062>
31713 03:29:25.266272 <... futex resumed>) = 0 <0.000559>
31711 03:29:25.266286 <... futex resumed>) = 1 <0.000067>
31710 03:29:25.266300 nanosleep({tv_sec=0, tv_nsec=20000},  <unfinished ...>
31713 03:29:25.266331 futex(0x117654400160, FUTEX_WAIT_PRIVATE, 0, NULL <unfinished ...>
31711 03:29:25.266347 futex(0x117654388960, FUTEX_WAIT_PRIVATE, 0, NULL <unfinished ...>
31709 03:29:25.266364 readlinkat(AT_FDCWD, "/proc/self/exe",  <unfinished ...>
31710 03:29:25.266415 <... nanosleep resumed>NULL) = 0 <0.000091>
31709 03:29:25.266434 <... readlinkat resumed>"/opt/datadog-packages/datadog-ap"..., 128) = 62 <0.000048>
31710 03:29:25.266456 futex(0x117654388960, FUTEX_WAKE_PRIVATE, 1) = 1 <0.000017>
31711 03:29:25.266497 <... futex resumed>) = 0 <0.000139>
31709 03:29:25.266515 openat(AT_FDCWD, "/opt/datadog-packages/datadog-apm-inject/0.58.0/inject/process", O_RDONLY|O_CLOEXEC <unfinished ...>
31711 03:29:25.266548 futex(0x117654388960, FUTEX_WAIT_PRIVATE, 0, NULL <unfinished ...>
31710 03:29:25.266566 nanosleep({tv_sec=0, tv_nsec=20000},  <unfinished ...>
31709 03:29:25.266600 <... openat resumed>) = 3 <0.000058>
31709 03:29:25.266636 fcntl(3, F_GETFL) = 0x8000 (flags O_RDONLY|O_LARGEFILE) <0.000016>
31710 03:29:25.266676 <... nanosleep resumed>NULL) = 0 <0.000091>
31709 03:29:25.266694 fcntl(3, F_SETFL, O_RDONLY|O_NONBLOCK|O_LARGEFILE <unfinished ...>
31710 03:29:25.266711 nanosleep({tv_sec=0, tv_nsec=20000},  <unfinished ...>
31709 03:29:25.266733 <... fcntl resumed>) = 0 <0.000026>
31709 03:29:25.266766 epoll_create1(EPOLL_CLOEXEC) = 4 <0.000020>
31710 03:29:25.266817 <... nanosleep resumed>NULL) = 0 <0.000088>
31709 03:29:25.266834 eventfd2(0, EFD_CLOEXEC|EFD_NONBLOCK <unfinished ...>
31710 03:29:25.266850 nanosleep({tv_sec=0, tv_nsec=20000},  <unfinished ...>
31709 03:29:25.266869 <... eventfd2 resumed>) = 5 <0.000023>
31709 03:29:25.266900 epoll_ctl(4, EPOLL_CTL_ADD, 5, {events=EPOLLIN, data={u32=15056880, u64=15056880}}) = 0 <0.000020>
31710 03:29:25.266949 <... nanosleep resumed>NULL) = 0 <0.000085>
31709 03:29:25.266968 epoll_ctl(4, EPOLL_CTL_ADD, 3, {events=EPOLLIN|EPOLLOUT|EPOLLRDHUP|EPOLLET, data={u32=654311425, u64=4352282540002770945}} <unfinished ...>
31710 03:29:25.267004 epoll_pwait(4,  <unfinished ...>
31709 03:29:25.267021 <... epoll_ctl resumed>) = -1 EPERM (Operation not permitted) <0.000036>
31710 03:29:25.267039 <... epoll_pwait resumed>[], 128, 0, NULL, 0) = 0 <0.000021>
31709 03:29:25.267057 fcntl(3, F_GETFL <unfinished ...>
31710 03:29:25.267073 nanosleep({tv_sec=0, tv_nsec=20000},  <unfinished ...>
31709 03:29:25.267092 <... fcntl resumed>) = 0x8800 (flags O_RDONLY|O_NONBLOCK|O_LARGEFILE) <0.000023>
31709 03:29:25.267125 fcntl(3, F_SETFL, O_RDONLY|O_LARGEFILE) = 0 <0.000017>
31710 03:29:25.267180 <... nanosleep resumed>NULL) = 0 <0.000091>
31709 03:29:25.267213 fstat(3,  <unfinished ...>
31710 03:29:25.267232 nanosleep({tv_sec=0, tv_nsec=20000},  <unfinished ...>
31709 03:29:25.267252 <... fstat resumed>{st_mode=S_IFREG|0755, st_size=10719394, ...}) = 0 <0.000025>
31709 03:29:25.267305 pread64(3,  <unfinished ...>
31710 03:29:25.267338 <... nanosleep resumed>NULL) = 0 <0.000088>
31709 03:29:25.267359 <... pread64 resumed>"\177ELF\2\1\1\0\0\0\0\0\0\0\0\0\2\0>\0\1\0\0\0\240\367H\0\0\0\0\0"..., 64, 0) = 64 <0.000032>
31710 03:29:25.267383 nanosleep({tv_sec=0, tv_nsec=20000},  <unfinished ...>
31709 03:29:25.267402 pread64(3, "\343E\17\0200E\17\0213E\17\20p\20E\17\21s\20E\17\20p\30E\17\21s\30L\211\322"..., 64, 1339924) = 64 <0.000021>
31710 03:29:25.267982 <... nanosleep resumed>NULL) = 0 <0.000576>
31709 03:29:25.268025 pread64(3,  <unfinished ...>
31710 03:29:25.268045 nanosleep({tv_sec=0, tv_nsec=20000},  <unfinished ...>
31709 03:29:25.268067 <... pread64 resumed>"\0\0\0H\213\264$\250\0\0\0L\213\204$\260\0\0\0L\213\220\330\1\0\0H\211\320I\211\331"..., 64, 2679848) = 64 <0.000027>
31709 03:29:25.268104 pread64(3, "\240\0\0\0D\17\266\214$\250\0\0\0I\211\342D\17\0201E\17\0212D\17\20q\20E\17\21"..., 64, 4019772) = 64 <0.000016>
31710 03:29:25.268162 <... nanosleep resumed>NULL) = 0 <0.000098>
31709 03:29:25.268180 pread64(3,  <unfinished ...>
31710 03:29:25.268213 nanosleep({tv_sec=0, tv_nsec=20000},  <unfinished ...>
31709 03:29:25.268244 <... pread64 resumed>"r\225\0\0\0\0\0\0105\0\0\1\0\0\0\20\0\0\0\0\0\0\0\330\7\0\0 W\3\0\300"..., 64, 5359697) = 64 <0.000052>
31709 03:29:25.268281 pread64(3, "o.uber.org/zap.anyFieldC[bool].A"..., 64, 6699621) = 64 <0.000013>
31710 03:29:25.268330 <... nanosleep resumed>NULL) = 0 <0.000092>
31709 03:29:25.268348 pread64(3,  <unfinished ...>
31710 03:29:25.268363 nanosleep({tv_sec=0, tv_nsec=20000},  <unfinished ...>
31709 03:29:25.268382 <... pread64 resumed>"\2\n\0\0]\2l\2 \2/\2\v\7\24\0\0\22\4B\3?\4\244\1\0\0T\2\1\2\20"..., 64, 8039545) = 64 <0.000023>
31709 03:29:25.268413 pread64(3, "\377\377\377\223\1\t\0\226\1\t\0\0\2557\0\277\265\6\0\10\0\0\0\0\0\0\0\367\223\20\0\6"..., 64, 9379469) = 64 <0.000012>
31709 03:29:25.268465 close(3 <unfinished ...>
31710 03:29:25.268483 <... nanosleep resumed>NULL) = 0 <0.000105>
31709 03:29:25.268499 <... close resumed>) = 0 <0.000020>
31710 03:29:25.268515 nanosleep({tv_sec=0, tv_nsec=20000}, NULL) = 0 <0.000095>
31710 03:29:25.268653 nanosleep({tv_sec=0, tv_nsec=20000}, NULL) = 0 <0.000094>
31710 03:29:25.268790 nanosleep({tv_sec=0, tv_nsec=20000}, NULL) = 0 <0.000096>
31710 03:29:25.268929 nanosleep({tv_sec=0, tv_nsec=20000}, NULL) = 0 <0.000096>
31710 03:29:25.269076 nanosleep({tv_sec=0, tv_nsec=20000}, NULL) = 0 <0.000097>
31710 03:29:25.269244 nanosleep({tv_sec=0, tv_nsec=20000},  <unfinished ...>
31709 03:29:25.269272 openat(AT_FDCWD, "/proc/self/cgroup", O_RDONLY|O_CLOEXEC) = 3 <0.000068>
31710 03:29:25.269385 <... nanosleep resumed>NULL) = 0 <0.000116>
31709 03:29:25.269419 fcntl(3, F_GETFL <unfinished ...>
31710 03:29:25.269445 nanosleep({tv_sec=0, tv_nsec=20000},  <unfinished ...>
31709 03:29:25.269481 <... fcntl resumed>) = 0x8000 (flags O_RDONLY|O_LARGEFILE) <0.000042>
31709 03:29:25.269523 fcntl(3, F_SETFL, O_RDONLY|O_NONBLOCK|O_LARGEFILE <unfinished ...>
31710 03:29:25.269576 <... nanosleep resumed>NULL) = 0 <0.000102>
31709 03:29:25.269597 <... fcntl resumed>) = 0 <0.000057>
31710 03:29:25.269615 nanosleep({tv_sec=0, tv_nsec=20000},  <unfinished ...>
31709 03:29:25.269647 epoll_ctl(4, EPOLL_CTL_ADD, 3, {events=EPOLLIN|EPOLLOUT|EPOLLRDHUP|EPOLLET, data={u32=654311426, u64=4352282540002770946}}) = -1 EPERM (Operation not permitted) <0.000023>
31709 03:29:25.269733 fcntl(3, F_GETFL <unfinished ...>
31710 03:29:25.269754 <... nanosleep resumed>NULL) = 0 <0.000113>
31709 03:29:25.269778 <... fcntl resumed>) = 0x8800 (flags O_RDONLY|O_NONBLOCK|O_LARGEFILE) <0.000028>
31710 03:29:25.269798 nanosleep({tv_sec=0, tv_nsec=20000},  <unfinished ...>
31709 03:29:25.269826 fcntl(3, F_SETFL, O_RDONLY|O_LARGEFILE) = 0 <0.000019>
31709 03:29:25.269894 read(3,  <unfinished ...>
31710 03:29:25.269921 <... nanosleep resumed>NULL) = 0 <0.000099>
31709 03:29:25.269949 <... read resumed>"0::/user.slice/user-1000.slice/u"..., 4096) = 97 <0.000032>
31710 03:29:25.269978 nanosleep({tv_sec=0, tv_nsec=20000},  <unfinished ...>
31709 03:29:25.270060 read(3,  <unfinished ...>
31710 03:29:25.270098 <... nanosleep resumed>NULL) = 0 <0.000094>
31709 03:29:25.270117 <... read resumed>"", 3999) = 0 <0.000040>
31710 03:29:25.270135 nanosleep({tv_sec=0, tv_nsec=20000},  <unfinished ...>
31709 03:29:25.270163 close(3)          = 0 <0.000034>
31710 03:29:25.270226 <... nanosleep resumed>NULL) = 0 <0.000068>
31710 03:29:25.270269 nanosleep({tv_sec=0, tv_nsec=20000}, NULL) = 0 <0.000095>
31710 03:29:25.270428 nanosleep({tv_sec=0, tv_nsec=20000},  <unfinished ...>
31709 03:29:25.270473 futex(0x117654388960, FUTEX_WAKE_PRIVATE, 1 <unfinished ...>
31711 03:29:25.270517 <... futex resumed>) = 0 <0.003953>
31709 03:29:25.270538 <... futex resumed>) = 1 <0.000047>
31710 03:29:25.270561 <... nanosleep resumed>NULL) = 0 <0.000090>
31710 03:29:25.270609 nanosleep({tv_sec=0, tv_nsec=20000},  <unfinished ...>
31709 03:29:25.270645 openat(AT_FDCWD, "/proc/stat", O_RDONLY|O_CLOEXEC <unfinished ...>
31710 03:29:25.270725 <... nanosleep resumed>NULL) = 0 <0.000080>
31709 03:29:25.270762 <... openat resumed>) = 3 <0.000094>
31710 03:29:25.270790 nanosleep({tv_sec=0, tv_nsec=20000},  <unfinished ...>
31709 03:29:25.270823 fcntl(3, F_GETFL) = 0x8000 (flags O_RDONLY|O_LARGEFILE) <0.000026>
31709 03:29:25.270904 fcntl(3, F_SETFL, O_RDONLY|O_NONBLOCK|O_LARGEFILE <unfinished ...>
31710 03:29:25.270934 <... nanosleep resumed>NULL) = 0 <0.000117>
31709 03:29:25.270960 <... fcntl resumed>) = 0 <0.000033>
31710 03:29:25.270986 nanosleep({tv_sec=0, tv_nsec=20000},  <unfinished ...>
31709 03:29:25.271019 epoll_ctl(4, EPOLL_CTL_ADD, 3, {events=EPOLLIN|EPOLLOUT|EPOLLRDHUP|EPOLLET, data={u32=654311427, u64=4352282540002770947}}) = 0 <0.000024>
31710 03:29:25.271118 <... nanosleep resumed>NULL) = 0 <0.000103>
31709 03:29:25.271149 read(3,  <unfinished ...>
31710 03:29:25.271174 nanosleep({tv_sec=0, tv_nsec=20000},  <unfinished ...>
31709 03:29:25.271259 <... read resumed>"cpu  222959 430 59447 759302 538"..., 4096) = 4096 <0.000087>
31711 03:29:25.271306 futex(0x117654400160, FUTEX_WAKE_PRIVATE, 1 <unfinished ...>
31709 03:29:25.271342 epoll_ctl(4, EPOLL_CTL_DEL, 3, 0x1176544759bc <unfinished ...>
31713 03:29:25.271373 <... futex resumed>) = 0 <0.005024>
31711 03:29:25.271398 <... futex resumed>) = 1 <0.000064>
31713 03:29:25.271426 futex(0x117654400160, FUTEX_WAIT_PRIVATE, 0, NULL <unfinished ...>
31710 03:29:25.271451 <... nanosleep resumed>NULL) = 0 <0.000240>
31709 03:29:25.271475 <... epoll_ctl resumed>) = 0 <0.000112>
31711 03:29:25.271500 futex(0x117654388960, FUTEX_WAIT_PRIVATE, 0, NULL <unfinished ...>
31710 03:29:25.271522 nanosleep({tv_sec=0, tv_nsec=20000},  <unfinished ...>
31709 03:29:25.271554 close(3)          = 0 <0.000028>
31710 03:29:25.271665 <... nanosleep resumed>NULL) = 0 <0.000107>
31709 03:29:25.271710 openat(AT_FDCWD, "/proc/stat", O_RDONLY|O_CLOEXEC <unfinished ...>
31710 03:29:25.271745 nanosleep({tv_sec=0, tv_nsec=20000},  <unfinished ...>
31709 03:29:25.271805 <... openat resumed>) = 3 <0.000061>
31709 03:29:25.271868 fcntl(3, F_GETFL <unfinished ...>
31710 03:29:25.271899 <... nanosleep resumed>NULL) = 0 <0.000130>
31709 03:29:25.271927 <... fcntl resumed>) = 0x8000 (flags O_RDONLY|O_LARGEFILE) <0.000034>
31710 03:29:25.271955 nanosleep({tv_sec=0, tv_nsec=20000},  <unfinished ...>
31709 03:29:25.271995 fcntl(3, F_SETFL, O_RDONLY|O_NONBLOCK|O_LARGEFILE) = 0 <0.000016>
31710 03:29:25.272119 <... nanosleep resumed>NULL) = 0 <0.000131>
31709 03:29:25.272153 epoll_ctl(4, EPOLL_CTL_ADD, 3, {events=EPOLLIN|EPOLLOUT|EPOLLRDHUP|EPOLLET, data={u32=654311428, u64=4352282540002770948}} <unfinished ...>
31710 03:29:25.272194 nanosleep({tv_sec=0, tv_nsec=20000},  <unfinished ...>
31709 03:29:25.272251 <... epoll_ctl resumed>) = 0 <0.000064>
31710 03:29:25.272446 <... nanosleep resumed>NULL) = 0 <0.000200>
31709 03:29:25.272483 read(3,  <unfinished ...>
31710 03:29:25.272514 nanosleep({tv_sec=0, tv_nsec=20000},  <unfinished ...>
31709 03:29:25.272610 <... read resumed>"cpu  222959 430 59448 759302 538"..., 4096) = 4096 <0.000103>
31710 03:29:25.272650 <... nanosleep resumed>NULL) = 0 <0.000106>
31709 03:29:25.272673 read(3,  <unfinished ...>
31710 03:29:25.272702 nanosleep({tv_sec=0, tv_nsec=20000},  <unfinished ...>
31709 03:29:25.272726 <... read resumed>" 0 0 0 0 0 0 0 0 0 0 0 0 0 0 0 0"..., 367) = 367 <0.000029>
31709 03:29:25.272780 read(3, "0 0 0 0 0 0 0 0 0 0 0 0 0 0 0 0 "..., 4096) = 230 <0.000018>
31710 03:29:25.272832 <... nanosleep resumed>NULL) = 0 <0.000112>
31709 03:29:25.272854 read(3,  <unfinished ...>
31710 03:29:25.272876 nanosleep({tv_sec=0, tv_nsec=20000},  <unfinished ...>
31709 03:29:25.272907 <... read resumed>"", 4096) = 0 <0.000035>
31709 03:29:25.272944 epoll_ctl(4, EPOLL_CTL_DEL, 3, 0x1176544759bc) = 0 <0.000015>
31710 03:29:25.273003 <... nanosleep resumed>NULL) = 0 <0.000101>
31709 03:29:25.273024 close(3 <unfinished ...>
31710 03:29:25.273047 nanosleep({tv_sec=0, tv_nsec=20000},  <unfinished ...>
31709 03:29:25.273073 <... close resumed>) = 0 <0.000030>
31710 03:29:25.273164 <... nanosleep resumed>NULL) = 0 <0.000096>
31710 03:29:25.273224 nanosleep({tv_sec=0, tv_nsec=20000}, NULL) = 0 <0.000098>
31710 03:29:25.273376 nanosleep({tv_sec=0, tv_nsec=20000}, NULL) = 0 <0.000101>
31710 03:29:25.273562 nanosleep({tv_sec=0, tv_nsec=20000}, NULL) = 0 <0.000108>
31710 03:29:25.273778 nanosleep({tv_sec=0, tv_nsec=20000},  <unfinished ...>
31709 03:29:25.273832 futex(0x117654388960, FUTEX_WAKE_PRIVATE, 1 <unfinished ...>
31711 03:29:25.273893 <... futex resumed>) = 0 <0.002370>
31709 03:29:25.273927 <... futex resumed>) = 1 <0.000070>
31711 03:29:25.273955 nanosleep({tv_sec=0, tv_nsec=3000},  <unfinished ...>
31710 03:29:25.273984 <... nanosleep resumed>NULL) = 0 <0.000161>
31709 03:29:25.274011 openat(AT_FDCWD, "/etc/datadog-agent/inject/host_config.yaml", O_RDONLY|O_CLOEXEC <unfinished ...>
31710 03:29:25.274043 nanosleep({tv_sec=0, tv_nsec=20000},  <unfinished ...>
31709 03:29:25.274097 <... openat resumed>) = -1 ENOENT (No such file or directory) <0.000059>
31711 03:29:25.274137 <... nanosleep resumed>NULL) = 0 <0.000157>
31709 03:29:25.274168 getppid( <unfinished ...>
31710 03:29:25.274191 <... nanosleep resumed>NULL) = 0 <0.000123>
31711 03:29:25.274237 futex(0x117654400160, FUTEX_WAKE_PRIVATE, 1 <unfinished ...>
31709 03:29:25.274262 <... getppid resumed>) = 31708 <0.000074>
31713 03:29:25.274291 <... futex resumed>) = 0 <0.002844>
31711 03:29:25.274315 <... futex resumed>) = 1 <0.000056>
31710 03:29:25.274339 nanosleep({tv_sec=0, tv_nsec=20000},  <unfinished ...>
31713 03:29:25.274373 futex(0x117654400160, FUTEX_WAIT_PRIVATE, 0, NULL <unfinished ...>
31711 03:29:25.274396 futex(0x117654400160, FUTEX_WAKE_PRIVATE, 1 <unfinished ...>
31709 03:29:25.274417 readlinkat(AT_FDCWD, "/proc/31708/exe",  <unfinished ...>
31713 03:29:25.274453 <... futex resumed>) = -1 EAGAIN (Resource temporarily unavailable) <0.000059>
31711 03:29:25.274483 <... futex resumed>) = 0 <0.000069>
31713 03:29:25.274510 epoll_pwait(4,  <unfinished ...>
31710 03:29:25.274533 <... nanosleep resumed>NULL) = 0 <0.000168>
31709 03:29:25.274556 <... readlinkat resumed>"/home/lvx/LVX/lumvorax2/src/adva"..., 128) = 128 <0.000116>
31711 03:29:25.274584 futex(0x117654388960, FUTEX_WAIT_PRIVATE, 0, NULL <unfinished ...>
31710 03:29:25.274607 nanosleep({tv_sec=0, tv_nsec=20000},  <unfinished ...>
31709 03:29:25.274640 readlinkat(AT_FDCWD, "/proc/31708/exe", "/home/lvx/LVX/lumvorax2/src/adva"..., 256) = 128 <0.000043>
31710 03:29:25.274736 <... nanosleep resumed>NULL) = 0 <0.000107>
31709 03:29:25.274759 getppid( <unfinished ...>
31710 03:29:25.274775 nanosleep({tv_sec=0, tv_nsec=20000},  <unfinished ...>
31709 03:29:25.274795 <... getppid resumed>) = 31708 <0.000024>
31709 03:29:25.274831 openat(AT_FDCWD, "/proc/31708/cmdline", O_RDONLY|O_CLOEXEC <unfinished ...>
31710 03:29:25.274894 <... nanosleep resumed>NULL) = 0 <0.000102>
31709 03:29:25.274920 <... openat resumed>) = 3 <0.000066>
31710 03:29:25.274943 nanosleep({tv_sec=0, tv_nsec=20000},  <unfinished ...>
31709 03:29:25.274968 fcntl(3, F_GETFL) = 0x8000 (flags O_RDONLY|O_LARGEFILE) <0.000014>
31709 03:29:25.275027 fcntl(3, F_SETFL, O_RDONLY|O_NONBLOCK|O_LARGEFILE <unfinished ...>
31710 03:29:25.275067 <... nanosleep resumed>NULL) = 0 <0.000103>
31709 03:29:25.275087 <... fcntl resumed>) = 0 <0.000042>
31710 03:29:25.275111 nanosleep({tv_sec=0, tv_nsec=20000},  <unfinished ...>
31709 03:29:25.275135 epoll_ctl(4, EPOLL_CTL_ADD, 3, {events=EPOLLIN|EPOLLOUT|EPOLLRDHUP|EPOLLET, data={u32=654311429, u64=4352282540002770949}}) = -1 EPERM (Operation not permitted) <0.000014>
31709 03:29:25.275213 fcntl(3, F_GETFL <unfinished ...>
31710 03:29:25.275241 <... nanosleep resumed>NULL) = 0 <0.000110>
31709 03:29:25.275277 <... fcntl resumed>) = 0x8800 (flags O_RDONLY|O_NONBLOCK|O_LARGEFILE) <0.000043>
31710 03:29:25.275306 nanosleep({tv_sec=0, tv_nsec=20000},  <unfinished ...>
31709 03:29:25.275337 fcntl(3, F_SETFL, O_RDONLY|O_LARGEFILE) = 0 <0.000020>
31709 03:29:25.275419 read(3,  <unfinished ...>
31710 03:29:25.275450 <... nanosleep resumed>NULL) = 0 <0.000118>
31709 03:29:25.275479 <... read resumed>"tests/test_c552_complete_opencl_"..., 512) = 38 <0.000036>
31710 03:29:25.275511 nanosleep({tv_sec=0, tv_nsec=20000},  <unfinished ...>
31709 03:29:25.275541 read(3, "", 474)  = 0 <0.000022>
31709 03:29:25.275613 close(3 <unfinished ...>
31710 03:29:25.275640 <... nanosleep resumed>NULL) = 0 <0.000105>
31709 03:29:25.275666 <... close resumed>) = 0 <0.000031>
31710 03:29:25.275692 nanosleep({tv_sec=0, tv_nsec=20000},  <unfinished ...>
31709 03:29:25.275722 openat(AT_FDCWD, "/proc/31708/environ", O_RDONLY|O_CLOEXEC) = 3 <0.000057>
31710 03:29:25.275827 <... nanosleep resumed>NULL) = 0 <0.000111>
31709 03:29:25.275856 fcntl(3, F_GETFL <unfinished ...>
31710 03:29:25.275881 nanosleep({tv_sec=0, tv_nsec=20000},  <unfinished ...>
31709 03:29:25.275911 <... fcntl resumed>) = 0x8000 (flags O_RDONLY|O_LARGEFILE) <0.000035>
31709 03:29:25.275953 fcntl(3, F_SETFL, O_RDONLY|O_NONBLOCK|O_LARGEFILE) = 0 <0.000019>
31710 03:29:25.276005 <... nanosleep resumed>NULL) = 0 <0.000100>
31709 03:29:25.276032 epoll_ctl(4, EPOLL_CTL_ADD, 3, {events=EPOLLIN|EPOLLOUT|EPOLLRDHUP|EPOLLET, data={u32=654311430, u64=4352282540002770950}} <unfinished ...>
31710 03:29:25.276065 nanosleep({tv_sec=0, tv_nsec=20000},  <unfinished ...>
31709 03:29:25.276093 <... epoll_ctl resumed>) = -1 EPERM (Operation not permitted) <0.000034>
31709 03:29:25.276136 fcntl(3, F_GETFL) = 0x8800 (flags O_RDONLY|O_NONBLOCK|O_LARGEFILE) <0.000020>
31710 03:29:25.276190 <... nanosleep resumed>NULL) = 0 <0.000103>
31709 03:29:25.276230 fcntl(3, F_SETFL, O_RDONLY|O_LARGEFILE <unfinished ...>
31710 03:29:25.276250 nanosleep({tv_sec=0, tv_nsec=20000},  <unfinished ...>
31709 03:29:25.276277 <... fcntl resumed>) = 0 <0.000032>
31709 03:29:25.276316 read(3, "SHELL=/usr/bin/fish\0SESSION_MANA"..., 512) = 512 <0.000026>
31710 03:29:25.276378 <... nanosleep resumed>NULL) = 0 <0.000105>
31709 03:29:25.276403 read(3,  <unfinished ...>
31710 03:29:25.276422 nanosleep({tv_sec=0, tv_nsec=20000},  <unfinished ...>
31709 03:29:25.276449 <... read resumed>"TRON_RUN_AS_NODE=1\0XMODIFIERS=@i"..., 256) = 256 <0.000033>
31709 03:29:25.276501 read(3,  <unfinished ...>
31710 03:29:25.276548 <... nanosleep resumed>NULL) = 0 <0.000103>
31709 03:29:25.276568 <... read resumed>"ix/profiles/default /home/lvx/.n"..., 384) = 384 <0.000047>
31710 03:29:25.276592 nanosleep({tv_sec=0, tv_nsec=40000},  <unfinished ...>
31709 03:29:25.276626 read(3, "in /home/lvx/.npm-global/bin\0GJS"..., 576) = 576 <0.000032>
31709 03:29:25.276733 read(3,  <unfinished ...>
31710 03:29:25.276765 <... nanosleep resumed>NULL) = 0 <0.000147>
31709 03:29:25.276792 <... read resumed>"tensions/vscode.json-language-fe"..., 896) = 896 <0.000034>
31710 03:29:25.276822 nanosleep({tv_sec=0, tv_nsec=80000},  <unfinished ...>
31709 03:29:25.276851 read(3, "lobal/bin:/home/lvx/.nix-profile"..., 1408) = 1408 <0.000017>
31709 03:29:25.276918 read(3, "HANDLES_UNCAUGHT_ERRORS=true\0OLD"..., 2048) = 78 <0.000019>
31709 03:29:25.276989 read(3,  <unfinished ...>
31710 03:29:25.277019 <... nanosleep resumed>NULL) = 0 <0.000174>
31709 03:29:25.277045 <... read resumed>"", 1970) = 0 <0.000033>
31710 03:29:25.277069 nanosleep({tv_sec=0, tv_nsec=160000},  <unfinished ...>
31709 03:29:25.277098 close(3)          = 0 <0.000019>
31709 03:29:25.277170 openat(AT_FDCWD, "/etc/datadog-agent/inject/policies.binpb", O_RDONLY|O_CLOEXEC) = -1 ENOENT (No such file or directory) <0.000054>
31709 03:29:25.277282 getppid()         = 31708 <0.000016>
31710 03:29:25.277328 <... nanosleep resumed>NULL) = 0 <0.000237>
31709 03:29:25.277346 openat(AT_FDCWD, "/proc/31708/fd", O_RDONLY|O_CLOEXEC|O_DIRECTORY <unfinished ...>
31710 03:29:25.277368 nanosleep({tv_sec=0, tv_nsec=320000},  <unfinished ...>
31709 03:29:25.277406 <... openat resumed>) = 3 <0.000041>
31709 03:29:25.277449 getdents64(3, 0x11765456e000 /* 23 entries */, 8192) = 552 <0.000109>
31709 03:29:25.277616 getdents64(3, 0x11765456e000 /* 0 entries */, 8192) = 0 <0.000016>
31709 03:29:25.277677 close(3)          = 0 <0.000017>
31709 03:29:25.277733 readlinkat(AT_FDCWD, "/proc/31708/fd/0", "socket:[132370]", 128) = 15 <0.000032>
31710 03:29:25.277801 <... nanosleep resumed>NULL) = 0 <0.000401>
31709 03:29:25.277820 readlinkat(AT_FDCWD, "/proc/31708/fd/1",  <unfinished ...>
31710 03:29:25.277840 nanosleep({tv_sec=0, tv_nsec=640000},  <unfinished ...>
31709 03:29:25.277859 <... readlinkat resumed>"pipe:[132530]", 128) = 13 <0.000023>
31709 03:29:25.277896 readlinkat(AT_FDCWD, "/proc/31708/fd/103", "/usr/share/bobide/v8_context_sna"..., 128) = 41 <0.000024>
31709 03:29:25.277966 readlinkat(AT_FDCWD, "/proc/31708/fd/2", "pipe:[132530]", 128) = 13 <0.000023>
31709 03:29:25.278038 readlinkat(AT_FDCWD, "/proc/31708/fd/3", "/memfd:dd_language_detected (del"..., 128) = 37 <0.000024>
31709 03:29:25.278109 readlinkat(AT_FDCWD, "/proc/31708/fd/38", "anon_inode:inotify", 128) = 18 <0.000023>
31709 03:29:25.278179 readlinkat(AT_FDCWD, "/proc/31708/fd/4", "/memfd:dd_inject_info (deleted)", 128) = 31 <0.000037>
31709 03:29:25.278343 openat(AT_FDCWD, "/proc/31708/fd/4", O_RDONLY|O_CLOEXEC) = 3 <0.000049>
31709 03:29:25.278465 fcntl(3, F_GETFL) = 0x8000 (flags O_RDONLY|O_LARGEFILE) <0.000020>
31709 03:29:25.278536 fcntl(3, F_SETFL, O_RDONLY|O_NONBLOCK|O_LARGEFILE <unfinished ...>
31710 03:29:25.278578 <... nanosleep resumed>NULL) = 0 <0.000719>
31709 03:29:25.278601 <... fcntl resumed>) = 0 <0.000048>
31710 03:29:25.278620 nanosleep({tv_sec=0, tv_nsec=1280000},  <unfinished ...>
31709 03:29:25.278648 epoll_ctl(4, EPOLL_CTL_ADD, 3, {events=EPOLLIN|EPOLLOUT|EPOLLRDHUP|EPOLLET, data={u32=654311431, u64=4352282540002770951}}) = -1 EPERM (Operation not permitted) <0.000020>
31709 03:29:25.278723 fcntl(3, F_GETFL) = 0x8800 (flags O_RDONLY|O_NONBLOCK|O_LARGEFILE) <0.000020>
31709 03:29:25.278789 fcntl(3, F_SETFL, O_RDONLY|O_LARGEFILE) = 0 <0.000018>
31709 03:29:25.278856 fstat(3, {st_mode=S_IFREG|0777, st_size=114, ...}) = 0 <0.000021>
31709 03:29:25.278937 read(3, "{\n    \"runtime_id\": \"b632fe0f-cb"..., 512) = 114 <0.000023>
31709 03:29:25.279013 read(3, "", 398)  = 0 <0.000020>
31709 03:29:25.279080 close(3)          = 0 <0.000022>
31709 03:29:25.279240 getpid()          = 31709 <0.000031>
31709 03:29:25.279331 pidfd_open(31709, 0) = 3 <0.000033>
31709 03:29:25.279412 waitid(P_PIDFD, 3, 0x117654412df0, WEXITED, NULL) = -1 ECHILD (No child processes) <0.000016>
31709 03:29:25.279474 pidfd_send_signal(3, 0, NULL, 0) = 0 <0.000022>
31709 03:29:25.279535 clone(child_stack=NULL, flags=CLONE_VM|CLONE_PIDFD|CLONE_VFORK <unfinished ...>
31714 03:29:25.279762 exit_group(0)     = ?
31709 03:29:25.279892 <... clone resumed>, parent_tid=[7]) = 31714 <0.000337>
31714 03:29:25.279941 +++ exited with 0 +++
31709 03:29:25.279965 waitid(P_PIDFD, 7,  <unfinished ...>
31710 03:29:25.280018 <... nanosleep resumed>NULL) = 0 <0.001372>
31709 03:29:25.280046 <... waitid resumed>{si_signo=SIGCHLD, si_code=CLD_EXITED, si_pid=31714, si_uid=1000, si_status=0, si_utime=0, si_stime=0}, WEXITED|__WCLONE, NULL) = 0 <0.000063>
31710 03:29:25.280085 nanosleep({tv_sec=0, tv_nsec=2560000},  <unfinished ...>
31709 03:29:25.280118 close(7)          = 0 <0.000023>
31709 03:29:25.280187 close(3)          = 0 <0.000031>
31709 03:29:25.280347 pidfd_open(31708, 0) = 3 <0.000037>
31709 03:29:25.280457 newfstatat(AT_FDCWD, "/proc", {st_mode=S_IFDIR|0555, st_size=0, ...}, AT_SYMLINK_NOFOLLOW) = 0 <0.000029>
31709 03:29:25.280554 newfstatat(AT_FDCWD, "/proc", {st_mode=S_IFDIR|0555, st_size=0, ...}, AT_SYMLINK_NOFOLLOW) = 0 <0.000026>
31709 03:29:25.280645 newfstatat(AT_FDCWD, "/", {st_mode=S_IFDIR|0755, st_size=4096, ...}, AT_SYMLINK_NOFOLLOW) = 0 <0.000026>
31709 03:29:25.280733 newfstatat(AT_FDCWD, "/proc/31708", {st_mode=S_IFDIR|0555, st_size=0, ...}, 0) = 0 <0.000027>
31709 03:29:25.280843 close(3)          = 0 <0.000023>
31709 03:29:25.280919 openat(AT_FDCWD, "/proc/31708/stat", O_RDONLY|O_CLOEXEC) = 3 <0.000056>
31709 03:29:25.281033 fcntl(3, F_GETFL) = 0x8000 (flags O_RDONLY|O_LARGEFILE) <0.000019>
31709 03:29:25.281101 fcntl(3, F_SETFL, O_RDONLY|O_NONBLOCK|O_LARGEFILE) = 0 <0.000019>
31709 03:29:25.281166 epoll_ctl(4, EPOLL_CTL_ADD, 3, {events=EPOLLIN|EPOLLOUT|EPOLLRDHUP|EPOLLET, data={u32=654311432, u64=4352282540002770952}}) = -1 EPERM (Operation not permitted) <0.000036>
31709 03:29:25.281263 fcntl(3, F_GETFL) = 0x8800 (flags O_RDONLY|O_NONBLOCK|O_LARGEFILE) <0.000019>
31709 03:29:25.281334 fcntl(3, F_SETFL, O_RDONLY|O_LARGEFILE) = 0 <0.000019>
31709 03:29:25.281417 fstat(3, {st_mode=S_IFREG|0444, st_size=0, ...}) = 0 <0.000026>
31709 03:29:25.281500 read(3, "31708 (test_c552_compl) S 31693 "..., 512) = 322 <0.000031>
31709 03:29:25.281594 read(3, "", 958)  = 0 <0.000020>
31709 03:29:25.281663 close(3)          = 0 <0.000023>
31709 03:29:25.281750 newfstatat(AT_FDCWD, "/proc/xen", 0x117654574108, 0) = -1 ENOENT (No such file or directory) <0.000030>
31709 03:29:25.281847 newfstatat(AT_FDCWD, "/proc/modules", {st_mode=S_IFREG|0444, st_size=0, ...}, 0) = 0 <0.000027>
31709 03:29:25.281957 openat(AT_FDCWD, "/proc/modules", O_RDONLY|O_CLOEXEC) = 3 <0.000053>
31709 03:29:25.282089 fcntl(3, F_GETFL) = 0x8000 (flags O_RDONLY|O_LARGEFILE) <0.000021>
31709 03:29:25.282160 fcntl(3, F_SETFL, O_RDONLY|O_NONBLOCK|O_LARGEFILE) = 0 <0.000029>
31709 03:29:25.282240 epoll_ctl(4, EPOLL_CTL_ADD, 3, {events=EPOLLIN|EPOLLOUT|EPOLLRDHUP|EPOLLET, data={u32=654311433, u64=4352282540002770953}} <unfinished ...>
31713 03:29:25.282308 <... epoll_pwait resumed>[{events=EPOLLIN|EPOLLOUT, data={u32=654311433, u64=4352282540002770953}}], 128, 999, NULL, 0) = 1 <0.007776>
31709 03:29:25.282347 <... epoll_ctl resumed>) = 0 <0.000071>
31713 03:29:25.282388 epoll_pwait(4,  <unfinished ...>
31709 03:29:25.282412 read(3, "cls_bpf 24576 6 - Live 0x0000000"..., 4096) = 4036 <0.000084>
31709 03:29:25.282585 read(3, "snd_hda_codec 204800 10 snd_hda_"..., 4096) = 3903 <0.000074>
31709 03:29:25.282732 read(3,  <unfinished ...>
31710 03:29:25.282763 <... nanosleep resumed>NULL) = 0 <0.002652>
31710 03:29:25.282812 nanosleep({tv_sec=0, tv_nsec=5120000},  <unfinished ...>
31709 03:29:25.282845 <... read resumed>"snd 143360 21 snd_ctl_led,snd_hd"..., 4096) = 4070 <0.000088>
31709 03:29:25.282907 read(3, "sparse_keymap 12288 2 dell_wmi,i"..., 4096) = 2622 <0.000056>
31709 03:29:25.283023 read(3, "", 4096) = 0 <0.000020>
31709 03:29:25.283092 epoll_ctl(4, EPOLL_CTL_DEL, 3, 0x1176544127b4) = 0 <0.000020>
31709 03:29:25.283158 close(3)          = 0 <0.000017>
31709 03:29:25.283257 newfstatat(AT_FDCWD, "/proc/cpuinfo", {st_mode=S_IFREG|0444, st_size=0, ...}, 0) = 0 <0.000025>
31709 03:29:25.283349 openat(AT_FDCWD, "/proc/cpuinfo", O_RDONLY|O_CLOEXEC) = 3 <0.000036>
31709 03:29:25.283440 fcntl(3, F_GETFL) = 0x8000 (flags O_RDONLY|O_LARGEFILE) <0.000017>
31709 03:29:25.283524 fcntl(3, F_SETFL, O_RDONLY|O_NONBLOCK|O_LARGEFILE) = 0 <0.000025>
31709 03:29:25.283624 epoll_ctl(4, EPOLL_CTL_ADD, 3, {events=EPOLLIN|EPOLLOUT|EPOLLRDHUP|EPOLLET, data={u32=654311434, u64=4352282540002770954}}) = 0 <0.000031>
31713 03:29:25.283726 <... epoll_pwait resumed>[{events=EPOLLIN|EPOLLOUT, data={u32=654311434, u64=4352282540002770954}}], 128, 991, NULL, 0) = 1 <0.001317>
31709 03:29:25.283770 read(3,  <unfinished ...>
31713 03:29:25.283799 epoll_pwait(4,  <unfinished ...>
31709 03:29:25.283902 <... read resumed>"processor\t: 0\nvendor_id\t: Genuin"..., 4096) = 3110 <0.000107>
31709 03:29:25.283979 read(3, "processor\t: 2\nvendor_id\t: Genuin"..., 4096) = 3110 <0.000079>
31709 03:29:25.284127 read(3, "processor\t: 4\nvendor_id\t: Genuin"..., 4096) = 3110 <0.000084>
31709 03:29:25.284303 read(3, "processor\t: 6\nvendor_id\t: Genuin"..., 4096) = 3110 <0.000060>
31709 03:29:25.284437 read(3, "", 4096) = 0 <0.000027>
31709 03:29:25.284520 epoll_ctl(4, EPOLL_CTL_DEL, 3, 0x1176544127b4) = 0 <0.000020>
31709 03:29:25.284593 close(3)          = 0 <0.000020>
31709 03:29:25.284700 newfstatat(AT_FDCWD, "/proc/bus/pci/devices", {st_mode=S_IFREG|0444, st_size=0, ...}, 0) = 0 <0.000027>
31709 03:29:25.284797 openat(AT_FDCWD, "/proc/bus/pci/devices", O_RDONLY|O_CLOEXEC) = 3 <0.000042>
31709 03:29:25.284901 fcntl(3, F_GETFL) = 0x8000 (flags O_RDONLY|O_LARGEFILE) <0.000018>
31709 03:29:25.284971 fcntl(3, F_SETFL, O_RDONLY|O_NONBLOCK|O_LARGEFILE) = 0 <0.000018>
31709 03:29:25.285042 epoll_ctl(4, EPOLL_CTL_ADD, 3, {events=EPOLLIN|EPOLLOUT|EPOLLRDHUP|EPOLLET, data={u32=654311435, u64=4352282540002770955}}) = 0 <0.000019>
31713 03:29:25.285114 <... epoll_pwait resumed>[{events=EPOLLIN|EPOLLOUT, data={u32=654311435, u64=4352282540002770955}}], 128, 990, NULL, 0) = 1 <0.001294>
31709 03:29:25.285153 read(3,  <unfinished ...>
31713 03:29:25.285180 epoll_pwait(4,  <unfinished ...>
31709 03:29:25.285268 <... read resumed>"0000\t80863e34\t0\t               0"..., 4096) = 3955 <0.000092>
31709 03:29:25.285327 read(3, "00f8\t80869d84\t0\t               0"..., 4096) = 1575 <0.000039>
31709 03:29:25.285432 read(3, "", 4096) = 0 <0.000023>
31709 03:29:25.285508 epoll_ctl(4, EPOLL_CTL_DEL, 3, 0x1176544127b4) = 0 <0.000017>
31709 03:29:25.285575 close(3)          = 0 <0.000019>
31709 03:29:25.285653 newfstatat(AT_FDCWD, "/proc/bc/0", 0x117654574448, 0) = -1 ENOENT (No such file or directory) <0.000039>
31709 03:29:25.285788 newfstatat(AT_FDCWD, "/proc/vz", 0x117654574518, 0) = -1 ENOENT (No such file or directory) <0.000037>
31709 03:29:25.285904 newfstatat(AT_FDCWD, "/proc/self/status", {st_mode=S_IFREG|0444, st_size=0, ...}, 0) = 0 <0.000038>
31709 03:29:25.286023 openat(AT_FDCWD, "/proc/self/status", O_RDONLY|O_CLOEXEC) = 3 <0.000046>
31709 03:29:25.286135 fcntl(3, F_GETFL) = 0x8000 (flags O_RDONLY|O_LARGEFILE) <0.000018>
31709 03:29:25.286260 fcntl(3, F_SETFL, O_RDONLY|O_NONBLOCK|O_LARGEFILE) = 0 <0.000034>
31709 03:29:25.286352 epoll_ctl(4, EPOLL_CTL_ADD, 3, {events=EPOLLIN|EPOLLOUT|EPOLLRDHUP|EPOLLET, data={u32=654311436, u64=4352282540002770956}}) = -1 EPERM (Operation not permitted) <0.000026>
31709 03:29:25.286449 fcntl(3, F_GETFL) = 0x8800 (flags O_RDONLY|O_NONBLOCK|O_LARGEFILE) <0.000026>
31709 03:29:25.286525 fcntl(3, F_SETFL, O_RDONLY|O_LARGEFILE) = 0 <0.000019>
31709 03:29:25.286608 read(3, "Name:\tprocess\nUmask:\t0002\nState:"..., 4096) = 1545 <0.000064>
31709 03:29:25.286749 read(3, "", 4096) = 0 <0.000018>
31709 03:29:25.286822 close(3)          = 0 <0.000020>
31709 03:29:25.286901 newfstatat(AT_FDCWD, "/proc/1/environ", {st_mode=S_IFREG|0400, st_size=0, ...}, 0) = 0 <0.000026>
31709 03:29:25.286992 openat(AT_FDCWD, "/proc/1/environ", O_RDONLY|O_CLOEXEC) = -1 EACCES (Permission denied) <0.000040>
31709 03:29:25.287098 newfstatat(AT_FDCWD, "/proc/self/cgroup", {st_mode=S_IFREG|0444, st_size=0, ...}, 0) = 0 <0.000026>
31709 03:29:25.287188 openat(AT_FDCWD, "/proc/self/cgroup", O_RDONLY|O_CLOEXEC) = 3 <0.000075>
31709 03:29:25.287347 fcntl(3, F_GETFL) = 0x8000 (flags O_RDONLY|O_LARGEFILE) <0.000056>
31709 03:29:25.287464 fcntl(3, F_SETFL, O_RDONLY|O_NONBLOCK|O_LARGEFILE) = 0 <0.000025>
31709 03:29:25.287543 epoll_ctl(4, EPOLL_CTL_ADD, 3, {events=EPOLLIN|EPOLLOUT|EPOLLRDHUP|EPOLLET, data={u32=654311437, u64=4352282540002770957}}) = -1 EPERM (Operation not permitted) <0.000024>
31709 03:29:25.287639 fcntl(3, F_GETFL) = 0x8800 (flags O_RDONLY|O_NONBLOCK|O_LARGEFILE) <0.000022>
31709 03:29:25.287713 fcntl(3, F_SETFL, O_RDONLY|O_LARGEFILE) = 0 <0.000025>
31709 03:29:25.287793 read(3, "0::/user.slice/user-1000.slice/u"..., 4096) = 97 <0.000038>
31709 03:29:25.287896 read(3, "", 4096) = 0 <0.000021>
31709 03:29:25.287971 close(3)          = 0 <0.000027>
31710 03:29:25.288044 <... nanosleep resumed>NULL) = 0 <0.005205>
31710 03:29:25.288105 getpid( <unfinished ...>
31709 03:29:25.288131 newfstatat(AT_FDCWD, "/usr/bin/lxc-version",  <unfinished ...>
31710 03:29:25.288166 <... getpid resumed>) = 31709 <0.000039>
31709 03:29:25.288210 <... newfstatat resumed>0x117654574858, 0) = -1 ENOENT (No such file or directory) <0.000037>
31710 03:29:25.288245 tgkill(31709, 31709, SIGURG <unfinished ...>
31709 03:29:25.288288 futex(0x117654388960, FUTEX_WAKE_PRIVATE, 1 <unfinished ...>
31710 03:29:25.288325 <... tgkill resumed>) = 0 <0.000046>
31711 03:29:25.288399 <... futex resumed>) = 0 <0.013795>
31710 03:29:25.288451 nanosleep({tv_sec=0, tv_nsec=10000000},  <unfinished ...>
31709 03:29:25.288485 <... futex resumed>) = 1 <0.000175>
31711 03:29:25.288545 futex(0x117654389160, FUTEX_WAKE_PRIVATE, 1 <unfinished ...>
31709 03:29:25.288575 --- SIGURG {si_signo=SIGURG, si_code=SI_TKILL, si_pid=31709, si_uid=1000} ---
31711 03:29:25.288627 <... futex resumed>) = 1 <0.000053>
31709 03:29:25.288655 rt_sigreturn({mask=[]} <unfinished ...>
31711 03:29:25.288690 newfstatat(AT_FDCWD, "/etc/os-release",  <unfinished ...>
31709 03:29:25.288722 <... rt_sigreturn resumed>) = 1 <0.000040>
31711 03:29:25.288747 <... newfstatat resumed>{st_mode=S_IFREG|0644, st_size=400, ...}, 0) = 0 <0.000032>
31709 03:29:25.288782 futex(0xe3bfb8, FUTEX_WAIT_PRIVATE, 0, NULL <unfinished ...>
31711 03:29:25.288807 openat(AT_FDCWD, "/etc/os-release", O_RDONLY|O_CLOEXEC) = 3 <0.000070>
31711 03:29:25.288947 fcntl(3, F_GETFL) = 0x8000 (flags O_RDONLY|O_LARGEFILE) <0.000019>
31711 03:29:25.289027 fcntl(3, F_SETFL, O_RDONLY|O_NONBLOCK|O_LARGEFILE) = 0 <0.000019>
31711 03:29:25.289112 epoll_ctl(4, EPOLL_CTL_ADD, 3, {events=EPOLLIN|EPOLLOUT|EPOLLRDHUP|EPOLLET, data={u32=654311438, u64=4352282540002770958}}) = -1 EPERM (Operation not permitted) <0.000027>
31711 03:29:25.289234 fcntl(3, F_GETFL) = 0x8800 (flags O_RDONLY|O_NONBLOCK|O_LARGEFILE) <0.000029>
31711 03:29:25.289322 fcntl(3, F_SETFL, O_RDONLY|O_LARGEFILE <unfinished ...>
31712 03:29:25.289373 <... futex resumed>) = 0 <0.024428>
31711 03:29:25.289399 <... fcntl resumed>) = 0 <0.000055>
31712 03:29:25.289423 futex(0x117654389160, FUTEX_WAIT_PRIVATE, 0, NULL <unfinished ...>
31711 03:29:25.289452 read(3, "PRETTY_NAME=\"Ubuntu 24.04.4 LTS\""..., 4096) = 400 <0.000030>
31711 03:29:25.289597 read(3, "", 4096) = 0 <0.000024>
31711 03:29:25.289681 close(3)          = 0 <0.000023>
31711 03:29:25.289772 newfstatat(AT_FDCWD, "/.dockerenv", 0x1176544a6378, 0) = -1 ENOENT (No such file or directory) <0.000027>
31711 03:29:25.289880 openat(AT_FDCWD, "/proc/stat", O_RDONLY|O_CLOEXEC) = 3 <0.000053>
31711 03:29:25.289997 fcntl(3, F_GETFL) = 0x8000 (flags O_RDONLY|O_LARGEFILE) <0.000019>
31711 03:29:25.290076 fcntl(3, F_SETFL, O_RDONLY|O_NONBLOCK|O_LARGEFILE) = 0 <0.000020>
31711 03:29:25.290148 epoll_ctl(4, EPOLL_CTL_ADD, 3, {events=EPOLLIN|EPOLLOUT|EPOLLRDHUP|EPOLLET, data={u32=654311439, u64=4352282540002770959}} <unfinished ...>
31713 03:29:25.290215 <... epoll_pwait resumed>[{events=EPOLLIN|EPOLLOUT, data={u32=654311439, u64=4352282540002770959}}], 128, 989, NULL, 0) = 1 <0.005002>
31711 03:29:25.290253 <... epoll_ctl resumed>) = 0 <0.000076>
31713 03:29:25.290282 epoll_pwait(4,  <unfinished ...>
31711 03:29:25.290306 read(3, "cpu  222965 430 59451 759306 538"..., 4096) = 4096 <0.000067>
31711 03:29:25.290432 read(3, " 0 0 0 0 0 0 0 0 0 0 0 0 0 0 0 0"..., 367) = 367 <0.000018>
31711 03:29:25.290514 read(3, "0 0 0 0 0 0 0 0 0 0 0 0 0 0 0 0 "..., 4096) = 230 <0.000019>
31711 03:29:25.290600 epoll_ctl(4, EPOLL_CTL_DEL, 3, 0x117654412bac) = 0 <0.000019>
31711 03:29:25.290667 close(3)          = 0 <0.000019>
31711 03:29:25.290737 getpriority(PRIO_PROCESS, 31708) = 20 <0.000018>
31711 03:29:25.290814 openat(AT_FDCWD, "/proc/31708/cmdline", O_RDONLY|O_CLOEXEC) = 3 <0.000048>
31711 03:29:25.290920 fcntl(3, F_GETFL) = 0x8000 (flags O_RDONLY|O_LARGEFILE) <0.000017>
31711 03:29:25.290982 fcntl(3, F_SETFL, O_RDONLY|O_NONBLOCK|O_LARGEFILE) = 0 <0.000019>
31711 03:29:25.291052 epoll_ctl(4, EPOLL_CTL_ADD, 3, {events=EPOLLIN|EPOLLOUT|EPOLLRDHUP|EPOLLET, data={u32=654311440, u64=4352282540002770960}}) = -1 EPERM (Operation not permitted) <0.000018>
31711 03:29:25.291131 fcntl(3, F_GETFL) = 0x8800 (flags O_RDONLY|O_NONBLOCK|O_LARGEFILE) <0.000016>
31711 03:29:25.291207 fcntl(3, F_SETFL, O_RDONLY|O_LARGEFILE) = 0 <0.000018>
31711 03:29:25.291275 fstat(3, {st_mode=S_IFREG|0444, st_size=0, ...}) = 0 <0.000016>
31711 03:29:25.291352 read(3, "tests/test_c552_complete_opencl_"..., 512) = 38 <0.000027>
31711 03:29:25.291456 read(3, "", 858)  = 0 <0.000017>
31711 03:29:25.291533 close(3)          = 0 <0.000050>
31711 03:29:25.291699 write(1, "\0\0\0\0\0\0\0\0", 8) = 8 <0.000053>
31708 03:29:25.291824 <... read resumed>"\0\0\0\0\0\0\0\0", 65536) = 8 <0.050463>
31711 03:29:25.291870 exit_group(0 <unfinished ...>
31708 03:29:25.291896 read(5,  <unfinished ...>
31712 03:29:25.291932 <... futex resumed>) = ?
31711 03:29:25.291956 <... exit_group resumed>) = ?
31713 03:29:25.291994 <... epoll_pwait resumed> <unfinished ...>) = ?
31712 03:29:25.292017 +++ exited with 0 +++
31710 03:29:25.292032 <... nanosleep resumed> <unfinished ...>) = ?
31709 03:29:25.292061 <... futex resumed>) = ?
31713 03:29:25.292169 +++ exited with 0 +++
31711 03:29:25.292188 +++ exited with 0 +++
31710 03:29:25.292213 +++ exited with 0 +++
31708 03:29:25.294177 <... read resumed>"", 65528) = 0 <0.002250>
31709 03:29:25.294262 +++ exited with 0 +++
31708 03:29:25.294292 --- SIGCHLD {si_signo=SIGCHLD, si_code=CLD_EXITED, si_pid=31709, si_uid=1000, si_status=0, si_utime=0, si_stime=1 /* 0.01 s */} ---
31708 03:29:25.294361 close(5)          = 0 <0.000034>
31708 03:29:25.294462 wait4(31709, [{WIFEXITED(s) && WEXITSTATUS(s) == 0}], 0, NULL) = 31709 <0.000048>
31708 03:29:25.294634 rt_sigaction(SIGSEGV, NULL, {sa_handler=0x72706599f22a, sa_mask=[], sa_flags=SA_RESTORER|SA_SIGINFO, sa_restorer=0x727065645330}, 8) = 0 <0.000040>
31708 03:29:25.294774 rt_sigaction(SIGSEGV, {sa_handler=SIG_DFL, sa_mask=[], sa_flags=SA_RESTORER, sa_restorer=0x727065645330}, NULL, 8) = 0 <0.000026>
31708 03:29:25.294866 rt_sigaction(SIGABRT, NULL, {sa_handler=0x72706599f22a, sa_mask=[], sa_flags=SA_RESTORER|SA_SIGINFO, sa_restorer=0x727065645330}, 8) = 0 <0.000018>
31708 03:29:25.294963 rt_sigaction(SIGABRT, {sa_handler=SIG_DFL, sa_mask=[], sa_flags=SA_RESTORER, sa_restorer=0x727065645330}, NULL, 8) = 0 <0.000215>
31708 03:29:25.295255 rt_sigaction(SIGBUS, NULL, {sa_handler=0x72706599f22a, sa_mask=[], sa_flags=SA_RESTORER|SA_SIGINFO, sa_restorer=0x727065645330}, 8) = 0 <0.000115>
31708 03:29:25.295448 rt_sigaction(SIGBUS, {sa_handler=SIG_DFL, sa_mask=[], sa_flags=SA_RESTORER, sa_restorer=0x727065645330}, NULL, 8) = 0 <0.000021>
31708 03:29:25.295560 fstat(1, {st_mode=S_IFIFO|0600, st_size=0, ...}) = 0 <0.000022>
31708 03:29:25.295723 openat(AT_FDCWD, "/dev/dri/card1", O_RDWR) = 5 <0.000786>
31708 03:29:25.296626 ioctl(5, DRM_IOCTL_I915_GEM_CREATE, 0x7ffea8fc6b90) = 0 <0.000094>
31708 03:29:25.296802 ioctl(5, DRM_IOCTL_I915_GEM_CREATE, 0x7ffea8fc6ba0) = 0 <0.000039>
31708 03:29:25.296896 ioctl(5, DRM_IOCTL_I915_GEM_CREATE, 0x7ffea8fc6bb0) = 0 <0.000033>
31708 03:29:25.296978 ioctl(5, DRM_IOCTL_I915_GEM_CREATE, 0x7ffea8fc6bc0) = 0 <0.000031>
31708 03:29:25.297049 ioctl(5, DRM_IOCTL_I915_GEM_MMAP, 0x7ffea8fc6be0) = 0 <0.000062>
31708 03:29:25.297157 ioctl(5, DRM_IOCTL_I915_GEM_MMAP, 0x7ffea8fc6c10) = 0 <0.000057>
31708 03:29:25.297295 ioctl(5, DRM_IOCTL_I915_GEM_MMAP, 0x7ffea8fc6c40) = 0 <0.000073>
31708 03:29:25.297432 ioctl(5, DRM_IOCTL_I915_GEM_MMAP, 0x7ffea8fc6c70) = 0 <0.000049>
31708 03:29:25.297586 ioctl(5, DRM_IOCTL_I915_GEM_EXECBUFFER2, 0x7ffea8fc6ca0) = -1 EINVAL (Invalid argument) <0.000037>
31708 03:29:25.297677 dup(2)            = 6 <0.000021>
31708 03:29:25.297743 fcntl(6, F_GETFL) = 0x1 (flags O_WRONLY) <0.000015>
31708 03:29:25.297800 close(6)          = 0 <0.000016>
31708 03:29:25.297870 write(2, "execbuffer2 pass1: Invalid argum"..., 36) = 36 <0.000031>
31708 03:29:25.298001 write(1, "=== TEST C552 - MOD\303\210LE OPENCL C"..., 885) = 885 <0.000030>
31708 03:29:25.298113 exit_group(1)     = ?
31708 03:29:25.298640 +++ exited with 1 +++
