68294 15:18:06.385091 execve("tests/test_c554_batch_builder_auto", ["tests/test_c554_batch_builder_au"...], 0x7ffd08f7fc98 /* 70 vars */) = 0 <0.001384>
68294 15:18:06.387085 brk(NULL)         = 0x5df28ed58000 <0.000021>
68294 15:18:06.387223 mmap(NULL, 8192, PROT_READ|PROT_WRITE, MAP_PRIVATE|MAP_ANONYMOUS, -1, 0) = 0x7e55b0d26000 <0.000052>
68294 15:18:06.387340 access("/etc/ld.so.preload", R_OK) = 0 <0.000025>
68294 15:18:06.387440 openat(AT_FDCWD, "/etc/ld.so.preload", O_RDONLY|O_CLOEXEC) = 3 <0.000049>
68294 15:18:06.387556 fstat(3, {st_mode=S_IFREG|0644, st_size=75, ...}) = 0 <0.000022>
68294 15:18:06.387651 mmap(NULL, 75, PROT_READ|PROT_WRITE, MAP_PRIVATE, 3, 0) = 0x7e55b0d25000 <0.000044>
68294 15:18:06.387751 close(3)          = 0 <0.000018>
68294 15:18:06.387855 openat(AT_FDCWD, "/opt/datadog-packages/datadog-apm-inject/stable/inject/launcher.preload.so", O_RDONLY|O_CLOEXEC) = 3 <0.000057>
68294 15:18:06.387980 read(3, "\177ELF\2\1\1\0\0\0\0\0\0\0\0\0\3\0>\0\1\0\0\0\0\0\0\0\0\0\0\0"..., 832) = 832 <0.000028>
68294 15:18:06.388080 fstat(3, {st_mode=S_IFREG|0755, st_size=741833, ...}) = 0 <0.000019>
68294 15:18:06.388171 mmap(NULL, 627144, PROT_READ, MAP_PRIVATE|MAP_DENYWRITE, 3, 0) = 0x7e55b0c8b000 <0.000054>
68294 15:18:06.388283 mprotect(0x7e55b0c90000, 602112, PROT_NONE) = 0 <0.000043>
68294 15:18:06.388387 mmap(0x7e55b0c90000, 368640, PROT_READ|PROT_EXEC, MAP_PRIVATE|MAP_FIXED|MAP_DENYWRITE, 3, 0x5000) = 0x7e55b0c90000 <0.000056>
68294 15:18:06.388509 mmap(0x7e55b0cea000, 98304, PROT_READ, MAP_PRIVATE|MAP_FIXED|MAP_DENYWRITE, 3, 0x5f000) = 0x7e55b0cea000 <0.000045>
68294 15:18:06.388617 mmap(0x7e55b0d02000, 16384, PROT_READ|PROT_WRITE, MAP_PRIVATE|MAP_FIXED|MAP_DENYWRITE, 3, 0x77000) = 0x7e55b0d02000 <0.000049>
68294 15:18:06.388741 mmap(0x7e55b0d06000, 116904, PROT_READ|PROT_WRITE, MAP_PRIVATE|MAP_FIXED|MAP_ANONYMOUS, -1, 0) = 0x7e55b0d06000 <0.000054>
68294 15:18:06.388852 mmap(0x7e55b0d23000, 8192, PROT_READ|PROT_WRITE, MAP_PRIVATE|MAP_FIXED|MAP_DENYWRITE, 3, 0xb4000) = 0x7e55b0d23000 <0.000041>
68294 15:18:06.388994 close(3)          = 0 <0.000028>
68294 15:18:06.389097 munmap(0x7e55b0d25000, 75) = 0 <0.000042>
68294 15:18:06.389214 openat(AT_FDCWD, "/etc/ld.so.cache", O_RDONLY|O_CLOEXEC) = 3 <0.000039>
68294 15:18:06.389324 fstat(3, {st_mode=S_IFREG|0644, st_size=86423, ...}) = 0 <0.000023>
68294 15:18:06.389406 mmap(NULL, 86423, PROT_READ, MAP_PRIVATE, 3, 0) = 0x7e55b0c75000 <0.000044>
68294 15:18:06.389495 close(3)          = 0 <0.000015>
68294 15:18:06.389566 openat(AT_FDCWD, "/lib/x86_64-linux-gnu/libc.so.6", O_RDONLY|O_CLOEXEC) = 3 <0.000046>
68294 15:18:06.389661 read(3, "\177ELF\2\1\1\3\0\0\0\0\0\0\0\0\3\0>\0\1\0\0\0\220\243\2\0\0\0\0\0"..., 832) = 832 <0.000021>
68294 15:18:06.389731 pread64(3, "\6\0\0\0\4\0\0\0@\0\0\0\0\0\0\0@\0\0\0\0\0\0\0@\0\0\0\0\0\0\0"..., 784, 64) = 784 <0.000017>
68294 15:18:06.389804 fstat(3, {st_mode=S_IFREG|0755, st_size=2125328, ...}) = 0 <0.000019>
68294 15:18:06.389868 pread64(3, "\6\0\0\0\4\0\0\0@\0\0\0\0\0\0\0@\0\0\0\0\0\0\0@\0\0\0\0\0\0\0"..., 784, 64) = 784 <0.000017>
68294 15:18:06.389931 mmap(NULL, 2170256, PROT_READ, MAP_PRIVATE|MAP_DENYWRITE, 3, 0) = 0x7e55b0a00000 <0.000038>
68294 15:18:06.390012 mmap(0x7e55b0a28000, 1605632, PROT_READ|PROT_EXEC, MAP_PRIVATE|MAP_FIXED|MAP_DENYWRITE, 3, 0x28000) = 0x7e55b0a28000 <0.000058>
68294 15:18:06.390122 mmap(0x7e55b0bb0000, 323584, PROT_READ, MAP_PRIVATE|MAP_FIXED|MAP_DENYWRITE, 3, 0x1b0000) = 0x7e55b0bb0000 <0.000043>
68294 15:18:06.390208 mmap(0x7e55b0bff000, 24576, PROT_READ|PROT_WRITE, MAP_PRIVATE|MAP_FIXED|MAP_DENYWRITE, 3, 0x1fe000) = 0x7e55b0bff000 <0.000042>
68294 15:18:06.390309 mmap(0x7e55b0c05000, 52624, PROT_READ|PROT_WRITE, MAP_PRIVATE|MAP_FIXED|MAP_ANONYMOUS, -1, 0) = 0x7e55b0c05000 <0.000039>
68294 15:18:06.390426 close(3)          = 0 <0.000018>
68294 15:18:06.390520 mmap(NULL, 12288, PROT_READ|PROT_WRITE, MAP_PRIVATE|MAP_ANONYMOUS, -1, 0) = 0x7e55b0c72000 <0.000040>
68294 15:18:06.390623 arch_prctl(ARCH_SET_FS, 0x7e55b0c72740) = 0 <0.000018>
68294 15:18:06.390685 set_tid_address(0x7e55b0c72a10) = 68294 <0.000018>
68294 15:18:06.390756 set_robust_list(0x7e55b0c72a20, 24) = 0 <0.000017>
68294 15:18:06.390819 rseq(0x7e55b0c73060, 0x20, 0, 0x53053053) = 0 <0.000017>
68294 15:18:06.390998 mprotect(0x7e55b0bff000, 16384, PROT_READ) = 0 <0.000036>
68294 15:18:06.391215 mprotect(0x7e55b0d02000, 8192, PROT_READ) = 0 <0.000035>
68294 15:18:06.391314 mprotect(0x5df260b0a000, 4096, PROT_READ) = 0 <0.000029>
68294 15:18:06.391397 mprotect(0x7e55b0d66000, 8192, PROT_READ) = 0 <0.000053>
68294 15:18:06.391541 prlimit64(0, RLIMIT_STACK, NULL, {rlim_cur=8192*1024, rlim_max=RLIM64_INFINITY}) = 0 <0.000019>
68294 15:18:06.391637 munmap(0x7e55b0c75000, 86423) = 0 <0.000044>
68294 15:18:06.391766 rt_sigaction(SIGSEGV, NULL, {sa_handler=SIG_DFL, sa_mask=[], sa_flags=0}, 8) = 0 <0.000026>
68294 15:18:06.391861 rt_sigaction(SIGSEGV, {sa_handler=0x7e55b0cb222a, sa_mask=[], sa_flags=SA_RESTORER|SA_SIGINFO, sa_restorer=0x7e55b0a45330}, {sa_handler=SIG_DFL, sa_mask=[], sa_flags=0}, 8) = 0 <0.000019>
68294 15:18:06.391941 rt_sigaction(SIGABRT, NULL, {sa_handler=SIG_DFL, sa_mask=[], sa_flags=0}, 8) = 0 <0.000018>
68294 15:18:06.392008 rt_sigaction(SIGABRT, {sa_handler=0x7e55b0cb222a, sa_mask=[], sa_flags=SA_RESTORER|SA_SIGINFO, sa_restorer=0x7e55b0a45330}, {sa_handler=SIG_DFL, sa_mask=[], sa_flags=0}, 8) = 0 <0.000019>
68294 15:18:06.392078 rt_sigaction(SIGBUS, NULL, {sa_handler=SIG_DFL, sa_mask=[], sa_flags=0}, 8) = 0 <0.000019>
68294 15:18:06.392148 rt_sigaction(SIGBUS, {sa_handler=0x7e55b0cb222a, sa_mask=[], sa_flags=SA_RESTORER|SA_SIGINFO, sa_restorer=0x7e55b0a45330}, {sa_handler=SIG_DFL, sa_mask=[], sa_flags=0}, 8) = 0 <0.000021>
68294 15:18:06.392245 getrandom("\xec\x24\xe3\x6a\x6f\x26\xee\x34", 8, GRND_NONBLOCK) = 8 <0.000019>
68294 15:18:06.392326 brk(NULL)         = 0x5df28ed58000 <0.000017>
68294 15:18:06.392383 brk(0x5df28ed79000) = 0x5df28ed79000 <0.000022>
68294 15:18:06.392467 openat(AT_FDCWD, "/etc/datadog-agent/managed/rc-orgwide-wls-policy.bin", O_RDONLY|O_CLOEXEC) = -1 ENOENT (No such file or directory) <0.000048>
68294 15:18:06.392914 openat(AT_FDCWD, "/etc/datadog-agent/user-wls-policy.bin", O_RDONLY|O_CLOEXEC) = -1 ENOENT (No such file or directory) <0.000041>
68294 15:18:06.393036 openat(AT_FDCWD, "/etc/datadog-agent/managed/rc-targeted-wls-policy.bin", O_RDONLY|O_CLOEXEC) = -1 ENOENT (No such file or directory) <0.000063>
68294 15:18:06.393250 getrandom("\x24\x4e\x2e\xce\x61\xd5\x42\x19\xf6\xad\xb9\xe6\x9f\x72\xf4\x3f", 16, GRND_NONBLOCK) = 16 <0.000034>
68294 15:18:06.393396 openat(AT_FDCWD, "/etc/os-release", O_RDONLY|O_CLOEXEC) = 3 <0.000057>
68294 15:18:06.393525 read(3, "PRETTY_NAME=\"Ubuntu 24.04.4 LTS\""..., 4095) = 400 <0.000021>
68294 15:18:06.393595 close(3)          = 0 <0.000016>
68294 15:18:06.393663 uname({sysname="Linux", nodename="lvx-Vostro-5481", ...}) = 0 <0.000018>
68294 15:18:06.393746 uname({sysname="Linux", nodename="lvx-Vostro-5481", ...}) = 0 <0.000018>
68294 15:18:06.393877 readlink("/proc/self/exe", "/home/lvx/LVX/lumvorax2/src/adva"..., 4095) = 125 <0.000051>
68294 15:18:06.393996 prlimit64(0, RLIMIT_STACK, NULL, {rlim_cur=8192*1024, rlim_max=RLIM64_INFINITY}) = 0 <0.000021>
68294 15:18:06.394077 prlimit64(0, RLIMIT_STACK, NULL, {rlim_cur=8192*1024, rlim_max=RLIM64_INFINITY}) = 0 <0.000018>
68294 15:18:06.394140 prlimit64(0, RLIMIT_STACK, NULL, {rlim_cur=8192*1024, rlim_max=RLIM64_INFINITY}) = 0 <0.000018>
68294 15:18:06.394211 getcwd("/home/lvx/LVX/lumvorax2/src/advanced_calculations/bitcoin_quantum_mining/level_zero_native", 4096) = 91 <0.000022>
68294 15:18:06.394340 memfd_create("dd_language_detected", MFD_CLOEXEC|MFD_ALLOW_SEALING) = 3 <0.000034>
68294 15:18:06.394424 write(3, "", 0)   = 0 <0.000019>
68294 15:18:06.394483 fcntl(3, F_ADD_SEALS, F_SEAL_SHRINK|F_SEAL_GROW|F_SEAL_WRITE) = 0 <0.000031>
68294 15:18:06.394569 memfd_create("dd_inject_info", MFD_CLOEXEC|MFD_ALLOW_SEALING) = 4 <0.000033>
68294 15:18:06.394649 write(4, "{\n    \"runtime_id\": \"244e2ece-61"..., 114) = 114 <0.000040>
68294 15:18:06.394734 fcntl(4, F_ADD_SEALS, F_SEAL_SHRINK|F_SEAL_GROW|F_SEAL_WRITE) = 0 <0.000019>
68294 15:18:06.394876 pipe2([5, 6], 0)  = 0 <0.000032>
68294 15:18:06.395034 clone(child_stack=NULL, flags=CLONE_CHILD_CLEARTID|CLONE_CHILD_SETTID|SIGCHLD, child_tidptr=0x7e55b0c72a10) = 68295 <0.000274>
68294 15:18:06.395403 close(6)          = 0 <0.000028>
68294 15:18:06.395486 read(5,  <unfinished ...>
68295 15:18:06.395988 set_robust_list(0x7e55b0c72a20, 24) = 0 <0.000016>
68295 15:18:06.396117 close(5)          = 0 <0.000015>
68295 15:18:06.396171 close(0)          = 0 <0.000016>
68295 15:18:06.396225 dup2(6, 1)        = 1 <0.000014>
68295 15:18:06.396276 openat(AT_FDCWD, "/dev/null", O_RDONLY|O_CLOEXEC) = 0 <0.000947>
68295 15:18:06.397340 dup2(0, 2)        = 2 <0.000015>
68295 15:18:06.397478 execve("/opt/datadog-packages/datadog-apm-inject/0.58.0/inject/process", ["/opt/datadog-packages/datadog-ap"..., "inject", "glibc 2.39", "", "", "244e2ece-61d5-4219-b6ad-b9e69f72"...], 0x5df28ed58480 /* 71 vars */) = 0 <0.000840>
68295 15:18:06.398478 arch_prctl(ARCH_SET_FS, 0xe3bee8) = 0 <0.000016>
68295 15:18:06.398631 sched_getaffinity(0, 8192, [0 1 2 3 4 5 6 7]) = 8 <0.000018>
68295 15:18:06.398711 openat(AT_FDCWD, "/sys/kernel/mm/transparent_hugepage/hpage_pmd_size", O_RDONLY) = 0 <0.000070>
68295 15:18:06.398853 read(0, "2097152\n", 20) = 8 <0.000021>
68295 15:18:06.398924 close(0)          = 0 <0.000018>
68295 15:18:06.399200 mmap(NULL, 262144, PROT_READ|PROT_WRITE, MAP_PRIVATE|MAP_ANONYMOUS, -1, 0) = 0x7200a5227000 <0.000043>
68295 15:18:06.399302 prctl(PR_SET_VMA, PR_SET_VMA_ANON_NAME, 0x7200a5227000, 262144, " Go: immortal metadata") = 0 <0.000027>
68295 15:18:06.399387 mmap(NULL, 131072, PROT_NONE, MAP_PRIVATE|MAP_ANONYMOUS, -1, 0) = 0x7200a5207000 <0.000033>
68295 15:18:06.399464 prctl(PR_SET_VMA, PR_SET_VMA_ANON_NAME, 0x7200a5207000, 131072, " Go: page summary") = 0 <0.000020>
68295 15:18:06.399533 mmap(NULL, 1048576, PROT_NONE, MAP_PRIVATE|MAP_ANONYMOUS, -1, 0) = 0x7200a5107000 <0.000031>
68295 15:18:06.399603 prctl(PR_SET_VMA, PR_SET_VMA_ANON_NAME, 0x7200a5107000, 1048576, " Go: page summary") = 0 <0.000023>
68295 15:18:06.399668 mmap(NULL, 8388608, PROT_NONE, MAP_PRIVATE|MAP_ANONYMOUS, -1, 0) = 0x7200a4800000 <0.000030>
68295 15:18:06.399741 prctl(PR_SET_VMA, PR_SET_VMA_ANON_NAME, 0x7200a4800000, 8388608, " Go: page summary") = 0 <0.000018>
68295 15:18:06.399814 mmap(NULL, 67108864, PROT_NONE, MAP_PRIVATE|MAP_ANONYMOUS, -1, 0) = 0x7200a0800000 <0.000039>
68295 15:18:06.399896 prctl(PR_SET_VMA, PR_SET_VMA_ANON_NAME, 0x7200a0800000, 67108864, " Go: page summary") = 0 <0.000022>
68295 15:18:06.399963 mmap(NULL, 536870912, PROT_NONE, MAP_PRIVATE|MAP_ANONYMOUS, -1, 0) = 0x720080800000 <0.000032>
68295 15:18:06.400037 prctl(PR_SET_VMA, PR_SET_VMA_ANON_NAME, 0x720080800000, 536870912, " Go: page summary") = 0 <0.000024>
68295 15:18:06.400108 mmap(NULL, 536870912, PROT_NONE, MAP_PRIVATE|MAP_ANONYMOUS, -1, 0) = 0x720060800000 <0.000031>
68295 15:18:06.400179 prctl(PR_SET_VMA, PR_SET_VMA_ANON_NAME, 0x720060800000, 536870912, " Go: scavenge index") = 0 <0.000021>
68295 15:18:06.400295 mmap(0x54d3c000000, 67108864, PROT_NONE, MAP_PRIVATE|MAP_ANONYMOUS, -1, 0) = 0x54d3c000000 <0.000050>
68295 15:18:06.400427 prctl(PR_SET_VMA, PR_SET_VMA_ANON_NAME, 0x54d3c000000, 67108864, " Go: heap reservation") = 0 <0.000042>
68295 15:18:06.400564 mmap(NULL, 33554432, PROT_READ|PROT_WRITE, MAP_PRIVATE|MAP_ANONYMOUS, -1, 0) = 0x72005e800000 <0.000068>
68295 15:18:06.400693 prctl(PR_SET_VMA, PR_SET_VMA_ANON_NAME, 0x72005e800000, 33554432, " Go: heap index") = 0 <0.000019>
68295 15:18:06.400760 madvise(0x72005e800000, 33554432, MADV_NOHUGEPAGE) = 0 <0.000019>
68295 15:18:06.400854 mmap(NULL, 69648, PROT_READ|PROT_WRITE, MAP_PRIVATE|MAP_ANONYMOUS, -1, 0) = 0x7200a50f5000 <0.000036>
68295 15:18:06.400956 prctl(PR_SET_VMA, PR_SET_VMA_ANON_NAME, 0x7200a50f5000, 69648, " Go: immortal metadata") = 0 <0.000020>
68295 15:18:06.401054 mmap(0x54d3e800000, 4194304, PROT_READ|PROT_WRITE, MAP_PRIVATE|MAP_FIXED|MAP_ANONYMOUS, -1, 0) = 0x54d3e800000 <0.000053>
68295 15:18:06.401158 prctl(PR_SET_VMA, PR_SET_VMA_ANON_NAME, 0x54d3e800000, 4194304, " Go: heap") = 0 <0.000020>
68295 15:18:06.401255 mmap(0x7200a5207000, 131072, PROT_READ|PROT_WRITE, MAP_PRIVATE|MAP_FIXED|MAP_ANONYMOUS, -1, 0) = 0x7200a5207000 <0.000048>
68295 15:18:06.401345 prctl(PR_SET_VMA, PR_SET_VMA_ANON_NAME, 0x7200a5207000, 131072, " Go: page alloc") = 0 <0.000021>
68295 15:18:06.401408 mmap(0x7200a518c000, 4096, PROT_READ|PROT_WRITE, MAP_PRIVATE|MAP_FIXED|MAP_ANONYMOUS, -1, 0) = 0x7200a518c000 <0.000040>
68295 15:18:06.401492 prctl(PR_SET_VMA, PR_SET_VMA_ANON_NAME, 0x7200a518c000, 4096, " Go: page alloc") = 0 <0.000019>
68295 15:18:06.401554 mmap(0x7200a4c2a000, 4096, PROT_READ|PROT_WRITE, MAP_PRIVATE|MAP_FIXED|MAP_ANONYMOUS, -1, 0) = 0x7200a4c2a000 <0.000041>
68295 15:18:06.401634 prctl(PR_SET_VMA, PR_SET_VMA_ANON_NAME, 0x7200a4c2a000, 4096, " Go: page alloc") = 0 <0.000020>
68295 15:18:06.401695 mmap(0x7200a2953000, 4096, PROT_READ|PROT_WRITE, MAP_PRIVATE|MAP_FIXED|MAP_ANONYMOUS, -1, 0) = 0x7200a2953000 <0.000036>
68295 15:18:06.401770 prctl(PR_SET_VMA, PR_SET_VMA_ANON_NAME, 0x7200a2953000, 4096, " Go: page alloc") = 0 <0.000044>
68295 15:18:06.401857 mmap(0x72009129a000, 4096, PROT_READ|PROT_WRITE, MAP_PRIVATE|MAP_FIXED|MAP_ANONYMOUS, -1, 0) = 0x72009129a000 <0.000041>
68295 15:18:06.401942 prctl(PR_SET_VMA, PR_SET_VMA_ANON_NAME, 0x72009129a000, 4096, " Go: page alloc") = 0 <0.000018>
68295 15:18:06.402005 mmap(0x72007129a000, 4096, PROT_READ|PROT_WRITE, MAP_PRIVATE|MAP_FIXED|MAP_ANONYMOUS, -1, 0) = 0x72007129a000 <0.000035>
68295 15:18:06.402080 prctl(PR_SET_VMA, PR_SET_VMA_ANON_NAME, 0x72007129a000, 4096, " Go: scavenge index") = 0 <0.000019>
68295 15:18:06.402146 mmap(NULL, 1048576, PROT_READ|PROT_WRITE, MAP_PRIVATE|MAP_ANONYMOUS, -1, 0) = 0x72005e700000 <0.000035>
68295 15:18:06.402224 prctl(PR_SET_VMA, PR_SET_VMA_ANON_NAME, 0x72005e700000, 1048576, " Go: page alloc index") = 0 <0.000019>
68295 15:18:06.402285 madvise(0x72005e700000, 1048576, MADV_NOHUGEPAGE) = 0 <0.000016>
68295 15:18:06.402416 mmap(NULL, 65536, PROT_READ|PROT_WRITE, MAP_PRIVATE|MAP_ANONYMOUS, -1, 0) = 0x7200a50e5000 <0.000032>
68295 15:18:06.402496 prctl(PR_SET_VMA, PR_SET_VMA_ANON_NAME, 0x7200a50e5000, 65536, " Go: allspans array") = 0 <0.000024>
68295 15:18:06.402595 mmap(NULL, 65536, PROT_READ|PROT_WRITE, MAP_PRIVATE|MAP_ANONYMOUS, -1, 0) = 0x7200a50d5000 <0.000063>
68295 15:18:06.402711 prctl(PR_SET_VMA, PR_SET_VMA_ANON_NAME, 0x7200a50d5000, 65536, " Go: gc bits") = 0 <0.000027>
68295 15:18:06.403144 rt_sigprocmask(SIG_SETMASK, NULL, [], 8) = 0 <0.000015>
68295 15:18:06.403340 fcntl(0, F_GETFD) = -1 EBADF (Bad file descriptor) <0.000020>
68295 15:18:06.403418 openat(AT_FDCWD, "/dev/null", O_RDWR) = 0 <0.000069>
68295 15:18:06.403542 fcntl(1, F_GETFD) = 0 <0.000020>
68295 15:18:06.403611 fcntl(2, F_GETFD) = 0 <0.000018>
68295 15:18:06.403767 mmap(NULL, 1439992, PROT_READ|PROT_WRITE, MAP_PRIVATE|MAP_ANONYMOUS, -1, 0) = 0x72005e5a0000 <0.000067>
68295 15:18:06.403891 prctl(PR_SET_VMA, PR_SET_VMA_ANON_NAME, 0x72005e5a0000, 1439992, " Go: profiler hash buckets") = 0 <0.000038>
68295 15:18:06.404008 openat(AT_FDCWD, "/proc/self/cgroup", O_RDONLY|O_CLOEXEC) = 3 <0.000070>
68295 15:18:06.404132 read(3, "0::/user.slice/user-1000.slice/u"..., 65536) = 97 <0.000031>
68295 15:18:06.404219 read(3, "", 65536) = 0 <0.000015>
68295 15:18:06.404273 close(3)          = 0 <0.000019>
68295 15:18:06.404329 openat(AT_FDCWD, "/proc/self/mountinfo", O_RDONLY|O_CLOEXEC) = 3 <0.000069>
68295 15:18:06.404446 read(3, "27 32 0:24 / /sys rw,nosuid,node"..., 65536) = 4020 <0.000164>
68295 15:18:06.404663 close(3)          = 0 <0.000018>
68295 15:18:06.404719 openat(AT_FDCWD, "/sys/fs/cgroup/user.slice/user-1000.slice/user@1000.service/app.slice/app-org.chromium.Chromium-29476.scope/cpu.max", O_RDONLY|O_CLOEXEC) = -1 ENOENT (No such file or directory) <0.000060>
68295 15:18:06.405006 sigaltstack(NULL, {ss_sp=NULL, ss_flags=SS_DISABLE, ss_size=0}) = 0 <0.000016>
68295 15:18:06.405075 sigaltstack({ss_sp=0x54d3eae2000, ss_flags=0, ss_size=32768}, NULL) = 0 <0.000017>
68295 15:18:06.405142 rt_sigprocmask(SIG_SETMASK, [], NULL, 8) = 0 <0.000015>
68295 15:18:06.405200 gettid()          = 68295 <0.000015>
68295 15:18:06.405279 rt_sigaction(SIGHUP, NULL, {sa_handler=SIG_DFL, sa_mask=[], sa_flags=0}, 8) = 0 <0.000017>
68295 15:18:06.405342 rt_sigaction(SIGHUP, {sa_handler=0x48fc40, sa_mask=~[], sa_flags=SA_RESTORER|SA_ONSTACK|SA_RESTART|SA_SIGINFO, sa_restorer=0x48fd80}, NULL, 8) = 0 <0.000014>
68295 15:18:06.405398 rt_sigaction(SIGINT, NULL, {sa_handler=SIG_DFL, sa_mask=[], sa_flags=0}, 8) = 0 <0.000014>
68295 15:18:06.405457 rt_sigaction(SIGINT, {sa_handler=0x48fc40, sa_mask=~[], sa_flags=SA_RESTORER|SA_ONSTACK|SA_RESTART|SA_SIGINFO, sa_restorer=0x48fd80}, NULL, 8) = 0 <0.000014>
68295 15:18:06.405513 rt_sigaction(SIGQUIT, NULL, {sa_handler=SIG_DFL, sa_mask=[], sa_flags=0}, 8) = 0 <0.000013>
68295 15:18:06.405567 rt_sigaction(SIGQUIT, {sa_handler=0x48fc40, sa_mask=~[], sa_flags=SA_RESTORER|SA_ONSTACK|SA_RESTART|SA_SIGINFO, sa_restorer=0x48fd80}, NULL, 8) = 0 <0.000014>
68295 15:18:06.405622 rt_sigaction(SIGILL, NULL, {sa_handler=SIG_DFL, sa_mask=[], sa_flags=0}, 8) = 0 <0.000014>
68295 15:18:06.405679 rt_sigaction(SIGILL, {sa_handler=0x48fc40, sa_mask=~[], sa_flags=SA_RESTORER|SA_ONSTACK|SA_RESTART|SA_SIGINFO, sa_restorer=0x48fd80}, NULL, 8) = 0 <0.000014>
68295 15:18:06.405733 rt_sigaction(SIGTRAP, NULL, {sa_handler=SIG_DFL, sa_mask=[], sa_flags=0}, 8) = 0 <0.000014>
68295 15:18:06.405790 rt_sigaction(SIGTRAP, {sa_handler=0x48fc40, sa_mask=~[], sa_flags=SA_RESTORER|SA_ONSTACK|SA_RESTART|SA_SIGINFO, sa_restorer=0x48fd80}, NULL, 8) = 0 <0.000017>
68295 15:18:06.405859 rt_sigaction(SIGABRT, NULL, {sa_handler=SIG_DFL, sa_mask=[], sa_flags=0}, 8) = 0 <0.000014>
68295 15:18:06.405919 rt_sigaction(SIGABRT, {sa_handler=0x48fc40, sa_mask=~[], sa_flags=SA_RESTORER|SA_ONSTACK|SA_RESTART|SA_SIGINFO, sa_restorer=0x48fd80}, NULL, 8) = 0 <0.000014>
68295 15:18:06.405973 rt_sigaction(SIGBUS, NULL, {sa_handler=SIG_DFL, sa_mask=[], sa_flags=0}, 8) = 0 <0.000013>
68295 15:18:06.406028 rt_sigaction(SIGBUS, {sa_handler=0x48fc40, sa_mask=~[], sa_flags=SA_RESTORER|SA_ONSTACK|SA_RESTART|SA_SIGINFO, sa_restorer=0x48fd80}, NULL, 8) = 0 <0.000014>
68295 15:18:06.406083 rt_sigaction(SIGFPE, NULL, {sa_handler=SIG_DFL, sa_mask=[], sa_flags=0}, 8) = 0 <0.000014>
68295 15:18:06.406142 rt_sigaction(SIGFPE, {sa_handler=0x48fc40, sa_mask=~[], sa_flags=SA_RESTORER|SA_ONSTACK|SA_RESTART|SA_SIGINFO, sa_restorer=0x48fd80}, NULL, 8) = 0 <0.000014>
68295 15:18:06.406199 rt_sigaction(SIGUSR1, NULL, {sa_handler=SIG_DFL, sa_mask=[], sa_flags=0}, 8) = 0 <0.000012>
68295 15:18:06.406253 rt_sigaction(SIGUSR1, {sa_handler=0x48fc40, sa_mask=~[], sa_flags=SA_RESTORER|SA_ONSTACK|SA_RESTART|SA_SIGINFO, sa_restorer=0x48fd80}, NULL, 8) = 0 <0.000014>
68295 15:18:06.406308 rt_sigaction(SIGSEGV, NULL, {sa_handler=SIG_DFL, sa_mask=[], sa_flags=0}, 8) = 0 <0.000014>
68295 15:18:06.406367 rt_sigaction(SIGSEGV, {sa_handler=0x48fc40, sa_mask=~[], sa_flags=SA_RESTORER|SA_ONSTACK|SA_RESTART|SA_SIGINFO, sa_restorer=0x48fd80}, NULL, 8) = 0 <0.000014>
68295 15:18:06.406424 rt_sigaction(SIGUSR2, NULL, {sa_handler=SIG_DFL, sa_mask=[], sa_flags=0}, 8) = 0 <0.000013>
68295 15:18:06.406485 rt_sigaction(SIGUSR2, {sa_handler=0x48fc40, sa_mask=~[], sa_flags=SA_RESTORER|SA_ONSTACK|SA_RESTART|SA_SIGINFO, sa_restorer=0x48fd80}, NULL, 8) = 0 <0.000015>
68295 15:18:06.406542 rt_sigaction(SIGPIPE, NULL, {sa_handler=SIG_DFL, sa_mask=[], sa_flags=0}, 8) = 0 <0.000014>
68295 15:18:06.406598 rt_sigaction(SIGPIPE, {sa_handler=0x48fc40, sa_mask=~[], sa_flags=SA_RESTORER|SA_ONSTACK|SA_RESTART|SA_SIGINFO, sa_restorer=0x48fd80}, NULL, 8) = 0 <0.000015>
68295 15:18:06.406655 rt_sigaction(SIGALRM, NULL, {sa_handler=SIG_DFL, sa_mask=[], sa_flags=0}, 8) = 0 <0.000020>
68295 15:18:06.406731 rt_sigaction(SIGALRM, {sa_handler=0x48fc40, sa_mask=~[], sa_flags=SA_RESTORER|SA_ONSTACK|SA_RESTART|SA_SIGINFO, sa_restorer=0x48fd80}, NULL, 8) = 0 <0.000014>
68295 15:18:06.406808 rt_sigaction(SIGTERM, NULL, {sa_handler=SIG_DFL, sa_mask=[], sa_flags=0}, 8) = 0 <0.000016>
68295 15:18:06.406877 rt_sigaction(SIGTERM, {sa_handler=0x48fc40, sa_mask=~[], sa_flags=SA_RESTORER|SA_ONSTACK|SA_RESTART|SA_SIGINFO, sa_restorer=0x48fd80}, NULL, 8) = 0 <0.000018>
68295 15:18:06.406957 rt_sigaction(SIGSTKFLT, NULL, {sa_handler=SIG_DFL, sa_mask=[], sa_flags=0}, 8) = 0 <0.000015>
68295 15:18:06.407017 rt_sigaction(SIGSTKFLT, {sa_handler=0x48fc40, sa_mask=~[], sa_flags=SA_RESTORER|SA_ONSTACK|SA_RESTART|SA_SIGINFO, sa_restorer=0x48fd80}, NULL, 8) = 0 <0.000013>
68295 15:18:06.407075 rt_sigaction(SIGCHLD, NULL, {sa_handler=SIG_DFL, sa_mask=[], sa_flags=0}, 8) = 0 <0.000013>
68295 15:18:06.407131 rt_sigaction(SIGCHLD, {sa_handler=0x48fc40, sa_mask=~[], sa_flags=SA_RESTORER|SA_ONSTACK|SA_RESTART|SA_SIGINFO, sa_restorer=0x48fd80}, NULL, 8) = 0 <0.000013>
68295 15:18:06.407189 rt_sigaction(SIGURG, NULL, {sa_handler=SIG_DFL, sa_mask=[], sa_flags=0}, 8) = 0 <0.000014>
68295 15:18:06.407253 rt_sigaction(SIGURG, {sa_handler=0x48fc40, sa_mask=~[], sa_flags=SA_RESTORER|SA_ONSTACK|SA_RESTART|SA_SIGINFO, sa_restorer=0x48fd80}, NULL, 8) = 0 <0.000013>
68295 15:18:06.407321 rt_sigaction(SIGXCPU, NULL, {sa_handler=SIG_DFL, sa_mask=[], sa_flags=0}, 8) = 0 <0.000013>
68295 15:18:06.407376 rt_sigaction(SIGXCPU, {sa_handler=0x48fc40, sa_mask=~[], sa_flags=SA_RESTORER|SA_ONSTACK|SA_RESTART|SA_SIGINFO, sa_restorer=0x48fd80}, NULL, 8) = 0 <0.000013>
68295 15:18:06.407431 rt_sigaction(SIGXFSZ, NULL, {sa_handler=SIG_DFL, sa_mask=[], sa_flags=0}, 8) = 0 <0.000014>
68295 15:18:06.407483 rt_sigaction(SIGXFSZ, {sa_handler=0x48fc40, sa_mask=~[], sa_flags=SA_RESTORER|SA_ONSTACK|SA_RESTART|SA_SIGINFO, sa_restorer=0x48fd80}, NULL, 8) = 0 <0.000013>
68295 15:18:06.407536 rt_sigaction(SIGVTALRM, NULL, {sa_handler=SIG_DFL, sa_mask=[], sa_flags=0}, 8) = 0 <0.000014>
68295 15:18:06.407588 rt_sigaction(SIGVTALRM, {sa_handler=0x48fc40, sa_mask=~[], sa_flags=SA_RESTORER|SA_ONSTACK|SA_RESTART|SA_SIGINFO, sa_restorer=0x48fd80}, NULL, 8) = 0 <0.000013>
68295 15:18:06.407642 rt_sigaction(SIGPROF, NULL, {sa_handler=SIG_DFL, sa_mask=[], sa_flags=0}, 8) = 0 <0.000015>
68295 15:18:06.407702 rt_sigaction(SIGPROF, {sa_handler=0x48fc40, sa_mask=~[], sa_flags=SA_RESTORER|SA_ONSTACK|SA_RESTART|SA_SIGINFO, sa_restorer=0x48fd80}, NULL, 8) = 0 <0.000013>
68295 15:18:06.407756 rt_sigaction(SIGWINCH, NULL, {sa_handler=SIG_DFL, sa_mask=[], sa_flags=0}, 8) = 0 <0.000014>
68295 15:18:06.407845 rt_sigaction(SIGWINCH, {sa_handler=0x48fc40, sa_mask=~[], sa_flags=SA_RESTORER|SA_ONSTACK|SA_RESTART|SA_SIGINFO, sa_restorer=0x48fd80}, NULL, 8) = 0 <0.000015>
68295 15:18:06.407910 rt_sigaction(SIGIO, NULL, {sa_handler=SIG_DFL, sa_mask=[], sa_flags=0}, 8) = 0 <0.000013>
68295 15:18:06.407970 rt_sigaction(SIGIO, {sa_handler=0x48fc40, sa_mask=~[], sa_flags=SA_RESTORER|SA_ONSTACK|SA_RESTART|SA_SIGINFO, sa_restorer=0x48fd80}, NULL, 8) = 0 <0.000016>
68295 15:18:06.408031 rt_sigaction(SIGPWR, NULL, {sa_handler=SIG_DFL, sa_mask=[], sa_flags=0}, 8) = 0 <0.000017>
68295 15:18:06.408097 rt_sigaction(SIGPWR, {sa_handler=0x48fc40, sa_mask=~[], sa_flags=SA_RESTORER|SA_ONSTACK|SA_RESTART|SA_SIGINFO, sa_restorer=0x48fd80}, NULL, 8) = 0 <0.000016>
68295 15:18:06.408158 rt_sigaction(SIGSYS, NULL, {sa_handler=SIG_DFL, sa_mask=[], sa_flags=0}, 8) = 0 <0.000011>
68295 15:18:06.408206 rt_sigaction(SIGSYS, {sa_handler=0x48fc40, sa_mask=~[], sa_flags=SA_RESTORER|SA_ONSTACK|SA_RESTART|SA_SIGINFO, sa_restorer=0x48fd80}, NULL, 8) = 0 <0.000012>
68295 15:18:06.408261 rt_sigaction(SIGRTMIN, NULL, {sa_handler=SIG_DFL, sa_mask=[], sa_flags=0}, 8) = 0 <0.000015>
68295 15:18:06.408313 rt_sigaction(SIGRT_1, NULL, {sa_handler=SIG_DFL, sa_mask=[], sa_flags=0}, 8) = 0 <0.000011>
68295 15:18:06.408361 rt_sigaction(SIGRT_1, {sa_handler=0x48fc40, sa_mask=~[], sa_flags=SA_RESTORER|SA_ONSTACK|SA_RESTART|SA_SIGINFO, sa_restorer=0x48fd80}, NULL, 8) = 0 <0.000013>
68295 15:18:06.408412 rt_sigaction(SIGRT_2, NULL, {sa_handler=SIG_DFL, sa_mask=[], sa_flags=0}, 8) = 0 <0.000012>
68295 15:18:06.408462 rt_sigaction(SIGRT_3, NULL, {sa_handler=SIG_DFL, sa_mask=[], sa_flags=0}, 8) = 0 <0.000012>
68295 15:18:06.408513 rt_sigaction(SIGRT_3, {sa_handler=0x48fc40, sa_mask=~[], sa_flags=SA_RESTORER|SA_ONSTACK|SA_RESTART|SA_SIGINFO, sa_restorer=0x48fd80}, NULL, 8) = 0 <0.000014>
68295 15:18:06.408580 rt_sigaction(SIGRT_4, NULL, {sa_handler=SIG_DFL, sa_mask=[], sa_flags=0}, 8) = 0 <0.000012>
68295 15:18:06.408639 rt_sigaction(SIGRT_4, {sa_handler=0x48fc40, sa_mask=~[], sa_flags=SA_RESTORER|SA_ONSTACK|SA_RESTART|SA_SIGINFO, sa_restorer=0x48fd80}, NULL, 8) = 0 <0.000013>
68295 15:18:06.408694 rt_sigaction(SIGRT_5, NULL, {sa_handler=SIG_DFL, sa_mask=[], sa_flags=0}, 8) = 0 <0.000012>
68295 15:18:06.408746 rt_sigaction(SIGRT_5, {sa_handler=0x48fc40, sa_mask=~[], sa_flags=SA_RESTORER|SA_ONSTACK|SA_RESTART|SA_SIGINFO, sa_restorer=0x48fd80}, NULL, 8) = 0 <0.000013>
68295 15:18:06.408817 rt_sigaction(SIGRT_6, NULL, {sa_handler=SIG_DFL, sa_mask=[], sa_flags=0}, 8) = 0 <0.000015>
68295 15:18:06.408875 rt_sigaction(SIGRT_6, {sa_handler=0x48fc40, sa_mask=~[], sa_flags=SA_RESTORER|SA_ONSTACK|SA_RESTART|SA_SIGINFO, sa_restorer=0x48fd80}, NULL, 8) = 0 <0.000013>
68295 15:18:06.408930 rt_sigaction(SIGRT_7, NULL, {sa_handler=SIG_DFL, sa_mask=[], sa_flags=0}, 8) = 0 <0.000013>
68295 15:18:06.408990 rt_sigaction(SIGRT_7, {sa_handler=0x48fc40, sa_mask=~[], sa_flags=SA_RESTORER|SA_ONSTACK|SA_RESTART|SA_SIGINFO, sa_restorer=0x48fd80}, NULL, 8) = 0 <0.000013>
68295 15:18:06.409044 rt_sigaction(SIGRT_8, NULL, {sa_handler=SIG_DFL, sa_mask=[], sa_flags=0}, 8) = 0 <0.000013>
68295 15:18:06.409098 rt_sigaction(SIGRT_8, {sa_handler=0x48fc40, sa_mask=~[], sa_flags=SA_RESTORER|SA_ONSTACK|SA_RESTART|SA_SIGINFO, sa_restorer=0x48fd80}, NULL, 8) = 0 <0.000014>
68295 15:18:06.409152 rt_sigaction(SIGRT_9, NULL, {sa_handler=SIG_DFL, sa_mask=[], sa_flags=0}, 8) = 0 <0.000019>
68295 15:18:06.409234 rt_sigaction(SIGRT_9, {sa_handler=0x48fc40, sa_mask=~[], sa_flags=SA_RESTORER|SA_ONSTACK|SA_RESTART|SA_SIGINFO, sa_restorer=0x48fd80}, NULL, 8) = 0 <0.000024>
68295 15:18:06.409335 rt_sigaction(SIGRT_10, NULL, {sa_handler=SIG_DFL, sa_mask=[], sa_flags=0}, 8) = 0 <0.000024>
68295 15:18:06.409432 rt_sigaction(SIGRT_10, {sa_handler=0x48fc40, sa_mask=~[], sa_flags=SA_RESTORER|SA_ONSTACK|SA_RESTART|SA_SIGINFO, sa_restorer=0x48fd80}, NULL, 8) = 0 <0.000026>
68295 15:18:06.409518 rt_sigaction(SIGRT_11, NULL, {sa_handler=SIG_DFL, sa_mask=[], sa_flags=0}, 8) = 0 <0.000014>
68295 15:18:06.409576 rt_sigaction(SIGRT_11, {sa_handler=0x48fc40, sa_mask=~[], sa_flags=SA_RESTORER|SA_ONSTACK|SA_RESTART|SA_SIGINFO, sa_restorer=0x48fd80}, NULL, 8) = 0 <0.000014>
68295 15:18:06.409632 rt_sigaction(SIGRT_12, NULL, {sa_handler=SIG_DFL, sa_mask=[], sa_flags=0}, 8) = 0 <0.000014>
68295 15:18:06.409693 rt_sigaction(SIGRT_12, {sa_handler=0x48fc40, sa_mask=~[], sa_flags=SA_RESTORER|SA_ONSTACK|SA_RESTART|SA_SIGINFO, sa_restorer=0x48fd80}, NULL, 8) = 0 <0.000014>
68295 15:18:06.409748 rt_sigaction(SIGRT_13, NULL, {sa_handler=SIG_DFL, sa_mask=[], sa_flags=0}, 8) = 0 <0.000013>
68295 15:18:06.409821 rt_sigaction(SIGRT_13, {sa_handler=0x48fc40, sa_mask=~[], sa_flags=SA_RESTORER|SA_ONSTACK|SA_RESTART|SA_SIGINFO, sa_restorer=0x48fd80}, NULL, 8) = 0 <0.000017>
68295 15:18:06.409891 rt_sigaction(SIGRT_14, NULL, {sa_handler=SIG_DFL, sa_mask=[], sa_flags=0}, 8) = 0 <0.000020>
68295 15:18:06.409959 rt_sigaction(SIGRT_14, {sa_handler=0x48fc40, sa_mask=~[], sa_flags=SA_RESTORER|SA_ONSTACK|SA_RESTART|SA_SIGINFO, sa_restorer=0x48fd80}, NULL, 8) = 0 <0.000020>
68295 15:18:06.410040 rt_sigaction(SIGRT_15, NULL, {sa_handler=SIG_DFL, sa_mask=[], sa_flags=0}, 8) = 0 <0.000012>
68295 15:18:06.410103 rt_sigaction(SIGRT_15, {sa_handler=0x48fc40, sa_mask=~[], sa_flags=SA_RESTORER|SA_ONSTACK|SA_RESTART|SA_SIGINFO, sa_restorer=0x48fd80}, NULL, 8) = 0 <0.000020>
68295 15:18:06.410174 rt_sigaction(SIGRT_16, NULL, {sa_handler=SIG_DFL, sa_mask=[], sa_flags=0}, 8) = 0 <0.000014>
68295 15:18:06.410247 rt_sigaction(SIGRT_16, {sa_handler=0x48fc40, sa_mask=~[], sa_flags=SA_RESTORER|SA_ONSTACK|SA_RESTART|SA_SIGINFO, sa_restorer=0x48fd80}, NULL, 8) = 0 <0.000021>
68295 15:18:06.410324 rt_sigaction(SIGRT_17, NULL, {sa_handler=SIG_DFL, sa_mask=[], sa_flags=0}, 8) = 0 <0.000020>
68295 15:18:06.410406 rt_sigaction(SIGRT_17, {sa_handler=0x48fc40, sa_mask=~[], sa_flags=SA_RESTORER|SA_ONSTACK|SA_RESTART|SA_SIGINFO, sa_restorer=0x48fd80}, NULL, 8) = 0 <0.000021>
68295 15:18:06.410491 rt_sigaction(SIGRT_18, NULL, {sa_handler=SIG_DFL, sa_mask=[], sa_flags=0}, 8) = 0 <0.000018>
68295 15:18:06.410561 rt_sigaction(SIGRT_18, {sa_handler=0x48fc40, sa_mask=~[], sa_flags=SA_RESTORER|SA_ONSTACK|SA_RESTART|SA_SIGINFO, sa_restorer=0x48fd80}, NULL, 8) = 0 <0.000020>
68295 15:18:06.410632 rt_sigaction(SIGRT_19, NULL, {sa_handler=SIG_DFL, sa_mask=[], sa_flags=0}, 8) = 0 <0.000019>
68295 15:18:06.410700 rt_sigaction(SIGRT_19, {sa_handler=0x48fc40, sa_mask=~[], sa_flags=SA_RESTORER|SA_ONSTACK|SA_RESTART|SA_SIGINFO, sa_restorer=0x48fd80}, NULL, 8) = 0 <0.000018>
68295 15:18:06.410770 rt_sigaction(SIGRT_20, NULL, {sa_handler=SIG_DFL, sa_mask=[], sa_flags=0}, 8) = 0 <0.000034>
68295 15:18:06.410857 rt_sigaction(SIGRT_20, {sa_handler=0x48fc40, sa_mask=~[], sa_flags=SA_RESTORER|SA_ONSTACK|SA_RESTART|SA_SIGINFO, sa_restorer=0x48fd80}, NULL, 8) = 0 <0.000014>
68295 15:18:06.410923 rt_sigaction(SIGRT_21, NULL, {sa_handler=SIG_DFL, sa_mask=[], sa_flags=0}, 8) = 0 <0.000016>
68295 15:18:06.410988 rt_sigaction(SIGRT_21, {sa_handler=0x48fc40, sa_mask=~[], sa_flags=SA_RESTORER|SA_ONSTACK|SA_RESTART|SA_SIGINFO, sa_restorer=0x48fd80}, NULL, 8) = 0 <0.000019>
68295 15:18:06.411062 rt_sigaction(SIGRT_22, NULL, {sa_handler=SIG_DFL, sa_mask=[], sa_flags=0}, 8) = 0 <0.000012>
68295 15:18:06.411130 rt_sigaction(SIGRT_22, {sa_handler=0x48fc40, sa_mask=~[], sa_flags=SA_RESTORER|SA_ONSTACK|SA_RESTART|SA_SIGINFO, sa_restorer=0x48fd80}, NULL, 8) = 0 <0.000019>
68295 15:18:06.411201 rt_sigaction(SIGRT_23, NULL, {sa_handler=SIG_DFL, sa_mask=[], sa_flags=0}, 8) = 0 <0.000019>
68295 15:18:06.411265 rt_sigaction(SIGRT_23, {sa_handler=0x48fc40, sa_mask=~[], sa_flags=SA_RESTORER|SA_ONSTACK|SA_RESTART|SA_SIGINFO, sa_restorer=0x48fd80}, NULL, 8) = 0 <0.000017>
68295 15:18:06.411332 rt_sigaction(SIGRT_24, NULL, {sa_handler=SIG_DFL, sa_mask=[], sa_flags=0}, 8) = 0 <0.000013>
68295 15:18:06.411402 rt_sigaction(SIGRT_24, {sa_handler=0x48fc40, sa_mask=~[], sa_flags=SA_RESTORER|SA_ONSTACK|SA_RESTART|SA_SIGINFO, sa_restorer=0x48fd80}, NULL, 8) = 0 <0.000016>
68295 15:18:06.411463 rt_sigaction(SIGRT_25, NULL, {sa_handler=SIG_DFL, sa_mask=[], sa_flags=0}, 8) = 0 <0.000013>
68295 15:18:06.411520 rt_sigaction(SIGRT_25, {sa_handler=0x48fc40, sa_mask=~[], sa_flags=SA_RESTORER|SA_ONSTACK|SA_RESTART|SA_SIGINFO, sa_restorer=0x48fd80}, NULL, 8) = 0 <0.000015>
68295 15:18:06.411578 rt_sigaction(SIGRT_26, NULL, {sa_handler=SIG_DFL, sa_mask=[], sa_flags=0}, 8) = 0 <0.000013>
68295 15:18:06.411633 rt_sigaction(SIGRT_26, {sa_handler=0x48fc40, sa_mask=~[], sa_flags=SA_RESTORER|SA_ONSTACK|SA_RESTART|SA_SIGINFO, sa_restorer=0x48fd80}, NULL, 8) = 0 <0.000013>
68295 15:18:06.411687 rt_sigaction(SIGRT_27, NULL, {sa_handler=SIG_DFL, sa_mask=[], sa_flags=0}, 8) = 0 <0.000012>
68295 15:18:06.411739 rt_sigaction(SIGRT_27, {sa_handler=0x48fc40, sa_mask=~[], sa_flags=SA_RESTORER|SA_ONSTACK|SA_RESTART|SA_SIGINFO, sa_restorer=0x48fd80}, NULL, 8) = 0 <0.000014>
68295 15:18:06.411814 rt_sigaction(SIGRT_28, NULL, {sa_handler=SIG_DFL, sa_mask=[], sa_flags=0}, 8) = 0 <0.000016>
68295 15:18:06.411875 rt_sigaction(SIGRT_28, {sa_handler=0x48fc40, sa_mask=~[], sa_flags=SA_RESTORER|SA_ONSTACK|SA_RESTART|SA_SIGINFO, sa_restorer=0x48fd80}, NULL, 8) = 0 <0.000015>
68295 15:18:06.411933 rt_sigaction(SIGRT_29, NULL, {sa_handler=SIG_DFL, sa_mask=[], sa_flags=0}, 8) = 0 <0.000013>
68295 15:18:06.411986 rt_sigaction(SIGRT_29, {sa_handler=0x48fc40, sa_mask=~[], sa_flags=SA_RESTORER|SA_ONSTACK|SA_RESTART|SA_SIGINFO, sa_restorer=0x48fd80}, NULL, 8) = 0 <0.000014>
68295 15:18:06.412040 rt_sigaction(SIGRT_30, NULL, {sa_handler=SIG_DFL, sa_mask=[], sa_flags=0}, 8) = 0 <0.000014>
68295 15:18:06.412094 rt_sigaction(SIGRT_30, {sa_handler=0x48fc40, sa_mask=~[], sa_flags=SA_RESTORER|SA_ONSTACK|SA_RESTART|SA_SIGINFO, sa_restorer=0x48fd80}, NULL, 8) = 0 <0.000014>
68295 15:18:06.412151 rt_sigaction(SIGRT_31, NULL, {sa_handler=SIG_DFL, sa_mask=[], sa_flags=0}, 8) = 0 <0.000013>
68295 15:18:06.412205 rt_sigaction(SIGRT_31, {sa_handler=0x48fc40, sa_mask=~[], sa_flags=SA_RESTORER|SA_ONSTACK|SA_RESTART|SA_SIGINFO, sa_restorer=0x48fd80}, NULL, 8) = 0 <0.000015>
68295 15:18:06.412279 rt_sigaction(SIGRT_32, NULL, {sa_handler=SIG_DFL, sa_mask=[], sa_flags=0}, 8) = 0 <0.000013>
68295 15:18:06.412334 rt_sigaction(SIGRT_32, {sa_handler=0x48fc40, sa_mask=~[], sa_flags=SA_RESTORER|SA_ONSTACK|SA_RESTART|SA_SIGINFO, sa_restorer=0x48fd80}, NULL, 8) = 0 <0.000014>
68295 15:18:06.412472 rt_sigprocmask(SIG_SETMASK, ~[], [], 8) = 0 <0.000016>
68295 15:18:06.412542 clone(child_stack=0x54d3eb1c000, flags=CLONE_VM|CLONE_FS|CLONE_FILES|CLONE_SIGHAND|CLONE_THREAD|CLONE_SYSVSEM|CLONE_SETTLS, tls=0x54d3eb4a090) = 68296 <0.000126>
68295 15:18:06.412713 rt_sigprocmask(SIG_SETMASK, [], NULL, 8) = 0 <0.000015>
68295 15:18:06.412826 mmap(NULL, 262144, PROT_READ|PROT_WRITE, MAP_PRIVATE|MAP_ANONYMOUS, -1, 0) = 0x7200a5095000 <0.000068>
68295 15:18:06.412944 prctl(PR_SET_VMA, PR_SET_VMA_ANON_NAME, 0x7200a5095000, 262144, " Go: immortal metadata") = 0 <0.000027>
68295 15:18:06.413040 rt_sigprocmask(SIG_SETMASK, ~[], [], 8) = 0 <0.000014>
68295 15:18:06.413102 clone(child_stack=0x54d3eb66000, flags=CLONE_VM|CLONE_FS|CLONE_FILES|CLONE_SIGHAND|CLONE_THREAD|CLONE_SYSVSEM|CLONE_SETTLS <unfinished ...>
68297 15:18:06.413263 gettid( <unfinished ...>
68295 15:18:06.413318 <... clone resumed>, tls=0x54d3eb4a890) = 68297 <0.000198>
68297 15:18:06.413340 <... gettid resumed>) = 68297 <0.000031>
68295 15:18:06.413372 rt_sigprocmask(SIG_SETMASK, [],  <unfinished ...>
68297 15:18:06.413397 sigaltstack(NULL, {ss_sp=NULL, ss_flags=SS_DISABLE, ss_size=0}) = 0 <0.000016>
68295 15:18:06.413446 <... rt_sigprocmask resumed>NULL, 8) = 0 <0.000055>
68297 15:18:06.413534 sigaltstack({ss_sp=0x54d3eb54000, ss_flags=0, ss_size=32768},  <unfinished ...>
68295 15:18:06.413565 rt_sigprocmask(SIG_SETMASK, ~[],  <unfinished ...>
68297 15:18:06.413589 <... sigaltstack resumed>NULL) = 0 <0.000030>
68297 15:18:06.413621 rt_sigprocmask(SIG_SETMASK, [],  <unfinished ...>
68295 15:18:06.413646 <... rt_sigprocmask resumed>[], 8) = 0 <0.000063>
68297 15:18:06.413669 <... rt_sigprocmask resumed>NULL, 8) = 0 <0.000030>
68297 15:18:06.413705 gettid( <unfinished ...>
68295 15:18:06.413726 clone(child_stack=0x54d3eb62000, flags=CLONE_VM|CLONE_FS|CLONE_FILES|CLONE_SIGHAND|CLONE_THREAD|CLONE_SYSVSEM|CLONE_SETTLS <unfinished ...>
68297 15:18:06.413746 <... gettid resumed>) = 68297 <0.000026>
68297 15:18:06.413858 mmap(NULL, 262144, PROT_READ|PROT_WRITE, MAP_PRIVATE|MAP_ANONYMOUS, -1, 0 <unfinished ...>
68298 15:18:06.413892 gettid( <unfinished ...>
68295 15:18:06.413925 <... clone resumed>, tls=0x54d3eb4b090) = 68298 <0.000184>
68298 15:18:06.413956 <... gettid resumed>) = 68298 <0.000047>
68297 15:18:06.413980 <... mmap resumed>) = 0x7200a5055000 <0.000098>
68295 15:18:06.414001 rt_sigprocmask(SIG_SETMASK, [],  <unfinished ...>
68298 15:18:06.414033 sigaltstack(NULL,  <unfinished ...>
68297 15:18:06.414057 prctl(PR_SET_VMA, PR_SET_VMA_ANON_NAME, 0x7200a5055000, 262144, " Go: immortal metadata" <unfinished ...>
68295 15:18:06.414083 <... rt_sigprocmask resumed>NULL, 8) = 0 <0.000064>
68298 15:18:06.414113 <... sigaltstack resumed>{ss_sp=NULL, ss_flags=SS_DISABLE, ss_size=0}) = 0 <0.000064>
68297 15:18:06.414143 <... prctl resumed>) = 0 <0.000066>
68295 15:18:06.414163 futex(0xe3bfb8, FUTEX_WAIT_PRIVATE, 0, NULL <unfinished ...>
68298 15:18:06.414184 sigaltstack({ss_sp=0x54d3eb6a000, ss_flags=0, ss_size=32768},  <unfinished ...>
68297 15:18:06.414210 rt_sigprocmask(SIG_SETMASK, ~[],  <unfinished ...>
68298 15:18:06.414240 <... sigaltstack resumed>NULL) = 0 <0.000038>
68297 15:18:06.414263 <... rt_sigprocmask resumed>[], 8) = 0 <0.000032>
68298 15:18:06.414289 rt_sigprocmask(SIG_SETMASK, [],  <unfinished ...>
68297 15:18:06.414314 clone(child_stack=0x54d3eb98000, flags=CLONE_VM|CLONE_FS|CLONE_FILES|CLONE_SIGHAND|CLONE_THREAD|CLONE_SYSVSEM|CLONE_SETTLS <unfinished ...>
68298 15:18:06.414338 <... rt_sigprocmask resumed>NULL, 8) = 0 <0.000031>
68298 15:18:06.414420 gettid( <unfinished ...>
68299 15:18:06.414472 gettid( <unfinished ...>
68298 15:18:06.414491 <... gettid resumed>) = 68298 <0.000040>
68299 15:18:06.414547 <... gettid resumed>) = 68299 <0.000058>
68298 15:18:06.414576 futex(0xe3bfb8, FUTEX_WAKE_PRIVATE, 1 <unfinished ...>
68297 15:18:06.414596 <... clone resumed>, tls=0x54d3eb80090) = 68299 <0.000267>
68299 15:18:06.414635 sigaltstack(NULL,  <unfinished ...>
68298 15:18:06.414654 <... futex resumed>) = 1 <0.000062>
68297 15:18:06.414681 rt_sigprocmask(SIG_SETMASK, [],  <unfinished ...>
68295 15:18:06.414714 <... futex resumed>) = 0 <0.000536>
68299 15:18:06.414736 <... sigaltstack resumed>{ss_sp=NULL, ss_flags=SS_DISABLE, ss_size=0}) = 0 <0.000087>
68298 15:18:06.414765 futex(0x54d3eb4b160, FUTEX_WAIT_PRIVATE, 0, NULL <unfinished ...>
68297 15:18:06.414784 <... rt_sigprocmask resumed>NULL, 8) = 0 <0.000081>
68298 15:18:06.414842 <... futex resumed>) = -1 EAGAIN (Resource temporarily unavailable) <0.000062>
68297 15:18:06.414883 futex(0xe3bfb8, FUTEX_WAKE_PRIVATE, 1 <unfinished ...>
68295 15:18:06.414910 futex(0x54d3eb4b160, FUTEX_WAKE_PRIVATE, 1 <unfinished ...>
68299 15:18:06.414944 sigaltstack({ss_sp=0x54d3eb86000, ss_flags=0, ss_size=32768},  <unfinished ...>
68298 15:18:06.414970 futex(0x54d3eb4b160, FUTEX_WAIT_PRIVATE, 0, NULL <unfinished ...>
68297 15:18:06.414995 <... futex resumed>) = 0 <0.000096>
68296 15:18:06.415029 gettid( <unfinished ...>
68299 15:18:06.415052 <... sigaltstack resumed>NULL) = 0 <0.000087>
68297 15:18:06.415072 futex(0x54d3eb4a960, FUTEX_WAIT_PRIVATE, 0, NULL <unfinished ...>
68295 15:18:06.415089 <... futex resumed>) = 0 <0.000160>
68299 15:18:06.415110 rt_sigprocmask(SIG_SETMASK, [],  <unfinished ...>
68296 15:18:06.415134 <... gettid resumed>) = 68296 <0.000091>
68299 15:18:06.415178 <... rt_sigprocmask resumed>NULL, 8) = 0 <0.000050>
68296 15:18:06.415202 sigaltstack(NULL,  <unfinished ...>
68299 15:18:06.415239 gettid( <unfinished ...>
68296 15:18:06.415264 <... sigaltstack resumed>{ss_sp=NULL, ss_flags=SS_DISABLE, ss_size=0}) = 0 <0.000048>
68299 15:18:06.415310 <... gettid resumed>) = 68299 <0.000052>
68296 15:18:06.415332 sigaltstack({ss_sp=0x54d3eb4c000, ss_flags=0, ss_size=32768},  <unfinished ...>
68299 15:18:06.415359 nanosleep({tv_sec=0, tv_nsec=3000},  <unfinished ...>
68296 15:18:06.415385 <... sigaltstack resumed>NULL) = 0 <0.000034>
68296 15:18:06.415508 rt_sigprocmask(SIG_SETMASK, [],  <unfinished ...>
68299 15:18:06.415696 <... nanosleep resumed>NULL) = 0 <0.000317>
68296 15:18:06.415740 <... rt_sigprocmask resumed>NULL, 8) = 0 <0.000178>
68295 15:18:06.415769 prlimit64(0, RLIMIT_NOFILE, NULL,  <unfinished ...>
68299 15:18:06.415794 futex(0x54d3eb4a960, FUTEX_WAKE_PRIVATE, 1 <unfinished ...>
68296 15:18:06.415829 gettid( <unfinished ...>
68299 15:18:06.415880 <... futex resumed>) = 1 <0.000057>
68297 15:18:06.415916 <... futex resumed>) = 0 <0.000830>
68296 15:18:06.415941 <... gettid resumed>) = 68296 <0.000099>
68299 15:18:06.415978 futex(0x54d3eb80160, FUTEX_WAIT_PRIVATE, 0, NULL <unfinished ...>
68297 15:18:06.416006 futex(0x54d3eb4a960, FUTEX_WAIT_PRIVATE, 0, NULL <unfinished ...>
68296 15:18:06.416026 nanosleep({tv_sec=0, tv_nsec=20000},  <unfinished ...>
68295 15:18:06.416059 <... prlimit64 resumed>{rlim_cur=1024*1024, rlim_max=1024*1024}) = 0 <0.000274>
68296 15:18:06.416148 <... nanosleep resumed>NULL) = 0 <0.000100>
68296 15:18:06.416203 sched_getaffinity(0, 8192,  <unfinished ...>
68295 15:18:06.416238 fcntl(0, F_GETFL <unfinished ...>
68296 15:18:06.416262 <... sched_getaffinity resumed>[0 1 2 3 4 5 6 7]) = 8 <0.000041>
68296 15:18:06.416317 nanosleep({tv_sec=0, tv_nsec=20000},  <unfinished ...>
68295 15:18:06.416352 <... fcntl resumed>) = 0x8002 (flags O_RDWR|O_LARGEFILE) <0.000097>
68295 15:18:06.416403 futex(0x54d3eb4a960, FUTEX_WAKE_PRIVATE, 1 <unfinished ...>
68296 15:18:06.416440 <... nanosleep resumed>NULL) = 0 <0.000102>
68297 15:18:06.416484 <... futex resumed>) = 0 <0.000463>
68296 15:18:06.416508 nanosleep({tv_sec=0, tv_nsec=20000},  <unfinished ...>
68295 15:18:06.416532 <... futex resumed>) = 1 <0.000100>
68297 15:18:06.416578 nanosleep({tv_sec=0, tv_nsec=3000},  <unfinished ...>
68295 15:18:06.416636 fcntl(1, F_GETFL <unfinished ...>
68296 15:18:06.416673 <... nanosleep resumed>NULL) = 0 <0.000146>
68295 15:18:06.416704 <... fcntl resumed>) = 0x1 (flags O_WRONLY) <0.000048>
68297 15:18:06.416739 <... nanosleep resumed>NULL) = 0 <0.000122>
68296 15:18:06.416762 nanosleep({tv_sec=0, tv_nsec=20000},  <unfinished ...>
68297 15:18:06.416817 futex(0x54d3eb80160, FUTEX_WAKE_PRIVATE, 1 <unfinished ...>
68295 15:18:06.416840 fcntl(2, F_GETFL <unfinished ...>
68299 15:18:06.416892 <... futex resumed>) = 0 <0.000896>
68297 15:18:06.416929 <... futex resumed>) = 1 <0.000094>
68296 15:18:06.416948 <... nanosleep resumed>NULL) = 0 <0.000168>
68295 15:18:06.416976 <... fcntl resumed>) = 0x8000 (flags O_RDONLY|O_LARGEFILE) <0.000109>
68299 15:18:06.417116 futex(0x54d3eb80160, FUTEX_WAIT_PRIVATE, 0, NULL <unfinished ...>
68297 15:18:06.417148 futex(0x54d3eb4a960, FUTEX_WAIT_PRIVATE, 0, NULL <unfinished ...>
68296 15:18:06.417168 nanosleep({tv_sec=0, tv_nsec=20000},  <unfinished ...>
68295 15:18:06.417209 readlinkat(AT_FDCWD, "/proc/self/exe",  <unfinished ...>
68296 15:18:06.417299 <... nanosleep resumed>NULL) = 0 <0.000105>
68295 15:18:06.417352 <... readlinkat resumed>"/opt/datadog-packages/datadog-ap"..., 128) = 62 <0.000118>
68296 15:18:06.417417 futex(0x54d3eb4a960, FUTEX_WAKE_PRIVATE, 1 <unfinished ...>
68295 15:18:06.417459 openat(AT_FDCWD, "/opt/datadog-packages/datadog-apm-inject/0.58.0/inject/process", O_RDONLY|O_CLOEXEC <unfinished ...>
68297 15:18:06.417495 <... futex resumed>) = 0 <0.000332>
68296 15:18:06.417521 <... futex resumed>) = 1 <0.000082>
68297 15:18:06.417619 futex(0x54d3eb4a960, FUTEX_WAIT_PRIVATE, 0, NULL <unfinished ...>
68296 15:18:06.417648 nanosleep({tv_sec=0, tv_nsec=20000},  <unfinished ...>
68295 15:18:06.417688 <... openat resumed>) = 3 <0.000201>
68295 15:18:06.417733 fcntl(3, F_GETFL <unfinished ...>
68296 15:18:06.417780 <... nanosleep resumed>NULL) = 0 <0.000105>
68296 15:18:06.417843 nanosleep({tv_sec=0, tv_nsec=20000},  <unfinished ...>
68295 15:18:06.417887 <... fcntl resumed>) = 0x8000 (flags O_RDONLY|O_LARGEFILE) <0.000135>
68295 15:18:06.417927 fcntl(3, F_SETFL, O_RDONLY|O_NONBLOCK|O_LARGEFILE <unfinished ...>
68296 15:18:06.417983 <... nanosleep resumed>NULL) = 0 <0.000107>
68295 15:18:06.418017 <... fcntl resumed>) = 0 <0.000046>
68296 15:18:06.418064 nanosleep({tv_sec=0, tv_nsec=20000},  <unfinished ...>
68295 15:18:06.418105 epoll_create1(EPOLL_CLOEXEC) = 4 <0.000025>
68296 15:18:06.418199 <... nanosleep resumed>NULL) = 0 <0.000113>
68295 15:18:06.418238 eventfd2(0, EFD_CLOEXEC|EFD_NONBLOCK <unfinished ...>
68296 15:18:06.418266 nanosleep({tv_sec=0, tv_nsec=20000},  <unfinished ...>
68295 15:18:06.418330 <... eventfd2 resumed>) = 5 <0.000070>
68295 15:18:06.418373 epoll_ctl(4, EPOLL_CTL_ADD, 5, {events=EPOLLIN, data={u32=15056880, u64=15056880}} <unfinished ...>
68296 15:18:06.418439 <... nanosleep resumed>NULL) = 0 <0.000147>
68295 15:18:06.418481 <... epoll_ctl resumed>) = 0 <0.000062>
68296 15:18:06.418514 nanosleep({tv_sec=0, tv_nsec=20000},  <unfinished ...>
68295 15:18:06.418574 epoll_ctl(4, EPOLL_CTL_ADD, 3, {events=EPOLLIN|EPOLLOUT|EPOLLRDHUP|EPOLLET, data={u32=3170893825, u64=4107373590221946881}}) = -1 EPERM (Operation not permitted) <0.000026>
68296 15:18:06.418690 <... nanosleep resumed>NULL) = 0 <0.000158>
68295 15:18:06.418724 fcntl(3, F_GETFL <unfinished ...>
68296 15:18:06.418758 epoll_pwait(4,  <unfinished ...>
68295 15:18:06.418790 <... fcntl resumed>) = 0x8800 (flags O_RDONLY|O_NONBLOCK|O_LARGEFILE) <0.000046>
68296 15:18:06.418836 <... epoll_pwait resumed>[], 128, 0, NULL, 0) = 0 <0.000058>
68295 15:18:06.418868 fcntl(3, F_SETFL, O_RDONLY|O_LARGEFILE <unfinished ...>
68296 15:18:06.418900 nanosleep({tv_sec=0, tv_nsec=20000},  <unfinished ...>
68295 15:18:06.418929 <... fcntl resumed>) = 0 <0.000045>
68295 15:18:06.418985 fstat(3,  <unfinished ...>
68296 15:18:06.419044 <... nanosleep resumed>NULL) = 0 <0.000121>
68295 15:18:06.419066 <... fstat resumed>{st_mode=S_IFREG|0755, st_size=10719394, ...}) = 0 <0.000058>
68296 15:18:06.419105 nanosleep({tv_sec=0, tv_nsec=20000},  <unfinished ...>
68295 15:18:06.419160 pread64(3, "\177ELF\2\1\1\0\0\0\0\0\0\0\0\0\2\0>\0\1\0\0\0\240\367H\0\0\0\0\0"..., 64, 0) = 64 <0.000017>
68295 15:18:06.419233 pread64(3,  <unfinished ...>
68296 15:18:06.419257 <... nanosleep resumed>NULL) = 0 <0.000120>
68296 15:18:06.419295 nanosleep({tv_sec=0, tv_nsec=20000},  <unfinished ...>
68295 15:18:06.419337 <... pread64 resumed>"\343E\17\0200E\17\0213E\17\20p\20E\17\21s\20E\17\20p\30E\17\21s\30L\211\322"..., 64, 1339924) = 64 <0.000087>
68295 15:18:06.419374 pread64(3,  <unfinished ...>
68296 15:18:06.419415 <... nanosleep resumed>NULL) = 0 <0.000092>
68295 15:18:06.419444 <... pread64 resumed>"\0\0\0H\213\264$\250\0\0\0L\213\204$\260\0\0\0L\213\220\330\1\0\0H\211\320I\211\331"..., 64, 2679848) = 64 <0.000055>
68296 15:18:06.419473 nanosleep({tv_sec=0, tv_nsec=20000},  <unfinished ...>
68295 15:18:06.419512 pread64(3, "\240\0\0\0D\17\266\214$\250\0\0\0I\211\342D\17\0201E\17\0212D\17\20q\20E\17\21"..., 64, 4019772) = 64 <0.000015>
68295 15:18:06.419570 pread64(3,  <unfinished ...>
68296 15:18:06.419616 <... nanosleep resumed>NULL) = 0 <0.000125>
68295 15:18:06.419641 <... pread64 resumed>"r\225\0\0\0\0\0\0105\0\0\1\0\0\0\20\0\0\0\0\0\0\0\330\7\0\0 W\3\0\300"..., 64, 5359697) = 64 <0.000045>
68296 15:18:06.419683 nanosleep({tv_sec=0, tv_nsec=20000},  <unfinished ...>
68295 15:18:06.419716 pread64(3, "o.uber.org/zap.anyFieldC[bool].A"..., 64, 6699621) = 64 <0.000018>
68295 15:18:06.419790 pread64(3,  <unfinished ...>
68296 15:18:06.419822 <... nanosleep resumed>NULL) = 0 <0.000119>
68296 15:18:06.419861 nanosleep({tv_sec=0, tv_nsec=20000},  <unfinished ...>
68295 15:18:06.419894 <... pread64 resumed>"\2\n\0\0]\2l\2 \2/\2\v\7\24\0\0\22\4B\3?\4\244\1\0\0T\2\1\2\20"..., 64, 8039545) = 64 <0.000080>
68295 15:18:06.419933 pread64(3, "\377\377\377\223\1\t\0\226\1\t\0\0\2557\0\277\265\6\0\10\0\0\0\0\0\0\0\367\223\20\0\6"..., 64, 9379469) = 64 <0.000021>
68296 15:18:06.420008 <... nanosleep resumed>NULL) = 0 <0.000126>
68295 15:18:06.420046 close(3 <unfinished ...>
68296 15:18:06.420079 nanosleep({tv_sec=0, tv_nsec=20000},  <unfinished ...>
68295 15:18:06.420111 <... close resumed>) = 0 <0.000050>
68296 15:18:06.420201 <... nanosleep resumed>NULL) = 0 <0.000101>
68296 15:18:06.420428 nanosleep({tv_sec=0, tv_nsec=20000},  <unfinished ...>
68295 15:18:06.420465 mmap(0x54d3ec00000, 4194304, PROT_READ|PROT_WRITE, MAP_PRIVATE|MAP_FIXED|MAP_ANONYMOUS, -1, 0) = 0x54d3ec00000 <0.000081>
68296 15:18:06.420596 <... nanosleep resumed>NULL) = 0 <0.000138>
68296 15:18:06.420630 nanosleep({tv_sec=0, tv_nsec=20000},  <unfinished ...>
68295 15:18:06.420676 prctl(PR_SET_VMA, PR_SET_VMA_ANON_NAME, 0x54d3ec00000, 4194304, " Go: heap" <unfinished ...>
68296 15:18:06.420744 <... nanosleep resumed>NULL) = 0 <0.000094>
68296 15:18:06.420789 nanosleep({tv_sec=0, tv_nsec=20000},  <unfinished ...>
68295 15:18:06.420841 <... prctl resumed>) = 0 <0.000135>
68296 15:18:06.420925 <... nanosleep resumed>NULL) = 0 <0.000097>
68296 15:18:06.420960 nanosleep({tv_sec=0, tv_nsec=20000}, NULL) = 0 <0.000100>
68296 15:18:06.421107 nanosleep({tv_sec=0, tv_nsec=20000}, NULL) = 0 <0.000101>
68296 15:18:06.421259 nanosleep({tv_sec=0, tv_nsec=20000}, NULL) = 0 <0.000101>
68296 15:18:06.421412 nanosleep({tv_sec=0, tv_nsec=20000}, NULL) = 0 <0.000107>
68296 15:18:06.421576 nanosleep({tv_sec=0, tv_nsec=20000}, NULL) = 0 <0.000316>
68296 15:18:06.421953 nanosleep({tv_sec=0, tv_nsec=20000}, NULL) = 0 <0.000116>
68296 15:18:06.422157 nanosleep({tv_sec=0, tv_nsec=20000}, NULL) = 0 <0.000131>
68296 15:18:06.422585 nanosleep({tv_sec=0, tv_nsec=20000},  <unfinished ...>
68295 15:18:06.422629 openat(AT_FDCWD, "/proc/self/cgroup", O_RDONLY|O_CLOEXEC <unfinished ...>
68296 15:18:06.422729 <... nanosleep resumed>NULL) = 0 <0.000114>
68296 15:18:06.422770 nanosleep({tv_sec=0, tv_nsec=20000},  <unfinished ...>
68295 15:18:06.422846 <... openat resumed>) = 3 <0.000183>
68296 15:18:06.422895 <... nanosleep resumed>NULL) = 0 <0.000104>
68295 15:18:06.422938 fcntl(3, F_GETFL <unfinished ...>
68296 15:18:06.422978 nanosleep({tv_sec=0, tv_nsec=20000},  <unfinished ...>
68295 15:18:06.423035 <... fcntl resumed>) = 0x8000 (flags O_RDONLY|O_LARGEFILE) <0.000078>
68295 15:18:06.423073 fcntl(3, F_SETFL, O_RDONLY|O_NONBLOCK|O_LARGEFILE <unfinished ...>
68296 15:18:06.423118 <... nanosleep resumed>NULL) = 0 <0.000105>
68295 15:18:06.423148 <... fcntl resumed>) = 0 <0.000057>
68296 15:18:06.423186 nanosleep({tv_sec=0, tv_nsec=20000},  <unfinished ...>
68295 15:18:06.423220 epoll_ctl(4, EPOLL_CTL_ADD, 3, {events=EPOLLIN|EPOLLOUT|EPOLLRDHUP|EPOLLET, data={u32=3170893826, u64=4107373590221946882}}) = -1 EPERM (Operation not permitted) <0.000015>
68296 15:18:06.423299 <... nanosleep resumed>NULL) = 0 <0.000092>
68295 15:18:06.423323 fcntl(3, F_GETFL <unfinished ...>
68296 15:18:06.423360 nanosleep({tv_sec=0, tv_nsec=20000},  <unfinished ...>
68295 15:18:06.423393 <... fcntl resumed>) = 0x8800 (flags O_RDONLY|O_NONBLOCK|O_LARGEFILE) <0.000054>
68295 15:18:06.423425 fcntl(3, F_SETFL, O_RDONLY|O_LARGEFILE) = 0 <0.000029>
68296 15:18:06.423483 <... nanosleep resumed>NULL) = 0 <0.000103>
68296 15:18:06.423533 nanosleep({tv_sec=0, tv_nsec=20000},  <unfinished ...>
68295 15:18:06.423566 read(3, "0::/user.slice/user-1000.slice/u"..., 4096) = 97 <0.000033>
68296 15:18:06.423652 <... nanosleep resumed>NULL) = 0 <0.000098>
68296 15:18:06.423769 nanosleep({tv_sec=0, tv_nsec=20000},  <unfinished ...>
68295 15:18:06.423814 read(3, "", 3999) = 0 <0.000022>
68295 15:18:06.423891 close(3 <unfinished ...>
68296 15:18:06.423927 <... nanosleep resumed>NULL) = 0 <0.000133>
68296 15:18:06.423963 nanosleep({tv_sec=0, tv_nsec=20000},  <unfinished ...>
68295 15:18:06.424006 <... close resumed>) = 0 <0.000099>
68296 15:18:06.424079 <... nanosleep resumed>NULL) = 0 <0.000096>
68296 15:18:06.424368 nanosleep({tv_sec=0, tv_nsec=20000},  <unfinished ...>
68295 15:18:06.424414 futex(0x54d3eb4a960, FUTEX_WAKE_PRIVATE, 1) = 1 <0.000033>
68297 15:18:06.424484 <... futex resumed>) = 0 <0.006840>
68296 15:18:06.424526 <... nanosleep resumed>NULL) = 0 <0.000122>
68297 15:18:06.424547 nanosleep({tv_sec=0, tv_nsec=3000},  <unfinished ...>
68296 15:18:06.424592 nanosleep({tv_sec=0, tv_nsec=20000},  <unfinished ...>
68297 15:18:06.424665 <... nanosleep resumed>NULL) = 0 <0.000088>
68297 15:18:06.424720 futex(0x54d3eb80160, FUTEX_WAKE_PRIVATE, 1 <unfinished ...>
68296 15:18:06.424743 <... nanosleep resumed>NULL) = 0 <0.000121>
68295 15:18:06.424768 openat(AT_FDCWD, "/proc/stat", O_RDONLY|O_CLOEXEC <unfinished ...>
68296 15:18:06.424836 nanosleep({tv_sec=0, tv_nsec=20000},  <unfinished ...>
68297 15:18:06.424885 <... futex resumed>) = 1 <0.000147>
68295 15:18:06.424916 <... openat resumed>) = 3 <0.000095>
68299 15:18:06.424946 <... futex resumed>) = 0 <0.007810>
68299 15:18:06.424995 futex(0x54d3eb80160, FUTEX_WAIT_PRIVATE, 0, NULL <unfinished ...>
68297 15:18:06.425022 futex(0x54d3eb4a960, FUTEX_WAIT_PRIVATE, 0, NULL <unfinished ...>
68296 15:18:06.425047 <... nanosleep resumed>NULL) = 0 <0.000189>
68295 15:18:06.425070 fcntl(3, F_GETFL <unfinished ...>
68296 15:18:06.425092 nanosleep({tv_sec=0, tv_nsec=20000},  <unfinished ...>
68295 15:18:06.425122 <... fcntl resumed>) = 0x8000 (flags O_RDONLY|O_LARGEFILE) <0.000033>
68295 15:18:06.425164 fcntl(3, F_SETFL, O_RDONLY|O_NONBLOCK|O_LARGEFILE) = 0 <0.000020>
68296 15:18:06.425219 <... nanosleep resumed>NULL) = 0 <0.000106>
68295 15:18:06.425242 epoll_ctl(4, EPOLL_CTL_ADD, 3, {events=EPOLLIN|EPOLLOUT|EPOLLRDHUP|EPOLLET, data={u32=3170893827, u64=4107373590221946883}} <unfinished ...>
68296 15:18:06.425272 nanosleep({tv_sec=0, tv_nsec=20000},  <unfinished ...>
68295 15:18:06.425304 <... epoll_ctl resumed>) = 0 <0.000038>
68295 15:18:06.425365 read(3,  <unfinished ...>
68296 15:18:06.425394 <... nanosleep resumed>NULL) = 0 <0.000098>
68295 15:18:06.425482 <... read resumed>"cpu  512474 2161496 134682 14979"..., 4096) = 4096 <0.000099>
68296 15:18:06.425514 nanosleep({tv_sec=0, tv_nsec=20000},  <unfinished ...>
68295 15:18:06.425540 epoll_ctl(4, EPOLL_CTL_DEL, 3, 0x54d3ec359bc) = 0 <0.000030>
68296 15:18:06.425601 <... nanosleep resumed>NULL) = 0 <0.000069>
68295 15:18:06.425641 close(3 <unfinished ...>
68296 15:18:06.425670 nanosleep({tv_sec=0, tv_nsec=20000},  <unfinished ...>
68295 15:18:06.425697 <... close resumed>) = 0 <0.000039>
68295 15:18:06.425759 openat(AT_FDCWD, "/proc/stat", O_RDONLY|O_CLOEXEC <unfinished ...>
68296 15:18:06.425790 <... nanosleep resumed>NULL) = 0 <0.000101>
68295 15:18:06.425853 <... openat resumed>) = 3 <0.000070>
68296 15:18:06.425879 nanosleep({tv_sec=0, tv_nsec=20000},  <unfinished ...>
68295 15:18:06.425904 fcntl(3, F_GETFL <unfinished ...>
68296 15:18:06.425950 <... nanosleep resumed>NULL) = 0 <0.000053>
68295 15:18:06.425977 <... fcntl resumed>) = 0x8000 (flags O_RDONLY|O_LARGEFILE) <0.000057>
68296 15:18:06.426004 nanosleep({tv_sec=0, tv_nsec=20000},  <unfinished ...>
68295 15:18:06.426036 fcntl(3, F_SETFL, O_RDONLY|O_NONBLOCK|O_LARGEFILE) = 0 <0.000036>
68296 15:18:06.426134 <... nanosleep resumed>NULL) = 0 <0.000111>
68296 15:18:06.426182 nanosleep({tv_sec=0, tv_nsec=20000},  <unfinished ...>
68295 15:18:06.426218 epoll_ctl(4, EPOLL_CTL_ADD, 3, {events=EPOLLIN|EPOLLOUT|EPOLLRDHUP|EPOLLET, data={u32=3170893828, u64=4107373590221946884}}) = 0 <0.000016>
68295 15:18:06.426292 read(3,  <unfinished ...>
68296 15:18:06.426321 <... nanosleep resumed>NULL) = 0 <0.000116>
68296 15:18:06.426427 nanosleep({tv_sec=0, tv_nsec=20000},  <unfinished ...>
68295 15:18:06.426455 <... read resumed>"cpu  512475 2161497 134682 14979"..., 4096) = 4096 <0.000142>
68295 15:18:06.426524 read(3, "0 0 0 0 0 0 0 0 0 0 0 0 0 0 0 0 "..., 435) = 435 <0.000029>
68296 15:18:06.426587 <... nanosleep resumed>NULL) = 0 <0.000138>
68296 15:18:06.426638 nanosleep({tv_sec=0, tv_nsec=20000},  <unfinished ...>
68295 15:18:06.426675 read(3, " 0 0 0 0 0 0 0 0 0 0 0 0 0 0 0 0"..., 4096) = 245 <0.000015>
68296 15:18:06.426758 <... nanosleep resumed>NULL) = 0 <0.000096>
68295 15:18:06.426789 read(3,  <unfinished ...>
68296 15:18:06.426820 nanosleep({tv_sec=0, tv_nsec=20000},  <unfinished ...>
68295 15:18:06.426866 <... read resumed>"", 4096) = 0 <0.000054>
68295 15:18:06.426903 epoll_ctl(4, EPOLL_CTL_DEL, 3, 0x54d3ec359bc <unfinished ...>
68296 15:18:06.426938 <... nanosleep resumed>NULL) = 0 <0.000098>
68296 15:18:06.426979 nanosleep({tv_sec=0, tv_nsec=20000},  <unfinished ...>
68295 15:18:06.427014 <... epoll_ctl resumed>) = 0 <0.000095>
68295 15:18:06.427048 close(3)          = 0 <0.000022>
68296 15:18:06.427838 <... nanosleep resumed>NULL) = 0 <0.000822>
68296 15:18:06.427923 getpid()          = 68295 <0.000019>
68296 15:18:06.427990 tgkill(68295, 68295, SIGURG) = 0 <0.000030>
68296 15:18:06.428066 nanosleep({tv_sec=0, tv_nsec=20000},  <unfinished ...>
68295 15:18:06.428119 --- SIGURG {si_signo=SIGURG, si_code=SI_TKILL, si_pid=68295, si_uid=1000} ---
68296 15:18:06.428190 <... nanosleep resumed>NULL) = 0 <0.000097>
68296 15:18:06.428240 nanosleep({tv_sec=0, tv_nsec=20000},  <unfinished ...>
68295 15:18:06.428305 rt_sigreturn({mask=[]}) = 5829322260936 <0.000027>
68296 15:18:06.428384 <... nanosleep resumed>NULL) = 0 <0.000120>
68296 15:18:06.428424 getpid()          = 68295 <0.000018>
68296 15:18:06.428482 tgkill(68295, 68295, SIGURG) = 0 <0.000023>
68296 15:18:06.428546 nanosleep({tv_sec=0, tv_nsec=20000},  <unfinished ...>
68295 15:18:06.428592 --- SIGURG {si_signo=SIGURG, si_code=SI_TKILL, si_pid=68295, si_uid=1000} ---
68295 15:18:06.428633 rt_sigreturn({mask=[]} <unfinished ...>
68296 15:18:06.428673 <... nanosleep resumed>NULL) = 0 <0.000105>
68296 15:18:06.428704 getpid()          = 68295 <0.000013>
68296 15:18:06.428752 tgkill(68295, 68295, SIGURG) = 0 <0.000017>
68296 15:18:06.428820 nanosleep({tv_sec=0, tv_nsec=20000},  <unfinished ...>
68295 15:18:06.428861 <... rt_sigreturn resumed>) = 5829322260936 <0.000195>
68295 15:18:06.428894 --- SIGURG {si_signo=SIGURG, si_code=SI_TKILL, si_pid=68295, si_uid=1000} ---
68296 15:18:06.428941 <... nanosleep resumed>NULL) = 0 <0.000094>
68295 15:18:06.428976 rt_sigreturn({mask=[]} <unfinished ...>
68296 15:18:06.429005 epoll_pwait(4, [], 128, 0, NULL, 0) = 0 <0.000020>
68295 15:18:06.429068 <... rt_sigreturn resumed>) = 5829322260936 <0.000070>
68296 15:18:06.429182 getpid( <unfinished ...>
68295 15:18:06.429237 futex(0x54d3eb80160, FUTEX_WAKE_PRIVATE, 1 <unfinished ...>
68296 15:18:06.429281 <... getpid resumed>) = 68295 <0.000067>
68296 15:18:06.429364 tgkill(68295, 68295, SIGURG <unfinished ...>
68295 15:18:06.429422 <... futex resumed>) = 1 <0.000156>
68299 15:18:06.429461 <... futex resumed>) = 0 <0.004450>
68296 15:18:06.429484 <... tgkill resumed>) = 0 <0.000094>
68295 15:18:06.429510 --- SIGURG {si_signo=SIGURG, si_code=SI_TKILL, si_pid=68295, si_uid=1000} ---
68299 15:18:06.429549 futex(0x54d3eb4a960, FUTEX_WAKE_PRIVATE, 1 <unfinished ...>
68296 15:18:06.429571 nanosleep({tv_sec=0, tv_nsec=20000},  <unfinished ...>
68295 15:18:06.429605 rt_sigreturn({mask=[]} <unfinished ...>
68299 15:18:06.429634 <... futex resumed>) = 1 <0.000068>
68297 15:18:06.429658 <... futex resumed>) = 0 <0.004619>
68299 15:18:06.429700 futex(0xe3bfb8, FUTEX_WAKE_PRIVATE, 1 <unfinished ...>
68296 15:18:06.429722 <... nanosleep resumed>NULL) = 0 <0.000131>
68295 15:18:06.429750 <... rt_sigreturn resumed>) = 1 <0.000126>
68299 15:18:06.429813 <... futex resumed>) = 0 <0.000090>
68297 15:18:06.429840 futex(0x54d3eb4a960, FUTEX_WAIT_PRIVATE, 0, NULL <unfinished ...>
68296 15:18:06.429861 nanosleep({tv_sec=0, tv_nsec=20000},  <unfinished ...>
68295 15:18:06.429900 mmap(NULL, 262144, PROT_READ|PROT_WRITE, MAP_PRIVATE|MAP_ANONYMOUS, -1, 0 <unfinished ...>
68299 15:18:06.429994 futex(0x54d3eb80160, FUTEX_WAIT_PRIVATE, 0, NULL <unfinished ...>
68296 15:18:06.430044 <... nanosleep resumed>NULL) = 0 <0.000159>
68295 15:18:06.430075 <... mmap resumed>) = 0x7200a5015000 <0.000156>
68296 15:18:06.430099 nanosleep({tv_sec=0, tv_nsec=20000},  <unfinished ...>
68295 15:18:06.430140 prctl(PR_SET_VMA, PR_SET_VMA_ANON_NAME, 0x7200a5015000, 262144, " Go: immortal metadata") = 0 <0.000045>
68296 15:18:06.430227 <... nanosleep resumed>NULL) = 0 <0.000109>
68296 15:18:06.430767 nanosleep({tv_sec=0, tv_nsec=40000},  <unfinished ...>
68295 15:18:06.430868 futex(0x54d3eb80160, FUTEX_WAKE_PRIVATE, 1 <unfinished ...>
68299 15:18:06.430924 <... futex resumed>) = 0 <0.000911>
68295 15:18:06.430947 <... futex resumed>) = 1 <0.000062>
68299 15:18:06.430976 nanosleep({tv_sec=0, tv_nsec=3000},  <unfinished ...>
68296 15:18:06.431025 <... nanosleep resumed>NULL) = 0 <0.000167>
68296 15:18:06.431058 nanosleep({tv_sec=0, tv_nsec=80000},  <unfinished ...>
68299 15:18:06.431092 <... nanosleep resumed>NULL) = 0 <0.000086>
68299 15:18:06.431146 futex(0x54d3eb4a960, FUTEX_WAKE_PRIVATE, 1 <unfinished ...>
68295 15:18:06.431185 openat(AT_FDCWD, "/etc/datadog-agent/inject/host_config.yaml", O_RDONLY|O_CLOEXEC <unfinished ...>
68299 15:18:06.431237 <... futex resumed>) = 1 <0.000059>
68296 15:18:06.431260 <... nanosleep resumed>NULL) = 0 <0.000183>
68295 15:18:06.431284 <... openat resumed>) = -1 ENOENT (No such file or directory) <0.000072>
68296 15:18:06.431322 nanosleep({tv_sec=0, tv_nsec=20000},  <unfinished ...>
68299 15:18:06.431382 epoll_pwait(4,  <unfinished ...>
68297 15:18:06.431413 <... futex resumed>) = 0 <0.001557>
68295 15:18:06.431445 getppid( <unfinished ...>
68297 15:18:06.431471 futex(0x54d3eb4a960, FUTEX_WAIT_PRIVATE, 0, NULL <unfinished ...>
68296 15:18:06.431496 <... nanosleep resumed>NULL) = 0 <0.000154>
68295 15:18:06.431519 <... getppid resumed>) = 68294 <0.000059>
68296 15:18:06.431542 nanosleep({tv_sec=0, tv_nsec=20000},  <unfinished ...>
68295 15:18:06.431569 readlinkat(AT_FDCWD, "/proc/68294/exe",  <unfinished ...>
68296 15:18:06.431639 <... nanosleep resumed>NULL) = 0 <0.000077>
68295 15:18:06.431667 <... readlinkat resumed>"/home/lvx/LVX/lumvorax2/src/adva"..., 128) = 125 <0.000078>
68296 15:18:06.431698 nanosleep({tv_sec=0, tv_nsec=20000},  <unfinished ...>
68295 15:18:06.431725 getppid()         = 68294 <0.000023>
68296 15:18:06.431828 <... nanosleep resumed>NULL) = 0 <0.000104>
68295 15:18:06.431859 openat(AT_FDCWD, "/proc/68294/cmdline", O_RDONLY|O_CLOEXEC <unfinished ...>
68296 15:18:06.431953 nanosleep({tv_sec=0, tv_nsec=20000},  <unfinished ...>
68295 15:18:06.432018 <... openat resumed>) = 3 <0.000125>
68295 15:18:06.432070 fcntl(3, F_GETFL <unfinished ...>
68296 15:18:06.432118 <... nanosleep resumed>NULL) = 0 <0.000119>
68296 15:18:06.432168 nanosleep({tv_sec=0, tv_nsec=20000},  <unfinished ...>
68295 15:18:06.432201 <... fcntl resumed>) = 0x8000 (flags O_RDONLY|O_LARGEFILE) <0.000092>
68295 15:18:06.432252 fcntl(3, F_SETFL, O_RDONLY|O_NONBLOCK|O_LARGEFILE) = 0 <0.000020>
68296 15:18:06.432324 <... nanosleep resumed>NULL) = 0 <0.000130>
68296 15:18:06.432376 nanosleep({tv_sec=0, tv_nsec=20000},  <unfinished ...>
68295 15:18:06.432419 epoll_ctl(4, EPOLL_CTL_ADD, 3, {events=EPOLLIN|EPOLLOUT|EPOLLRDHUP|EPOLLET, data={u32=3170893829, u64=4107373590221946885}}) = -1 EPERM (Operation not permitted) <0.000016>
68296 15:18:06.432520 <... nanosleep resumed>NULL) = 0 <0.000117>
68295 15:18:06.432558 fcntl(3, F_GETFL <unfinished ...>
68296 15:18:06.432599 nanosleep({tv_sec=0, tv_nsec=20000},  <unfinished ...>
68295 15:18:06.432639 <... fcntl resumed>) = 0x8800 (flags O_RDONLY|O_NONBLOCK|O_LARGEFILE) <0.000067>
68295 15:18:06.432685 fcntl(3, F_SETFL, O_RDONLY|O_LARGEFILE <unfinished ...>
68296 15:18:06.432740 <... nanosleep resumed>NULL) = 0 <0.000116>
68295 15:18:06.432768 <... fcntl resumed>) = 0 <0.000065>
68296 15:18:06.432818 nanosleep({tv_sec=0, tv_nsec=20000},  <unfinished ...>
68295 15:18:06.432902 read(3,  <unfinished ...>
68296 15:18:06.432989 <... nanosleep resumed>NULL) = 0 <0.000137>
68296 15:18:06.433038 nanosleep({tv_sec=0, tv_nsec=20000},  <unfinished ...>
68295 15:18:06.433091 <... read resumed>"tests/test_c554_batch_builder_au"..., 512) = 35 <0.000170>
68295 15:18:06.433140 read(3,  <unfinished ...>
68296 15:18:06.433187 <... nanosleep resumed>NULL) = 0 <0.000115>
68296 15:18:06.433239 nanosleep({tv_sec=0, tv_nsec=20000},  <unfinished ...>
68295 15:18:06.433282 <... read resumed>"", 477) = 0 <0.000103>
68295 15:18:06.433351 close(3 <unfinished ...>
68296 15:18:06.433431 <... nanosleep resumed>NULL) = 0 <0.000159>
68295 15:18:06.433468 <... close resumed>) = 0 <0.000094>
68296 15:18:06.433493 nanosleep({tv_sec=0, tv_nsec=20000},  <unfinished ...>
68295 15:18:06.433544 openat(AT_FDCWD, "/proc/68294/environ", O_RDONLY|O_CLOEXEC <unfinished ...>
68296 15:18:06.433625 <... nanosleep resumed>NULL) = 0 <0.000112>
68296 15:18:06.433691 nanosleep({tv_sec=0, tv_nsec=20000},  <unfinished ...>
68295 15:18:06.433720 <... openat resumed>) = 3 <0.000149>
68295 15:18:06.433759 fcntl(3, F_GETFL) = 0x8000 (flags O_RDONLY|O_LARGEFILE) <0.000016>
68296 15:18:06.433831 <... nanosleep resumed>NULL) = 0 <0.000118>
68296 15:18:06.433868 nanosleep({tv_sec=0, tv_nsec=20000},  <unfinished ...>
68295 15:18:06.433902 fcntl(3, F_SETFL, O_RDONLY|O_NONBLOCK|O_LARGEFILE) = 0 <0.000014>
68295 15:18:06.433960 epoll_ctl(4, EPOLL_CTL_ADD, 3, {events=EPOLLIN|EPOLLOUT|EPOLLRDHUP|EPOLLET, data={u32=3170893830, u64=4107373590221946886}} <unfinished ...>
68296 15:18:06.434008 <... nanosleep resumed>NULL) = 0 <0.000120>
68296 15:18:06.434046 nanosleep({tv_sec=0, tv_nsec=20000},  <unfinished ...>
68295 15:18:06.434077 <... epoll_ctl resumed>) = -1 EPERM (Operation not permitted) <0.000078>
68295 15:18:06.434117 fcntl(3, F_GETFL <unfinished ...>
68296 15:18:06.434161 <... nanosleep resumed>NULL) = 0 <0.000094>
68295 15:18:06.434185 <... fcntl resumed>) = 0x8800 (flags O_RDONLY|O_NONBLOCK|O_LARGEFILE) <0.000048>
68296 15:18:06.434227 nanosleep({tv_sec=0, tv_nsec=20000},  <unfinished ...>
68295 15:18:06.434264 fcntl(3, F_SETFL, O_RDONLY|O_LARGEFILE) = 0 <0.000016>
68295 15:18:06.434325 read(3,  <unfinished ...>
68296 15:18:06.434373 <... nanosleep resumed>NULL) = 0 <0.000123>
68295 15:18:06.434401 <... read resumed>"SHELL=/usr/bin/fish\0SESSION_MANA"..., 512) = 512 <0.000054>
68296 15:18:06.434432 nanosleep({tv_sec=0, tv_nsec=20000},  <unfinished ...>
68295 15:18:06.434476 read(3, "TRON_RUN_AS_NODE=1\0XMODIFIERS=@i"..., 256) = 256 <0.000019>
68296 15:18:06.434558 <... nanosleep resumed>NULL) = 0 <0.000104>
68296 15:18:06.434607 nanosleep({tv_sec=0, tv_nsec=20000},  <unfinished ...>
68295 15:18:06.434642 read(3, "ix/profiles/default /home/lvx/.n"..., 384) = 384 <0.000022>
68296 15:18:06.434720 <... nanosleep resumed>NULL) = 0 <0.000091>
68296 15:18:06.434769 nanosleep({tv_sec=0, tv_nsec=20000},  <unfinished ...>
68295 15:18:06.434810 read(3, "in /home/lvx/.npm-global/bin\0GJS"..., 576) = 576 <0.000017>
68296 15:18:06.434893 <... nanosleep resumed>NULL) = 0 <0.000103>
68295 15:18:06.434916 read(3,  <unfinished ...>
68296 15:18:06.434945 nanosleep({tv_sec=0, tv_nsec=20000},  <unfinished ...>
68295 15:18:06.434989 <... read resumed>"tensions/vscode.json-language-fe"..., 896) = 896 <0.000059>
68295 15:18:06.435037 read(3,  <unfinished ...>
68296 15:18:06.435073 <... nanosleep resumed>NULL) = 0 <0.000107>
68296 15:18:06.435114 nanosleep({tv_sec=0, tv_nsec=20000},  <unfinished ...>
68295 15:18:06.435151 <... read resumed>"lobal/bin:/home/lvx/.nix-profile"..., 1408) = 1408 <0.000086>
68295 15:18:06.435198 read(3,  <unfinished ...>
68296 15:18:06.435241 <... nanosleep resumed>NULL) = 0 <0.000106>
68295 15:18:06.435265 <... read resumed>"HANDLES_UNCAUGHT_ERRORS=true\0OLD"..., 2048) = 78 <0.000050>
68296 15:18:06.435304 nanosleep({tv_sec=0, tv_nsec=20000},  <unfinished ...>
68295 15:18:06.435336 read(3, "", 1970) = 0 <0.000018>
68296 15:18:06.435420 <... nanosleep resumed>NULL) = 0 <0.000095>
68296 15:18:06.435517 nanosleep({tv_sec=0, tv_nsec=20000},  <unfinished ...>
68295 15:18:06.435554 close(3)          = 0 <0.000022>
68296 15:18:06.435635 <... nanosleep resumed>NULL) = 0 <0.000093>
68295 15:18:06.435677 openat(AT_FDCWD, "/etc/datadog-agent/inject/policies.binpb", O_RDONLY|O_CLOEXEC <unfinished ...>
68296 15:18:06.435753 nanosleep({tv_sec=0, tv_nsec=20000},  <unfinished ...>
68295 15:18:06.435788 <... openat resumed>) = -1 ENOENT (No such file or directory) <0.000087>
68295 15:18:06.435848 getppid( <unfinished ...>
68296 15:18:06.435886 <... nanosleep resumed>NULL) = 0 <0.000112>
68295 15:18:06.435921 <... getppid resumed>) = 68294 <0.000042>
68296 15:18:06.435971 nanosleep({tv_sec=0, tv_nsec=20000},  <unfinished ...>
68295 15:18:06.436011 openat(AT_FDCWD, "/proc/68294/fd", O_RDONLY|O_CLOEXEC|O_DIRECTORY <unfinished ...>
68296 15:18:06.436092 <... nanosleep resumed>NULL) = 0 <0.000092>
68295 15:18:06.436124 <... openat resumed>) = 3 <0.000091>
68296 15:18:06.436146 nanosleep({tv_sec=0, tv_nsec=20000},  <unfinished ...>
68295 15:18:06.436198 getdents64(3,  <unfinished ...>
68296 15:18:06.436280 <... nanosleep resumed>NULL) = 0 <0.000115>
68296 15:18:06.436381 nanosleep({tv_sec=0, tv_nsec=20000},  <unfinished ...>
68295 15:18:06.436418 <... getdents64 resumed>0x54d3ed84000 /* 23 entries */, 8192) = 552 <0.000200>
68295 15:18:06.436473 getdents64(3,  <unfinished ...>
68296 15:18:06.436507 <... nanosleep resumed>NULL) = 0 <0.000105>
68296 15:18:06.436543 nanosleep({tv_sec=0, tv_nsec=20000},  <unfinished ...>
68295 15:18:06.436588 <... getdents64 resumed>0x54d3ed84000 /* 0 entries */, 8192) = 0 <0.000087>
68295 15:18:06.436633 close(3 <unfinished ...>
68296 15:18:06.436672 <... nanosleep resumed>NULL) = 0 <0.000107>
68296 15:18:06.436711 nanosleep({tv_sec=0, tv_nsec=20000},  <unfinished ...>
68295 15:18:06.436742 <... close resumed>) = 0 <0.000093>
68295 15:18:06.436783 readlinkat(AT_FDCWD, "/proc/68294/fd/0",  <unfinished ...>
68296 15:18:06.436880 <... nanosleep resumed>NULL) = 0 <0.000148>
68295 15:18:06.436915 <... readlinkat resumed>"socket:[298437]", 128) = 15 <0.000097>
68296 15:18:06.436945 nanosleep({tv_sec=0, tv_nsec=20000},  <unfinished ...>
68295 15:18:06.436991 readlinkat(AT_FDCWD, "/proc/68294/fd/1", "pipe:[299764]", 128) = 13 <0.000028>
68296 15:18:06.437081 <... nanosleep resumed>NULL) = 0 <0.000117>
68295 15:18:06.437145 readlinkat(AT_FDCWD, "/proc/68294/fd/103",  <unfinished ...>
68296 15:18:06.437203 nanosleep({tv_sec=0, tv_nsec=20000},  <unfinished ...>
68295 15:18:06.437307 <... readlinkat resumed>"/usr/share/bobide/v8_context_sna"..., 128) = 41 <0.000121>
68296 15:18:06.437389 <... nanosleep resumed>NULL) = 0 <0.000147>
68295 15:18:06.437419 readlinkat(AT_FDCWD, "/proc/68294/fd/2",  <unfinished ...>
68296 15:18:06.437461 nanosleep({tv_sec=0, tv_nsec=20000},  <unfinished ...>
68295 15:18:06.437506 <... readlinkat resumed>"pipe:[299764]", 128) = 13 <0.000068>
68295 15:18:06.437544 readlinkat(AT_FDCWD, "/proc/68294/fd/3", "/memfd:dd_language_detected (del"..., 128) = 37 <0.000022>
68296 15:18:06.437616 <... nanosleep resumed>NULL) = 0 <0.000116>
68296 15:18:06.437657 nanosleep({tv_sec=0, tv_nsec=20000},  <unfinished ...>
68295 15:18:06.437687 readlinkat(AT_FDCWD, "/proc/68294/fd/38", "anon_inode:inotify", 128) = 18 <0.000029>
68296 15:18:06.437769 <... nanosleep resumed>NULL) = 0 <0.000093>
68295 15:18:06.437809 readlinkat(AT_FDCWD, "/proc/68294/fd/39",  <unfinished ...>
68296 15:18:06.437859 nanosleep({tv_sec=0, tv_nsec=20000},  <unfinished ...>
68295 15:18:06.437891 <... readlinkat resumed>"socket:[127115]", 128) = 15 <0.000062>
68295 15:18:06.437928 readlinkat(AT_FDCWD, "/proc/68294/fd/4",  <unfinished ...>
68296 15:18:06.437973 <... nanosleep resumed>NULL) = 0 <0.000095>
68296 15:18:06.438021 nanosleep({tv_sec=0, tv_nsec=20000},  <unfinished ...>
68295 15:18:06.438054 <... readlinkat resumed>"/memfd:dd_inject_info (deleted)", 128) = 31 <0.000105>
68295 15:18:06.438091 openat(AT_FDCWD, "/proc/68294/fd/4", O_RDONLY|O_CLOEXEC <unfinished ...>
68296 15:18:06.438134 <... nanosleep resumed>NULL) = 0 <0.000092>
68296 15:18:06.438193 nanosleep({tv_sec=0, tv_nsec=20000},  <unfinished ...>
68295 15:18:06.438224 <... openat resumed>) = 3 <0.000113>
68295 15:18:06.438263 fcntl(3, F_GETFL <unfinished ...>
68296 15:18:06.438308 <... nanosleep resumed>NULL) = 0 <0.000095>
68295 15:18:06.438333 <... fcntl resumed>) = 0x8000 (flags O_RDONLY|O_LARGEFILE) <0.000053>
68296 15:18:06.438371 nanosleep({tv_sec=0, tv_nsec=20000},  <unfinished ...>
68295 15:18:06.438403 fcntl(3, F_SETFL, O_RDONLY|O_NONBLOCK|O_LARGEFILE) = 0 <0.000017>
68295 15:18:06.438462 epoll_ctl(4, EPOLL_CTL_ADD, 3, {events=EPOLLIN|EPOLLOUT|EPOLLRDHUP|EPOLLET, data={u32=3170893831, u64=4107373590221946887}} <unfinished ...>
68296 15:18:06.438511 <... nanosleep resumed>NULL) = 0 <0.000121>
68296 15:18:06.438548 nanosleep({tv_sec=0, tv_nsec=20000},  <unfinished ...>
68295 15:18:06.438581 <... epoll_ctl resumed>) = -1 EPERM (Operation not permitted) <0.000078>
68295 15:18:06.438636 fcntl(3, F_GETFL <unfinished ...>
68296 15:18:06.438710 <... nanosleep resumed>NULL) = 0 <0.000137>
68295 15:18:06.438765 <... fcntl resumed>) = 0x8800 (flags O_RDONLY|O_NONBLOCK|O_LARGEFILE) <0.000087>
68296 15:18:06.438826 nanosleep({tv_sec=0, tv_nsec=20000},  <unfinished ...>
68295 15:18:06.438887 fcntl(3, F_SETFL, O_RDONLY|O_LARGEFILE) = 0 <0.000030>
68296 15:18:06.439030 <... nanosleep resumed>NULL) = 0 <0.000145>
68295 15:18:06.439107 fstat(3,  <unfinished ...>
68296 15:18:06.439184 nanosleep({tv_sec=0, tv_nsec=20000},  <unfinished ...>
68295 15:18:06.439222 <... fstat resumed>{st_mode=S_IFREG|0777, st_size=114, ...}) = 0 <0.000082>
68295 15:18:06.439299 read(3, "{\n    \"runtime_id\": \"244e2ece-61"..., 512) = 114 <0.000023>
68296 15:18:06.439382 <... nanosleep resumed>NULL) = 0 <0.000165>
68296 15:18:06.439438 nanosleep({tv_sec=0, tv_nsec=20000},  <unfinished ...>
68295 15:18:06.439475 read(3, "", 398)  = 0 <0.000020>
68296 15:18:06.439561 <... nanosleep resumed>NULL) = 0 <0.000099>
68295 15:18:06.439595 close(3 <unfinished ...>
68296 15:18:06.439643 nanosleep({tv_sec=0, tv_nsec=20000},  <unfinished ...>
68295 15:18:06.439668 <... close resumed>) = 0 <0.000054>
68296 15:18:06.439795 <... nanosleep resumed>NULL) = 0 <0.000127>
68296 15:18:06.439924 nanosleep({tv_sec=0, tv_nsec=20000},  <unfinished ...>
68295 15:18:06.439971 getpid()          = 68295 <0.000024>
68296 15:18:06.440054 <... nanosleep resumed>NULL) = 0 <0.000100>
68296 15:18:06.440096 getpid()          = 68295 <0.000022>
68295 15:18:06.440166 futex(0x54d3eb4a960, FUTEX_WAKE_PRIVATE, 1 <unfinished ...>
68296 15:18:06.440223 tgkill(68295, 68295, SIGURG <unfinished ...>
68295 15:18:06.440268 <... futex resumed>) = 1 <0.000080>
68297 15:18:06.440298 <... futex resumed>) = 0 <0.008808>
68296 15:18:06.440319 <... tgkill resumed>) = 0 <0.000081>
68297 15:18:06.440401 futex(0x54d3eb4b160, FUTEX_WAKE_PRIVATE, 1 <unfinished ...>
68296 15:18:06.440429 nanosleep({tv_sec=0, tv_nsec=20000},  <unfinished ...>
68295 15:18:06.440462 --- SIGURG {si_signo=SIGURG, si_code=SI_TKILL, si_pid=68295, si_uid=1000} ---
68298 15:18:06.440515 <... futex resumed>) = 0 <0.025528>
68297 15:18:06.440564 <... futex resumed>) = 1 <0.000142>
68295 15:18:06.440589 rt_sigreturn({mask=[]} <unfinished ...>
68298 15:18:06.440638 futex(0x54d3eb4b160, FUTEX_WAIT_PRIVATE, 0, NULL <unfinished ...>
68297 15:18:06.440672 pidfd_open(68295, 0 <unfinished ...>
68296 15:18:06.440698 <... nanosleep resumed>NULL) = 0 <0.000247>
68295 15:18:06.440735 <... rt_sigreturn resumed>) = 1 <0.000121>
68297 15:18:06.440782 <... pidfd_open resumed>) = 3 <0.000084>
68296 15:18:06.440816 nanosleep({tv_sec=0, tv_nsec=20000},  <unfinished ...>
68295 15:18:06.440843 futex(0xe3bfb8, FUTEX_WAIT_PRIVATE, 0, NULL <unfinished ...>
68297 15:18:06.440877 waitid(P_PIDFD, 3, 0x54d3eb92df0, WEXITED, NULL) = -1 ECHILD (No child processes) <0.000031>
68296 15:18:06.440960 <... nanosleep resumed>NULL) = 0 <0.000125>
68297 15:18:06.440993 pidfd_send_signal(3, 0, NULL, 0 <unfinished ...>
68296 15:18:06.441018 nanosleep({tv_sec=0, tv_nsec=20000},  <unfinished ...>
68297 15:18:06.441044 <... pidfd_send_signal resumed>) = 0 <0.000032>
68297 15:18:06.441090 clone(child_stack=NULL, flags=CLONE_VM|CLONE_PIDFD|CLONE_VFORK <unfinished ...>
68296 15:18:06.441158 <... nanosleep resumed>NULL) = 0 <0.000120>
68296 15:18:06.441195 nanosleep({tv_sec=0, tv_nsec=20000},  <unfinished ...>
68300 15:18:06.441290 exit_group(0)     = ?
68296 15:18:06.441360 <... nanosleep resumed>NULL) = 0 <0.000146>
68300 15:18:06.442933 +++ exited with 0 +++
68297 15:18:06.443006 <... clone resumed>, parent_tid=[7]) = 68300 <0.001888>
68296 15:18:06.443050 nanosleep({tv_sec=0, tv_nsec=20000},  <unfinished ...>
68297 15:18:06.443084 waitid(P_PIDFD, 7,  <unfinished ...>
68296 15:18:06.443209 <... nanosleep resumed>NULL) = 0 <0.000134>
68297 15:18:06.443235 <... waitid resumed>{si_signo=SIGCHLD, si_code=CLD_EXITED, si_pid=68300, si_uid=1000, si_status=0, si_utime=0, si_stime=0}, WEXITED|__WCLONE, NULL) = 0 <0.000133>
68297 15:18:06.443285 close(7 <unfinished ...>
68296 15:18:06.443306 nanosleep({tv_sec=0, tv_nsec=20000},  <unfinished ...>
68297 15:18:06.443337 <... close resumed>) = 0 <0.000036>
68297 15:18:06.443386 close(3 <unfinished ...>
68296 15:18:06.443428 <... nanosleep resumed>NULL) = 0 <0.000105>
68297 15:18:06.443469 <... close resumed>) = 0 <0.000049>
68296 15:18:06.443500 nanosleep({tv_sec=0, tv_nsec=20000},  <unfinished ...>
68297 15:18:06.443530 pidfd_open(68294, 0) = 3 <0.000027>
68297 15:18:06.443626 newfstatat(AT_FDCWD, "/proc",  <unfinished ...>
68296 15:18:06.443665 <... nanosleep resumed>NULL) = 0 <0.000143>
68297 15:18:06.443687 <... newfstatat resumed>{st_mode=S_IFDIR|0555, st_size=0, ...}, AT_SYMLINK_NOFOLLOW) = 0 <0.000030>
68297 15:18:06.443736 newfstatat(AT_FDCWD, "/proc",  <unfinished ...>
68296 15:18:06.443763 nanosleep({tv_sec=0, tv_nsec=20000},  <unfinished ...>
68297 15:18:06.443794 <... newfstatat resumed>{st_mode=S_IFDIR|0555, st_size=0, ...}, AT_SYMLINK_NOFOLLOW) = 0 <0.000037>
68297 15:18:06.443860 newfstatat(AT_FDCWD, "/",  <unfinished ...>
68296 15:18:06.443894 <... nanosleep resumed>NULL) = 0 <0.000114>
68297 15:18:06.443931 <... newfstatat resumed>{st_mode=S_IFDIR|0755, st_size=4096, ...}, AT_SYMLINK_NOFOLLOW) = 0 <0.000045>
68296 15:18:06.443968 nanosleep({tv_sec=0, tv_nsec=20000},  <unfinished ...>
68297 15:18:06.443993 newfstatat(AT_FDCWD, "/proc/68294", {st_mode=S_IFDIR|0555, st_size=0, ...}, 0) = 0 <0.000026>
68297 15:18:06.444078 close(3 <unfinished ...>
68296 15:18:06.444096 <... nanosleep resumed>NULL) = 0 <0.000110>
68297 15:18:06.444129 <... close resumed>) = 0 <0.000037>
68296 15:18:06.444185 nanosleep({tv_sec=0, tv_nsec=40000},  <unfinished ...>
68297 15:18:06.444213 openat(AT_FDCWD, "/proc/68294/stat", O_RDONLY|O_CLOEXEC) = 3 <0.000063>
68297 15:18:06.444333 fcntl(3, F_GETFL <unfinished ...>
68296 15:18:06.444363 <... nanosleep resumed>NULL) = 0 <0.000158>
68297 15:18:06.444404 <... fcntl resumed>) = 0x8000 (flags O_RDONLY|O_LARGEFILE) <0.000047>
68297 15:18:06.444446 fcntl(3, F_SETFL, O_RDONLY|O_NONBLOCK|O_LARGEFILE <unfinished ...>
68296 15:18:06.444468 nanosleep({tv_sec=0, tv_nsec=80000},  <unfinished ...>
68297 15:18:06.444498 <... fcntl resumed>) = 0 <0.000035>
68297 15:18:06.444544 epoll_ctl(4, EPOLL_CTL_ADD, 3, {events=EPOLLIN|EPOLLOUT|EPOLLRDHUP|EPOLLET, data={u32=3170893832, u64=4107373590221946888}}) = -1 EPERM (Operation not permitted) <0.000015>
68297 15:18:06.444618 fcntl(3, F_GETFL) = 0x8800 (flags O_RDONLY|O_NONBLOCK|O_LARGEFILE) <0.000013>
68297 15:18:06.444670 fcntl(3, F_SETFL, O_RDONLY|O_LARGEFILE <unfinished ...>
68296 15:18:06.444691 <... nanosleep resumed>NULL) = 0 <0.000201>
68297 15:18:06.444719 <... fcntl resumed>) = 0 <0.000033>
68296 15:18:06.444751 nanosleep({tv_sec=0, tv_nsec=160000},  <unfinished ...>
68297 15:18:06.444775 fstat(3, {st_mode=S_IFREG|0444, st_size=0, ...}) = 0 <0.000022>
68297 15:18:06.444868 read(3, "68294 (test_c554_batch) S 68278 "..., 512) = 322 <0.000051>
68297 15:18:06.444980 read(3, "", 958)  = 0 <0.000014>
68297 15:18:06.445035 close(3)          = 0 <0.000023>
68297 15:18:06.445148 newfstatat(AT_FDCWD, "/proc/xen", 0x54d3ebb2518, 0) = -1 ENOENT (No such file or directory) <0.000027>
68297 15:18:06.445234 newfstatat(AT_FDCWD, "/proc/modules", {st_mode=S_IFREG|0444, st_size=0, ...}, 0) = 0 <0.000021>
68296 15:18:06.445300 <... nanosleep resumed>NULL) = 0 <0.000527>
68297 15:18:06.445337 openat(AT_FDCWD, "/proc/modules", O_RDONLY|O_CLOEXEC <unfinished ...>
68296 15:18:06.445362 nanosleep({tv_sec=0, tv_nsec=320000},  <unfinished ...>
68297 15:18:06.445423 <... openat resumed>) = 3 <0.000064>
68297 15:18:06.445457 fcntl(3, F_GETFL) = 0x8000 (flags O_RDONLY|O_LARGEFILE) <0.000015>
68297 15:18:06.445509 fcntl(3, F_SETFL, O_RDONLY|O_NONBLOCK|O_LARGEFILE) = 0 <0.000013>
68297 15:18:06.445560 epoll_ctl(4, EPOLL_CTL_ADD, 3, {events=EPOLLIN|EPOLLOUT|EPOLLRDHUP|EPOLLET, data={u32=3170893833, u64=4107373590221946889}} <unfinished ...>
68299 15:18:06.445617 <... epoll_pwait resumed>[{events=EPOLLIN|EPOLLOUT, data={u32=3170893833, u64=4107373590221946889}}], 128, 999, NULL, 0) = 1 <0.014217>
68297 15:18:06.445666 <... epoll_ctl resumed>) = 0 <0.000082>
68299 15:18:06.445691 epoll_pwait(4,  <unfinished ...>
68297 15:18:06.445742 read(3,  <unfinished ...>
68296 15:18:06.445821 <... nanosleep resumed>NULL) = 0 <0.000415>
68296 15:18:06.445878 nanosleep({tv_sec=0, tv_nsec=640000},  <unfinished ...>
68297 15:18:06.445910 <... read resumed>"ccm 20480 0 - Live 0x00000000000"..., 4096) = 4074 <0.000153>
68297 15:18:06.446037 read(3, "snd_hda_codec 204800 10 snd_hda_"..., 4096) = 4046 <0.000142>
68297 15:18:06.446265 read(3, "hid_sensor_gyro_3d 16384 0 - Liv"..., 4096) = 4079 <0.000131>
68297 15:18:06.446486 read(3, "serio_raw 20480 0 - Live 0x00000"..., 4096) = 2470 <0.000103>
68297 15:18:06.446662 read(3,  <unfinished ...>
68296 15:18:06.446689 <... nanosleep resumed>NULL) = 0 <0.000788>
68297 15:18:06.446731 <... read resumed>"", 4096) = 0 <0.000042>
68296 15:18:06.446760 nanosleep({tv_sec=0, tv_nsec=1280000},  <unfinished ...>
68297 15:18:06.446820 epoll_ctl(4, EPOLL_CTL_DEL, 3, 0x54d3eb927b4) = 0 <0.000030>
68297 15:18:06.446912 close(3)          = 0 <0.000023>
68297 15:18:06.447010 newfstatat(AT_FDCWD, "/proc/cpuinfo", {st_mode=S_IFREG|0444, st_size=0, ...}, 0) = 0 <0.000036>
68297 15:18:06.447119 openat(AT_FDCWD, "/proc/cpuinfo", O_RDONLY|O_CLOEXEC) = 3 <0.000045>
68297 15:18:06.447231 fcntl(3, F_GETFL) = 0x8000 (flags O_RDONLY|O_LARGEFILE) <0.000020>
68297 15:18:06.447291 fcntl(3, F_SETFL, O_RDONLY|O_NONBLOCK|O_LARGEFILE) = 0 <0.000021>
68297 15:18:06.447364 epoll_ctl(4, EPOLL_CTL_ADD, 3, {events=EPOLLIN|EPOLLOUT|EPOLLRDHUP|EPOLLET, data={u32=3170893834, u64=4107373590221946890}}) = 0 <0.000026>
68299 15:18:06.447438 <... epoll_pwait resumed>[{events=EPOLLIN|EPOLLOUT, data={u32=3170893834, u64=4107373590221946890}}], 128, 985, NULL, 0) = 1 <0.001733>
68297 15:18:06.447494 read(3,  <unfinished ...>
68299 15:18:06.447560 epoll_pwait(4,  <unfinished ...>
68297 15:18:06.447678 <... read resumed>"processor\t: 0\nvendor_id\t: Genuin"..., 4096) = 3110 <0.000144>
68297 15:18:06.447763 read(3, "processor\t: 2\nvendor_id\t: Genuin"..., 4096) = 3110 <0.000100>
68297 15:18:06.447932 read(3, "processor\t: 4\nvendor_id\t: Genuin"..., 4096) = 3110 <0.000086>
68297 15:18:06.448083 read(3, "processor\t: 6\nvendor_id\t: Genuin"..., 4096) = 3110 <0.000067>
68296 15:18:06.448184 <... nanosleep resumed>NULL) = 0 <0.001397>
68297 15:18:06.448240 read(3,  <unfinished ...>
68296 15:18:06.448262 nanosleep({tv_sec=0, tv_nsec=2560000},  <unfinished ...>
68297 15:18:06.448299 <... read resumed>"", 4096) = 0 <0.000043>
68297 15:18:06.448356 epoll_ctl(4, EPOLL_CTL_DEL, 3, 0x54d3eb927b4) = 0 <0.000023>
68297 15:18:06.448418 close(3)          = 0 <0.000018>
68297 15:18:06.448517 newfstatat(AT_FDCWD, "/proc/bus/pci/devices", {st_mode=S_IFREG|0444, st_size=0, ...}, 0) = 0 <0.000028>
68297 15:18:06.448609 openat(AT_FDCWD, "/proc/bus/pci/devices", O_RDONLY|O_CLOEXEC) = 3 <0.000108>
68297 15:18:06.448810 fcntl(3, F_GETFL) = 0x8000 (flags O_RDONLY|O_LARGEFILE) <0.000047>
68297 15:18:06.448975 fcntl(3, F_SETFL, O_RDONLY|O_NONBLOCK|O_LARGEFILE) = 0 <0.000038>
68297 15:18:06.449108 epoll_ctl(4, EPOLL_CTL_ADD, 3, {events=EPOLLIN|EPOLLOUT|EPOLLRDHUP|EPOLLET, data={u32=3170893835, u64=4107373590221946891}}) = 0 <0.000096>
68299 15:18:06.449267 <... epoll_pwait resumed>[{events=EPOLLIN|EPOLLOUT, data={u32=3170893835, u64=4107373590221946891}}], 128, 983, NULL, 0) = 1 <0.001686>
68299 15:18:06.449345 epoll_pwait(4,  <unfinished ...>
68297 15:18:06.449383 read(3, "0000\t80863e34\t0\t               0"..., 4096) = 3955 <0.000115>
68297 15:18:06.449574 read(3, "00f8\t80869d84\t0\t               0"..., 4096) = 1575 <0.000056>
68297 15:18:06.449691 read(3, "", 4096) = 0 <0.000025>
68297 15:18:06.449762 epoll_ctl(4, EPOLL_CTL_DEL, 3, 0x54d3eb927b4) = 0 <0.000028>
68297 15:18:06.449833 close(3)          = 0 <0.000019>
68297 15:18:06.449912 newfstatat(AT_FDCWD, "/proc/bc/0", 0x54d3ebb2858, 0) = -1 ENOENT (No such file or directory) <0.000026>
68297 15:18:06.450000 newfstatat(AT_FDCWD, "/proc/vz", 0x54d3ebb2928, 0) = -1 ENOENT (No such file or directory) <0.000024>
68297 15:18:06.450086 newfstatat(AT_FDCWD, "/proc/self/status", {st_mode=S_IFREG|0444, st_size=0, ...}, 0) = 0 <0.000041>
68297 15:18:06.450184 openat(AT_FDCWD, "/proc/self/status", O_RDONLY|O_CLOEXEC) = 3 <0.000062>
68297 15:18:06.450294 fcntl(3, F_GETFL) = 0x8000 (flags O_RDONLY|O_LARGEFILE) <0.000016>
68297 15:18:06.450351 fcntl(3, F_SETFL, O_RDONLY|O_NONBLOCK|O_LARGEFILE) = 0 <0.000016>
68297 15:18:06.450406 epoll_ctl(4, EPOLL_CTL_ADD, 3, {events=EPOLLIN|EPOLLOUT|EPOLLRDHUP|EPOLLET, data={u32=3170893836, u64=4107373590221946892}}) = -1 EPERM (Operation not permitted) <0.000017>
68297 15:18:06.450475 fcntl(3, F_GETFL) = 0x8800 (flags O_RDONLY|O_NONBLOCK|O_LARGEFILE) <0.000016>
68297 15:18:06.450529 fcntl(3, F_SETFL, O_RDONLY|O_LARGEFILE) = 0 <0.000015>
68297 15:18:06.450589 read(3, "Name:\tprocess\nUmask:\t0002\nState:"..., 4096) = 1547 <0.000065>
68297 15:18:06.450725 read(3, "", 4096) = 0 <0.000020>
68297 15:18:06.450792 close(3)          = 0 <0.000025>
68297 15:18:06.450893 newfstatat(AT_FDCWD, "/proc/1/environ", {st_mode=S_IFREG|0400, st_size=0, ...}, 0) = 0 <0.000030>
68296 15:18:06.450982 <... nanosleep resumed>NULL) = 0 <0.002700>
68297 15:18:06.451022 openat(AT_FDCWD, "/proc/1/environ", O_RDONLY|O_CLOEXEC) = -1 EACCES (Permission denied) <0.000045>
68296 15:18:06.451113 nanosleep({tv_sec=0, tv_nsec=5120000},  <unfinished ...>
68297 15:18:06.451158 newfstatat(AT_FDCWD, "/proc/self/cgroup", {st_mode=S_IFREG|0444, st_size=0, ...}, 0) = 0 <0.000025>
68297 15:18:06.451239 openat(AT_FDCWD, "/proc/self/cgroup", O_RDONLY|O_CLOEXEC) = 3 <0.000048>
68297 15:18:06.451343 fcntl(3, F_GETFL) = 0x8000 (flags O_RDONLY|O_LARGEFILE) <0.000019>
68297 15:18:06.451405 fcntl(3, F_SETFL, O_RDONLY|O_NONBLOCK|O_LARGEFILE) = 0 <0.000024>
68297 15:18:06.451473 epoll_ctl(4, EPOLL_CTL_ADD, 3, {events=EPOLLIN|EPOLLOUT|EPOLLRDHUP|EPOLLET, data={u32=3170893837, u64=4107373590221946893}}) = -1 EPERM (Operation not permitted) <0.000022>
68297 15:18:06.451577 fcntl(3, F_GETFL) = 0x8800 (flags O_RDONLY|O_NONBLOCK|O_LARGEFILE) <0.000017>
68297 15:18:06.451635 fcntl(3, F_SETFL, O_RDONLY|O_LARGEFILE) = 0 <0.000018>
68297 15:18:06.451720 read(3, "0::/user.slice/user-1000.slice/u"..., 4096) = 97 <0.000133>
68297 15:18:06.451928 read(3, "", 4096) = 0 <0.000022>
68297 15:18:06.452006 close(3)          = 0 <0.000022>
68297 15:18:06.452079 newfstatat(AT_FDCWD, "/usr/bin/lxc-version", 0x54d3ebb2c68, 0) = -1 ENOENT (No such file or directory) <0.000024>
68297 15:18:06.452171 newfstatat(AT_FDCWD, "/etc/os-release", {st_mode=S_IFREG|0644, st_size=400, ...}, 0) = 0 <0.000025>
68297 15:18:06.452259 openat(AT_FDCWD, "/etc/os-release", O_RDONLY|O_CLOEXEC) = 3 <0.000051>
68297 15:18:06.452357 fcntl(3, F_GETFL) = 0x8000 (flags O_RDONLY|O_LARGEFILE) <0.000017>
68297 15:18:06.452414 fcntl(3, F_SETFL, O_RDONLY|O_NONBLOCK|O_LARGEFILE) = 0 <0.000017>
68297 15:18:06.452475 epoll_ctl(4, EPOLL_CTL_ADD, 3, {events=EPOLLIN|EPOLLOUT|EPOLLRDHUP|EPOLLET, data={u32=3170893838, u64=4107373590221946894}}) = -1 EPERM (Operation not permitted) <0.000018>
68297 15:18:06.452546 fcntl(3, F_GETFL) = 0x8800 (flags O_RDONLY|O_NONBLOCK|O_LARGEFILE) <0.000016>
68297 15:18:06.452602 fcntl(3, F_SETFL, O_RDONLY|O_LARGEFILE) = 0 <0.000016>
68297 15:18:06.452666 read(3, "PRETTY_NAME=\"Ubuntu 24.04.4 LTS\""..., 4096) = 400 <0.000030>
68297 15:18:06.452751 read(3, "", 4096) = 0 <0.000016>
68297 15:18:06.452832 close(3)          = 0 <0.000021>
68297 15:18:06.452915 newfstatat(AT_FDCWD, "/.dockerenv", 0x54d3ebb2e08, 0) = -1 ENOENT (No such file or directory) <0.000023>
68297 15:18:06.453014 openat(AT_FDCWD, "/proc/stat", O_RDONLY|O_CLOEXEC) = 3 <0.000047>
68297 15:18:06.453113 fcntl(3, F_GETFL) = 0x8000 (flags O_RDONLY|O_LARGEFILE) <0.000019>
68297 15:18:06.453180 fcntl(3, F_SETFL, O_RDONLY|O_NONBLOCK|O_LARGEFILE) = 0 <0.000016>
68297 15:18:06.453237 epoll_ctl(4, EPOLL_CTL_ADD, 3, {events=EPOLLIN|EPOLLOUT|EPOLLRDHUP|EPOLLET, data={u32=3170893839, u64=4107373590221946895}}) = 0 <0.000029>
68299 15:18:06.453304 <... epoll_pwait resumed>[{events=EPOLLIN|EPOLLOUT, data={u32=3170893839, u64=4107373590221946895}}], 128, 982, NULL, 0) = 1 <0.003928>
68299 15:18:06.453355 epoll_pwait(4,  <unfinished ...>
68297 15:18:06.453376 read(3, "cpu  512479 2161508 134687 14979"..., 4096) = 4096 <0.000079>
68297 15:18:06.453517 read(3, "0 0 0 0 0 0 0 0 0 0 0 0 0 0 0 0 "..., 435) = 435 <0.000020>
68297 15:18:06.453593 read(3, " 0 0 0 0 0 0 0 0 0 0 0 0 0 0 0 0"..., 4096) = 245 <0.000020>
68297 15:18:06.453672 epoll_ctl(4, EPOLL_CTL_DEL, 3, 0x54d3eb92bac) = 0 <0.000021>
68297 15:18:06.453736 close(3)          = 0 <0.000022>
68297 15:18:06.453822 getpriority(PRIO_PROCESS, 68294) = 20 <0.000022>
68297 15:18:06.453900 openat(AT_FDCWD, "/proc/68294/cmdline", O_RDONLY|O_CLOEXEC) = 3 <0.000041>
68297 15:18:06.453994 fcntl(3, F_GETFL) = 0x8000 (flags O_RDONLY|O_LARGEFILE) <0.000019>
68297 15:18:06.454054 fcntl(3, F_SETFL, O_RDONLY|O_NONBLOCK|O_LARGEFILE) = 0 <0.000016>
68297 15:18:06.454108 epoll_ctl(4, EPOLL_CTL_ADD, 3, {events=EPOLLIN|EPOLLOUT|EPOLLRDHUP|EPOLLET, data={u32=3170893840, u64=4107373590221946896}}) = -1 EPERM (Operation not permitted) <0.000016>
68297 15:18:06.454175 fcntl(3, F_GETFL) = 0x8800 (flags O_RDONLY|O_NONBLOCK|O_LARGEFILE) <0.000017>
68297 15:18:06.454236 fcntl(3, F_SETFL, O_RDONLY|O_LARGEFILE) = 0 <0.000016>
68297 15:18:06.454293 fstat(3, {st_mode=S_IFREG|0444, st_size=0, ...}) = 0 <0.000017>
68297 15:18:06.454367 read(3, "tests/test_c554_batch_builder_au"..., 512) = 35 <0.000030>
68297 15:18:06.454459 read(3, "", 861)  = 0 <0.000019>
68297 15:18:06.454521 close(3)          = 0 <0.000020>
68297 15:18:06.454629 write(1, "\0\0\0\0\0\0\0\0", 8) = 8 <0.000030>
68294 15:18:06.454698 <... read resumed>"\0\0\0\0\0\0\0\0", 65536) = 8 <0.059190>
68294 15:18:06.454747 read(5,  <unfinished ...>
68297 15:18:06.454768 exit_group(0 <unfinished ...>
68298 15:18:06.454846 <... futex resumed>) = ?
68297 15:18:06.454877 <... exit_group resumed>) = ?
68295 15:18:06.454948 <... futex resumed>) = ?
68299 15:18:06.454981 <... epoll_pwait resumed> <unfinished ...>) = ?
68298 15:18:06.455002 +++ exited with 0 +++
68296 15:18:06.455013 <... nanosleep resumed> <unfinished ...>) = ?
68299 15:18:06.455034 +++ exited with 0 +++
68296 15:18:06.455833 +++ exited with 0 +++
68294 15:18:06.456244 <... read resumed>"", 65528) = 0 <0.001466>
68297 15:18:06.456331 +++ exited with 0 +++
68295 15:18:06.456348 +++ exited with 0 +++
68294 15:18:06.456379 --- SIGCHLD {si_signo=SIGCHLD, si_code=CLD_EXITED, si_pid=68295, si_uid=1000, si_status=0, si_utime=0, si_stime=2 /* 0.02 s */} ---
68294 15:18:06.456426 close(5)          = 0 <0.000031>
68294 15:18:06.456501 wait4(68295, [{WIFEXITED(s) && WEXITSTATUS(s) == 0}], 0, NULL) = 68295 <0.000040>
68294 15:18:06.456643 rt_sigaction(SIGSEGV, NULL, {sa_handler=0x7e55b0cb222a, sa_mask=[], sa_flags=SA_RESTORER|SA_SIGINFO, sa_restorer=0x7e55b0a45330}, 8) = 0 <0.000019>
68294 15:18:06.456722 rt_sigaction(SIGSEGV, {sa_handler=SIG_DFL, sa_mask=[], sa_flags=SA_RESTORER, sa_restorer=0x7e55b0a45330}, NULL, 8) = 0 <0.000019>
68294 15:18:06.456788 rt_sigaction(SIGABRT, NULL, {sa_handler=0x7e55b0cb222a, sa_mask=[], sa_flags=SA_RESTORER|SA_SIGINFO, sa_restorer=0x7e55b0a45330}, 8) = 0 <0.000019>
68294 15:18:06.456863 rt_sigaction(SIGABRT, {sa_handler=SIG_DFL, sa_mask=[], sa_flags=SA_RESTORER, sa_restorer=0x7e55b0a45330}, NULL, 8) = 0 <0.000019>
68294 15:18:06.456932 rt_sigaction(SIGBUS, NULL, {sa_handler=0x7e55b0cb222a, sa_mask=[], sa_flags=SA_RESTORER|SA_SIGINFO, sa_restorer=0x7e55b0a45330}, 8) = 0 <0.000020>
68294 15:18:06.457009 rt_sigaction(SIGBUS, {sa_handler=SIG_DFL, sa_mask=[], sa_flags=SA_RESTORER, sa_restorer=0x7e55b0a45330}, NULL, 8) = 0 <0.000019>
68294 15:18:06.457111 fstat(1, {st_mode=S_IFIFO|0600, st_size=0, ...}) = 0 <0.000020>
68294 15:18:06.457195 openat(AT_FDCWD, "/dev/dri/card1", O_RDWR) = 5 <0.001111>
68294 15:18:06.458416 ioctl(5, DRM_IOCTL_I915_GEM_CREATE, 0x7ffc48f9f910) = 0 <0.000062>
68294 15:18:06.458540 ioctl(5, DRM_IOCTL_I915_GEM_MMAP, 0x7ffc48f9f920) = 0 <0.000064>
68294 15:18:06.458648 ioctl(5, DRM_IOCTL_I915_GEM_CREATE, 0x7ffc48f9f930) = 0 <0.000033>
68294 15:18:06.458723 ioctl(5, DRM_IOCTL_I915_GEM_CREATE, 0x7ffc48f9f930) = 0 <0.000028>
68294 15:18:06.458795 ioctl(5, DRM_IOCTL_I915_GEM_MMAP, 0x7ffc48f9f930) = 0 <0.000042>
68294 15:18:06.458919 ioctl(5, DRM_IOCTL_I915_GEM_MMAP, 0x7ffc48f9f930) = 0 <0.000068>
68294 15:18:06.459050 openat(AT_FDCWD, "logs/batch_c554_dump.txt", O_WRONLY|O_CREAT|O_TRUNC, 0666) = 6 <0.000190>
68294 15:18:06.459316 fstat(6, {st_mode=S_IFREG|0664, st_size=0, ...}) = 0 <0.000017>
68294 15:18:06.459424 write(6, "=== I915 BATCH BUILDER DUMP ===\n"..., 1294) = 1294 <0.000042>
68294 15:18:06.459526 close(6)          = 0 <0.000107>
68294 15:18:06.459687 ioctl(5, DRM_IOCTL_I915_GEM_EXECBUFFER2, 0x7ffc48f9f8e0) = -1 EINVAL (Invalid argument) <0.000037>
68294 15:18:06.459779 write(2, "\342\235\214 \303\211chec finalisation\n", 24) = 24 <0.000055>
68294 15:18:06.459895 munmap(0x7e55b0c87000, 16384) = 0 <0.000034>
68294 15:18:06.459968 ioctl(5, DRM_IOCTL_GEM_CLOSE, 0x7ffc48f9f930) = 0 <0.000033>
68294 15:18:06.460039 munmap(0x7e55b0c86000, 4096) = 0 <0.000025>
68294 15:18:06.460103 ioctl(5, DRM_IOCTL_GEM_CLOSE, 0x7ffc48f9f930) = 0 <0.000032>
68294 15:18:06.460181 munmap(0x7e55b0d25000, 4096) = 0 <0.000025>
68294 15:18:06.460244 ioctl(5, DRM_IOCTL_GEM_CLOSE, 0x7ffc48f9f930) = 0 <0.000027>
68294 15:18:06.460312 close(5)          = 0 <0.000130>
68294 15:18:06.460525 write(1, "=== TEST C554 - BATCH BUILDER AU"..., 877) = 877 <0.000028>
68294 15:18:06.460607 exit_group(1)     = ?
68294 15:18:06.461112 +++ exited with 1 +++
