67285 15:16:59.747990 execve("tests/test_c554_batch_builder_auto", ["tests/test_c554_batch_builder_au"...], 0x7ffefac842c8 /* 70 vars */) = 0 <0.000827>
67285 15:16:59.749155 brk(NULL)         = 0x637141ba3000 <0.000031>
67285 15:16:59.749306 mmap(NULL, 8192, PROT_READ|PROT_WRITE, MAP_PRIVATE|MAP_ANONYMOUS, -1, 0) = 0x70237ec7e000 <0.000050>
67285 15:16:59.749429 access("/etc/ld.so.preload", R_OK) = 0 <0.000026>
67285 15:16:59.749521 openat(AT_FDCWD, "/etc/ld.so.preload", O_RDONLY|O_CLOEXEC) = 3 <0.000045>
67285 15:16:59.749632 fstat(3, {st_mode=S_IFREG|0644, st_size=75, ...}) = 0 <0.000021>
67285 15:16:59.749724 mmap(NULL, 75, PROT_READ|PROT_WRITE, MAP_PRIVATE, 3, 0) = 0x70237ec7d000 <0.000038>
67285 15:16:59.749821 close(3)          = 0 <0.000019>
67285 15:16:59.749906 openat(AT_FDCWD, "/opt/datadog-packages/datadog-apm-inject/stable/inject/launcher.preload.so", O_RDONLY|O_CLOEXEC) = 3 <0.000056>
67285 15:16:59.750016 read(3, "\177ELF\2\1\1\0\0\0\0\0\0\0\0\0\3\0>\0\1\0\0\0\0\0\0\0\0\0\0\0"..., 832) = 832 <0.000022>
67285 15:16:59.750087 fstat(3, {st_mode=S_IFREG|0755, st_size=741833, ...}) = 0 <0.000020>
67285 15:16:59.750160 mmap(NULL, 627144, PROT_READ, MAP_PRIVATE|MAP_DENYWRITE, 3, 0) = 0x70237ebe3000 <0.000041>
67285 15:16:59.750251 mprotect(0x70237ebe8000, 602112, PROT_NONE) = 0 <0.000039>
67285 15:16:59.750339 mmap(0x70237ebe8000, 368640, PROT_READ|PROT_EXEC, MAP_PRIVATE|MAP_FIXED|MAP_DENYWRITE, 3, 0x5000) = 0x70237ebe8000 <0.000048>
67285 15:16:59.750436 mmap(0x70237ec42000, 98304, PROT_READ, MAP_PRIVATE|MAP_FIXED|MAP_DENYWRITE, 3, 0x5f000) = 0x70237ec42000 <0.000043>
67285 15:16:59.750526 mmap(0x70237ec5a000, 16384, PROT_READ|PROT_WRITE, MAP_PRIVATE|MAP_FIXED|MAP_DENYWRITE, 3, 0x77000) = 0x70237ec5a000 <0.000043>
67285 15:16:59.750631 mmap(0x70237ec5e000, 116904, PROT_READ|PROT_WRITE, MAP_PRIVATE|MAP_FIXED|MAP_ANONYMOUS, -1, 0) = 0x70237ec5e000 <0.000039>
67285 15:16:59.750720 mmap(0x70237ec7b000, 8192, PROT_READ|PROT_WRITE, MAP_PRIVATE|MAP_FIXED|MAP_DENYWRITE, 3, 0xb4000) = 0x70237ec7b000 <0.000038>
67285 15:16:59.750850 close(3)          = 0 <0.000021>
67285 15:16:59.750927 munmap(0x70237ec7d000, 75) = 0 <0.000032>
67285 15:16:59.751007 openat(AT_FDCWD, "/etc/ld.so.cache", O_RDONLY|O_CLOEXEC) = 3 <0.000042>
67285 15:16:59.751108 fstat(3, {st_mode=S_IFREG|0644, st_size=86423, ...}) = 0 <0.000016>
67285 15:16:59.751171 mmap(NULL, 86423, PROT_READ, MAP_PRIVATE, 3, 0) = 0x70237ebcd000 <0.000040>
67285 15:16:59.751255 close(3)          = 0 <0.000019>
67285 15:16:59.751335 openat(AT_FDCWD, "/lib/x86_64-linux-gnu/libc.so.6", O_RDONLY|O_CLOEXEC) = 3 <0.000050>
67285 15:16:59.751438 read(3, "\177ELF\2\1\1\3\0\0\0\0\0\0\0\0\3\0>\0\1\0\0\0\220\243\2\0\0\0\0\0"..., 832) = 832 <0.000017>
67285 15:16:59.751504 pread64(3, "\6\0\0\0\4\0\0\0@\0\0\0\0\0\0\0@\0\0\0\0\0\0\0@\0\0\0\0\0\0\0"..., 784, 64) = 784 <0.000018>
67285 15:16:59.751574 fstat(3, {st_mode=S_IFREG|0755, st_size=2125328, ...}) = 0 <0.000017>
67285 15:16:59.751642 pread64(3, "\6\0\0\0\4\0\0\0@\0\0\0\0\0\0\0@\0\0\0\0\0\0\0@\0\0\0\0\0\0\0"..., 784, 64) = 784 <0.000018>
67285 15:16:59.751713 mmap(NULL, 2170256, PROT_READ, MAP_PRIVATE|MAP_DENYWRITE, 3, 0) = 0x70237e800000 <0.000042>
67285 15:16:59.751811 mmap(0x70237e828000, 1605632, PROT_READ|PROT_EXEC, MAP_PRIVATE|MAP_FIXED|MAP_DENYWRITE, 3, 0x28000) = 0x70237e828000 <0.000051>
67285 15:16:59.751916 mmap(0x70237e9b0000, 323584, PROT_READ, MAP_PRIVATE|MAP_FIXED|MAP_DENYWRITE, 3, 0x1b0000) = 0x70237e9b0000 <0.000040>
67285 15:16:59.752000 mmap(0x70237e9ff000, 24576, PROT_READ|PROT_WRITE, MAP_PRIVATE|MAP_FIXED|MAP_DENYWRITE, 3, 0x1fe000) = 0x70237e9ff000 <0.000041>
67285 15:16:59.752097 mmap(0x70237ea05000, 52624, PROT_READ|PROT_WRITE, MAP_PRIVATE|MAP_FIXED|MAP_ANONYMOUS, -1, 0) = 0x70237ea05000 <0.000040>
67285 15:16:59.752230 close(3)          = 0 <0.000032>
67285 15:16:59.752380 mmap(NULL, 12288, PROT_READ|PROT_WRITE, MAP_PRIVATE|MAP_ANONYMOUS, -1, 0) = 0x70237ebca000 <0.000070>
67285 15:16:59.752532 arch_prctl(ARCH_SET_FS, 0x70237ebca740) = 0 <0.000017>
67285 15:16:59.752596 set_tid_address(0x70237ebcaa10) = 67285 <0.000016>
67285 15:16:59.752666 set_robust_list(0x70237ebcaa20, 24) = 0 <0.000016>
67285 15:16:59.752721 rseq(0x70237ebcb060, 0x20, 0, 0x53053053) = 0 <0.000016>
67285 15:16:59.752909 mprotect(0x70237e9ff000, 16384, PROT_READ) = 0 <0.000037>
67285 15:16:59.753094 mprotect(0x70237ec5a000, 8192, PROT_READ) = 0 <0.000032>
67285 15:16:59.753185 mprotect(0x63710524c000, 4096, PROT_READ) = 0 <0.000023>
67285 15:16:59.753256 mprotect(0x70237ecbe000, 8192, PROT_READ) = 0 <0.000034>
67285 15:16:59.753356 prlimit64(0, RLIMIT_STACK, NULL, {rlim_cur=8192*1024, rlim_max=RLIM64_INFINITY}) = 0 <0.000027>
67285 15:16:59.753489 munmap(0x70237ebcd000, 86423) = 0 <0.000065>
67285 15:16:59.753652 rt_sigaction(SIGSEGV, NULL, {sa_handler=SIG_DFL, sa_mask=[], sa_flags=0}, 8) = 0 <0.000018>
67285 15:16:59.753737 rt_sigaction(SIGSEGV, {sa_handler=0x70237ec0a22a, sa_mask=[], sa_flags=SA_RESTORER|SA_SIGINFO, sa_restorer=0x70237e845330}, {sa_handler=SIG_DFL, sa_mask=[], sa_flags=0}, 8) = 0 <0.000019>
67285 15:16:59.753831 rt_sigaction(SIGABRT, NULL, {sa_handler=SIG_DFL, sa_mask=[], sa_flags=0}, 8) = 0 <0.000019>
67285 15:16:59.753902 rt_sigaction(SIGABRT, {sa_handler=0x70237ec0a22a, sa_mask=[], sa_flags=SA_RESTORER|SA_SIGINFO, sa_restorer=0x70237e845330}, {sa_handler=SIG_DFL, sa_mask=[], sa_flags=0}, 8) = 0 <0.000016>
67285 15:16:59.753970 rt_sigaction(SIGBUS, NULL, {sa_handler=SIG_DFL, sa_mask=[], sa_flags=0}, 8) = 0 <0.000015>
67285 15:16:59.754029 rt_sigaction(SIGBUS, {sa_handler=0x70237ec0a22a, sa_mask=[], sa_flags=SA_RESTORER|SA_SIGINFO, sa_restorer=0x70237e845330}, {sa_handler=SIG_DFL, sa_mask=[], sa_flags=0}, 8) = 0 <0.000016>
67285 15:16:59.754121 getrandom("\x94\xd0\xdb\x8d\xca\x90\x7d\x6e", 8, GRND_NONBLOCK) = 8 <0.000019>
67285 15:16:59.754196 brk(NULL)         = 0x637141ba3000 <0.000018>
67285 15:16:59.754257 brk(0x637141bc4000) = 0x637141bc4000 <0.000026>
67285 15:16:59.754344 openat(AT_FDCWD, "/etc/datadog-agent/managed/rc-orgwide-wls-policy.bin", O_RDONLY|O_CLOEXEC) = -1 ENOENT (No such file or directory) <0.000049>
67285 15:16:59.754939 openat(AT_FDCWD, "/etc/datadog-agent/user-wls-policy.bin", O_RDONLY|O_CLOEXEC) = -1 ENOENT (No such file or directory) <0.000041>
67285 15:16:59.755054 openat(AT_FDCWD, "/etc/datadog-agent/managed/rc-targeted-wls-policy.bin", O_RDONLY|O_CLOEXEC) = -1 ENOENT (No such file or directory) <0.000037>
67285 15:16:59.755224 getrandom("\xe8\x22\x9d\x4c\x4e\xce\x50\x4b\xb9\xd7\x53\x2d\xd1\x97\xcb\x36", 16, GRND_NONBLOCK) = 16 <0.000018>
67285 15:16:59.755751 openat(AT_FDCWD, "/etc/os-release", O_RDONLY|O_CLOEXEC) = 3 <0.000055>
67285 15:16:59.755877 read(3, "PRETTY_NAME=\"Ubuntu 24.04.4 LTS\""..., 4095) = 400 <0.000016>
67285 15:16:59.756376 close(3)          = 0 <0.000025>
67285 15:16:59.756480 uname({sysname="Linux", nodename="lvx-Vostro-5481", ...}) = 0 <0.000020>
67285 15:16:59.756575 uname({sysname="Linux", nodename="lvx-Vostro-5481", ...}) = 0 <0.000018>
67285 15:16:59.756718 readlink("/proc/self/exe", "/home/lvx/LVX/lumvorax2/src/adva"..., 4095) = 125 <0.000067>
67285 15:16:59.757308 prlimit64(0, RLIMIT_STACK, NULL, {rlim_cur=8192*1024, rlim_max=RLIM64_INFINITY}) = 0 <0.000015>
67285 15:16:59.757384 prlimit64(0, RLIMIT_STACK, NULL, {rlim_cur=8192*1024, rlim_max=RLIM64_INFINITY}) = 0 <0.000013>
67285 15:16:59.757439 prlimit64(0, RLIMIT_STACK, NULL, {rlim_cur=8192*1024, rlim_max=RLIM64_INFINITY}) = 0 <0.000013>
67285 15:16:59.757498 getcwd("/home/lvx/LVX/lumvorax2/src/advanced_calculations/bitcoin_quantum_mining/level_zero_native", 4096) = 91 <0.000289>
67285 15:16:59.757973 memfd_create("dd_language_detected", MFD_CLOEXEC|MFD_ALLOW_SEALING) = 3 <0.000042>
67285 15:16:59.758064 write(3, "", 0)   = 0 <0.000014>
67285 15:16:59.758115 fcntl(3, F_ADD_SEALS, F_SEAL_SHRINK|F_SEAL_GROW|F_SEAL_WRITE) = 0 <0.000570>
67285 15:16:59.758760 memfd_create("dd_inject_info", MFD_CLOEXEC|MFD_ALLOW_SEALING) = 4 <0.000042>
67285 15:16:59.758865 write(4, "{\n    \"runtime_id\": \"e8229d4c-4e"..., 114) = 114 <0.000031>
67285 15:16:59.758947 fcntl(4, F_ADD_SEALS, F_SEAL_SHRINK|F_SEAL_GROW|F_SEAL_WRITE) = 0 <0.000021>
67285 15:16:59.759086 pipe2([5, 6], 0)  = 0 <0.000030>
67285 15:16:59.759195 clone(child_stack=NULL, flags=CLONE_CHILD_CLEARTID|CLONE_CHILD_SETTID|SIGCHLD <unfinished ...>
67286 15:16:59.759888 set_robust_list(0x70237ebcaa20, 24 <unfinished ...>
67285 15:16:59.760348 <... clone resumed>, child_tidptr=0x70237ebcaa10) = 67286 <0.001132>
67285 15:16:59.760444 close(6)          = 0 <0.000021>
67285 15:16:59.760516 read(5,  <unfinished ...>
67286 15:16:59.760851 <... set_robust_list resumed>) = 0 <0.000515>
67286 15:16:59.760951 close(5)          = 0 <0.000020>
67286 15:16:59.761015 close(0)          = 0 <0.000019>
67286 15:16:59.761074 dup2(6, 1)        = 1 <0.000020>
67286 15:16:59.761139 openat(AT_FDCWD, "/dev/null", O_RDONLY|O_CLOEXEC) = 0 <0.000052>
67286 15:16:59.761291 dup2(0, 2)        = 2 <0.000517>
67286 15:16:59.761931 execve("/opt/datadog-packages/datadog-apm-inject/0.58.0/inject/process", ["/opt/datadog-packages/datadog-ap"..., "inject", "glibc 2.39", "", "", "e8229d4c-4ece-404b-b9d7-532dd197"...], 0x637141ba3480 /* 71 vars */) = 0 <0.005463>
67286 15:16:59.767549 arch_prctl(ARCH_SET_FS, 0xe3bee8) = 0 <0.000014>
67286 15:16:59.767709 sched_getaffinity(0, 8192, [0 1 2 3 4 5 6 7]) = 8 <0.000015>
67286 15:16:59.767792 openat(AT_FDCWD, "/sys/kernel/mm/transparent_hugepage/hpage_pmd_size", O_RDONLY) = 0 <0.000056>
67286 15:16:59.767930 read(0, "2097152\n", 20) = 8 <0.000018>
67286 15:16:59.767996 close(0)          = 0 <0.000016>
67286 15:16:59.768335 mmap(NULL, 262144, PROT_READ|PROT_WRITE, MAP_PRIVATE|MAP_ANONYMOUS, -1, 0) = 0x7c13e0562000 <0.000051>
67286 15:16:59.768454 prctl(PR_SET_VMA, PR_SET_VMA_ANON_NAME, 0x7c13e0562000, 262144, " Go: immortal metadata") = 0 <0.000030>
67286 15:16:59.768541 mmap(NULL, 131072, PROT_NONE, MAP_PRIVATE|MAP_ANONYMOUS, -1, 0) = 0x7c13e0542000 <0.000034>
67286 15:16:59.768613 prctl(PR_SET_VMA, PR_SET_VMA_ANON_NAME, 0x7c13e0542000, 131072, " Go: page summary") = 0 <0.000020>
67286 15:16:59.768740 mmap(NULL, 1048576, PROT_NONE, MAP_PRIVATE|MAP_ANONYMOUS, -1, 0) = 0x7c13e0442000 <0.000028>
67286 15:16:59.768836 prctl(PR_SET_VMA, PR_SET_VMA_ANON_NAME, 0x7c13e0442000, 1048576, " Go: page summary") = 0 <0.000023>
67286 15:16:59.768903 mmap(NULL, 8388608, PROT_NONE, MAP_PRIVATE|MAP_ANONYMOUS, -1, 0) = 0x7c13dfc00000 <0.000028>
67286 15:16:59.768966 prctl(PR_SET_VMA, PR_SET_VMA_ANON_NAME, 0x7c13dfc00000, 8388608, " Go: page summary") = 0 <0.000015>
67286 15:16:59.769017 mmap(NULL, 67108864, PROT_NONE, MAP_PRIVATE|MAP_ANONYMOUS, -1, 0) = 0x7c13dbc00000 <0.000035>
67286 15:16:59.769088 prctl(PR_SET_VMA, PR_SET_VMA_ANON_NAME, 0x7c13dbc00000, 67108864, " Go: page summary") = 0 <0.000022>
67286 15:16:59.769152 mmap(NULL, 536870912, PROT_NONE, MAP_PRIVATE|MAP_ANONYMOUS, -1, 0) = 0x7c13bbc00000 <0.000029>
67286 15:16:59.769220 prctl(PR_SET_VMA, PR_SET_VMA_ANON_NAME, 0x7c13bbc00000, 536870912, " Go: page summary") = 0 <0.000019>
67286 15:16:59.769283 mmap(NULL, 536870912, PROT_NONE, MAP_PRIVATE|MAP_ANONYMOUS, -1, 0) = 0x7c139bc00000 <0.000030>
67286 15:16:59.769353 prctl(PR_SET_VMA, PR_SET_VMA_ANON_NAME, 0x7c139bc00000, 536870912, " Go: scavenge index") = 0 <0.000017>
67286 15:16:59.769474 mmap(0x13dd88000000, 67108864, PROT_NONE, MAP_PRIVATE|MAP_ANONYMOUS, -1, 0) = 0x13dd88000000 <0.000046>
67286 15:16:59.769569 prctl(PR_SET_VMA, PR_SET_VMA_ANON_NAME, 0x13dd88000000, 67108864, " Go: heap reservation") = 0 <0.000032>
67286 15:16:59.769647 mmap(NULL, 33554432, PROT_READ|PROT_WRITE, MAP_PRIVATE|MAP_ANONYMOUS, -1, 0) = 0x7c1399c00000 <0.000522>
67286 15:16:59.770324 prctl(PR_SET_VMA, PR_SET_VMA_ANON_NAME, 0x7c1399c00000, 33554432, " Go: heap index") = 0 <0.000044>
67286 15:16:59.770480 madvise(0x7c1399c00000, 33554432, MADV_NOHUGEPAGE) = 0 <0.000049>
67286 15:16:59.770637 mmap(NULL, 69648, PROT_READ|PROT_WRITE, MAP_PRIVATE|MAP_ANONYMOUS, -1, 0) = 0x7c13e0430000 <0.000151>
67286 15:16:59.770848 prctl(PR_SET_VMA, PR_SET_VMA_ANON_NAME, 0x7c13e0430000, 69648, " Go: immortal metadata") = 0 <0.000048>
67286 15:16:59.771871 mmap(0x13dd8a800000, 4194304, PROT_READ|PROT_WRITE, MAP_PRIVATE|MAP_FIXED|MAP_ANONYMOUS, -1, 0) = 0x13dd8a800000 <0.000071>
67286 15:16:59.772029 prctl(PR_SET_VMA, PR_SET_VMA_ANON_NAME, 0x13dd8a800000, 4194304, " Go: heap") = 0 <0.000039>
67286 15:16:59.772167 mmap(0x7c13e0542000, 131072, PROT_READ|PROT_WRITE, MAP_PRIVATE|MAP_FIXED|MAP_ANONYMOUS, -1, 0) = 0x7c13e0542000 <0.000057>
67286 15:16:59.772273 prctl(PR_SET_VMA, PR_SET_VMA_ANON_NAME, 0x7c13e0542000, 131072, " Go: page alloc") = 0 <0.000025>
67286 15:16:59.772358 mmap(0x7c13e04d5000, 4096, PROT_READ|PROT_WRITE, MAP_PRIVATE|MAP_FIXED|MAP_ANONYMOUS, -1, 0) = 0x7c13e04d5000 <0.000056>
67286 15:16:59.772460 prctl(PR_SET_VMA, PR_SET_VMA_ANON_NAME, 0x7c13e04d5000, 4096, " Go: page alloc") = 0 <0.000019>
67286 15:16:59.772523 mmap(0x7c13e009e000, 4096, PROT_READ|PROT_WRITE, MAP_PRIVATE|MAP_FIXED|MAP_ANONYMOUS, -1, 0) = 0x7c13e009e000 <0.000049>
67286 15:16:59.772613 prctl(PR_SET_VMA, PR_SET_VMA_ANON_NAME, 0x7c13e009e000, 4096, " Go: page alloc") = 0 <0.000036>
67286 15:16:59.772711 mmap(0x7c13de0f7000, 4096, PROT_READ|PROT_WRITE, MAP_PRIVATE|MAP_FIXED|MAP_ANONYMOUS, -1, 0) = 0x7c13de0f7000 <0.000037>
67286 15:16:59.772793 prctl(PR_SET_VMA, PR_SET_VMA_ANON_NAME, 0x7c13de0f7000, 4096, " Go: page alloc") = 0 <0.000429>
67286 15:16:59.773322 mmap(0x7c13ce3bb000, 4096, PROT_READ|PROT_WRITE, MAP_PRIVATE|MAP_FIXED|MAP_ANONYMOUS, -1, 0) = 0x7c13ce3bb000 <0.000051>
67286 15:16:59.773449 prctl(PR_SET_VMA, PR_SET_VMA_ANON_NAME, 0x7c13ce3bb000, 4096, " Go: page alloc") = 0 <0.000022>
67286 15:16:59.773525 mmap(0x7c13ae3bb000, 4096, PROT_READ|PROT_WRITE, MAP_PRIVATE|MAP_FIXED|MAP_ANONYMOUS, -1, 0) = 0x7c13ae3bb000 <0.000037>
67286 15:16:59.773604 prctl(PR_SET_VMA, PR_SET_VMA_ANON_NAME, 0x7c13ae3bb000, 4096, " Go: scavenge index") = 0 <0.000019>
67286 15:16:59.773671 mmap(NULL, 1048576, PROT_READ|PROT_WRITE, MAP_PRIVATE|MAP_ANONYMOUS, -1, 0) = 0x7c1399b00000 <0.000034>
67286 15:16:59.773745 prctl(PR_SET_VMA, PR_SET_VMA_ANON_NAME, 0x7c1399b00000, 1048576, " Go: page alloc index") = 0 <0.000018>
67286 15:16:59.773816 madvise(0x7c1399b00000, 1048576, MADV_NOHUGEPAGE) = 0 <0.000454>
67286 15:16:59.774412 mmap(NULL, 65536, PROT_READ|PROT_WRITE, MAP_PRIVATE|MAP_ANONYMOUS, -1, 0) = 0x7c13e0420000 <0.000043>
67286 15:16:59.774504 prctl(PR_SET_VMA, PR_SET_VMA_ANON_NAME, 0x7c13e0420000, 65536, " Go: allspans array") = 0 <0.000026>
67286 15:16:59.774599 mmap(NULL, 65536, PROT_READ|PROT_WRITE, MAP_PRIVATE|MAP_ANONYMOUS, -1, 0) = 0x7c13e0410000 <0.000043>
67286 15:16:59.774688 prctl(PR_SET_VMA, PR_SET_VMA_ANON_NAME, 0x7c13e0410000, 65536, " Go: gc bits") = 0 <0.000024>
67286 15:16:59.775529 rt_sigprocmask(SIG_SETMASK, NULL, [], 8) = 0 <0.000448>
67286 15:16:59.776240 fcntl(0, F_GETFD) = -1 EBADF (Bad file descriptor) <0.000021>
67286 15:16:59.776323 openat(AT_FDCWD, "/dev/null", O_RDWR) = 0 <0.000753>
67286 15:16:59.777639 fcntl(1, F_GETFD) = 0 <0.000023>
67286 15:16:59.777735 fcntl(2, F_GETFD) = 0 <0.000018>
67286 15:16:59.777941 mmap(NULL, 1439992, PROT_READ|PROT_WRITE, MAP_PRIVATE|MAP_ANONYMOUS, -1, 0) = 0x7c13999a0000 <0.000058>
67286 15:16:59.778053 prctl(PR_SET_VMA, PR_SET_VMA_ANON_NAME, 0x7c13999a0000, 1439992, " Go: profiler hash buckets") = 0 <0.000026>
67286 15:16:59.778148 openat(AT_FDCWD, "/proc/self/cgroup", O_RDONLY|O_CLOEXEC) = 3 <0.001101>
67286 15:16:59.779328 read(3, "0::/user.slice/user-1000.slice/u"..., 65536) = 97 <0.000352>
67286 15:16:59.779796 read(3, "", 65536) = 0 <0.000024>
67286 15:16:59.780334 close(3)          = 0 <0.000026>
67286 15:16:59.780412 openat(AT_FDCWD, "/proc/self/mountinfo", O_RDONLY|O_CLOEXEC) = 3 <0.000842>
67286 15:16:59.781348 read(3, "27 32 0:24 / /sys rw,nosuid,node"..., 65536) = 4020 <0.000190>
67286 15:16:59.782132 close(3)          = 0 <0.000029>
67286 15:16:59.782233 openat(AT_FDCWD, "/sys/fs/cgroup/user.slice/user-1000.slice/user@1000.service/app.slice/app-org.chromium.Chromium-29476.scope/cpu.max", O_RDONLY|O_CLOEXEC) = -1 ENOENT (No such file or directory) <0.000061>
67286 15:16:59.782546 sigaltstack(NULL, {ss_sp=NULL, ss_flags=SS_DISABLE, ss_size=0}) = 0 <0.000471>
67286 15:16:59.783096 sigaltstack({ss_sp=0x13dd8ab88000, ss_flags=0, ss_size=32768}, NULL) = 0 <0.000018>
67286 15:16:59.783180 rt_sigprocmask(SIG_SETMASK, [], NULL, 8) = 0 <0.000016>
67286 15:16:59.783244 gettid()          = 67286 <0.000015>
67286 15:16:59.783301 rt_sigaction(SIGHUP, NULL, {sa_handler=SIG_DFL, sa_mask=[], sa_flags=0}, 8) = 0 <0.000031>
67286 15:16:59.783824 rt_sigaction(SIGHUP, {sa_handler=0x48fc40, sa_mask=~[], sa_flags=SA_RESTORER|SA_ONSTACK|SA_RESTART|SA_SIGINFO, sa_restorer=0x48fd80}, NULL, 8) = 0 <0.000023>
67286 15:16:59.783916 rt_sigaction(SIGINT, NULL, {sa_handler=SIG_DFL, sa_mask=[], sa_flags=0}, 8) = 0 <0.000017>
67286 15:16:59.783987 rt_sigaction(SIGINT, {sa_handler=0x48fc40, sa_mask=~[], sa_flags=SA_RESTORER|SA_ONSTACK|SA_RESTART|SA_SIGINFO, sa_restorer=0x48fd80}, NULL, 8) = 0 <0.000020>
67286 15:16:59.784058 rt_sigaction(SIGQUIT, NULL, {sa_handler=SIG_DFL, sa_mask=[], sa_flags=0}, 8) = 0 <0.000019>
67286 15:16:59.784128 rt_sigaction(SIGQUIT, {sa_handler=0x48fc40, sa_mask=~[], sa_flags=SA_RESTORER|SA_ONSTACK|SA_RESTART|SA_SIGINFO, sa_restorer=0x48fd80}, NULL, 8) = 0 <0.000020>
67286 15:16:59.784194 rt_sigaction(SIGILL, NULL, {sa_handler=SIG_DFL, sa_mask=[], sa_flags=0}, 8) = 0 <0.000014>
67286 15:16:59.784253 rt_sigaction(SIGILL, {sa_handler=0x48fc40, sa_mask=~[], sa_flags=SA_RESTORER|SA_ONSTACK|SA_RESTART|SA_SIGINFO, sa_restorer=0x48fd80}, NULL, 8) = 0 <0.000015>
67286 15:16:59.784330 rt_sigaction(SIGTRAP, NULL, {sa_handler=SIG_DFL, sa_mask=[], sa_flags=0}, 8) = 0 <0.000430>
67286 15:16:59.784840 rt_sigaction(SIGTRAP, {sa_handler=0x48fc40, sa_mask=~[], sa_flags=SA_RESTORER|SA_ONSTACK|SA_RESTART|SA_SIGINFO, sa_restorer=0x48fd80}, NULL, 8) = 0 <0.000022>
67286 15:16:59.784921 rt_sigaction(SIGABRT, NULL, {sa_handler=SIG_DFL, sa_mask=[], sa_flags=0}, 8) = 0 <0.000018>
67286 15:16:59.784990 rt_sigaction(SIGABRT, {sa_handler=0x48fc40, sa_mask=~[], sa_flags=SA_RESTORER|SA_ONSTACK|SA_RESTART|SA_SIGINFO, sa_restorer=0x48fd80}, NULL, 8) = 0 <0.000019>
67286 15:16:59.785060 rt_sigaction(SIGBUS, NULL, {sa_handler=SIG_DFL, sa_mask=[], sa_flags=0}, 8) = 0 <0.000018>
67286 15:16:59.785130 rt_sigaction(SIGBUS, {sa_handler=0x48fc40, sa_mask=~[], sa_flags=SA_RESTORER|SA_ONSTACK|SA_RESTART|SA_SIGINFO, sa_restorer=0x48fd80}, NULL, 8) = 0 <0.000020>
67286 15:16:59.785195 rt_sigaction(SIGFPE, NULL, {sa_handler=SIG_DFL, sa_mask=[], sa_flags=0}, 8) = 0 <0.000030>
67286 15:16:59.785699 rt_sigaction(SIGFPE, {sa_handler=0x48fc40, sa_mask=~[], sa_flags=SA_RESTORER|SA_ONSTACK|SA_RESTART|SA_SIGINFO, sa_restorer=0x48fd80}, NULL, 8) = 0 <0.000024>
67286 15:16:59.785785 rt_sigaction(SIGUSR1, NULL, {sa_handler=SIG_DFL, sa_mask=[], sa_flags=0}, 8) = 0 <0.000020>
67286 15:16:59.785874 rt_sigaction(SIGUSR1, {sa_handler=0x48fc40, sa_mask=~[], sa_flags=SA_RESTORER|SA_ONSTACK|SA_RESTART|SA_SIGINFO, sa_restorer=0x48fd80}, NULL, 8) = 0 <0.000020>
67286 15:16:59.785950 rt_sigaction(SIGSEGV, NULL, {sa_handler=SIG_DFL, sa_mask=[], sa_flags=0}, 8) = 0 <0.000019>
67286 15:16:59.786021 rt_sigaction(SIGSEGV, {sa_handler=0x48fc40, sa_mask=~[], sa_flags=SA_RESTORER|SA_ONSTACK|SA_RESTART|SA_SIGINFO, sa_restorer=0x48fd80}, NULL, 8) = 0 <0.000020>
67286 15:16:59.786090 rt_sigaction(SIGUSR2, NULL, {sa_handler=SIG_DFL, sa_mask=[], sa_flags=0}, 8) = 0 <0.000039>
67286 15:16:59.786603 rt_sigaction(SIGUSR2, {sa_handler=0x48fc40, sa_mask=~[], sa_flags=SA_RESTORER|SA_ONSTACK|SA_RESTART|SA_SIGINFO, sa_restorer=0x48fd80}, NULL, 8) = 0 <0.000017>
67286 15:16:59.786675 rt_sigaction(SIGPIPE, NULL, {sa_handler=SIG_DFL, sa_mask=[], sa_flags=0}, 8) = 0 <0.000014>
67286 15:16:59.786753 rt_sigaction(SIGPIPE, {sa_handler=0x48fc40, sa_mask=~[], sa_flags=SA_RESTORER|SA_ONSTACK|SA_RESTART|SA_SIGINFO, sa_restorer=0x48fd80}, NULL, 8) = 0 <0.000018>
67286 15:16:59.787296 rt_sigaction(SIGALRM, NULL, {sa_handler=SIG_DFL, sa_mask=[], sa_flags=0}, 8) = 0 <0.000027>
67286 15:16:59.787434 rt_sigaction(SIGALRM, {sa_handler=0x48fc40, sa_mask=~[], sa_flags=SA_RESTORER|SA_ONSTACK|SA_RESTART|SA_SIGINFO, sa_restorer=0x48fd80}, NULL, 8) = 0 <0.000023>
67286 15:16:59.787518 rt_sigaction(SIGTERM, NULL, {sa_handler=SIG_DFL, sa_mask=[], sa_flags=0}, 8) = 0 <0.000017>
67286 15:16:59.787618 rt_sigaction(SIGTERM, {sa_handler=0x48fc40, sa_mask=~[], sa_flags=SA_RESTORER|SA_ONSTACK|SA_RESTART|SA_SIGINFO, sa_restorer=0x48fd80}, NULL, 8) = 0 <0.000020>
67286 15:16:59.787684 rt_sigaction(SIGSTKFLT, NULL, {sa_handler=SIG_DFL, sa_mask=[], sa_flags=0}, 8) = 0 <0.000015>
67286 15:16:59.787760 rt_sigaction(SIGSTKFLT, {sa_handler=0x48fc40, sa_mask=~[], sa_flags=SA_RESTORER|SA_ONSTACK|SA_RESTART|SA_SIGINFO, sa_restorer=0x48fd80}, NULL, 8) = 0 <0.000086>
67286 15:16:59.788279 rt_sigaction(SIGCHLD, NULL, {sa_handler=SIG_DFL, sa_mask=[], sa_flags=0}, 8) = 0 <0.000020>
67286 15:16:59.788357 rt_sigaction(SIGCHLD, {sa_handler=0x48fc40, sa_mask=~[], sa_flags=SA_RESTORER|SA_ONSTACK|SA_RESTART|SA_SIGINFO, sa_restorer=0x48fd80}, NULL, 8) = 0 <0.000017>
67286 15:16:59.788656 rt_sigaction(SIGURG, NULL, {sa_handler=SIG_DFL, sa_mask=[], sa_flags=0}, 8) = 0 <0.000452>
67286 15:16:59.789187 rt_sigaction(SIGURG, {sa_handler=0x48fc40, sa_mask=~[], sa_flags=SA_RESTORER|SA_ONSTACK|SA_RESTART|SA_SIGINFO, sa_restorer=0x48fd80}, NULL, 8) = 0 <0.000019>
67286 15:16:59.789261 rt_sigaction(SIGXCPU, NULL, {sa_handler=SIG_DFL, sa_mask=[], sa_flags=0}, 8) = 0 <0.000017>
67286 15:16:59.789324 rt_sigaction(SIGXCPU, {sa_handler=0x48fc40, sa_mask=~[], sa_flags=SA_RESTORER|SA_ONSTACK|SA_RESTART|SA_SIGINFO, sa_restorer=0x48fd80}, NULL, 8) = 0 <0.000018>
67286 15:16:59.789388 rt_sigaction(SIGXFSZ, NULL, {sa_handler=SIG_DFL, sa_mask=[], sa_flags=0}, 8) = 0 <0.000017>
67286 15:16:59.789905 rt_sigaction(SIGXFSZ, {sa_handler=0x48fc40, sa_mask=~[], sa_flags=SA_RESTORER|SA_ONSTACK|SA_RESTART|SA_SIGINFO, sa_restorer=0x48fd80}, NULL, 8) = 0 <0.000020>
67286 15:16:59.789990 rt_sigaction(SIGVTALRM, NULL, {sa_handler=SIG_DFL, sa_mask=[], sa_flags=0}, 8) = 0 <0.000018>
67286 15:16:59.790056 rt_sigaction(SIGVTALRM, {sa_handler=0x48fc40, sa_mask=~[], sa_flags=SA_RESTORER|SA_ONSTACK|SA_RESTART|SA_SIGINFO, sa_restorer=0x48fd80}, NULL, 8) = 0 <0.000018>
67286 15:16:59.790120 rt_sigaction(SIGPROF, NULL, {sa_handler=SIG_DFL, sa_mask=[], sa_flags=0}, 8) = 0 <0.000019>
67286 15:16:59.790184 rt_sigaction(SIGPROF, {sa_handler=0x48fc40, sa_mask=~[], sa_flags=SA_RESTORER|SA_ONSTACK|SA_RESTART|SA_SIGINFO, sa_restorer=0x48fd80}, NULL, 8) = 0 <0.000019>
67286 15:16:59.790249 rt_sigaction(SIGWINCH, NULL, {sa_handler=SIG_DFL, sa_mask=[], sa_flags=0}, 8) = 0 <0.000018>
67286 15:16:59.790312 rt_sigaction(SIGWINCH, {sa_handler=0x48fc40, sa_mask=~[], sa_flags=SA_RESTORER|SA_ONSTACK|SA_RESTART|SA_SIGINFO, sa_restorer=0x48fd80}, NULL, 8) = 0 <0.000018>
67286 15:16:59.790374 rt_sigaction(SIGIO, NULL, {sa_handler=SIG_DFL, sa_mask=[], sa_flags=0}, 8) = 0 <0.000020>
67286 15:16:59.790441 rt_sigaction(SIGIO, {sa_handler=0x48fc40, sa_mask=~[], sa_flags=SA_RESTORER|SA_ONSTACK|SA_RESTART|SA_SIGINFO, sa_restorer=0x48fd80}, NULL, 8) = 0 <0.000018>
67286 15:16:59.790506 rt_sigaction(SIGPWR, NULL, {sa_handler=SIG_DFL, sa_mask=[], sa_flags=0}, 8) = 0 <0.000018>
67286 15:16:59.790570 rt_sigaction(SIGPWR, {sa_handler=0x48fc40, sa_mask=~[], sa_flags=SA_RESTORER|SA_ONSTACK|SA_RESTART|SA_SIGINFO, sa_restorer=0x48fd80}, NULL, 8) = 0 <0.000016>
67286 15:16:59.790628 rt_sigaction(SIGSYS, NULL, {sa_handler=SIG_DFL, sa_mask=[], sa_flags=0}, 8) = 0 <0.000016>
67286 15:16:59.790713 rt_sigaction(SIGSYS, {sa_handler=0x48fc40, sa_mask=~[], sa_flags=SA_RESTORER|SA_ONSTACK|SA_RESTART|SA_SIGINFO, sa_restorer=0x48fd80}, NULL, 8) = 0 <0.000438>
67286 15:16:59.791219 rt_sigaction(SIGRTMIN, NULL, {sa_handler=SIG_DFL, sa_mask=[], sa_flags=0}, 8) = 0 <0.000014>
67286 15:16:59.791290 rt_sigaction(SIGRT_1, NULL, {sa_handler=SIG_DFL, sa_mask=[], sa_flags=0}, 8) = 0 <0.000013>
67286 15:16:59.791347 rt_sigaction(SIGRT_1, {sa_handler=0x48fc40, sa_mask=~[], sa_flags=SA_RESTORER|SA_ONSTACK|SA_RESTART|SA_SIGINFO, sa_restorer=0x48fd80}, NULL, 8) = 0 <0.000014>
67286 15:16:59.791404 rt_sigaction(SIGRT_2, NULL, {sa_handler=SIG_DFL, sa_mask=[], sa_flags=0}, 8) = 0 <0.000029>
67286 15:16:59.793720 rt_sigaction(SIGRT_3, NULL, {sa_handler=SIG_DFL, sa_mask=[], sa_flags=0}, 8) = 0 <0.000676>
67286 15:16:59.795117 rt_sigaction(SIGRT_3, {sa_handler=0x48fc40, sa_mask=~[], sa_flags=SA_RESTORER|SA_ONSTACK|SA_RESTART|SA_SIGINFO, sa_restorer=0x48fd80}, NULL, 8) = 0 <0.000027>
67286 15:16:59.795267 rt_sigaction(SIGRT_4, NULL, {sa_handler=SIG_DFL, sa_mask=[], sa_flags=0}, 8) = 0 <0.000014>
67286 15:16:59.795340 rt_sigaction(SIGRT_4, {sa_handler=0x48fc40, sa_mask=~[], sa_flags=SA_RESTORER|SA_ONSTACK|SA_RESTART|SA_SIGINFO, sa_restorer=0x48fd80}, NULL, 8) = 0 <0.000013>
67286 15:16:59.795399 rt_sigaction(SIGRT_5, NULL, {sa_handler=SIG_DFL, sa_mask=[], sa_flags=0}, 8) = 0 <0.000016>
67286 15:16:59.796116 rt_sigaction(SIGRT_5, {sa_handler=0x48fc40, sa_mask=~[], sa_flags=SA_RESTORER|SA_ONSTACK|SA_RESTART|SA_SIGINFO, sa_restorer=0x48fd80}, NULL, 8) = 0 <0.000971>
67286 15:16:59.797213 rt_sigaction(SIGRT_6, NULL, {sa_handler=SIG_DFL, sa_mask=[], sa_flags=0}, 8) = 0 <0.000018>
67286 15:16:59.797305 rt_sigaction(SIGRT_6, {sa_handler=0x48fc40, sa_mask=~[], sa_flags=SA_RESTORER|SA_ONSTACK|SA_RESTART|SA_SIGINFO, sa_restorer=0x48fd80}, NULL, 8) = 0 <0.000019>
67286 15:16:59.797369 rt_sigaction(SIGRT_7, NULL, {sa_handler=SIG_DFL, sa_mask=[], sa_flags=0}, 8) = 0 <0.000017>
67286 15:16:59.797430 rt_sigaction(SIGRT_7, {sa_handler=0x48fc40, sa_mask=~[], sa_flags=SA_RESTORER|SA_ONSTACK|SA_RESTART|SA_SIGINFO, sa_restorer=0x48fd80}, NULL, 8) = 0 <0.000019>
67286 15:16:59.797492 rt_sigaction(SIGRT_8, NULL, {sa_handler=SIG_DFL, sa_mask=[], sa_flags=0}, 8) = 0 <0.000342>
67286 15:16:59.797908 rt_sigaction(SIGRT_8, {sa_handler=0x48fc40, sa_mask=~[], sa_flags=SA_RESTORER|SA_ONSTACK|SA_RESTART|SA_SIGINFO, sa_restorer=0x48fd80}, NULL, 8) = 0 <0.000017>
67286 15:16:59.797997 rt_sigaction(SIGRT_9, NULL, {sa_handler=SIG_DFL, sa_mask=[], sa_flags=0}, 8) = 0 <0.000011>
67286 15:16:59.798248 rt_sigaction(SIGRT_9, {sa_handler=0x48fc40, sa_mask=~[], sa_flags=SA_RESTORER|SA_ONSTACK|SA_RESTART|SA_SIGINFO, sa_restorer=0x48fd80}, NULL, 8) = 0 <0.000021>
67286 15:16:59.798374 rt_sigaction(SIGRT_10, NULL, {sa_handler=SIG_DFL, sa_mask=[], sa_flags=0}, 8) = 0 <0.000014>
67286 15:16:59.799088 rt_sigaction(SIGRT_10, {sa_handler=0x48fc40, sa_mask=~[], sa_flags=SA_RESTORER|SA_ONSTACK|SA_RESTART|SA_SIGINFO, sa_restorer=0x48fd80}, NULL, 8) = 0 <0.000020>
67286 15:16:59.799171 rt_sigaction(SIGRT_11, NULL, {sa_handler=SIG_DFL, sa_mask=[], sa_flags=0}, 8) = 0 <0.000018>
67286 15:16:59.799236 rt_sigaction(SIGRT_11, {sa_handler=0x48fc40, sa_mask=~[], sa_flags=SA_RESTORER|SA_ONSTACK|SA_RESTART|SA_SIGINFO, sa_restorer=0x48fd80}, NULL, 8) = 0 <0.000017>
67286 15:16:59.799300 rt_sigaction(SIGRT_12, NULL, {sa_handler=SIG_DFL, sa_mask=[], sa_flags=0}, 8) = 0 <0.000018>
67286 15:16:59.799362 rt_sigaction(SIGRT_12, {sa_handler=0x48fc40, sa_mask=~[], sa_flags=SA_RESTORER|SA_ONSTACK|SA_RESTART|SA_SIGINFO, sa_restorer=0x48fd80}, NULL, 8) = 0 <0.000017>
67286 15:16:59.799422 rt_sigaction(SIGRT_13, NULL, {sa_handler=SIG_DFL, sa_mask=[], sa_flags=0}, 8) = 0 <0.000017>
67286 15:16:59.799482 rt_sigaction(SIGRT_13, {sa_handler=0x48fc40, sa_mask=~[], sa_flags=SA_RESTORER|SA_ONSTACK|SA_RESTART|SA_SIGINFO, sa_restorer=0x48fd80}, NULL, 8) = 0 <0.000017>
67286 15:16:59.799542 rt_sigaction(SIGRT_14, NULL, {sa_handler=SIG_DFL, sa_mask=[], sa_flags=0}, 8) = 0 <0.000016>
67286 15:16:59.799602 rt_sigaction(SIGRT_14, {sa_handler=0x48fc40, sa_mask=~[], sa_flags=SA_RESTORER|SA_ONSTACK|SA_RESTART|SA_SIGINFO, sa_restorer=0x48fd80}, NULL, 8) = 0 <0.000018>
67286 15:16:59.799667 rt_sigaction(SIGRT_15, NULL, {sa_handler=SIG_DFL, sa_mask=[], sa_flags=0}, 8) = 0 <0.000017>
67286 15:16:59.799727 rt_sigaction(SIGRT_15, {sa_handler=0x48fc40, sa_mask=~[], sa_flags=SA_RESTORER|SA_ONSTACK|SA_RESTART|SA_SIGINFO, sa_restorer=0x48fd80}, NULL, 8) = 0 <0.000017>
67286 15:16:59.799787 rt_sigaction(SIGRT_16, NULL, {sa_handler=SIG_DFL, sa_mask=[], sa_flags=0}, 8) = 0 <0.000415>
67286 15:16:59.800283 rt_sigaction(SIGRT_16, {sa_handler=0x48fc40, sa_mask=~[], sa_flags=SA_RESTORER|SA_ONSTACK|SA_RESTART|SA_SIGINFO, sa_restorer=0x48fd80}, NULL, 8) = 0 <0.000013>
67286 15:16:59.800344 rt_sigaction(SIGRT_17, NULL, {sa_handler=SIG_DFL, sa_mask=[], sa_flags=0}, 8) = 0 <0.000011>
67286 15:16:59.800412 rt_sigaction(SIGRT_17, {sa_handler=0x48fc40, sa_mask=~[], sa_flags=SA_RESTORER|SA_ONSTACK|SA_RESTART|SA_SIGINFO, sa_restorer=0x48fd80}, NULL, 8) = 0 <0.000391>
67286 15:16:59.800862 rt_sigaction(SIGRT_18, NULL, {sa_handler=SIG_DFL, sa_mask=[], sa_flags=0}, 8) = 0 <0.000016>
67286 15:16:59.800928 rt_sigaction(SIGRT_18, {sa_handler=0x48fc40, sa_mask=~[], sa_flags=SA_RESTORER|SA_ONSTACK|SA_RESTART|SA_SIGINFO, sa_restorer=0x48fd80}, NULL, 8) = 0 <0.000016>
67286 15:16:59.800985 rt_sigaction(SIGRT_19, NULL, {sa_handler=SIG_DFL, sa_mask=[], sa_flags=0}, 8) = 0 <0.000015>
67286 15:16:59.801040 rt_sigaction(SIGRT_19, {sa_handler=0x48fc40, sa_mask=~[], sa_flags=SA_RESTORER|SA_ONSTACK|SA_RESTART|SA_SIGINFO, sa_restorer=0x48fd80}, NULL, 8) = 0 <0.000015>
67286 15:16:59.801092 rt_sigaction(SIGRT_20, NULL, {sa_handler=SIG_DFL, sa_mask=[], sa_flags=0}, 8) = 0 <0.000011>
67286 15:16:59.801140 rt_sigaction(SIGRT_20, {sa_handler=0x48fc40, sa_mask=~[], sa_flags=SA_RESTORER|SA_ONSTACK|SA_RESTART|SA_SIGINFO, sa_restorer=0x48fd80}, NULL, 8) = 0 <0.000011>
67286 15:16:59.801185 rt_sigaction(SIGRT_21, NULL, {sa_handler=SIG_DFL, sa_mask=[], sa_flags=0}, 8) = 0 <0.000011>
67286 15:16:59.801248 rt_sigaction(SIGRT_21, {sa_handler=0x48fc40, sa_mask=~[], sa_flags=SA_RESTORER|SA_ONSTACK|SA_RESTART|SA_SIGINFO, sa_restorer=0x48fd80}, NULL, 8) = 0 <0.000382>
67286 15:16:59.801700 rt_sigaction(SIGRT_22, NULL, {sa_handler=SIG_DFL, sa_mask=[], sa_flags=0}, 8) = 0 <0.000018>
67286 15:16:59.801770 rt_sigaction(SIGRT_22, {sa_handler=0x48fc40, sa_mask=~[], sa_flags=SA_RESTORER|SA_ONSTACK|SA_RESTART|SA_SIGINFO, sa_restorer=0x48fd80}, NULL, 8) = 0 <0.000028>
67286 15:16:59.801850 rt_sigaction(SIGRT_23, NULL, {sa_handler=SIG_DFL, sa_mask=[], sa_flags=0}, 8) = 0 <0.000018>
67286 15:16:59.801916 rt_sigaction(SIGRT_23, {sa_handler=0x48fc40, sa_mask=~[], sa_flags=SA_RESTORER|SA_ONSTACK|SA_RESTART|SA_SIGINFO, sa_restorer=0x48fd80}, NULL, 8) = 0 <0.000018>
67286 15:16:59.801975 rt_sigaction(SIGRT_24, NULL, {sa_handler=SIG_DFL, sa_mask=[], sa_flags=0}, 8) = 0 <0.000013>
67286 15:16:59.802031 rt_sigaction(SIGRT_24, {sa_handler=0x48fc40, sa_mask=~[], sa_flags=SA_RESTORER|SA_ONSTACK|SA_RESTART|SA_SIGINFO, sa_restorer=0x48fd80}, NULL, 8) = 0 <0.000420>
67286 15:16:59.802525 rt_sigaction(SIGRT_25, NULL, {sa_handler=SIG_DFL, sa_mask=[], sa_flags=0}, 8) = 0 <0.000020>
67286 15:16:59.802632 rt_sigaction(SIGRT_25, {sa_handler=0x48fc40, sa_mask=~[], sa_flags=SA_RESTORER|SA_ONSTACK|SA_RESTART|SA_SIGINFO, sa_restorer=0x48fd80}, NULL, 8) = 0 <0.000020>
67286 15:16:59.802702 rt_sigaction(SIGRT_26, NULL, {sa_handler=SIG_DFL, sa_mask=[], sa_flags=0}, 8) = 0 <0.000018>
67286 15:16:59.802767 rt_sigaction(SIGRT_26, {sa_handler=0x48fc40, sa_mask=~[], sa_flags=SA_RESTORER|SA_ONSTACK|SA_RESTART|SA_SIGINFO, sa_restorer=0x48fd80}, NULL, 8) = 0 <0.000041>
67286 15:16:59.802872 rt_sigaction(SIGRT_27, NULL, {sa_handler=SIG_DFL, sa_mask=[], sa_flags=0}, 8) = 0 <0.000074>
67286 15:16:59.803438 rt_sigaction(SIGRT_27, {sa_handler=0x48fc40, sa_mask=~[], sa_flags=SA_RESTORER|SA_ONSTACK|SA_RESTART|SA_SIGINFO, sa_restorer=0x48fd80}, NULL, 8) = 0 <0.000021>
67286 15:16:59.803525 rt_sigaction(SIGRT_28, NULL, {sa_handler=SIG_DFL, sa_mask=[], sa_flags=0}, 8) = 0 <0.000013>
67286 15:16:59.803580 rt_sigaction(SIGRT_28, {sa_handler=0x48fc40, sa_mask=~[], sa_flags=SA_RESTORER|SA_ONSTACK|SA_RESTART|SA_SIGINFO, sa_restorer=0x48fd80}, NULL, 8) = 0 <0.000014>
67286 15:16:59.803633 rt_sigaction(SIGRT_29, NULL, {sa_handler=SIG_DFL, sa_mask=[], sa_flags=0}, 8) = 0 <0.000407>
67286 15:16:59.804113 rt_sigaction(SIGRT_29, {sa_handler=0x48fc40, sa_mask=~[], sa_flags=SA_RESTORER|SA_ONSTACK|SA_RESTART|SA_SIGINFO, sa_restorer=0x48fd80}, NULL, 8) = 0 <0.000016>
67286 15:16:59.804178 rt_sigaction(SIGRT_30, NULL, {sa_handler=SIG_DFL, sa_mask=[], sa_flags=0}, 8) = 0 <0.000015>
67286 15:16:59.804308 rt_sigaction(SIGRT_30, {sa_handler=0x48fc40, sa_mask=~[], sa_flags=SA_RESTORER|SA_ONSTACK|SA_RESTART|SA_SIGINFO, sa_restorer=0x48fd80}, NULL, 8) = 0 <0.000015>
67286 15:16:59.804431 rt_sigaction(SIGRT_31, NULL, {sa_handler=SIG_DFL, sa_mask=[], sa_flags=0}, 8) = 0 <0.000016>
67286 15:16:59.804508 rt_sigaction(SIGRT_31, {sa_handler=0x48fc40, sa_mask=~[], sa_flags=SA_RESTORER|SA_ONSTACK|SA_RESTART|SA_SIGINFO, sa_restorer=0x48fd80}, NULL, 8) = 0 <0.000033>
67286 15:16:59.804660 rt_sigaction(SIGRT_32, NULL, {sa_handler=SIG_DFL, sa_mask=[], sa_flags=0}, 8) = 0 <0.000015>
67286 15:16:59.807127 rt_sigaction(SIGRT_32, {sa_handler=0x48fc40, sa_mask=~[], sa_flags=SA_RESTORER|SA_ONSTACK|SA_RESTART|SA_SIGINFO, sa_restorer=0x48fd80}, NULL, 8) = 0 <0.000028>
67286 15:16:59.807319 rt_sigprocmask(SIG_SETMASK, ~[], [], 8) = 0 <0.000019>
67286 15:16:59.807398 clone(child_stack=0x13dd8abc2000, flags=CLONE_VM|CLONE_FS|CLONE_FILES|CLONE_SIGHAND|CLONE_THREAD|CLONE_SYSVSEM|CLONE_SETTLS <unfinished ...>
67287 15:16:59.807586 gettid( <unfinished ...>
67286 15:16:59.807611 <... clone resumed>, tls=0x13dd8abf0090) = 67287 <0.000190>
67287 15:16:59.807634 <... gettid resumed>) = 67287 <0.000029>
67286 15:16:59.807667 rt_sigprocmask(SIG_SETMASK, [],  <unfinished ...>
67287 15:16:59.807696 sigaltstack(NULL, {ss_sp=NULL, ss_flags=SS_DISABLE, ss_size=0}) = 0 <0.000024>
67286 15:16:59.807756 <... rt_sigprocmask resumed>NULL, 8) = 0 <0.000066>
67287 15:16:59.807778 sigaltstack({ss_sp=0x13dd8abf2000, ss_flags=0, ss_size=32768}, NULL) = 0 <0.000017>
67287 15:16:59.807922 rt_sigprocmask(SIG_SETMASK, [],  <unfinished ...>
67286 15:16:59.807950 mmap(0x13dd8ac00000, 4194304, PROT_READ|PROT_WRITE, MAP_PRIVATE|MAP_FIXED|MAP_ANONYMOUS, -1, 0 <unfinished ...>
67287 15:16:59.807976 <... rt_sigprocmask resumed>NULL, 8) = 0 <0.000031>
67287 15:16:59.808411 gettid()          = 67287 <0.000067>
67286 15:16:59.808518 <... mmap resumed>) = 0x13dd8ac00000 <0.000551>
67287 15:16:59.808544 sched_yield()     = 0 <0.000024>
67286 15:16:59.808597 prctl(PR_SET_VMA, PR_SET_VMA_ANON_NAME, 0x13dd8ac00000, 4194304, " Go: heap" <unfinished ...>
67287 15:16:59.808632 futex(0x13dd8abf0538, FUTEX_WAIT_PRIVATE, 4294967295, NULL <unfinished ...>
67286 15:16:59.808683 <... prctl resumed>) = 0 <0.000059>
67286 15:16:59.808738 futex(0x13dd8abf0538, FUTEX_WAKE_PRIVATE, 1) = 1 <0.000018>
67287 15:16:59.808794 <... futex resumed>) = 0 <0.000146>
67286 15:16:59.808830 mmap(NULL, 262144, PROT_READ|PROT_WRITE, MAP_PRIVATE|MAP_ANONYMOUS, -1, 0 <unfinished ...>
67287 15:16:59.809298 nanosleep({tv_sec=0, tv_nsec=20000},  <unfinished ...>
67286 15:16:59.809339 <... mmap resumed>) = 0x7c1399960000 <0.000491>
67286 15:16:59.809376 prctl(PR_SET_VMA, PR_SET_VMA_ANON_NAME, 0x7c1399960000, 262144, " Go: immortal metadata" <unfinished ...>
67287 15:16:59.809457 <... nanosleep resumed>NULL) = 0 <0.000123>
67286 15:16:59.809481 <... prctl resumed>) = 0 <0.000077>
67287 15:16:59.809505 sched_getaffinity(0, 8192, [0 1 2 3 4 5 6 7]) = 8 <0.000047>
67286 15:16:59.809593 rt_sigprocmask(SIG_SETMASK, ~[],  <unfinished ...>
67287 15:16:59.809624 getpid()          = 67286 <0.000022>
67286 15:16:59.809676 <... rt_sigprocmask resumed>[], 8) = 0 <0.000060>
67287 15:16:59.809714 tgkill(67286, 67286, SIGURG <unfinished ...>
67286 15:16:59.809736 clone(child_stack=0x13dd8ac10000, flags=CLONE_VM|CLONE_FS|CLONE_FILES|CLONE_SIGHAND|CLONE_THREAD|CLONE_SYSVSEM|CLONE_SETTLS <unfinished ...>
67287 15:16:59.809759 <... tgkill resumed>) = 0 <0.000029>
67287 15:16:59.810208 nanosleep({tv_sec=0, tv_nsec=20000}, NULL) = 0 <0.000185>
67286 15:16:59.810466 <... clone resumed>, tls=0x13dd8abf0890) = 67288 <0.000713>
67287 15:16:59.810490 nanosleep({tv_sec=0, tv_nsec=20000},  <unfinished ...>
67286 15:16:59.810523 rt_sigprocmask(SIG_SETMASK, [], NULL, 8) = 0 <0.000012>
67288 15:16:59.810582 gettid( <unfinished ...>
67286 15:16:59.810603 --- SIGURG {si_signo=SIGURG, si_code=SI_TKILL, si_pid=67286, si_uid=1000} ---
67288 15:16:59.810674 <... gettid resumed>) = 67288 <0.000074>
67287 15:16:59.810707 <... nanosleep resumed>NULL) = 0 <0.000200>
67286 15:16:59.810725 rt_sigreturn({mask=[]} <unfinished ...>
67287 15:16:59.810749 getpid()          = 67286 <0.000430>
67287 15:16:59.811230 tgkill(67286, 67286, SIGURG <unfinished ...>
67286 15:16:59.811255 <... rt_sigreturn resumed>) = 0 <0.000512>
67287 15:16:59.811290 <... tgkill resumed>) = 0 <0.000041>
67288 15:16:59.811335 sigaltstack(NULL,  <unfinished ...>
67287 15:16:59.811361 nanosleep({tv_sec=0, tv_nsec=20000},  <unfinished ...>
67286 15:16:59.811384 --- SIGURG {si_signo=SIGURG, si_code=SI_TKILL, si_pid=67286, si_uid=1000} ---
67288 15:16:59.811416 <... sigaltstack resumed>{ss_sp=NULL, ss_flags=SS_DISABLE, ss_size=0}) = 0 <0.000065>
67286 15:16:59.811446 rt_sigreturn({mask=[]} <unfinished ...>
67288 15:16:59.811477 sigaltstack({ss_sp=0x13dd8ac00000, ss_flags=0, ss_size=32768},  <unfinished ...>
67287 15:16:59.811505 <... nanosleep resumed>NULL) = 0 <0.000124>
67286 15:16:59.811524 <... rt_sigreturn resumed>) = 0 <0.000061>
67288 15:16:59.811581 <... sigaltstack resumed>NULL) = 0 <0.000085>
67287 15:16:59.812017 getpid( <unfinished ...>
67286 15:16:59.812046 rt_sigprocmask(SIG_SETMASK, ~[],  <unfinished ...>
67288 15:16:59.812073 rt_sigprocmask(SIG_SETMASK, [],  <unfinished ...>
67287 15:16:59.812102 <... getpid resumed>) = 67286 <0.000062>
67288 15:16:59.812122 <... rt_sigprocmask resumed>NULL, 8) = 0 <0.000034>
67287 15:16:59.812143 tgkill(67286, 67286, SIGURG <unfinished ...>
67286 15:16:59.812171 <... rt_sigprocmask resumed>[], 8) = 0 <0.000105>
67288 15:16:59.812209 gettid( <unfinished ...>
67287 15:16:59.812231 <... tgkill resumed>) = 0 <0.000076>
67286 15:16:59.812250 clone(child_stack=0x13dd8ac0c000, flags=CLONE_VM|CLONE_FS|CLONE_FILES|CLONE_SIGHAND|CLONE_THREAD|CLONE_SYSVSEM|CLONE_SETTLS <unfinished ...>
67288 15:16:59.812365 <... gettid resumed>) = 67288 <0.000141>
67287 15:16:59.812437 nanosleep({tv_sec=0, tv_nsec=20000},  <unfinished ...>
67289 15:16:59.812476 gettid( <unfinished ...>
67288 15:16:59.812495 mmap(NULL, 262144, PROT_READ|PROT_WRITE, MAP_PRIVATE|MAP_ANONYMOUS, -1, 0 <unfinished ...>
67286 15:16:59.812564 <... clone resumed>, tls=0x13dd8abf1090) = 67289 <0.000298>
67289 15:16:59.813047 <... gettid resumed>) = 67289 <0.000549>
67288 15:16:59.813097 <... mmap resumed>) = 0x7c1399920000 <0.000585>
67287 15:16:59.813118 <... nanosleep resumed>NULL) = 0 <0.000660>
67286 15:16:59.813142 rt_sigprocmask(SIG_SETMASK, [],  <unfinished ...>
67289 15:16:59.813181 sigaltstack(NULL,  <unfinished ...>
67287 15:16:59.813202 nanosleep({tv_sec=0, tv_nsec=20000},  <unfinished ...>
67289 15:16:59.813230 <... sigaltstack resumed>{ss_sp=NULL, ss_flags=SS_DISABLE, ss_size=0}) = 0 <0.000034>
67289 15:16:59.813274 sigaltstack({ss_sp=0x13dd8ac10000, ss_flags=0, ss_size=32768},  <unfinished ...>
67288 15:16:59.813300 prctl(PR_SET_VMA, PR_SET_VMA_ANON_NAME, 0x7c1399920000, 262144, " Go: immortal metadata" <unfinished ...>
67289 15:16:59.813372 <... sigaltstack resumed>NULL) = 0 <0.000076>
67288 15:16:59.813404 <... prctl resumed>) = 0 <0.000080>
67287 15:16:59.813483 <... nanosleep resumed>NULL) = 0 <0.000259>
67286 15:16:59.813510 <... rt_sigprocmask resumed>NULL, 8) = 0 <0.000339>
67289 15:16:59.813546 rt_sigprocmask(SIG_SETMASK, [],  <unfinished ...>
67288 15:16:59.813576 rt_sigprocmask(SIG_SETMASK, ~[],  <unfinished ...>
67287 15:16:59.817848 nanosleep({tv_sec=0, tv_nsec=20000},  <unfinished ...>
67286 15:16:59.817934 --- SIGURG {si_signo=SIGURG, si_code=SI_TKILL, si_pid=67286, si_uid=1000} ---
67289 15:16:59.817976 <... rt_sigprocmask resumed>NULL, 8) = 0 <0.004406>
67288 15:16:59.818003 <... rt_sigprocmask resumed>[], 8) = 0 <0.004406>
67289 15:16:59.818036 gettid( <unfinished ...>
67287 15:16:59.818060 <... nanosleep resumed>NULL) = 0 <0.000138>
67289 15:16:59.818081 <... gettid resumed>) = 67289 <0.000029>
67287 15:16:59.818106 nanosleep({tv_sec=0, tv_nsec=20000},  <unfinished ...>
67289 15:16:59.818135 futex(0x13dd8abf1160, FUTEX_WAIT_PRIVATE, 0, NULL <unfinished ...>
67287 15:16:59.818237 <... nanosleep resumed>NULL) = 0 <0.000102>
67287 15:16:59.818289 nanosleep({tv_sec=0, tv_nsec=20000}, NULL) = 0 <0.000094>
67287 15:16:59.818438 nanosleep({tv_sec=0, tv_nsec=20000}, NULL) = 0 <0.000092>
67287 15:16:59.818575 nanosleep({tv_sec=0, tv_nsec=20000}, NULL) = 0 <0.000094>
67287 15:16:59.818713 nanosleep({tv_sec=0, tv_nsec=20000}, NULL) = 0 <0.000068>
67287 15:16:59.818847 nanosleep({tv_sec=0, tv_nsec=20000}, NULL) = 0 <0.000092>
67287 15:16:59.818983 nanosleep({tv_sec=0, tv_nsec=20000}, NULL) = 0 <0.000092>
67287 15:16:59.819118 nanosleep({tv_sec=0, tv_nsec=20000}, NULL) = 0 <0.000092>
67287 15:16:59.819255 nanosleep({tv_sec=0, tv_nsec=20000}, NULL) = 0 <0.000095>
67287 15:16:59.819393 nanosleep({tv_sec=0, tv_nsec=20000}, NULL) = 0 <0.000094>
67287 15:16:59.819534 nanosleep({tv_sec=0, tv_nsec=20000}, NULL) = 0 <0.000093>
67287 15:16:59.819671 nanosleep({tv_sec=0, tv_nsec=20000}, NULL) = 0 <0.000092>
67287 15:16:59.819814 nanosleep({tv_sec=0, tv_nsec=20000}, NULL) = 0 <0.000093>
67287 15:16:59.819961 nanosleep({tv_sec=0, tv_nsec=20000}, NULL) = 0 <0.000097>
67287 15:16:59.820107 nanosleep({tv_sec=0, tv_nsec=20000}, NULL) = 0 <0.000094>
67287 15:16:59.820250 nanosleep({tv_sec=0, tv_nsec=20000}, NULL) = 0 <0.000095>
67287 15:16:59.820395 nanosleep({tv_sec=0, tv_nsec=20000}, NULL) = 0 <0.000095>
67287 15:16:59.820536 nanosleep({tv_sec=0, tv_nsec=20000}, NULL) = 0 <0.000097>
67287 15:16:59.820686 nanosleep({tv_sec=0, tv_nsec=20000}, NULL) = 0 <0.000108>
67287 15:16:59.820857 nanosleep({tv_sec=0, tv_nsec=20000},  <unfinished ...>
67286 15:16:59.820893 rt_sigreturn({mask=[]} <unfinished ...>
67288 15:16:59.820971 clone(child_stack=0x13dd8ac30000, flags=CLONE_VM|CLONE_FS|CLONE_FILES|CLONE_SIGHAND|CLONE_THREAD|CLONE_SYSVSEM|CLONE_SETTLS <unfinished ...>
67286 15:16:59.821006 <... rt_sigreturn resumed>) = 0 <0.000049>
67287 15:16:59.821137 <... nanosleep resumed>NULL) = 0 <0.000251>
67286 15:16:59.821178 futex(0xe3bfb8, FUTEX_WAIT_PRIVATE, 0, NULL <unfinished ...>
67290 15:16:59.821205 gettid( <unfinished ...>
67288 15:16:59.821224 <... clone resumed>, tls=0x13dd8ac18090) = 67290 <0.000230>
67290 15:16:59.821247 <... gettid resumed>) = 67290 <0.000030>
67288 15:16:59.821269 rt_sigprocmask(SIG_SETMASK, [],  <unfinished ...>
67290 15:16:59.821298 sigaltstack(NULL,  <unfinished ...>
67288 15:16:59.821319 <... rt_sigprocmask resumed>NULL, 8) = 0 <0.000030>
67290 15:16:59.821342 <... sigaltstack resumed>{ss_sp=NULL, ss_flags=SS_DISABLE, ss_size=0}) = 0 <0.000030>
67288 15:16:59.821369 futex(0xe3bfb8, FUTEX_WAKE_PRIVATE, 1 <unfinished ...>
67290 15:16:59.821392 sigaltstack({ss_sp=0x13dd8ac1e000, ss_flags=0, ss_size=32768},  <unfinished ...>
67288 15:16:59.821419 <... futex resumed>) = 1 <0.000035>
67286 15:16:59.821439 <... futex resumed>) = 0 <0.000243>
67290 15:16:59.821460 <... sigaltstack resumed>NULL) = 0 <0.000050>
67290 15:16:59.821513 rt_sigprocmask(SIG_SETMASK, [],  <unfinished ...>
67287 15:16:59.821559 nanosleep({tv_sec=0, tv_nsec=20000},  <unfinished ...>
67288 15:16:59.821600 futex(0x13dd8abf0960, FUTEX_WAIT_PRIVATE, 0, NULL <unfinished ...>
67286 15:16:59.821624 futex(0x13dd8abf1160, FUTEX_WAKE_PRIVATE, 1 <unfinished ...>
67290 15:16:59.821659 <... rt_sigprocmask resumed>NULL, 8) = 0 <0.000106>
67286 15:16:59.821683 <... futex resumed>) = 1 <0.000044>
67289 15:16:59.821715 <... futex resumed>) = 0 <0.003563>
67287 15:16:59.821740 <... nanosleep resumed>NULL) = 0 <0.000157>
67286 15:16:59.821762 futex(0xe3bfb8, FUTEX_WAIT_PRIVATE, 0, NULL <unfinished ...>
67289 15:16:59.821785 futex(0xe3bfb8, FUTEX_WAKE_PRIVATE, 1 <unfinished ...>
67287 15:16:59.821822 nanosleep({tv_sec=0, tv_nsec=20000},  <unfinished ...>
67286 15:16:59.821851 <... futex resumed>) = -1 EAGAIN (Resource temporarily unavailable) <0.000074>
67289 15:16:59.821881 <... futex resumed>) = 0 <0.000069>
67286 15:16:59.821904 futex(0x13dd8abf0960, FUTEX_WAKE_PRIVATE, 1 <unfinished ...>
67289 15:16:59.821928 futex(0x13dd8abf1160, FUTEX_WAIT_PRIVATE, 0, NULL <unfinished ...>
67288 15:16:59.821953 <... futex resumed>) = 0 <0.000336>
67287 15:16:59.821973 <... nanosleep resumed>NULL) = 0 <0.000129>
67286 15:16:59.821994 <... futex resumed>) = 1 <0.000075>
67288 15:16:59.822016 futex(0xe3bfb8, FUTEX_WAKE_PRIVATE, 1 <unfinished ...>
67287 15:16:59.822038 nanosleep({tv_sec=0, tv_nsec=20000},  <unfinished ...>
67290 15:16:59.822076 gettid()          = 67290 <0.000015>
67287 15:16:59.822164 <... nanosleep resumed>NULL) = 0 <0.000102>
67290 15:16:59.822196 nanosleep({tv_sec=0, tv_nsec=3000},  <unfinished ...>
67287 15:16:59.822238 nanosleep({tv_sec=0, tv_nsec=20000},  <unfinished ...>
67288 15:16:59.822266 <... futex resumed>) = 0 <0.000234>
67286 15:16:59.822288 prlimit64(0, RLIMIT_NOFILE, NULL,  <unfinished ...>
67290 15:16:59.822311 <... nanosleep resumed>NULL) = 0 <0.000096>
67288 15:16:59.822330 futex(0x13dd8abf0960, FUTEX_WAIT_PRIVATE, 0, NULL <unfinished ...>
67290 15:16:59.822353 futex(0x13dd8abf0960, FUTEX_WAKE_PRIVATE, 1 <unfinished ...>
67286 15:16:59.822375 <... prlimit64 resumed>{rlim_cur=1024*1024, rlim_max=1024*1024}) = 0 <0.000073>
67290 15:16:59.822404 <... futex resumed>) = 0 <0.000034>
67288 15:16:59.822426 <... futex resumed>) = -1 EAGAIN (Resource temporarily unavailable) <0.000082>
67290 15:16:59.822452 futex(0x13dd8ac18160, FUTEX_WAIT_PRIVATE, 0, NULL <unfinished ...>
67288 15:16:59.822474 futex(0x13dd8abf0960, FUTEX_WAIT_PRIVATE, 0, NULL <unfinished ...>
67286 15:16:59.822499 fcntl(0, F_GETFL) = 0x8002 (flags O_RDWR|O_LARGEFILE) <0.000026>
67286 15:16:59.822590 futex(0x13dd8abf0960, FUTEX_WAKE_PRIVATE, 1 <unfinished ...>
67287 15:16:59.822622 <... nanosleep resumed>NULL) = 0 <0.000364>
67287 15:16:59.822690 nanosleep({tv_sec=0, tv_nsec=20000},  <unfinished ...>
67286 15:16:59.822720 <... futex resumed>) = 1 <0.000105>
67288 15:16:59.822752 <... futex resumed>) = 0 <0.000265>
67288 15:16:59.822793 nanosleep({tv_sec=0, tv_nsec=3000},  <unfinished ...>
67287 15:16:59.822854 <... nanosleep resumed>NULL) = 0 <0.000142>
67287 15:16:59.822895 nanosleep({tv_sec=0, tv_nsec=20000},  <unfinished ...>
67288 15:16:59.822963 <... nanosleep resumed>NULL) = 0 <0.000115>
67288 15:16:59.823007 futex(0x13dd8ac18160, FUTEX_WAKE_PRIVATE, 1 <unfinished ...>
67287 15:16:59.823030 <... nanosleep resumed>NULL) = 0 <0.000116>
67288 15:16:59.823071 <... futex resumed>) = 1 <0.000047>
67287 15:16:59.823093 nanosleep({tv_sec=0, tv_nsec=20000},  <unfinished ...>
67290 15:16:59.823121 <... futex resumed>) = 0 <0.000654>
67290 15:16:59.823179 futex(0x13dd8ac18160, FUTEX_WAIT_PRIVATE, 0, NULL <unfinished ...>
67288 15:16:59.823213 futex(0x13dd8abf0960, FUTEX_WAIT_PRIVATE, 0, NULL <unfinished ...>
67287 15:16:59.823236 <... nanosleep resumed>NULL) = 0 <0.000122>
67287 15:16:59.823279 nanosleep({tv_sec=0, tv_nsec=20000}, NULL) = 0 <0.000094>
67287 15:16:59.823421 nanosleep({tv_sec=0, tv_nsec=20000}, NULL) = 0 <0.000117>
67287 15:16:59.823609 nanosleep({tv_sec=0, tv_nsec=20000}, NULL) = 0 <0.000119>
67287 15:16:59.823815 nanosleep({tv_sec=0, tv_nsec=20000}, NULL) = 0 <0.000103>
67287 15:16:59.823970 nanosleep({tv_sec=0, tv_nsec=20000}, NULL) = 0 <0.000114>
67287 15:16:59.824140 nanosleep({tv_sec=0, tv_nsec=20000}, NULL) = 0 <0.000092>
67287 15:16:59.824279 nanosleep({tv_sec=0, tv_nsec=20000}, NULL) = 0 <0.000095>
67287 15:16:59.824420 nanosleep({tv_sec=0, tv_nsec=20000}, NULL) = 0 <0.000092>
67287 15:16:59.824555 nanosleep({tv_sec=0, tv_nsec=20000}, NULL) = 0 <0.000092>
67287 15:16:59.824693 nanosleep({tv_sec=0, tv_nsec=20000}, NULL) = 0 <0.000101>
67287 15:16:59.824843 nanosleep({tv_sec=0, tv_nsec=20000}, NULL) = 0 <0.000093>
67287 15:16:59.824980 nanosleep({tv_sec=0, tv_nsec=20000}, NULL) = 0 <0.000094>
67287 15:16:59.825125 nanosleep({tv_sec=0, tv_nsec=20000}, NULL) = 0 <0.000094>
67287 15:16:59.825264 nanosleep({tv_sec=0, tv_nsec=20000}, NULL) = 0 <0.000093>
67287 15:16:59.825404 nanosleep({tv_sec=0, tv_nsec=20000}, NULL) = 0 <0.000095>
67287 15:16:59.825542 nanosleep({tv_sec=0, tv_nsec=20000}, NULL) = 0 <0.000092>
67287 15:16:59.825677 nanosleep({tv_sec=0, tv_nsec=20000}, NULL) = 0 <0.000093>
67287 15:16:59.825825 nanosleep({tv_sec=0, tv_nsec=40000}, NULL) = 0 <0.000118>
67287 15:16:59.825995 nanosleep({tv_sec=0, tv_nsec=80000}, NULL) = 0 <0.000157>
67287 15:16:59.826206 nanosleep({tv_sec=0, tv_nsec=160000}, NULL) = 0 <0.000237>
67287 15:16:59.826495 nanosleep({tv_sec=0, tv_nsec=320000}, NULL) = 0 <0.000396>
67287 15:16:59.826967 nanosleep({tv_sec=0, tv_nsec=640000}, NULL) = 0 <0.002863>
67286 15:16:59.829973 fcntl(1, F_GETFL <unfinished ...>
67287 15:16:59.830034 nanosleep({tv_sec=0, tv_nsec=1280000},  <unfinished ...>
67286 15:16:59.830097 <... fcntl resumed>) = 0x1 (flags O_WRONLY) <0.000077>
67286 15:16:59.830159 fcntl(2, F_GETFL) = 0x8000 (flags O_RDONLY|O_LARGEFILE) <0.000019>
67286 15:16:59.830320 readlinkat(AT_FDCWD, "/proc/self/exe", "/opt/datadog-packages/datadog-ap"..., 128) = 62 <0.000092>
67286 15:16:59.830492 openat(AT_FDCWD, "/opt/datadog-packages/datadog-apm-inject/0.58.0/inject/process", O_RDONLY|O_CLOEXEC) = 3 <0.000069>
67286 15:16:59.830613 fcntl(3, F_GETFL) = 0x8000 (flags O_RDONLY|O_LARGEFILE) <0.000018>
67286 15:16:59.830674 fcntl(3, F_SETFL, O_RDONLY|O_NONBLOCK|O_LARGEFILE) = 0 <0.000019>
67286 15:16:59.830734 epoll_create1(EPOLL_CLOEXEC) = 4 <0.000025>
67286 15:16:59.830810 eventfd2(0, EFD_CLOEXEC|EFD_NONBLOCK) = 5 <0.000026>
67286 15:16:59.830884 epoll_ctl(4, EPOLL_CTL_ADD, 5, {events=EPOLLIN, data={u32=15056880, u64=15056880}}) = 0 <0.000025>
67286 15:16:59.830970 epoll_ctl(4, EPOLL_CTL_ADD, 3, {events=EPOLLIN|EPOLLOUT|EPOLLRDHUP|EPOLLET, data={u32=1191182337, u64=4470329269993603073}}) = -1 EPERM (Operation not permitted) <0.000019>
67286 15:16:59.831047 fcntl(3, F_GETFL) = 0x8800 (flags O_RDONLY|O_NONBLOCK|O_LARGEFILE) <0.000018>
67286 15:16:59.831106 fcntl(3, F_SETFL, O_RDONLY|O_LARGEFILE) = 0 <0.000018>
67286 15:16:59.831169 fstat(3, {st_mode=S_IFREG|0755, st_size=10719394, ...}) = 0 <0.000020>
67286 15:16:59.831245 pread64(3, "\177ELF\2\1\1\0\0\0\0\0\0\0\0\0\2\0>\0\1\0\0\0\240\367H\0\0\0\0\0"..., 64, 0) = 64 <0.000031>
67286 15:16:59.831325 pread64(3, "\343E\17\0200E\17\0213E\17\20p\20E\17\21s\20E\17\20p\30E\17\21s\30L\211\322"..., 64, 1339924) = 64 <0.000020>
67286 15:16:59.831396 pread64(3,  <unfinished ...>
67287 15:16:59.831434 <... nanosleep resumed>NULL) = 0 <0.001363>
67286 15:16:59.831460 <... pread64 resumed>"\0\0\0H\213\264$\250\0\0\0L\213\204$\260\0\0\0L\213\220\330\1\0\0H\211\320I\211\331"..., 64, 2679848) = 64 <0.000049>
67287 15:16:59.831488 epoll_pwait(4, [], 128, 0, NULL, 0) = 0 <0.000025>
67286 15:16:59.831544 pread64(3,  <unfinished ...>
67287 15:16:59.831565 nanosleep({tv_sec=0, tv_nsec=2560000},  <unfinished ...>
67286 15:16:59.832430 <... pread64 resumed>"\240\0\0\0D\17\266\214$\250\0\0\0I\211\342D\17\0201E\17\0212D\17\20q\20E\17\21"..., 64, 4019772) = 64 <0.000849>
67286 15:16:59.832595 pread64(3, "r\225\0\0\0\0\0\0105\0\0\1\0\0\0\20\0\0\0\0\0\0\0\330\7\0\0 W\3\0\300"..., 64, 5359697) = 64 <0.000024>
67286 15:16:59.832671 pread64(3, "o.uber.org/zap.anyFieldC[bool].A"..., 64, 6699621) = 64 <0.000019>
67286 15:16:59.832736 pread64(3, "\2\n\0\0]\2l\2 \2/\2\v\7\24\0\0\22\4B\3?\4\244\1\0\0T\2\1\2\20"..., 64, 8039545) = 64 <0.000020>
67286 15:16:59.832813 pread64(3, "\377\377\377\223\1\t\0\226\1\t\0\0\2557\0\277\265\6\0\10\0\0\0\0\0\0\0\367\223\20\0\6"..., 64, 9379469) = 64 <0.000439>
67286 15:16:59.833322 close(3)          = 0 <0.000022>
67287 15:16:59.834341 <... nanosleep resumed>NULL) = 0 <0.002744>
67286 15:16:59.834403 openat(AT_FDCWD, "/proc/self/cgroup", O_RDONLY|O_CLOEXEC <unfinished ...>
67287 15:16:59.834449 nanosleep({tv_sec=0, tv_nsec=5120000},  <unfinished ...>
67286 15:16:59.834554 <... openat resumed>) = 3 <0.000113>
67286 15:16:59.834597 fcntl(3, F_GETFL) = 0x8000 (flags O_RDONLY|O_LARGEFILE) <0.000015>
67286 15:16:59.834653 fcntl(3, F_SETFL, O_RDONLY|O_NONBLOCK|O_LARGEFILE) = 0 <0.000014>
67286 15:16:59.834708 epoll_ctl(4, EPOLL_CTL_ADD, 3, {events=EPOLLIN|EPOLLOUT|EPOLLRDHUP|EPOLLET, data={u32=1191182338, u64=4470329269993603074}}) = -1 EPERM (Operation not permitted) <0.001649>
67286 15:16:59.836489 fcntl(3, F_GETFL) = 0x8800 (flags O_RDONLY|O_NONBLOCK|O_LARGEFILE) <0.000021>
67286 15:16:59.836579 fcntl(3, F_SETFL, O_RDONLY|O_LARGEFILE) = 0 <0.000019>
67286 15:16:59.836663 read(3, "0::/user.slice/user-1000.slice/u"..., 4096) = 97 <0.000083>
67286 15:16:59.837343 read(3, "", 3999) = 0 <0.000022>
67286 15:16:59.837436 close(3)          = 0 <0.000023>
67286 15:16:59.837825 futex(0x13dd8abf0960, FUTEX_WAKE_PRIVATE, 1 <unfinished ...>
67288 15:16:59.838843 <... futex resumed>) = 0 <0.015592>
67286 15:16:59.838944 <... futex resumed>) = 1 <0.001084>
67288 15:16:59.838998 nanosleep({tv_sec=0, tv_nsec=3000}, NULL) = 0 <0.000080>
67288 15:16:59.839150 futex(0x13dd8ac18160, FUTEX_WAKE_PRIVATE, 1) = 1 <0.000026>
67290 15:16:59.839227 <... futex resumed>) = 0 <0.016019>
67288 15:16:59.839252 futex(0x13dd8abf0960, FUTEX_WAIT_PRIVATE, 0, NULL <unfinished ...>
67290 15:16:59.839283 futex(0x13dd8ac18160, FUTEX_WAIT_PRIVATE, 0, NULL <unfinished ...>
67286 15:16:59.839417 openat(AT_FDCWD, "/proc/stat", O_RDONLY|O_CLOEXEC <unfinished ...>
67287 15:16:59.839709 <... nanosleep resumed>NULL) = 0 <0.005225>
67287 15:16:59.839770 nanosleep({tv_sec=0, tv_nsec=10000000},  <unfinished ...>
67286 15:16:59.840734 <... openat resumed>) = 3 <0.001248>
67286 15:16:59.840885 fcntl(3, F_GETFL) = 0x8000 (flags O_RDONLY|O_LARGEFILE) <0.000016>
67286 15:16:59.840964 fcntl(3, F_SETFL, O_RDONLY|O_NONBLOCK|O_LARGEFILE) = 0 <0.000018>
67286 15:16:59.841066 epoll_ctl(4, EPOLL_CTL_ADD, 3, {events=EPOLLIN|EPOLLOUT|EPOLLRDHUP|EPOLLET, data={u32=1191182339, u64=4470329269993603075}}) = 0 <0.000016>
67286 15:16:59.841174 read(3, "cpu  498643 2127106 131663 14961"..., 4096) = 4096 <0.000076>
67286 15:16:59.841298 epoll_ctl(4, EPOLL_CTL_DEL, 3, 0x13dd8ac9d9bc) = 0 <0.000012>
67286 15:16:59.841342 close(3)          = 0 <0.000014>
67286 15:16:59.841407 openat(AT_FDCWD, "/proc/stat", O_RDONLY|O_CLOEXEC) = 3 <0.000035>
67286 15:16:59.841485 fcntl(3, F_GETFL) = 0x8000 (flags O_RDONLY|O_LARGEFILE) <0.000010>
67286 15:16:59.841526 fcntl(3, F_SETFL, O_RDONLY|O_NONBLOCK|O_LARGEFILE) = 0 <0.000035>
67286 15:16:59.842439 epoll_ctl(4, EPOLL_CTL_ADD, 3, {events=EPOLLIN|EPOLLOUT|EPOLLRDHUP|EPOLLET, data={u32=1191182340, u64=4470329269993603076}}) = 0 <0.000026>
67286 15:16:59.842561 read(3, "cpu  498643 2127106 131663 14961"..., 4096) = 4096 <0.000091>
67286 15:16:59.842717 read(3, "0 0 0 0 0 0 0 0 0 0 0 0 0 0 0 0 "..., 435) = 435 <0.000015>
67286 15:16:59.842817 read(3, " 0 0 0 0 0 0 0 0 0 0 0 0 0 0 0 0"..., 4096) = 245 <0.000015>
67286 15:16:59.842890 read(3, "", 4096) = 0 <0.000012>
67286 15:16:59.842939 epoll_ctl(4, EPOLL_CTL_DEL, 3, 0x13dd8ac9d9bc) = 0 <0.000461>
67286 15:16:59.843487 close(3)          = 0 <0.000044>
67286 15:16:59.845682 futex(0x13dd8ac18160, FUTEX_WAKE_PRIVATE, 1) = 1 <0.000116>
67290 15:16:59.846870 <... futex resumed>) = 0 <0.007496>
67290 15:16:59.846966 nanosleep({tv_sec=0, tv_nsec=3000}, NULL) = 0 <0.000081>
67290 15:16:59.847127 futex(0x13dd8abf0960, FUTEX_WAKE_PRIVATE, 1) = 1 <0.000022>
67288 15:16:59.847180 <... futex resumed>) = 0 <0.007914>
67286 15:16:59.847205 openat(AT_FDCWD, "/etc/datadog-agent/inject/host_config.yaml", O_RDONLY|O_CLOEXEC <unfinished ...>
67288 15:16:59.847240 futex(0x13dd8abf0960, FUTEX_WAIT_PRIVATE, 0, NULL <unfinished ...>
67286 15:16:59.847289 <... openat resumed>) = -1 ENOENT (No such file or directory) <0.000054>
67290 15:16:59.847325 futex(0x13dd8abf0960, FUTEX_WAKE_PRIVATE, 1) = 1 <0.000025>
67288 15:16:59.847382 <... futex resumed>) = 0 <0.000126>
67288 15:16:59.847883 epoll_pwait(4,  <unfinished ...>
67286 15:16:59.848407 getppid()         = 67285 <0.000021>
67286 15:16:59.848507 readlinkat(AT_FDCWD, "/proc/67285/exe", "/home/lvx/LVX/lumvorax2/src/adva"..., 128) = 125 <0.000041>
67286 15:16:59.848624 getppid()         = 67285 <0.000019>
67286 15:16:59.848688 openat(AT_FDCWD, "/proc/67285/cmdline", O_RDONLY|O_CLOEXEC) = 3 <0.000069>
67286 15:16:59.848860 fcntl(3, F_GETFL) = 0x8000 (flags O_RDONLY|O_LARGEFILE) <0.000022>
67286 15:16:59.849324 fcntl(3, F_SETFL, O_RDONLY|O_NONBLOCK|O_LARGEFILE) = 0 <0.000022>
67286 15:16:59.849399 epoll_ctl(4, EPOLL_CTL_ADD, 3, {events=EPOLLIN|EPOLLOUT|EPOLLRDHUP|EPOLLET, data={u32=1191182341, u64=4470329269993603077}}) = -1 EPERM (Operation not permitted) <0.000020>
67286 15:16:59.849485 fcntl(3, F_GETFL) = 0x8800 (flags O_RDONLY|O_NONBLOCK|O_LARGEFILE) <0.000018>
67286 15:16:59.849548 fcntl(3, F_SETFL, O_RDONLY|O_LARGEFILE) = 0 <0.000018>
67286 15:16:59.849637 read(3, "tests/test_c554_batch_builder_au"..., 512) = 35 <0.000033>
67286 15:16:59.849740 read(3, "", 477)  = 0 <0.000021>
67286 15:16:59.849822 close(3 <unfinished ...>
67290 15:16:59.849880 futex(0x13dd8ac18160, FUTEX_WAIT_PRIVATE, 0, NULL <unfinished ...>
67287 15:16:59.849906 <... nanosleep resumed>NULL) = 0 <0.010095>
67287 15:16:59.849949 nanosleep({tv_sec=0, tv_nsec=20000},  <unfinished ...>
67286 15:16:59.849978 <... close resumed>) = 0 <0.000135>
67286 15:16:59.850030 openat(AT_FDCWD, "/proc/67285/environ", O_RDONLY|O_CLOEXEC <unfinished ...>
67287 15:16:59.850062 <... nanosleep resumed>NULL) = 0 <0.000091>
67287 15:16:59.850185 nanosleep({tv_sec=0, tv_nsec=20000},  <unfinished ...>
67286 15:16:59.850233 <... openat resumed>) = 3 <0.000175>
67286 15:16:59.850299 fcntl(3, F_GETFL <unfinished ...>
67287 15:16:59.850346 <... nanosleep resumed>NULL) = 0 <0.000125>
67287 15:16:59.850414 nanosleep({tv_sec=0, tv_nsec=20000}, NULL) = 0 <0.000102>
67287 15:16:59.850580 futex(0xe3d900, FUTEX_WAIT_PRIVATE, 0, {tv_sec=0, tv_nsec=996725930} <unfinished ...>
67286 15:16:59.850610 <... fcntl resumed>) = 0x8000 (flags O_RDONLY|O_LARGEFILE) <0.000282>
67286 15:16:59.851371 futex(0xe3d900, FUTEX_WAKE_PRIVATE, 1) = 1 <0.000022>
67286 15:16:59.851443 fcntl(3, F_SETFL, O_RDONLY|O_NONBLOCK|O_LARGEFILE) = 0 <0.000013>
67286 15:16:59.851494 epoll_ctl(4, EPOLL_CTL_ADD, 3, {events=EPOLLIN|EPOLLOUT|EPOLLRDHUP|EPOLLET, data={u32=1191182342, u64=4470329269993603078}}) = -1 EPERM (Operation not permitted) <0.000016>
67286 15:16:59.851566 fcntl(3, F_GETFL) = 0x8800 (flags O_RDONLY|O_NONBLOCK|O_LARGEFILE) <0.000012>
67286 15:16:59.851615 fcntl(3, F_SETFL, O_RDONLY|O_LARGEFILE <unfinished ...>
67287 15:16:59.851649 <... futex resumed>) = 0 <0.001045>
67286 15:16:59.851692 <... fcntl resumed>) = 0 <0.000061>
67287 15:16:59.851730 nanosleep({tv_sec=0, tv_nsec=20000},  <unfinished ...>
67286 15:16:59.851767 read(3,  <unfinished ...>
67287 15:16:59.851849 <... nanosleep resumed>NULL) = 0 <0.000095>
67286 15:16:59.851885 <... read resumed>"SHELL=/usr/bin/fish\0SESSION_MANA"..., 512) = 512 <0.000103>
67287 15:16:59.852365 nanosleep({tv_sec=0, tv_nsec=20000},  <unfinished ...>
67286 15:16:59.852402 read(3, "TRON_RUN_AS_NODE=1\0XMODIFIERS=@i"..., 256) = 256 <0.000024>
67286 15:16:59.852498 read(3, "ix/profiles/default /home/lvx/.n"..., 384) = 384 <0.000046>
67286 15:16:59.852596 read(3,  <unfinished ...>
67287 15:16:59.852638 <... nanosleep resumed>NULL) = 0 <0.000242>
67286 15:16:59.852658 <... read resumed>"in /home/lvx/.npm-global/bin\0GJS"..., 576) = 576 <0.000041>
67287 15:16:59.852709 nanosleep({tv_sec=0, tv_nsec=20000},  <unfinished ...>
67286 15:16:59.852744 read(3, "tensions/vscode.json-language-fe"..., 896) = 896 <0.000016>
67287 15:16:59.852823 <... nanosleep resumed>NULL) = 0 <0.000091>
67286 15:16:59.852864 read(3,  <unfinished ...>
67287 15:16:59.852903 nanosleep({tv_sec=0, tv_nsec=20000},  <unfinished ...>
67286 15:16:59.852962 <... read resumed>"lobal/bin:/home/lvx/.nix-profile"..., 1408) = 1408 <0.000081>
67287 15:16:59.853457 <... nanosleep resumed>NULL) = 0 <0.000526>
67286 15:16:59.853493 read(3,  <unfinished ...>
67287 15:16:59.853548 nanosleep({tv_sec=0, tv_nsec=20000},  <unfinished ...>
67286 15:16:59.853576 <... read resumed>"HANDLES_UNCAUGHT_ERRORS=true\0OLD"..., 2048) = 78 <0.000069>
67286 15:16:59.853624 read(3, "", 1970) = 0 <0.000016>
67287 15:16:59.853752 <... nanosleep resumed>NULL) = 0 <0.000180>
67286 15:16:59.853775 close(3 <unfinished ...>
67287 15:16:59.853831 nanosleep({tv_sec=0, tv_nsec=20000},  <unfinished ...>
67286 15:16:59.853862 <... close resumed>) = 0 <0.000073>
67286 15:16:59.853929 openat(AT_FDCWD, "/etc/datadog-agent/inject/policies.binpb", O_RDONLY|O_CLOEXEC <unfinished ...>
67287 15:16:59.854023 <... nanosleep resumed>NULL) = 0 <0.000164>
67286 15:16:59.854054 <... openat resumed>) = -1 ENOENT (No such file or directory) <0.000082>
67287 15:16:59.854099 nanosleep({tv_sec=0, tv_nsec=20000},  <unfinished ...>
67286 15:16:59.854131 getppid()         = 67285 <0.000035>
67287 15:16:59.854660 <... nanosleep resumed>NULL) = 0 <0.000536>
67286 15:16:59.854693 openat(AT_FDCWD, "/proc/67285/fd", O_RDONLY|O_CLOEXEC|O_DIRECTORY <unfinished ...>
67287 15:16:59.854827 nanosleep({tv_sec=0, tv_nsec=20000},  <unfinished ...>
67286 15:16:59.854863 <... openat resumed>) = 3 <0.000118>
67287 15:16:59.854982 <... nanosleep resumed>NULL) = 0 <0.000125>
67286 15:16:59.855007 getdents64(3,  <unfinished ...>
67287 15:16:59.855062 nanosleep({tv_sec=0, tv_nsec=20000}, NULL) = 0 <0.000179>
67287 15:16:59.855392 futex(0xe3d900, FUTEX_WAIT_PRIVATE, 0, {tv_sec=0, tv_nsec=991917049} <unfinished ...>
67286 15:16:59.855511 <... getdents64 resumed>0x13dd8ad14000 /* 23 entries */, 8192) = 552 <0.000468>
67286 15:16:59.856046 futex(0xe3d900, FUTEX_WAKE_PRIVATE, 1 <unfinished ...>
67287 15:16:59.856103 <... futex resumed>) = 0 <0.000663>
67286 15:16:59.856126 <... futex resumed>) = 1 <0.000048>
67287 15:16:59.856184 nanosleep({tv_sec=0, tv_nsec=20000},  <unfinished ...>
67286 15:16:59.856222 getdents64(3, 0x13dd8ad14000 /* 0 entries */, 8192) = 0 <0.000015>
67286 15:16:59.856361 close(3 <unfinished ...>
67287 15:16:59.856818 <... nanosleep resumed>NULL) = 0 <0.000605>
67286 15:16:59.856878 <... close resumed>) = 0 <0.000496>
67287 15:16:59.856944 nanosleep({tv_sec=0, tv_nsec=20000},  <unfinished ...>
67286 15:16:59.856975 readlinkat(AT_FDCWD, "/proc/67285/fd/0", "socket:[292556]", 128) = 15 <0.000055>
67287 15:16:59.857135 <... nanosleep resumed>NULL) = 0 <0.000162>
67286 15:16:59.857197 readlinkat(AT_FDCWD, "/proc/67285/fd/1",  <unfinished ...>
67287 15:16:59.857528 nanosleep({tv_sec=0, tv_nsec=20000},  <unfinished ...>
67286 15:16:59.857580 <... readlinkat resumed>"pipe:[291833]", 128) = 13 <0.000341>
67286 15:16:59.857627 readlinkat(AT_FDCWD, "/proc/67285/fd/103",  <unfinished ...>
67287 15:16:59.858372 <... nanosleep resumed>NULL) = 0 <0.000816>
67287 15:16:59.858423 nanosleep({tv_sec=0, tv_nsec=20000},  <unfinished ...>
67286 15:16:59.858485 <... readlinkat resumed>"/usr/share/bobide/v8_context_sna"..., 128) = 41 <0.000127>
67286 15:16:59.858543 readlinkat(AT_FDCWD, "/proc/67285/fd/2", "pipe:[291833]", 128) = 13 <0.000035>
67287 15:16:59.858637 <... nanosleep resumed>NULL) = 0 <0.000191>
67287 15:16:59.858707 nanosleep({tv_sec=0, tv_nsec=20000},  <unfinished ...>
67286 15:16:59.858771 readlinkat(AT_FDCWD, "/proc/67285/fd/3",  <unfinished ...>
67287 15:16:59.858828 <... nanosleep resumed>NULL) = 0 <0.000096>
67287 15:16:59.858896 nanosleep({tv_sec=0, tv_nsec=20000},  <unfinished ...>
67286 15:16:59.858925 <... readlinkat resumed>"/memfd:dd_language_detected (del"..., 128) = 37 <0.000130>
67286 15:16:59.858984 readlinkat(AT_FDCWD, "/proc/67285/fd/38",  <unfinished ...>
67287 15:16:59.859060 <... nanosleep resumed>NULL) = 0 <0.000140>
67286 15:16:59.859093 <... readlinkat resumed>"anon_inode:inotify", 128) = 18 <0.000086>
67287 15:16:59.859148 nanosleep({tv_sec=0, tv_nsec=20000},  <unfinished ...>
67286 15:16:59.859178 readlinkat(AT_FDCWD, "/proc/67285/fd/39", "socket:[127115]", 128) = 15 <0.000048>
67287 15:16:59.859703 <... nanosleep resumed>NULL) = 0 <0.000535>
67287 15:16:59.859748 nanosleep({tv_sec=0, tv_nsec=20000},  <unfinished ...>
67286 15:16:59.859808 readlinkat(AT_FDCWD, "/proc/67285/fd/4",  <unfinished ...>
67287 15:16:59.859875 <... nanosleep resumed>NULL) = 0 <0.000104>
67286 15:16:59.859896 <... readlinkat resumed>"/memfd:dd_inject_info (deleted)", 128) = 31 <0.000062>
67287 15:16:59.859934 nanosleep({tv_sec=0, tv_nsec=20000},  <unfinished ...>
67286 15:16:59.859982 openat(AT_FDCWD, "/proc/67285/fd/4", O_RDONLY|O_CLOEXEC <unfinished ...>
67287 15:16:59.860051 <... nanosleep resumed>NULL) = 0 <0.000096>
67286 15:16:59.860080 <... openat resumed>) = 3 <0.000074>
67287 15:16:59.860101 nanosleep({tv_sec=0, tv_nsec=20000}, NULL) = 0 <0.000092>
67286 15:16:59.860232 fcntl(3, F_GETFL <unfinished ...>
67287 15:16:59.860258 nanosleep({tv_sec=0, tv_nsec=20000}, NULL) = 0 <0.000095>
67287 15:16:59.860407 futex(0xe3d900, FUTEX_WAIT_PRIVATE, 0, {tv_sec=0, tv_nsec=986903928} <unfinished ...>
67286 15:16:59.861106 <... fcntl resumed>) = 0x8000 (flags O_RDONLY|O_LARGEFILE) <0.000845>
67286 15:16:59.861186 futex(0xe3d900, FUTEX_WAKE_PRIVATE, 1) = 1 <0.000020>
67286 15:16:59.861266 fcntl(3, F_SETFL, O_RDONLY|O_NONBLOCK|O_LARGEFILE) = 0 <0.000021>
67286 15:16:59.861333 epoll_ctl(4, EPOLL_CTL_ADD, 3, {events=EPOLLIN|EPOLLOUT|EPOLLRDHUP|EPOLLET, data={u32=1191182343, u64=4470329269993603079}} <unfinished ...>
67287 15:16:59.861386 <... futex resumed>) = 0 <0.000953>
67287 15:16:59.861422 getpid( <unfinished ...>
67286 15:16:59.861463 <... epoll_ctl resumed>) = -1 EPERM (Operation not permitted) <0.000097>
67287 15:16:59.861506 <... getpid resumed>) = 67286 <0.000068>
67286 15:16:59.861545 futex(0x13dd8ac18160, FUTEX_WAKE_PRIVATE, 1 <unfinished ...>
67287 15:16:59.861580 tgkill(67286, 67286, SIGURG <unfinished ...>
67290 15:16:59.861626 <... futex resumed>) = 0 <0.011727>
67286 15:16:59.861649 <... futex resumed>) = 1 <0.000089>
67290 15:16:59.861723 futex(0x13dd8abf1160, FUTEX_WAKE_PRIVATE, 1 <unfinished ...>
67287 15:16:59.861744 <... tgkill resumed>) = 0 <0.000148>
67286 15:16:59.861762 --- SIGURG {si_signo=SIGURG, si_code=SI_TKILL, si_pid=67286, si_uid=1000} ---
67287 15:16:59.861826 nanosleep({tv_sec=0, tv_nsec=20000},  <unfinished ...>
67286 15:16:59.861869 rt_sigreturn({mask=[]} <unfinished ...>
67290 15:16:59.861946 <... futex resumed>) = 1 <0.000205>
67289 15:16:59.862541 <... futex resumed>) = 0 <0.040587>
67286 15:16:59.862590 <... rt_sigreturn resumed>) = 1 <0.000698>
67290 15:16:59.862620 fcntl(3, F_GETFL <unfinished ...>
67289 15:16:59.862644 futex(0x13dd8abf1160, FUTEX_WAIT_PRIVATE, 0, NULL <unfinished ...>
67287 15:16:59.862664 <... nanosleep resumed>NULL) = 0 <0.000803>
67287 15:16:59.862707 nanosleep({tv_sec=0, tv_nsec=20000},  <unfinished ...>
67290 15:16:59.862776 <... fcntl resumed>) = 0x8800 (flags O_RDONLY|O_NONBLOCK|O_LARGEFILE) <0.000139>
67286 15:16:59.862822 futex(0xe3bfb8, FUTEX_WAIT_PRIVATE, 0, NULL <unfinished ...>
67287 15:16:59.862883 <... nanosleep resumed>NULL) = 0 <0.000116>
67290 15:16:59.862941 futex(0xe3d900, FUTEX_WAKE_PRIVATE, 1 <unfinished ...>
67287 15:16:59.862971 futex(0xe3d900, FUTEX_WAIT_PRIVATE, 0, {tv_sec=0, tv_nsec=984383598} <unfinished ...>
67290 15:16:59.863013 <... futex resumed>) = 0 <0.000054>
67287 15:16:59.863044 <... futex resumed>) = -1 EAGAIN (Resource temporarily unavailable) <0.000047>
67290 15:16:59.863088 fcntl(3, F_SETFL, O_RDONLY|O_LARGEFILE <unfinished ...>
67287 15:16:59.863119 nanosleep({tv_sec=0, tv_nsec=20000},  <unfinished ...>
67290 15:16:59.863151 <... fcntl resumed>) = 0 <0.000044>
67290 15:16:59.863199 fstat(3, {st_mode=S_IFREG|0777, st_size=114, ...}) = 0 <0.000027>
67287 15:16:59.863284 <... nanosleep resumed>NULL) = 0 <0.000146>
67290 15:16:59.863316 read(3,  <unfinished ...>
67287 15:16:59.863352 nanosleep({tv_sec=0, tv_nsec=20000},  <unfinished ...>
67290 15:16:59.863387 <... read resumed>"{\n    \"runtime_id\": \"e8229d4c-4e"..., 512) = 114 <0.000052>
67290 15:16:59.863425 read(3, "", 398)  = 0 <0.000021>
67290 15:16:59.863484 close(3 <unfinished ...>
67287 15:16:59.863513 <... nanosleep resumed>NULL) = 0 <0.000139>
67290 15:16:59.863543 <... close resumed>) = 0 <0.000043>
67287 15:16:59.863679 nanosleep({tv_sec=0, tv_nsec=20000},  <unfinished ...>
67290 15:16:59.863725 getpid()          = 67286 <0.000013>
67290 15:16:59.863772 pidfd_open(67286, 0) = 3 <0.000035>
67287 15:16:59.863849 <... nanosleep resumed>NULL) = 0 <0.000142>
67290 15:16:59.863887 waitid(P_PIDFD, 3,  <unfinished ...>
67287 15:16:59.863914 nanosleep({tv_sec=0, tv_nsec=20000},  <unfinished ...>
67290 15:16:59.863946 <... waitid resumed>0x13dd8ac2adf0, WEXITED, NULL) = -1 ECHILD (No child processes) <0.000043>
67290 15:16:59.863983 pidfd_send_signal(3, 0, NULL, 0) = 0 <0.000027>
67287 15:16:59.864041 <... nanosleep resumed>NULL) = 0 <0.000107>
67287 15:16:59.864075 nanosleep({tv_sec=0, tv_nsec=20000},  <unfinished ...>
67290 15:16:59.864115 clone(child_stack=NULL, flags=CLONE_VM|CLONE_PIDFD|CLONE_VFORK <unfinished ...>
67287 15:16:59.864187 <... nanosleep resumed>NULL) = 0 <0.000092>
67287 15:16:59.864217 getpid()          = 67286 <0.000091>
67287 15:16:59.864343 tgkill(67286, 67290, SIGURG) = 0 <0.000020>
67287 15:16:59.864420 nanosleep({tv_sec=0, tv_nsec=20000},  <unfinished ...>
67291 15:16:59.864506 exit_group(0 <unfinished ...>
67287 15:16:59.864540 <... nanosleep resumed>NULL) = 0 <0.000098>
67291 15:16:59.864608 <... exit_group resumed>) = ?
67287 15:16:59.864629 nanosleep({tv_sec=0, tv_nsec=20000},  <unfinished ...>
67291 15:16:59.864702 +++ exited with 0 +++
67290 15:16:59.864749 <... clone resumed>, parent_tid=[7]) = 67291 <0.000615>
67287 15:16:59.864795 <... nanosleep resumed>NULL) = 0 <0.000148>
67290 15:16:59.864845 --- SIGURG {si_signo=SIGURG, si_code=SI_TKILL, si_pid=67286, si_uid=1000} ---
67287 15:16:59.864888 nanosleep({tv_sec=0, tv_nsec=20000},  <unfinished ...>
67290 15:16:59.864920 rt_sigreturn({mask=[]}) = 67291 <0.000017>
67290 15:16:59.864979 waitid(P_PIDFD, 7,  <unfinished ...>
67287 15:16:59.865010 <... nanosleep resumed>NULL) = 0 <0.000102>
67290 15:16:59.865054 <... waitid resumed>{si_signo=SIGCHLD, si_code=CLD_EXITED, si_pid=67291, si_uid=1000, si_status=0, si_utime=0, si_stime=0}, WEXITED|__WCLONE, NULL) = 0 <0.000049>
67287 15:16:59.865105 nanosleep({tv_sec=0, tv_nsec=20000},  <unfinished ...>
67290 15:16:59.865138 futex(0xe3bfb8, FUTEX_WAKE_PRIVATE, 1) = 1 <0.000028>
67286 15:16:59.865196 <... futex resumed>) = 0 <0.002351>
67287 15:16:59.865246 <... nanosleep resumed>NULL) = 0 <0.000121>
67286 15:16:59.865267 futex(0x13dd8abf1160, FUTEX_WAKE_PRIVATE, 1) = 1 <0.000024>
67289 15:16:59.865319 <... futex resumed>) = 0 <0.002660>
67289 15:16:59.865362 futex(0x13dd8abf1160, FUTEX_WAIT_PRIVATE, 0, NULL <unfinished ...>
67287 15:16:59.865384 nanosleep({tv_sec=0, tv_nsec=20000},  <unfinished ...>
67286 15:16:59.865428 close(7 <unfinished ...>
67290 15:16:59.865495 futex(0x13dd8ac18160, FUTEX_WAIT_PRIVATE, 0, NULL <unfinished ...>
67286 15:16:59.865522 <... close resumed>) = 0 <0.000076>
67287 15:16:59.865551 <... nanosleep resumed>NULL) = 0 <0.000145>
67286 15:16:59.865577 close(3 <unfinished ...>
67287 15:16:59.865607 nanosleep({tv_sec=0, tv_nsec=20000},  <unfinished ...>
67286 15:16:59.865638 <... close resumed>) = 0 <0.000046>
67286 15:16:59.865669 pidfd_open(67285, 0 <unfinished ...>
67287 15:16:59.865720 <... nanosleep resumed>NULL) = 0 <0.000092>
67287 15:16:59.865771 nanosleep({tv_sec=0, tv_nsec=20000},  <unfinished ...>
67286 15:16:59.865821 <... pidfd_open resumed>) = 3 <0.000134>
67287 15:16:59.865903 <... nanosleep resumed>NULL) = 0 <0.000109>
67287 15:16:59.866004 nanosleep({tv_sec=0, tv_nsec=20000},  <unfinished ...>
67286 15:16:59.866040 newfstatat(AT_FDCWD, "/proc", {st_mode=S_IFDIR|0555, st_size=0, ...}, AT_SYMLINK_NOFOLLOW) = 0 <0.000031>
67287 15:16:59.866134 <... nanosleep resumed>NULL) = 0 <0.000106>
67287 15:16:59.866172 nanosleep({tv_sec=0, tv_nsec=20000},  <unfinished ...>
67286 15:16:59.866216 newfstatat(AT_FDCWD, "/proc", {st_mode=S_IFDIR|0555, st_size=0, ...}, AT_SYMLINK_NOFOLLOW) = 0 <0.000017>
67287 15:16:59.866307 <... nanosleep resumed>NULL) = 0 <0.000115>
67286 15:16:59.866332 newfstatat(AT_FDCWD, "/",  <unfinished ...>
67287 15:16:59.866376 nanosleep({tv_sec=0, tv_nsec=20000},  <unfinished ...>
67286 15:16:59.866406 <... newfstatat resumed>{st_mode=S_IFDIR|0755, st_size=4096, ...}, AT_SYMLINK_NOFOLLOW) = 0 <0.000056>
67286 15:16:59.866455 newfstatat(AT_FDCWD, "/proc/67285",  <unfinished ...>
67287 15:16:59.866493 <... nanosleep resumed>NULL) = 0 <0.000099>
67287 15:16:59.866537 nanosleep({tv_sec=0, tv_nsec=20000},  <unfinished ...>
67286 15:16:59.866565 <... newfstatat resumed>{st_mode=S_IFDIR|0555, st_size=0, ...}, 0) = 0 <0.000078>
67286 15:16:59.866602 close(3 <unfinished ...>
67287 15:16:59.866644 <... nanosleep resumed>NULL) = 0 <0.000088>
67286 15:16:59.866664 <... close resumed>) = 0 <0.000048>
67287 15:16:59.866725 nanosleep({tv_sec=0, tv_nsec=20000},  <unfinished ...>
67286 15:16:59.866766 openat(AT_FDCWD, "/proc/67285/stat", O_RDONLY|O_CLOEXEC <unfinished ...>
67287 15:16:59.866826 <... nanosleep resumed>NULL) = 0 <0.000075>
67287 15:16:59.866910 nanosleep({tv_sec=0, tv_nsec=20000},  <unfinished ...>
67286 15:16:59.866937 <... openat resumed>) = 3 <0.000148>
67286 15:16:59.866997 fcntl(3, F_GETFL) = 0x8000 (flags O_RDONLY|O_LARGEFILE) <0.000015>
67287 15:16:59.867063 <... nanosleep resumed>NULL) = 0 <0.000131>
67286 15:16:59.867090 fcntl(3, F_SETFL, O_RDONLY|O_NONBLOCK|O_LARGEFILE <unfinished ...>
67287 15:16:59.867118 nanosleep({tv_sec=0, tv_nsec=20000},  <unfinished ...>
67286 15:16:59.867157 <... fcntl resumed>) = 0 <0.000047>
67286 15:16:59.867189 epoll_ctl(4, EPOLL_CTL_ADD, 3, {events=EPOLLIN|EPOLLOUT|EPOLLRDHUP|EPOLLET, data={u32=1191182344, u64=4470329269993603080}} <unfinished ...>
67287 15:16:59.867236 <... nanosleep resumed>NULL) = 0 <0.000098>
67286 15:16:59.867263 <... epoll_ctl resumed>) = -1 EPERM (Operation not permitted) <0.000050>
67287 15:16:59.867300 nanosleep({tv_sec=0, tv_nsec=20000},  <unfinished ...>
67286 15:16:59.867328 fcntl(3, F_GETFL) = 0x8800 (flags O_RDONLY|O_NONBLOCK|O_LARGEFILE) <0.000012>
67286 15:16:59.867377 fcntl(3, F_SETFL, O_RDONLY|O_LARGEFILE <unfinished ...>
67287 15:16:59.867413 <... nanosleep resumed>NULL) = 0 <0.000095>
67286 15:16:59.867433 <... fcntl resumed>) = 0 <0.000041>
67287 15:16:59.867481 nanosleep({tv_sec=0, tv_nsec=20000},  <unfinished ...>
67286 15:16:59.867514 fstat(3, {st_mode=S_IFREG|0444, st_size=0, ...}) = 0 <0.000013>
67287 15:16:59.867600 <... nanosleep resumed>NULL) = 0 <0.000096>
67286 15:16:59.867630 read(3,  <unfinished ...>
67287 15:16:59.867651 nanosleep({tv_sec=0, tv_nsec=20000},  <unfinished ...>
67286 15:16:59.867713 <... read resumed>"67285 (test_c554_batch) S 67268 "..., 512) = 322 <0.000066>
67286 15:16:59.867768 read(3,  <unfinished ...>
67287 15:16:59.867826 <... nanosleep resumed>NULL) = 0 <0.000154>
67286 15:16:59.867859 <... read resumed>"", 958) = 0 <0.000066>
67287 15:16:59.867892 nanosleep({tv_sec=0, tv_nsec=20000},  <unfinished ...>
67286 15:16:59.867923 close(3)          = 0 <0.000018>
67287 15:16:59.868006 <... nanosleep resumed>NULL) = 0 <0.000093>
67287 15:16:59.868063 nanosleep({tv_sec=0, tv_nsec=20000},  <unfinished ...>
67286 15:16:59.868095 newfstatat(AT_FDCWD, "/proc/xen", 0x13dd8ad8a2a8, 0) = -1 ENOENT (No such file or directory) <0.000020>
67287 15:16:59.868178 <... nanosleep resumed>NULL) = 0 <0.000094>
67287 15:16:59.868222 nanosleep({tv_sec=0, tv_nsec=20000},  <unfinished ...>
67286 15:16:59.868254 newfstatat(AT_FDCWD, "/proc/modules", {st_mode=S_IFREG|0444, st_size=0, ...}, 0) = 0 <0.000024>
67287 15:16:59.868340 <... nanosleep resumed>NULL) = 0 <0.000097>
67286 15:16:59.868361 openat(AT_FDCWD, "/proc/modules", O_RDONLY|O_CLOEXEC <unfinished ...>
67287 15:16:59.868426 nanosleep({tv_sec=0, tv_nsec=20000},  <unfinished ...>
67286 15:16:59.868457 <... openat resumed>) = 3 <0.000076>
67286 15:16:59.868490 fcntl(3, F_GETFL <unfinished ...>
67287 15:16:59.868535 <... nanosleep resumed>NULL) = 0 <0.000088>
67286 15:16:59.868562 <... fcntl resumed>) = 0x8000 (flags O_RDONLY|O_LARGEFILE) <0.000052>
67287 15:16:59.868585 nanosleep({tv_sec=0, tv_nsec=20000},  <unfinished ...>
67286 15:16:59.868625 fcntl(3, F_SETFL, O_RDONLY|O_NONBLOCK|O_LARGEFILE) = 0 <0.000012>
67286 15:16:59.868675 epoll_ctl(4, EPOLL_CTL_ADD, 3, {events=EPOLLIN|EPOLLOUT|EPOLLRDHUP|EPOLLET, data={u32=1191182345, u64=4470329269993603081}} <unfinished ...>
67287 15:16:59.868716 <... nanosleep resumed>NULL) = 0 <0.000113>
67288 15:16:59.868778 <... epoll_pwait resumed>[{events=EPOLLIN|EPOLLOUT, data={u32=1191182345, u64=4470329269993603081}}], 128, 999, NULL, 0) = 1 <0.020857>
67287 15:16:59.868847 nanosleep({tv_sec=0, tv_nsec=20000},  <unfinished ...>
67286 15:16:59.868883 <... epoll_ctl resumed>) = 0 <0.000174>
67288 15:16:59.868908 epoll_pwait(4,  <unfinished ...>
67286 15:16:59.868959 read(3,  <unfinished ...>
67287 15:16:59.868981 <... nanosleep resumed>NULL) = 0 <0.000110>
67287 15:16:59.869145 nanosleep({tv_sec=0, tv_nsec=20000},  <unfinished ...>
67286 15:16:59.869182 <... read resumed>"ccm 20480 0 - Live 0x00000000000"..., 4096) = 4074 <0.000206>
67287 15:16:59.869262 <... nanosleep resumed>NULL) = 0 <0.000093>
67286 15:16:59.869391 read(3,  <unfinished ...>
67287 15:16:59.869450 nanosleep({tv_sec=0, tv_nsec=20000}, NULL) = 0 <0.000150>
67286 15:16:59.869660 <... read resumed>"snd_hda_codec 204800 10 snd_hda_"..., 4096) = 4046 <0.000252>
67287 15:16:59.869690 nanosleep({tv_sec=0, tv_nsec=20000},  <unfinished ...>
67286 15:16:59.869792 read(3,  <unfinished ...>
67287 15:16:59.869846 <... nanosleep resumed>NULL) = 0 <0.000122>
67287 15:16:59.869894 nanosleep({tv_sec=0, tv_nsec=20000}, NULL) = 0 <0.000222>
67286 15:16:59.870163 <... read resumed>"hid_sensor_gyro_3d 16384 0 - Liv"..., 4096) = 4079 <0.000325>
67287 15:16:59.870194 nanosleep({tv_sec=0, tv_nsec=20000},  <unfinished ...>
67286 15:16:59.870304 read(3,  <unfinished ...>
67287 15:16:59.870341 <... nanosleep resumed>NULL) = 0 <0.000107>
67287 15:16:59.870402 nanosleep({tv_sec=0, tv_nsec=20000}, NULL) = 0 <0.000199>
67286 15:16:59.870660 <... read resumed>"serio_raw 20480 0 - Live 0x00000"..., 4096) = 2470 <0.000335>
67287 15:16:59.870727 nanosleep({tv_sec=0, tv_nsec=20000}, NULL) = 0 <0.000081>
67287 15:16:59.870901 nanosleep({tv_sec=0, tv_nsec=20000}, NULL) = 0 <0.000082>
67287 15:16:59.871080 nanosleep({tv_sec=0, tv_nsec=20000},  <unfinished ...>
67286 15:16:59.871158 read(3,  <unfinished ...>
67287 15:16:59.871239 <... nanosleep resumed>NULL) = 0 <0.000130>
67286 15:16:59.871274 <... read resumed>"", 4096) = 0 <0.000093>
67287 15:16:59.871324 nanosleep({tv_sec=0, tv_nsec=20000},  <unfinished ...>
67286 15:16:59.871398 epoll_ctl(4, EPOLL_CTL_DEL, 3, 0x13dd8ac2a7b4 <unfinished ...>
67287 15:16:59.871430 <... nanosleep resumed>NULL) = 0 <0.000082>
67287 15:16:59.871490 nanosleep({tv_sec=0, tv_nsec=20000},  <unfinished ...>
67286 15:16:59.871527 <... epoll_ctl resumed>) = 0 <0.000106>
67287 15:16:59.871578 <... nanosleep resumed>NULL) = 0 <0.000062>
67286 15:16:59.871621 close(3 <unfinished ...>
67287 15:16:59.871664 nanosleep({tv_sec=0, tv_nsec=20000},  <unfinished ...>
67286 15:16:59.871707 <... close resumed>) = 0 <0.000050>
67287 15:16:59.871805 <... nanosleep resumed>NULL) = 0 <0.000111>
67287 15:16:59.871874 nanosleep({tv_sec=0, tv_nsec=20000},  <unfinished ...>
67286 15:16:59.871907 newfstatat(AT_FDCWD, "/proc/cpuinfo",  <unfinished ...>
67287 15:16:59.871972 <... nanosleep resumed>NULL) = 0 <0.000074>
67286 15:16:59.872004 <... newfstatat resumed>{st_mode=S_IFREG|0444, st_size=0, ...}, 0) = 0 <0.000072>
67287 15:16:59.872051 nanosleep({tv_sec=0, tv_nsec=20000},  <unfinished ...>
67286 15:16:59.872092 openat(AT_FDCWD, "/proc/cpuinfo", O_RDONLY|O_CLOEXEC <unfinished ...>
67287 15:16:59.872187 <... nanosleep resumed>NULL) = 0 <0.000116>
67287 15:16:59.872233 nanosleep({tv_sec=0, tv_nsec=20000},  <unfinished ...>
67286 15:16:59.872279 <... openat resumed>) = 3 <0.000151>
67286 15:16:59.872339 fcntl(3, F_GETFL <unfinished ...>
67287 15:16:59.872364 <... nanosleep resumed>NULL) = 0 <0.000096>
67287 15:16:59.872413 nanosleep({tv_sec=0, tv_nsec=20000},  <unfinished ...>
67286 15:16:59.872444 <... fcntl resumed>) = 0x8000 (flags O_RDONLY|O_LARGEFILE) <0.000086>
67286 15:16:59.872474 fcntl(3, F_SETFL, O_RDONLY|O_NONBLOCK|O_LARGEFILE <unfinished ...>
67287 15:16:59.872525 <... nanosleep resumed>NULL) = 0 <0.000091>
67286 15:16:59.872546 <... fcntl resumed>) = 0 <0.000036>
67287 15:16:59.872596 nanosleep({tv_sec=0, tv_nsec=20000},  <unfinished ...>
67286 15:16:59.872671 epoll_ctl(4, EPOLL_CTL_ADD, 3, {events=EPOLLIN|EPOLLOUT|EPOLLRDHUP|EPOLLET, data={u32=1191182346, u64=4470329269993603082}} <unfinished ...>
67288 15:16:59.872756 <... epoll_pwait resumed>[{events=EPOLLIN|EPOLLOUT, data={u32=1191182346, u64=4470329269993603082}}], 128, 978, NULL, 0) = 1 <0.003833>
67287 15:16:59.872824 <... nanosleep resumed>NULL) = 0 <0.000187>
67286 15:16:59.872851 <... epoll_ctl resumed>) = 0 <0.000149>
67288 15:16:59.872936 epoll_pwait(4,  <unfinished ...>
67287 15:16:59.872986 nanosleep({tv_sec=0, tv_nsec=20000},  <unfinished ...>
67286 15:16:59.873025 read(3,  <unfinished ...>
67287 15:16:59.873073 <... nanosleep resumed>NULL) = 0 <0.000062>
67287 15:16:59.873277 nanosleep({tv_sec=0, tv_nsec=20000},  <unfinished ...>
67286 15:16:59.873351 <... read resumed>"processor\t: 0\nvendor_id\t: Genuin"..., 4096) = 3110 <0.000307>
67287 15:16:59.873426 <... nanosleep resumed>NULL) = 0 <0.000121>
67287 15:16:59.873502 nanosleep({tv_sec=0, tv_nsec=20000},  <unfinished ...>
67286 15:16:59.873575 read(3,  <unfinished ...>
67287 15:16:59.873720 <... nanosleep resumed>NULL) = 0 <0.000193>
67286 15:16:59.873754 <... read resumed>"processor\t: 2\nvendor_id\t: Genuin"..., 4096) = 3110 <0.000162>
67287 15:16:59.873794 nanosleep({tv_sec=0, tv_nsec=20000}, NULL) = 0 <0.000055>
67287 15:16:59.873904 nanosleep({tv_sec=0, tv_nsec=20000},  <unfinished ...>
67286 15:16:59.873955 read(3,  <unfinished ...>
67287 15:16:59.874097 <... nanosleep resumed>NULL) = 0 <0.000171>
67286 15:16:59.874134 <... read resumed>"processor\t: 4\nvendor_id\t: Genuin"..., 4096) = 3110 <0.000163>
67287 15:16:59.874163 nanosleep({tv_sec=0, tv_nsec=20000}, NULL) = 0 <0.000071>
67287 15:16:59.874279 nanosleep({tv_sec=0, tv_nsec=20000},  <unfinished ...>
67286 15:16:59.874327 read(3, "processor\t: 6\nvendor_id\t: Genuin"..., 4096) = 3110 <0.000082>
67287 15:16:59.874471 <... nanosleep resumed>NULL) = 0 <0.000169>
67287 15:16:59.874509 nanosleep({tv_sec=0, tv_nsec=20000},  <unfinished ...>
67286 15:16:59.874567 read(3, "", 4096) = 0 <0.000016>
67287 15:16:59.874623 <... nanosleep resumed>NULL) = 0 <0.000096>
67287 15:16:59.874662 nanosleep({tv_sec=0, tv_nsec=20000},  <unfinished ...>
67286 15:16:59.874694 epoll_ctl(4, EPOLL_CTL_DEL, 3, 0x13dd8ac2a7b4) = 0 <0.000022>
67286 15:16:59.874756 close(3)          = 0 <0.000044>
67287 15:16:59.874834 <... nanosleep resumed>NULL) = 0 <0.000146>
67287 15:16:59.874915 nanosleep({tv_sec=0, tv_nsec=20000},  <unfinished ...>
67286 15:16:59.874999 newfstatat(AT_FDCWD, "/proc/bus/pci/devices", {st_mode=S_IFREG|0444, st_size=0, ...}, 0) = 0 <0.000025>
67287 15:16:59.875080 <... nanosleep resumed>NULL) = 0 <0.000093>
67287 15:16:59.875125 nanosleep({tv_sec=0, tv_nsec=20000},  <unfinished ...>
67286 15:16:59.875151 openat(AT_FDCWD, "/proc/bus/pci/devices", O_RDONLY|O_CLOEXEC) = 3 <0.000075>
67287 15:16:59.875270 <... nanosleep resumed>NULL) = 0 <0.000124>
67287 15:16:59.875303 nanosleep({tv_sec=0, tv_nsec=20000},  <unfinished ...>
67286 15:16:59.875340 fcntl(3, F_GETFL) = 0x8000 (flags O_RDONLY|O_LARGEFILE) <0.000012>
67286 15:16:59.875391 fcntl(3, F_SETFL, O_RDONLY|O_NONBLOCK|O_LARGEFILE <unfinished ...>
67287 15:16:59.875427 <... nanosleep resumed>NULL) = 0 <0.000105>
67287 15:16:59.875464 nanosleep({tv_sec=0, tv_nsec=20000},  <unfinished ...>
67286 15:16:59.875494 <... fcntl resumed>) = 0 <0.000075>
67286 15:16:59.875543 epoll_ctl(4, EPOLL_CTL_ADD, 3, {events=EPOLLIN|EPOLLOUT|EPOLLRDHUP|EPOLLET, data={u32=1191182347, u64=4470329269993603083}} <unfinished ...>
67288 15:16:59.875602 <... epoll_pwait resumed>[{events=EPOLLIN|EPOLLOUT, data={u32=1191182347, u64=4470329269993603083}}], 128, 974, NULL, 0) = 1 <0.002645>
67287 15:16:59.875632 <... nanosleep resumed>NULL) = 0 <0.000148>
67286 15:16:59.875650 <... epoll_ctl resumed>) = 0 <0.000074>
67288 15:16:59.875710 epoll_pwait(4,  <unfinished ...>
67287 15:16:59.875729 getpid()          = 67286 <0.000029>
67286 15:16:59.875793 futex(0x13dd8ac18160, FUTEX_WAKE_PRIVATE, 1 <unfinished ...>
67290 15:16:59.875864 <... futex resumed>) = 0 <0.010352>
67287 15:16:59.875895 tgkill(67286, 67286, SIGURG <unfinished ...>
67286 15:16:59.875934 <... futex resumed>) = 1 <0.000098>
67290 15:16:59.875957 futex(0x13dd8abf1160, FUTEX_WAKE_PRIVATE, 1 <unfinished ...>
67287 15:16:59.875995 <... tgkill resumed>) = 0 <0.000084>
67290 15:16:59.876028 <... futex resumed>) = 1 <0.000057>
67289 15:16:59.876048 <... futex resumed>) = 0 <0.010670>
67287 15:16:59.876066 nanosleep({tv_sec=0, tv_nsec=20000},  <unfinished ...>
67286 15:16:59.876091 --- SIGURG {si_signo=SIGURG, si_code=SI_TKILL, si_pid=67286, si_uid=1000} ---
67289 15:16:59.876115 futex(0x13dd8abf1160, FUTEX_WAIT_PRIVATE, 0, NULL <unfinished ...>
67290 15:16:59.876174 read(3,  <unfinished ...>
67286 15:16:59.876297 rt_sigreturn({mask=[]} <unfinished ...>
67290 15:16:59.876340 <... read resumed>"0000\t80863e34\t0\t               0"..., 4096) = 3955 <0.000149>
67287 15:16:59.876394 <... nanosleep resumed>NULL) = 0 <0.000308>
67286 15:16:59.876415 <... rt_sigreturn resumed>) = 1 <0.000093>
67290 15:16:59.876447 read(3,  <unfinished ...>
67286 15:16:59.876471 futex(0xe3bfb8, FUTEX_WAIT_PRIVATE, 0, NULL <unfinished ...>
67290 15:16:59.876552 <... read resumed>"00f8\t80869d84\t0\t               0"..., 4096) = 1575 <0.000085>
67287 15:16:59.876581 nanosleep({tv_sec=0, tv_nsec=40000},  <unfinished ...>
67290 15:16:59.876626 read(3, "", 4096) = 0 <0.000021>
67290 15:16:59.876689 epoll_ctl(4, EPOLL_CTL_DEL, 3, 0x13dd8ac2a7b4 <unfinished ...>
67287 15:16:59.876722 <... nanosleep resumed>NULL) = 0 <0.000123>
67290 15:16:59.876756 <... epoll_ctl resumed>) = 0 <0.000040>
67287 15:16:59.876783 nanosleep({tv_sec=0, tv_nsec=80000},  <unfinished ...>
67290 15:16:59.876856 close(3)          = 0 <0.000020>
67290 15:16:59.876933 newfstatat(AT_FDCWD, "/proc/bc/0",  <unfinished ...>
67287 15:16:59.877014 <... nanosleep resumed>NULL) = 0 <0.000173>
67290 15:16:59.877056 <... newfstatat resumed>0x13dd8ad18108, 0) = -1 ENOENT (No such file or directory) <0.000088>
67287 15:16:59.877094 nanosleep({tv_sec=0, tv_nsec=160000},  <unfinished ...>
67290 15:16:59.877126 newfstatat(AT_FDCWD, "/proc/vz", 0x13dd8ad181d8, 0) = -1 ENOENT (No such file or directory) <0.000024>
67290 15:16:59.877197 newfstatat(AT_FDCWD, "/proc/self/status", {st_mode=S_IFREG|0444, st_size=0, ...}, 0) = 0 <0.000032>
67290 15:16:59.877286 openat(AT_FDCWD, "/proc/self/status", O_RDONLY|O_CLOEXEC) = 3 <0.000052>
67287 15:16:59.877382 <... nanosleep resumed>NULL) = 0 <0.000268>
67290 15:16:59.877421 fcntl(3, F_GETFL <unfinished ...>
67287 15:16:59.877448 nanosleep({tv_sec=0, tv_nsec=320000},  <unfinished ...>
67290 15:16:59.877483 <... fcntl resumed>) = 0x8000 (flags O_RDONLY|O_LARGEFILE) <0.000045>
67290 15:16:59.877519 fcntl(3, F_SETFL, O_RDONLY|O_NONBLOCK|O_LARGEFILE) = 0 <0.000015>
67290 15:16:59.877572 epoll_ctl(4, EPOLL_CTL_ADD, 3, {events=EPOLLIN|EPOLLOUT|EPOLLRDHUP|EPOLLET, data={u32=1191182348, u64=4470329269993603084}}) = -1 EPERM (Operation not permitted) <0.000015>
67290 15:16:59.877635 fcntl(3, F_GETFL) = 0x8800 (flags O_RDONLY|O_NONBLOCK|O_LARGEFILE) <0.000013>
67290 15:16:59.877684 fcntl(3, F_SETFL, O_RDONLY|O_LARGEFILE) = 0 <0.000013>
67290 15:16:59.877743 read(3, "Name:\tprocess\nUmask:\t0002\nState:"..., 4096) = 1547 <0.000086>
67287 15:16:59.877868 <... nanosleep resumed>NULL) = 0 <0.000401>
67287 15:16:59.877905 nanosleep({tv_sec=0, tv_nsec=640000},  <unfinished ...>
67290 15:16:59.877974 read(3, "", 4096) = 0 <0.000017>
67290 15:16:59.878033 close(3)          = 0 <0.000018>
67290 15:16:59.878099 newfstatat(AT_FDCWD, "/proc/1/environ", {st_mode=S_IFREG|0400, st_size=0, ...}, 0) = 0 <0.000022>
67290 15:16:59.878174 openat(AT_FDCWD, "/proc/1/environ", O_RDONLY|O_CLOEXEC) = -1 EACCES (Permission denied) <0.000036>
67290 15:16:59.878264 newfstatat(AT_FDCWD, "/proc/self/cgroup", {st_mode=S_IFREG|0444, st_size=0, ...}, 0) = 0 <0.000021>
67290 15:16:59.878338 openat(AT_FDCWD, "/proc/self/cgroup", O_RDONLY|O_CLOEXEC) = 3 <0.000039>
67290 15:16:59.878421 fcntl(3, F_GETFL) = 0x8000 (flags O_RDONLY|O_LARGEFILE) <0.000014>
67290 15:16:59.878472 fcntl(3, F_SETFL, O_RDONLY|O_NONBLOCK|O_LARGEFILE) = 0 <0.000013>
67290 15:16:59.878522 epoll_ctl(4, EPOLL_CTL_ADD, 3, {events=EPOLLIN|EPOLLOUT|EPOLLRDHUP|EPOLLET, data={u32=1191182349, u64=4470329269993603085}}) = -1 EPERM (Operation not permitted) <0.000017>
67290 15:16:59.878591 fcntl(3, F_GETFL) = 0x8800 (flags O_RDONLY|O_NONBLOCK|O_LARGEFILE) <0.000013>
67290 15:16:59.878661 fcntl(3, F_SETFL, O_RDONLY|O_LARGEFILE <unfinished ...>
67287 15:16:59.878688 <... nanosleep resumed>NULL) = 0 <0.000764>
67290 15:16:59.878719 <... fcntl resumed>) = 0 <0.000041>
67287 15:16:59.878738 nanosleep({tv_sec=0, tv_nsec=1280000},  <unfinished ...>
67290 15:16:59.878781 read(3, "0::/user.slice/user-1000.slice/u"..., 4096) = 97 <0.000040>
67290 15:16:59.878902 read(3, "", 4096) = 0 <0.000016>
67290 15:16:59.878962 close(3)          = 0 <0.000017>
67290 15:16:59.879019 newfstatat(AT_FDCWD, "/usr/bin/lxc-version", 0x13dd8ad18518, 0) = -1 ENOENT (No such file or directory) <0.000019>
67290 15:16:59.879105 newfstatat(AT_FDCWD, "/etc/os-release", {st_mode=S_IFREG|0644, st_size=400, ...}, 0) = 0 <0.000022>
67290 15:16:59.879180 openat(AT_FDCWD, "/etc/os-release", O_RDONLY|O_CLOEXEC) = 3 <0.000042>
67290 15:16:59.879294 fcntl(3, F_GETFL) = 0x8000 (flags O_RDONLY|O_LARGEFILE) <0.000017>
67290 15:16:59.879351 fcntl(3, F_SETFL, O_RDONLY|O_NONBLOCK|O_LARGEFILE) = 0 <0.000014>
67290 15:16:59.879403 epoll_ctl(4, EPOLL_CTL_ADD, 3, {events=EPOLLIN|EPOLLOUT|EPOLLRDHUP|EPOLLET, data={u32=1191182350, u64=4470329269993603086}}) = -1 EPERM (Operation not permitted) <0.000038>
67290 15:16:59.879490 fcntl(3, F_GETFL) = 0x8800 (flags O_RDONLY|O_NONBLOCK|O_LARGEFILE) <0.000016>
67290 15:16:59.879544 fcntl(3, F_SETFL, O_RDONLY|O_LARGEFILE) = 0 <0.000014>
67290 15:16:59.879604 read(3, "PRETTY_NAME=\"Ubuntu 24.04.4 LTS\""..., 4096) = 400 <0.000029>
67290 15:16:59.879713 read(3, "", 4096) = 0 <0.000016>
67290 15:16:59.879770 close(3)          = 0 <0.000029>
67290 15:16:59.879856 newfstatat(AT_FDCWD, "/.dockerenv", 0x13dd8ad186b8, 0) = -1 ENOENT (No such file or directory) <0.000018>
67290 15:16:59.879938 openat(AT_FDCWD, "/proc/stat", O_RDONLY|O_CLOEXEC) = 3 <0.000046>
67290 15:16:59.880034 fcntl(3, F_GETFL) = 0x8000 (flags O_RDONLY|O_LARGEFILE) <0.000015>
67290 15:16:59.880087 fcntl(3, F_SETFL, O_RDONLY|O_NONBLOCK|O_LARGEFILE) = 0 <0.000022>
67287 15:16:59.880135 <... nanosleep resumed>NULL) = 0 <0.001378>
67290 15:16:59.880176 epoll_ctl(4, EPOLL_CTL_ADD, 3, {events=EPOLLIN|EPOLLOUT|EPOLLRDHUP|EPOLLET, data={u32=1191182351, u64=4470329269993603087}} <unfinished ...>
67287 15:16:59.880225 nanosleep({tv_sec=0, tv_nsec=2560000},  <unfinished ...>
67290 15:16:59.880261 <... epoll_ctl resumed>) = 0 <0.000061>
67288 15:16:59.880286 <... epoll_pwait resumed>[{events=EPOLLIN|EPOLLOUT, data={u32=1191182351, u64=4470329269993603087}}], 128, 971, NULL, 0) = 1 <0.004561>
67290 15:16:59.880353 read(3,  <unfinished ...>
67288 15:16:59.880485 epoll_pwait(4,  <unfinished ...>
67290 15:16:59.880515 <... read resumed>"cpu  498652 2127120 131670 14961"..., 4096) = 4096 <0.000143>
67290 15:16:59.880557 read(3, "0 0 0 0 0 0 0 0 0 0 0 0 0 0 0 0 "..., 435) = 435 <0.000015>
67290 15:16:59.880627 read(3, " 0 0 0 0 0 0 0 0 0 0 0 0 0 0 0 0"..., 4096) = 245 <0.000016>
67290 15:16:59.880699 epoll_ctl(4, EPOLL_CTL_DEL, 3, 0x13dd8ac2abac) = 0 <0.000019>
67290 15:16:59.880758 close(3)          = 0 <0.000019>
67290 15:16:59.880834 getpriority(PRIO_PROCESS, 67285) = 20 <0.000017>
67290 15:16:59.880904 openat(AT_FDCWD, "/proc/67285/cmdline", O_RDONLY|O_CLOEXEC) = 3 <0.000043>
67290 15:16:59.881001 fcntl(3, F_GETFL) = 0x8000 (flags O_RDONLY|O_LARGEFILE) <0.000014>
67290 15:16:59.881055 fcntl(3, F_SETFL, O_RDONLY|O_NONBLOCK|O_LARGEFILE) = 0 <0.000014>
67290 15:16:59.881105 epoll_ctl(4, EPOLL_CTL_ADD, 3, {events=EPOLLIN|EPOLLOUT|EPOLLRDHUP|EPOLLET, data={u32=1191182352, u64=4470329269993603088}}) = -1 EPERM (Operation not permitted) <0.000015>
67290 15:16:59.881171 fcntl(3, F_GETFL) = 0x8800 (flags O_RDONLY|O_NONBLOCK|O_LARGEFILE) <0.000014>
67290 15:16:59.881223 fcntl(3, F_SETFL, O_RDONLY|O_LARGEFILE) = 0 <0.000014>
67290 15:16:59.881276 fstat(3, {st_mode=S_IFREG|0444, st_size=0, ...}) = 0 <0.000015>
67290 15:16:59.881340 read(3, "tests/test_c554_batch_builder_au"..., 512) = 35 <0.000025>
67290 15:16:59.881414 read(3, "", 861)  = 0 <0.000017>
67290 15:16:59.881468 close(3)          = 0 <0.000016>
67290 15:16:59.881541 write(1, "\0\0\0\0\0\0\0\0", 8) = 8 <0.000026>
67285 15:16:59.881615 <... read resumed>"\0\0\0\0\0\0\0\0", 65536) = 8 <0.121082>
67285 15:16:59.881666 read(5,  <unfinished ...>
67290 15:16:59.881697 exit_group(0)     = ?
67289 15:16:59.881787 <... futex resumed>) = ?
67288 15:16:59.881814 <... epoll_pwait resumed> <unfinished ...>) = ?
67287 15:16:59.881831 <... nanosleep resumed> <unfinished ...>) = ?
67286 15:16:59.881848 <... futex resumed>) = ?
67289 15:16:59.881873 +++ exited with 0 +++
67290 15:16:59.882513 +++ exited with 0 +++
67288 15:16:59.882563 +++ exited with 0 +++
67287 15:16:59.882575 +++ exited with 0 +++
67285 15:16:59.882967 <... read resumed>"", 65528) = 0 <0.001260>
67286 15:16:59.883003 +++ exited with 0 +++
67285 15:16:59.883022 --- SIGCHLD {si_signo=SIGCHLD, si_code=CLD_EXITED, si_pid=67286, si_uid=1000, si_status=0, si_utime=1 /* 0.01 s */, si_stime=1 /* 0.01 s */} ---
67285 15:16:59.883064 close(5)          = 0 <0.000027>
67285 15:16:59.883551 wait4(67286, [{WIFEXITED(s) && WEXITSTATUS(s) == 0}], 0, NULL) = 67286 <0.000250>
67285 15:16:59.883925 rt_sigaction(SIGSEGV, NULL, {sa_handler=0x70237ec0a22a, sa_mask=[], sa_flags=SA_RESTORER|SA_SIGINFO, sa_restorer=0x70237e845330}, 8) = 0 <0.000020>
67285 15:16:59.884012 rt_sigaction(SIGSEGV, {sa_handler=SIG_DFL, sa_mask=[], sa_flags=SA_RESTORER, sa_restorer=0x70237e845330}, NULL, 8) = 0 <0.000017>
67285 15:16:59.884074 rt_sigaction(SIGABRT, NULL, {sa_handler=0x70237ec0a22a, sa_mask=[], sa_flags=SA_RESTORER|SA_SIGINFO, sa_restorer=0x70237e845330}, 8) = 0 <0.000016>
67285 15:16:59.884138 rt_sigaction(SIGABRT, {sa_handler=SIG_DFL, sa_mask=[], sa_flags=SA_RESTORER, sa_restorer=0x70237e845330}, NULL, 8) = 0 <0.000017>
67285 15:16:59.884199 rt_sigaction(SIGBUS, NULL, {sa_handler=0x70237ec0a22a, sa_mask=[], sa_flags=SA_RESTORER|SA_SIGINFO, sa_restorer=0x70237e845330}, 8) = 0 <0.000014>
67285 15:16:59.884256 rt_sigaction(SIGBUS, {sa_handler=SIG_DFL, sa_mask=[], sa_flags=SA_RESTORER, sa_restorer=0x70237e845330}, NULL, 8) = 0 <0.000015>
67285 15:16:59.884348 fstat(1, {st_mode=S_IFIFO|0600, st_size=0, ...}) = 0 <0.000021>
67285 15:16:59.884435 openat(AT_FDCWD, "/dev/dri/card1", O_RDWR) = 5 <0.002520>
67285 15:16:59.887087 ioctl(5, DRM_IOCTL_I915_GEM_CREATE, 0x7ffc4d3791a0) = 0 <0.000065>
67285 15:16:59.887224 ioctl(5, DRM_IOCTL_I915_GEM_MMAP, 0x7ffc4d3791b0) = 0 <0.000067>
67285 15:16:59.887339 ioctl(5, DRM_IOCTL_I915_GEM_CREATE, 0x7ffc4d3791c0) = 0 <0.000036>
67285 15:16:59.887420 ioctl(5, DRM_IOCTL_I915_GEM_CREATE, 0x7ffc4d3791c0) = 0 <0.000038>
67285 15:16:59.887508 ioctl(5, DRM_IOCTL_I915_GEM_MMAP, 0x7ffc4d3791c0) = 0 <0.000074>
67285 15:16:59.887660 ioctl(5, DRM_IOCTL_I915_GEM_MMAP, 0x7ffc4d3791c0) = 0 <0.000056>
67285 15:16:59.887788 openat(AT_FDCWD, "logs/batch_c554_dump.txt", O_WRONLY|O_CREAT|O_TRUNC, 0666) = 6 <0.000423>
67285 15:16:59.888319 fstat(6, {st_mode=S_IFREG|0664, st_size=0, ...}) = 0 <0.000019>
67285 15:16:59.888451 write(6, "=== I915 BATCH BUILDER DUMP ===\n"..., 1294) = 1294 <0.000176>
67285 15:16:59.888687 close(6)          = 0 <0.000088>
67285 15:16:59.888860 ioctl(5, DRM_IOCTL_I915_GEM_EXECBUFFER2, 0x7ffc4d379170) = -1 EINVAL (Invalid argument) <0.000042>
67285 15:16:59.888966 write(2, "\342\235\214 \303\211chec finalisation\n", 24) = 24 <0.000429>
67285 15:16:59.889477 munmap(0x70237ebdf000, 16384) = 0 <0.000046>
67285 15:16:59.889576 ioctl(5, DRM_IOCTL_GEM_CLOSE, 0x7ffc4d3791c0) = 0 <0.000096>
67285 15:16:59.889739 munmap(0x70237ebde000, 4096) = 0 <0.000030>
67285 15:16:59.889891 ioctl(5, DRM_IOCTL_GEM_CLOSE, 0x7ffc4d3791c0) = 0 <0.000044>
67285 15:16:59.889987 munmap(0x70237ec7d000, 4096) = 0 <0.000027>
67285 15:16:59.890056 ioctl(5, DRM_IOCTL_GEM_CLOSE, 0x7ffc4d3791c0) = 0 <0.000037>
67285 15:16:59.890147 close(5)          = 0 <0.000082>
67285 15:16:59.890313 write(1, "=== TEST C554 - BATCH BUILDER AU"..., 877) = 877 <0.000025>
67285 15:16:59.890719 exit_group(1)     = ?
67285 15:16:59.891207 +++ exited with 1 +++
