65886 15:14:29.356195 execve("tests/test_c554_batch_builder_auto", ["tests/test_c554_batch_builder_au"...], 0x7fff9d28b5f8 /* 70 vars */) = 0 <0.004574>
65886 15:14:29.361166 brk(NULL)         = 0x60b5abaa0000 <0.000022>
65886 15:14:29.361330 mmap(NULL, 8192, PROT_READ|PROT_WRITE, MAP_PRIVATE|MAP_ANONYMOUS, -1, 0) = 0x7070e01ea000 <0.000070>
65886 15:14:29.361475 access("/etc/ld.so.preload", R_OK) = 0 <0.000027>
65886 15:14:29.361586 openat(AT_FDCWD, "/etc/ld.so.preload", O_RDONLY|O_CLOEXEC) = 3 <0.000053>
65886 15:14:29.361715 fstat(3, {st_mode=S_IFREG|0644, st_size=75, ...}) = 0 <0.000022>
65886 15:14:29.361814 mmap(NULL, 75, PROT_READ|PROT_WRITE, MAP_PRIVATE, 3, 0) = 0x7070e01e9000 <0.000044>
65886 15:14:29.361907 close(3)          = 0 <0.000020>
65886 15:14:29.361996 openat(AT_FDCWD, "/opt/datadog-packages/datadog-apm-inject/stable/inject/launcher.preload.so", O_RDONLY|O_CLOEXEC) = 3 <0.000054>
65886 15:14:29.362107 read(3, "\177ELF\2\1\1\0\0\0\0\0\0\0\0\0\3\0>\0\1\0\0\0\0\0\0\0\0\0\0\0"..., 832) = 832 <0.000022>
65886 15:14:29.362188 fstat(3, {st_mode=S_IFREG|0755, st_size=741833, ...}) = 0 <0.000021>
65886 15:14:29.362268 mmap(NULL, 627144, PROT_READ, MAP_PRIVATE|MAP_DENYWRITE, 3, 0) = 0x7070e014f000 <0.000053>
65886 15:14:29.362372 mprotect(0x7070e0154000, 602112, PROT_NONE) = 0 <0.000038>
65886 15:14:29.362460 mmap(0x7070e0154000, 368640, PROT_READ|PROT_EXEC, MAP_PRIVATE|MAP_FIXED|MAP_DENYWRITE, 3, 0x5000) = 0x7070e0154000 <0.000053>
65886 15:14:29.362564 mmap(0x7070e01ae000, 98304, PROT_READ, MAP_PRIVATE|MAP_FIXED|MAP_DENYWRITE, 3, 0x5f000) = 0x7070e01ae000 <0.000044>
65886 15:14:29.362662 mmap(0x7070e01c6000, 16384, PROT_READ|PROT_WRITE, MAP_PRIVATE|MAP_FIXED|MAP_DENYWRITE, 3, 0x77000) = 0x7070e01c6000 <0.000049>
65886 15:14:29.362774 mmap(0x7070e01ca000, 116904, PROT_READ|PROT_WRITE, MAP_PRIVATE|MAP_FIXED|MAP_ANONYMOUS, -1, 0) = 0x7070e01ca000 <0.000052>
65886 15:14:29.362880 mmap(0x7070e01e7000, 8192, PROT_READ|PROT_WRITE, MAP_PRIVATE|MAP_FIXED|MAP_DENYWRITE, 3, 0xb4000) = 0x7070e01e7000 <0.000043>
65886 15:14:29.362999 close(3)          = 0 <0.000021>
65886 15:14:29.363076 munmap(0x7070e01e9000, 75) = 0 <0.000036>
65886 15:14:29.363167 openat(AT_FDCWD, "/etc/ld.so.cache", O_RDONLY|O_CLOEXEC) = 3 <0.000046>
65886 15:14:29.363270 fstat(3, {st_mode=S_IFREG|0644, st_size=86423, ...}) = 0 <0.000017>
65886 15:14:29.363339 mmap(NULL, 86423, PROT_READ, MAP_PRIVATE, 3, 0) = 0x7070e0139000 <0.000044>
65886 15:14:29.363438 close(3)          = 0 <0.000019>
65886 15:14:29.363520 openat(AT_FDCWD, "/lib/x86_64-linux-gnu/libc.so.6", O_RDONLY|O_CLOEXEC) = 3 <0.000050>
65886 15:14:29.363623 read(3, "\177ELF\2\1\1\3\0\0\0\0\0\0\0\0\3\0>\0\1\0\0\0\220\243\2\0\0\0\0\0"..., 832) = 832 <0.000018>
65886 15:14:29.363691 pread64(3, "\6\0\0\0\4\0\0\0@\0\0\0\0\0\0\0@\0\0\0\0\0\0\0@\0\0\0\0\0\0\0"..., 784, 64) = 784 <0.000017>
65886 15:14:29.363757 fstat(3, {st_mode=S_IFREG|0755, st_size=2125328, ...}) = 0 <0.000017>
65886 15:14:29.363834 pread64(3, "\6\0\0\0\4\0\0\0@\0\0\0\0\0\0\0@\0\0\0\0\0\0\0@\0\0\0\0\0\0\0"..., 784, 64) = 784 <0.000017>
65886 15:14:29.363897 mmap(NULL, 2170256, PROT_READ, MAP_PRIVATE|MAP_DENYWRITE, 3, 0) = 0x7070dfe00000 <0.000041>
65886 15:14:29.363984 mmap(0x7070dfe28000, 1605632, PROT_READ|PROT_EXEC, MAP_PRIVATE|MAP_FIXED|MAP_DENYWRITE, 3, 0x28000) = 0x7070dfe28000 <0.000055>
65886 15:14:29.364088 mmap(0x7070dffb0000, 323584, PROT_READ, MAP_PRIVATE|MAP_FIXED|MAP_DENYWRITE, 3, 0x1b0000) = 0x7070dffb0000 <0.000046>
65886 15:14:29.364184 mmap(0x7070dffff000, 24576, PROT_READ|PROT_WRITE, MAP_PRIVATE|MAP_FIXED|MAP_DENYWRITE, 3, 0x1fe000) = 0x7070dffff000 <0.000043>
65886 15:14:29.364305 mmap(0x7070e0005000, 52624, PROT_READ|PROT_WRITE, MAP_PRIVATE|MAP_FIXED|MAP_ANONYMOUS, -1, 0) = 0x7070e0005000 <0.000042>
65886 15:14:29.364419 close(3)          = 0 <0.000019>
65886 15:14:29.364515 mmap(NULL, 12288, PROT_READ|PROT_WRITE, MAP_PRIVATE|MAP_ANONYMOUS, -1, 0) = 0x7070e0136000 <0.000056>
65886 15:14:29.364675 arch_prctl(ARCH_SET_FS, 0x7070e0136740) = 0 <0.000041>
65886 15:14:29.364809 set_tid_address(0x7070e0136a10) = 65886 <0.000031>
65886 15:14:29.364929 set_robust_list(0x7070e0136a20, 24) = 0 <0.000016>
65886 15:14:29.364986 rseq(0x7070e0137060, 0x20, 0, 0x53053053) = 0 <0.000016>
65886 15:14:29.365213 mprotect(0x7070dffff000, 16384, PROT_READ) = 0 <0.000044>
65886 15:14:29.365418 mprotect(0x7070e01c6000, 8192, PROT_READ) = 0 <0.000034>
65886 15:14:29.365511 mprotect(0x60b58d70b000, 4096, PROT_READ) = 0 <0.000030>
65886 15:14:29.365599 mprotect(0x7070e022a000, 8192, PROT_READ) = 0 <0.000037>
65886 15:14:29.365709 prlimit64(0, RLIMIT_STACK, NULL, {rlim_cur=8192*1024, rlim_max=RLIM64_INFINITY}) = 0 <0.000020>
65886 15:14:29.365819 munmap(0x7070e0139000, 86423) = 0 <0.000046>
65886 15:14:29.365954 rt_sigaction(SIGSEGV, NULL, {sa_handler=SIG_DFL, sa_mask=[], sa_flags=0}, 8) = 0 <0.000025>
65886 15:14:29.366058 rt_sigaction(SIGSEGV, {sa_handler=0x7070e017622a, sa_mask=[], sa_flags=SA_RESTORER|SA_SIGINFO, sa_restorer=0x7070dfe45330}, {sa_handler=SIG_DFL, sa_mask=[], sa_flags=0}, 8) = 0 <0.000019>
65886 15:14:29.366140 rt_sigaction(SIGABRT, NULL, {sa_handler=SIG_DFL, sa_mask=[], sa_flags=0}, 8) = 0 <0.000019>
65886 15:14:29.366208 rt_sigaction(SIGABRT, {sa_handler=0x7070e017622a, sa_mask=[], sa_flags=SA_RESTORER|SA_SIGINFO, sa_restorer=0x7070dfe45330}, {sa_handler=SIG_DFL, sa_mask=[], sa_flags=0}, 8) = 0 <0.000019>
65886 15:14:29.366280 rt_sigaction(SIGBUS, NULL, {sa_handler=SIG_DFL, sa_mask=[], sa_flags=0}, 8) = 0 <0.000019>
65886 15:14:29.366350 rt_sigaction(SIGBUS, {sa_handler=0x7070e017622a, sa_mask=[], sa_flags=SA_RESTORER|SA_SIGINFO, sa_restorer=0x7070dfe45330}, {sa_handler=SIG_DFL, sa_mask=[], sa_flags=0}, 8) = 0 <0.000019>
65886 15:14:29.366443 getrandom("\x87\x71\xa5\x0a\xf8\x15\x09\x8e", 8, GRND_NONBLOCK) = 8 <0.000020>
65886 15:14:29.366516 brk(NULL)         = 0x60b5abaa0000 <0.000020>
65886 15:14:29.366579 brk(0x60b5abac1000) = 0x60b5abac1000 <0.000026>
65886 15:14:29.366667 openat(AT_FDCWD, "/etc/datadog-agent/managed/rc-orgwide-wls-policy.bin", O_RDONLY|O_CLOEXEC) = -1 ENOENT (No such file or directory) <0.000050>
65886 15:14:29.367154 openat(AT_FDCWD, "/etc/datadog-agent/user-wls-policy.bin", O_RDONLY|O_CLOEXEC) = -1 ENOENT (No such file or directory) <0.000040>
65886 15:14:29.367276 openat(AT_FDCWD, "/etc/datadog-agent/managed/rc-targeted-wls-policy.bin", O_RDONLY|O_CLOEXEC) = -1 ENOENT (No such file or directory) <0.000041>
65886 15:14:29.367387 getrandom("\xbe\x04\x93\xb9\x39\xd2\x40\x52\x01\x63\x57\xc2\x1b\xf5\x1f\x6e", 16, GRND_NONBLOCK) = 16 <0.000021>
65886 15:14:29.367481 openat(AT_FDCWD, "/etc/os-release", O_RDONLY|O_CLOEXEC) = 3 <0.000044>
65886 15:14:29.367575 read(3, "PRETTY_NAME=\"Ubuntu 24.04.4 LTS\""..., 4095) = 400 <0.000018>
65886 15:14:29.367642 close(3)          = 0 <0.000017>
65886 15:14:29.367748 uname({sysname="Linux", nodename="lvx-Vostro-5481", ...}) = 0 <0.000018>
65886 15:14:29.367846 uname({sysname="Linux", nodename="lvx-Vostro-5481", ...}) = 0 <0.000019>
65886 15:14:29.367984 readlink("/proc/self/exe", "/home/lvx/LVX/lumvorax2/src/adva"..., 4095) = 125 <0.000054>
65886 15:14:29.368101 prlimit64(0, RLIMIT_STACK, NULL, {rlim_cur=8192*1024, rlim_max=RLIM64_INFINITY}) = 0 <0.000019>
65886 15:14:29.368177 prlimit64(0, RLIMIT_STACK, NULL, {rlim_cur=8192*1024, rlim_max=RLIM64_INFINITY}) = 0 <0.000016>
65886 15:14:29.368238 prlimit64(0, RLIMIT_STACK, NULL, {rlim_cur=8192*1024, rlim_max=RLIM64_INFINITY}) = 0 <0.000016>
65886 15:14:29.368301 getcwd("/home/lvx/LVX/lumvorax2/src/advanced_calculations/bitcoin_quantum_mining/level_zero_native", 4096) = 91 <0.000022>
65886 15:14:29.368426 memfd_create("dd_language_detected", MFD_CLOEXEC|MFD_ALLOW_SEALING) = 3 <0.000035>
65886 15:14:29.368518 write(3, "", 0)   = 0 <0.000019>
65886 15:14:29.368582 fcntl(3, F_ADD_SEALS, F_SEAL_SHRINK|F_SEAL_GROW|F_SEAL_WRITE) = 0 <0.000030>
65886 15:14:29.368664 memfd_create("dd_inject_info", MFD_CLOEXEC|MFD_ALLOW_SEALING) = 4 <0.000026>
65886 15:14:29.368738 write(4, "{\n    \"runtime_id\": \"be0493b9-39"..., 114) = 114 <0.000028>
65886 15:14:29.368820 fcntl(4, F_ADD_SEALS, F_SEAL_SHRINK|F_SEAL_GROW|F_SEAL_WRITE) = 0 <0.000020>
65886 15:14:29.368958 pipe2([5, 6], 0)  = 0 <0.000031>
65886 15:14:29.369069 clone(child_stack=NULL, flags=CLONE_CHILD_CLEARTID|CLONE_CHILD_SETTID|SIGCHLD, child_tidptr=0x7070e0136a10) = 65887 <0.000235>
65887 15:14:29.369348 set_robust_list(0x7070e0136a20, 24) = 0 <0.000028>
65886 15:14:29.369446 close(6)          = 0 <0.000081>
65887 15:14:29.369583 close(5 <unfinished ...>
65886 15:14:29.369610 read(5,  <unfinished ...>
65887 15:14:29.369645 <... close resumed>) = 0 <0.000042>
65887 15:14:29.369678 close(0)          = 0 <0.000016>
65887 15:14:29.369731 dup2(6, 1)        = 1 <0.000018>
65887 15:14:29.369790 openat(AT_FDCWD, "/dev/null", O_RDONLY|O_CLOEXEC) = 0 <0.000061>
65887 15:14:29.369934 dup2(0, 2)        = 2 <0.000019>
65887 15:14:29.370063 execve("/opt/datadog-packages/datadog-apm-inject/0.58.0/inject/process", ["/opt/datadog-packages/datadog-ap"..., "inject", "glibc 2.39", "", "", "be0493b9-39d2-4052-8163-57c21bf5"...], 0x60b5abaa0480 /* 71 vars */) = 0 <0.000720>
65887 15:14:29.370911 arch_prctl(ARCH_SET_FS, 0xe3bee8) = 0 <0.000017>
65887 15:14:29.371051 sched_getaffinity(0, 8192, [0 1 2 3 4 5 6 7]) = 8 <0.000017>
65887 15:14:29.371120 openat(AT_FDCWD, "/sys/kernel/mm/transparent_hugepage/hpage_pmd_size", O_RDONLY) = 0 <0.000055>
65887 15:14:29.371251 read(0, "2097152\n", 20) = 8 <0.000019>
65887 15:14:29.371314 close(0)          = 0 <0.000018>
65887 15:14:29.371579 mmap(NULL, 262144, PROT_READ|PROT_WRITE, MAP_PRIVATE|MAP_ANONYMOUS, -1, 0) = 0x7be7b7d55000 <0.000045>
65887 15:14:29.371673 prctl(PR_SET_VMA, PR_SET_VMA_ANON_NAME, 0x7be7b7d55000, 262144, " Go: immortal metadata") = 0 <0.000028>
65887 15:14:29.371751 mmap(NULL, 131072, PROT_NONE, MAP_PRIVATE|MAP_ANONYMOUS, -1, 0) = 0x7be7b7d35000 <0.000041>
65887 15:14:29.371843 prctl(PR_SET_VMA, PR_SET_VMA_ANON_NAME, 0x7be7b7d35000, 131072, " Go: page summary") = 0 <0.000026>
65887 15:14:29.371935 mmap(NULL, 1048576, PROT_NONE, MAP_PRIVATE|MAP_ANONYMOUS, -1, 0) = 0x7be7b7c35000 <0.000039>
65887 15:14:29.372023 prctl(PR_SET_VMA, PR_SET_VMA_ANON_NAME, 0x7be7b7c35000, 1048576, " Go: page summary") = 0 <0.000027>
65887 15:14:29.372100 mmap(NULL, 8388608, PROT_NONE, MAP_PRIVATE|MAP_ANONYMOUS, -1, 0) = 0x7be7b7400000 <0.000039>
65887 15:14:29.372187 prctl(PR_SET_VMA, PR_SET_VMA_ANON_NAME, 0x7be7b7400000, 8388608, " Go: page summary") = 0 <0.000025>
65887 15:14:29.372261 mmap(NULL, 67108864, PROT_NONE, MAP_PRIVATE|MAP_ANONYMOUS, -1, 0) = 0x7be7b3400000 <0.000048>
65887 15:14:29.372356 prctl(PR_SET_VMA, PR_SET_VMA_ANON_NAME, 0x7be7b3400000, 67108864, " Go: page summary") = 0 <0.000030>
65887 15:14:29.372439 mmap(NULL, 536870912, PROT_NONE, MAP_PRIVATE|MAP_ANONYMOUS, -1, 0) = 0x7be793400000 <0.000039>
65887 15:14:29.372525 prctl(PR_SET_VMA, PR_SET_VMA_ANON_NAME, 0x7be793400000, 536870912, " Go: page summary") = 0 <0.000026>
65887 15:14:29.372601 mmap(NULL, 536870912, PROT_NONE, MAP_PRIVATE|MAP_ANONYMOUS, -1, 0) = 0x7be773400000 <0.000036>
65887 15:14:29.372683 prctl(PR_SET_VMA, PR_SET_VMA_ANON_NAME, 0x7be773400000, 536870912, " Go: scavenge index") = 0 <0.000022>
65887 15:14:29.372814 mmap(0x12f0d8000000, 67108864, PROT_NONE, MAP_PRIVATE|MAP_ANONYMOUS, -1, 0) = 0x12f0d8000000 <0.000057>
65887 15:14:29.372936 prctl(PR_SET_VMA, PR_SET_VMA_ANON_NAME, 0x12f0d8000000, 67108864, " Go: heap reservation") = 0 <0.000023>
65887 15:14:29.373006 mmap(NULL, 33554432, PROT_READ|PROT_WRITE, MAP_PRIVATE|MAP_ANONYMOUS, -1, 0) = 0x7be771400000 <0.000038>
65887 15:14:29.373090 prctl(PR_SET_VMA, PR_SET_VMA_ANON_NAME, 0x7be771400000, 33554432, " Go: heap index") = 0 <0.000023>
65887 15:14:29.373167 madvise(0x7be771400000, 33554432, MADV_NOHUGEPAGE) = 0 <0.000019>
65887 15:14:29.373236 mmap(NULL, 69648, PROT_READ|PROT_WRITE, MAP_PRIVATE|MAP_ANONYMOUS, -1, 0) = 0x7be7b7c23000 <0.000038>
65887 15:14:29.373320 prctl(PR_SET_VMA, PR_SET_VMA_ANON_NAME, 0x7be7b7c23000, 69648, " Go: immortal metadata") = 0 <0.000023>
65887 15:14:29.373427 mmap(0x12f0da800000, 4194304, PROT_READ|PROT_WRITE, MAP_PRIVATE|MAP_FIXED|MAP_ANONYMOUS, -1, 0) = 0x12f0da800000 <0.000048>
65887 15:14:29.373532 prctl(PR_SET_VMA, PR_SET_VMA_ANON_NAME, 0x12f0da800000, 4194304, " Go: heap") = 0 <0.000027>
65887 15:14:29.373634 mmap(0x7be7b7d35000, 131072, PROT_READ|PROT_WRITE, MAP_PRIVATE|MAP_FIXED|MAP_ANONYMOUS, -1, 0) = 0x7be7b7d35000 <0.000052>
65887 15:14:29.373738 prctl(PR_SET_VMA, PR_SET_VMA_ANON_NAME, 0x7be7b7d35000, 131072, " Go: page alloc") = 0 <0.000024>
65887 15:14:29.373824 mmap(0x7be7b7cc7000, 4096, PROT_READ|PROT_WRITE, MAP_PRIVATE|MAP_FIXED|MAP_ANONYMOUS, -1, 0) = 0x7be7b7cc7000 <0.000045>
65887 15:14:29.373917 prctl(PR_SET_VMA, PR_SET_VMA_ANON_NAME, 0x7be7b7cc7000, 4096, " Go: page alloc") = 0 <0.000020>
65887 15:14:29.373979 mmap(0x7be7b7897000, 4096, PROT_READ|PROT_WRITE, MAP_PRIVATE|MAP_FIXED|MAP_ANONYMOUS, -1, 0) = 0x7be7b7897000 <0.000038>
65887 15:14:29.374055 prctl(PR_SET_VMA, PR_SET_VMA_ANON_NAME, 0x7be7b7897000, 4096, " Go: page alloc") = 0 <0.000021>
65887 15:14:29.374115 mmap(0x7be7b58bc000, 4096, PROT_READ|PROT_WRITE, MAP_PRIVATE|MAP_FIXED|MAP_ANONYMOUS, -1, 0) = 0x7be7b58bc000 <0.000032>
65887 15:14:29.374185 prctl(PR_SET_VMA, PR_SET_VMA_ANON_NAME, 0x7be7b58bc000, 4096, " Go: page alloc") = 0 <0.000019>
65887 15:14:29.374244 mmap(0x7be7a59e1000, 4096, PROT_READ|PROT_WRITE, MAP_PRIVATE|MAP_FIXED|MAP_ANONYMOUS, -1, 0) = 0x7be7a59e1000 <0.000038>
65887 15:14:29.374319 prctl(PR_SET_VMA, PR_SET_VMA_ANON_NAME, 0x7be7a59e1000, 4096, " Go: page alloc") = 0 <0.000017>
65887 15:14:29.374377 mmap(0x7be7859e1000, 4096, PROT_READ|PROT_WRITE, MAP_PRIVATE|MAP_FIXED|MAP_ANONYMOUS, -1, 0) = 0x7be7859e1000 <0.000033>
65887 15:14:29.374456 prctl(PR_SET_VMA, PR_SET_VMA_ANON_NAME, 0x7be7859e1000, 4096, " Go: scavenge index") = 0 <0.000322>
65887 15:14:29.374870 mmap(NULL, 1048576, PROT_READ|PROT_WRITE, MAP_PRIVATE|MAP_ANONYMOUS, -1, 0) = 0x7be771300000 <0.000227>
65887 15:14:29.375158 prctl(PR_SET_VMA, PR_SET_VMA_ANON_NAME, 0x7be771300000, 1048576, " Go: page alloc index") = 0 <0.000026>
65887 15:14:29.375243 madvise(0x7be771300000, 1048576, MADV_NOHUGEPAGE) = 0 <0.000016>
65887 15:14:29.375533 mmap(NULL, 65536, PROT_READ|PROT_WRITE, MAP_PRIVATE|MAP_ANONYMOUS, -1, 0) = 0x7be7b7c13000 <0.000323>
65887 15:14:29.375927 prctl(PR_SET_VMA, PR_SET_VMA_ANON_NAME, 0x7be7b7c13000, 65536, " Go: allspans array") = 0 <0.000029>
65887 15:14:29.376044 mmap(NULL, 65536, PROT_READ|PROT_WRITE, MAP_PRIVATE|MAP_ANONYMOUS, -1, 0) = 0x7be7b7c03000 <0.000047>
65887 15:14:29.376142 prctl(PR_SET_VMA, PR_SET_VMA_ANON_NAME, 0x7be7b7c03000, 65536, " Go: gc bits") = 0 <0.000028>
65887 15:14:29.376605 rt_sigprocmask(SIG_SETMASK, NULL, [], 8) = 0 <0.000022>
65887 15:14:29.376826 fcntl(0, F_GETFD) = -1 EBADF (Bad file descriptor) <0.000022>
65887 15:14:29.377111 openat(AT_FDCWD, "/dev/null", O_RDWR) = 0 <0.000051>
65887 15:14:29.377224 fcntl(1, F_GETFD) = 0 <0.000020>
65887 15:14:29.377287 fcntl(2, F_GETFD) = 0 <0.000019>
65887 15:14:29.377445 mmap(NULL, 1439992, PROT_READ|PROT_WRITE, MAP_PRIVATE|MAP_ANONYMOUS, -1, 0) = 0x7be7711a0000 <0.000084>
65887 15:14:29.377585 prctl(PR_SET_VMA, PR_SET_VMA_ANON_NAME, 0x7be7711a0000, 1439992, " Go: profiler hash buckets") = 0 <0.000030>
65887 15:14:29.377693 openat(AT_FDCWD, "/proc/self/cgroup", O_RDONLY|O_CLOEXEC) = 3 <0.000073>
65887 15:14:29.377843 read(3, "0::/user.slice/user-1000.slice/u"..., 65536) = 97 <0.000038>
65887 15:14:29.377942 read(3, "", 65536) = 0 <0.000019>
65887 15:14:29.378008 close(3)          = 0 <0.000028>
65887 15:14:29.378083 openat(AT_FDCWD, "/proc/self/mountinfo", O_RDONLY|O_CLOEXEC) = 3 <0.000067>
65887 15:14:29.378210 read(3, "27 32 0:24 / /sys rw,nosuid,node"..., 65536) = 4020 <0.000214>
65887 15:14:29.378493 close(3)          = 0 <0.000022>
65887 15:14:29.378563 openat(AT_FDCWD, "/sys/fs/cgroup/user.slice/user-1000.slice/user@1000.service/app.slice/app-org.chromium.Chromium-29476.scope/cpu.max", O_RDONLY|O_CLOEXEC) = -1 ENOENT (No such file or directory) <0.000060>
65887 15:14:29.378872 sigaltstack(NULL, {ss_sp=NULL, ss_flags=SS_DISABLE, ss_size=0}) = 0 <0.000020>
65887 15:14:29.378955 sigaltstack({ss_sp=0x12f0da992000, ss_flags=0, ss_size=32768}, NULL) = 0 <0.000019>
65887 15:14:29.379029 rt_sigprocmask(SIG_SETMASK, [], NULL, 8) = 0 <0.000019>
65887 15:14:29.379113 gettid()          = 65887 <0.000019>
65887 15:14:29.379176 rt_sigaction(SIGHUP, NULL, {sa_handler=SIG_DFL, sa_mask=[], sa_flags=0}, 8) = 0 <0.000023>
65887 15:14:29.379260 rt_sigaction(SIGHUP, {sa_handler=0x48fc40, sa_mask=~[], sa_flags=SA_RESTORER|SA_ONSTACK|SA_RESTART|SA_SIGINFO, sa_restorer=0x48fd80}, NULL, 8) = 0 <0.000017>
65887 15:14:29.379325 rt_sigaction(SIGINT, NULL, {sa_handler=SIG_DFL, sa_mask=[], sa_flags=0}, 8) = 0 <0.000018>
65887 15:14:29.379394 rt_sigaction(SIGINT, {sa_handler=0x48fc40, sa_mask=~[], sa_flags=SA_RESTORER|SA_ONSTACK|SA_RESTART|SA_SIGINFO, sa_restorer=0x48fd80}, NULL, 8) = 0 <0.000014>
65887 15:14:29.379447 rt_sigaction(SIGQUIT, NULL, {sa_handler=SIG_DFL, sa_mask=[], sa_flags=0}, 8) = 0 <0.000013>
65887 15:14:29.379496 rt_sigaction(SIGQUIT, {sa_handler=0x48fc40, sa_mask=~[], sa_flags=SA_RESTORER|SA_ONSTACK|SA_RESTART|SA_SIGINFO, sa_restorer=0x48fd80}, NULL, 8) = 0 <0.000013>
65887 15:14:29.379546 rt_sigaction(SIGILL, NULL, {sa_handler=SIG_DFL, sa_mask=[], sa_flags=0}, 8) = 0 <0.000012>
65887 15:14:29.379595 rt_sigaction(SIGILL, {sa_handler=0x48fc40, sa_mask=~[], sa_flags=SA_RESTORER|SA_ONSTACK|SA_RESTART|SA_SIGINFO, sa_restorer=0x48fd80}, NULL, 8) = 0 <0.000013>
65887 15:14:29.379644 rt_sigaction(SIGTRAP, NULL, {sa_handler=SIG_DFL, sa_mask=[], sa_flags=0}, 8) = 0 <0.000013>
65887 15:14:29.379697 rt_sigaction(SIGTRAP, {sa_handler=0x48fc40, sa_mask=~[], sa_flags=SA_RESTORER|SA_ONSTACK|SA_RESTART|SA_SIGINFO, sa_restorer=0x48fd80}, NULL, 8) = 0 <0.000013>
65887 15:14:29.379747 rt_sigaction(SIGABRT, NULL, {sa_handler=SIG_DFL, sa_mask=[], sa_flags=0}, 8) = 0 <0.000013>
65887 15:14:29.379804 rt_sigaction(SIGABRT, {sa_handler=0x48fc40, sa_mask=~[], sa_flags=SA_RESTORER|SA_ONSTACK|SA_RESTART|SA_SIGINFO, sa_restorer=0x48fd80}, NULL, 8) = 0 <0.000017>
65887 15:14:29.379868 rt_sigaction(SIGBUS, NULL, {sa_handler=SIG_DFL, sa_mask=[], sa_flags=0}, 8) = 0 <0.000017>
65887 15:14:29.379936 rt_sigaction(SIGBUS, {sa_handler=0x48fc40, sa_mask=~[], sa_flags=SA_RESTORER|SA_ONSTACK|SA_RESTART|SA_SIGINFO, sa_restorer=0x48fd80}, NULL, 8) = 0 <0.000017>
65887 15:14:29.380001 rt_sigaction(SIGFPE, NULL, {sa_handler=SIG_DFL, sa_mask=[], sa_flags=0}, 8) = 0 <0.000018>
65887 15:14:29.380078 rt_sigaction(SIGFPE, {sa_handler=0x48fc40, sa_mask=~[], sa_flags=SA_RESTORER|SA_ONSTACK|SA_RESTART|SA_SIGINFO, sa_restorer=0x48fd80}, NULL, 8) = 0 <0.000016>
65887 15:14:29.380145 rt_sigaction(SIGUSR1, NULL, {sa_handler=SIG_DFL, sa_mask=[], sa_flags=0}, 8) = 0 <0.000017>
65887 15:14:29.380217 rt_sigaction(SIGUSR1, {sa_handler=0x48fc40, sa_mask=~[], sa_flags=SA_RESTORER|SA_ONSTACK|SA_RESTART|SA_SIGINFO, sa_restorer=0x48fd80}, NULL, 8) = 0 <0.000019>
65887 15:14:29.380286 rt_sigaction(SIGSEGV, NULL, {sa_handler=SIG_DFL, sa_mask=[], sa_flags=0}, 8) = 0 <0.000019>
65887 15:14:29.380357 rt_sigaction(SIGSEGV, {sa_handler=0x48fc40, sa_mask=~[], sa_flags=SA_RESTORER|SA_ONSTACK|SA_RESTART|SA_SIGINFO, sa_restorer=0x48fd80}, NULL, 8) = 0 <0.000016>
65887 15:14:29.380423 rt_sigaction(SIGUSR2, NULL, {sa_handler=SIG_DFL, sa_mask=[], sa_flags=0}, 8) = 0 <0.000016>
65887 15:14:29.380488 rt_sigaction(SIGUSR2, {sa_handler=0x48fc40, sa_mask=~[], sa_flags=SA_RESTORER|SA_ONSTACK|SA_RESTART|SA_SIGINFO, sa_restorer=0x48fd80}, NULL, 8) = 0 <0.000016>
65887 15:14:29.380548 rt_sigaction(SIGPIPE, NULL, {sa_handler=SIG_DFL, sa_mask=[], sa_flags=0}, 8) = 0 <0.000014>
65887 15:14:29.380602 rt_sigaction(SIGPIPE, {sa_handler=0x48fc40, sa_mask=~[], sa_flags=SA_RESTORER|SA_ONSTACK|SA_RESTART|SA_SIGINFO, sa_restorer=0x48fd80}, NULL, 8) = 0 <0.000018>
65887 15:14:29.380662 rt_sigaction(SIGALRM, NULL, {sa_handler=SIG_DFL, sa_mask=[], sa_flags=0}, 8) = 0 <0.000014>
65887 15:14:29.380720 rt_sigaction(SIGALRM, {sa_handler=0x48fc40, sa_mask=~[], sa_flags=SA_RESTORER|SA_ONSTACK|SA_RESTART|SA_SIGINFO, sa_restorer=0x48fd80}, NULL, 8) = 0 <0.000015>
65887 15:14:29.380782 rt_sigaction(SIGTERM, NULL, {sa_handler=SIG_DFL, sa_mask=[], sa_flags=0}, 8) = 0 <0.000019>
65887 15:14:29.380892 rt_sigaction(SIGTERM, {sa_handler=0x48fc40, sa_mask=~[], sa_flags=SA_RESTORER|SA_ONSTACK|SA_RESTART|SA_SIGINFO, sa_restorer=0x48fd80}, NULL, 8) = 0 <0.000019>
65887 15:14:29.381013 rt_sigaction(SIGSTKFLT, NULL, {sa_handler=SIG_DFL, sa_mask=[], sa_flags=0}, 8) = 0 <0.000015>
65887 15:14:29.381076 rt_sigaction(SIGSTKFLT, {sa_handler=0x48fc40, sa_mask=~[], sa_flags=SA_RESTORER|SA_ONSTACK|SA_RESTART|SA_SIGINFO, sa_restorer=0x48fd80}, NULL, 8) = 0 <0.000015>
65887 15:14:29.381135 rt_sigaction(SIGCHLD, NULL, {sa_handler=SIG_DFL, sa_mask=[], sa_flags=0}, 8) = 0 <0.000016>
65887 15:14:29.381199 rt_sigaction(SIGCHLD, {sa_handler=0x48fc40, sa_mask=~[], sa_flags=SA_RESTORER|SA_ONSTACK|SA_RESTART|SA_SIGINFO, sa_restorer=0x48fd80}, NULL, 8) = 0 <0.000016>
65887 15:14:29.381258 rt_sigaction(SIGURG, NULL, {sa_handler=SIG_DFL, sa_mask=[], sa_flags=0}, 8) = 0 <0.000014>
65887 15:14:29.381316 rt_sigaction(SIGURG, {sa_handler=0x48fc40, sa_mask=~[], sa_flags=SA_RESTORER|SA_ONSTACK|SA_RESTART|SA_SIGINFO, sa_restorer=0x48fd80}, NULL, 8) = 0 <0.000017>
65887 15:14:29.381382 rt_sigaction(SIGXCPU, NULL, {sa_handler=SIG_DFL, sa_mask=[], sa_flags=0}, 8) = 0 <0.000017>
65887 15:14:29.381448 rt_sigaction(SIGXCPU, {sa_handler=0x48fc40, sa_mask=~[], sa_flags=SA_RESTORER|SA_ONSTACK|SA_RESTART|SA_SIGINFO, sa_restorer=0x48fd80}, NULL, 8) = 0 <0.000018>
65887 15:14:29.381519 rt_sigaction(SIGXFSZ, NULL, {sa_handler=SIG_DFL, sa_mask=[], sa_flags=0}, 8) = 0 <0.000019>
65887 15:14:29.381588 rt_sigaction(SIGXFSZ, {sa_handler=0x48fc40, sa_mask=~[], sa_flags=SA_RESTORER|SA_ONSTACK|SA_RESTART|SA_SIGINFO, sa_restorer=0x48fd80}, NULL, 8) = 0 <0.000018>
65887 15:14:29.381654 rt_sigaction(SIGVTALRM, NULL, {sa_handler=SIG_DFL, sa_mask=[], sa_flags=0}, 8) = 0 <0.000015>
65887 15:14:29.381716 rt_sigaction(SIGVTALRM, {sa_handler=0x48fc40, sa_mask=~[], sa_flags=SA_RESTORER|SA_ONSTACK|SA_RESTART|SA_SIGINFO, sa_restorer=0x48fd80}, NULL, 8) = 0 <0.000015>
65887 15:14:29.381774 rt_sigaction(SIGPROF, NULL, {sa_handler=SIG_DFL, sa_mask=[], sa_flags=0}, 8) = 0 <0.000047>
65887 15:14:29.381867 rt_sigaction(SIGPROF, {sa_handler=0x48fc40, sa_mask=~[], sa_flags=SA_RESTORER|SA_ONSTACK|SA_RESTART|SA_SIGINFO, sa_restorer=0x48fd80}, NULL, 8) = 0 <0.000015>
65887 15:14:29.381929 rt_sigaction(SIGWINCH, NULL, {sa_handler=SIG_DFL, sa_mask=[], sa_flags=0}, 8) = 0 <0.000013>
65887 15:14:29.381985 rt_sigaction(SIGWINCH, {sa_handler=0x48fc40, sa_mask=~[], sa_flags=SA_RESTORER|SA_ONSTACK|SA_RESTART|SA_SIGINFO, sa_restorer=0x48fd80}, NULL, 8) = 0 <0.000015>
65887 15:14:29.382041 rt_sigaction(SIGIO, NULL, {sa_handler=SIG_DFL, sa_mask=[], sa_flags=0}, 8) = 0 <0.000014>
65887 15:14:29.382097 rt_sigaction(SIGIO, {sa_handler=0x48fc40, sa_mask=~[], sa_flags=SA_RESTORER|SA_ONSTACK|SA_RESTART|SA_SIGINFO, sa_restorer=0x48fd80}, NULL, 8) = 0 <0.000016>
65887 15:14:29.382154 rt_sigaction(SIGPWR, NULL, {sa_handler=SIG_DFL, sa_mask=[], sa_flags=0}, 8) = 0 <0.000014>
65887 15:14:29.382211 rt_sigaction(SIGPWR, {sa_handler=0x48fc40, sa_mask=~[], sa_flags=SA_RESTORER|SA_ONSTACK|SA_RESTART|SA_SIGINFO, sa_restorer=0x48fd80}, NULL, 8) = 0 <0.000016>
65887 15:14:29.382271 rt_sigaction(SIGSYS, NULL, {sa_handler=SIG_DFL, sa_mask=[], sa_flags=0}, 8) = 0 <0.000016>
65887 15:14:29.382328 rt_sigaction(SIGSYS, {sa_handler=0x48fc40, sa_mask=~[], sa_flags=SA_RESTORER|SA_ONSTACK|SA_RESTART|SA_SIGINFO, sa_restorer=0x48fd80}, NULL, 8) = 0 <0.000015>
65887 15:14:29.382383 rt_sigaction(SIGRTMIN, NULL, {sa_handler=SIG_DFL, sa_mask=[], sa_flags=0}, 8) = 0 <0.000014>
65887 15:14:29.382440 rt_sigaction(SIGRT_1, NULL, {sa_handler=SIG_DFL, sa_mask=[], sa_flags=0}, 8) = 0 <0.000016>
65887 15:14:29.382506 rt_sigaction(SIGRT_1, {sa_handler=0x48fc40, sa_mask=~[], sa_flags=SA_RESTORER|SA_ONSTACK|SA_RESTART|SA_SIGINFO, sa_restorer=0x48fd80}, NULL, 8) = 0 <0.000019>
65887 15:14:29.382574 rt_sigaction(SIGRT_2, NULL, {sa_handler=SIG_DFL, sa_mask=[], sa_flags=0}, 8) = 0 <0.000020>
65887 15:14:29.382648 rt_sigaction(SIGRT_3, NULL, {sa_handler=SIG_DFL, sa_mask=[], sa_flags=0}, 8) = 0 <0.000016>
65887 15:14:29.382709 rt_sigaction(SIGRT_3, {sa_handler=0x48fc40, sa_mask=~[], sa_flags=SA_RESTORER|SA_ONSTACK|SA_RESTART|SA_SIGINFO, sa_restorer=0x48fd80}, NULL, 8) = 0 <0.000019>
65887 15:14:29.382795 rt_sigaction(SIGRT_4, NULL, {sa_handler=SIG_DFL, sa_mask=[], sa_flags=0}, 8) = 0 <0.000015>
65887 15:14:29.382876 rt_sigaction(SIGRT_4, {sa_handler=0x48fc40, sa_mask=~[], sa_flags=SA_RESTORER|SA_ONSTACK|SA_RESTART|SA_SIGINFO, sa_restorer=0x48fd80}, NULL, 8) = 0 <0.000012>
65887 15:14:29.382934 rt_sigaction(SIGRT_5, NULL, {sa_handler=SIG_DFL, sa_mask=[], sa_flags=0}, 8) = 0 <0.000012>
65887 15:14:29.382984 rt_sigaction(SIGRT_5, {sa_handler=0x48fc40, sa_mask=~[], sa_flags=SA_RESTORER|SA_ONSTACK|SA_RESTART|SA_SIGINFO, sa_restorer=0x48fd80}, NULL, 8) = 0 <0.000013>
65887 15:14:29.383033 rt_sigaction(SIGRT_6, NULL, {sa_handler=SIG_DFL, sa_mask=[], sa_flags=0}, 8) = 0 <0.000014>
65887 15:14:29.383090 rt_sigaction(SIGRT_6, {sa_handler=0x48fc40, sa_mask=~[], sa_flags=SA_RESTORER|SA_ONSTACK|SA_RESTART|SA_SIGINFO, sa_restorer=0x48fd80}, NULL, 8) = 0 <0.000015>
65887 15:14:29.383143 rt_sigaction(SIGRT_7, NULL, {sa_handler=SIG_DFL, sa_mask=[], sa_flags=0}, 8) = 0 <0.000015>
65887 15:14:29.383196 rt_sigaction(SIGRT_7, {sa_handler=0x48fc40, sa_mask=~[], sa_flags=SA_RESTORER|SA_ONSTACK|SA_RESTART|SA_SIGINFO, sa_restorer=0x48fd80}, NULL, 8) = 0 <0.000013>
65887 15:14:29.383247 rt_sigaction(SIGRT_8, NULL, {sa_handler=SIG_DFL, sa_mask=[], sa_flags=0}, 8) = 0 <0.000013>
65887 15:14:29.383296 rt_sigaction(SIGRT_8, {sa_handler=0x48fc40, sa_mask=~[], sa_flags=SA_RESTORER|SA_ONSTACK|SA_RESTART|SA_SIGINFO, sa_restorer=0x48fd80}, NULL, 8) = 0 <0.000015>
65887 15:14:29.383349 rt_sigaction(SIGRT_9, NULL, {sa_handler=SIG_DFL, sa_mask=[], sa_flags=0}, 8) = 0 <0.000013>
65887 15:14:29.383399 rt_sigaction(SIGRT_9, {sa_handler=0x48fc40, sa_mask=~[], sa_flags=SA_RESTORER|SA_ONSTACK|SA_RESTART|SA_SIGINFO, sa_restorer=0x48fd80}, NULL, 8) = 0 <0.000215>
65887 15:14:29.383670 rt_sigaction(SIGRT_10, NULL, {sa_handler=SIG_DFL, sa_mask=[], sa_flags=0}, 8) = 0 <0.000014>
65887 15:14:29.383731 rt_sigaction(SIGRT_10, {sa_handler=0x48fc40, sa_mask=~[], sa_flags=SA_RESTORER|SA_ONSTACK|SA_RESTART|SA_SIGINFO, sa_restorer=0x48fd80}, NULL, 8) = 0 <0.000013>
65887 15:14:29.383787 rt_sigaction(SIGRT_11, NULL, {sa_handler=SIG_DFL, sa_mask=[], sa_flags=0}, 8) = 0 <0.000014>
65887 15:14:29.383856 rt_sigaction(SIGRT_11, {sa_handler=0x48fc40, sa_mask=~[], sa_flags=SA_RESTORER|SA_ONSTACK|SA_RESTART|SA_SIGINFO, sa_restorer=0x48fd80}, NULL, 8) = 0 <0.000013>
65887 15:14:29.383908 rt_sigaction(SIGRT_12, NULL, {sa_handler=SIG_DFL, sa_mask=[], sa_flags=0}, 8) = 0 <0.000013>
65887 15:14:29.383957 rt_sigaction(SIGRT_12, {sa_handler=0x48fc40, sa_mask=~[], sa_flags=SA_RESTORER|SA_ONSTACK|SA_RESTART|SA_SIGINFO, sa_restorer=0x48fd80}, NULL, 8) = 0 <0.000013>
65887 15:14:29.384007 rt_sigaction(SIGRT_13, NULL, {sa_handler=SIG_DFL, sa_mask=[], sa_flags=0}, 8) = 0 <0.000012>
65887 15:14:29.384056 rt_sigaction(SIGRT_13, {sa_handler=0x48fc40, sa_mask=~[], sa_flags=SA_RESTORER|SA_ONSTACK|SA_RESTART|SA_SIGINFO, sa_restorer=0x48fd80}, NULL, 8) = 0 <0.000013>
65887 15:14:29.384105 rt_sigaction(SIGRT_14, NULL, {sa_handler=SIG_DFL, sa_mask=[], sa_flags=0}, 8) = 0 <0.000013>
65887 15:14:29.384158 rt_sigaction(SIGRT_14, {sa_handler=0x48fc40, sa_mask=~[], sa_flags=SA_RESTORER|SA_ONSTACK|SA_RESTART|SA_SIGINFO, sa_restorer=0x48fd80}, NULL, 8) = 0 <0.000013>
65887 15:14:29.384210 rt_sigaction(SIGRT_15, NULL, {sa_handler=SIG_DFL, sa_mask=[], sa_flags=0}, 8) = 0 <0.000013>
65887 15:14:29.384260 rt_sigaction(SIGRT_15, {sa_handler=0x48fc40, sa_mask=~[], sa_flags=SA_RESTORER|SA_ONSTACK|SA_RESTART|SA_SIGINFO, sa_restorer=0x48fd80}, NULL, 8) = 0 <0.000013>
65887 15:14:29.384310 rt_sigaction(SIGRT_16, NULL, {sa_handler=SIG_DFL, sa_mask=[], sa_flags=0}, 8) = 0 <0.000012>
65887 15:14:29.384359 rt_sigaction(SIGRT_16, {sa_handler=0x48fc40, sa_mask=~[], sa_flags=SA_RESTORER|SA_ONSTACK|SA_RESTART|SA_SIGINFO, sa_restorer=0x48fd80}, NULL, 8) = 0 <0.000015>
65887 15:14:29.384412 rt_sigaction(SIGRT_17, NULL, {sa_handler=SIG_DFL, sa_mask=[], sa_flags=0}, 8) = 0 <0.000013>
65887 15:14:29.384462 rt_sigaction(SIGRT_17, {sa_handler=0x48fc40, sa_mask=~[], sa_flags=SA_RESTORER|SA_ONSTACK|SA_RESTART|SA_SIGINFO, sa_restorer=0x48fd80}, NULL, 8) = 0 <0.000014>
65887 15:14:29.384530 rt_sigaction(SIGRT_18, NULL, {sa_handler=SIG_DFL, sa_mask=[], sa_flags=0}, 8) = 0 <0.000014>
65887 15:14:29.384583 rt_sigaction(SIGRT_18, {sa_handler=0x48fc40, sa_mask=~[], sa_flags=SA_RESTORER|SA_ONSTACK|SA_RESTART|SA_SIGINFO, sa_restorer=0x48fd80}, NULL, 8) = 0 <0.000014>
65887 15:14:29.384634 rt_sigaction(SIGRT_19, NULL, {sa_handler=SIG_DFL, sa_mask=[], sa_flags=0}, 8) = 0 <0.000012>
65887 15:14:29.384683 rt_sigaction(SIGRT_19, {sa_handler=0x48fc40, sa_mask=~[], sa_flags=SA_RESTORER|SA_ONSTACK|SA_RESTART|SA_SIGINFO, sa_restorer=0x48fd80}, NULL, 8) = 0 <0.000013>
65887 15:14:29.384734 rt_sigaction(SIGRT_20, NULL, {sa_handler=SIG_DFL, sa_mask=[], sa_flags=0}, 8) = 0 <0.000013>
65887 15:14:29.384784 rt_sigaction(SIGRT_20, {sa_handler=0x48fc40, sa_mask=~[], sa_flags=SA_RESTORER|SA_ONSTACK|SA_RESTART|SA_SIGINFO, sa_restorer=0x48fd80}, NULL, 8) = 0 <0.000015>
65887 15:14:29.384847 rt_sigaction(SIGRT_21, NULL, {sa_handler=SIG_DFL, sa_mask=[], sa_flags=0}, 8) = 0 <0.000013>
65887 15:14:29.384903 rt_sigaction(SIGRT_21, {sa_handler=0x48fc40, sa_mask=~[], sa_flags=SA_RESTORER|SA_ONSTACK|SA_RESTART|SA_SIGINFO, sa_restorer=0x48fd80}, NULL, 8) = 0 <0.000013>
65887 15:14:29.384953 rt_sigaction(SIGRT_22, NULL, {sa_handler=SIG_DFL, sa_mask=[], sa_flags=0}, 8) = 0 <0.000013>
65887 15:14:29.385002 rt_sigaction(SIGRT_22, {sa_handler=0x48fc40, sa_mask=~[], sa_flags=SA_RESTORER|SA_ONSTACK|SA_RESTART|SA_SIGINFO, sa_restorer=0x48fd80}, NULL, 8) = 0 <0.000013>
65887 15:14:29.385052 rt_sigaction(SIGRT_23, NULL, {sa_handler=SIG_DFL, sa_mask=[], sa_flags=0}, 8) = 0 <0.000013>
65887 15:14:29.385102 rt_sigaction(SIGRT_23, {sa_handler=0x48fc40, sa_mask=~[], sa_flags=SA_RESTORER|SA_ONSTACK|SA_RESTART|SA_SIGINFO, sa_restorer=0x48fd80}, NULL, 8) = 0 <0.000014>
65887 15:14:29.385152 rt_sigaction(SIGRT_24, NULL, {sa_handler=SIG_DFL, sa_mask=[], sa_flags=0}, 8) = 0 <0.000013>
65887 15:14:29.385202 rt_sigaction(SIGRT_24, {sa_handler=0x48fc40, sa_mask=~[], sa_flags=SA_RESTORER|SA_ONSTACK|SA_RESTART|SA_SIGINFO, sa_restorer=0x48fd80}, NULL, 8) = 0 <0.000015>
65887 15:14:29.385261 rt_sigaction(SIGRT_25, NULL, {sa_handler=SIG_DFL, sa_mask=[], sa_flags=0}, 8) = 0 <0.000013>
65887 15:14:29.385311 rt_sigaction(SIGRT_25, {sa_handler=0x48fc40, sa_mask=~[], sa_flags=SA_RESTORER|SA_ONSTACK|SA_RESTART|SA_SIGINFO, sa_restorer=0x48fd80}, NULL, 8) = 0 <0.000013>
65887 15:14:29.385359 rt_sigaction(SIGRT_26, NULL, {sa_handler=SIG_DFL, sa_mask=[], sa_flags=0}, 8) = 0 <0.000015>
65887 15:14:29.385411 rt_sigaction(SIGRT_26, {sa_handler=0x48fc40, sa_mask=~[], sa_flags=SA_RESTORER|SA_ONSTACK|SA_RESTART|SA_SIGINFO, sa_restorer=0x48fd80}, NULL, 8) = 0 <0.000013>
65887 15:14:29.385462 rt_sigaction(SIGRT_27, NULL, {sa_handler=SIG_DFL, sa_mask=[], sa_flags=0}, 8) = 0 <0.000013>
65887 15:14:29.385513 rt_sigaction(SIGRT_27, {sa_handler=0x48fc40, sa_mask=~[], sa_flags=SA_RESTORER|SA_ONSTACK|SA_RESTART|SA_SIGINFO, sa_restorer=0x48fd80}, NULL, 8) = 0 <0.000013>
65887 15:14:29.385562 rt_sigaction(SIGRT_28, NULL, {sa_handler=SIG_DFL, sa_mask=[], sa_flags=0}, 8) = 0 <0.000014>
65887 15:14:29.385616 rt_sigaction(SIGRT_28, {sa_handler=0x48fc40, sa_mask=~[], sa_flags=SA_RESTORER|SA_ONSTACK|SA_RESTART|SA_SIGINFO, sa_restorer=0x48fd80}, NULL, 8) = 0 <0.000013>
65887 15:14:29.385668 rt_sigaction(SIGRT_29, NULL, {sa_handler=SIG_DFL, sa_mask=[], sa_flags=0}, 8) = 0 <0.000013>
65887 15:14:29.385719 rt_sigaction(SIGRT_29, {sa_handler=0x48fc40, sa_mask=~[], sa_flags=SA_RESTORER|SA_ONSTACK|SA_RESTART|SA_SIGINFO, sa_restorer=0x48fd80}, NULL, 8) = 0 <0.000013>
65887 15:14:29.385769 rt_sigaction(SIGRT_30, NULL, {sa_handler=SIG_DFL, sa_mask=[], sa_flags=0}, 8) = 0 <0.000014>
65887 15:14:29.385836 rt_sigaction(SIGRT_30, {sa_handler=0x48fc40, sa_mask=~[], sa_flags=SA_RESTORER|SA_ONSTACK|SA_RESTART|SA_SIGINFO, sa_restorer=0x48fd80}, NULL, 8) = 0 <0.000018>
65887 15:14:29.385900 rt_sigaction(SIGRT_31, NULL, {sa_handler=SIG_DFL, sa_mask=[], sa_flags=0}, 8) = 0 <0.000014>
65887 15:14:29.385975 rt_sigaction(SIGRT_31, {sa_handler=0x48fc40, sa_mask=~[], sa_flags=SA_RESTORER|SA_ONSTACK|SA_RESTART|SA_SIGINFO, sa_restorer=0x48fd80}, NULL, 8) = 0 <0.000015>
65887 15:14:29.386034 rt_sigaction(SIGRT_32, NULL, {sa_handler=SIG_DFL, sa_mask=[], sa_flags=0}, 8) = 0 <0.000014>
65887 15:14:29.386089 rt_sigaction(SIGRT_32, {sa_handler=0x48fc40, sa_mask=~[], sa_flags=SA_RESTORER|SA_ONSTACK|SA_RESTART|SA_SIGINFO, sa_restorer=0x48fd80}, NULL, 8) = 0 <0.000014>
65887 15:14:29.386205 rt_sigprocmask(SIG_SETMASK, ~[], [], 8) = 0 <0.000019>
65887 15:14:29.386280 clone(child_stack=0x12f0da9cc000, flags=CLONE_VM|CLONE_FS|CLONE_FILES|CLONE_SIGHAND|CLONE_THREAD|CLONE_SYSVSEM|CLONE_SETTLS <unfinished ...>
65888 15:14:29.386452 gettid( <unfinished ...>
65887 15:14:29.386480 <... clone resumed>, tls=0x12f0da9fa090) = 65888 <0.000177>
65888 15:14:29.386507 <... gettid resumed>) = 65888 <0.000034>
65887 15:14:29.386545 rt_sigprocmask(SIG_SETMASK, [],  <unfinished ...>
65888 15:14:29.386576 sigaltstack(NULL,  <unfinished ...>
65887 15:14:29.386607 <... rt_sigprocmask resumed>NULL, 8) = 0 <0.000038>
65888 15:14:29.386703 <... sigaltstack resumed>{ss_sp=NULL, ss_flags=SS_DISABLE, ss_size=0}) = 0 <0.000111>
65887 15:14:29.386741 mmap(NULL, 262144, PROT_READ|PROT_WRITE, MAP_PRIVATE|MAP_ANONYMOUS, -1, 0 <unfinished ...>
65888 15:14:29.386767 sigaltstack({ss_sp=0x12f0daa00000, ss_flags=0, ss_size=32768}, NULL) = 0 <0.000050>
65887 15:14:29.386894 <... mmap resumed>) = 0x7be771160000 <0.000130>
65888 15:14:29.386979 rt_sigprocmask(SIG_SETMASK, [],  <unfinished ...>
65887 15:14:29.387024 prctl(PR_SET_VMA, PR_SET_VMA_ANON_NAME, 0x7be771160000, 262144, " Go: immortal metadata" <unfinished ...>
65888 15:14:29.387057 <... rt_sigprocmask resumed>NULL, 8) = 0 <0.000047>
65888 15:14:29.387088 gettid( <unfinished ...>
65887 15:14:29.387112 <... prctl resumed>) = 0 <0.000064>
65888 15:14:29.387135 <... gettid resumed>) = 65888 <0.000032>
65888 15:14:29.387164 nanosleep({tv_sec=0, tv_nsec=20000},  <unfinished ...>
65887 15:14:29.387199 rt_sigprocmask(SIG_SETMASK, ~[], [], 8) = 0 <0.000026>
65888 15:14:29.387275 <... nanosleep resumed>NULL) = 0 <0.000090>
65887 15:14:29.387311 clone(child_stack=0x12f0daa18000, flags=CLONE_VM|CLONE_FS|CLONE_FILES|CLONE_SIGHAND|CLONE_THREAD|CLONE_SYSVSEM|CLONE_SETTLS <unfinished ...>
65888 15:14:29.387405 sched_getaffinity(0, 8192,  <unfinished ...>
65889 15:14:29.387440 gettid( <unfinished ...>
65888 15:14:29.387461 <... sched_getaffinity resumed>[0 1 2 3 4 5 6 7]) = 8 <0.000034>
65889 15:14:29.387488 <... gettid resumed>) = 65889 <0.000034>
65888 15:14:29.387509 getpid( <unfinished ...>
65889 15:14:29.387530 sigaltstack(NULL,  <unfinished ...>
65888 15:14:29.387549 <... getpid resumed>) = 65887 <0.000027>
65889 15:14:29.387568 <... sigaltstack resumed>{ss_sp=NULL, ss_flags=SS_DISABLE, ss_size=0}) = 0 <0.000025>
65888 15:14:29.387593 tgkill(65887, 65887, SIGURG <unfinished ...>
65889 15:14:29.387614 sigaltstack({ss_sp=0x12f0daa08000, ss_flags=0, ss_size=32768},  <unfinished ...>
65888 15:14:29.387638 <... tgkill resumed>) = 0 <0.000030>
65889 15:14:29.387658 <... sigaltstack resumed>NULL) = 0 <0.000027>
65888 15:14:29.387677 nanosleep({tv_sec=0, tv_nsec=20000},  <unfinished ...>
65889 15:14:29.387702 rt_sigprocmask(SIG_SETMASK, [], NULL, 8) = 0 <0.000021>
65887 15:14:29.387754 <... clone resumed>, tls=0x12f0da9fa890) = 65889 <0.000427>
65889 15:14:29.387784 gettid( <unfinished ...>
65887 15:14:29.387850 rt_sigprocmask(SIG_SETMASK, [],  <unfinished ...>
65888 15:14:29.387891 <... nanosleep resumed>NULL) = 0 <0.000196>
65889 15:14:29.387918 <... gettid resumed>) = 65889 <0.000121>
65887 15:14:29.387938 <... rt_sigprocmask resumed>NULL, 8) = 0 <0.000064>
65889 15:14:29.387974 nanosleep({tv_sec=0, tv_nsec=3000},  <unfinished ...>
65888 15:14:29.388006 nanosleep({tv_sec=0, tv_nsec=20000},  <unfinished ...>
65887 15:14:29.388028 --- SIGURG {si_signo=SIGURG, si_code=SI_TKILL, si_pid=65887, si_uid=1000} ---
65887 15:14:29.388074 rt_sigreturn({mask=[]} <unfinished ...>
65889 15:14:29.388112 <... nanosleep resumed>NULL) = 0 <0.000115>
65888 15:14:29.388152 <... nanosleep resumed>NULL) = 0 <0.000127>
65887 15:14:29.388178 <... rt_sigreturn resumed>) = 0 <0.000083>
65889 15:14:29.388236 mmap(NULL, 262144, PROT_READ|PROT_WRITE, MAP_PRIVATE|MAP_ANONYMOUS, -1, 0 <unfinished ...>
65888 15:14:29.388267 getpid( <unfinished ...>
65887 15:14:29.388288 sched_yield( <unfinished ...>
65889 15:14:29.388315 <... mmap resumed>) = 0x7be771120000 <0.000056>
65888 15:14:29.388339 <... getpid resumed>) = 65887 <0.000055>
65889 15:14:29.388363 prctl(PR_SET_VMA, PR_SET_VMA_ANON_NAME, 0x7be771120000, 262144, " Go: immortal metadata" <unfinished ...>
65888 15:14:29.388400 tgkill(65887, 65887, SIGURG <unfinished ...>
65889 15:14:29.388429 <... prctl resumed>) = 0 <0.000039>
65888 15:14:29.388455 <... tgkill resumed>) = 0 <0.000036>
65889 15:14:29.388503 sched_yield( <unfinished ...>
65887 15:14:29.388542 <... sched_yield resumed>) = 0 <0.000240>
65887 15:14:29.388581 --- SIGURG {si_signo=SIGURG, si_code=SI_TKILL, si_pid=65887, si_uid=1000} ---
65887 15:14:29.388619 rt_sigreturn({mask=[]}) = 0 <0.000017>
65887 15:14:29.388721 rt_sigprocmask(SIG_SETMASK, ~[], [], 8) = 0 <0.000017>
65887 15:14:29.388790 clone(child_stack=0x12f0daa14000, flags=CLONE_VM|CLONE_FS|CLONE_FILES|CLONE_SIGHAND|CLONE_THREAD|CLONE_SYSVSEM|CLONE_SETTLS <unfinished ...>
65890 15:14:29.388937 gettid( <unfinished ...>
65887 15:14:29.388964 <... clone resumed>, tls=0x12f0da9fb090) = 65890 <0.000143>
65890 15:14:29.388986 <... gettid resumed>) = 65890 <0.000030>
65887 15:14:29.389019 rt_sigprocmask(SIG_SETMASK, [],  <unfinished ...>
65890 15:14:29.389046 sigaltstack(NULL, {ss_sp=NULL, ss_flags=SS_DISABLE, ss_size=0}) = 0 <0.000018>
65887 15:14:29.389102 <... rt_sigprocmask resumed>NULL, 8) = 0 <0.000063>
65890 15:14:29.389125 sigaltstack({ss_sp=0x12f0daa80000, ss_flags=0, ss_size=32768}, NULL) = 0 <0.000026>
65887 15:14:29.389198 futex(0xe3bfb8, FUTEX_WAIT_PRIVATE, 0, NULL <unfinished ...>
65889 15:14:29.389232 <... sched_yield resumed>) = 0 <0.000698>
65888 15:14:29.389257 nanosleep({tv_sec=0, tv_nsec=20000},  <unfinished ...>
65890 15:14:29.389298 rt_sigprocmask(SIG_SETMASK, [],  <unfinished ...>
65889 15:14:29.389323 rt_sigprocmask(SIG_SETMASK, ~[],  <unfinished ...>
65890 15:14:29.389375 <... rt_sigprocmask resumed>NULL, 8) = 0 <0.000055>
65889 15:14:29.389403 <... rt_sigprocmask resumed>[], 8) = 0 <0.000064>
65888 15:14:29.389428 <... nanosleep resumed>NULL) = 0 <0.000152>
65890 15:14:29.389455 gettid()          = 65890 <0.000023>
65888 15:14:29.389508 nanosleep({tv_sec=0, tv_nsec=20000},  <unfinished ...>
65889 15:14:29.389537 clone(child_stack=0x12f0daa30000, flags=CLONE_VM|CLONE_FS|CLONE_FILES|CLONE_SIGHAND|CLONE_THREAD|CLONE_SYSVSEM|CLONE_SETTLS <unfinished ...>
65890 15:14:29.389582 futex(0xe3bfb8, FUTEX_WAKE_PRIVATE, 1) = 1 <0.000019>
65887 15:14:29.389643 <... futex resumed>) = 0 <0.000420>
65889 15:14:29.389664 <... clone resumed>, tls=0x12f0daa18090) = 65891 <0.000103>
65888 15:14:29.389682 <... nanosleep resumed>NULL) = 0 <0.000155>
65887 15:14:29.389718 rt_sigprocmask(SIG_SETMASK, ~[],  <unfinished ...>
65889 15:14:29.389744 rt_sigprocmask(SIG_SETMASK, [],  <unfinished ...>
65888 15:14:29.389767 nanosleep({tv_sec=0, tv_nsec=20000},  <unfinished ...>
65889 15:14:29.389793 <... rt_sigprocmask resumed>NULL, 8) = 0 <0.000034>
65887 15:14:29.389830 <... rt_sigprocmask resumed>[], 8) = 0 <0.000091>
65889 15:14:29.389860 futex(0xe3bfb8, FUTEX_WAKE_PRIVATE, 1 <unfinished ...>
65888 15:14:29.389887 <... nanosleep resumed>NULL) = 0 <0.000101>
65887 15:14:29.389910 clone(child_stack=0x12f0daa2c000, flags=CLONE_VM|CLONE_FS|CLONE_FILES|CLONE_SIGHAND|CLONE_THREAD|CLONE_SYSVSEM|CLONE_SETTLS <unfinished ...>
65889 15:14:29.389934 <... futex resumed>) = 0 <0.000059>
65888 15:14:29.389954 nanosleep({tv_sec=0, tv_nsec=20000},  <unfinished ...>
65891 15:14:29.390005 gettid( <unfinished ...>
65890 15:14:29.390037 futex(0x12f0da9fb160, FUTEX_WAIT_PRIVATE, 0, NULL <unfinished ...>
65891 15:14:29.390070 <... gettid resumed>) = 65891 <0.000043>
65891 15:14:29.390116 sigaltstack(NULL,  <unfinished ...>
65889 15:14:29.390162 futex(0x12f0da9fa960, FUTEX_WAIT_PRIVATE, 0, NULL <unfinished ...>
65891 15:14:29.390208 <... sigaltstack resumed>{ss_sp=NULL, ss_flags=SS_DISABLE, ss_size=0}) = 0 <0.000068>
65891 15:14:29.390250 sigaltstack({ss_sp=0x12f0daa1e000, ss_flags=0, ss_size=32768}, NULL) = 0 <0.000014>
65888 15:14:29.390318 <... nanosleep resumed>NULL) = 0 <0.000346>
65887 15:14:29.390346 <... clone resumed>, tls=0x12f0da9fb890) = 65892 <0.000420>
65891 15:14:29.390377 rt_sigprocmask(SIG_SETMASK, [],  <unfinished ...>
65888 15:14:29.390404 nanosleep({tv_sec=0, tv_nsec=20000},  <unfinished ...>
65887 15:14:29.390430 rt_sigprocmask(SIG_SETMASK, [],  <unfinished ...>
65891 15:14:29.390472 <... rt_sigprocmask resumed>NULL, 8) = 0 <0.000072>
65887 15:14:29.390500 <... rt_sigprocmask resumed>NULL, 8) = 0 <0.000052>
65891 15:14:29.390548 gettid( <unfinished ...>
65888 15:14:29.390574 <... nanosleep resumed>NULL) = 0 <0.000149>
65887 15:14:29.390601 futex(0xe3bfb8, FUTEX_WAIT_PRIVATE, 0, NULL <unfinished ...>
65891 15:14:29.390630 <... gettid resumed>) = 65891 <0.000066>
65888 15:14:29.390670 nanosleep({tv_sec=0, tv_nsec=20000},  <unfinished ...>
65891 15:14:29.390704 futex(0x12f0da9fa960, FUTEX_WAKE_PRIVATE, 1) = 1 <0.000018>
65889 15:14:29.390750 <... futex resumed>) = 0 <0.000568>
65891 15:14:29.391079 mmap(NULL, 262144, PROT_READ|PROT_WRITE, MAP_PRIVATE|MAP_ANONYMOUS, -1, 0 <unfinished ...>
65889 15:14:29.391119 futex(0x12f0da9fa960, FUTEX_WAIT_PRIVATE, 0, NULL <unfinished ...>
65888 15:14:29.391139 <... nanosleep resumed>NULL) = 0 <0.000449>
65892 15:14:29.391162 gettid()          = 65892 <0.000076>
65891 15:14:29.391271 <... mmap resumed>) = 0x7be7710e0000 <0.000168>
65888 15:14:29.391293 nanosleep({tv_sec=0, tv_nsec=20000},  <unfinished ...>
65892 15:14:29.391335 sigaltstack(NULL,  <unfinished ...>
65891 15:14:29.391358 prctl(PR_SET_VMA, PR_SET_VMA_ANON_NAME, 0x7be7710e0000, 262144, " Go: immortal metadata" <unfinished ...>
65892 15:14:29.391427 <... sigaltstack resumed>{ss_sp=NULL, ss_flags=SS_DISABLE, ss_size=0}) = 0 <0.000038>
65891 15:14:29.391467 <... prctl resumed>) = 0 <0.000088>
65892 15:14:29.391489 sigaltstack({ss_sp=0x12f0daa8a000, ss_flags=0, ss_size=32768},  <unfinished ...>
65888 15:14:29.391514 <... nanosleep resumed>NULL) = 0 <0.000200>
65892 15:14:29.391590 <... sigaltstack resumed>NULL) = 0 <0.000079>
65891 15:14:29.391627 futex(0x12f0da9fa960, FUTEX_WAKE_PRIVATE, 1 <unfinished ...>
65888 15:14:29.391678 nanosleep({tv_sec=0, tv_nsec=20000},  <unfinished ...>
65892 15:14:29.391900 rt_sigprocmask(SIG_SETMASK, [],  <unfinished ...>
65891 15:14:29.391935 <... futex resumed>) = 1 <0.000272>
65889 15:14:29.392025 <... futex resumed>) = 0 <0.000885>
65891 15:14:29.392188 futex(0xe3bfb8, FUTEX_WAKE_PRIVATE, 1 <unfinished ...>
65889 15:14:29.392245 futex(0x12f0da9fa960, FUTEX_WAIT_PRIVATE, 0, NULL <unfinished ...>
65888 15:14:29.392271 <... nanosleep resumed>NULL) = 0 <0.000392>
65891 15:14:29.392293 <... futex resumed>) = 1 <0.000073>
65887 15:14:29.392324 <... futex resumed>) = 0 <0.001707>
65891 15:14:29.392407 futex(0x12f0daa18160, FUTEX_WAIT_PRIVATE, 0, NULL <unfinished ...>
65888 15:14:29.392437 nanosleep({tv_sec=0, tv_nsec=20000},  <unfinished ...>
65887 15:14:29.392471 futex(0x12f0daa18160, FUTEX_WAKE_PRIVATE, 1 <unfinished ...>
65891 15:14:29.392493 <... futex resumed>) = -1 EAGAIN (Resource temporarily unavailable) <0.000068>
65891 15:14:29.392552 nanosleep({tv_sec=0, tv_nsec=3000},  <unfinished ...>
65888 15:14:29.392585 <... nanosleep resumed>NULL) = 0 <0.000126>
65887 15:14:29.392618 <... futex resumed>) = 0 <0.000132>
65891 15:14:29.392824 <... nanosleep resumed>NULL) = 0 <0.000247>
65888 15:14:29.392859 nanosleep({tv_sec=0, tv_nsec=20000},  <unfinished ...>
65891 15:14:29.392901 futex(0x12f0da9fa960, FUTEX_WAKE_PRIVATE, 1) = 1 <0.000027>
65889 15:14:29.393107 <... futex resumed>) = 0 <0.000844>
65891 15:14:29.393150 futex(0x12f0daa18160, FUTEX_WAIT_PRIVATE, 0, NULL <unfinished ...>
65889 15:14:29.393177 futex(0x12f0da9fa960, FUTEX_WAIT_PRIVATE, 0, NULL <unfinished ...>
65888 15:14:29.393202 <... nanosleep resumed>NULL) = 0 <0.000322>
65887 15:14:29.393249 prlimit64(0, RLIMIT_NOFILE, NULL,  <unfinished ...>
65888 15:14:29.393274 nanosleep({tv_sec=0, tv_nsec=20000},  <unfinished ...>
65887 15:14:29.393324 <... prlimit64 resumed>{rlim_cur=1024*1024, rlim_max=1024*1024}) = 0 <0.000057>
65888 15:14:29.393396 <... nanosleep resumed>NULL) = 0 <0.000099>
65888 15:14:29.393431 nanosleep({tv_sec=0, tv_nsec=20000},  <unfinished ...>
65887 15:14:29.393502 fcntl(0, F_GETFL) = 0x8002 (flags O_RDWR|O_LARGEFILE) <0.000019>
65888 15:14:29.393566 <... nanosleep resumed>NULL) = 0 <0.000116>
65888 15:14:29.393599 nanosleep({tv_sec=0, tv_nsec=20000},  <unfinished ...>
65887 15:14:29.393651 futex(0x12f0da9fa960, FUTEX_WAKE_PRIVATE, 1 <unfinished ...>
65889 15:14:29.393688 <... futex resumed>) = 0 <0.000496>
65887 15:14:29.393724 <... futex resumed>) = 1 <0.000056>
65889 15:14:29.393748 nanosleep({tv_sec=0, tv_nsec=3000},  <unfinished ...>
65888 15:14:29.393778 <... nanosleep resumed>NULL) = 0 <0.000156>
65889 15:14:29.393838 <... nanosleep resumed>NULL) = 0 <0.000069>
65888 15:14:29.393875 nanosleep({tv_sec=0, tv_nsec=20000},  <unfinished ...>
65887 15:14:29.393906 fcntl(1, F_GETFL <unfinished ...>
65889 15:14:29.393929 futex(0x12f0daa18160, FUTEX_WAKE_PRIVATE, 1 <unfinished ...>
65891 15:14:29.393968 <... futex resumed>) = 0 <0.000801>
65889 15:14:29.394011 <... futex resumed>) = 1 <0.000066>
65887 15:14:29.394031 <... fcntl resumed>) = 0x1 (flags O_WRONLY) <0.000109>
65891 15:14:29.394053 futex(0x12f0daa18160, FUTEX_WAIT_PRIVATE, 0, NULL <unfinished ...>
65888 15:14:29.394073 <... nanosleep resumed>NULL) = 0 <0.000178>
65889 15:14:29.394147 futex(0x12f0da9fa960, FUTEX_WAIT_PRIVATE, 0, NULL <unfinished ...>
65888 15:14:29.394179 nanosleep({tv_sec=0, tv_nsec=20000},  <unfinished ...>
65887 15:14:29.394212 fcntl(2, F_GETFL) = 0x8000 (flags O_RDONLY|O_LARGEFILE) <0.000013>
65888 15:14:29.394289 <... nanosleep resumed>NULL) = 0 <0.000090>
65888 15:14:29.394391 nanosleep({tv_sec=0, tv_nsec=20000},  <unfinished ...>
65887 15:14:29.394426 readlinkat(AT_FDCWD, "/proc/self/exe", "/opt/datadog-packages/datadog-ap"..., 128) = 62 <0.000054>
65888 15:14:29.394535 <... nanosleep resumed>NULL) = 0 <0.000121>
65888 15:14:29.394570 nanosleep({tv_sec=0, tv_nsec=20000},  <unfinished ...>
65887 15:14:29.394625 openat(AT_FDCWD, "/opt/datadog-packages/datadog-apm-inject/0.58.0/inject/process", O_RDONLY|O_CLOEXEC <unfinished ...>
65888 15:14:29.394721 <... nanosleep resumed>NULL) = 0 <0.000130>
65887 15:14:29.394747 <... openat resumed>) = 3 <0.000097>
65888 15:14:29.394788 nanosleep({tv_sec=0, tv_nsec=20000},  <unfinished ...>
65887 15:14:29.395077 fcntl(3, F_GETFL) = 0x8000 (flags O_RDONLY|O_LARGEFILE) <0.000045>
65887 15:14:29.395166 fcntl(3, F_SETFL, O_RDONLY|O_NONBLOCK|O_LARGEFILE) = 0 <0.000012>
65888 15:14:29.395219 <... nanosleep resumed>NULL) = 0 <0.000151>
65888 15:14:29.395256 nanosleep({tv_sec=0, tv_nsec=20000},  <unfinished ...>
65887 15:14:29.395288 epoll_create1(EPOLL_CLOEXEC) = 4 <0.000022>
65887 15:14:29.395343 eventfd2(0, EFD_CLOEXEC|EFD_NONBLOCK <unfinished ...>
65888 15:14:29.395391 <... nanosleep resumed>NULL) = 0 <0.000114>
65887 15:14:29.395422 <... eventfd2 resumed>) = 5 <0.000056>
65888 15:14:29.395451 nanosleep({tv_sec=0, tv_nsec=20000},  <unfinished ...>
65887 15:14:29.395476 epoll_ctl(4, EPOLL_CTL_ADD, 5, {events=EPOLLIN, data={u32=15056880, u64=15056880}}) = 0 <0.000025>
65887 15:14:29.395559 epoll_ctl(4, EPOLL_CTL_ADD, 3, {events=EPOLLIN|EPOLLOUT|EPOLLRDHUP|EPOLLET, data={u32=1191182337, u64=4464114546805571585}} <unfinished ...>
65888 15:14:29.395603 <... nanosleep resumed>NULL) = 0 <0.000132>
65888 15:14:29.395637 epoll_pwait(4,  <unfinished ...>
65887 15:14:29.395664 <... epoll_ctl resumed>) = -1 EPERM (Operation not permitted) <0.000068>
65888 15:14:29.395704 <... epoll_pwait resumed>[], 128, 0, NULL, 0) = 0 <0.000050>
65887 15:14:29.395734 fcntl(3, F_GETFL <unfinished ...>
65892 15:14:29.395765 <... rt_sigprocmask resumed>NULL, 8) = 0 <0.003839>
65888 15:14:29.395790 nanosleep({tv_sec=0, tv_nsec=20000},  <unfinished ...>
65887 15:14:29.395828 <... fcntl resumed>) = 0x8800 (flags O_RDONLY|O_NONBLOCK|O_LARGEFILE) <0.000078>
65887 15:14:29.395890 fcntl(3, F_SETFL, O_RDONLY|O_LARGEFILE) = 0 <0.000012>
65888 15:14:29.395958 <... nanosleep resumed>NULL) = 0 <0.000135>
65887 15:14:29.395988 fstat(3,  <unfinished ...>
65892 15:14:29.396012 gettid( <unfinished ...>
65888 15:14:29.396032 nanosleep({tv_sec=0, tv_nsec=20000},  <unfinished ...>
65892 15:14:29.396058 <... gettid resumed>) = 65892 <0.000032>
65887 15:14:29.396094 <... fstat resumed>{st_mode=S_IFREG|0755, st_size=10719394, ...}) = 0 <0.000089>
65892 15:14:29.396140 futex(0x12f0da9fb960, FUTEX_WAIT_PRIVATE, 0, NULL <unfinished ...>
65887 15:14:29.396176 pread64(3,  <unfinished ...>
65888 15:14:29.396208 <... nanosleep resumed>NULL) = 0 <0.000157>
65887 15:14:29.396236 <... pread64 resumed>"\177ELF\2\1\1\0\0\0\0\0\0\0\0\0\2\0>\0\1\0\0\0\240\367H\0\0\0\0\0"..., 64, 0) = 64 <0.000045>
65888 15:14:29.396274 nanosleep({tv_sec=0, tv_nsec=20000},  <unfinished ...>
65887 15:14:29.396304 pread64(3, "\343E\17\0200E\17\0213E\17\20p\20E\17\21s\20E\17\20p\30E\17\21s\30L\211\322"..., 64, 1339924) = 64 <0.000016>
65887 15:14:29.396364 pread64(3,  <unfinished ...>
65888 15:14:29.396397 <... nanosleep resumed>NULL) = 0 <0.000104>
65888 15:14:29.396436 nanosleep({tv_sec=0, tv_nsec=20000},  <unfinished ...>
65887 15:14:29.396467 <... pread64 resumed>"\0\0\0H\213\264$\250\0\0\0L\213\204$\260\0\0\0L\213\220\330\1\0\0H\211\320I\211\331"..., 64, 2679848) = 64 <0.000076>
65887 15:14:29.396506 pread64(3, "\240\0\0\0D\17\266\214$\250\0\0\0I\211\342D\17\0201E\17\0212D\17\20q\20E\17\21"..., 64, 4019772) = 64 <0.000016>
65888 15:14:29.396568 <... nanosleep resumed>NULL) = 0 <0.000112>
65887 15:14:29.396598 pread64(3,  <unfinished ...>
65888 15:14:29.396627 nanosleep({tv_sec=0, tv_nsec=20000},  <unfinished ...>
65887 15:14:29.396657 <... pread64 resumed>"r\225\0\0\0\0\0\0105\0\0\1\0\0\0\20\0\0\0\0\0\0\0\330\7\0\0 W\3\0\300"..., 64, 5359697) = 64 <0.000044>
65887 15:14:29.396694 pread64(3, "o.uber.org/zap.anyFieldC[bool].A"..., 64, 6699621) = 64 <0.000021>
65888 15:14:29.396764 <... nanosleep resumed>NULL) = 0 <0.000118>
65887 15:14:29.396794 pread64(3,  <unfinished ...>
65888 15:14:29.396841 nanosleep({tv_sec=0, tv_nsec=20000},  <unfinished ...>
65887 15:14:29.396873 <... pread64 resumed>"\2\n\0\0]\2l\2 \2/\2\v\7\24\0\0\22\4B\3?\4\244\1\0\0T\2\1\2\20"..., 64, 8039545) = 64 <0.000048>
65887 15:14:29.396908 pread64(3, "\377\377\377\223\1\t\0\226\1\t\0\0\2557\0\277\265\6\0\10\0\0\0\0\0\0\0\367\223\20\0\6"..., 64, 9379469) = 64 <0.000025>
65888 15:14:29.396966 <... nanosleep resumed>NULL) = 0 <0.000105>
65888 15:14:29.397006 nanosleep({tv_sec=0, tv_nsec=20000},  <unfinished ...>
65887 15:14:29.397037 close(3)          = 0 <0.000017>
65888 15:14:29.397850 <... nanosleep resumed>NULL) = 0 <0.000813>
65888 15:14:29.397923 nanosleep({tv_sec=0, tv_nsec=20000}, NULL) = 0 <0.000103>
65888 15:14:29.398085 nanosleep({tv_sec=0, tv_nsec=20000}, NULL) = 0 <0.000094>
65888 15:14:29.398226 nanosleep({tv_sec=0, tv_nsec=20000}, NULL) = 0 <0.000093>
65888 15:14:29.398369 nanosleep({tv_sec=0, tv_nsec=20000}, NULL) = 0 <0.000095>
65888 15:14:29.398513 nanosleep({tv_sec=0, tv_nsec=20000}, NULL) = 0 <0.000095>
65888 15:14:29.398659 nanosleep({tv_sec=0, tv_nsec=20000}, NULL) = 0 <0.000095>
65888 15:14:29.398818 nanosleep({tv_sec=0, tv_nsec=20000}, NULL) = 0 <0.000097>
65887 15:14:29.398972 openat(AT_FDCWD, "/proc/self/cgroup", O_RDONLY|O_CLOEXEC <unfinished ...>
65888 15:14:29.399014 nanosleep({tv_sec=0, tv_nsec=20000}, NULL) = 0 <0.000092>
65887 15:14:29.399149 <... openat resumed>) = 3 <0.000143>
65888 15:14:29.399173 nanosleep({tv_sec=0, tv_nsec=20000},  <unfinished ...>
65887 15:14:29.399215 fcntl(3, F_GETFL) = 0x8000 (flags O_RDONLY|O_LARGEFILE) <0.000015>
65887 15:14:29.399282 fcntl(3, F_SETFL, O_RDONLY|O_NONBLOCK|O_LARGEFILE <unfinished ...>
65888 15:14:29.399304 <... nanosleep resumed>NULL) = 0 <0.000112>
65888 15:14:29.399335 nanosleep({tv_sec=0, tv_nsec=20000},  <unfinished ...>
65887 15:14:29.399377 <... fcntl resumed>) = 0 <0.000077>
65887 15:14:29.399443 epoll_ctl(4, EPOLL_CTL_ADD, 3, {events=EPOLLIN|EPOLLOUT|EPOLLRDHUP|EPOLLET, data={u32=1191182338, u64=4464114546805571586}} <unfinished ...>
65888 15:14:29.399477 <... nanosleep resumed>NULL) = 0 <0.000120>
65888 15:14:29.399511 nanosleep({tv_sec=0, tv_nsec=20000},  <unfinished ...>
65887 15:14:29.399541 <... epoll_ctl resumed>) = -1 EPERM (Operation not permitted) <0.000071>
65887 15:14:29.399584 fcntl(3, F_GETFL <unfinished ...>
65888 15:14:29.399621 <... nanosleep resumed>NULL) = 0 <0.000091>
65887 15:14:29.399649 <... fcntl resumed>) = 0x8800 (flags O_RDONLY|O_NONBLOCK|O_LARGEFILE) <0.000049>
65888 15:14:29.399673 nanosleep({tv_sec=0, tv_nsec=20000},  <unfinished ...>
65887 15:14:29.399713 fcntl(3, F_SETFL, O_RDONLY|O_LARGEFILE) = 0 <0.000015>
65888 15:14:29.399784 <... nanosleep resumed>NULL) = 0 <0.000091>
65888 15:14:29.399831 nanosleep({tv_sec=0, tv_nsec=20000},  <unfinished ...>
65887 15:14:29.399908 read(3,  <unfinished ...>
65888 15:14:29.399955 <... nanosleep resumed>NULL) = 0 <0.000093>
65888 15:14:29.400018 nanosleep({tv_sec=0, tv_nsec=20000},  <unfinished ...>
65887 15:14:29.400052 <... read resumed>"0::/user.slice/user-1000.slice/u"..., 4096) = 97 <0.000126>
65888 15:14:29.400132 <... nanosleep resumed>NULL) = 0 <0.000091>
65888 15:14:29.400270 nanosleep({tv_sec=0, tv_nsec=20000},  <unfinished ...>
65887 15:14:29.400305 read(3, "", 3999) = 0 <0.000016>
65887 15:14:29.400363 close(3 <unfinished ...>
65888 15:14:29.400397 <... nanosleep resumed>NULL) = 0 <0.000104>
65888 15:14:29.400432 nanosleep({tv_sec=0, tv_nsec=20000},  <unfinished ...>
65887 15:14:29.400477 <... close resumed>) = 0 <0.000086>
65888 15:14:29.400544 <... nanosleep resumed>NULL) = 0 <0.000092>
65888 15:14:29.400831 nanosleep({tv_sec=0, tv_nsec=20000}, NULL) = 0 <0.000094>
65888 15:14:29.400990 nanosleep({tv_sec=0, tv_nsec=20000},  <unfinished ...>
65887 15:14:29.401044 futex(0x12f0da9fb960, FUTEX_WAKE_PRIVATE, 1 <unfinished ...>
65888 15:14:29.401108 <... nanosleep resumed>NULL) = 0 <0.000094>
65887 15:14:29.401137 <... futex resumed>) = 1 <0.000066>
65892 15:14:29.401159 <... futex resumed>) = 0 <0.004989>
65888 15:14:29.401181 nanosleep({tv_sec=0, tv_nsec=20000},  <unfinished ...>
65892 15:14:29.401218 nanosleep({tv_sec=0, tv_nsec=3000},  <unfinished ...>
65888 15:14:29.401296 <... nanosleep resumed>NULL) = 0 <0.000094>
65888 15:14:29.401330 nanosleep({tv_sec=0, tv_nsec=20000},  <unfinished ...>
65892 15:14:29.401436 <... nanosleep resumed>NULL) = 0 <0.000185>
65887 15:14:29.401463 openat(AT_FDCWD, "/proc/stat", O_RDONLY|O_CLOEXEC <unfinished ...>
65892 15:14:29.401501 futex(0x12f0da9fa960, FUTEX_WAKE_PRIVATE, 1 <unfinished ...>
65888 15:14:29.401525 <... nanosleep resumed>NULL) = 0 <0.000175>
65892 15:14:29.401600 <... futex resumed>) = 1 <0.000080>
65888 15:14:29.401626 nanosleep({tv_sec=0, tv_nsec=20000},  <unfinished ...>
65887 15:14:29.401658 <... openat resumed>) = 3 <0.000168>
65892 15:14:29.401683 futex(0x12f0da9fb960, FUTEX_WAIT_PRIVATE, 0, NULL <unfinished ...>
65889 15:14:29.401707 <... futex resumed>) = 0 <0.007537>
65889 15:14:29.401780 futex(0x12f0da9fa960, FUTEX_WAIT_PRIVATE, 0, NULL <unfinished ...>
65888 15:14:29.401819 <... nanosleep resumed>NULL) = 0 <0.000173>
65887 15:14:29.401861 fcntl(3, F_GETFL <unfinished ...>
65888 15:14:29.401893 nanosleep({tv_sec=0, tv_nsec=20000},  <unfinished ...>
65887 15:14:29.401937 <... fcntl resumed>) = 0x8000 (flags O_RDONLY|O_LARGEFILE) <0.000059>
65887 15:14:29.401967 fcntl(3, F_SETFL, O_RDONLY|O_NONBLOCK|O_LARGEFILE) = 0 <0.000015>
65888 15:14:29.402020 <... nanosleep resumed>NULL) = 0 <0.000101>
65888 15:14:29.402058 nanosleep({tv_sec=0, tv_nsec=20000},  <unfinished ...>
65887 15:14:29.402089 epoll_ctl(4, EPOLL_CTL_ADD, 3, {events=EPOLLIN|EPOLLOUT|EPOLLRDHUP|EPOLLET, data={u32=1191182339, u64=4464114546805571587}}) = 0 <0.000017>
65888 15:14:29.402190 <... nanosleep resumed>NULL) = 0 <0.000110>
65887 15:14:29.402212 read(3,  <unfinished ...>
65888 15:14:29.402242 nanosleep({tv_sec=0, tv_nsec=20000},  <unfinished ...>
65887 15:14:29.402353 <... read resumed>"cpu  471529 2045097 126264 14909"..., 4096) = 4096 <0.000126>
65888 15:14:29.402430 <... nanosleep resumed>NULL) = 0 <0.000167>
65887 15:14:29.402468 epoll_ctl(4, EPOLL_CTL_DEL, 3, 0x12f0dab739bc <unfinished ...>
65888 15:14:29.402503 nanosleep({tv_sec=0, tv_nsec=20000},  <unfinished ...>
65887 15:14:29.402546 <... epoll_ctl resumed>) = 0 <0.000059>
65887 15:14:29.402579 close(3 <unfinished ...>
65888 15:14:29.402624 <... nanosleep resumed>NULL) = 0 <0.000099>
65887 15:14:29.402646 <... close resumed>) = 0 <0.000051>
65888 15:14:29.402701 nanosleep({tv_sec=0, tv_nsec=20000},  <unfinished ...>
65887 15:14:29.402735 openat(AT_FDCWD, "/proc/stat", O_RDONLY|O_CLOEXEC <unfinished ...>
65888 15:14:29.402819 <... nanosleep resumed>NULL) = 0 <0.000095>
65888 15:14:29.402891 nanosleep({tv_sec=0, tv_nsec=20000},  <unfinished ...>
65887 15:14:29.402925 <... openat resumed>) = 3 <0.000165>
65887 15:14:29.402960 fcntl(3, F_GETFL) = 0x8000 (flags O_RDONLY|O_LARGEFILE) <0.000023>
65888 15:14:29.403015 <... nanosleep resumed>NULL) = 0 <0.000103>
65888 15:14:29.403054 nanosleep({tv_sec=0, tv_nsec=20000},  <unfinished ...>
65887 15:14:29.403085 fcntl(3, F_SETFL, O_RDONLY|O_NONBLOCK|O_LARGEFILE) = 0 <0.000018>
65888 15:14:29.403177 <... nanosleep resumed>NULL) = 0 <0.000099>
65887 15:14:29.403217 epoll_ctl(4, EPOLL_CTL_ADD, 3, {events=EPOLLIN|EPOLLOUT|EPOLLRDHUP|EPOLLET, data={u32=1191182340, u64=4464114546805571588}} <unfinished ...>
65888 15:14:29.403308 getpid( <unfinished ...>
65887 15:14:29.403359 <... epoll_ctl resumed>) = 0 <0.000101>
65888 15:14:29.403425 <... getpid resumed>) = 65887 <0.000087>
65887 15:14:29.403474 futex(0x12f0da9fa960, FUTEX_WAKE_PRIVATE, 1 <unfinished ...>
65888 15:14:29.403499 tgkill(65887, 65887, SIGURG) = 0 <0.000039>
65887 15:14:29.403567 <... futex resumed>) = 1 <0.000075>
65888 15:14:29.403609 nanosleep({tv_sec=0, tv_nsec=20000},  <unfinished ...>
65887 15:14:29.403642 --- SIGURG {si_signo=SIGURG, si_code=SI_TKILL, si_pid=65887, si_uid=1000} ---
65887 15:14:29.403685 rt_sigreturn({mask=[]} <unfinished ...>
65888 15:14:29.403726 <... nanosleep resumed>NULL) = 0 <0.000093>
65888 15:14:29.403765 nanosleep({tv_sec=0, tv_nsec=20000},  <unfinished ...>
65887 15:14:29.403811 <... rt_sigreturn resumed>) = 1 <0.000090>
65887 15:14:29.403858 futex(0x12f0da9fb960, FUTEX_WAKE_PRIVATE, 1 <unfinished ...>
65888 15:14:29.403905 <... nanosleep resumed>NULL) = 0 <0.000119>
65887 15:14:29.403927 <... futex resumed>) = 1 <0.000043>
65892 15:14:29.403947 <... futex resumed>) = 0 <0.002249>
65888 15:14:29.403990 nanosleep({tv_sec=0, tv_nsec=20000},  <unfinished ...>
65887 15:14:29.404024 futex(0xe3bfb8, FUTEX_WAIT_PRIVATE, 0, NULL <unfinished ...>
65892 15:14:29.404055 futex(0xe3bfb8, FUTEX_WAKE_PRIVATE, 1 <unfinished ...>
65887 15:14:29.404079 <... futex resumed>) = -1 EAGAIN (Resource temporarily unavailable) <0.000039>
65892 15:14:29.404143 <... futex resumed>) = 0 <0.000072>
65888 15:14:29.404168 <... nanosleep resumed>NULL) = 0 <0.000157>
65887 15:14:29.404196 read(3,  <unfinished ...>
65892 15:14:29.404227 futex(0x12f0da9fb960, FUTEX_WAIT_PRIVATE, 0, NULL <unfinished ...>
65888 15:14:29.404254 nanosleep({tv_sec=0, tv_nsec=20000},  <unfinished ...>
65887 15:14:29.404380 <... read resumed>"cpu  471529 2045098 126264 14909"..., 4096) = 4096 <0.000158>
65888 15:14:29.404455 <... nanosleep resumed>NULL) = 0 <0.000180>
65887 15:14:29.404491 read(3,  <unfinished ...>
65888 15:14:29.404520 nanosleep({tv_sec=0, tv_nsec=20000},  <unfinished ...>
65887 15:14:29.404560 <... read resumed>"0 0 0 0 0 0 0 0 0 0 0 0 0 0 0 0 "..., 435) = 435 <0.000051>
65888 15:14:29.404648 <... nanosleep resumed>NULL) = 0 <0.000108>
65888 15:14:29.404713 nanosleep({tv_sec=0, tv_nsec=20000},  <unfinished ...>
65887 15:14:29.404746 read(3, " 0 0 0 0 0 0 0 0 0 0 0 0 0 0 0 0"..., 4096) = 245 <0.000018>
65888 15:14:29.404836 <... nanosleep resumed>NULL) = 0 <0.000099>
65887 15:14:29.404869 read(3,  <unfinished ...>
65888 15:14:29.404901 nanosleep({tv_sec=0, tv_nsec=20000},  <unfinished ...>
65887 15:14:29.404940 <... read resumed>"", 4096) = 0 <0.000056>
65887 15:14:29.404994 epoll_ctl(4, EPOLL_CTL_DEL, 3, 0x12f0dab739bc <unfinished ...>
65888 15:14:29.405039 <... nanosleep resumed>NULL) = 0 <0.000117>
65887 15:14:29.405066 <... epoll_ctl resumed>) = 0 <0.000044>
65888 15:14:29.405086 nanosleep({tv_sec=0, tv_nsec=20000},  <unfinished ...>
65887 15:14:29.405125 close(3)          = 0 <0.000019>
65888 15:14:29.405203 <... nanosleep resumed>NULL) = 0 <0.000097>
65889 15:14:29.405594 <... futex resumed>) = 0 <0.003783>
65888 15:14:29.405646 epoll_pwait(4, [], 128, 0, NULL, 0) = 0 <0.000016>
65888 15:14:29.405706 nanosleep({tv_sec=0, tv_nsec=20000},  <unfinished ...>
65889 15:14:29.405737 futex(0x12f0da9fa960, FUTEX_WAIT_PRIVATE, 0, NULL <unfinished ...>
65888 15:14:29.405820 <... nanosleep resumed>NULL) = 0 <0.000090>
65888 15:14:29.405863 nanosleep({tv_sec=0, tv_nsec=20000}, NULL) = 0 <0.000093>
65888 15:14:29.406004 nanosleep({tv_sec=0, tv_nsec=20000}, NULL) = 0 <0.000095>
65888 15:14:29.406151 nanosleep({tv_sec=0, tv_nsec=40000}, NULL) = 0 <0.000113>
65888 15:14:29.406314 nanosleep({tv_sec=0, tv_nsec=80000}, NULL) = 0 <0.000157>
65888 15:14:29.406521 nanosleep({tv_sec=0, tv_nsec=160000}, NULL) = 0 <0.000243>
65888 15:14:29.406824 nanosleep({tv_sec=0, tv_nsec=320000},  <unfinished ...>
65887 15:14:29.406960 futex(0x12f0da9fa960, FUTEX_WAKE_PRIVATE, 1) = 1 <0.000024>
65887 15:14:29.407033 openat(AT_FDCWD, "/etc/datadog-agent/inject/host_config.yaml", O_RDONLY|O_CLOEXEC) = -1 ENOENT (No such file or directory) <0.000072>
65887 15:14:29.407180 getppid()         = 65886 <0.000016>
65888 15:14:29.407248 <... nanosleep resumed>NULL) = 0 <0.000392>
65888 15:14:29.407285 nanosleep({tv_sec=0, tv_nsec=640000},  <unfinished ...>
65887 15:14:29.407330 readlinkat(AT_FDCWD, "/proc/65886/exe", "/home/lvx/LVX/lumvorax2/src/adva"..., 128) = 125 <0.000040>
65887 15:14:29.407427 getppid()         = 65886 <0.000015>
65887 15:14:29.407483 openat(AT_FDCWD, "/proc/65886/cmdline", O_RDONLY|O_CLOEXEC) = 3 <0.000071>
65887 15:14:29.407604 fcntl(3, F_GETFL) = 0x8000 (flags O_RDONLY|O_LARGEFILE) <0.000016>
65887 15:14:29.407663 fcntl(3, F_SETFL, O_RDONLY|O_NONBLOCK|O_LARGEFILE) = 0 <0.000015>
65887 15:14:29.407719 epoll_ctl(4, EPOLL_CTL_ADD, 3, {events=EPOLLIN|EPOLLOUT|EPOLLRDHUP|EPOLLET, data={u32=1191182341, u64=4464114546805571589}}) = -1 EPERM (Operation not permitted) <0.000016>
65887 15:14:29.407792 fcntl(3, F_GETFL <unfinished ...>
65889 15:14:29.407848 <... futex resumed>) = 0 <0.002094>
65887 15:14:29.407885 <... fcntl resumed>) = 0x8800 (flags O_RDONLY|O_NONBLOCK|O_LARGEFILE) <0.000048>
65889 15:14:29.407917 futex(0x12f0da9fb960, FUTEX_WAKE_PRIVATE, 1 <unfinished ...>
65887 15:14:29.407945 fcntl(3, F_SETFL, O_RDONLY|O_LARGEFILE <unfinished ...>
65892 15:14:29.407977 <... futex resumed>) = 0 <0.003733>
65889 15:14:29.408014 <... futex resumed>) = 1 <0.000063>
65887 15:14:29.408036 <... fcntl resumed>) = 0 <0.000076>
65892 15:14:29.408087 futex(0x12f0da9fb960, FUTEX_WAIT_PRIVATE, 0, NULL <unfinished ...>
65888 15:14:29.408111 <... nanosleep resumed>NULL) = 0 <0.000804>
65887 15:14:29.408141 read(3,  <unfinished ...>
65889 15:14:29.408164 mmap(0x12f0dac00000, 4194304, PROT_READ|PROT_WRITE, MAP_PRIVATE|MAP_FIXED|MAP_ANONYMOUS, -1, 0 <unfinished ...>
65888 15:14:29.408186 nanosleep({tv_sec=0, tv_nsec=1280000},  <unfinished ...>
65889 15:14:29.408855 <... mmap resumed>) = 0x12f0dac00000 <0.000660>
65887 15:14:29.408918 <... read resumed>"tests/test_c554_batch_builder_au"..., 512) = 35 <0.000761>
65889 15:14:29.409857 prctl(PR_SET_VMA, PR_SET_VMA_ANON_NAME, 0x12f0dac00000, 4194304, " Go: heap" <unfinished ...>
65888 15:14:29.409935 <... nanosleep resumed>NULL) = 0 <0.001727>
65887 15:14:29.409969 read(3, "", 477)  = 0 <0.000041>
65889 15:14:29.410057 <... prctl resumed>) = 0 <0.000131>
65889 15:14:29.410137 mmap(NULL, 262144, PROT_READ|PROT_WRITE, MAP_PRIVATE|MAP_ANONYMOUS, -1, 0 <unfinished ...>
65887 15:14:29.410219 close(3 <unfinished ...>
65889 15:14:29.411162 <... mmap resumed>) = 0x7be7710a0000 <0.000990>
65887 15:14:29.411213 <... close resumed>) = 0 <0.000976>
65889 15:14:29.411313 prctl(PR_SET_VMA, PR_SET_VMA_ANON_NAME, 0x7be7710a0000, 262144, " Go: immortal metadata" <unfinished ...>
65888 15:14:29.411371 nanosleep({tv_sec=0, tv_nsec=2560000},  <unfinished ...>
65887 15:14:29.411403 openat(AT_FDCWD, "/proc/65886/environ", O_RDONLY|O_CLOEXEC <unfinished ...>
65889 15:14:29.411555 <... prctl resumed>) = 0 <0.000190>
65887 15:14:29.411580 <... openat resumed>) = 3 <0.000151>
65887 15:14:29.411617 fcntl(3, F_GETFL <unfinished ...>
65889 15:14:29.411772 futex(0x12f0da9fb960, FUTEX_WAKE_PRIVATE, 1 <unfinished ...>
65887 15:14:29.411804 <... fcntl resumed>) = 0x8000 (flags O_RDONLY|O_LARGEFILE) <0.000162>
65892 15:14:29.414108 <... futex resumed>) = 0 <0.005987>
65889 15:14:29.414219 <... futex resumed>) = 1 <0.002424>
65887 15:14:29.414301 fcntl(3, F_SETFL, O_RDONLY|O_NONBLOCK|O_LARGEFILE <unfinished ...>
65892 15:14:29.414350 epoll_pwait(4,  <unfinished ...>
65889 15:14:29.415110 futex(0x12f0da9fa960, FUTEX_WAIT_PRIVATE, 0, NULL <unfinished ...>
65888 15:14:29.415183 <... nanosleep resumed>NULL) = 0 <0.003787>
65887 15:14:29.415207 <... fcntl resumed>) = 0 <0.000876>
65888 15:14:29.415261 getpid( <unfinished ...>
65887 15:14:29.415284 epoll_ctl(4, EPOLL_CTL_ADD, 3, {events=EPOLLIN|EPOLLOUT|EPOLLRDHUP|EPOLLET, data={u32=1191182342, u64=4464114546805571590}} <unfinished ...>
65888 15:14:29.415346 <... getpid resumed>) = 65887 <0.000067>
65887 15:14:29.415369 <... epoll_ctl resumed>) = -1 EPERM (Operation not permitted) <0.000049>
65888 15:14:29.415417 tgkill(65887, 65887, SIGURG <unfinished ...>
65887 15:14:29.415440 futex(0x12f0da9fa960, FUTEX_WAKE_PRIVATE, 1 <unfinished ...>
65889 15:14:29.415495 <... futex resumed>) = 0 <0.000318>
65888 15:14:29.415518 <... tgkill resumed>) = 0 <0.000084>
65887 15:14:29.415558 <... futex resumed>) = 1 <0.000102>
65889 15:14:29.415584 futex(0x12f0daa18160, FUTEX_WAKE_PRIVATE, 1 <unfinished ...>
65888 15:14:29.415617 nanosleep({tv_sec=0, tv_nsec=5120000},  <unfinished ...>
65889 15:14:29.415668 <... futex resumed>) = 1 <0.000069>
65887 15:14:29.415701 --- SIGURG {si_signo=SIGURG, si_code=SI_TKILL, si_pid=65887, si_uid=1000} ---
65889 15:14:29.415744 fcntl(3, F_GETFL <unfinished ...>
65887 15:14:29.415774 rt_sigreturn({mask=[]} <unfinished ...>
65891 15:14:29.415837 <... futex resumed>) = 0 <0.021767>
65889 15:14:29.415882 <... fcntl resumed>) = 0x8800 (flags O_RDONLY|O_NONBLOCK|O_LARGEFILE) <0.000121>
65887 15:14:29.415917 <... rt_sigreturn resumed>) = 1 <0.000121>
65891 15:14:29.415955 futex(0x12f0daa18160, FUTEX_WAIT_PRIVATE, 0, NULL <unfinished ...>
65889 15:14:29.415990 fcntl(3, F_SETFL, O_RDONLY|O_LARGEFILE <unfinished ...>
65887 15:14:29.416479 futex(0xe3bfb8, FUTEX_WAIT_PRIVATE, 0, NULL <unfinished ...>
65889 15:14:29.416524 <... fcntl resumed>) = 0 <0.000508>
65889 15:14:29.416594 read(3, "SHELL=/usr/bin/fish\0SESSION_MANA"..., 512) = 512 <0.000032>
65889 15:14:29.416700 read(3, "TRON_RUN_AS_NODE=1\0XMODIFIERS=@i"..., 256) = 256 <0.000020>
65889 15:14:29.416774 read(3, "ix/profiles/default /home/lvx/.n"..., 384) = 384 <0.000521>
65889 15:14:29.417377 read(3, "in /home/lvx/.npm-global/bin\0GJS"..., 576) = 576 <0.000077>
65889 15:14:29.417517 read(3, "tensions/vscode.json-language-fe"..., 896) = 896 <0.000019>
65889 15:14:29.417599 read(3, "lobal/bin:/home/lvx/.nix-profile"..., 1408) = 1408 <0.000020>
65889 15:14:29.420153 read(3, "HANDLES_UNCAUGHT_ERRORS=true\0OLD"..., 2048) = 78 <0.000577>
65889 15:14:29.420904 read(3,  <unfinished ...>
65888 15:14:29.420939 <... nanosleep resumed>NULL) = 0 <0.005297>
65889 15:14:29.420999 <... read resumed>"", 1970) = 0 <0.000066>
65888 15:14:29.421024 nanosleep({tv_sec=0, tv_nsec=10000000},  <unfinished ...>
65889 15:14:29.421724 close(3)          = 0 <0.000027>
65889 15:14:29.421862 openat(AT_FDCWD, "/etc/datadog-agent/inject/policies.binpb", O_RDONLY|O_CLOEXEC) = -1 ENOENT (No such file or directory) <0.000050>
65889 15:14:29.422008 getppid()         = 65886 <0.000023>
65889 15:14:29.422082 openat(AT_FDCWD, "/proc/65886/fd", O_RDONLY|O_CLOEXEC|O_DIRECTORY) = 3 <0.000045>
65889 15:14:29.423450 getdents64(3, 0x12f0dac4a000 /* 23 entries */, 8192) = 552 <0.000141>
65889 15:14:29.424030 getdents64(3, 0x12f0dac4a000 /* 0 entries */, 8192) = 0 <0.000023>
65889 15:14:29.424137 close(3)          = 0 <0.000023>
65889 15:14:29.424223 readlinkat(AT_FDCWD, "/proc/65886/fd/0", "socket:[284597]", 128) = 15 <0.000480>
65889 15:14:29.428621 readlinkat(AT_FDCWD, "/proc/65886/fd/1", "pipe:[289141]", 128) = 13 <0.000048>
65889 15:14:29.428825 readlinkat(AT_FDCWD, "/proc/65886/fd/103", "/usr/share/bobide/v8_context_sna"..., 128) = 41 <0.000033>
65889 15:14:29.428929 readlinkat(AT_FDCWD, "/proc/65886/fd/2", "pipe:[289141]", 128) = 13 <0.000028>
65889 15:14:29.429016 readlinkat(AT_FDCWD, "/proc/65886/fd/3", "/memfd:dd_language_detected (del"..., 128) = 37 <0.000029>
65889 15:14:29.429101 readlinkat(AT_FDCWD, "/proc/65886/fd/38", "anon_inode:inotify", 128) = 18 <0.000025>
65889 15:14:29.429178 readlinkat(AT_FDCWD, "/proc/65886/fd/39", "socket:[127115]", 128) = 15 <0.000031>
65889 15:14:29.429261 readlinkat(AT_FDCWD, "/proc/65886/fd/4", "/memfd:dd_inject_info (deleted)", 128) = 31 <0.000817>
65889 15:14:29.432758 openat(AT_FDCWD, "/proc/65886/fd/4", O_RDONLY|O_CLOEXEC <unfinished ...>
65888 15:14:29.433098 <... nanosleep resumed>NULL) = 0 <0.012046>
65888 15:14:29.433183 nanosleep({tv_sec=0, tv_nsec=20000},  <unfinished ...>
65889 15:14:29.437203 <... openat resumed>) = 3 <0.004095>
65888 15:14:29.437326 <... nanosleep resumed>NULL) = 0 <0.004113>
65888 15:14:29.437400 futex(0xe3d900, FUTEX_WAIT_PRIVATE, 0, {tv_sec=0, tv_nsec=974359226} <unfinished ...>
65889 15:14:29.438381 futex(0xe3d900, FUTEX_WAKE_PRIVATE, 1) = 1 <0.000039>
65888 15:14:29.438489 <... futex resumed>) = 0 <0.001036>
65888 15:14:29.438541 sched_yield( <unfinished ...>
65889 15:14:29.439036 fcntl(3, F_GETFL) = 0x8000 (flags O_RDONLY|O_LARGEFILE) <0.000022>
65889 15:14:29.439122 fcntl(3, F_SETFL, O_RDONLY|O_NONBLOCK|O_LARGEFILE) = 0 <0.000020>
65889 15:14:29.439190 epoll_ctl(4, EPOLL_CTL_ADD, 3, {events=EPOLLIN|EPOLLOUT|EPOLLRDHUP|EPOLLET, data={u32=1191182343, u64=4464114546805571591}}) = -1 EPERM (Operation not permitted) <0.000021>
65889 15:14:29.439292 fcntl(3, F_GETFL) = 0x8800 (flags O_RDONLY|O_NONBLOCK|O_LARGEFILE) <0.000019>
65889 15:14:29.439355 fcntl(3, F_SETFL, O_RDONLY|O_LARGEFILE) = 0 <0.000018>
65889 15:14:29.439425 fstat(3, {st_mode=S_IFREG|0777, st_size=114, ...}) = 0 <0.000023>
65889 15:14:29.439513 read(3, "{\n    \"runtime_id\": \"be0493b9-39"..., 512) = 114 <0.000049>
65889 15:14:29.439615 read(3, "", 398)  = 0 <0.000024>
65889 15:14:29.439687 close(3)          = 0 <0.000022>
65889 15:14:29.439936 getpid()          = 65887 <0.000022>
65889 15:14:29.440012 pidfd_open(65887, 0) = 3 <0.000042>
65889 15:14:29.440101 waitid(P_PIDFD, 3, 0x12f0dabe0df0, WEXITED, NULL) = -1 ECHILD (No child processes) <0.000483>
65889 15:14:29.440663 pidfd_send_signal(3, 0, NULL, 0) = 0 <0.000031>
65889 15:14:29.440741 clone(child_stack=NULL, flags=CLONE_VM|CLONE_PIDFD|CLONE_VFORK <unfinished ...>
65888 15:14:29.443515 <... sched_yield resumed>) = 0 <0.004936>
65888 15:14:29.443610 getpid()          = 65887 <0.000033>
65888 15:14:29.445191 tgkill(65887, 65889, SIGURG) = 0 <0.000041>
65888 15:14:29.445342 nanosleep({tv_sec=0, tv_nsec=20000}, NULL) = 0 <0.000248>
65888 15:14:29.445679 nanosleep({tv_sec=0, tv_nsec=20000}, NULL) = 0 <0.000501>
65888 15:14:29.446260 nanosleep({tv_sec=0, tv_nsec=20000}, NULL) = 0 <0.000098>
65888 15:14:29.446417 nanosleep({tv_sec=0, tv_nsec=20000}, NULL) = 0 <0.000092>
65888 15:14:29.446556 nanosleep({tv_sec=0, tv_nsec=20000}, NULL) = 0 <0.000146>
65888 15:14:29.446761 nanosleep({tv_sec=0, tv_nsec=20000}, NULL) = 0 <0.000094>
65888 15:14:29.446912 nanosleep({tv_sec=0, tv_nsec=20000}, NULL) = 0 <0.000102>
65888 15:14:29.447070 nanosleep({tv_sec=0, tv_nsec=20000}, NULL) = 0 <0.000094>
65888 15:14:29.447214 nanosleep({tv_sec=0, tv_nsec=20000}, NULL) = 0 <0.000106>
65888 15:14:29.447382 nanosleep({tv_sec=0, tv_nsec=20000}, NULL) = 0 <0.000098>
65888 15:14:29.447565 nanosleep({tv_sec=0, tv_nsec=20000}, NULL) = 0 <0.000103>
65888 15:14:29.447762 nanosleep({tv_sec=0, tv_nsec=20000}, NULL) = 0 <0.000104>
65888 15:14:29.447964 nanosleep({tv_sec=0, tv_nsec=20000}, NULL) = 0 <0.000095>
65888 15:14:29.448110 nanosleep({tv_sec=0, tv_nsec=20000}, NULL) = 0 <0.000096>
65888 15:14:29.448258 nanosleep({tv_sec=0, tv_nsec=20000}, NULL) = 0 <0.000097>
65888 15:14:29.448405 nanosleep({tv_sec=0, tv_nsec=20000}, NULL) = 0 <0.000095>
65888 15:14:29.448546 nanosleep({tv_sec=0, tv_nsec=20000}, NULL) = 0 <0.001435>
65888 15:14:29.450085 nanosleep({tv_sec=0, tv_nsec=20000}, NULL) = 0 <0.000104>
65888 15:14:29.450730 nanosleep({tv_sec=0, tv_nsec=20000}, NULL) = 0 <0.000109>
65888 15:14:29.451062 nanosleep({tv_sec=0, tv_nsec=20000}, NULL) = 0 <0.000105>
65888 15:14:29.451232 nanosleep({tv_sec=0, tv_nsec=20000}, NULL) = 0 <0.000102>
65888 15:14:29.451391 nanosleep({tv_sec=0, tv_nsec=20000}, NULL) = 0 <0.000099>
65888 15:14:29.451546 nanosleep({tv_sec=0, tv_nsec=20000}, NULL) = 0 <0.000101>
65888 15:14:29.451703 nanosleep({tv_sec=0, tv_nsec=20000}, NULL) = 0 <0.000100>
65888 15:14:29.451865 nanosleep({tv_sec=0, tv_nsec=20000}, NULL) = 0 <0.000102>
65888 15:14:29.452023 nanosleep({tv_sec=0, tv_nsec=20000}, NULL) = 0 <0.000104>
65888 15:14:29.452182 nanosleep({tv_sec=0, tv_nsec=20000}, NULL) = 0 <0.000104>
65888 15:14:29.452344 nanosleep({tv_sec=0, tv_nsec=20000}, NULL) = 0 <0.000099>
65888 15:14:29.452499 nanosleep({tv_sec=0, tv_nsec=20000}, NULL) = 0 <0.000102>
65888 15:14:29.452662 nanosleep({tv_sec=0, tv_nsec=20000}, NULL) = 0 <0.000107>
65888 15:14:29.452831 nanosleep({tv_sec=0, tv_nsec=20000}, NULL) = 0 <0.000099>
65888 15:14:29.452991 nanosleep({tv_sec=0, tv_nsec=20000}, NULL) = 0 <0.000101>
65888 15:14:29.453145 nanosleep({tv_sec=0, tv_nsec=20000}, NULL) = 0 <0.000099>
65888 15:14:29.453302 nanosleep({tv_sec=0, tv_nsec=20000}, NULL) = 0 <0.000099>
65888 15:14:29.453454 nanosleep({tv_sec=0, tv_nsec=20000}, NULL) = 0 <0.001842>
65888 15:14:29.455468 nanosleep({tv_sec=0, tv_nsec=20000}, NULL) = 0 <0.000106>
65888 15:14:29.455670 nanosleep({tv_sec=0, tv_nsec=20000}, NULL) = 0 <0.000110>
65888 15:14:29.455849 nanosleep({tv_sec=0, tv_nsec=20000}, NULL) = 0 <0.000082>
65888 15:14:29.456016 nanosleep({tv_sec=0, tv_nsec=20000}, NULL) = 0 <0.000093>
65888 15:14:29.456179 nanosleep({tv_sec=0, tv_nsec=20000}, NULL) = 0 <0.001123>
65888 15:14:29.459055 nanosleep({tv_sec=0, tv_nsec=20000}, NULL) = 0 <0.000117>
65888 15:14:29.461860 nanosleep({tv_sec=0, tv_nsec=20000}, NULL) = 0 <0.001063>
65888 15:14:29.463853 nanosleep({tv_sec=0, tv_nsec=20000}, NULL) = 0 <0.000801>
65888 15:14:29.464825 nanosleep({tv_sec=0, tv_nsec=20000}, NULL) = 0 <0.000109>
65888 15:14:29.465034 nanosleep({tv_sec=0, tv_nsec=20000}, NULL) = 0 <0.000106>
65888 15:14:29.465199 nanosleep({tv_sec=0, tv_nsec=20000}, NULL) = 0 <0.000099>
65888 15:14:29.465356 nanosleep({tv_sec=0, tv_nsec=20000}, NULL) = 0 <0.000103>
65888 15:14:29.465515 nanosleep({tv_sec=0, tv_nsec=20000}, NULL) = 0 <0.000100>
65888 15:14:29.465676 nanosleep({tv_sec=0, tv_nsec=20000}, NULL) = 0 <0.000098>
65888 15:14:29.465838 nanosleep({tv_sec=0, tv_nsec=20000}, NULL) = 0 <0.000102>
65888 15:14:29.465993 nanosleep({tv_sec=0, tv_nsec=40000}, NULL) = 0 <0.000121>
65888 15:14:29.466173 nanosleep({tv_sec=0, tv_nsec=80000}, NULL) = 0 <0.001756>
65888 15:14:29.468060 nanosleep({tv_sec=0, tv_nsec=160000}, NULL) = 0 <0.000249>
65888 15:14:29.468419 nanosleep({tv_sec=0, tv_nsec=320000}, NULL) = 0 <0.000489>
65888 15:14:29.468980 nanosleep({tv_sec=0, tv_nsec=640000}, NULL) = 0 <0.000809>
65888 15:14:29.469895 nanosleep({tv_sec=0, tv_nsec=1280000}, NULL) = 0 <0.001398>
65888 15:14:29.471431 nanosleep({tv_sec=0, tv_nsec=2560000},  <unfinished ...>
65893 15:14:29.472254 exit_group(0)     = ?
65889 15:14:29.472760 <... clone resumed>, parent_tid=[7]) = 65893 <0.031996>
65889 15:14:29.472839 --- SIGURG {si_signo=SIGURG, si_code=SI_TKILL, si_pid=65887, si_uid=1000} ---
65889 15:14:29.472922 rt_sigreturn({mask=[]} <unfinished ...>
65893 15:14:29.473712 +++ exited with 0 +++
65889 15:14:29.473831 <... rt_sigreturn resumed>) = 65893 <0.000853>
65889 15:14:29.473954 waitid(P_PIDFD, 7, {si_signo=SIGCHLD, si_code=CLD_EXITED, si_pid=65893, si_uid=1000, si_status=0, si_utime=0, si_stime=0}, WEXITED|__WCLONE, NULL) = 0 <0.000056>
65889 15:14:29.474108 futex(0xe3bfb8, FUTEX_WAKE_PRIVATE, 1) = 1 <0.000029>
65888 15:14:29.474184 <... nanosleep resumed>NULL) = 0 <0.002698>
65887 15:14:29.474209 <... futex resumed>) = 0 <0.057703>
65889 15:14:29.474249 close(7 <unfinished ...>
65888 15:14:29.474285 nanosleep({tv_sec=0, tv_nsec=5120000},  <unfinished ...>
65887 15:14:29.474315 futex(0xe3bfb8, FUTEX_WAIT_PRIVATE, 0, NULL <unfinished ...>
65889 15:14:29.474416 <... close resumed>) = 0 <0.000148>
65889 15:14:29.474452 close(3)          = 0 <0.000092>
65889 15:14:29.474594 pidfd_open(65886, 0) = 3 <0.000558>
65889 15:14:29.475251 newfstatat(AT_FDCWD, "/proc", {st_mode=S_IFDIR|0555, st_size=0, ...}, AT_SYMLINK_NOFOLLOW) = 0 <0.000027>
65889 15:14:29.475355 newfstatat(AT_FDCWD, "/proc", {st_mode=S_IFDIR|0555, st_size=0, ...}, AT_SYMLINK_NOFOLLOW) = 0 <0.000023>
65889 15:14:29.475440 newfstatat(AT_FDCWD, "/", {st_mode=S_IFDIR|0755, st_size=4096, ...}, AT_SYMLINK_NOFOLLOW) = 0 <0.000019>
65889 15:14:29.475513 newfstatat(AT_FDCWD, "/proc/65886", {st_mode=S_IFDIR|0555, st_size=0, ...}, 0) = 0 <0.000020>
65889 15:14:29.475584 close(3)          = 0 <0.000020>
65889 15:14:29.475650 openat(AT_FDCWD, "/proc/65886/stat", O_RDONLY|O_CLOEXEC) = 3 <0.000063>
65889 15:14:29.475764 fcntl(3, F_GETFL) = 0x8000 (flags O_RDONLY|O_LARGEFILE) <0.000014>
65889 15:14:29.475834 fcntl(3, F_SETFL, O_RDONLY|O_NONBLOCK|O_LARGEFILE) = 0 <0.000014>
65889 15:14:29.476338 epoll_ctl(4, EPOLL_CTL_ADD, 3, {events=EPOLLIN|EPOLLOUT|EPOLLRDHUP|EPOLLET, data={u32=1191182344, u64=4464114546805571592}}) = -1 EPERM (Operation not permitted) <0.000044>
65889 15:14:29.476537 fcntl(3, F_GETFL) = 0x8800 (flags O_RDONLY|O_NONBLOCK|O_LARGEFILE) <0.000049>
65889 15:14:29.476679 fcntl(3, F_SETFL, O_RDONLY|O_LARGEFILE) = 0 <0.000014>
65889 15:14:29.476740 fstat(3, {st_mode=S_IFREG|0444, st_size=0, ...}) = 0 <0.000015>
65889 15:14:29.476816 read(3, "65886 (test_c554_batch) S 65851 "..., 512) = 322 <0.000425>
65889 15:14:29.477341 read(3, "", 958)  = 0 <0.000020>
65889 15:14:29.477412 close(3)          = 0 <0.000028>
65889 15:14:29.477557 newfstatat(AT_FDCWD, "/proc/xen", 0x12f0dac405e8, 0) = -1 ENOENT (No such file or directory) <0.000033>
65889 15:14:29.477657 newfstatat(AT_FDCWD, "/proc/modules", {st_mode=S_IFREG|0444, st_size=0, ...}, 0) = 0 <0.000025>
65889 15:14:29.477741 openat(AT_FDCWD, "/proc/modules", O_RDONLY|O_CLOEXEC) = 3 <0.000440>
65889 15:14:29.478246 fcntl(3, F_GETFL) = 0x8000 (flags O_RDONLY|O_LARGEFILE) <0.000014>
65889 15:14:29.478303 fcntl(3, F_SETFL, O_RDONLY|O_NONBLOCK|O_LARGEFILE) = 0 <0.000014>
65889 15:14:29.478363 epoll_ctl(4, EPOLL_CTL_ADD, 3, {events=EPOLLIN|EPOLLOUT|EPOLLRDHUP|EPOLLET, data={u32=1191182345, u64=4464114546805571593}}) = 0 <0.000026>
65892 15:14:29.478446 <... epoll_pwait resumed>[{events=EPOLLIN|EPOLLOUT, data={u32=1191182345, u64=4464114546805571593}}], 128, 997, NULL, 0) = 1 <0.064069>
65889 15:14:29.478480 read(3,  <unfinished ...>
65892 15:14:29.479021 epoll_pwait(4,  <unfinished ...>
65889 15:14:29.479058 <... read resumed>"ccm 20480 0 - Live 0x00000000000"..., 4096) = 4074 <0.000563>
65889 15:14:29.479143 read(3, "snd_hda_codec 204800 10 snd_hda_"..., 4096) = 4046 <0.000152>
65888 15:14:29.479520 <... nanosleep resumed>NULL) = 0 <0.005210>
65889 15:14:29.479596 read(3,  <unfinished ...>
65888 15:14:29.479618 nanosleep({tv_sec=0, tv_nsec=10000000},  <unfinished ...>
65889 15:14:29.479759 <... read resumed>"hid_sensor_gyro_3d 16384 0 - Liv"..., 4096) = 4079 <0.000145>
65889 15:14:29.480428 read(3, "serio_raw 20480 0 - Live 0x00000"..., 4096) = 2470 <0.000131>
65889 15:14:29.480647 read(3, "", 4096) = 0 <0.000037>
65889 15:14:29.480736 epoll_ctl(4, EPOLL_CTL_DEL, 3, 0x12f0dabe07b4) = 0 <0.000020>
65889 15:14:29.480808 close(3)          = 0 <0.000023>
65889 15:14:29.480917 newfstatat(AT_FDCWD, "/proc/cpuinfo", {st_mode=S_IFREG|0444, st_size=0, ...}, 0) = 0 <0.000303>
65889 15:14:29.481341 openat(AT_FDCWD, "/proc/cpuinfo", O_RDONLY|O_CLOEXEC) = 3 <0.000080>
65889 15:14:29.481535 fcntl(3, F_GETFL) = 0x8000 (flags O_RDONLY|O_LARGEFILE) <0.000654>
65889 15:14:29.482262 fcntl(3, F_SETFL, O_RDONLY|O_NONBLOCK|O_LARGEFILE) = 0 <0.000014>
65889 15:14:29.482323 epoll_ctl(4, EPOLL_CTL_ADD, 3, {events=EPOLLIN|EPOLLOUT|EPOLLRDHUP|EPOLLET, data={u32=1191182346, u64=4464114546805571594}} <unfinished ...>
65892 15:14:29.482386 <... epoll_pwait resumed>[{events=EPOLLIN|EPOLLOUT, data={u32=1191182346, u64=4464114546805571594}}], 128, 933, NULL, 0) = 1 <0.003335>
65889 15:14:29.482437 <... epoll_ctl resumed>) = 0 <0.000085>
65892 15:14:29.482461 epoll_pwait(4,  <unfinished ...>
65889 15:14:29.482925 read(3, "processor\t: 0\nvendor_id\t: Genuin"..., 4096) = 3110 <0.000139>
65889 15:14:29.483170 read(3, "processor\t: 2\nvendor_id\t: Genuin"..., 4096) = 3110 <0.000100>
65889 15:14:29.483728 read(3, "processor\t: 4\nvendor_id\t: Genuin"..., 4096) = 3110 <0.000106>
65889 15:14:29.483922 read(3, "processor\t: 6\nvendor_id\t: Genuin"..., 4096) = 3110 <0.000067>
65889 15:14:29.484058 read(3, "", 4096) = 0 <0.000014>
65889 15:14:29.484518 epoll_ctl(4, EPOLL_CTL_DEL, 3, 0x12f0dabe07b4) = 0 <0.000027>
65889 15:14:29.484604 close(3)          = 0 <0.000036>
65889 15:14:29.484754 newfstatat(AT_FDCWD, "/proc/bus/pci/devices", {st_mode=S_IFREG|0444, st_size=0, ...}, 0) = 0 <0.000056>
65889 15:14:29.485314 openat(AT_FDCWD, "/proc/bus/pci/devices", O_RDONLY|O_CLOEXEC) = 3 <0.000062>
65889 15:14:29.485512 fcntl(3, F_GETFL) = 0x8000 (flags O_RDONLY|O_LARGEFILE) <0.000020>
65889 15:14:29.485578 fcntl(3, F_SETFL, O_RDONLY|O_NONBLOCK|O_LARGEFILE) = 0 <0.000015>
65889 15:14:29.485635 epoll_ctl(4, EPOLL_CTL_ADD, 3, {events=EPOLLIN|EPOLLOUT|EPOLLRDHUP|EPOLLET, data={u32=1191182347, u64=4464114546805571595}} <unfinished ...>
65892 15:14:29.485704 <... epoll_pwait resumed>[{events=EPOLLIN|EPOLLOUT, data={u32=1191182347, u64=4464114546805571595}}], 128, 929, NULL, 0) = 1 <0.003227>
65889 15:14:29.485761 <... epoll_ctl resumed>) = 0 <0.000096>
65892 15:14:29.485784 epoll_pwait(4,  <unfinished ...>
65889 15:14:29.486269 read(3, "0000\t80863e34\t0\t               0"..., 4096) = 3955 <0.000727>
65889 15:14:29.487124 read(3, "00f8\t80869d84\t0\t               0"..., 4096) = 1575 <0.000055>
65889 15:14:29.487242 read(3, "", 4096) = 0 <0.000021>
65889 15:14:29.487303 epoll_ctl(4, EPOLL_CTL_DEL, 3, 0x12f0dabe07b4) = 0 <0.000414>
65889 15:14:29.487781 close(3)          = 0 <0.000113>
65889 15:14:29.488237 newfstatat(AT_FDCWD, "/proc/bc/0", 0x12f0dac40928, 0) = -1 ENOENT (No such file or directory) <0.000034>
65889 15:14:29.488370 newfstatat(AT_FDCWD, "/proc/vz", 0x12f0dac409f8, 0) = -1 ENOENT (No such file or directory) <0.000027>
65889 15:14:29.488896 newfstatat(AT_FDCWD, "/proc/self/status", {st_mode=S_IFREG|0444, st_size=0, ...}, 0) = 0 <0.000048>
65889 15:14:29.489024 openat(AT_FDCWD, "/proc/self/status", O_RDONLY|O_CLOEXEC) = 3 <0.000780>
65889 15:14:29.489893 fcntl(3, F_GETFL) = 0x8000 (flags O_RDONLY|O_LARGEFILE) <0.000413>
65888 15:14:29.490369 <... nanosleep resumed>NULL) = 0 <0.010729>
65889 15:14:29.490439 fcntl(3, F_SETFL, O_RDONLY|O_NONBLOCK|O_LARGEFILE <unfinished ...>
65888 15:14:29.490463 nanosleep({tv_sec=0, tv_nsec=20000},  <unfinished ...>
65889 15:14:29.490513 <... fcntl resumed>) = 0 <0.000056>
65889 15:14:29.490554 epoll_ctl(4, EPOLL_CTL_ADD, 3, {events=EPOLLIN|EPOLLOUT|EPOLLRDHUP|EPOLLET, data={u32=1191182348, u64=4464114546805571596}}) = -1 EPERM (Operation not permitted) <0.000023>
65888 15:14:29.490631 <... nanosleep resumed>NULL) = 0 <0.000139>
65889 15:14:29.490655 fcntl(3, F_GETFL) = 0x8800 (flags O_RDONLY|O_NONBLOCK|O_LARGEFILE) <0.000015>
65888 15:14:29.490708 nanosleep({tv_sec=0, tv_nsec=20000},  <unfinished ...>
65889 15:14:29.490737 fcntl(3, F_SETFL, O_RDONLY|O_LARGEFILE) = 0 <0.000060>
65889 15:14:29.490846 read(3, "Name:\tprocess\nUmask:\t0002\nState:"..., 4096) = 1547 <0.000788>
65888 15:14:29.491825 <... nanosleep resumed>NULL) = 0 <0.001094>
65889 15:14:29.491893 futex(0xe3bfb8, FUTEX_WAKE_PRIVATE, 1 <unfinished ...>
65888 15:14:29.491921 getpid( <unfinished ...>
65889 15:14:29.491969 <... futex resumed>) = 1 <0.000055>
65887 15:14:29.492001 <... futex resumed>) = 0 <0.017670>
65887 15:14:29.492045 futex(0x12f0daa18160, FUTEX_WAKE_PRIVATE, 1 <unfinished ...>
65891 15:14:29.492092 <... futex resumed>) = 0 <0.076119>
65887 15:14:29.492114 <... futex resumed>) = 1 <0.000054>
65891 15:14:29.492213 futex(0x12f0daa18160, FUTEX_WAIT_PRIVATE, 0, NULL <unfinished ...>
65887 15:14:29.492260 read(3, "", 4096) = 0 <0.000046>
65887 15:14:29.492397 close(3)          = 0 <0.000048>
65887 15:14:29.492556 newfstatat(AT_FDCWD, "/proc/1/environ", {st_mode=S_IFREG|0400, st_size=0, ...}, 0) = 0 <0.000026>
65887 15:14:29.492673 openat(AT_FDCWD, "/proc/1/environ", O_RDONLY|O_CLOEXEC <unfinished ...>
65889 15:14:29.492753 futex(0x12f0da9fa960, FUTEX_WAIT_PRIVATE, 0, NULL <unfinished ...>
65887 15:14:29.492785 <... openat resumed>) = -1 EACCES (Permission denied) <0.000088>
65887 15:14:29.493281 newfstatat(AT_FDCWD, "/proc/self/cgroup", {st_mode=S_IFREG|0444, st_size=0, ...}, 0) = 0 <0.000030>
65887 15:14:29.493390 openat(AT_FDCWD, "/proc/self/cgroup", O_RDONLY|O_CLOEXEC) = 3 <0.000055>
65887 15:14:29.493497 fcntl(3, F_GETFL) = 0x8000 (flags O_RDONLY|O_LARGEFILE) <0.000015>
65887 15:14:29.493552 fcntl(3, F_SETFL, O_RDONLY|O_NONBLOCK|O_LARGEFILE) = 0 <0.000014>
65887 15:14:29.493604 epoll_ctl(4, EPOLL_CTL_ADD, 3, {events=EPOLLIN|EPOLLOUT|EPOLLRDHUP|EPOLLET, data={u32=1191182349, u64=4464114546805571597}}) = -1 EPERM (Operation not permitted) <0.000015>
65887 15:14:29.493670 fcntl(3, F_GETFL) = 0x8800 (flags O_RDONLY|O_NONBLOCK|O_LARGEFILE) <0.000126>
65887 15:14:29.493843 fcntl(3, F_SETFL, O_RDONLY|O_LARGEFILE) = 0 <0.000014>
65887 15:14:29.493902 read(3, "0::/user.slice/user-1000.slice/u"..., 4096) = 97 <0.000046>
65887 15:14:29.493998 read(3,  <unfinished ...>
65888 15:14:29.494692 <... getpid resumed>) = 65887 <0.002750>
65887 15:14:29.494735 <... read resumed>"", 4096) = 0 <0.000721>
65887 15:14:29.494783 close(3)          = 0 <0.000026>
65887 15:14:29.494900 newfstatat(AT_FDCWD, "/usr/bin/lxc-version", 0x12f0dabe8038, 0) = -1 ENOENT (No such file or directory) <0.000024>
65887 15:14:29.494999 newfstatat(AT_FDCWD, "/etc/os-release", {st_mode=S_IFREG|0644, st_size=400, ...}, 0) = 0 <0.000032>
65887 15:14:29.495096 openat(AT_FDCWD, "/etc/os-release", O_RDONLY|O_CLOEXEC) = 3 <0.000055>
65887 15:14:29.495206 fcntl(3, F_GETFL) = 0x8000 (flags O_RDONLY|O_LARGEFILE) <0.000019>
65887 15:14:29.495271 fcntl(3, F_SETFL, O_RDONLY|O_NONBLOCK|O_LARGEFILE) = 0 <0.000018>
65887 15:14:29.495335 epoll_ctl(4, EPOLL_CTL_ADD, 3, {events=EPOLLIN|EPOLLOUT|EPOLLRDHUP|EPOLLET, data={u32=1191182350, u64=4464114546805571598}}) = -1 EPERM (Operation not permitted) <0.000418>
65888 15:14:29.495834 tgkill(65887, 65889, SIGURG <unfinished ...>
65887 15:14:29.495871 fcntl(3, F_GETFL <unfinished ...>
65889 15:14:29.495923 <... futex resumed>) = ? ERESTARTSYS (To be restarted if SA_RESTART is set) <0.003151>
65888 15:14:29.495956 <... tgkill resumed>) = 0 <0.000096>
65887 15:14:29.495978 <... fcntl resumed>) = 0x8800 (flags O_RDONLY|O_NONBLOCK|O_LARGEFILE) <0.000090>
65889 15:14:29.496011 --- SIGURG {si_signo=SIGURG, si_code=SI_TKILL, si_pid=65887, si_uid=1000} ---
65888 15:14:29.496435 nanosleep({tv_sec=0, tv_nsec=20000},  <unfinished ...>
65887 15:14:29.496476 fcntl(3, F_SETFL, O_RDONLY|O_LARGEFILE <unfinished ...>
65889 15:14:29.496501 rt_sigreturn({mask=[]}) = 202 <0.000032>
65887 15:14:29.496566 <... fcntl resumed>) = 0 <0.000074>
65889 15:14:29.496623 futex(0x12f0da9fa960, FUTEX_WAIT_PRIVATE, 0, NULL <unfinished ...>
65887 15:14:29.496647 read(3, "PRETTY_NAME=\"Ubuntu 24.04.4 LTS\""..., 4096) = 400 <0.000029>
65887 15:14:29.496759 read(3, "", 4096) = 0 <0.000035>
65887 15:14:29.496837 close(3)          = 0 <0.000017>
65887 15:14:29.496914 newfstatat(AT_FDCWD, "/.dockerenv", 0x12f0dabe81d8, 0) = -1 ENOENT (No such file or directory) <0.000525>
65887 15:14:29.497723 openat(AT_FDCWD, "/proc/stat", O_RDONLY|O_CLOEXEC) = 3 <0.000118>
65887 15:14:29.498005 fcntl(3, F_GETFL <unfinished ...>
65888 15:14:29.498464 <... nanosleep resumed>NULL) = 0 <0.001981>
65887 15:14:29.498536 <... fcntl resumed>) = 0x8000 (flags O_RDONLY|O_LARGEFILE) <0.000495>
65887 15:14:29.498577 fcntl(3, F_SETFL, O_RDONLY|O_NONBLOCK|O_LARGEFILE) = 0 <0.000019>
65887 15:14:29.498638 epoll_ctl(4, EPOLL_CTL_ADD, 3, {events=EPOLLIN|EPOLLOUT|EPOLLRDHUP|EPOLLET, data={u32=1191182351, u64=4464114546805571599}} <unfinished ...>
65892 15:14:29.498701 <... epoll_pwait resumed>[{events=EPOLLIN|EPOLLOUT, data={u32=1191182351, u64=4464114546805571599}}], 128, 925, NULL, 0) = 1 <0.012901>
65887 15:14:29.498754 <... epoll_ctl resumed>) = 0 <0.000085>
65892 15:14:29.498778 epoll_pwait(4,  <unfinished ...>
65888 15:14:29.499208 nanosleep({tv_sec=0, tv_nsec=20000},  <unfinished ...>
65887 15:14:29.499286 read(3, "cpu  471551 2045137 126278 14909"..., 4096) = 4096 <0.000130>
65888 15:14:29.499564 <... nanosleep resumed>NULL) = 0 <0.000320>
65888 15:14:29.499611 nanosleep({tv_sec=0, tv_nsec=20000},  <unfinished ...>
65887 15:14:29.499656 read(3, "0 0 0 0 0 0 0 0 0 0 0 0 0 0 0 0 "..., 435) = 435 <0.000021>
65887 15:14:29.499740 read(3, " 0 0 0 0 0 0 0 0 0 0 0 0 0 0 0 0"..., 4096) = 245 <0.000064>
65888 15:14:29.499840 <... nanosleep resumed>NULL) = 0 <0.000209>
65887 15:14:29.499890 epoll_ctl(4, EPOLL_CTL_DEL, 3, 0x12f0dabe0bac <unfinished ...>
65888 15:14:29.500561 nanosleep({tv_sec=0, tv_nsec=20000},  <unfinished ...>
65887 15:14:29.500656 <... epoll_ctl resumed>) = 0 <0.000745>
65887 15:14:29.500706 close(3 <unfinished ...>
65888 15:14:29.500729 <... nanosleep resumed>NULL) = 0 <0.000108>
65888 15:14:29.500779 nanosleep({tv_sec=0, tv_nsec=20000},  <unfinished ...>
65887 15:14:29.500819 <... close resumed>) = 0 <0.000098>
65887 15:14:29.500875 getpriority(PRIO_PROCESS, 65886 <unfinished ...>
65888 15:14:29.500914 <... nanosleep resumed>NULL) = 0 <0.000101>
65887 15:14:29.500935 <... getpriority resumed>) = 20 <0.000043>
65888 15:14:29.500957 nanosleep({tv_sec=0, tv_nsec=20000},  <unfinished ...>
65887 15:14:29.501012 openat(AT_FDCWD, "/proc/65886/cmdline", O_RDONLY|O_CLOEXEC) = 3 <0.000044>
65887 15:14:29.501135 fcntl(3, F_GETFL) = 0x8000 (flags O_RDONLY|O_LARGEFILE) <0.000014>
65887 15:14:29.501188 fcntl(3, F_SETFL, O_RDONLY|O_NONBLOCK|O_LARGEFILE) = 0 <0.000014>
65887 15:14:29.501239 epoll_ctl(4, EPOLL_CTL_ADD, 3, {events=EPOLLIN|EPOLLOUT|EPOLLRDHUP|EPOLLET, data={u32=1191182352, u64=4464114546805571600}} <unfinished ...>
65888 15:14:29.501281 <... nanosleep resumed>NULL) = 0 <0.000306>
65887 15:14:29.501303 <... epoll_ctl resumed>) = -1 EPERM (Operation not permitted) <0.000040>
65888 15:14:29.501746 nanosleep({tv_sec=0, tv_nsec=20000},  <unfinished ...>
65887 15:14:29.501789 fcntl(3, F_GETFL) = 0x8800 (flags O_RDONLY|O_NONBLOCK|O_LARGEFILE) <0.000023>
65888 15:14:29.501877 <... nanosleep resumed>NULL) = 0 <0.000094>
65888 15:14:29.501925 nanosleep({tv_sec=0, tv_nsec=20000},  <unfinished ...>
65887 15:14:29.501951 fcntl(3, F_SETFL, O_RDONLY|O_LARGEFILE) = 0 <0.000013>
65887 15:14:29.502010 fstat(3,  <unfinished ...>
65888 15:14:29.502042 <... nanosleep resumed>NULL) = 0 <0.000098>
65887 15:14:29.502063 <... fstat resumed>{st_mode=S_IFREG|0444, st_size=0, ...}) = 0 <0.000038>
65888 15:14:29.502109 nanosleep({tv_sec=0, tv_nsec=20000},  <unfinished ...>
65887 15:14:29.502134 read(3,  <unfinished ...>
65888 15:14:29.502574 <... nanosleep resumed>NULL) = 0 <0.000440>
65887 15:14:29.502611 <... read resumed>"tests/test_c554_batch_builder_au"..., 512) = 35 <0.000462>
65887 15:14:29.502676 read(3,  <unfinished ...>
65888 15:14:29.502700 nanosleep({tv_sec=0, tv_nsec=20000},  <unfinished ...>
65887 15:14:29.502743 <... read resumed>"", 861) = 0 <0.000051>
65887 15:14:29.502791 close(3 <unfinished ...>
65888 15:14:29.502836 <... nanosleep resumed>NULL) = 0 <0.000117>
65887 15:14:29.502872 <... close resumed>) = 0 <0.000044>
65887 15:14:29.502959 write(1, "\0\0\0\0\0\0\0\0", 8) = 8 <0.000023>
65886 15:14:29.503045 <... read resumed>"\0\0\0\0\0\0\0\0", 65536) = 8 <0.133419>
65888 15:14:29.503562 getpid( <unfinished ...>
65887 15:14:29.503603 exit_group(0 <unfinished ...>
65886 15:14:29.503644 read(5,  <unfinished ...>
65888 15:14:29.503663 <... getpid resumed>) = 65887 <0.000071>
65892 15:14:29.503787 <... epoll_pwait resumed> <unfinished ...>) = ?
65891 15:14:29.503884 <... futex resumed>) = ?
65889 15:14:29.503907 <... futex resumed>) = ?
65887 15:14:29.503969 <... exit_group resumed>) = ?
65892 15:14:29.504007 +++ exited with 0 +++
65891 15:14:29.504020 +++ exited with 0 +++
65889 15:14:29.504029 +++ exited with 0 +++
65888 15:14:29.504041 +++ exited with 0 +++
65890 15:14:29.504816 <... futex resumed>) = ?
65886 15:14:29.506120 <... read resumed>"", 65528) = 0 <0.002449>
65890 15:14:29.506238 +++ exited with 0 +++
65887 15:14:29.506256 +++ exited with 0 +++
65886 15:14:29.506717 --- SIGCHLD {si_signo=SIGCHLD, si_code=CLD_EXITED, si_pid=65887, si_uid=1000, si_status=0, si_utime=0, si_stime=1 /* 0.01 s */} ---
65886 15:14:29.506838 close(5)          = 0 <0.000036>
65886 15:14:29.506920 wait4(65887, [{WIFEXITED(s) && WEXITSTATUS(s) == 0}], 0, NULL) = 65887 <0.000049>
65886 15:14:29.507099 rt_sigaction(SIGSEGV, NULL, {sa_handler=0x7070e017622a, sa_mask=[], sa_flags=SA_RESTORER|SA_SIGINFO, sa_restorer=0x7070dfe45330}, 8) = 0 <0.000415>
65886 15:14:29.507591 rt_sigaction(SIGSEGV, {sa_handler=SIG_DFL, sa_mask=[], sa_flags=SA_RESTORER, sa_restorer=0x7070dfe45330}, NULL, 8) = 0 <0.000019>
65886 15:14:29.507662 rt_sigaction(SIGABRT, NULL, {sa_handler=0x7070e017622a, sa_mask=[], sa_flags=SA_RESTORER|SA_SIGINFO, sa_restorer=0x7070dfe45330}, 8) = 0 <0.000017>
65886 15:14:29.507727 rt_sigaction(SIGABRT, {sa_handler=SIG_DFL, sa_mask=[], sa_flags=SA_RESTORER, sa_restorer=0x7070dfe45330}, NULL, 8) = 0 <0.000018>
65886 15:14:29.507789 rt_sigaction(SIGBUS, NULL, {sa_handler=0x7070e017622a, sa_mask=[], sa_flags=SA_RESTORER|SA_SIGINFO, sa_restorer=0x7070dfe45330}, 8) = 0 <0.000078>
65886 15:14:29.508228 rt_sigaction(SIGBUS, {sa_handler=SIG_DFL, sa_mask=[], sa_flags=SA_RESTORER, sa_restorer=0x7070dfe45330}, NULL, 8) = 0 <0.000014>
65886 15:14:29.508450 fstat(1, {st_mode=S_IFIFO|0600, st_size=0, ...}) = 0 <0.000532>
65886 15:14:29.509082 openat(AT_FDCWD, "/dev/dri/card1", O_RDWR) = 5 <0.001389>
65886 15:14:29.511828 ioctl(5, DRM_IOCTL_I915_GEM_CREATE, 0x7ffd433a06d0) = 0 <0.000071>
65886 15:14:29.512864 ioctl(5, DRM_IOCTL_I915_GEM_MMAP, 0x7ffd433a06e0) = 0 <0.000123>
65886 15:14:29.513906 ioctl(5, DRM_IOCTL_I915_GEM_CREATE, 0x7ffd433a06f0) = 0 <0.000172>
65886 15:14:29.515169 ioctl(5, DRM_IOCTL_I915_GEM_CREATE, 0x7ffd433a06f0) = 0 <0.000072>
65886 15:14:29.516114 ioctl(5, DRM_IOCTL_I915_GEM_MMAP, 0x7ffd433a06f0) = 0 <0.000131>
65886 15:14:29.517258 ioctl(5, DRM_IOCTL_I915_GEM_MMAP, 0x7ffd433a06f0) = 0 <0.000482>
65886 15:14:29.517882 openat(AT_FDCWD, "logs/batch_c554_dump.txt", O_WRONLY|O_CREAT|O_TRUNC, 0666) = 6 <0.000920>
65886 15:14:29.518919 fstat(6, {st_mode=S_IFREG|0664, st_size=0, ...}) = 0 <0.000020>
65886 15:14:29.519098 write(6, "=== I915 BATCH BUILDER DUMP ===\n"..., 1294) = 1294 <0.000215>
65886 15:14:29.519376 close(6)          = 0 <0.000134>
65886 15:14:29.519818 ioctl(5, DRM_IOCTL_I915_GEM_EXECBUFFER2, 0x7ffd433a06a0) = -1 EINVAL (Invalid argument) <0.000062>
65886 15:14:29.519976 write(2, "\342\235\214 \303\211chec finalisation\n", 24) = 24 <0.000848>
65886 15:14:29.521192 munmap(0x7070e014b000, 16384) = 0 <0.000042>
65886 15:14:29.521291 ioctl(5, DRM_IOCTL_GEM_CLOSE, 0x7ffd433a06f0) = 0 <0.000048>
65886 15:14:29.521385 munmap(0x7070e014a000, 4096) = 0 <0.000025>
65886 15:14:29.521448 ioctl(5, DRM_IOCTL_GEM_CLOSE, 0x7ffd433a06f0) = 0 <0.000026>
65886 15:14:29.521511 munmap(0x7070e01e9000, 4096) = 0 <0.000018>
65886 15:14:29.521567 ioctl(5, DRM_IOCTL_GEM_CLOSE, 0x7ffd433a06f0) = 0 <0.000095>
65886 15:14:29.521703 close(5)          = 0 <0.000127>
65886 15:14:29.522063 write(1, "=== TEST C554 - BATCH BUILDER AU"..., 877) = 877 <0.000118>
65886 15:14:29.522830 exit_group(1)     = ?
65886 15:14:29.523351 +++ exited with 1 +++
