75936 mmap(NULL, 8192, PROT_READ|PROT_WRITE, MAP_PRIVATE|MAP_ANONYMOUS, -1, 0) = 0x71bcf97b9000
75936 openat(AT_FDCWD, "/etc/ld.so.preload", O_RDONLY|O_CLOEXEC) = 3
75936 mmap(NULL, 75, PROT_READ|PROT_WRITE, MAP_PRIVATE, 3, 0) = 0x71bcf97b8000
75936 close(3)                          = 0
75936 openat(AT_FDCWD, "/opt/datadog-packages/datadog-apm-inject/stable/inject/launcher.preload.so", O_RDONLY|O_CLOEXEC) = 3
75936 mmap(NULL, 627144, PROT_READ, MAP_PRIVATE|MAP_DENYWRITE, 3, 0) = 0x71bcf971e000
75936 mmap(0x71bcf9723000, 368640, PROT_READ|PROT_EXEC, MAP_PRIVATE|MAP_FIXED|MAP_DENYWRITE, 3, 0x5000) = 0x71bcf9723000
75936 mmap(0x71bcf977d000, 98304, PROT_READ, MAP_PRIVATE|MAP_FIXED|MAP_DENYWRITE, 3, 0x5f000) = 0x71bcf977d000
75936 mmap(0x71bcf9795000, 16384, PROT_READ|PROT_WRITE, MAP_PRIVATE|MAP_FIXED|MAP_DENYWRITE, 3, 0x77000) = 0x71bcf9795000
75936 mmap(0x71bcf9799000, 116904, PROT_READ|PROT_WRITE, MAP_PRIVATE|MAP_FIXED|MAP_ANONYMOUS, -1, 0) = 0x71bcf9799000
75936 mmap(0x71bcf97b6000, 8192, PROT_READ|PROT_WRITE, MAP_PRIVATE|MAP_FIXED|MAP_DENYWRITE, 3, 0xb4000) = 0x71bcf97b6000
75936 close(3)                          = 0
75936 munmap(0x71bcf97b8000, 75)        = 0
75936 openat(AT_FDCWD, "/etc/ld.so.cache", O_RDONLY|O_CLOEXEC) = 3
75936 mmap(NULL, 86423, PROT_READ, MAP_PRIVATE, 3, 0) = 0x71bcf9708000
75936 close(3)                          = 0
75936 openat(AT_FDCWD, "/lib/x86_64-linux-gnu/libc.so.6", O_RDONLY|O_CLOEXEC) = 3
75936 mmap(NULL, 2170256, PROT_READ, MAP_PRIVATE|MAP_DENYWRITE, 3, 0) = 0x71bcf9400000
75936 mmap(0x71bcf9428000, 1605632, PROT_READ|PROT_EXEC, MAP_PRIVATE|MAP_FIXED|MAP_DENYWRITE, 3, 0x28000) = 0x71bcf9428000
75936 mmap(0x71bcf95b0000, 323584, PROT_READ, MAP_PRIVATE|MAP_FIXED|MAP_DENYWRITE, 3, 0x1b0000) = 0x71bcf95b0000
75936 mmap(0x71bcf95ff000, 24576, PROT_READ|PROT_WRITE, MAP_PRIVATE|MAP_FIXED|MAP_DENYWRITE, 3, 0x1fe000) = 0x71bcf95ff000
75936 mmap(0x71bcf9605000, 52624, PROT_READ|PROT_WRITE, MAP_PRIVATE|MAP_FIXED|MAP_ANONYMOUS, -1, 0) = 0x71bcf9605000
75936 close(3)                          = 0
75936 mmap(NULL, 12288, PROT_READ|PROT_WRITE, MAP_PRIVATE|MAP_ANONYMOUS, -1, 0) = 0x71bcf9705000
75936 munmap(0x71bcf9708000, 86423)     = 0
75936 openat(AT_FDCWD, "/etc/datadog-agent/managed/rc-orgwide-wls-policy.bin", O_RDONLY|O_CLOEXEC) = -1 ENOENT (No such file or directory)
75936 openat(AT_FDCWD, "/etc/datadog-agent/user-wls-policy.bin", O_RDONLY|O_CLOEXEC) = -1 ENOENT (No such file or directory)
75936 openat(AT_FDCWD, "/etc/datadog-agent/managed/rc-targeted-wls-policy.bin", O_RDONLY|O_CLOEXEC) = -1 ENOENT (No such file or directory)
75936 openat(AT_FDCWD, "/etc/os-release", O_RDONLY|O_CLOEXEC) = 3
75936 close(3)                          = 0
75936 close(6)                          = 0
75937 close(5)                          = 0
75937 close(0)                          = 0
75937 openat(AT_FDCWD, "/dev/null", O_RDONLY|O_CLOEXEC) = 0
75937 openat(AT_FDCWD, "/sys/kernel/mm/transparent_hugepage/hpage_pmd_size", O_RDONLY) = 0
75937 close(0)                          = 0
75937 mmap(NULL, 262144, PROT_READ|PROT_WRITE, MAP_PRIVATE|MAP_ANONYMOUS, -1, 0) = 0x71b0092d2000
75937 mmap(NULL, 131072, PROT_NONE, MAP_PRIVATE|MAP_ANONYMOUS, -1, 0) = 0x71b0092b2000
75937 mmap(NULL, 1048576, PROT_NONE, MAP_PRIVATE|MAP_ANONYMOUS, -1, 0) = 0x71b0091b2000
75937 mmap(NULL, 8388608, PROT_NONE, MAP_PRIVATE|MAP_ANONYMOUS, -1, 0) = 0x71b008800000
75937 mmap(NULL, 67108864, PROT_NONE, MAP_PRIVATE|MAP_ANONYMOUS, -1, 0) = 0x71b004800000
75937 mmap(NULL, 536870912, PROT_NONE, MAP_PRIVATE|MAP_ANONYMOUS, -1, 0) = 0x71afe4800000
75937 mmap(NULL, 536870912, PROT_NONE, MAP_PRIVATE|MAP_ANONYMOUS, -1, 0) = 0x71afc4800000
75937 mmap(0x17a434000000, 67108864, PROT_NONE, MAP_PRIVATE|MAP_ANONYMOUS, -1, 0) = 0x17a434000000
75937 mmap(NULL, 33554432, PROT_READ|PROT_WRITE, MAP_PRIVATE|MAP_ANONYMOUS, -1, 0) = 0x71afc2800000
75937 mmap(NULL, 69648, PROT_READ|PROT_WRITE, MAP_PRIVATE|MAP_ANONYMOUS, -1, 0) = 0x71b0091a0000
75937 mmap(0x17a437000000, 4194304, PROT_READ|PROT_WRITE, MAP_PRIVATE|MAP_FIXED|MAP_ANONYMOUS, -1, 0) = 0x17a437000000
75937 mmap(0x71b0092b2000, 131072, PROT_READ|PROT_WRITE, MAP_PRIVATE|MAP_FIXED|MAP_ANONYMOUS, -1, 0) = 0x71b0092b2000
75937 mmap(0x71b009249000, 4096, PROT_READ|PROT_WRITE, MAP_PRIVATE|MAP_FIXED|MAP_ANONYMOUS, -1, 0) = 0x71b009249000
75937 mmap(0x71b008cbd000, 4096, PROT_READ|PROT_WRITE, MAP_PRIVATE|MAP_FIXED|MAP_ANONYMOUS, -1, 0) = 0x71b008cbd000
75937 mmap(0x71b006de9000, 4096, PROT_READ|PROT_WRITE, MAP_PRIVATE|MAP_FIXED|MAP_ANONYMOUS, -1, 0) = 0x71b006de9000
75937 mmap(0x71aff7748000, 4096, PROT_READ|PROT_WRITE, MAP_PRIVATE|MAP_FIXED|MAP_ANONYMOUS, -1, 0) = 0x71aff7748000
75937 mmap(0x71afd7748000, 4096, PROT_READ|PROT_WRITE, MAP_PRIVATE|MAP_FIXED|MAP_ANONYMOUS, -1, 0) = 0x71afd7748000
75937 mmap(NULL, 1048576, PROT_READ|PROT_WRITE, MAP_PRIVATE|MAP_ANONYMOUS, -1, 0) = 0x71b0090a0000
75937 mmap(NULL, 65536, PROT_READ|PROT_WRITE, MAP_PRIVATE|MAP_ANONYMOUS, -1, 0) = 0x71b009090000
75937 mmap(NULL, 65536, PROT_READ|PROT_WRITE, MAP_PRIVATE|MAP_ANONYMOUS, -1, 0) = 0x71b009080000
75937 openat(AT_FDCWD, "/dev/null", O_RDWR) = 0
75937 mmap(NULL, 1439992, PROT_READ|PROT_WRITE, MAP_PRIVATE|MAP_ANONYMOUS, -1, 0) = 0x71afc26a0000
75937 openat(AT_FDCWD, "/proc/self/cgroup", O_RDONLY|O_CLOEXEC) = 3
75937 close(3)                          = 0
75937 openat(AT_FDCWD, "/proc/self/mountinfo", O_RDONLY|O_CLOEXEC) = 3
75937 close(3)                          = 0
75937 openat(AT_FDCWD, "/sys/fs/cgroup/user.slice/user-1000.slice/user@1000.service/app.slice/app-org.chromium.Chromium-29476.scope/cpu.max", O_RDONLY|O_CLOEXEC) = -1 ENOENT (No such file or directory)
75937 mmap(NULL, 262144, PROT_READ|PROT_WRITE, MAP_PRIVATE|MAP_ANONYMOUS, -1, 0) = 0x71b009040000
75937 --- SIGURG {si_signo=SIGURG, si_code=SI_TKILL, si_pid=75937, si_uid=1000} ---
75937 openat(AT_FDCWD, "/opt/datadog-packages/datadog-apm-inject/0.58.0/inject/process", O_RDONLY|O_CLOEXEC) = 3
75937 close(3)                          = 0
75937 openat(AT_FDCWD, "/proc/self/cgroup", O_RDONLY|O_CLOEXEC) = 3
75937 close(3)                          = 0
75937 --- SIGURG {si_signo=SIGURG, si_code=SI_TKILL, si_pid=75937, si_uid=1000} ---
75940 mmap(0x17a437400000, 4194304, PROT_READ|PROT_WRITE, MAP_PRIVATE|MAP_FIXED|MAP_ANONYMOUS, -1, 0) = 0x17a437400000
75940 mmap(NULL, 262144, PROT_READ|PROT_WRITE, MAP_PRIVATE|MAP_ANONYMOUS, -1, 0) = 0x71b009000000
75937 openat(AT_FDCWD, "/proc/stat", O_RDONLY|O_CLOEXEC) = 3
75937 close(3)                          = 0
75937 openat(AT_FDCWD, "/proc/stat", O_RDONLY|O_CLOEXEC) = 3
75937 close(3)                          = 0
75937 openat(AT_FDCWD, "/etc/datadog-agent/inject/host_config.yaml", O_RDONLY|O_CLOEXEC) = -1 ENOENT (No such file or directory)
75937 mmap(NULL, 262144, PROT_READ|PROT_WRITE, MAP_PRIVATE|MAP_ANONYMOUS, -1, 0) = 0x71afc2660000
75937 openat(AT_FDCWD, "/proc/75936/cmdline", O_RDONLY|O_CLOEXEC) = 3
75937 close(3)                          = 0
75937 openat(AT_FDCWD, "/proc/75936/environ", O_RDONLY|O_CLOEXEC) = 3
75937 close(3)                          = 0
75937 openat(AT_FDCWD, "/etc/datadog-agent/inject/policies.binpb", O_RDONLY|O_CLOEXEC) = -1 ENOENT (No such file or directory)
75937 openat(AT_FDCWD, "/proc/75936/fd", O_RDONLY|O_CLOEXEC|O_DIRECTORY) = 3
75937 close(3)                          = 0
75937 openat(AT_FDCWD, "/proc/75936/fd/4", O_RDONLY|O_CLOEXEC) = 3
75937 close(3)                          = 0
75943 +++ exited with 0 +++
75937 close(7)                          = 0
75937 close(3)                          = 0
75937 close(3)                          = 0
75937 openat(AT_FDCWD, "/proc/75936/stat", O_RDONLY|O_CLOEXEC) = 3
75937 close(3)                          = 0
75937 openat(AT_FDCWD, "/proc/modules", O_RDONLY|O_CLOEXEC) = 3
75937 --- SIGURG {si_signo=SIGURG, si_code=SI_TKILL, si_pid=75937, si_uid=1000} ---
75937 --- SIGURG {si_signo=SIGURG, si_code=SI_TKILL, si_pid=75937, si_uid=1000} ---
75939 close(3)                          = 0
75942 --- SIGURG {si_signo=SIGURG, si_code=SI_TKILL, si_pid=75937, si_uid=1000} ---
75939 openat(AT_FDCWD, "/proc/cpuinfo", O_RDONLY|O_CLOEXEC) = 3
75939 close(3)                          = 0
75939 openat(AT_FDCWD, "/proc/bus/pci/devices", O_RDONLY|O_CLOEXEC) = 3
75939 close(3)                          = 0
75939 openat(AT_FDCWD, "/proc/self/status", O_RDONLY|O_CLOEXEC) = 3
75939 close(3)                          = 0
75939 openat(AT_FDCWD, "/proc/1/environ", O_RDONLY|O_CLOEXEC) = -1 EACCES (Permission denied)
75939 openat(AT_FDCWD, "/proc/self/cgroup", O_RDONLY|O_CLOEXEC) = 3
75939 close(3)                          = 0
75939 openat(AT_FDCWD, "/etc/os-release", O_RDONLY|O_CLOEXEC) = 3
75939 --- SIGURG {si_signo=SIGURG, si_code=SI_TKILL, si_pid=75937, si_uid=1000} ---
75942 close(3)                          = 0
75942 openat(AT_FDCWD, "/proc/stat", O_RDONLY|O_CLOEXEC) = 3
75942 close(3)                          = 0
75942 openat(AT_FDCWD, "/proc/75936/cmdline", O_RDONLY|O_CLOEXEC) = 3
75942 close(3)                          = 0
75938 +++ exited with 0 +++
75939 +++ exited with 0 +++
75941 +++ exited with 0 +++
75940 +++ exited with 0 +++
75942 +++ exited with 0 +++
75937 +++ exited with 0 +++
75936 --- SIGCHLD {si_signo=SIGCHLD, si_code=CLD_EXITED, si_pid=75937, si_uid=1000, si_status=0, si_utime=0, si_stime=2 /* 0.02 s */} ---
75936 close(5)                          = 0
75936 openat(AT_FDCWD, "/usr/lib/locale/locale-archive", O_RDONLY|O_CLOEXEC) = 5
75936 mmap(NULL, 14596880, PROT_READ, MAP_PRIVATE, 5, 0) = 0x71bcf8600000
75936 close(5)                          = 0
75944 openat(AT_FDCWD, "/usr/share/locale/locale.alias", O_RDONLY|O_CLOEXEC) = 5
75944 close(5)                          = 0
75944 openat(AT_FDCWD, "/usr/share/locale/en_US.UTF-8/LC_MESSAGES/coreutils.mo", O_RDONLY) = -1 ENOENT (No such file or directory)
75944 openat(AT_FDCWD, "/usr/share/locale/en_US.utf8/LC_MESSAGES/coreutils.mo", O_RDONLY) = -1 ENOENT (No such file or directory)
75944 openat(AT_FDCWD, "/usr/share/locale/en_US/LC_MESSAGES/coreutils.mo", O_RDONLY) = -1 ENOENT (No such file or directory)
75944 openat(AT_FDCWD, "/usr/share/locale/en.UTF-8/LC_MESSAGES/coreutils.mo", O_RDONLY) = -1 ENOENT (No such file or directory)
75944 openat(AT_FDCWD, "/usr/share/locale/en.utf8/LC_MESSAGES/coreutils.mo", O_RDONLY) = -1 ENOENT (No such file or directory)
75944 openat(AT_FDCWD, "/usr/share/locale/en/LC_MESSAGES/coreutils.mo", O_RDONLY) = -1 ENOENT (No such file or directory)
75944 openat(AT_FDCWD, "/usr/share/locale-langpack/en_US.UTF-8/LC_MESSAGES/coreutils.mo", O_RDONLY) = -1 ENOENT (No such file or directory)
75944 openat(AT_FDCWD, "/usr/share/locale-langpack/en_US.utf8/LC_MESSAGES/coreutils.mo", O_RDONLY) = -1 ENOENT (No such file or directory)
75944 openat(AT_FDCWD, "/usr/share/locale-langpack/en_US/LC_MESSAGES/coreutils.mo", O_RDONLY) = -1 ENOENT (No such file or directory)
75944 openat(AT_FDCWD, "/usr/share/locale-langpack/en.UTF-8/LC_MESSAGES/coreutils.mo", O_RDONLY) = -1 ENOENT (No such file or directory)
75944 openat(AT_FDCWD, "/usr/share/locale-langpack/en.utf8/LC_MESSAGES/coreutils.mo", O_RDONLY) = -1 ENOENT (No such file or directory)
75944 openat(AT_FDCWD, "/usr/share/locale-langpack/en/LC_MESSAGES/coreutils.mo", O_RDONLY) = 5
75944 mmap(NULL, 613, PROT_READ, MAP_PRIVATE, 5, 0) = 0x71bcf97b8000
75944 close(5)                          = 0
75944 openat(AT_FDCWD, "/usr/share/locale/en_US.UTF-8/LC_MESSAGES/libc.mo", O_RDONLY) = -1 ENOENT (No such file or directory)
75944 openat(AT_FDCWD, "/usr/share/locale/en_US.utf8/LC_MESSAGES/libc.mo", O_RDONLY) = -1 ENOENT (No such file or directory)
75944 openat(AT_FDCWD, "/usr/share/locale/en_US/LC_MESSAGES/libc.mo", O_RDONLY) = -1 ENOENT (No such file or directory)
75944 openat(AT_FDCWD, "/usr/share/locale/en.UTF-8/LC_MESSAGES/libc.mo", O_RDONLY) = -1 ENOENT (No such file or directory)
75944 openat(AT_FDCWD, "/usr/share/locale/en.utf8/LC_MESSAGES/libc.mo", O_RDONLY) = -1 ENOENT (No such file or directory)
75944 openat(AT_FDCWD, "/usr/share/locale/en/LC_MESSAGES/libc.mo", O_RDONLY) = -1 ENOENT (No such file or directory)
75944 openat(AT_FDCWD, "/usr/share/locale-langpack/en_US.UTF-8/LC_MESSAGES/libc.mo", O_RDONLY) = -1 ENOENT (No such file or directory)
75944 openat(AT_FDCWD, "/usr/share/locale-langpack/en_US.utf8/LC_MESSAGES/libc.mo", O_RDONLY) = -1 ENOENT (No such file or directory)
75944 openat(AT_FDCWD, "/usr/share/locale-langpack/en_US/LC_MESSAGES/libc.mo", O_RDONLY) = -1 ENOENT (No such file or directory)
75944 openat(AT_FDCWD, "/usr/share/locale-langpack/en.UTF-8/LC_MESSAGES/libc.mo", O_RDONLY) = -1 ENOENT (No such file or directory)
75944 openat(AT_FDCWD, "/usr/share/locale-langpack/en.utf8/LC_MESSAGES/libc.mo", O_RDONLY) = -1 ENOENT (No such file or directory)
75944 openat(AT_FDCWD, "/usr/share/locale-langpack/en/LC_MESSAGES/libc.mo", O_RDONLY) = -1 ENOENT (No such file or directory)
75944 close(1)                          = 0
75944 close(2)                          = 0
75944 +++ exited with 127 +++
75936 --- SIGCHLD {si_signo=SIGCHLD, si_code=CLD_EXITED, si_pid=75944, si_uid=1000, si_status=127, si_utime=0, si_stime=0} ---
75936 close(1)                          = 0
75936 close(2)                          = 0
75936 +++ exited with 127 +++
