
╔════════════════════════════════════════════════════════════════╗
║  TEST C521 - SURFACE STATE GEN9 FORMAT EXACT                 ║
╚════════════════════════════════════════════════════════════════╝

ROOT CAUSES #30-#32: Chaîne IDRT→BTI→SurfaceState incorrecte
Solution: Format Gen9 exact d'OpenCL buffer[3]

[1/16] Ouverture /dev/dri/renderD128...
  ✓ DRM ouvert (fd=5)

[2/16] Initialisation libdrm_intel...
  ✓ Buffer manager initialisé

[3/16] Allocation buffers...
  ✓ 6 buffers alloués

[4/16] Initialisation output + kernel...
  ✓ Output et kernel initialisés

[5/16] PASS 1: Résolution offsets i915...
  ✅ PASS 1 RÉUSSI

[6/16] Lecture offsets i915...
  ✓ OFFSETS i915:
    surface_state: 0x0000000000000000
    dynamic_state: 0x0000000000001000
    idrt:          0x0000000000002000
    kernel:        0x0000000000003000
    output:        0x0000000000004000
    batch:         0x0000000000005000

[7/16] Construction Surface State Gen9 EXACT...
  ✓ Surface State Gen9: output @ 0x0000000000004000
  ✓ Binding Table[0] = offset 0x40

[8/16] Construction IDRT avec Binding Table pointer...
  ✓ IDRT: kernel @ 0x0000000000003000
  ✓ IDRT: BTI pointer = 0x80 (relatif à Surface State Base)

[9/16] Construction Dynamic State...
  ✓ Dynamic State initialisé

[10/16] Patch batch OpenCL avec offsets réels...
  ✓ Batch patché

[11/16] Construction exec_objects final...
  ✓ 10 exec_objects configurés

[12/16] PASS 2: Soumission batch OpenCL...
  🔧 PASS 2 - Surface State Gen9 EXACT:
     Surface Type: SURFTYPE_BUFFER (4)
     Format: RAW (0x1FF)
     MOCS: 0x3D
     BTI[0] → Surface State @ offset 0x40
     IDRT BTI pointer: 0x80

  ✅✅✅ PASS 2 RÉUSSI! ✅✅✅

[13/16] Attente GPU...
  ✓ GPU terminé

[14/16] VÉRIFICATION RÉSULTAT GPU NATIF...
═══════════════════════════════════════════════════════════════
output[0] = 0xFFFFFFFF (attendu: 0x12345678)
output[1] = 0xFFFFFFFF
output[2] = 0xFFFFFFFF
output[3] = 0xFFFFFFFF

⚠️  Valeur incorrecte - analyse supplémentaire nécessaire

[15/16] Cleanup...
  ✓ Cleanup terminé

[16/16] RÉSULTAT FINAL:
  ⚠️  Debug supplémentaire requis
