
╔════════════════════════════════════════════════════════════════╗
║  TEST C524 - IDRT COPIE EXACTE OPENCL (ROOT CAUSE #34)      ║
╚════════════════════════════════════════════════════════════════╝

ROOT CAUSE #34: IDRT DW6 manquant (Barrier + CURBE Length)
Solution: Copie byte-par-byte IDRT OpenCL buffer[8]

[1/16] Ouverture /dev/dri/renderD128...
  ✓ DRM ouvert (fd=5)

[2/16] Initialisation libdrm_intel...
  ✓ Buffer manager initialisé

[3/16] Allocation buffers...
  ✓ 6 buffers alloués

[4/16] Initialisation output + kernel...
  ✓ Output et kernel initialisés

[5/16] PASS 1: Résolution offsets i915...
  ✅ PASS 1 RÉUSSI

[6/16] Lecture offsets i915...
  ✓ OFFSETS i915:
    surface_state: 0x0000000000000000
    dynamic_state: 0x0000000000001000
    idrt:          0x0000000000002000
    kernel:        0x0000000000003000
    output:        0x0000000000004000
    batch:         0x0000000000005000

[7/16] Construction Surface State Gen9 EXACT...
  ✓ Surface State Gen9: output @ 0x0000000000004000
  ✓ Binding Table @ offset 0x1A0 (OpenCL format)
  ✓ Binding Table[0] = offset 0x40

[8/16] COPIE EXACTE IDRT OpenCL buffer[8]...
  ✓ IDRT copié depuis OpenCL buffer[8]
  ✓ Kernel pointer patché: 0x0000000000003000
  ✓ IDRT DW2 (Sampler): 0x00000020
  ✓ IDRT DW3 (BTI+flags): 0x7105000D
  ✓ IDRT DW4 (Config): 0x00000640
  ✓ IDRT DW5 (Thread Size): 0xFFFDD000
  ✓ IDRT DW6 (Barrier+CURBE): 0x80000007 ⭐ CRITIQUE!

[9/16] Construction Dynamic State + CURBE Data...
  ✓ Dynamic State initialisé
  ✓ CURBE Data: output @ 0x0000000000004000
  ✓ CURBE Data: global_size = (256, 1, 1)

[10/16] Patch batch OpenCL avec offsets réels...
  ✓ Batch patché

[11/16] Construction exec_objects final...
  ✓ 10 exec_objects configurés

[12/16] PASS 2: Soumission batch OpenCL...
  🔧 PASS 2 - IDRT COPIE EXACTE OPENCL:
     IDRT: Copie byte-par-byte buffer[8]
     DW6: 0x80000007 (Barrier + CURBE Length) ⭐
     CURBE Data: Arguments kernel chargés
     Surface State: Format Gen9 exact
     Binding Table: Offset 0x1A0

  ✅✅✅ PASS 2 RÉUSSI! ✅✅✅

[13/16] Attente GPU...
  ✓ GPU terminé

[14/16] VÉRIFICATION RÉSULTAT GPU NATIF...
═══════════════════════════════════════════════════════════════
output[0] = 0xFFFFFFFF (attendu: 0x12345678)
output[1] = 0xFFFFFFFF
output[2] = 0xFFFFFFFF
output[3] = 0xFFFFFFFF

⚠️  Valeur incorrecte - analyse supplémentaire nécessaire

[15/16] Cleanup...
  ✓ Cleanup terminé

[16/16] RÉSULTAT FINAL:
  ⚠️  Debug supplémentaire requis
