
╔════════════════════════════════════════════════════════════════╗
║  TEST C514 - MÉTHODE OPENCL: NO_RELOC + ADRESSES FIXES       ║
╚════════════════════════════════════════════════════════════════╝

ROOT CAUSE #17 CORRIGÉE: Pas de relocations, adresses GTT fixes!
Stratégie: Map buffers → GTT auto-résolu → batch avec adresses fixes

[1/10] Ouverture /dev/dri/renderD128...
  ✓ DRM ouvert (fd=5)

[2/10] Initialisation libdrm_intel...
  ✓ Buffer manager initialisé

[3/10] Allocation buffers GPU...
  ✓ Tous les buffers alloués

[4/10] MAPPING buffers pour forcer résolution GTT...
  ✓ Vérification adresses GTT après mapping:
    batch_bo:         GTT 0x0000000000000000 ❌ NULLE
    output_bo:        GTT 0x0000000000000000 ❌ NULLE
    kernel_bo:        GTT 0x0000000000000000 ❌ NULLE
    idrt_bo:          GTT 0x0000000000000000 ❌ NULLE
    surface_state_bo: GTT 0x0000000000000000 ❌ NULLE
    dynamic_state_bo: GTT 0x0000000000000000 ❌ NULLE
    instruction_bo:   GTT 0x0000000000000000 ❌ NULLE

[5/10] Initialisation output buffer...
  ✓ Output initialisé à 0xFFFFFFFF

[6/10] Copie kernel ISA OpenCL Gen9...
  ✓ Kernel ISA copié: 3192 bytes

[7/10] Configuration IDRT avec adresses GTT FIXES (méthode OpenCL)...
  ✓ IDRT configuré:
    Kernel pointer: 0x0000000000000000 (FIXE)
    Binding table:  offset 0x00000000
    Threads:        24
  ✓✓✓ IDRT prêt avec adresses GTT FIXES! ✓✓✓

[8/10] Configuration Binding Table Entry...
  ✓ BTI[0] configuré: output @ 0x0000000000000000 (FIXE)

[9/10] Construction batch OpenCL EXACT avec adresses FIXES...
  ✓ Batch construit: 348 bytes (87 DWORDs)
  ✓ Adresses GTT FIXES utilisées (pas de relocations)

[10/10] Soumission EXECBUFFER2 avec I915_EXEC_NO_RELOC...
  ✓ Context créé
  🔧 EXECBUFFER2 avec flags=0x801 (I915_EXEC_NO_RELOC)
  ❌ EXECBUFFER2 failed (ret=-22)
