    ⚠ drm_intel_bo_pin(kernel_bo) failed: -13
    ⚠ drm_intel_bo_pin(output_bo) failed: -13
    ⚠ drm_intel_bo_pin(idrt_bo) failed: -13
EXECBUFFER2: Invalid argument
❌ EXECBUFFER2 failed (ret=-22)

╔════════════════════════════════════════════════════════════════╗
║  TEST C513 - FORCER RÉSOLUTION GTT (OPTION A)                ║
╚════════════════════════════════════════════════════════════════╝

ROOT CAUSES #11, #12, #13, #14, #15 CORRIGÉES!
Stratégie: Forcer allocation GTT avec drm_intel_bo_pin()
Objectif: Adresses GTT VALIDES dans IDRT

[1/10] Ouverture /dev/dri/renderD128...
  ✓ DRM ouvert (fd=5)

[2/10] Initialisation libdrm_intel...
  ✓ Buffer manager initialisé

[3/10] Allocation buffers GPU (ROOT CAUSE #12 FIX: buffers séparés)...
  ✓ batch_bo:          16384 bytes (GTT 0x0000000000000000)
  ✓ output_bo:         4096 bytes (GTT 0x0000000000000000)
  ✓ kernel_bo:         4096 bytes (GTT 0x0000000000000000)
  ✓ idrt_bo:           4096 bytes (GTT 0x0000000000000000)
  ✓ surface_state_bo:  4096 bytes (GTT 0x0000000000000000)
  ✓ dynamic_state_bo:  4096 bytes (GTT 0x0000000000000000)
  ✓ instruction_bo:    4096 bytes (GTT 0x0000000000000000)

[4/10] Initialisation output buffer...
  ✓ Output initialisé à 0xFFFFFFFF

[5/10] Copie kernel ISA OpenCL Gen9...
  ✓ Kernel ISA copié: 3192 bytes

[6/10] FORCER résolution adresses GTT avec drm_intel_bo_pin()...
  🔧 Forçage GTT kernel_bo...
  🔧 Forçage GTT output_bo...
  🔧 Forçage GTT idrt_bo...

  ✓ Vérification adresses GTT après pin:
    kernel_bo: GTT 0x0000000000000000 ❌ NULLE
    output_bo: GTT 0x0000000000000000 ❌ NULLE
    idrt_bo:   GTT 0x0000000000000000 ❌ NULLE

  🔧 Configuration IDRT avec adresses GTT FORCÉES...
    ✓ IDRT configuré: kernel=0x0000000000000000, output=0x0000000000000000
  ✓✓✓ IDRT prêt avec adresses GTT FORCÉES (OPTION A)! ✓✓✓

[7/10] Construction batch OpenCL EXACT...
  Construction batch OpenCL 320 bytes + GPGPU_WALKER...
    [0x0000] PIPELINE_SELECT (20 DWORDs)
    [0x0058] MEDIA_VFE_STATE (9 DWORDs)
    [0x0088] PIPE_CONTROL (6 DWORDs)
    [0x00a0] STATE_BASE_ADDRESS (19 DWORDs)
    [0x00f8] PIPE_CONTROL (6 DWORDs)
    [0x0110] MEDIA_INTERFACE_DESCRIPTOR_LOAD (3 DWORDs)
    [0x011c] GPGPU_WALKER (15 DWORDs) - ROOT CAUSE #13 FIX!
    [0x0158] MEDIA_STATE_FLUSH (2 DWORDs)
    [0x0160] PIPE_CONTROL final (6 DWORDs)
  ✓ Batch COMPLET construit: 376 bytes (320 + GPGPU_WALKER + flush)
  ✓ Batch total avec END: 380 bytes

  🔧 CORRECTION ROOT CAUSES #11 + #12: Relocations avec buffers séparés...
    ✓ Relocation STATE_BASE_ADDRESS surface state (0x00b0)
    ✓ Relocation STATE_BASE_ADDRESS dynamic state (0x00b8)
    ✓ Relocation STATE_BASE_ADDRESS instruction base (0x00e0)
    ✓ Relocation MEDIA_IDRT_LOAD (0x0114)
  ✓✓✓ 4 RELOCATIONS batch enregistrées! ✓✓✓

[8/10] Soumission EXECBUFFER2...
  ✓ Context créé
