╔════════════════════════════════════════════════════════════╗
║  COMPILATION TEST C578 - EXECBUFFER2 FORENSIC              ║
╚════════════════════════════════════════════════════════════╝
In file included from tests/test_c578_execbuffer2_forensic.c:3:
./forensic/forensic_logger.h:54:24: error: redefinition of ‘get_timestamp_ns’
   54 | static inline uint64_t get_timestamp_ns(void) {
      |                        ^~~~~~~~~~~~~~~~
In file included from tests/test_c578_execbuffer2_forensic.c:1:
./forensic/execbuffer2_forensic.h:313:24: note: previous definition of ‘get_timestamp_ns’ with type ‘uint64_t(void)’ {aka ‘long unsigned int(void)’}
  313 | static inline uint64_t get_timestamp_ns(void) {
      |                        ^~~~~~~~~~~~~~~~
tests/test_c578_execbuffer2_forensic.c: In function ‘create_buffer’:
tests/test_c578_execbuffer2_forensic.c:34:68: error: ‘errno’ undeclared (first use in this function)
   34 |         log_event("ERROR", "Failed to create buffer: %s", strerror(errno));
      |                                                                    ^~~~~
tests/test_c578_execbuffer2_forensic.c:9:1: note: ‘errno’ is defined in header ‘<errno.h>’; did you forget to ‘#include <errno.h>’?
    8 | #include <unistd.h>
  +++ |+#include <errno.h>
    9 | #include <sys/ioctl.h>
tests/test_c578_execbuffer2_forensic.c:34:68: note: each undeclared identifier is reported only once for each function it appears in
   34 |         log_event("ERROR", "Failed to create buffer: %s", strerror(errno));
      |                                                                    ^~~~~
tests/test_c578_execbuffer2_forensic.c: In function ‘write_batch_minimal’:
tests/test_c578_execbuffer2_forensic.c:51:65: error: ‘errno’ undeclared (first use in this function)
   51 |         log_event("ERROR", "Failed to mmap batch: %s", strerror(errno));
      |                                                                 ^~~~~
tests/test_c578_execbuffer2_forensic.c:51:65: note: ‘errno’ is defined in header ‘<errno.h>’; did you forget to ‘#include <errno.h>’?
tests/test_c578_execbuffer2_forensic.c:61:5: warning: implicit declaration of function ‘munmap’ [-Wimplicit-function-declaration]
   61 |     munmap(batch, BATCH_SIZE);
      |     ^~~~~~
tests/test_c578_execbuffer2_forensic.c: In function ‘write_batch_with_surface_states’:
tests/test_c578_execbuffer2_forensic.c:92:17: error: ‘SURFACE_TYPE_BUFFER’ undeclared (first use in this function); did you mean ‘SURFTYPE_BUFFER’?
   92 |         .type = SURFACE_TYPE_BUFFER,
      |                 ^~~~~~~~~~~~~~~~~~~
      |                 SURFTYPE_BUFFER
tests/test_c578_execbuffer2_forensic.c:93:19: error: ‘SURFACE_FORMAT_R32_UINT’ undeclared (first use in this function); did you mean ‘SURFACEFORMAT_R32_UINT’?
   93 |         .format = SURFACE_FORMAT_R32_UINT,
      |                   ^~~~~~~~~~~~~~~~~~~~~~~
      |                   SURFACEFORMAT_R32_UINT
tests/test_c578_execbuffer2_forensic.c:94:19: error: ‘TILE_MODE_LINEAR’ undeclared (first use in this function); did you mean ‘TILE_LINEAR’?
   94 |         .tiling = TILE_MODE_LINEAR,
      |                   ^~~~~~~~~~~~~~~~
      |                   TILE_LINEAR
tests/test_c578_execbuffer2_forensic.c:67:53: warning: unused parameter ‘input_handle’ [-Wunused-parameter]
   67 |                                            uint32_t input_handle, uint32_t output_handle) {
      |                                            ~~~~~~~~~^~~~~~~~~~~~
tests/test_c578_execbuffer2_forensic.c:67:76: warning: unused parameter ‘output_handle’ [-Wunused-parameter]
   67 |                                            uint32_t input_handle, uint32_t output_handle) {
      |                                                                   ~~~~~~~~~^~~~~~~~~~~~~
tests/test_c578_execbuffer2_forensic.c: In function ‘main’:
tests/test_c578_execbuffer2_forensic.c:424:74: error: ‘errno’ undeclared (first use in this function)
  424 |         log_event("ERROR", "Failed to open /dev/dri/card1: %s", strerror(errno));
      |                                                                          ^~~~~
tests/test_c578_execbuffer2_forensic.c:424:74: note: ‘errno’ is defined in header ‘<errno.h>’; did you forget to ‘#include <errno.h>’?
In file included from forensic/execbuffer2_forensic.c:2:
forensic/forensic_logger.h:54:24: error: redefinition of ‘get_timestamp_ns’
   54 | static inline uint64_t get_timestamp_ns(void) {
      |                        ^~~~~~~~~~~~~~~~
In file included from forensic/execbuffer2_forensic.c:1:
forensic/execbuffer2_forensic.h:313:24: note: previous definition of ‘get_timestamp_ns’ with type ‘uint64_t(void)’ {aka ‘long unsigned int(void)’}
  313 | static inline uint64_t get_timestamp_ns(void) {
      |                        ^~~~~~~~~~~~~~~~
forensic/execbuffer2_forensic.c: In function ‘decode_relocations’:
forensic/execbuffer2_forensic.c:151:60: warning: format ‘%llx’ expects argument of type ‘long long unsigned int’, but argument 6 has type ‘uint64_t’ {aka ‘long unsigned int’} [-Wformat=]
  151 |                  "Reloc[%u]: target_handle=%u, offset=0x%llx, delta=0x%x, read=%s, write=%s",
      |                                                         ~~~^
      |                                                            |
      |                                                            long long unsigned int
      |                                                         %lx
  152 |                  i, decoded[i].target_handle, decoded[i].offset, decoded[i].delta,
      |                                               ~~~~~~~~~~~~~~~~~
      |                                                         |
      |                                                         uint64_t {aka long unsigned int}
forensic/execbuffer2_forensic.c: In function ‘capture_gtt_allocations’:
forensic/execbuffer2_forensic.c:166:38: warning: unused parameter ‘drm_fd’ [-Wunused-parameter]
  166 | uint32_t capture_gtt_allocations(int drm_fd,
      |                                  ~~~~^~~~~~
forensic/execbuffer2_forensic.c: In function ‘capture_seqno’:
forensic/execbuffer2_forensic.c:252:28: warning: unused parameter ‘ring_id’ [-Wunused-parameter]
  252 |                   uint32_t ring_id,
      |                   ~~~~~~~~~^~~~~~~
forensic/execbuffer2_forensic.c: In function ‘print_execbuffer2_wireshark’:
forensic/execbuffer2_forensic.c:461:39: warning: format ‘%llx’ expects argument of type ‘long long unsigned int’, but argument 3 has type ‘uint64_t’ {aka ‘long unsigned int’} [-Wformat=]
  461 |     fprintf(fp, "context_id = 0x%016llx\n", result->params.context_id);
      |                                 ~~~~~~^     ~~~~~~~~~~~~~~~~~~~~~~~~~
      |                                       |                   |
      |                                       |                   uint64_t {aka long unsigned int}
      |                                       long long unsigned int
      |                                 %016lx
forensic/execbuffer2_forensic.c:462:40: warning: format ‘%llu’ expects argument of type ‘long long unsigned int’, but argument 3 has type ‘uint64_t’ {aka ‘long unsigned int’} [-Wformat=]
  462 |     fprintf(fp, "timestamp_submit = %llu ns\n", result->params.timestamp_submit_ns);
      |                                     ~~~^        ~~~~~~~~~~~~~~~~~~~~~~~~~~~~~~~~~~
      |                                        |                      |
      |                                        long long unsigned int uint64_t {aka long unsigned int}
      |                                     %lu
forensic/execbuffer2_forensic.c:463:37: warning: format ‘%llu’ expects argument of type ‘long long unsigned int’, but argument 3 has type ‘uint64_t’ {aka ‘long unsigned int’} [-Wformat=]
  463 |     fprintf(fp, "latency_ioctl = %llu ns (%.3f µs)\n",
      |                                  ~~~^
      |                                     |
      |                                     long long unsigned int
      |                                  %lu
  464 |             result->latency_ioctl_ns, result->latency_ioctl_ns / 1000.0);
      |             ~~~~~~~~~~~~~~~~~~~~~~~~ 
      |                   |
      |                   uint64_t {aka long unsigned int}
forensic/execbuffer2_forensic.c:472:45: warning: format ‘%llx’ expects argument of type ‘long long unsigned int’, but argument 3 has type ‘uint64_t’ {aka ‘long unsigned int’} [-Wformat=]
  472 |         fprintf(fp, "  gtt_offset = 0x%016llx\n", result->objects[i].offset);
      |                                       ~~~~~~^     ~~~~~~~~~~~~~~~~~~~~~~~~~
      |                                             |                       |
      |                                             long long unsigned int  uint64_t {aka long unsigned int}
      |                                       %016lx
forensic/execbuffer2_forensic.c:483:45: warning: format ‘%llx’ expects argument of type ‘long long unsigned int’, but argument 3 has type ‘uint64_t’ {aka ‘long unsigned int’} [-Wformat=]
  483 |             fprintf(fp, "  offset = 0x%016llx\n", result->relocations[i].offset);
      |                                       ~~~~~~^     ~~~~~~~~~~~~~~~~~~~~~~~~~~~~~
      |                                             |                           |
      |                                             long long unsigned int      uint64_t {aka long unsigned int}
      |                                       %016lx
forensic/execbuffer2_forensic.c:484:52: warning: format ‘%llx’ expects argument of type ‘long long unsigned int’, but argument 3 has type ‘uint64_t’ {aka ‘long unsigned int’} [-Wformat=]
  484 |             fprintf(fp, "  resolved_addr = 0x%016llx\n", result->relocations[i].resolved_address);
      |                                              ~~~~~~^     ~~~~~~~~~~~~~~~~~~~~~~~~~~~~~~~~~~~~~~~
      |                                                    |                           |
      |                                                    long long unsigned int      uint64_t {aka long unsigned int}
      |                                              %016lx
forensic/surface_state_gen9.c: In function ‘calculate_surface_size’:
forensic/surface_state_gen9.c:612:14: warning: unused variable ‘width’ [-Wunused-variable]
  612 |     uint64_t width = state->width + 1;
      |              ^~~~~
