EXECBUFFER2: Invalid argument
❌ EXECBUFFER2 failed (ret=-22)

╔════════════════════════════════════════════════════════════════╗
║  TEST C508 - BATCH BUFFER OPENCL EXACT                        ║
╚════════════════════════════════════════════════════════════════╝

STRATÉGIE: Reproduire EXACTEMENT batch OpenCL capturé
Source: logs/forensic/batch_intercept_c506_47561.log
Taille: 320 bytes

[1/10] Ouverture /dev/dri/renderD128...
  ✓ DRM ouvert (fd=5)

[2/10] Initialisation libdrm_intel...
  ✓ Buffer manager initialisé

[3/10] Allocation buffers GPU...
  ✓ batch_bo:  16384 bytes (GTT 0x0000000000000000)
  ✓ output_bo: 4096 bytes (GTT 0x0000000000000000)
  ✓ kernel_bo: 4096 bytes (GTT 0x0000000000000000)
  ✓ idrt_bo:   4096 bytes (GTT 0x0000000000000000)

[4/10] Initialisation output buffer...
  ✓ Output initialisé à 0xFFFFFFFF

[5/10] Copie kernel ISA OpenCL Gen9...
  ✓ Kernel ISA copié: 3192 bytes

[6/10] Configuration Interface Descriptor...
  ✓ Interface Descriptor configuré
  ✓ Binding Table configurée

[7/10] Construction batch OpenCL EXACT...
  Construction batch COMPLET (412 bytes)...
    [0x0000] PIPELINE_SELECT (20 DWORDs)
    [0x0058] MEDIA_VFE_STATE (9 DWORDs)
    [0x0088] PIPE_CONTROL (6 DWORDs)
    [0x00a0] STATE_BASE_ADDRESS (19 DWORDs)
    [0x00f8] PIPE_CONTROL (6 DWORDs)
    [0x0110] MEDIA_INTERFACE_DESCRIPTOR_LOAD (3 DWORDs)
    [0x011c] GPGPU_WALKER (15 DWORDs) ← ROOT CAUSE #10 FIX!
    [0x0158] MEDIA_STATE_FLUSH (2 DWORDs)
    [0x0160] PIPE_CONTROL final (6 DWORDs)
  ✓ Batch COMPLET construit: 376 bytes
  ✓ Configuration: 320 bytes (OpenCL C506)
  ✓ GPGPU_WALKER: 60 bytes (ROOT CAUSE #10 FIX!)
  ✓ MEDIA_STATE_FLUSH: 8 bytes
  ✓ PIPE_CONTROL final: 24 bytes
  ✓ Batch total: 380 bytes

[8/10] Soumission EXECBUFFER2...
  ✓ Context créé
