
╔════════════════════════════════════════════════════════════════╗
║  TEST C526 - BATCH OPENCL COMPLET (ROOT CAUSE #35)          ║
╚════════════════════════════════════════════════════════════════╝

ROOT CAUSE #35: GPGPU_WALKER dimensions nulles
Solution: Copie exacte batch OpenCL + patch adresses GPU

[1/14] Ouverture /dev/dri/renderD128...
  ✓ DRM ouvert (fd=5)

[2/14] Initialisation libdrm_intel...
  ✓ Buffer manager initialisé

[3/14] Allocation buffers...
  ✓ 6 buffers alloués

[4/14] Initialisation output + kernel...
  ✓ Output et kernel initialisés

[5/14] PASS 1: Résolution offsets i915...
  ✅ PASS 1 RÉUSSI

[6/14] Lecture offsets i915...
  ✓ OFFSETS i915:
    surface_state: 0x0000000000000000
    dynamic_state: 0x0000000000001000
    idrt:          0x0000000000002000
    kernel:        0x0000000000003000
    output:        0x0000000000004000
    batch:         0x0000000000005000

[7/14] Chargement buffers OpenCL depuis dumps...
  ✓ Buffers OpenCL chargés

[8/14] Patch output address dans Surface State...
  ✓ Output address patché: 0x0000000000004000

[9/14] Patch kernel pointer dans IDRT...
  ✓ Kernel pointer patché: 0x0000000000003000

[10/14] Copie batch OpenCL EXACT (320 bytes)...
  ✓ Batch OpenCL copié et patché

[11/14] Construction exec_objects final...
  ✓ 10 exec_objects configurés

[12/14] PASS 2: Soumission batch OpenCL COMPLET...
  🔧 PASS 2 - BATCH OPENCL COMPLET:
     Batch: Copie exacte 320 bytes
     Buffers: Dumps OpenCL exacts
     Patch: Adresses GPU uniquement

  ✅✅✅ PASS 2 RÉUSSI! ✅✅✅

[13/14] Attente GPU...
  ✓ GPU terminé

[14/14] VÉRIFICATION RÉSULTAT GPU NATIF...
═══════════════════════════════════════════════════════════════
output[0] = 0xFFFFFFFF (attendu: 0x12345678)
output[1] = 0xFFFFFFFF
output[2] = 0xFFFFFFFF
output[3] = 0xFFFFFFFF

⚠️  Valeur incorrecte - analyse supplémentaire nécessaire

[RÉSULTAT FINAL]
  ⚠️  Debug supplémentaire requis
