[9873.468793298] 🚀 TEST C427 #1 - VALIDATION STORE DÉMARRAGE
[9873.740407172] ✅ Device: Intel(R) UHD Graphics 620
[9873.741154545] ✅ Kernel source chargé: 571 bytes
[9873.743690749] ✅ Kernel compilé
[9873.744326518] ✅ Output buffer créé: 1028 bytes
[9873.744601289] ⚡ Dispatch kernel: 256 threads
[9873.751738807] ✅ Kernel exécuté en 0.007131 secondes
[9873.752072224] ✅ Résultats lus
[9873.752078333] 🔍 VALIDATION RÉSULTATS
[9873.752080433] 📊 output[0] = 0x12345678 (attendu: 0x12345678)
[9873.752082461] ✅ TEST ABSOLU RÉUSSI: output[0] == 0x12345678
[9873.752085438] ✅ TEST SECONDAIRE RÉUSSI: get_global_id() fonctionnel
[9873.752185920] ✅ TEST C427 #1 RÉUSSI - Kernel fonctionne avec OpenCL
[9873.752198135] 📝 CONCLUSION: Problème dans infrastructure i915 native, PAS dans kernel

╔════════════════════════════════════════════════════════════════╗
║  OPENCL EXECBUFFER2 INTERCEPTÉ - DUMP COMPLET #0            ║
╚════════════════════════════════════════════════════════════════╝

📊 EXECBUFFER2 METADATA:
  buffer_count:  10
  batch_len:     320 bytes
  batch_start:   0
  flags:         0x800
  context_id:    1

📦 EXEC_OBJECTS ARRAY:
  [ 0] handle=10     offset=0x000078fa3814c000 flags=0x18 relocs=0
  [ 1] handle=9      offset=0xffff8001fffed000 flags=0x18 relocs=0
  [ 2] handle=12     offset=0x000078fa3801e000 flags=0x18 relocs=0
  [ 3] handle=14     offset=0x000078fa37d06000 flags=0x18 relocs=0
  [ 4] handle=13     offset=0xffff8001fffdd000 flags=0x18 relocs=0
  [ 5] handle=2      offset=0x000078fa38152000 flags=0x18 relocs=0
  [ 6] handle=3      offset=0x000078fa35000000 flags=0x18 relocs=0
  [ 7] handle=8      offset=0xffff8001fffee000 flags=0x18 relocs=0
  [ 8] handle=11     offset=0x000078fa3804f000 flags=0x18 relocs=0
  [ 9] handle=15     offset=0x000078fa37cf5000 flags=0x18 relocs=0

🔍 DUMP BUFFERS:
  Batch buffer (index 9):
  📦 Dumped batch: 320 bytes -> /tmp/opencl_batch_dump_batch_0.bin
  📝 Hex dump: /tmp/opencl_batch_dump_batch_0.hex
  📦 Dumped buffer_00: 4096 bytes -> /tmp/opencl_batch_dump_buffer_00_0.bin
  📝 Hex dump: /tmp/opencl_batch_dump_buffer_00_0.hex
  📦 Dumped buffer_02: 4096 bytes -> /tmp/opencl_batch_dump_buffer_02_0.bin
  📝 Hex dump: /tmp/opencl_batch_dump_buffer_02_0.hex
  📦 Dumped buffer_03: 4096 bytes -> /tmp/opencl_batch_dump_buffer_03_0.bin
  📝 Hex dump: /tmp/opencl_batch_dump_buffer_03_0.hex
  📦 Dumped buffer_05: 4096 bytes -> /tmp/opencl_batch_dump_buffer_05_0.bin
  📝 Hex dump: /tmp/opencl_batch_dump_buffer_05_0.hex
  📦 Dumped buffer_06: 4096 bytes -> /tmp/opencl_batch_dump_buffer_06_0.bin
  📝 Hex dump: /tmp/opencl_batch_dump_buffer_06_0.hex
  📦 Dumped buffer_08: 4096 bytes -> /tmp/opencl_batch_dump_buffer_08_0.bin
  📝 Hex dump: /tmp/opencl_batch_dump_buffer_08_0.hex

