╔════════════════════════════════════════════════════════════════╗
║  CAPTURE SÉQUENCE COMPLÈTE EXECBUFFER2 OPENCL                ║
╚════════════════════════════════════════════════════════════════╝


═══════════════════════════════════════════════════════════════
EXECBUFFER2 #1
═══════════════════════════════════════════════════════════════
  buffer_count:    10
  batch_start:     0x0
  batch_len:       320 bytes
  flags:           0x800
  rsvd1 (ctx_id):  1
  rsvd2:           0

  Buffer Objects (10):
    [0] handle=10, reloc_count=0, offset=0x73e4e4556000, flags=0x18
    [1] handle=9, reloc_count=0, offset=0xffff8001fffed000, flags=0x18
    [2] handle=12, reloc_count=0, offset=0x73e4e4428000, flags=0x18
    [3] handle=14, reloc_count=0, offset=0x73e4e4417000, flags=0x18
    [4] handle=13, reloc_count=0, offset=0xffff8001fffdd000, flags=0x18
    [5] handle=2, reloc_count=0, offset=0x73e4e455c000, flags=0x18
    [6] handle=3, reloc_count=0, offset=0x73e4e1400000, flags=0x18
    [7] handle=8, reloc_count=0, offset=0xffff8001fffee000, flags=0x18
    [8] handle=11, reloc_count=0, offset=0x73e4e4459000, flags=0x18
    [9] handle=15, reloc_count=0, offset=0x73e4e4106000, flags=0x18
  → Résultat: 0

═══════════════════════════════════════════════════════════════
TOTAL EXECBUFFER2: 1
═══════════════════════════════════════════════════════════════
