event,timestamp_utc,timestamp_ns,pid,detail,value
INIT,2026-04-15T15:42:50Z,16499956181088,3817,activation,100PCT_INCONDITIONNELLE
INIT,2026-04-15T15:42:50Z,16499956181088,3817,modules_reels,ultra_forensic_logger_v3+memory_tracker
INIT,2026-04-15T15:42:50Z,16499956181088,3817,version,3.0_cycle17_NL03_NV01_NV02_AC01_NANO_ANOMALY_FIX_RAM01
HW_SAMPLE,2026-04-15T15:42:50Z,16499956181088,3817,init:cpu_delta_pct,100.0000
HW_SAMPLE,2026-04-15T15:42:50Z,16499956181088,3817,init:mem_used_pct,64.8919
HW_SAMPLE,2026-04-15T15:42:50Z,16499956181088,3817,init:mem_total_kb,65847776
HW_SAMPLE,2026-04-15T15:42:50Z,16499956181088,3817,init:mem_avail_kb,23117872
HW_SAMPLE,2026-04-15T15:42:50Z,16499956181088,3817,init:vm_rss_kb,3808
HW_SAMPLE,2026-04-15T15:42:50Z,16499956181088,3817,init:vm_peak_kb,14724
MODULE_START,2026-04-15T15:42:50Z,16499958048798,3817,btc_qm_engine,main_btc_mining
METRIC,2026-04-15T15:42:50Z,16499958249298,3817,btc_qm_engine:btc_run_mode_hash,66.0000000000
METRIC,2026-04-15T15:42:50Z,16499958631968,3817,btc_qm_engine:btc_module_version,17.0000000000
METRIC,2026-04-15T15:42:50Z,16499959545258,3817,btc_qm_engine:btc_nx48_init_loaded,0.0000000000
METRIC,2026-04-15T15:42:50Z,16499959891708,3817,btc_qm_engine:btc_nx48_delta_nonce_scale,1.0000000000
METRIC,2026-04-15T15:42:50Z,16499960265408,3817,btc_qm_engine:btc_nx48_n_replicas_scale,1.0000000000
METRIC,2026-04-15T15:42:50Z,16499960588538,3817,btc_qm_engine:btc_nx48_swap_temp_scale,1.0000000000
METRIC,2026-04-15T15:42:50Z,16499960930368,3817,btc_qm_engine:btc_nx48_batch_size_scale,1.0000000000
METRIC,2026-04-15T15:42:50Z,16499961352698,3817,btc_qm_engine:btc_nx48_exploration_bias,0.5000000000
METRIC,2026-04-15T15:42:50Z,16499961739788,3817,btc_qm_engine:btc_nx48_neuron_count,2.0000000000
METRIC,2026-04-15T15:42:50Z,16499962277498,3817,btc_qm_engine:btc_sha256_self_test_pass,1.0000000000
METRIC,2026-04-15T15:42:50Z,16499962754438,3817,btc_qm_engine:btc_wallet_from_privkey_start,1.0000000000
METRIC,2026-04-15T15:42:50Z,16499967766268,3817,btc_qm_engine:btc_wallet_from_privkey_ok,1.0000000000
METRIC,2026-04-15T15:42:50Z,16499968707238,3817,btc_qm_engine:btc_wallet_saved_json,1.0000000000
METRIC,2026-04-15T15:42:50Z,16499969233698,3817,btc_qm_engine:btc_sha256_self_test_pass,1.0000000000
METRIC,2026-04-15T15:42:50Z,16499969679248,3817,btc_qm_engine:btc_integrity_gate_pass,1.0000000000
METRIC,2026-04-15T15:42:50Z,16499971057777,3817,btc_qm_engine:btc_ram_available_mb_start,22576.0000000000
MODULE_START,2026-04-15T15:42:50Z,16499971497677,3817,btc_qm_engine,btc_engine_create
METRIC,2026-04-15T15:42:50Z,16499971659897,3817,btc_qm_engine:btc_n_replicas,8.0000000000
METRIC,2026-04-15T15:42:50Z,16499972095397,3817,btc_qm_engine:btc_n_threads,2.0000000000
METRIC,2026-04-15T15:42:50Z,16499972479657,3817,btc_qm_engine:btc_batch_size,512.0000000000
METRIC,2026-04-15T15:42:50Z,16499972900947,3817,btc_qm_engine:btc_nonce_start,0.0000000000
METRIC,2026-04-15T15:42:50Z,16499973298377,3817,btc_qm_engine:btc_nonce_end,4294967295.0000000000
METRIC,2026-04-15T15:42:50Z,16499973671067,3817,btc_qm_engine:btc_duration_s,2.0000000000
METRIC,2026-04-15T15:42:50Z,16499974176637,3817,btc_qm_engine:btc_replica_idx,0.0000000000
METRIC,2026-04-15T15:42:50Z,16499974688297,3817,btc_qm_engine:btc_replica_nonce,0.0000000000
METRIC,2026-04-15T15:42:50Z,16499975249147,3817,btc_qm_engine:btc_replica_temp,1.0000000000
METRIC,2026-04-15T15:42:50Z,16499975720007,3817,btc_qm_engine:btc_replica_leading,0.0000000000
METRIC,2026-04-15T15:42:50Z,16499976332517,3817,btc_qm_engine:btc_replica_idx,1.0000000000
METRIC,2026-04-15T15:42:50Z,16499976812917,3817,btc_qm_engine:btc_replica_nonce,536870911.0000000000
METRIC,2026-04-15T15:42:50Z,16499977354187,3817,btc_qm_engine:btc_replica_temp,2.0000000000
METRIC,2026-04-15T15:42:50Z,16499977910087,3817,btc_qm_engine:btc_replica_leading,0.0000000000
METRIC,2026-04-15T15:42:50Z,16499978485957,3817,btc_qm_engine:btc_replica_idx,2.0000000000
METRIC,2026-04-15T15:42:50Z,16499978982227,3817,btc_qm_engine:btc_replica_nonce,1073741822.0000000000
METRIC,2026-04-15T15:42:50Z,16499979757187,3817,btc_qm_engine:btc_replica_temp,4.0000000000
METRIC,2026-04-15T15:42:50Z,16499980265067,3817,btc_qm_engine:btc_replica_leading,0.0000000000
METRIC,2026-04-15T15:42:50Z,16499980726027,3817,btc_qm_engine:btc_replica_idx,3.0000000000
METRIC,2026-04-15T15:42:50Z,16499981225227,3817,btc_qm_engine:btc_replica_nonce,1610612733.0000000000
METRIC,2026-04-15T15:42:50Z,16499981713497,3817,btc_qm_engine:btc_replica_temp,8.0000000000
METRIC,2026-04-15T15:42:50Z,16499982230557,3817,btc_qm_engine:btc_replica_leading,0.0000000000
METRIC,2026-04-15T15:42:50Z,16499982684337,3817,btc_qm_engine:btc_replica_idx,4.0000000000
METRIC,2026-04-15T15:42:50Z,16499983096127,3817,btc_qm_engine:btc_replica_nonce,2147483644.0000000000
METRIC,2026-04-15T15:42:50Z,16499983541377,3817,btc_qm_engine:btc_replica_temp,12.0000000000
METRIC,2026-04-15T15:42:50Z,16499984037827,3817,btc_qm_engine:btc_replica_leading,0.0000000000
METRIC,2026-04-15T15:42:50Z,16499984534637,3817,btc_qm_engine:btc_replica_idx,5.0000000000
METRIC,2026-04-15T15:42:50Z,16499984949797,3817,btc_qm_engine:btc_replica_nonce,2684354555.0000000000
METRIC,2026-04-15T15:42:50Z,16499985471157,3817,btc_qm_engine:btc_replica_temp,20.0000000000
METRIC,2026-04-15T15:42:50Z,16499985893817,3817,btc_qm_engine:btc_replica_leading,0.0000000000
METRIC,2026-04-15T15:42:50Z,16499986332367,3817,btc_qm_engine:btc_replica_idx,6.0000000000
METRIC,2026-04-15T15:42:50Z,16499986716337,3817,btc_qm_engine:btc_replica_nonce,3221225466.0000000000
METRIC,2026-04-15T15:42:50Z,16499987149737,3817,btc_qm_engine:btc_replica_temp,35.0000000000
METRIC,2026-04-15T15:42:50Z,16499987531107,3817,btc_qm_engine:btc_replica_leading,0.0000000000
METRIC,2026-04-15T15:42:50Z,16499987886417,3817,btc_qm_engine:btc_replica_idx,7.0000000000
METRIC,2026-04-15T15:42:50Z,16499988246287,3817,btc_qm_engine:btc_replica_nonce,3758096377.0000000000
METRIC,2026-04-15T15:42:50Z,16499988599087,3817,btc_qm_engine:btc_replica_temp,50.0000000000
METRIC,2026-04-15T15:42:50Z,16499988993907,3817,btc_qm_engine:btc_replica_leading,0.0000000000
METRIC,2026-04-15T15:42:50Z,16499989574857,3817,btc_qm_engine:btc_midstate_applied,1.0000000000
THREAD,2026-04-15T15:42:50Z,16499990541547,3817,btc_qm_engine:btc_mining_worker_START,140596643907264
METRIC,2026-04-15T15:42:50Z,16499990681367,3817,btc_qm_engine:btc_block_nonce,3709026478.0000000000
THREAD,2026-04-15T15:42:50Z,16499991121467,3817,btc_qm_engine:btc_mining_worker_START,140596635514560
METRIC,2026-04-15T15:42:50Z,16499991594257,3817,btc_qm_engine:btc_best_leading_zeros,2.0000000000
METRIC,2026-04-15T15:42:50Z,16499992119637,3817,btc_qm_engine:btc_block_valid,0.0000000000
ANOMALY,2026-04-15T15:42:50Z,16499992605817,3817,btc_qm_engine:btc_near_miss_or_valid,2.0000000000
METRIC,2026-04-15T15:42:50Z,16499992608927,3817,btc_qm_engine:btc_threads_launched,2.0000000000
METRIC,2026-04-15T15:42:50Z,16499993308346,3817,btc_qm_engine:btc_best_leading_zeros,2.0000000000
METRIC,2026-04-15T15:42:50Z,16499994159056,3817,btc_qm_engine:btc_nx48_csv_saved,1.0000000000
METRIC,2026-04-15T15:42:50Z,16499994910126,3817,btc_qm_engine:btc_block_nonce,536826284.0000000000
METRIC,2026-04-15T15:42:50Z,16499995579816,3817,btc_qm_engine:btc_best_leading_zeros,4.0000000000
METRIC,2026-04-15T15:42:50Z,16499995910366,3817,btc_qm_engine:btc_block_valid,0.0000000000
ANOMALY,2026-04-15T15:42:50Z,16499996324516,3817,btc_qm_engine:btc_near_miss_or_valid,4.0000000000
METRIC,2026-04-15T15:42:50Z,16499996712596,3817,btc_qm_engine:btc_best_leading_zeros,4.0000000000
METRIC,2026-04-15T15:42:50Z,16499997693316,3817,btc_qm_engine:btc_nx48_csv_saved,1.0000000000
METRIC,2026-04-15T15:42:50Z,16499998214786,3817,btc_qm_engine:btc_block_nonce,3900257611.0000000000
METRIC,2026-04-15T15:42:50Z,16499998697646,3817,btc_qm_engine:btc_best_leading_zeros,9.0000000000
METRIC,2026-04-15T15:42:50Z,16499999239186,3817,btc_qm_engine:btc_block_valid,0.0000000000
ANOMALY,2026-04-15T15:42:50Z,16499999705126,3817,btc_qm_engine:btc_near_miss_or_valid,9.0000000000
METRIC,2026-04-15T15:42:50Z,16500000166626,3817,btc_qm_engine:btc_best_leading_zeros,9.0000000000
METRIC,2026-04-15T15:42:50Z,16500000953826,3817,btc_qm_engine:btc_nx48_csv_saved,1.0000000000
METRIC,2026-04-15T15:42:50Z,16500001492126,3817,btc_qm_engine:btc_block_nonce,536865204.0000000000
METRIC,2026-04-15T15:42:50Z,16500003915136,3817,btc_qm_engine:btc_best_leading_zeros,10.0000000000
METRIC,2026-04-15T15:42:50Z,16500004424226,3817,btc_qm_engine:btc_block_valid,0.0000000000
ANOMALY,2026-04-15T15:42:50Z,16500004865816,3817,btc_qm_engine:btc_near_miss_or_valid,10.0000000000
METRIC,2026-04-15T15:42:50Z,16500005327116,3817,btc_qm_engine:btc_best_leading_zeros,10.0000000000
METRIC,2026-04-15T15:42:50Z,16500005994046,3817,btc_qm_engine:btc_nx48_csv_saved,1.0000000000
METRIC,2026-04-15T15:42:50Z,16500006496666,3817,btc_qm_engine:btc_block_nonce,1713891893.0000000000
METRIC,2026-04-15T15:42:50Z,16500006990266,3817,btc_qm_engine:btc_best_leading_zeros,11.0000000000
METRIC,2026-04-15T15:42:50Z,16500007616456,3817,btc_qm_engine:btc_block_valid,0.0000000000
ANOMALY,2026-04-15T15:42:50Z,16500008094306,3817,btc_qm_engine:btc_near_miss_or_valid,11.0000000000
METRIC,2026-04-15T15:42:50Z,16500008539376,3817,btc_qm_engine:btc_best_leading_zeros,11.0000000000
METRIC,2026-04-15T15:42:50Z,16500009305896,3817,btc_qm_engine:btc_nx48_csv_saved,1.0000000000
METRIC,2026-04-15T15:42:50Z,16500020196235,3817,btc_qm_engine:btc_block_nonce,2440670273.0000000000
METRIC,2026-04-15T15:42:50Z,16500021930725,3817,btc_qm_engine:btc_best_leading_zeros,12.0000000000
METRIC,2026-04-15T15:42:50Z,16500022254835,3817,btc_qm_engine:btc_block_valid,0.0000000000
ANOMALY,2026-04-15T15:42:50Z,16500022595685,3817,btc_qm_engine:btc_near_miss_or_valid,12.0000000000
METRIC,2026-04-15T15:42:50Z,16500022939135,3817,btc_qm_engine:btc_best_leading_zeros,12.0000000000
METRIC,2026-04-15T15:42:50Z,16500023623745,3817,btc_qm_engine:btc_nx48_csv_saved,1.0000000000
METRIC,2026-04-15T15:42:50Z,16500057335924,3817,btc_qm_engine:btc_block_nonce,3733935238.0000000000
METRIC,2026-04-15T15:42:50Z,16500058131474,3817,btc_qm_engine:btc_best_leading_zeros,18.0000000000
METRIC,2026-04-15T15:42:50Z,16500059143374,3817,btc_qm_engine:btc_block_valid,0.0000000000
ANOMALY,2026-04-15T15:42:50Z,16500059614584,3817,btc_qm_engine:btc_near_miss_or_valid,18.0000000000
METRIC,2026-04-15T15:42:50Z,16500060280364,3817,btc_qm_engine:btc_best_leading_zeros,18.0000000000
METRIC,2026-04-15T15:42:50Z,16500061185273,3817,btc_qm_engine:btc_nx48_csv_saved,1.0000000000
METRIC,2026-04-15T15:42:50Z,16500093654282,3817,btc_qm_engine:btc_ptmc_rep_hot,1.0000000000
METRIC,2026-04-15T15:42:50Z,16500094227952,3817,btc_qm_engine:btc_ptmc_rep_cold,0.0000000000
METRIC,2026-04-15T15:42:50Z,16500094646432,3817,btc_qm_engine:btc_ptmc_accept,1.0000000000
METRIC,2026-04-15T15:42:50Z,16500095225202,3817,btc_qm_engine:btc_ptmc_rep_hot,2.0000000000
METRIC,2026-04-15T15:42:50Z,16500095722702,3817,btc_qm_engine:btc_ptmc_rep_cold,1.0000000000
METRIC,2026-04-15T15:42:50Z,16500096235022,3817,btc_qm_engine:btc_ptmc_accept,1.0000000000
METRIC,2026-04-15T15:42:50Z,16500096685312,3817,btc_qm_engine:btc_ptmc_rep_hot,3.0000000000
METRIC,2026-04-15T15:42:50Z,16500097210452,3817,btc_qm_engine:btc_ptmc_rep_cold,2.0000000000
METRIC,2026-04-15T15:42:50Z,16500097684422,3817,btc_qm_engine:btc_ptmc_accept,1.0000000000
METRIC,2026-04-15T15:42:50Z,16500098160682,3817,btc_qm_engine:btc_ptmc_rep_hot,4.0000000000
METRIC,2026-04-15T15:42:50Z,16500098633572,3817,btc_qm_engine:btc_ptmc_rep_cold,3.0000000000
METRIC,2026-04-15T15:42:50Z,16500099178602,3817,btc_qm_engine:btc_ptmc_accept,1.0000000000
METRIC,2026-04-15T15:42:50Z,16500099678552,3817,btc_qm_engine:btc_ptmc_rep_hot,5.0000000000
METRIC,2026-04-15T15:42:50Z,16500100186172,3817,btc_qm_engine:btc_ptmc_rep_cold,4.0000000000
METRIC,2026-04-15T15:42:50Z,16500100640422,3817,btc_qm_engine:btc_ptmc_accept,1.0000000000
METRIC,2026-04-15T15:42:50Z,16500101118912,3817,btc_qm_engine:btc_ptmc_rep_hot,6.0000000000
METRIC,2026-04-15T15:42:50Z,16500101561822,3817,btc_qm_engine:btc_ptmc_rep_cold,5.0000000000
METRIC,2026-04-15T15:42:50Z,16500102065642,3817,btc_qm_engine:btc_ptmc_accept,1.0000000000
METRIC,2026-04-15T15:42:50Z,16500102531342,3817,btc_qm_engine:btc_ptmc_rep_hot,7.0000000000
METRIC,2026-04-15T15:42:50Z,16500103004542,3817,btc_qm_engine:btc_ptmc_rep_cold,6.0000000000
METRIC,2026-04-15T15:42:50Z,16500103443052,3817,btc_qm_engine:btc_ptmc_accept,1.0000000000
METRIC,2026-04-15T15:42:50Z,16500193628918,3817,btc_qm_engine:btc_ptmc_rep_hot,1.0000000000
METRIC,2026-04-15T15:42:50Z,16500194704588,3817,btc_qm_engine:btc_ptmc_rep_cold,0.0000000000
METRIC,2026-04-15T15:42:50Z,16500195191638,3817,btc_qm_engine:btc_ptmc_accept,0.5135063048
METRIC,2026-04-15T15:42:50Z,16500195738308,3817,btc_qm_engine:btc_ptmc_rep_hot,2.0000000000
METRIC,2026-04-15T15:42:50Z,16500196198198,3817,btc_qm_engine:btc_ptmc_rep_cold,1.0000000000
METRIC,2026-04-15T15:42:50Z,16500196644318,3817,btc_qm_engine:btc_ptmc_accept,1.0000000000
METRIC,2026-04-15T15:42:50Z,16500197324488,3817,btc_qm_engine:btc_ptmc_rep_hot,3.0000000000
METRIC,2026-04-15T15:42:50Z,16500198966737,3817,btc_qm_engine:btc_ptmc_rep_cold,2.0000000000
METRIC,2026-04-15T15:42:50Z,16500199425437,3817,btc_qm_engine:btc_ptmc_accept,1.0000000000
METRIC,2026-04-15T15:42:50Z,16500199912227,3817,btc_qm_engine:btc_ptmc_rep_hot,4.0000000000
METRIC,2026-04-15T15:42:50Z,16500200419967,3817,btc_qm_engine:btc_ptmc_rep_cold,3.0000000000
METRIC,2026-04-15T15:42:50Z,16500200864367,3817,btc_qm_engine:btc_ptmc_accept,1.0000000000
METRIC,2026-04-15T15:42:50Z,16500201397307,3817,btc_qm_engine:btc_ptmc_rep_hot,5.0000000000
METRIC,2026-04-15T15:42:50Z,16500201845907,3817,btc_qm_engine:btc_ptmc_rep_cold,4.0000000000
METRIC,2026-04-15T15:42:50Z,16500202554507,3817,btc_qm_engine:btc_ptmc_accept,1.0000000000
METRIC,2026-04-15T15:42:50Z,16500203156107,3817,btc_qm_engine:btc_ptmc_rep_hot,6.0000000000
METRIC,2026-04-15T15:42:50Z,16500203754797,3817,btc_qm_engine:btc_ptmc_rep_cold,5.0000000000
METRIC,2026-04-15T15:42:50Z,16500204358117,3817,btc_qm_engine:btc_ptmc_accept,1.0000000000
METRIC,2026-04-15T15:42:50Z,16500204927287,3817,btc_qm_engine:btc_ptmc_rep_hot,7.0000000000
METRIC,2026-04-15T15:42:50Z,16500205445067,3817,btc_qm_engine:btc_ptmc_rep_cold,6.0000000000
METRIC,2026-04-15T15:42:50Z,16500205968457,3817,btc_qm_engine:btc_ptmc_accept,1.0000000000
METRIC,2026-04-15T15:42:50Z,16500297900023,3817,btc_qm_engine:btc_ptmc_rep_hot,1.0000000000
METRIC,2026-04-15T15:42:50Z,16500298546473,3817,btc_qm_engine:btc_ptmc_rep_cold,0.0000000000
METRIC,2026-04-15T15:42:50Z,16500299068563,3817,btc_qm_engine:btc_ptmc_accept,1.0000000000
METRIC,2026-04-15T15:42:50Z,16500299674463,3817,btc_qm_engine:btc_ptmc_rep_hot,2.0000000000
METRIC,2026-04-15T15:42:50Z,16500300214223,3817,btc_qm_engine:btc_ptmc_rep_cold,1.0000000000
METRIC,2026-04-15T15:42:50Z,16500300667493,3817,btc_qm_engine:btc_ptmc_accept,0.5133923664
METRIC,2026-04-15T15:42:50Z,16500301172723,3817,btc_qm_engine:btc_ptmc_rep_hot,3.0000000000
METRIC,2026-04-15T15:42:50Z,16500301617063,3817,btc_qm_engine:btc_ptmc_rep_cold,2.0000000000
METRIC,2026-04-15T15:42:50Z,16500302104203,3817,btc_qm_engine:btc_ptmc_accept,0.7165226744
METRIC,2026-04-15T15:42:50Z,16500302584853,3817,btc_qm_engine:btc_ptmc_rep_hot,4.0000000000
METRIC,2026-04-15T15:42:50Z,16500303058293,3817,btc_qm_engine:btc_ptmc_rep_cold,3.0000000000
METRIC,2026-04-15T15:42:50Z,16500303526343,3817,btc_qm_engine:btc_ptmc_accept,0.8187272007
METRIC,2026-04-15T15:42:50Z,16500303972093,3817,btc_qm_engine:btc_ptmc_rep_hot,5.0000000000
METRIC,2026-04-15T15:42:50Z,16500304406453,3817,btc_qm_engine:btc_ptmc_rep_cold,4.0000000000
METRIC,2026-04-15T15:42:50Z,16500307194823,3817,btc_qm_engine:btc_ptmc_accept,0.8824954069
METRIC,2026-04-15T15:42:50Z,16500307721543,3817,btc_qm_engine:btc_ptmc_rep_hot,6.0000000000
METRIC,2026-04-15T15:42:50Z,16500309763343,3817,btc_qm_engine:btc_ptmc_rep_cold,5.0000000000
METRIC,2026-04-15T15:42:50Z,16500312292643,3817,btc_qm_engine:btc_ptmc_accept,0.9298538586
METRIC,2026-04-15T15:42:50Z,16500312770993,3817,btc_qm_engine:btc_ptmc_rep_hot,7.0000000000
METRIC,2026-04-15T15:42:50Z,16500313286123,3817,btc_qm_engine:btc_ptmc_rep_cold,6.0000000000
METRIC,2026-04-15T15:42:50Z,16500315534932,3817,btc_qm_engine:btc_ptmc_accept,0.9540301194
METRIC,2026-04-15T15:42:50Z,16500391550249,3817,btc_qm_engine:btc_block_nonce,1103785617.0000000000
METRIC,2026-04-15T15:42:50Z,16500392242889,3817,btc_qm_engine:btc_best_leading_zeros,19.0000000000
METRIC,2026-04-15T15:42:50Z,16500392756719,3817,btc_qm_engine:btc_block_valid,0.0000000000
ANOMALY,2026-04-15T15:42:50Z,16500393281119,3817,btc_qm_engine:btc_near_miss_or_valid,19.0000000000
METRIC,2026-04-15T15:42:50Z,16500393856969,3817,btc_qm_engine:btc_best_leading_zeros,19.0000000000
METRIC,2026-04-15T15:42:50Z,16500394913849,3817,btc_qm_engine:btc_nx48_csv_saved,1.0000000000
METRIC,2026-04-15T15:42:50Z,16500399968009,3817,btc_qm_engine:btc_ptmc_rep_hot,1.0000000000
METRIC,2026-04-15T15:42:50Z,16500400609069,3817,btc_qm_engine:btc_ptmc_rep_cold,0.0000000000
METRIC,2026-04-15T15:42:50Z,16500401242499,3817,btc_qm_engine:btc_ptmc_accept,1.0000000000
METRIC,2026-04-15T15:42:50Z,16500401938749,3817,btc_qm_engine:btc_ptmc_rep_hot,2.0000000000
METRIC,2026-04-15T15:42:50Z,16500402540259,3817,btc_qm_engine:btc_ptmc_rep_cold,1.0000000000
METRIC,2026-04-15T15:42:50Z,16500403076029,3817,btc_qm_engine:btc_ptmc_accept,-0.2636225532
METRIC,2026-04-15T15:42:50Z,16500403651429,3817,btc_qm_engine:btc_ptmc_rep_hot,3.0000000000
METRIC,2026-04-15T15:42:50Z,16500404295068,3817,btc_qm_engine:btc_ptmc_rep_cold,2.0000000000
METRIC,2026-04-15T15:42:50Z,16500404875398,3817,btc_qm_engine:btc_ptmc_accept,1.0000000000
METRIC,2026-04-15T15:42:50Z,16500405373018,3817,btc_qm_engine:btc_ptmc_rep_hot,4.0000000000
METRIC,2026-04-15T15:42:50Z,16500405870428,3817,btc_qm_engine:btc_ptmc_rep_cold,3.0000000000
METRIC,2026-04-15T15:42:50Z,16500406354598,3817,btc_qm_engine:btc_ptmc_accept,1.0000000000
METRIC,2026-04-15T15:42:50Z,16500407325388,3817,btc_qm_engine:btc_ptmc_rep_hot,5.0000000000
METRIC,2026-04-15T15:42:50Z,16500408383368,3817,btc_qm_engine:btc_ptmc_rep_cold,4.0000000000
METRIC,2026-04-15T15:42:50Z,16500408913768,3817,btc_qm_engine:btc_ptmc_accept,1.0000000000
METRIC,2026-04-15T15:42:50Z,16500409490748,3817,btc_qm_engine:btc_ptmc_rep_hot,6.0000000000
METRIC,2026-04-15T15:42:50Z,16500410110518,3817,btc_qm_engine:btc_ptmc_rep_cold,5.0000000000
METRIC,2026-04-15T15:42:50Z,16500410669588,3817,btc_qm_engine:btc_ptmc_accept,1.0000000000
METRIC,2026-04-15T15:42:50Z,16500411209358,3817,btc_qm_engine:btc_ptmc_rep_hot,7.0000000000
METRIC,2026-04-15T15:42:50Z,16500411808428,3817,btc_qm_engine:btc_ptmc_rep_cold,6.0000000000
METRIC,2026-04-15T15:42:50Z,16500412594808,3817,btc_qm_engine:btc_ptmc_accept,1.0000000000
METRIC,2026-04-15T15:42:50Z,16500501869104,3817,btc_qm_engine:btc_ptmc_rep_hot,1.0000000000
METRIC,2026-04-15T15:42:50Z,16500502461044,3817,btc_qm_engine:btc_ptmc_rep_cold,0.0000000000
METRIC,2026-04-15T15:42:50Z,16500502971744,3817,btc_qm_engine:btc_ptmc_accept,0.5136174742
METRIC,2026-04-15T15:42:50Z,16500503537234,3817,btc_qm_engine:btc_ptmc_rep_hot,2.0000000000
METRIC,2026-04-15T15:42:50Z,16500504067014,3817,btc_qm_engine:btc_ptmc_rep_cold,1.0000000000
METRIC,2026-04-15T15:42:50Z,16500504530114,3817,btc_qm_engine:btc_ptmc_accept,0.5134727291
METRIC,2026-04-15T15:42:50Z,16500505169864,3817,btc_qm_engine:btc_ptmc_rep_hot,3.0000000000
METRIC,2026-04-15T15:42:50Z,16500505692464,3817,btc_qm_engine:btc_ptmc_rep_cold,2.0000000000
METRIC,2026-04-15T15:42:50Z,16500506319174,3817,btc_qm_engine:btc_ptmc_accept,0.7165507139
METRIC,2026-04-15T15:42:50Z,16500506926404,3817,btc_qm_engine:btc_ptmc_rep_hot,4.0000000000
METRIC,2026-04-15T15:42:50Z,16500507395634,3817,btc_qm_engine:btc_ptmc_rep_cold,3.0000000000
METRIC,2026-04-15T15:42:50Z,16500507954524,3817,btc_qm_engine:btc_ptmc_accept,0.8187387348
METRIC,2026-04-15T15:42:50Z,16500508506794,3817,btc_qm_engine:btc_ptmc_rep_hot,5.0000000000
METRIC,2026-04-15T15:42:50Z,16500509566344,3817,btc_qm_engine:btc_ptmc_rep_cold,4.0000000000
METRIC,2026-04-15T15:42:50Z,16500510183724,3817,btc_qm_engine:btc_ptmc_accept,0.8825002633
METRIC,2026-04-15T15:42:50Z,16500510689894,3817,btc_qm_engine:btc_ptmc_rep_hot,6.0000000000
METRIC,2026-04-15T15:42:50Z,16500511195684,3817,btc_qm_engine:btc_ptmc_rep_cold,5.0000000000
METRIC,2026-04-15T15:42:50Z,16500511706484,3817,btc_qm_engine:btc_ptmc_accept,1.0000000000
METRIC,2026-04-15T15:42:50Z,16500512212064,3817,btc_qm_engine:btc_ptmc_rep_hot,7.0000000000
METRIC,2026-04-15T15:42:50Z,16500512713214,3817,btc_qm_engine:btc_ptmc_rep_cold,6.0000000000
METRIC,2026-04-15T15:42:50Z,16500513223144,3817,btc_qm_engine:btc_ptmc_accept,0.9540308635
METRIC,2026-04-15T15:42:50Z,16500602870560,3817,btc_qm_engine:btc_ptmc_rep_hot,1.0000000000
METRIC,2026-04-15T15:42:50Z,16500603492630,3817,btc_qm_engine:btc_ptmc_rep_cold,0.0000000000
METRIC,2026-04-15T15:42:50Z,16500603977140,3817,btc_qm_engine:btc_ptmc_accept,-0.5135063048
METRIC,2026-04-15T15:42:50Z,16500604556480,3817,btc_qm_engine:btc_ptmc_rep_hot,2.0000000000
METRIC,2026-04-15T15:42:50Z,16500605114320,3817,btc_qm_engine:btc_ptmc_rep_cold,1.0000000000
METRIC,2026-04-15T15:42:50Z,16500605715910,3817,btc_qm_engine:btc_ptmc_accept,0.7165624298
METRIC,2026-04-15T15:42:50Z,16500606396610,3817,btc_qm_engine:btc_ptmc_rep_hot,3.0000000000
METRIC,2026-04-15T15:42:50Z,16500606976390,3817,btc_qm_engine:btc_ptmc_rep_cold,2.0000000000
METRIC,2026-04-15T15:42:50Z,16500607476380,3817,btc_qm_engine:btc_ptmc_accept,0.8464909161
METRIC,2026-04-15T15:42:50Z,16500607992560,3817,btc_qm_engine:btc_ptmc_rep_hot,4.0000000000
METRIC,2026-04-15T15:42:50Z,16500608601890,3817,btc_qm_engine:btc_ptmc_rep_cold,3.0000000000
METRIC,2026-04-15T15:42:50Z,16500609161610,3817,btc_qm_engine:btc_ptmc_accept,0.9048409551
METRIC,2026-04-15T15:42:50Z,16500609798109,3817,btc_qm_engine:btc_ptmc_rep_hot,5.0000000000
METRIC,2026-04-15T15:42:50Z,16500610327549,3817,btc_qm_engine:btc_ptmc_rep_cold,4.0000000000
METRIC,2026-04-15T15:42:50Z,16500610878129,3817,btc_qm_engine:btc_ptmc_accept,1.0000000000
METRIC,2026-04-15T15:42:50Z,16500611556009,3817,btc_qm_engine:btc_ptmc_rep_hot,6.0000000000
METRIC,2026-04-15T15:42:50Z,16500612115179,3817,btc_qm_engine:btc_ptmc_rep_cold,5.0000000000
METRIC,2026-04-15T15:42:50Z,16500612808759,3817,btc_qm_engine:btc_ptmc_accept,0.9642900774
METRIC,2026-04-15T15:42:50Z,16500613295009,3817,btc_qm_engine:btc_ptmc_rep_hot,7.0000000000
METRIC,2026-04-15T15:42:50Z,16500613883899,3817,btc_qm_engine:btc_ptmc_rep_cold,6.0000000000
METRIC,2026-04-15T15:42:50Z,16500614433729,3817,btc_qm_engine:btc_ptmc_accept,1.0000000000
METRIC,2026-04-15T15:42:50Z,16500707706435,3817,btc_qm_engine:btc_ptmc_rep_hot,1.0000000000
METRIC,2026-04-15T15:42:50Z,16500708408265,3817,btc_qm_engine:btc_ptmc_rep_cold,0.0000000000
METRIC,2026-04-15T15:42:50Z,16500708936455,3817,btc_qm_engine:btc_ptmc_accept,-0.2635971381
METRIC,2026-04-15T15:42:50Z,16500709584875,3817,btc_qm_engine:btc_ptmc_rep_hot,2.0000000000
METRIC,2026-04-15T15:42:50Z,16500710078885,3817,btc_qm_engine:btc_ptmc_rep_cold,1.0000000000
METRIC,2026-04-15T15:42:50Z,16500710550095,3817,btc_qm_engine:btc_ptmc_accept,1.0000000000
METRIC,2026-04-15T15:42:50Z,16500711080265,3817,btc_qm_engine:btc_ptmc_rep_hot,3.0000000000
METRIC,2026-04-15T15:42:50Z,16500712433105,3817,btc_qm_engine:btc_ptmc_rep_cold,2.0000000000
METRIC,2026-04-15T15:42:50Z,16500712793385,3817,btc_qm_engine:btc_ptmc_accept,1.0000000000
METRIC,2026-04-15T15:42:50Z,16500713167225,3817,btc_qm_engine:btc_ptmc_rep_hot,4.0000000000
METRIC,2026-04-15T15:42:50Z,16500714318545,3817,btc_qm_engine:btc_ptmc_rep_cold,3.0000000000
METRIC,2026-04-15T15:42:50Z,16500714687075,3817,btc_qm_engine:btc_ptmc_accept,1.0000000000
METRIC,2026-04-15T15:42:50Z,16500715397885,3817,btc_qm_engine:btc_ptmc_rep_hot,5.0000000000
METRIC,2026-04-15T15:42:50Z,16500715981755,3817,btc_qm_engine:btc_ptmc_rep_cold,4.0000000000
METRIC,2026-04-15T15:42:50Z,16500716524845,3817,btc_qm_engine:btc_ptmc_accept,1.0000000000
METRIC,2026-04-15T15:42:50Z,16500716946135,3817,btc_qm_engine:btc_ptmc_rep_hot,6.0000000000
METRIC,2026-04-15T15:42:50Z,16500717394665,3817,btc_qm_engine:btc_ptmc_rep_cold,5.0000000000
METRIC,2026-04-15T15:42:50Z,16500717859215,3817,btc_qm_engine:btc_ptmc_accept,1.0000000000
METRIC,2026-04-15T15:42:50Z,16500718352895,3817,btc_qm_engine:btc_ptmc_rep_hot,7.0000000000
METRIC,2026-04-15T15:42:50Z,16500718842415,3817,btc_qm_engine:btc_ptmc_rep_cold,6.0000000000
METRIC,2026-04-15T15:42:50Z,16500719326255,3817,btc_qm_engine:btc_ptmc_accept,1.0000000000
METRIC,2026-04-15T15:42:51Z,16500809996941,3817,btc_qm_engine:btc_ptmc_rep_hot,1.0000000000
METRIC,2026-04-15T15:42:51Z,16500810627761,3817,btc_qm_engine:btc_ptmc_rep_cold,0.0000000000
METRIC,2026-04-15T15:42:51Z,16500811073801,3817,btc_qm_engine:btc_ptmc_accept,1.0000000000
METRIC,2026-04-15T15:42:51Z,16500811548761,3817,btc_qm_engine:btc_ptmc_rep_hot,2.0000000000
METRIC,2026-04-15T15:42:51Z,16500812048431,3817,btc_qm_engine:btc_ptmc_rep_cold,1.0000000000
METRIC,2026-04-15T15:42:51Z,16500812520581,3817,btc_qm_engine:btc_ptmc_accept,1.0000000000
METRIC,2026-04-15T15:42:51Z,16500813118201,3817,btc_qm_engine:btc_ptmc_rep_hot,3.0000000000
METRIC,2026-04-15T15:42:51Z,16500816544810,3817,btc_qm_engine:btc_ptmc_rep_cold,2.0000000000
METRIC,2026-04-15T15:42:51Z,16500817010450,3817,btc_qm_engine:btc_ptmc_accept,1.0000000000
METRIC,2026-04-15T15:42:51Z,16500817613520,3817,btc_qm_engine:btc_ptmc_rep_hot,4.0000000000
METRIC,2026-04-15T15:42:51Z,16500818050650,3817,btc_qm_engine:btc_ptmc_rep_cold,3.0000000000
METRIC,2026-04-15T15:42:51Z,16500818968430,3817,btc_qm_engine:btc_ptmc_accept,1.0000000000
METRIC,2026-04-15T15:42:51Z,16500819412330,3817,btc_qm_engine:btc_ptmc_rep_hot,5.0000000000
METRIC,2026-04-15T15:42:51Z,16500819876990,3817,btc_qm_engine:btc_ptmc_rep_cold,4.0000000000
METRIC,2026-04-15T15:42:51Z,16500820372920,3817,btc_qm_engine:btc_ptmc_accept,1.0000000000
METRIC,2026-04-15T15:42:51Z,16500820830360,3817,btc_qm_engine:btc_ptmc_rep_hot,6.0000000000
METRIC,2026-04-15T15:42:51Z,16500821319030,3817,btc_qm_engine:btc_ptmc_rep_cold,5.0000000000
METRIC,2026-04-15T15:42:51Z,16500821825930,3817,btc_qm_engine:btc_ptmc_accept,1.0000000000
METRIC,2026-04-15T15:42:51Z,16500822374750,3817,btc_qm_engine:btc_ptmc_rep_hot,7.0000000000
METRIC,2026-04-15T15:42:51Z,16500822843210,3817,btc_qm_engine:btc_ptmc_rep_cold,6.0000000000
METRIC,2026-04-15T15:42:51Z,16500823278930,3817,btc_qm_engine:btc_ptmc_accept,1.0000000000
METRIC,2026-04-15T15:42:51Z,16500911511476,3817,btc_qm_engine:btc_ptmc_rep_hot,1.0000000000
METRIC,2026-04-15T15:42:51Z,16500912183466,3817,btc_qm_engine:btc_ptmc_rep_cold,0.0000000000
METRIC,2026-04-15T15:42:51Z,16500912653596,3817,btc_qm_engine:btc_ptmc_accept,1.0000000000
METRIC,2026-04-15T15:42:51Z,16500913255796,3817,btc_qm_engine:btc_ptmc_rep_hot,2.0000000000
METRIC,2026-04-15T15:42:51Z,16500913773546,3817,btc_qm_engine:btc_ptmc_rep_cold,1.0000000000
METRIC,2026-04-15T15:42:51Z,16500914249916,3817,btc_qm_engine:btc_ptmc_accept,1.0000000000
METRIC,2026-04-15T15:42:51Z,16500914772886,3817,btc_qm_engine:btc_ptmc_rep_hot,3.0000000000
METRIC,2026-04-15T15:42:51Z,16500915290396,3817,btc_qm_engine:btc_ptmc_rep_cold,2.0000000000
METRIC,2026-04-15T15:42:51Z,16500915802026,3817,btc_qm_engine:btc_ptmc_accept,1.0000000000
METRIC,2026-04-15T15:42:51Z,16500916332066,3817,btc_qm_engine:btc_ptmc_rep_hot,4.0000000000
METRIC,2026-04-15T15:42:51Z,16500916815226,3817,btc_qm_engine:btc_ptmc_rep_cold,3.0000000000
METRIC,2026-04-15T15:42:51Z,16500917378606,3817,btc_qm_engine:btc_ptmc_accept,1.0000000000
METRIC,2026-04-15T15:42:51Z,16500917866896,3817,btc_qm_engine:btc_ptmc_rep_hot,5.0000000000
METRIC,2026-04-15T15:42:51Z,16500918375846,3817,btc_qm_engine:btc_ptmc_rep_cold,4.0000000000
METRIC,2026-04-15T15:42:51Z,16500918862436,3817,btc_qm_engine:btc_ptmc_accept,1.0000000000
METRIC,2026-04-15T15:42:51Z,16500919394426,3817,btc_qm_engine:btc_ptmc_rep_hot,6.0000000000
METRIC,2026-04-15T15:42:51Z,16500919865536,3817,btc_qm_engine:btc_ptmc_rep_cold,5.0000000000
METRIC,2026-04-15T15:42:51Z,16500920384606,3817,btc_qm_engine:btc_ptmc_accept,1.0000000000
METRIC,2026-04-15T15:42:51Z,16500920870706,3817,btc_qm_engine:btc_ptmc_rep_hot,7.0000000000
METRIC,2026-04-15T15:42:51Z,16500921434796,3817,btc_qm_engine:btc_ptmc_rep_cold,6.0000000000
METRIC,2026-04-15T15:42:51Z,16500922091956,3817,btc_qm_engine:btc_ptmc_accept,1.0000000000
METRIC,2026-04-15T15:42:51Z,16501011660652,3817,btc_qm_engine:btc_ptmc_rep_hot,1.0000000000
METRIC,2026-04-15T15:42:51Z,16501012125122,3817,btc_qm_engine:btc_ptmc_rep_cold,0.0000000000
METRIC,2026-04-15T15:42:51Z,16501012472242,3817,btc_qm_engine:btc_ptmc_accept,1.0000000000
METRIC,2026-04-15T15:42:51Z,16501012874772,3817,btc_qm_engine:btc_ptmc_rep_hot,2.0000000000
METRIC,2026-04-15T15:42:51Z,16501013364532,3817,btc_qm_engine:btc_ptmc_rep_cold,1.0000000000
METRIC,2026-04-15T15:42:51Z,16501013719742,3817,btc_qm_engine:btc_ptmc_accept,-0.7165140378
METRIC,2026-04-15T15:42:51Z,16501014232712,3817,btc_qm_engine:btc_ptmc_rep_hot,3.0000000000
METRIC,2026-04-15T15:42:51Z,16501014727782,3817,btc_qm_engine:btc_ptmc_rep_cold,2.0000000000
METRIC,2026-04-15T15:42:51Z,16501015201672,3817,btc_qm_engine:btc_ptmc_accept,1.0000000000
METRIC,2026-04-15T15:42:51Z,16501015661622,3817,btc_qm_engine:btc_ptmc_rep_hot,4.0000000000
METRIC,2026-04-15T15:42:51Z,16501016131832,3817,btc_qm_engine:btc_ptmc_rep_cold,3.0000000000
METRIC,2026-04-15T15:42:51Z,16501016599962,3817,btc_qm_engine:btc_ptmc_accept,1.0000000000
METRIC,2026-04-15T15:42:51Z,16501017083912,3817,btc_qm_engine:btc_ptmc_rep_hot,5.0000000000
METRIC,2026-04-15T15:42:51Z,16501017665252,3817,btc_qm_engine:btc_ptmc_rep_cold,4.0000000000
METRIC,2026-04-15T15:42:51Z,16501018206792,3817,btc_qm_engine:btc_ptmc_accept,1.0000000000
METRIC,2026-04-15T15:42:51Z,16501018740662,3817,btc_qm_engine:btc_ptmc_rep_hot,6.0000000000
METRIC,2026-04-15T15:42:51Z,16501019361182,3817,btc_qm_engine:btc_ptmc_rep_cold,5.0000000000
METRIC,2026-04-15T15:42:51Z,16501019928502,3817,btc_qm_engine:btc_ptmc_accept,1.0000000000
METRIC,2026-04-15T15:42:51Z,16501020462662,3817,btc_qm_engine:btc_ptmc_rep_hot,7.0000000000
METRIC,2026-04-15T15:42:51Z,16501020962061,3817,btc_qm_engine:btc_ptmc_rep_cold,6.0000000000
METRIC,2026-04-15T15:42:51Z,16501021531541,3817,btc_qm_engine:btc_ptmc_accept,1.0000000000
METRIC,2026-04-15T15:42:51Z,16501111993458,3817,btc_qm_engine:btc_ptmc_rep_hot,1.0000000000
METRIC,2026-04-15T15:42:51Z,16501112514318,3817,btc_qm_engine:btc_ptmc_rep_cold,0.0000000000
METRIC,2026-04-15T15:42:51Z,16501112897178,3817,btc_qm_engine:btc_ptmc_accept,1.0000000000
METRIC,2026-04-15T15:42:51Z,16501113350808,3817,btc_qm_engine:btc_ptmc_rep_hot,2.0000000000
METRIC,2026-04-15T15:42:51Z,16501113797427,3817,btc_qm_engine:btc_ptmc_rep_cold,1.0000000000
METRIC,2026-04-15T15:42:51Z,16501114290307,3817,btc_qm_engine:btc_ptmc_accept,1.0000000000
METRIC,2026-04-15T15:42:51Z,16501114837127,3817,btc_qm_engine:btc_ptmc_rep_hot,3.0000000000
METRIC,2026-04-15T15:42:51Z,16501116385897,3817,btc_qm_engine:btc_ptmc_rep_cold,2.0000000000
METRIC,2026-04-15T15:42:51Z,16501117217487,3817,btc_qm_engine:btc_ptmc_accept,1.0000000000
METRIC,2026-04-15T15:42:51Z,16501117864207,3817,btc_qm_engine:btc_ptmc_rep_hot,4.0000000000
METRIC,2026-04-15T15:42:51Z,16501118457657,3817,btc_qm_engine:btc_ptmc_rep_cold,3.0000000000
METRIC,2026-04-15T15:42:51Z,16501119269697,3817,btc_qm_engine:btc_ptmc_accept,1.0000000000
METRIC,2026-04-15T15:42:51Z,16501119835217,3817,btc_qm_engine:btc_ptmc_rep_hot,5.0000000000
METRIC,2026-04-15T15:42:51Z,16501120392497,3817,btc_qm_engine:btc_ptmc_rep_cold,4.0000000000
METRIC,2026-04-15T15:42:51Z,16501120911587,3817,btc_qm_engine:btc_ptmc_accept,1.0000000000
METRIC,2026-04-15T15:42:51Z,16501121504487,3817,btc_qm_engine:btc_ptmc_rep_hot,6.0000000000
METRIC,2026-04-15T15:42:51Z,16501122132247,3817,btc_qm_engine:btc_ptmc_rep_cold,5.0000000000
METRIC,2026-04-15T15:42:51Z,16501122598217,3817,btc_qm_engine:btc_ptmc_accept,1.0000000000
METRIC,2026-04-15T15:42:51Z,16501123100627,3817,btc_qm_engine:btc_ptmc_rep_hot,7.0000000000
METRIC,2026-04-15T15:42:51Z,16501123611087,3817,btc_qm_engine:btc_ptmc_rep_cold,6.0000000000
METRIC,2026-04-15T15:42:51Z,16501124155627,3817,btc_qm_engine:btc_ptmc_accept,1.0000000000
METRIC,2026-04-15T15:42:51Z,16501213343543,3817,btc_qm_engine:btc_ptmc_rep_hot,1.0000000000
METRIC,2026-04-15T15:42:51Z,16501213883813,3817,btc_qm_engine:btc_ptmc_rep_cold,0.0000000000
METRIC,2026-04-15T15:42:51Z,16501214342673,3817,btc_qm_engine:btc_ptmc_accept,-0.1354937842
METRIC,2026-04-15T15:42:51Z,16501214841553,3817,btc_qm_engine:btc_ptmc_rep_hot,2.0000000000
METRIC,2026-04-15T15:42:51Z,16501215334923,3817,btc_qm_engine:btc_ptmc_rep_cold,1.0000000000
METRIC,2026-04-15T15:42:51Z,16501215754253,3817,btc_qm_engine:btc_ptmc_accept,1.0000000000
METRIC,2026-04-15T15:42:51Z,16501216458583,3817,btc_qm_engine:btc_ptmc_rep_hot,3.0000000000
METRIC,2026-04-15T15:42:51Z,16501217783533,3817,btc_qm_engine:btc_ptmc_rep_cold,2.0000000000
METRIC,2026-04-15T15:42:51Z,16501218365743,3817,btc_qm_engine:btc_ptmc_accept,1.0000000000
METRIC,2026-04-15T15:42:51Z,16501218856943,3817,btc_qm_engine:btc_ptmc_rep_hot,4.0000000000
METRIC,2026-04-15T15:42:51Z,16501219390843,3817,btc_qm_engine:btc_ptmc_rep_cold,3.0000000000
METRIC,2026-04-15T15:42:51Z,16501219877363,3817,btc_qm_engine:btc_ptmc_accept,1.0000000000
METRIC,2026-04-15T15:42:51Z,16501220384163,3817,btc_qm_engine:btc_ptmc_rep_hot,5.0000000000
METRIC,2026-04-15T15:42:51Z,16501220866883,3817,btc_qm_engine:btc_ptmc_rep_cold,4.0000000000
METRIC,2026-04-15T15:42:51Z,16501221410613,3817,btc_qm_engine:btc_ptmc_accept,1.0000000000
METRIC,2026-04-15T15:42:51Z,16501221904253,3817,btc_qm_engine:btc_ptmc_rep_hot,6.0000000000
METRIC,2026-04-15T15:42:51Z,16501222485213,3817,btc_qm_engine:btc_ptmc_rep_cold,5.0000000000
METRIC,2026-04-15T15:42:51Z,16501223068903,3817,btc_qm_engine:btc_ptmc_accept,1.0000000000
METRIC,2026-04-15T15:42:51Z,16501223885463,3817,btc_qm_engine:btc_ptmc_rep_hot,7.0000000000
METRIC,2026-04-15T15:42:51Z,16501224429023,3817,btc_qm_engine:btc_ptmc_rep_cold,6.0000000000
METRIC,2026-04-15T15:42:51Z,16501224926903,3817,btc_qm_engine:btc_ptmc_accept,1.0000000000
METRIC,2026-04-15T15:42:51Z,16501313971569,3817,btc_qm_engine:btc_ptmc_rep_hot,1.0000000000
METRIC,2026-04-15T15:42:51Z,16501314520989,3817,btc_qm_engine:btc_ptmc_rep_cold,0.0000000000
METRIC,2026-04-15T15:42:51Z,16501315181789,3817,btc_qm_engine:btc_ptmc_accept,1.0000000000
METRIC,2026-04-15T15:42:51Z,16501315666469,3817,btc_qm_engine:btc_ptmc_rep_hot,2.0000000000
METRIC,2026-04-15T15:42:51Z,16501316172809,3817,btc_qm_engine:btc_ptmc_rep_cold,1.0000000000
METRIC,2026-04-15T15:42:51Z,16501316690439,3817,btc_qm_engine:btc_ptmc_accept,0.5134617158
METRIC,2026-04-15T15:42:51Z,16501317251029,3817,btc_qm_engine:btc_ptmc_rep_hot,3.0000000000
METRIC,2026-04-15T15:42:51Z,16501317762029,3817,btc_qm_engine:btc_ptmc_rep_cold,2.0000000000
METRIC,2026-04-15T15:42:51Z,16501318304429,3817,btc_qm_engine:btc_ptmc_accept,0.7165468710
METRIC,2026-04-15T15:42:51Z,16501318803659,3817,btc_qm_engine:btc_ptmc_rep_hot,4.0000000000
METRIC,2026-04-15T15:42:51Z,16501319301308,3817,btc_qm_engine:btc_ptmc_rep_cold,3.0000000000
METRIC,2026-04-15T15:42:51Z,16501319784538,3817,btc_qm_engine:btc_ptmc_accept,0.8187371539
METRIC,2026-04-15T15:42:51Z,16501320373288,3817,btc_qm_engine:btc_ptmc_rep_hot,5.0000000000
METRIC,2026-04-15T15:42:51Z,16501320866468,3817,btc_qm_engine:btc_ptmc_rep_cold,4.0000000000
METRIC,2026-04-15T15:42:51Z,16501321461818,3817,btc_qm_engine:btc_ptmc_accept,0.8824995977
METRIC,2026-04-15T15:42:51Z,16501321973018,3817,btc_qm_engine:btc_ptmc_rep_hot,6.0000000000
METRIC,2026-04-15T15:42:51Z,16501322529028,3817,btc_qm_engine:btc_ptmc_rep_cold,5.0000000000
METRIC,2026-04-15T15:42:51Z,16501323023438,3817,btc_qm_engine:btc_ptmc_accept,0.9298553534
METRIC,2026-04-15T15:42:51Z,16501323513658,3817,btc_qm_engine:btc_ptmc_rep_hot,7.0000000000
METRIC,2026-04-15T15:42:51Z,16501324026188,3817,btc_qm_engine:btc_ptmc_rep_cold,6.0000000000
METRIC,2026-04-15T15:42:51Z,16501324516218,3817,btc_qm_engine:btc_ptmc_accept,0.9540312765
METRIC,2026-04-15T15:42:51Z,16501415902004,3817,btc_qm_engine:btc_ptmc_rep_hot,1.0000000000
METRIC,2026-04-15T15:42:51Z,16501416544394,3817,btc_qm_engine:btc_ptmc_rep_cold,0.0000000000
METRIC,2026-04-15T15:42:51Z,16501417098314,3817,btc_qm_engine:btc_ptmc_accept,-0.5134171190
METRIC,2026-04-15T15:42:51Z,16501417665904,3817,btc_qm_engine:btc_ptmc_rep_hot,2.0000000000
METRIC,2026-04-15T15:42:51Z,16501418166454,3817,btc_qm_engine:btc_ptmc_rep_cold,1.0000000000
METRIC,2026-04-15T15:42:51Z,16501418550184,3817,btc_qm_engine:btc_ptmc_accept,1.0000000000
METRIC,2026-04-15T15:42:51Z,16501418992134,3817,btc_qm_engine:btc_ptmc_rep_hot,3.0000000000
METRIC,2026-04-15T15:42:51Z,16501419516244,3817,btc_qm_engine:btc_ptmc_rep_cold,2.0000000000
METRIC,2026-04-15T15:42:51Z,16501420147114,3817,btc_qm_engine:btc_ptmc_accept,1.0000000000
METRIC,2026-04-15T15:42:51Z,16501420787274,3817,btc_qm_engine:btc_ptmc_rep_hot,4.0000000000
METRIC,2026-04-15T15:42:51Z,16501421339814,3817,btc_qm_engine:btc_ptmc_rep_cold,3.0000000000
METRIC,2026-04-15T15:42:51Z,16501421819814,3817,btc_qm_engine:btc_ptmc_accept,1.0000000000
METRIC,2026-04-15T15:42:51Z,16501422382324,3817,btc_qm_engine:btc_ptmc_rep_hot,5.0000000000
METRIC,2026-04-15T15:42:51Z,16501422874784,3817,btc_qm_engine:btc_ptmc_rep_cold,4.0000000000
METRIC,2026-04-15T15:42:51Z,16501423473774,3817,btc_qm_engine:btc_ptmc_accept,1.0000000000
METRIC,2026-04-15T15:42:51Z,16501423988084,3817,btc_qm_engine:btc_ptmc_rep_hot,6.0000000000
METRIC,2026-04-15T15:42:51Z,16501424580004,3817,btc_qm_engine:btc_ptmc_rep_cold,5.0000000000
METRIC,2026-04-15T15:42:51Z,16501425142724,3817,btc_qm_engine:btc_ptmc_accept,1.0000000000
METRIC,2026-04-15T15:42:51Z,16501425695994,3817,btc_qm_engine:btc_ptmc_rep_hot,7.0000000000
METRIC,2026-04-15T15:42:51Z,16501426531274,3817,btc_qm_engine:btc_ptmc_rep_cold,6.0000000000
METRIC,2026-04-15T15:42:51Z,16501427039374,3817,btc_qm_engine:btc_ptmc_accept,1.0000000000
METRIC,2026-04-15T15:42:51Z,16501516789970,3817,btc_qm_engine:btc_ptmc_rep_hot,1.0000000000
METRIC,2026-04-15T15:42:51Z,16501517389450,3817,btc_qm_engine:btc_ptmc_rep_cold,0.0000000000
METRIC,2026-04-15T15:42:51Z,16501517841350,3817,btc_qm_engine:btc_ptmc_accept,1.0000000000
METRIC,2026-04-15T15:42:51Z,16501518334300,3817,btc_qm_engine:btc_ptmc_rep_hot,2.0000000000
METRIC,2026-04-15T15:42:51Z,16501518806410,3817,btc_qm_engine:btc_ptmc_rep_cold,1.0000000000
METRIC,2026-04-15T15:42:51Z,16501519247240,3817,btc_qm_engine:btc_ptmc_accept,0.7165001846
METRIC,2026-04-15T15:42:51Z,16501519742970,3817,btc_qm_engine:btc_ptmc_rep_hot,3.0000000000
METRIC,2026-04-15T15:42:51Z,16501520253040,3817,btc_qm_engine:btc_ptmc_rep_cold,2.0000000000
METRIC,2026-04-15T15:42:51Z,16501520752040,3817,btc_qm_engine:btc_ptmc_accept,0.8464725326
METRIC,2026-04-15T15:42:51Z,16501521314850,3817,btc_qm_engine:btc_ptmc_rep_hot,4.0000000000
METRIC,2026-04-15T15:42:51Z,16501521890040,3817,btc_qm_engine:btc_ptmc_rep_cold,3.0000000000
METRIC,2026-04-15T15:42:51Z,16501522482570,3817,btc_qm_engine:btc_ptmc_accept,0.9048338808
METRIC,2026-04-15T15:42:51Z,16501522970710,3817,btc_qm_engine:btc_ptmc_rep_hot,5.0000000000
METRIC,2026-04-15T15:42:51Z,16501523524530,3817,btc_qm_engine:btc_ptmc_rep_cold,4.0000000000
METRIC,2026-04-15T15:42:51Z,16501524037080,3817,btc_qm_engine:btc_ptmc_accept,0.9394116283
METRIC,2026-04-15T15:42:51Z,16501524569220,3817,btc_qm_engine:btc_ptmc_rep_hot,6.0000000000
METRIC,2026-04-15T15:42:51Z,16501525121239,3817,btc_qm_engine:btc_ptmc_rep_cold,5.0000000000
METRIC,2026-04-15T15:42:51Z,16501525602669,3817,btc_qm_engine:btc_ptmc_accept,1.0000000000
METRIC,2026-04-15T15:42:51Z,16501526226439,3817,btc_qm_engine:btc_ptmc_rep_hot,7.0000000000
METRIC,2026-04-15T15:42:51Z,16501526733109,3817,btc_qm_engine:btc_ptmc_rep_cold,6.0000000000
METRIC,2026-04-15T15:42:51Z,16501527223629,3817,btc_qm_engine:btc_ptmc_accept,0.9767450351
METRIC,2026-04-15T15:42:51Z,16501617719826,3817,btc_qm_engine:btc_ptmc_rep_hot,1.0000000000
METRIC,2026-04-15T15:42:51Z,16501618418285,3817,btc_qm_engine:btc_ptmc_rep_cold,0.0000000000
METRIC,2026-04-15T15:42:51Z,16501618965525,3817,btc_qm_engine:btc_ptmc_accept,1.0000000000
METRIC,2026-04-15T15:42:51Z,16501619574605,3817,btc_qm_engine:btc_ptmc_rep_hot,2.0000000000
METRIC,2026-04-15T15:42:51Z,16501620103585,3817,btc_qm_engine:btc_ptmc_rep_cold,1.0000000000
METRIC,2026-04-15T15:42:51Z,16501620499755,3817,btc_qm_engine:btc_ptmc_accept,1.0000000000
METRIC,2026-04-15T15:42:51Z,16501621086245,3817,btc_qm_engine:btc_ptmc_rep_hot,3.0000000000
METRIC,2026-04-15T15:42:51Z,16501621511025,3817,btc_qm_engine:btc_ptmc_rep_cold,2.0000000000
METRIC,2026-04-15T15:42:51Z,16501621933535,3817,btc_qm_engine:btc_ptmc_accept,1.0000000000
METRIC,2026-04-15T15:42:51Z,16501622464415,3817,btc_qm_engine:btc_ptmc_rep_hot,4.0000000000
METRIC,2026-04-15T15:42:51Z,16501622859145,3817,btc_qm_engine:btc_ptmc_rep_cold,3.0000000000
METRIC,2026-04-15T15:42:51Z,16501623332865,3817,btc_qm_engine:btc_ptmc_accept,1.0000000000
METRIC,2026-04-15T15:42:51Z,16501623792795,3817,btc_qm_engine:btc_ptmc_rep_hot,5.0000000000
METRIC,2026-04-15T15:42:51Z,16501624361105,3817,btc_qm_engine:btc_ptmc_rep_cold,4.0000000000
METRIC,2026-04-15T15:42:51Z,16501624786385,3817,btc_qm_engine:btc_ptmc_accept,1.0000000000
METRIC,2026-04-15T15:42:51Z,16501625257085,3817,btc_qm_engine:btc_ptmc_rep_hot,6.0000000000
METRIC,2026-04-15T15:42:51Z,16501625667275,3817,btc_qm_engine:btc_ptmc_rep_cold,5.0000000000
METRIC,2026-04-15T15:42:51Z,16501626113005,3817,btc_qm_engine:btc_ptmc_accept,1.0000000000
METRIC,2026-04-15T15:42:51Z,16501626513585,3817,btc_qm_engine:btc_ptmc_rep_hot,7.0000000000
METRIC,2026-04-15T15:42:51Z,16501626908705,3817,btc_qm_engine:btc_ptmc_rep_cold,6.0000000000
METRIC,2026-04-15T15:42:51Z,16501627366815,3817,btc_qm_engine:btc_ptmc_accept,1.0000000000
METRIC,2026-04-15T15:42:51Z,16501721428711,3817,btc_qm_engine:btc_ptmc_rep_hot,1.0000000000
METRIC,2026-04-15T15:42:51Z,16501722000301,3817,btc_qm_engine:btc_ptmc_rep_cold,0.0000000000
METRIC,2026-04-15T15:42:51Z,16501722583061,3817,btc_qm_engine:btc_ptmc_accept,0.5136174742
METRIC,2026-04-15T15:42:51Z,16501723234231,3817,btc_qm_engine:btc_ptmc_rep_hot,2.0000000000
METRIC,2026-04-15T15:42:51Z,16501723757761,3817,btc_qm_engine:btc_ptmc_rep_cold,1.0000000000
METRIC,2026-04-15T15:42:51Z,16501724255411,3817,btc_qm_engine:btc_ptmc_accept,1.0000000000
METRIC,2026-04-15T15:42:51Z,16501724818281,3817,btc_qm_engine:btc_ptmc_rep_hot,3.0000000000
METRIC,2026-04-15T15:42:51Z,16501725411241,3817,btc_qm_engine:btc_ptmc_rep_cold,2.0000000000
METRIC,2026-04-15T15:42:51Z,16501725928261,3817,btc_qm_engine:btc_ptmc_accept,1.0000000000
METRIC,2026-04-15T15:42:51Z,16501726517891,3817,btc_qm_engine:btc_ptmc_rep_hot,4.0000000000
METRIC,2026-04-15T15:42:51Z,16501727080291,3817,btc_qm_engine:btc_ptmc_rep_cold,3.0000000000
METRIC,2026-04-15T15:42:51Z,16501727630621,3817,btc_qm_engine:btc_ptmc_accept,1.0000000000
METRIC,2026-04-15T15:42:51Z,16501728209531,3817,btc_qm_engine:btc_ptmc_rep_hot,5.0000000000
METRIC,2026-04-15T15:42:51Z,16501728809601,3817,btc_qm_engine:btc_ptmc_rep_cold,4.0000000000
METRIC,2026-04-15T15:42:51Z,16501729321151,3817,btc_qm_engine:btc_ptmc_accept,1.0000000000
METRIC,2026-04-15T15:42:51Z,16501729836471,3817,btc_qm_engine:btc_ptmc_rep_hot,6.0000000000
METRIC,2026-04-15T15:42:51Z,16501730408981,3817,btc_qm_engine:btc_ptmc_rep_cold,5.0000000000
METRIC,2026-04-15T15:42:51Z,16501730885250,3817,btc_qm_engine:btc_ptmc_accept,1.0000000000
METRIC,2026-04-15T15:42:51Z,16501731460070,3817,btc_qm_engine:btc_ptmc_rep_hot,7.0000000000
METRIC,2026-04-15T15:42:51Z,16501732004850,3817,btc_qm_engine:btc_ptmc_rep_cold,6.0000000000
METRIC,2026-04-15T15:42:51Z,16501732543530,3817,btc_qm_engine:btc_ptmc_accept,1.0000000000
METRIC,2026-04-15T15:42:52Z,16501822850877,3817,btc_qm_engine:btc_ptmc_rep_hot,1.0000000000
METRIC,2026-04-15T15:42:52Z,16501823529457,3817,btc_qm_engine:btc_ptmc_rep_cold,0.0000000000
METRIC,2026-04-15T15:42:52Z,16501824053966,3817,btc_qm_engine:btc_ptmc_accept,1.0000000000
METRIC,2026-04-15T15:42:52Z,16501824633426,3817,btc_qm_engine:btc_ptmc_rep_hot,2.0000000000
METRIC,2026-04-15T15:42:52Z,16501825171286,3817,btc_qm_engine:btc_ptmc_rep_cold,1.0000000000
METRIC,2026-04-15T15:42:52Z,16501825721466,3817,btc_qm_engine:btc_ptmc_accept,1.0000000000
METRIC,2026-04-15T15:42:52Z,16501826299776,3817,btc_qm_engine:btc_ptmc_rep_hot,3.0000000000
METRIC,2026-04-15T15:42:52Z,16501826828046,3817,btc_qm_engine:btc_ptmc_rep_cold,2.0000000000
METRIC,2026-04-15T15:42:52Z,16501827421516,3817,btc_qm_engine:btc_ptmc_accept,1.0000000000
METRIC,2026-04-15T15:42:52Z,16501827962886,3817,btc_qm_engine:btc_ptmc_rep_hot,4.0000000000
METRIC,2026-04-15T15:42:52Z,16501828565746,3817,btc_qm_engine:btc_ptmc_rep_cold,3.0000000000
METRIC,2026-04-15T15:42:52Z,16501829171266,3817,btc_qm_engine:btc_ptmc_accept,1.0000000000
METRIC,2026-04-15T15:42:52Z,16501829719276,3817,btc_qm_engine:btc_ptmc_rep_hot,5.0000000000
METRIC,2026-04-15T15:42:52Z,16501830345356,3817,btc_qm_engine:btc_ptmc_rep_cold,4.0000000000
METRIC,2026-04-15T15:42:52Z,16501830978356,3817,btc_qm_engine:btc_ptmc_accept,1.0000000000
METRIC,2026-04-15T15:42:52Z,16501831579986,3817,btc_qm_engine:btc_ptmc_rep_hot,6.0000000000
METRIC,2026-04-15T15:42:52Z,16501832206906,3817,btc_qm_engine:btc_ptmc_rep_cold,5.0000000000
METRIC,2026-04-15T15:42:52Z,16501832725086,3817,btc_qm_engine:btc_ptmc_accept,1.0000000000
METRIC,2026-04-15T15:42:52Z,16501833280726,3817,btc_qm_engine:btc_ptmc_rep_hot,7.0000000000
METRIC,2026-04-15T15:42:52Z,16501833776906,3817,btc_qm_engine:btc_ptmc_rep_cold,6.0000000000
METRIC,2026-04-15T15:42:52Z,16501834291326,3817,btc_qm_engine:btc_ptmc_accept,1.0000000000
METRIC,2026-04-15T15:42:52Z,16501926507342,3817,btc_qm_engine:btc_ptmc_rep_hot,1.0000000000
METRIC,2026-04-15T15:42:52Z,16501927119152,3817,btc_qm_engine:btc_ptmc_rep_cold,0.0000000000
METRIC,2026-04-15T15:42:52Z,16501927610822,3817,btc_qm_engine:btc_ptmc_accept,-0.2638029098
METRIC,2026-04-15T15:42:52Z,16501928310932,3817,btc_qm_engine:btc_ptmc_rep_hot,2.0000000000
METRIC,2026-04-15T15:42:52Z,16501928889662,3817,btc_qm_engine:btc_ptmc_rep_cold,1.0000000000
METRIC,2026-04-15T15:42:52Z,16501929412952,3817,btc_qm_engine:btc_ptmc_accept,1.0000000000
METRIC,2026-04-15T15:42:52Z,16501929928142,3817,btc_qm_engine:btc_ptmc_rep_hot,3.0000000000
METRIC,2026-04-15T15:42:52Z,16501930432562,3817,btc_qm_engine:btc_ptmc_rep_cold,2.0000000000
METRIC,2026-04-15T15:42:52Z,16501930836132,3817,btc_qm_engine:btc_ptmc_accept,0.8464931860
METRIC,2026-04-15T15:42:52Z,16501931504402,3817,btc_qm_engine:btc_ptmc_rep_hot,4.0000000000
METRIC,2026-04-15T15:42:52Z,16501931980482,3817,btc_qm_engine:btc_ptmc_rep_cold,3.0000000000
METRIC,2026-04-15T15:42:52Z,16501932779432,3817,btc_qm_engine:btc_ptmc_accept,1.0000000000
METRIC,2026-04-15T15:42:52Z,16501933418182,3817,btc_qm_engine:btc_ptmc_rep_hot,5.0000000000
METRIC,2026-04-15T15:42:52Z,16501934438582,3817,btc_qm_engine:btc_ptmc_rep_cold,4.0000000000
METRIC,2026-04-15T15:42:52Z,16501935184102,3817,btc_qm_engine:btc_ptmc_accept,0.9394148515
METRIC,2026-04-15T15:42:52Z,16501935641202,3817,btc_qm_engine:btc_ptmc_rep_hot,6.0000000000
METRIC,2026-04-15T15:42:52Z,16501936142751,3817,btc_qm_engine:btc_ptmc_rep_cold,5.0000000000
METRIC,2026-04-15T15:42:52Z,16501936600581,3817,btc_qm_engine:btc_ptmc_accept,0.9642902005
METRIC,2026-04-15T15:42:52Z,16501937177941,3817,btc_qm_engine:btc_ptmc_rep_hot,7.0000000000
METRIC,2026-04-15T15:42:52Z,16501937662662,3817,btc_qm_engine:btc_ptmc_rep_cold,6.0000000000
METRIC,2026-04-15T15:42:52Z,16501938195572,3817,btc_qm_engine:btc_ptmc_accept,-0.9767450351
THREAD,2026-04-15T15:42:52Z,16501971842960,3817,btc_qm_engine:btc_mining_worker_END,140596635514560
THREAD,2026-04-15T15:42:52Z,16501972730920,3817,btc_qm_engine:btc_mining_worker_END,140596643907264
METRIC,2026-04-15T15:42:52Z,16501973092390,3817,btc_qm_engine:btc_nonces_total,741376.0000000000
METRIC,2026-04-15T15:42:52Z,16501973604990,3817,btc_qm_engine:btc_elapsed_s,2.0015948230
METRIC,2026-04-15T15:42:52Z,16501974123880,3817,btc_qm_engine:btc_hashrate_mhs_final,0.3703926446
METRIC,2026-04-15T15:42:52Z,16501974701910,3817,btc_qm_engine:btc_best_leading_zeros,19.0000000000
METRIC,2026-04-15T15:42:52Z,16501975226510,3817,btc_qm_engine:btc_best_nonce_final,1103785617.0000000000
METRIC,2026-04-15T15:42:52Z,16501975649500,3817,btc_qm_engine:btc_block_valid,0.0000000000
METRIC,2026-04-15T15:42:52Z,16501976240250,3817,btc_qm_engine:btc_hashrate_gate_pass,1.0000000000
METRIC,2026-04-15T15:42:52Z,16501976692060,3817,btc_qm_engine:btc_memory_gate_pass,1.0000000000
MODULE_END,2026-04-15T15:42:52Z,16501977278050,3817,btc_qm_engine:btc_engine_run,2005780373
METRIC,2026-04-15T15:42:52Z,16501977813390,3817,btc_qm_engine:btc_nx48_csv_saved,1.0000000000
METRIC,2026-04-15T15:42:55Z,16504972130700,3817,btc_qm_engine:btc_ram_available_mb_end,22571.0000000000
METRIC,2026-04-15T15:42:55Z,16504972932189,3817,btc_qm_engine:btc_nx48_csv_saved,1.0000000000
METRIC,2026-04-15T15:42:55Z,16504973391319,3817,btc_qm_engine:btc_memory_gate_pass,1.0000000000
MODULE_END,2026-04-15T15:42:55Z,16504973848069,3817,btc_qm_engine:main_btc_mining,5002350392
METRIC,2026-04-15T15:42:55Z,16504974049379,3817,btc_qm_engine:btc_wallet_destroyed,1.0000000000
HW_SAMPLE,2026-04-15T15:42:55Z,16504984667939,3817,shutdown:cpu_delta_pct,50.0000
HW_SAMPLE,2026-04-15T15:42:55Z,16504984667939,3817,shutdown:mem_used_pct,64.8983
HW_SAMPLE,2026-04-15T15:42:55Z,16504984667939,3817,shutdown:vm_rss_kb,7848
