=== LOG FORENSIQUE ULTRA-STRICT v3.0 MODULE btc_qm_engine ===
Timestamp: 15893078156030 ns | PID: 2756 | Thread: 139912893689024
Standards: ISO/IEC 27037, NIST SP 800-86, IEEE 1012
=====================================================
[15893078464130] TEST_START: main_btc_mining | Source: src/main_btc_mining.c:208 in main()
[15893079151440] METRIC #1: btc_run_mode_hash = 66.0000000000 | Src: src/main_btc_mining.c:210 main()
[15893091178930] METRIC #2: btc_module_version = 17.0000000000 | Src: src/main_btc_mining.c:211 main()
[15893093805300] METRIC #3: btc_nx48_init_loaded = 0.0000000000 | Src: src/nx48_btc_controller.c:158 nx48_btc_init()
[15893094422620] METRIC #4: btc_nx48_delta_nonce_scale = 1.0000000000 | Src: src/nx48_btc_controller.c:159 nx48_btc_init()
[15893094872820] METRIC #5: btc_nx48_n_replicas_scale = 1.0000000000 | Src: src/nx48_btc_controller.c:160 nx48_btc_init()
[15893096666410] METRIC #6: btc_nx48_swap_temp_scale = 1.0000000000 | Src: src/nx48_btc_controller.c:161 nx48_btc_init()
[15893097191770] METRIC #7: btc_nx48_batch_size_scale = 1.0000000000 | Src: src/nx48_btc_controller.c:162 nx48_btc_init()
[15893097658200] METRIC #8: btc_nx48_exploration_bias = 0.5000000000 | Src: src/nx48_btc_controller.c:163 nx48_btc_init()
[15893098159850] METRIC #9: btc_nx48_neuron_count = 2.0000000000 | Src: src/nx48_btc_controller.c:164 nx48_btc_init()
[15893098745700] METRIC #10: btc_sha256_self_test_pass = 1.0000000000 | Src: src/sha256_lumvorax.c:396 lv_sha256_self_test()
[15893099787280] METRIC #11: btc_wallet_from_privkey_start = 1.0000000000 | Src: src/btc_wallet.c:356 btc_wallet_from_privkey()
[15893105956120] METRIC #12: btc_wallet_from_privkey_ok = 1.0000000000 | Src: src/btc_wallet.c:407 btc_wallet_from_privkey()
[15893132310971] METRIC #13: btc_wallet_saved_json = 1.0000000000 | Src: src/btc_wallet.c:507 btc_wallet_save_json()
[15893132937801] METRIC #14: btc_sha256_self_test_pass = 1.0000000000 | Src: src/sha256_lumvorax.c:396 lv_sha256_self_test()
[15893133454871] METRIC #15: btc_integrity_gate_pass = 1.0000000000 | Src: src/btc_mining_engine.c:814 btc_engine_run()
[15893135143201] METRIC #16: btc_ram_available_mb_start = 18989.0000000000 | Src: src/btc_mining_engine.c:854 btc_engine_run()
[15893135635021] TEST_START: btc_engine_create | Source: src/btc_mining_engine.c:422 in engine_create()
[15893135775031] METRIC #17: btc_n_replicas = 8.0000000000 | Src: src/btc_mining_engine.c:423 engine_create()
[15893136325511] METRIC #18: btc_n_threads = 2.0000000000 | Src: src/btc_mining_engine.c:424 engine_create()
[15893136773461] METRIC #19: btc_batch_size = 512.0000000000 | Src: src/btc_mining_engine.c:425 engine_create()
[15893137272881] METRIC #20: btc_nonce_start = 0.0000000000 | Src: src/btc_mining_engine.c:426 engine_create()
[15893137697251] METRIC #21: btc_nonce_end = 4294967295.0000000000 | Src: src/btc_mining_engine.c:427 engine_create()
[15893138258281] METRIC #22: btc_duration_s = 2.0000000000 | Src: src/btc_mining_engine.c:428 engine_create()
[15893138786651] METRIC #23: btc_replica_idx = 0.0000000000 | Src: src/btc_mining_engine.c:432 engine_create()
[15893139462321] METRIC #24: btc_replica_nonce = 0.0000000000 | Src: src/btc_mining_engine.c:432 engine_create()
[15893140179321] METRIC #25: btc_replica_temp = 1.0000000000 | Src: src/btc_mining_engine.c:432 engine_create()
[15893140747881] METRIC #26: btc_replica_leading = 0.0000000000 | Src: src/btc_mining_engine.c:432 engine_create()
[15893141389051] METRIC #27: btc_replica_idx = 1.0000000000 | Src: src/btc_mining_engine.c:432 engine_create()
[15893141864571] METRIC #28: btc_replica_nonce = 536870911.0000000000 | Src: src/btc_mining_engine.c:432 engine_create()
[15893142418031] METRIC #29: btc_replica_temp = 2.0000000000 | Src: src/btc_mining_engine.c:432 engine_create()
[15893142878801] METRIC #30: btc_replica_leading = 0.0000000000 | Src: src/btc_mining_engine.c:432 engine_create()
[15893143479221] METRIC #31: btc_replica_idx = 2.0000000000 | Src: src/btc_mining_engine.c:432 engine_create()
[15893144051791] METRIC #32: btc_replica_nonce = 1073741822.0000000000 | Src: src/btc_mining_engine.c:432 engine_create()
[15893144607381] METRIC #33: btc_replica_temp = 4.0000000000 | Src: src/btc_mining_engine.c:432 engine_create()
[15893145256601] METRIC #34: btc_replica_leading = 0.0000000000 | Src: src/btc_mining_engine.c:432 engine_create()
[15893145770031] METRIC #35: btc_replica_idx = 3.0000000000 | Src: src/btc_mining_engine.c:432 engine_create()
[15893146300711] METRIC #36: btc_replica_nonce = 1610612733.0000000000 | Src: src/btc_mining_engine.c:432 engine_create()
[15893146813381] METRIC #37: btc_replica_temp = 8.0000000000 | Src: src/btc_mining_engine.c:432 engine_create()
[15893147319221] METRIC #38: btc_replica_leading = 0.0000000000 | Src: src/btc_mining_engine.c:432 engine_create()
[15893147769551] METRIC #39: btc_replica_idx = 4.0000000000 | Src: src/btc_mining_engine.c:432 engine_create()
[15893148335741] METRIC #40: btc_replica_nonce = 2147483644.0000000000 | Src: src/btc_mining_engine.c:432 engine_create()
[15893148742961] METRIC #41: btc_replica_temp = 12.0000000000 | Src: src/btc_mining_engine.c:432 engine_create()
[15893149414791] METRIC #42: btc_replica_leading = 0.0000000000 | Src: src/btc_mining_engine.c:432 engine_create()
[15893149899901] METRIC #43: btc_replica_idx = 5.0000000000 | Src: src/btc_mining_engine.c:432 engine_create()
[15893150355111] METRIC #44: btc_replica_nonce = 2684354555.0000000000 | Src: src/btc_mining_engine.c:432 engine_create()
[15893150755671] METRIC #45: btc_replica_temp = 20.0000000000 | Src: src/btc_mining_engine.c:432 engine_create()
[15893151198071] METRIC #46: btc_replica_leading = 0.0000000000 | Src: src/btc_mining_engine.c:432 engine_create()
[15893151712911] METRIC #47: btc_replica_idx = 6.0000000000 | Src: src/btc_mining_engine.c:432 engine_create()
[15893152206991] METRIC #48: btc_replica_nonce = 3221225466.0000000000 | Src: src/btc_mining_engine.c:432 engine_create()
[15893152694621] METRIC #49: btc_replica_temp = 35.0000000000 | Src: src/btc_mining_engine.c:432 engine_create()
[15893153232301] METRIC #50: btc_replica_leading = 0.0000000000 | Src: src/btc_mining_engine.c:432 engine_create()
[15893153731361] METRIC #51: btc_replica_idx = 7.0000000000 | Src: src/btc_mining_engine.c:432 engine_create()
[15893154225151] METRIC #52: btc_replica_nonce = 3758096377.0000000000 | Src: src/btc_mining_engine.c:432 engine_create()
[15893154791651] METRIC #53: btc_replica_temp = 50.0000000000 | Src: src/btc_mining_engine.c:432 engine_create()
[15893155347211] METRIC #54: btc_replica_leading = 0.0000000000 | Src: src/btc_mining_engine.c:432 engine_create()
[15893155947451] METRIC #55: btc_midstate_applied = 1.0000000000 | Src: src/btc_mining_engine.c:869 btc_engine_run()
[15893157173261] METRIC #56: btc_block_nonce = 2745135522.0000000000 | Src: src/btc_mining_engine.c:677 btc_mining_thread()
[15893157931401] METRIC #57: btc_best_leading_zeros = 1.0000000000 | Src: src/btc_mining_engine.c:677 btc_mining_thread()
[15893158555721] METRIC #58: btc_block_valid = 0.0000000000 | Src: src/btc_mining_engine.c:677 btc_mining_thread()
[15893159096581] METRIC #59: btc_threads_launched = 2.0000000000 | Src: src/btc_mining_engine.c:888 btc_engine_run()
[15893160140371] METRIC #60: btc_best_leading_zeros = 1.0000000000 | Src: src/btc_mining_engine.c:679 btc_mining_thread()
[15893160865301] METRIC #61: btc_nx48_csv_saved = 1.0000000000 | Src: src/nx48_btc_controller.c:479 nx48_btc_save_csv()
[15893161381731] METRIC #62: btc_block_nonce = 1767036297.0000000000 | Src: src/btc_mining_engine.c:677 btc_mining_thread()
[15893161911591] METRIC #63: btc_best_leading_zeros = 2.0000000000 | Src: src/btc_mining_engine.c:677 btc_mining_thread()
[15893162372991] METRIC #64: btc_block_valid = 0.0000000000 | Src: src/btc_mining_engine.c:677 btc_mining_thread()
[15893163202401] METRIC #65: btc_best_leading_zeros = 2.0000000000 | Src: src/btc_mining_engine.c:679 btc_mining_thread()
[15893164365731] METRIC #66: btc_nx48_csv_saved = 1.0000000000 | Src: src/nx48_btc_controller.c:479 nx48_btc_save_csv()
[15893165139211] METRIC #67: btc_block_nonce = 1767030799.0000000000 | Src: src/btc_mining_engine.c:677 btc_mining_thread()
[15893165626431] METRIC #68: btc_best_leading_zeros = 3.0000000000 | Src: src/btc_mining_engine.c:677 btc_mining_thread()
[15893166169581] METRIC #69: btc_block_valid = 0.0000000000 | Src: src/btc_mining_engine.c:677 btc_mining_thread()
[15893167093521] METRIC #70: btc_best_leading_zeros = 3.0000000000 | Src: src/btc_mining_engine.c:679 btc_mining_thread()
[15893167795901] METRIC #71: btc_nx48_csv_saved = 1.0000000000 | Src: src/nx48_btc_controller.c:479 nx48_btc_save_csv()
[15893168471981] METRIC #72: btc_block_nonce = 1767039739.0000000000 | Src: src/btc_mining_engine.c:677 btc_mining_thread()
[15893168927591] METRIC #73: btc_best_leading_zeros = 4.0000000000 | Src: src/btc_mining_engine.c:677 btc_mining_thread()
[15893169474521] METRIC #74: btc_block_valid = 0.0000000000 | Src: src/btc_mining_engine.c:677 btc_mining_thread()
[15893170659181] METRIC #75: btc_best_leading_zeros = 4.0000000000 | Src: src/btc_mining_engine.c:679 btc_mining_thread()
[15893171563931] METRIC #76: btc_nx48_csv_saved = 1.0000000000 | Src: src/nx48_btc_controller.c:479 nx48_btc_save_csv()
[15893172809071] METRIC #77: btc_block_nonce = 1767064075.0000000000 | Src: src/btc_mining_engine.c:677 btc_mining_thread()
[15893173271771] METRIC #78: btc_best_leading_zeros = 8.0000000000 | Src: src/btc_mining_engine.c:677 btc_mining_thread()
[15893173758481] METRIC #79: btc_block_valid = 0.0000000000 | Src: src/btc_mining_engine.c:677 btc_mining_thread()
[15893174639561] METRIC #80: btc_best_leading_zeros = 8.0000000000 | Src: src/btc_mining_engine.c:679 btc_mining_thread()
[15893175421591] METRIC #81: btc_nx48_csv_saved = 1.0000000000 | Src: src/nx48_btc_controller.c:479 nx48_btc_save_csv()
[15893176062871] METRIC #82: btc_block_nonce = 2745182127.0000000000 | Src: src/btc_mining_engine.c:677 btc_mining_thread()
[15893176506001] METRIC #83: btc_best_leading_zeros = 10.0000000000 | Src: src/btc_mining_engine.c:677 btc_mining_thread()
[15893176948931] METRIC #84: btc_block_valid = 0.0000000000 | Src: src/btc_mining_engine.c:677 btc_mining_thread()
[15893177859981] METRIC #85: btc_best_leading_zeros = 10.0000000000 | Src: src/btc_mining_engine.c:679 btc_mining_thread()
[15893178651461] METRIC #86: btc_nx48_csv_saved = 1.0000000000 | Src: src/nx48_btc_controller.c:479 nx48_btc_save_csv()
[15893181349841] METRIC #87: btc_block_nonce = 2708116573.0000000000 | Src: src/btc_mining_engine.c:677 btc_mining_thread()
[15893181814361] METRIC #88: btc_best_leading_zeros = 12.0000000000 | Src: src/btc_mining_engine.c:677 btc_mining_thread()
[15893182284551] METRIC #89: btc_block_valid = 0.0000000000 | Src: src/btc_mining_engine.c:677 btc_mining_thread()
[15893183210021] METRIC #90: btc_best_leading_zeros = 12.0000000000 | Src: src/btc_mining_engine.c:679 btc_mining_thread()
[15893183932871] METRIC #91: btc_nx48_csv_saved = 1.0000000000 | Src: src/nx48_btc_controller.c:479 nx48_btc_save_csv()
[15893257865202] METRIC #92: btc_ptmc_rep_hot = 1.0000000000 | Src: src/btc_mining_engine.c:492 engine_ptmc_swap()
[15893258628132] METRIC #93: btc_ptmc_rep_cold = 0.0000000000 | Src: src/btc_mining_engine.c:492 engine_ptmc_swap()
[15893259229152] METRIC #94: btc_ptmc_accept = 1.0000000000 | Src: src/btc_mining_engine.c:492 engine_ptmc_swap()
[15893259794392] METRIC #95: btc_ptmc_rep_hot = 2.0000000000 | Src: src/btc_mining_engine.c:492 engine_ptmc_swap()
[15893260329492] METRIC #96: btc_ptmc_rep_cold = 1.0000000000 | Src: src/btc_mining_engine.c:492 engine_ptmc_swap()
[15893260761252] METRIC #97: btc_ptmc_accept = 1.0000000000 | Src: src/btc_mining_engine.c:492 engine_ptmc_swap()
[15893261278432] METRIC #98: btc_ptmc_rep_hot = 3.0000000000 | Src: src/btc_mining_engine.c:492 engine_ptmc_swap()
[15893261788952] METRIC #99: btc_ptmc_rep_cold = 2.0000000000 | Src: src/btc_mining_engine.c:492 engine_ptmc_swap()
[15893262286822] METRIC #100: btc_ptmc_accept = 1.0000000000 | Src: src/btc_mining_engine.c:492 engine_ptmc_swap()
[15893262721752] METRIC #101: btc_ptmc_rep_hot = 4.0000000000 | Src: src/btc_mining_engine.c:492 engine_ptmc_swap()
[15893263259982] METRIC #102: btc_ptmc_rep_cold = 3.0000000000 | Src: src/btc_mining_engine.c:492 engine_ptmc_swap()
[15893263882302] METRIC #103: btc_ptmc_accept = 1.0000000000 | Src: src/btc_mining_engine.c:492 engine_ptmc_swap()
[15893264352082] METRIC #104: btc_ptmc_rep_hot = 5.0000000000 | Src: src/btc_mining_engine.c:492 engine_ptmc_swap()
[15893264810312] METRIC #105: btc_ptmc_rep_cold = 4.0000000000 | Src: src/btc_mining_engine.c:492 engine_ptmc_swap()
[15893265378022] METRIC #106: btc_ptmc_accept = 1.0000000000 | Src: src/btc_mining_engine.c:492 engine_ptmc_swap()
[15893265834742] METRIC #107: btc_ptmc_rep_hot = 6.0000000000 | Src: src/btc_mining_engine.c:492 engine_ptmc_swap()
[15893266374702] METRIC #108: btc_ptmc_rep_cold = 5.0000000000 | Src: src/btc_mining_engine.c:492 engine_ptmc_swap()
[15893266821422] METRIC #109: btc_ptmc_accept = 1.0000000000 | Src: src/btc_mining_engine.c:492 engine_ptmc_swap()
[15893267365332] METRIC #110: btc_ptmc_rep_hot = 7.0000000000 | Src: src/btc_mining_engine.c:492 engine_ptmc_swap()
[15893267883992] METRIC #111: btc_ptmc_rep_cold = 6.0000000000 | Src: src/btc_mining_engine.c:492 engine_ptmc_swap()
[15893268777402] METRIC #112: btc_ptmc_accept = 1.0000000000 | Src: src/btc_mining_engine.c:492 engine_ptmc_swap()
[15893312772542] METRIC #113: btc_block_nonce = 2708107027.0000000000 | Src: src/btc_mining_engine.c:677 btc_mining_thread()
[15893314636352] METRIC #114: btc_best_leading_zeros = 16.0000000000 | Src: src/btc_mining_engine.c:677 btc_mining_thread()
[15893315189442] METRIC #115: btc_block_valid = 0.0000000000 | Src: src/btc_mining_engine.c:677 btc_mining_thread()
[15893316328302] METRIC #116: btc_best_leading_zeros = 16.0000000000 | Src: src/btc_mining_engine.c:679 btc_mining_thread()
[15893317304212] METRIC #117: btc_nx48_csv_saved = 1.0000000000 | Src: src/nx48_btc_controller.c:479 nx48_btc_save_csv()
[15893361940453] METRIC #118: btc_ptmc_rep_hot = 1.0000000000 | Src: src/btc_mining_engine.c:492 engine_ptmc_swap()
[15893362534893] METRIC #119: btc_ptmc_rep_cold = 0.0000000000 | Src: src/btc_mining_engine.c:492 engine_ptmc_swap()
[15893362984573] METRIC #120: btc_ptmc_accept = 1.0000000000 | Src: src/btc_mining_engine.c:492 engine_ptmc_swap()
[15893363516513] METRIC #121: btc_ptmc_rep_hot = 2.0000000000 | Src: src/btc_mining_engine.c:492 engine_ptmc_swap()
[15893364178843] METRIC #122: btc_ptmc_rep_cold = 1.0000000000 | Src: src/btc_mining_engine.c:492 engine_ptmc_swap()
[15893364648143] METRIC #123: btc_ptmc_accept = 0.7164924961 | Src: src/btc_mining_engine.c:492 engine_ptmc_swap()
[15893365262093] METRIC #124: btc_ptmc_rep_hot = 3.0000000000 | Src: src/btc_mining_engine.c:492 engine_ptmc_swap()
[15893365816693] METRIC #125: btc_ptmc_rep_cold = 2.0000000000 | Src: src/btc_mining_engine.c:492 engine_ptmc_swap()
[15893366384523] METRIC #126: btc_ptmc_accept = 0.8464702621 | Src: src/btc_mining_engine.c:492 engine_ptmc_swap()
[15893366881053] METRIC #127: btc_ptmc_rep_hot = 4.0000000000 | Src: src/btc_mining_engine.c:492 engine_ptmc_swap()
[15893367527143] METRIC #128: btc_ptmc_rep_cold = 3.0000000000 | Src: src/btc_mining_engine.c:492 engine_ptmc_swap()
[15893368062373] METRIC #129: btc_ptmc_accept = 0.9048330071 | Src: src/btc_mining_engine.c:492 engine_ptmc_swap()
[15893368577023] METRIC #130: btc_ptmc_rep_hot = 5.0000000000 | Src: src/btc_mining_engine.c:492 engine_ptmc_swap()
[15893369086683] METRIC #131: btc_ptmc_rep_cold = 4.0000000000 | Src: src/btc_mining_engine.c:492 engine_ptmc_swap()
[15893369592513] METRIC #132: btc_ptmc_accept = 0.9394112740 | Src: src/btc_mining_engine.c:492 engine_ptmc_swap()
[15893370137623] METRIC #133: btc_ptmc_rep_hot = 6.0000000000 | Src: src/btc_mining_engine.c:492 engine_ptmc_swap()
[15893370647913] METRIC #134: btc_ptmc_rep_cold = 5.0000000000 | Src: src/btc_mining_engine.c:492 engine_ptmc_swap()
[15893371231923] METRIC #135: btc_ptmc_accept = 0.9642889574 | Src: src/btc_mining_engine.c:492 engine_ptmc_swap()
[15893371734733] METRIC #136: btc_ptmc_rep_hot = 7.0000000000 | Src: src/btc_mining_engine.c:492 engine_ptmc_swap()
[15893372382193] METRIC #137: btc_ptmc_rep_cold = 6.0000000000 | Src: src/btc_mining_engine.c:492 engine_ptmc_swap()
[15893372913203] METRIC #138: btc_ptmc_accept = 0.9767447714 | Src: src/btc_mining_engine.c:492 engine_ptmc_swap()
[15893463078293] METRIC #139: btc_ptmc_rep_hot = 1.0000000000 | Src: src/btc_mining_engine.c:492 engine_ptmc_swap()
[15893463589913] METRIC #140: btc_ptmc_rep_cold = 0.0000000000 | Src: src/btc_mining_engine.c:492 engine_ptmc_swap()
[15893464054913] METRIC #141: btc_ptmc_accept = 1.0000000000 | Src: src/btc_mining_engine.c:492 engine_ptmc_swap()
[15893464575063] METRIC #142: btc_ptmc_rep_hot = 2.0000000000 | Src: src/btc_mining_engine.c:492 engine_ptmc_swap()
[15893465056033] METRIC #143: btc_ptmc_rep_cold = 1.0000000000 | Src: src/btc_mining_engine.c:492 engine_ptmc_swap()
[15893465515053] METRIC #144: btc_ptmc_accept = 1.0000000000 | Src: src/btc_mining_engine.c:492 engine_ptmc_swap()
[15893466157823] METRIC #145: btc_ptmc_rep_hot = 3.0000000000 | Src: src/btc_mining_engine.c:492 engine_ptmc_swap()
[15893466964893] METRIC #146: btc_ptmc_rep_cold = 2.0000000000 | Src: src/btc_mining_engine.c:492 engine_ptmc_swap()
[15893467604493] METRIC #147: btc_ptmc_accept = 1.0000000000 | Src: src/btc_mining_engine.c:492 engine_ptmc_swap()
[15893468267563] METRIC #148: btc_ptmc_rep_hot = 4.0000000000 | Src: src/btc_mining_engine.c:492 engine_ptmc_swap()
[15893468743213] METRIC #149: btc_ptmc_rep_cold = 3.0000000000 | Src: src/btc_mining_engine.c:492 engine_ptmc_swap()
[15893469313663] METRIC #150: btc_ptmc_accept = 1.0000000000 | Src: src/btc_mining_engine.c:492 engine_ptmc_swap()
[15893470098883] METRIC #151: btc_ptmc_rep_hot = 5.0000000000 | Src: src/btc_mining_engine.c:492 engine_ptmc_swap()
[15893470648863] METRIC #152: btc_ptmc_rep_cold = 4.0000000000 | Src: src/btc_mining_engine.c:492 engine_ptmc_swap()
[15893471425263] METRIC #153: btc_ptmc_accept = 1.0000000000 | Src: src/btc_mining_engine.c:492 engine_ptmc_swap()
[15893471926903] METRIC #154: btc_ptmc_rep_hot = 6.0000000000 | Src: src/btc_mining_engine.c:492 engine_ptmc_swap()
[15893472861804] METRIC #155: btc_ptmc_rep_cold = 5.0000000000 | Src: src/btc_mining_engine.c:492 engine_ptmc_swap()
[15893473508324] METRIC #156: btc_ptmc_accept = 1.0000000000 | Src: src/btc_mining_engine.c:492 engine_ptmc_swap()
[15893473991153] METRIC #157: btc_ptmc_rep_hot = 7.0000000000 | Src: src/btc_mining_engine.c:492 engine_ptmc_swap()
[15893474699023] METRIC #158: btc_ptmc_rep_cold = 6.0000000000 | Src: src/btc_mining_engine.c:492 engine_ptmc_swap()
[15893475657943] METRIC #159: btc_ptmc_accept = 1.0000000000 | Src: src/btc_mining_engine.c:492 engine_ptmc_swap()
[15893564701984] METRIC #160: btc_ptmc_rep_hot = 1.0000000000 | Src: src/btc_mining_engine.c:492 engine_ptmc_swap()
[15893565269264] METRIC #161: btc_ptmc_rep_cold = 0.0000000000 | Src: src/btc_mining_engine.c:492 engine_ptmc_swap()
[15893565755844] METRIC #162: btc_ptmc_accept = 0.2638537189 | Src: src/btc_mining_engine.c:492 engine_ptmc_swap()
[15893566465734] METRIC #163: btc_ptmc_rep_hot = 2.0000000000 | Src: src/btc_mining_engine.c:494 engine_ptmc_swap()
[15893566923094] METRIC #164: btc_ptmc_rep_cold = 1.0000000000 | Src: src/btc_mining_engine.c:494 engine_ptmc_swap()
[15893567419414] METRIC #165: btc_ptmc_accept = -0.5134418693 | Src: src/btc_mining_engine.c:494 engine_ptmc_swap()
[15893567984564] METRIC #166: btc_ptmc_rep_hot = 3.0000000000 | Src: src/btc_mining_engine.c:492 engine_ptmc_swap()
[15893568504024] METRIC #167: btc_ptmc_rep_cold = 2.0000000000 | Src: src/btc_mining_engine.c:492 engine_ptmc_swap()
[15893568976794] METRIC #168: btc_ptmc_accept = 1.0000000000 | Src: src/btc_mining_engine.c:492 engine_ptmc_swap()
[15893569518444] METRIC #169: btc_ptmc_rep_hot = 4.0000000000 | Src: src/btc_mining_engine.c:492 engine_ptmc_swap()
[15893570011904] METRIC #170: btc_ptmc_rep_cold = 3.0000000000 | Src: src/btc_mining_engine.c:492 engine_ptmc_swap()
[15893570506284] METRIC #171: btc_ptmc_accept = 1.0000000000 | Src: src/btc_mining_engine.c:492 engine_ptmc_swap()
[15893571138384] METRIC #172: btc_ptmc_rep_hot = 5.0000000000 | Src: src/btc_mining_engine.c:492 engine_ptmc_swap()
[15893571599984] METRIC #173: btc_ptmc_rep_cold = 4.0000000000 | Src: src/btc_mining_engine.c:492 engine_ptmc_swap()
[15893572063054] METRIC #174: btc_ptmc_accept = 1.0000000000 | Src: src/btc_mining_engine.c:492 engine_ptmc_swap()
[15893572482544] METRIC #175: btc_ptmc_rep_hot = 6.0000000000 | Src: src/btc_mining_engine.c:492 engine_ptmc_swap()
[15893572928504] METRIC #176: btc_ptmc_rep_cold = 5.0000000000 | Src: src/btc_mining_engine.c:492 engine_ptmc_swap()
[15893573472014] METRIC #177: btc_ptmc_accept = 1.0000000000 | Src: src/btc_mining_engine.c:492 engine_ptmc_swap()
[15893574324774] METRIC #178: btc_ptmc_rep_hot = 7.0000000000 | Src: src/btc_mining_engine.c:492 engine_ptmc_swap()
[15893574878124] METRIC #179: btc_ptmc_rep_cold = 6.0000000000 | Src: src/btc_mining_engine.c:492 engine_ptmc_swap()
[15893575499814] METRIC #180: btc_ptmc_accept = 1.0000000000 | Src: src/btc_mining_engine.c:492 engine_ptmc_swap()
[15893669814285] METRIC #181: btc_ptmc_rep_hot = 1.0000000000 | Src: src/btc_mining_engine.c:492 engine_ptmc_swap()
[15893670500635] METRIC #182: btc_ptmc_rep_cold = 0.0000000000 | Src: src/btc_mining_engine.c:492 engine_ptmc_swap()
[15893670959545] METRIC #183: btc_ptmc_accept = 1.0000000000 | Src: src/btc_mining_engine.c:492 engine_ptmc_swap()
[15893671614565] METRIC #184: btc_ptmc_rep_hot = 2.0000000000 | Src: src/btc_mining_engine.c:494 engine_ptmc_swap()
[15893672125795] METRIC #185: btc_ptmc_rep_cold = 1.0000000000 | Src: src/btc_mining_engine.c:494 engine_ptmc_swap()
[15893672527795] METRIC #186: btc_ptmc_accept = -0.2636542435 | Src: src/btc_mining_engine.c:494 engine_ptmc_swap()
[15893673115815] METRIC #187: btc_ptmc_rep_hot = 3.0000000000 | Src: src/btc_mining_engine.c:492 engine_ptmc_swap()
[15893673544565] METRIC #188: btc_ptmc_rep_cold = 2.0000000000 | Src: src/btc_mining_engine.c:492 engine_ptmc_swap()
[15893674077685] METRIC #189: btc_ptmc_accept = 1.0000000000 | Src: src/btc_mining_engine.c:492 engine_ptmc_swap()
[15893674490335] METRIC #190: btc_ptmc_rep_hot = 4.0000000000 | Src: src/btc_mining_engine.c:492 engine_ptmc_swap()
[15893674892775] METRIC #191: btc_ptmc_rep_cold = 3.0000000000 | Src: src/btc_mining_engine.c:492 engine_ptmc_swap()
[15893675707035] METRIC #192: btc_ptmc_accept = 1.0000000000 | Src: src/btc_mining_engine.c:492 engine_ptmc_swap()
[15893676704015] METRIC #193: btc_ptmc_rep_hot = 5.0000000000 | Src: src/btc_mining_engine.c:492 engine_ptmc_swap()
[15893677229135] METRIC #194: btc_ptmc_rep_cold = 4.0000000000 | Src: src/btc_mining_engine.c:492 engine_ptmc_swap()
[15893677761155] METRIC #195: btc_ptmc_accept = 1.0000000000 | Src: src/btc_mining_engine.c:492 engine_ptmc_swap()
[15893678248375] METRIC #196: btc_ptmc_rep_hot = 6.0000000000 | Src: src/btc_mining_engine.c:492 engine_ptmc_swap()
[15893678717435] METRIC #197: btc_ptmc_rep_cold = 5.0000000000 | Src: src/btc_mining_engine.c:492 engine_ptmc_swap()
[15893679244495] METRIC #198: btc_ptmc_accept = 1.0000000000 | Src: src/btc_mining_engine.c:492 engine_ptmc_swap()
[15893679731385] METRIC #199: btc_ptmc_rep_hot = 7.0000000000 | Src: src/btc_mining_engine.c:492 engine_ptmc_swap()
[15893680251785] METRIC #200: btc_ptmc_rep_cold = 6.0000000000 | Src: src/btc_mining_engine.c:492 engine_ptmc_swap()
[15893680753075] METRIC #201: btc_ptmc_accept = 1.0000000000 | Src: src/btc_mining_engine.c:492 engine_ptmc_swap()
[15893773203016] METRIC #202: btc_ptmc_rep_hot = 1.0000000000 | Src: src/btc_mining_engine.c:492 engine_ptmc_swap()
[15893773729446] METRIC #203: btc_ptmc_rep_cold = 0.0000000000 | Src: src/btc_mining_engine.c:492 engine_ptmc_swap()
[15893774368676] METRIC #204: btc_ptmc_accept = 1.0000000000 | Src: src/btc_mining_engine.c:492 engine_ptmc_swap()
[15893774948816] METRIC #205: btc_ptmc_rep_hot = 2.0000000000 | Src: src/btc_mining_engine.c:492 engine_ptmc_swap()
[15893775512936] METRIC #206: btc_ptmc_rep_cold = 1.0000000000 | Src: src/btc_mining_engine.c:492 engine_ptmc_swap()
[15893776153816] METRIC #207: btc_ptmc_accept = 0.7165624298 | Src: src/btc_mining_engine.c:492 engine_ptmc_swap()
[15893776727616] METRIC #208: btc_ptmc_rep_hot = 3.0000000000 | Src: src/btc_mining_engine.c:494 engine_ptmc_swap()
[15893777193796] METRIC #209: btc_ptmc_rep_cold = 2.0000000000 | Src: src/btc_mining_engine.c:494 engine_ptmc_swap()
[15893777630946] METRIC #210: btc_ptmc_accept = -0.8464909161 | Src: src/btc_mining_engine.c:494 engine_ptmc_swap()
[15893778162436] METRIC #211: btc_ptmc_rep_hot = 4.0000000000 | Src: src/btc_mining_engine.c:492 engine_ptmc_swap()
[15893778537726] METRIC #212: btc_ptmc_rep_cold = 3.0000000000 | Src: src/btc_mining_engine.c:492 engine_ptmc_swap()
[15893779009756] METRIC #213: btc_ptmc_accept = 1.0000000000 | Src: src/btc_mining_engine.c:492 engine_ptmc_swap()
[15893779442726] METRIC #214: btc_ptmc_rep_hot = 5.0000000000 | Src: src/btc_mining_engine.c:492 engine_ptmc_swap()
[15893779807416] METRIC #215: btc_ptmc_rep_cold = 4.0000000000 | Src: src/btc_mining_engine.c:492 engine_ptmc_swap()
[15893780316096] METRIC #216: btc_ptmc_accept = 1.0000000000 | Src: src/btc_mining_engine.c:492 engine_ptmc_swap()
[15893780694666] METRIC #217: btc_ptmc_rep_hot = 6.0000000000 | Src: src/btc_mining_engine.c:492 engine_ptmc_swap()
[15893781171796] METRIC #218: btc_ptmc_rep_cold = 5.0000000000 | Src: src/btc_mining_engine.c:492 engine_ptmc_swap()
[15893781608656] METRIC #219: btc_ptmc_accept = 1.0000000000 | Src: src/btc_mining_engine.c:492 engine_ptmc_swap()
[15893782068306] METRIC #220: btc_ptmc_rep_hot = 7.0000000000 | Src: src/btc_mining_engine.c:492 engine_ptmc_swap()
[15893782463396] METRIC #221: btc_ptmc_rep_cold = 6.0000000000 | Src: src/btc_mining_engine.c:492 engine_ptmc_swap()
[15893782851606] METRIC #222: btc_ptmc_accept = 1.0000000000 | Src: src/btc_mining_engine.c:492 engine_ptmc_swap()
[15893873289287] METRIC #223: btc_ptmc_rep_hot = 1.0000000000 | Src: src/btc_mining_engine.c:492 engine_ptmc_swap()
[15893873878067] METRIC #224: btc_ptmc_rep_cold = 0.0000000000 | Src: src/btc_mining_engine.c:492 engine_ptmc_swap()
[15893874477037] METRIC #225: btc_ptmc_accept = 0.5134171190 | Src: src/btc_mining_engine.c:492 engine_ptmc_swap()
[15893875160337] METRIC #226: btc_ptmc_rep_hot = 2.0000000000 | Src: src/btc_mining_engine.c:494 engine_ptmc_swap()
[15893875772847] METRIC #227: btc_ptmc_rep_cold = 1.0000000000 | Src: src/btc_mining_engine.c:494 engine_ptmc_swap()
[15893876411587] METRIC #228: btc_ptmc_accept = -0.5134171190 | Src: src/btc_mining_engine.c:494 engine_ptmc_swap()
[15893877158717] METRIC #229: btc_ptmc_rep_hot = 3.0000000000 | Src: src/btc_mining_engine.c:492 engine_ptmc_swap()
[15893878847127] METRIC #230: btc_ptmc_rep_cold = 2.0000000000 | Src: src/btc_mining_engine.c:492 engine_ptmc_swap()
[15893879512567] METRIC #231: btc_ptmc_accept = 1.0000000000 | Src: src/btc_mining_engine.c:492 engine_ptmc_swap()
[15893880065197] METRIC #232: btc_ptmc_rep_hot = 4.0000000000 | Src: src/btc_mining_engine.c:492 engine_ptmc_swap()
[15893880938087] METRIC #233: btc_ptmc_rep_cold = 3.0000000000 | Src: src/btc_mining_engine.c:492 engine_ptmc_swap()
[15893881687327] METRIC #234: btc_ptmc_accept = 0.9048374180 | Src: src/btc_mining_engine.c:492 engine_ptmc_swap()
[15893882343857] METRIC #235: btc_ptmc_rep_hot = 5.0000000000 | Src: src/btc_mining_engine.c:492 engine_ptmc_swap()
[15893882935937] METRIC #236: btc_ptmc_rep_cold = 4.0000000000 | Src: src/btc_mining_engine.c:492 engine_ptmc_swap()
[15893883533347] METRIC #237: btc_ptmc_accept = 0.9394130628 | Src: src/btc_mining_engine.c:492 engine_ptmc_swap()
[15893884098037] METRIC #238: btc_ptmc_rep_hot = 6.0000000000 | Src: src/btc_mining_engine.c:492 engine_ptmc_swap()
[15893884728387] METRIC #239: btc_ptmc_rep_cold = 5.0000000000 | Src: src/btc_mining_engine.c:492 engine_ptmc_swap()
[15893885372857] METRIC #240: btc_ptmc_accept = 0.9642895790 | Src: src/btc_mining_engine.c:492 engine_ptmc_swap()
[15893885923877] METRIC #241: btc_ptmc_rep_hot = 7.0000000000 | Src: src/btc_mining_engine.c:492 engine_ptmc_swap()
[15893886496237] METRIC #242: btc_ptmc_rep_cold = 6.0000000000 | Src: src/btc_mining_engine.c:492 engine_ptmc_swap()
[15893887055227] METRIC #243: btc_ptmc_accept = 0.9767452464 | Src: src/btc_mining_engine.c:492 engine_ptmc_swap()
[15893973360818] METRIC #244: btc_ptmc_rep_hot = 1.0000000000 | Src: src/btc_mining_engine.c:494 engine_ptmc_swap()
[15893973968418] METRIC #245: btc_ptmc_rep_cold = 0.0000000000 | Src: src/btc_mining_engine.c:494 engine_ptmc_swap()
[15893974553998] METRIC #246: btc_ptmc_accept = -0.5134171190 | Src: src/btc_mining_engine.c:494 engine_ptmc_swap()
[15893975179558] METRIC #247: btc_ptmc_rep_hot = 2.0000000000 | Src: src/btc_mining_engine.c:492 engine_ptmc_swap()
[15893975622398] METRIC #248: btc_ptmc_rep_cold = 1.0000000000 | Src: src/btc_mining_engine.c:492 engine_ptmc_swap()
[15893976144538] METRIC #249: btc_ptmc_accept = 1.0000000000 | Src: src/btc_mining_engine.c:492 engine_ptmc_swap()
[15893976764628] METRIC #250: btc_ptmc_rep_hot = 3.0000000000 | Src: src/btc_mining_engine.c:492 engine_ptmc_swap()
[15893977332838] METRIC #251: btc_ptmc_rep_cold = 2.0000000000 | Src: src/btc_mining_engine.c:492 engine_ptmc_swap()
[15893977853508] METRIC #252: btc_ptmc_accept = 0.8464725326 | Src: src/btc_mining_engine.c:492 engine_ptmc_swap()
[15893978385208] METRIC #253: btc_ptmc_rep_hot = 4.0000000000 | Src: src/btc_mining_engine.c:492 engine_ptmc_swap()
[15893978917298] METRIC #254: btc_ptmc_rep_cold = 3.0000000000 | Src: src/btc_mining_engine.c:492 engine_ptmc_swap()
[15893979411988] METRIC #255: btc_ptmc_accept = 0.9048338808 | Src: src/btc_mining_engine.c:492 engine_ptmc_swap()
[15893979827818] METRIC #256: btc_ptmc_rep_hot = 5.0000000000 | Src: src/btc_mining_engine.c:492 engine_ptmc_swap()
[15893980243348] METRIC #257: btc_ptmc_rep_cold = 4.0000000000 | Src: src/btc_mining_engine.c:492 engine_ptmc_swap()
[15893980697928] METRIC #258: btc_ptmc_accept = 0.9394116283 | Src: src/btc_mining_engine.c:492 engine_ptmc_swap()
[15893981120918] METRIC #259: btc_ptmc_rep_hot = 6.0000000000 | Src: src/btc_mining_engine.c:492 engine_ptmc_swap()
[15893981673788] METRIC #260: btc_ptmc_rep_cold = 5.0000000000 | Src: src/btc_mining_engine.c:492 engine_ptmc_swap()
[15893982166418] METRIC #261: btc_ptmc_accept = 0.9642890805 | Src: src/btc_mining_engine.c:492 engine_ptmc_swap()
[15893982600378] METRIC #262: btc_ptmc_rep_hot = 7.0000000000 | Src: src/btc_mining_engine.c:492 engine_ptmc_swap()
[15893983227518] METRIC #263: btc_ptmc_rep_cold = 6.0000000000 | Src: src/btc_mining_engine.c:492 engine_ptmc_swap()
[15893983763598] METRIC #264: btc_ptmc_accept = 1.0000000000 | Src: src/btc_mining_engine.c:492 engine_ptmc_swap()
[15894074210029] METRIC #265: btc_ptmc_rep_hot = 1.0000000000 | Src: src/btc_mining_engine.c:492 engine_ptmc_swap()
[15894074928969] METRIC #266: btc_ptmc_rep_cold = 0.0000000000 | Src: src/btc_mining_engine.c:492 engine_ptmc_swap()
[15894075437379] METRIC #267: btc_ptmc_accept = 1.0000000000 | Src: src/btc_mining_engine.c:492 engine_ptmc_swap()
[15894076109239] METRIC #268: btc_ptmc_rep_hot = 2.0000000000 | Src: src/btc_mining_engine.c:492 engine_ptmc_swap()
[15894076690569] METRIC #269: btc_ptmc_rep_cold = 1.0000000000 | Src: src/btc_mining_engine.c:492 engine_ptmc_swap()
[15894077244689] METRIC #270: btc_ptmc_accept = 1.0000000000 | Src: src/btc_mining_engine.c:492 engine_ptmc_swap()
[15894077821919] METRIC #271: btc_ptmc_rep_hot = 3.0000000000 | Src: src/btc_mining_engine.c:492 engine_ptmc_swap()
[15894078338849] METRIC #272: btc_ptmc_rep_cold = 2.0000000000 | Src: src/btc_mining_engine.c:492 engine_ptmc_swap()
[15894078834929] METRIC #273: btc_ptmc_accept = 1.0000000000 | Src: src/btc_mining_engine.c:492 engine_ptmc_swap()
[15894079307609] METRIC #274: btc_ptmc_rep_hot = 4.0000000000 | Src: src/btc_mining_engine.c:492 engine_ptmc_swap()
[15894079821759] METRIC #275: btc_ptmc_rep_cold = 3.0000000000 | Src: src/btc_mining_engine.c:492 engine_ptmc_swap()
[15894080369129] METRIC #276: btc_ptmc_accept = 1.0000000000 | Src: src/btc_mining_engine.c:492 engine_ptmc_swap()
[15894080884149] METRIC #277: btc_ptmc_rep_hot = 5.0000000000 | Src: src/btc_mining_engine.c:492 engine_ptmc_swap()
[15894081455309] METRIC #278: btc_ptmc_rep_cold = 4.0000000000 | Src: src/btc_mining_engine.c:492 engine_ptmc_swap()
[15894081883349] METRIC #279: btc_ptmc_accept = 1.0000000000 | Src: src/btc_mining_engine.c:492 engine_ptmc_swap()
[15894082485329] METRIC #280: btc_ptmc_rep_hot = 6.0000000000 | Src: src/btc_mining_engine.c:492 engine_ptmc_swap()
[15894082971829] METRIC #281: btc_ptmc_rep_cold = 5.0000000000 | Src: src/btc_mining_engine.c:492 engine_ptmc_swap()
[15894083508509] METRIC #282: btc_ptmc_accept = 1.0000000000 | Src: src/btc_mining_engine.c:492 engine_ptmc_swap()
[15894083968169] METRIC #283: btc_ptmc_rep_hot = 7.0000000000 | Src: src/btc_mining_engine.c:492 engine_ptmc_swap()
[15894084401399] METRIC #284: btc_ptmc_rep_cold = 6.0000000000 | Src: src/btc_mining_engine.c:492 engine_ptmc_swap()
[15894084854029] METRIC #285: btc_ptmc_accept = 1.0000000000 | Src: src/btc_mining_engine.c:492 engine_ptmc_swap()
[15894175236309] METRIC #286: btc_ptmc_rep_hot = 1.0000000000 | Src: src/btc_mining_engine.c:494 engine_ptmc_swap()
[15894175902779] METRIC #287: btc_ptmc_rep_cold = 0.0000000000 | Src: src/btc_mining_engine.c:494 engine_ptmc_swap()
[15894176443729] METRIC #288: btc_ptmc_accept = -0.2638029098 | Src: src/btc_mining_engine.c:494 engine_ptmc_swap()
[15894177083069] METRIC #289: btc_ptmc_rep_hot = 2.0000000000 | Src: src/btc_mining_engine.c:492 engine_ptmc_swap()
[15894177749069] METRIC #290: btc_ptmc_rep_cold = 1.0000000000 | Src: src/btc_mining_engine.c:492 engine_ptmc_swap()
[15894178306249] METRIC #291: btc_ptmc_accept = 1.0000000000 | Src: src/btc_mining_engine.c:492 engine_ptmc_swap()
[15894178771859] METRIC #292: btc_ptmc_rep_hot = 3.0000000000 | Src: src/btc_mining_engine.c:492 engine_ptmc_swap()
[15894179219549] METRIC #293: btc_ptmc_rep_cold = 2.0000000000 | Src: src/btc_mining_engine.c:492 engine_ptmc_swap()
[15894179633299] METRIC #294: btc_ptmc_accept = 1.0000000000 | Src: src/btc_mining_engine.c:492 engine_ptmc_swap()
[15894180149329] METRIC #295: btc_ptmc_rep_hot = 4.0000000000 | Src: src/btc_mining_engine.c:492 engine_ptmc_swap()
[15894180629749] METRIC #296: btc_ptmc_rep_cold = 3.0000000000 | Src: src/btc_mining_engine.c:492 engine_ptmc_swap()
[15894181188799] METRIC #297: btc_ptmc_accept = 1.0000000000 | Src: src/btc_mining_engine.c:492 engine_ptmc_swap()
[15894181680469] METRIC #298: btc_ptmc_rep_hot = 5.0000000000 | Src: src/btc_mining_engine.c:492 engine_ptmc_swap()
[15894182185809] METRIC #299: btc_ptmc_rep_cold = 4.0000000000 | Src: src/btc_mining_engine.c:492 engine_ptmc_swap()
[15894182670929] METRIC #300: btc_ptmc_accept = 1.0000000000 | Src: src/btc_mining_engine.c:492 engine_ptmc_swap()
[15894183155619] METRIC #301: btc_ptmc_rep_hot = 6.0000000000 | Src: src/btc_mining_engine.c:492 engine_ptmc_swap()
[15894183652699] METRIC #302: btc_ptmc_rep_cold = 5.0000000000 | Src: src/btc_mining_engine.c:492 engine_ptmc_swap()
[15894184175649] METRIC #303: btc_ptmc_accept = 1.0000000000 | Src: src/btc_mining_engine.c:492 engine_ptmc_swap()
[15894184626079] METRIC #304: btc_ptmc_rep_hot = 7.0000000000 | Src: src/btc_mining_engine.c:492 engine_ptmc_swap()
[15894185210519] METRIC #305: btc_ptmc_rep_cold = 6.0000000000 | Src: src/btc_mining_engine.c:492 engine_ptmc_swap()
[15894185651869] METRIC #306: btc_ptmc_accept = 1.0000000000 | Src: src/btc_mining_engine.c:492 engine_ptmc_swap()
[15894276360150] METRIC #307: btc_ptmc_rep_hot = 1.0000000000 | Src: src/btc_mining_engine.c:492 engine_ptmc_swap()
[15894276980170] METRIC #308: btc_ptmc_rep_cold = 0.0000000000 | Src: src/btc_mining_engine.c:492 engine_ptmc_swap()
[15894277513680] METRIC #309: btc_ptmc_accept = 1.0000000000 | Src: src/btc_mining_engine.c:492 engine_ptmc_swap()
[15894278254230] METRIC #310: btc_ptmc_rep_hot = 2.0000000000 | Src: src/btc_mining_engine.c:494 engine_ptmc_swap()
[15894278783720] METRIC #311: btc_ptmc_rep_cold = 1.0000000000 | Src: src/btc_mining_engine.c:494 engine_ptmc_swap()
[15894279289570] METRIC #312: btc_ptmc_accept = -0.7165485813 | Src: src/btc_mining_engine.c:494 engine_ptmc_swap()
[15894279845210] METRIC #313: btc_ptmc_rep_hot = 3.0000000000 | Src: src/btc_mining_engine.c:492 engine_ptmc_swap()
[15894280495670] METRIC #314: btc_ptmc_rep_cold = 2.0000000000 | Src: src/btc_mining_engine.c:492 engine_ptmc_swap()
[15894281163060] METRIC #315: btc_ptmc_accept = 1.0000000000 | Src: src/btc_mining_engine.c:492 engine_ptmc_swap()
[15894281694050] METRIC #316: btc_ptmc_rep_hot = 4.0000000000 | Src: src/btc_mining_engine.c:492 engine_ptmc_swap()
[15894282287180] METRIC #317: btc_ptmc_rep_cold = 3.0000000000 | Src: src/btc_mining_engine.c:492 engine_ptmc_swap()
[15894282833930] METRIC #318: btc_ptmc_accept = 1.0000000000 | Src: src/btc_mining_engine.c:492 engine_ptmc_swap()
[15894283326360] METRIC #319: btc_ptmc_rep_hot = 5.0000000000 | Src: src/btc_mining_engine.c:492 engine_ptmc_swap()
[15894283860130] METRIC #320: btc_ptmc_rep_cold = 4.0000000000 | Src: src/btc_mining_engine.c:492 engine_ptmc_swap()
[15894284444300] METRIC #321: btc_ptmc_accept = 1.0000000000 | Src: src/btc_mining_engine.c:492 engine_ptmc_swap()
[15894285000660] METRIC #322: btc_ptmc_rep_hot = 6.0000000000 | Src: src/btc_mining_engine.c:492 engine_ptmc_swap()
[15894285703580] METRIC #323: btc_ptmc_rep_cold = 5.0000000000 | Src: src/btc_mining_engine.c:492 engine_ptmc_swap()
[15894286242230] METRIC #324: btc_ptmc_accept = 1.0000000000 | Src: src/btc_mining_engine.c:492 engine_ptmc_swap()
[15894286889040] METRIC #325: btc_ptmc_rep_hot = 7.0000000000 | Src: src/btc_mining_engine.c:492 engine_ptmc_swap()
[15894287508710] METRIC #326: btc_ptmc_rep_cold = 6.0000000000 | Src: src/btc_mining_engine.c:492 engine_ptmc_swap()
[15894288115910] METRIC #327: btc_ptmc_accept = 1.0000000000 | Src: src/btc_mining_engine.c:492 engine_ptmc_swap()
[15894376678661] METRIC #328: btc_ptmc_rep_hot = 1.0000000000 | Src: src/btc_mining_engine.c:492 engine_ptmc_swap()
[15894377302881] METRIC #329: btc_ptmc_rep_cold = 0.0000000000 | Src: src/btc_mining_engine.c:492 engine_ptmc_swap()
[15894377804191] METRIC #330: btc_ptmc_accept = 0.0695919752 | Src: src/btc_mining_engine.c:492 engine_ptmc_swap()
[15894378419791] METRIC #331: btc_ptmc_rep_hot = 2.0000000000 | Src: src/btc_mining_engine.c:492 engine_ptmc_swap()
[15894378903661] METRIC #332: btc_ptmc_rep_cold = 1.0000000000 | Src: src/btc_mining_engine.c:492 engine_ptmc_swap()
[15894379666871] METRIC #333: btc_ptmc_accept = 0.7165701146 | Src: src/btc_mining_engine.c:492 engine_ptmc_swap()
[15894380636771] METRIC #334: btc_ptmc_rep_hot = 3.0000000000 | Src: src/btc_mining_engine.c:492 engine_ptmc_swap()
[15894384396011] METRIC #335: btc_ptmc_rep_cold = 2.0000000000 | Src: src/btc_mining_engine.c:492 engine_ptmc_swap()
[15894384915471] METRIC #336: btc_ptmc_accept = 1.0000000000 | Src: src/btc_mining_engine.c:492 engine_ptmc_swap()
[15894385418461] METRIC #337: btc_ptmc_rep_hot = 4.0000000000 | Src: src/btc_mining_engine.c:492 engine_ptmc_swap()
[15894387663991] METRIC #338: btc_ptmc_rep_cold = 3.0000000000 | Src: src/btc_mining_engine.c:492 engine_ptmc_swap()
[15894388040771] METRIC #339: btc_ptmc_accept = 1.0000000000 | Src: src/btc_mining_engine.c:492 engine_ptmc_swap()
[15894388406041] METRIC #340: btc_ptmc_rep_hot = 5.0000000000 | Src: src/btc_mining_engine.c:492 engine_ptmc_swap()
[15894388781111] METRIC #341: btc_ptmc_rep_cold = 4.0000000000 | Src: src/btc_mining_engine.c:492 engine_ptmc_swap()
[15894389154971] METRIC #342: btc_ptmc_accept = 0.9394148515 | Src: src/btc_mining_engine.c:492 engine_ptmc_swap()
[15894389537151] METRIC #343: btc_ptmc_rep_hot = 6.0000000000 | Src: src/btc_mining_engine.c:492 engine_ptmc_swap()
[15894389899131] METRIC #344: btc_ptmc_rep_cold = 5.0000000000 | Src: src/btc_mining_engine.c:492 engine_ptmc_swap()
[15894390273191] METRIC #345: btc_ptmc_accept = 0.9642902005 | Src: src/btc_mining_engine.c:492 engine_ptmc_swap()
[15894390676271] METRIC #346: btc_ptmc_rep_hot = 7.0000000000 | Src: src/btc_mining_engine.c:492 engine_ptmc_swap()
[15894391217771] METRIC #347: btc_ptmc_rep_cold = 6.0000000000 | Src: src/btc_mining_engine.c:492 engine_ptmc_swap()
[15894391814721] METRIC #348: btc_ptmc_accept = 0.9767450351 | Src: src/btc_mining_engine.c:492 engine_ptmc_swap()
[15894480485312] METRIC #349: btc_ptmc_rep_hot = 1.0000000000 | Src: src/btc_mining_engine.c:492 engine_ptmc_swap()
[15894481064722] METRIC #350: btc_ptmc_rep_cold = 0.0000000000 | Src: src/btc_mining_engine.c:492 engine_ptmc_swap()
[15894481805052] METRIC #351: btc_ptmc_accept = 1.0000000000 | Src: src/btc_mining_engine.c:492 engine_ptmc_swap()
[15894482367942] METRIC #352: btc_ptmc_rep_hot = 2.0000000000 | Src: src/btc_mining_engine.c:492 engine_ptmc_swap()
[15894482831852] METRIC #353: btc_ptmc_rep_cold = 1.0000000000 | Src: src/btc_mining_engine.c:492 engine_ptmc_swap()
[15894483348452] METRIC #354: btc_ptmc_accept = 1.0000000000 | Src: src/btc_mining_engine.c:492 engine_ptmc_swap()
[15894483897572] METRIC #355: btc_ptmc_rep_hot = 3.0000000000 | Src: src/btc_mining_engine.c:492 engine_ptmc_swap()
[15894484422762] METRIC #356: btc_ptmc_rep_cold = 2.0000000000 | Src: src/btc_mining_engine.c:492 engine_ptmc_swap()
[15894484921592] METRIC #357: btc_ptmc_accept = 1.0000000000 | Src: src/btc_mining_engine.c:492 engine_ptmc_swap()
[15894485431852] METRIC #358: btc_ptmc_rep_hot = 4.0000000000 | Src: src/btc_mining_engine.c:492 engine_ptmc_swap()
[15894485898292] METRIC #359: btc_ptmc_rep_cold = 3.0000000000 | Src: src/btc_mining_engine.c:492 engine_ptmc_swap()
[15894486467132] METRIC #360: btc_ptmc_accept = 0.9048409551 | Src: src/btc_mining_engine.c:492 engine_ptmc_swap()
[15894486956552] METRIC #361: btc_ptmc_rep_hot = 5.0000000000 | Src: src/btc_mining_engine.c:492 engine_ptmc_swap()
[15894487462442] METRIC #362: btc_ptmc_rep_cold = 4.0000000000 | Src: src/btc_mining_engine.c:492 engine_ptmc_swap()
[15894487910212] METRIC #363: btc_ptmc_accept = 0.9394144973 | Src: src/btc_mining_engine.c:492 engine_ptmc_swap()
[15894488422122] METRIC #364: btc_ptmc_rep_hot = 6.0000000000 | Src: src/btc_mining_engine.c:492 engine_ptmc_swap()
[15894488971632] METRIC #365: btc_ptmc_rep_cold = 5.0000000000 | Src: src/btc_mining_engine.c:492 engine_ptmc_swap()
[15894489440492] METRIC #366: btc_ptmc_accept = 0.9642900774 | Src: src/btc_mining_engine.c:492 engine_ptmc_swap()
[15894489912312] METRIC #367: btc_ptmc_rep_hot = 7.0000000000 | Src: src/btc_mining_engine.c:492 engine_ptmc_swap()
[15894490434052] METRIC #368: btc_ptmc_rep_cold = 6.0000000000 | Src: src/btc_mining_engine.c:492 engine_ptmc_swap()
[15894490850342] METRIC #369: btc_ptmc_accept = 1.0000000000 | Src: src/btc_mining_engine.c:492 engine_ptmc_swap()
[15894583234913] METRIC #370: btc_ptmc_rep_hot = 1.0000000000 | Src: src/btc_mining_engine.c:492 engine_ptmc_swap()
[15894583722213] METRIC #371: btc_ptmc_rep_cold = 0.0000000000 | Src: src/btc_mining_engine.c:492 engine_ptmc_swap()
[15894584191583] METRIC #372: btc_ptmc_accept = 1.0000000000 | Src: src/btc_mining_engine.c:492 engine_ptmc_swap()
[15894585303173] METRIC #373: btc_ptmc_rep_hot = 2.0000000000 | Src: src/btc_mining_engine.c:492 engine_ptmc_swap()
[15894585782273] METRIC #374: btc_ptmc_rep_cold = 1.0000000000 | Src: src/btc_mining_engine.c:492 engine_ptmc_swap()
[15894586218593] METRIC #375: btc_ptmc_accept = 1.0000000000 | Src: src/btc_mining_engine.c:492 engine_ptmc_swap()
[15894586706273] METRIC #376: btc_ptmc_rep_hot = 3.0000000000 | Src: src/btc_mining_engine.c:492 engine_ptmc_swap()
[15894589474493] METRIC #377: btc_ptmc_rep_cold = 2.0000000000 | Src: src/btc_mining_engine.c:492 engine_ptmc_swap()
[15894590557603] METRIC #378: btc_ptmc_accept = 0.8464817249 | Src: src/btc_mining_engine.c:492 engine_ptmc_swap()
[15894591186253] METRIC #379: btc_ptmc_rep_hot = 4.0000000000 | Src: src/btc_mining_engine.c:494 engine_ptmc_swap()
[15894591705533] METRIC #380: btc_ptmc_rep_cold = 3.0000000000 | Src: src/btc_mining_engine.c:494 engine_ptmc_swap()
[15894592262933] METRIC #381: btc_ptmc_accept = -0.9048374180 | Src: src/btc_mining_engine.c:494 engine_ptmc_swap()
[15894592740883] METRIC #382: btc_ptmc_rep_hot = 5.0000000000 | Src: src/btc_mining_engine.c:492 engine_ptmc_swap()
[15894593291203] METRIC #383: btc_ptmc_rep_cold = 4.0000000000 | Src: src/btc_mining_engine.c:492 engine_ptmc_swap()
[15894593754803] METRIC #384: btc_ptmc_accept = 1.0000000000 | Src: src/btc_mining_engine.c:492 engine_ptmc_swap()
[15894594360223] METRIC #385: btc_ptmc_rep_hot = 6.0000000000 | Src: src/btc_mining_engine.c:492 engine_ptmc_swap()
[15894594867733] METRIC #386: btc_ptmc_rep_cold = 5.0000000000 | Src: src/btc_mining_engine.c:492 engine_ptmc_swap()
[15894595369133] METRIC #387: btc_ptmc_accept = 1.0000000000 | Src: src/btc_mining_engine.c:492 engine_ptmc_swap()
[15894595871463] METRIC #388: btc_ptmc_rep_hot = 7.0000000000 | Src: src/btc_mining_engine.c:492 engine_ptmc_swap()
[15894596327933] METRIC #389: btc_ptmc_rep_cold = 6.0000000000 | Src: src/btc_mining_engine.c:492 engine_ptmc_swap()
[15894596763953] METRIC #390: btc_ptmc_accept = 1.0000000000 | Src: src/btc_mining_engine.c:492 engine_ptmc_swap()
[15894685537454] METRIC #391: btc_ptmc_rep_hot = 1.0000000000 | Src: src/btc_mining_engine.c:492 engine_ptmc_swap()
[15894686106104] METRIC #392: btc_ptmc_rep_cold = 0.0000000000 | Src: src/btc_mining_engine.c:492 engine_ptmc_swap()
[15894686720634] METRIC #393: btc_ptmc_accept = 1.0000000000 | Src: src/btc_mining_engine.c:492 engine_ptmc_swap()
[15894687349664] METRIC #394: btc_ptmc_rep_hot = 2.0000000000 | Src: src/btc_mining_engine.c:492 engine_ptmc_swap()
[15894687798374] METRIC #395: btc_ptmc_rep_cold = 1.0000000000 | Src: src/btc_mining_engine.c:492 engine_ptmc_swap()
[15894688383324] METRIC #396: btc_ptmc_accept = 1.0000000000 | Src: src/btc_mining_engine.c:492 engine_ptmc_swap()
[15894689046284] METRIC #397: btc_ptmc_rep_hot = 3.0000000000 | Src: src/btc_mining_engine.c:492 engine_ptmc_swap()
[15894689538104] METRIC #398: btc_ptmc_rep_cold = 2.0000000000 | Src: src/btc_mining_engine.c:492 engine_ptmc_swap()
[15894690006464] METRIC #399: btc_ptmc_accept = 1.0000000000 | Src: src/btc_mining_engine.c:492 engine_ptmc_swap()
[15894690533084] METRIC #400: btc_ptmc_rep_hot = 4.0000000000 | Src: src/btc_mining_engine.c:492 engine_ptmc_swap()
[15894691303684] METRIC #401: btc_ptmc_rep_cold = 3.0000000000 | Src: src/btc_mining_engine.c:492 engine_ptmc_swap()
[15894691709374] METRIC #402: btc_ptmc_accept = 1.0000000000 | Src: src/btc_mining_engine.c:492 engine_ptmc_swap()
[15894692156224] METRIC #403: btc_ptmc_rep_hot = 5.0000000000 | Src: src/btc_mining_engine.c:492 engine_ptmc_swap()
[15894692586874] METRIC #404: btc_ptmc_rep_cold = 4.0000000000 | Src: src/btc_mining_engine.c:492 engine_ptmc_swap()
[15894692966564] METRIC #405: btc_ptmc_accept = 1.0000000000 | Src: src/btc_mining_engine.c:492 engine_ptmc_swap()
[15894693462084] METRIC #406: btc_ptmc_rep_hot = 6.0000000000 | Src: src/btc_mining_engine.c:492 engine_ptmc_swap()
[15894693923604] METRIC #407: btc_ptmc_rep_cold = 5.0000000000 | Src: src/btc_mining_engine.c:492 engine_ptmc_swap()
[15894695581624] METRIC #408: btc_ptmc_accept = 1.0000000000 | Src: src/btc_mining_engine.c:492 engine_ptmc_swap()
[15894696125204] METRIC #409: btc_ptmc_rep_hot = 7.0000000000 | Src: src/btc_mining_engine.c:492 engine_ptmc_swap()
[15894696557094] METRIC #410: btc_ptmc_rep_cold = 6.0000000000 | Src: src/btc_mining_engine.c:492 engine_ptmc_swap()
[15894697148174] METRIC #411: btc_ptmc_accept = 1.0000000000 | Src: src/btc_mining_engine.c:492 engine_ptmc_swap()
[15894788593215] METRIC #412: btc_ptmc_rep_hot = 1.0000000000 | Src: src/btc_mining_engine.c:492 engine_ptmc_swap()
[15894789109265] METRIC #413: btc_ptmc_rep_cold = 0.0000000000 | Src: src/btc_mining_engine.c:492 engine_ptmc_swap()
[15894789572934] METRIC #414: btc_ptmc_accept = 1.0000000000 | Src: src/btc_mining_engine.c:492 engine_ptmc_swap()
[15894790063764] METRIC #415: btc_ptmc_rep_hot = 2.0000000000 | Src: src/btc_mining_engine.c:492 engine_ptmc_swap()
[15894790486275] METRIC #416: btc_ptmc_rep_cold = 1.0000000000 | Src: src/btc_mining_engine.c:492 engine_ptmc_swap()
[15894790915615] METRIC #417: btc_ptmc_accept = 0.7164924961 | Src: src/btc_mining_engine.c:492 engine_ptmc_swap()
[15894791463435] METRIC #418: btc_ptmc_rep_hot = 3.0000000000 | Src: src/btc_mining_engine.c:494 engine_ptmc_swap()
[15894791918255] METRIC #419: btc_ptmc_rep_cold = 2.0000000000 | Src: src/btc_mining_engine.c:494 engine_ptmc_swap()
[15894792551485] METRIC #420: btc_ptmc_accept = -0.7165119046 | Src: src/btc_mining_engine.c:494 engine_ptmc_swap()
[15894793101665] METRIC #421: btc_ptmc_rep_hot = 4.0000000000 | Src: src/btc_mining_engine.c:492 engine_ptmc_swap()
[15894793580335] METRIC #422: btc_ptmc_rep_cold = 3.0000000000 | Src: src/btc_mining_engine.c:492 engine_ptmc_swap()
[15894794107335] METRIC #423: btc_ptmc_accept = 1.0000000000 | Src: src/btc_mining_engine.c:492 engine_ptmc_swap()
[15894794690655] METRIC #424: btc_ptmc_rep_hot = 5.0000000000 | Src: src/btc_mining_engine.c:492 engine_ptmc_swap()
[15894795252555] METRIC #425: btc_ptmc_rep_cold = 4.0000000000 | Src: src/btc_mining_engine.c:492 engine_ptmc_swap()
[15894795656865] METRIC #426: btc_ptmc_accept = 1.0000000000 | Src: src/btc_mining_engine.c:492 engine_ptmc_swap()
[15894796188985] METRIC #427: btc_ptmc_rep_hot = 6.0000000000 | Src: src/btc_mining_engine.c:492 engine_ptmc_swap()
[15894796638505] METRIC #428: btc_ptmc_rep_cold = 5.0000000000 | Src: src/btc_mining_engine.c:492 engine_ptmc_swap()
[15894797101045] METRIC #429: btc_ptmc_accept = 1.0000000000 | Src: src/btc_mining_engine.c:492 engine_ptmc_swap()
[15894797506165] METRIC #430: btc_ptmc_rep_hot = 7.0000000000 | Src: src/btc_mining_engine.c:492 engine_ptmc_swap()
[15894797976435] METRIC #431: btc_ptmc_rep_cold = 6.0000000000 | Src: src/btc_mining_engine.c:492 engine_ptmc_swap()
[15894798416765] METRIC #432: btc_ptmc_accept = 1.0000000000 | Src: src/btc_mining_engine.c:492 engine_ptmc_swap()
[15894893884565] METRIC #433: btc_ptmc_rep_hot = 1.0000000000 | Src: src/btc_mining_engine.c:492 engine_ptmc_swap()
[15894894510365] METRIC #434: btc_ptmc_rep_cold = 0.0000000000 | Src: src/btc_mining_engine.c:492 engine_ptmc_swap()
[15894895127415] METRIC #435: btc_ptmc_accept = 1.0000000000 | Src: src/btc_mining_engine.c:492 engine_ptmc_swap()
[15894895598775] METRIC #436: btc_ptmc_rep_hot = 2.0000000000 | Src: src/btc_mining_engine.c:492 engine_ptmc_swap()
[15894896081035] METRIC #437: btc_ptmc_rep_cold = 1.0000000000 | Src: src/btc_mining_engine.c:492 engine_ptmc_swap()
[15894896601745] METRIC #438: btc_ptmc_accept = 1.0000000000 | Src: src/btc_mining_engine.c:492 engine_ptmc_swap()
[15894897114555] METRIC #439: btc_ptmc_rep_hot = 3.0000000000 | Src: src/btc_mining_engine.c:492 engine_ptmc_swap()
[15894897556915] METRIC #440: btc_ptmc_rep_cold = 2.0000000000 | Src: src/btc_mining_engine.c:492 engine_ptmc_swap()
[15894898012645] METRIC #441: btc_ptmc_accept = 1.0000000000 | Src: src/btc_mining_engine.c:492 engine_ptmc_swap()
[15894898555435] METRIC #442: btc_ptmc_rep_hot = 4.0000000000 | Src: src/btc_mining_engine.c:492 engine_ptmc_swap()
[15894898998015] METRIC #443: btc_ptmc_rep_cold = 3.0000000000 | Src: src/btc_mining_engine.c:492 engine_ptmc_swap()
[15894899450595] METRIC #444: btc_ptmc_accept = 1.0000000000 | Src: src/btc_mining_engine.c:492 engine_ptmc_swap()
[15894899903035] METRIC #445: btc_ptmc_rep_hot = 5.0000000000 | Src: src/btc_mining_engine.c:492 engine_ptmc_swap()
[15894900353415] METRIC #446: btc_ptmc_rep_cold = 4.0000000000 | Src: src/btc_mining_engine.c:492 engine_ptmc_swap()
[15894900883325] METRIC #447: btc_ptmc_accept = 1.0000000000 | Src: src/btc_mining_engine.c:492 engine_ptmc_swap()
[15894901395555] METRIC #448: btc_ptmc_rep_hot = 6.0000000000 | Src: src/btc_mining_engine.c:492 engine_ptmc_swap()
[15894901931156] METRIC #449: btc_ptmc_rep_cold = 5.0000000000 | Src: src/btc_mining_engine.c:492 engine_ptmc_swap()
[15894902485106] METRIC #450: btc_ptmc_accept = 1.0000000000 | Src: src/btc_mining_engine.c:492 engine_ptmc_swap()
[15894903092755] METRIC #451: btc_ptmc_rep_hot = 7.0000000000 | Src: src/btc_mining_engine.c:492 engine_ptmc_swap()
[15894903597505] METRIC #452: btc_ptmc_rep_cold = 6.0000000000 | Src: src/btc_mining_engine.c:492 engine_ptmc_swap()
[15894904137565] METRIC #453: btc_ptmc_accept = 1.0000000000 | Src: src/btc_mining_engine.c:492 engine_ptmc_swap()
[15894993971256] METRIC #454: btc_ptmc_rep_hot = 1.0000000000 | Src: src/btc_mining_engine.c:492 engine_ptmc_swap()
[15894994530826] METRIC #455: btc_ptmc_rep_cold = 0.0000000000 | Src: src/btc_mining_engine.c:492 engine_ptmc_swap()
[15894994980306] METRIC #456: btc_ptmc_accept = 1.0000000000 | Src: src/btc_mining_engine.c:492 engine_ptmc_swap()
[15894995433616] METRIC #457: btc_ptmc_rep_hot = 2.0000000000 | Src: src/btc_mining_engine.c:492 engine_ptmc_swap()
[15894995869076] METRIC #458: btc_ptmc_rep_cold = 1.0000000000 | Src: src/btc_mining_engine.c:492 engine_ptmc_swap()
[15894996316306] METRIC #459: btc_ptmc_accept = 1.0000000000 | Src: src/btc_mining_engine.c:492 engine_ptmc_swap()
[15894996879776] METRIC #460: btc_ptmc_rep_hot = 3.0000000000 | Src: src/btc_mining_engine.c:492 engine_ptmc_swap()
[15894997458806] METRIC #461: btc_ptmc_rep_cold = 2.0000000000 | Src: src/btc_mining_engine.c:492 engine_ptmc_swap()
[15894997883216] METRIC #462: btc_ptmc_accept = 1.0000000000 | Src: src/btc_mining_engine.c:492 engine_ptmc_swap()
[15894998310696] METRIC #463: btc_ptmc_rep_hot = 4.0000000000 | Src: src/btc_mining_engine.c:492 engine_ptmc_swap()
[15894998737776] METRIC #464: btc_ptmc_rep_cold = 3.0000000000 | Src: src/btc_mining_engine.c:492 engine_ptmc_swap()
[15894999164336] METRIC #465: btc_ptmc_accept = 1.0000000000 | Src: src/btc_mining_engine.c:492 engine_ptmc_swap()
[15894999590406] METRIC #466: btc_ptmc_rep_hot = 5.0000000000 | Src: src/btc_mining_engine.c:492 engine_ptmc_swap()
[15895000058526] METRIC #467: btc_ptmc_rep_cold = 4.0000000000 | Src: src/btc_mining_engine.c:492 engine_ptmc_swap()
[15895000625646] METRIC #468: btc_ptmc_accept = 1.0000000000 | Src: src/btc_mining_engine.c:492 engine_ptmc_swap()
[15895002469416] METRIC #469: btc_ptmc_rep_hot = 6.0000000000 | Src: src/btc_mining_engine.c:492 engine_ptmc_swap()
[15895002954116] METRIC #470: btc_ptmc_rep_cold = 5.0000000000 | Src: src/btc_mining_engine.c:492 engine_ptmc_swap()
[15895003501296] METRIC #471: btc_ptmc_accept = 1.0000000000 | Src: src/btc_mining_engine.c:492 engine_ptmc_swap()
[15895004009406] METRIC #472: btc_ptmc_rep_hot = 7.0000000000 | Src: src/btc_mining_engine.c:492 engine_ptmc_swap()
[15895004495576] METRIC #473: btc_ptmc_rep_cold = 6.0000000000 | Src: src/btc_mining_engine.c:492 engine_ptmc_swap()
[15895004973956] METRIC #474: btc_ptmc_accept = 1.0000000000 | Src: src/btc_mining_engine.c:492 engine_ptmc_swap()
[15895062988047] METRIC #475: btc_block_nonce = 891993748.0000000000 | Src: src/btc_mining_engine.c:677 btc_mining_thread()
[15895063598717] METRIC #476: btc_best_leading_zeros = 18.0000000000 | Src: src/btc_mining_engine.c:677 btc_mining_thread()
[15895064139677] METRIC #477: btc_block_valid = 0.0000000000 | Src: src/btc_mining_engine.c:677 btc_mining_thread()
[15895065608607] METRIC #478: btc_best_leading_zeros = 18.0000000000 | Src: src/btc_mining_engine.c:679 btc_mining_thread()
[15895066857717] METRIC #479: btc_nx48_csv_saved = 1.0000000000 | Src: src/nx48_btc_controller.c:479 nx48_btc_save_csv()
[15895095056537] METRIC #480: btc_ptmc_rep_hot = 1.0000000000 | Src: src/btc_mining_engine.c:492 engine_ptmc_swap()
[15895095643447] METRIC #481: btc_ptmc_rep_cold = 0.0000000000 | Src: src/btc_mining_engine.c:492 engine_ptmc_swap()
[15895096204787] METRIC #482: btc_ptmc_accept = 1.0000000000 | Src: src/btc_mining_engine.c:492 engine_ptmc_swap()
[15895096763057] METRIC #483: btc_ptmc_rep_hot = 2.0000000000 | Src: src/btc_mining_engine.c:494 engine_ptmc_swap()
[15895097282147] METRIC #484: btc_ptmc_rep_cold = 1.0000000000 | Src: src/btc_mining_engine.c:494 engine_ptmc_swap()
[15895097818777] METRIC #485: btc_ptmc_accept = -0.7165701146 | Src: src/btc_mining_engine.c:494 engine_ptmc_swap()
[15895098378617] METRIC #486: btc_ptmc_rep_hot = 3.0000000000 | Src: src/btc_mining_engine.c:494 engine_ptmc_swap()
[15895098892597] METRIC #487: btc_ptmc_rep_cold = 2.0000000000 | Src: src/btc_mining_engine.c:494 engine_ptmc_swap()
[15895099481237] METRIC #488: btc_ptmc_accept = -0.8464931860 | Src: src/btc_mining_engine.c:494 engine_ptmc_swap()
[15895099980217] METRIC #489: btc_ptmc_rep_hot = 4.0000000000 | Src: src/btc_mining_engine.c:492 engine_ptmc_swap()
[15895100483547] METRIC #490: btc_ptmc_rep_cold = 3.0000000000 | Src: src/btc_mining_engine.c:492 engine_ptmc_swap()
[15895100997977] METRIC #491: btc_ptmc_accept = 1.0000000000 | Src: src/btc_mining_engine.c:492 engine_ptmc_swap()
[15895101502607] METRIC #492: btc_ptmc_rep_hot = 5.0000000000 | Src: src/btc_mining_engine.c:492 engine_ptmc_swap()
[15895102107057] METRIC #493: btc_ptmc_rep_cold = 4.0000000000 | Src: src/btc_mining_engine.c:492 engine_ptmc_swap()
[15895102637487] METRIC #494: btc_ptmc_accept = 1.0000000000 | Src: src/btc_mining_engine.c:492 engine_ptmc_swap()
[15895103230777] METRIC #495: btc_ptmc_rep_hot = 6.0000000000 | Src: src/btc_mining_engine.c:492 engine_ptmc_swap()
[15895103735597] METRIC #496: btc_ptmc_rep_cold = 5.0000000000 | Src: src/btc_mining_engine.c:492 engine_ptmc_swap()
[15895104276877] METRIC #497: btc_ptmc_accept = 1.0000000000 | Src: src/btc_mining_engine.c:492 engine_ptmc_swap()
[15895104781347] METRIC #498: btc_ptmc_rep_hot = 7.0000000000 | Src: src/btc_mining_engine.c:492 engine_ptmc_swap()
[15895105357557] METRIC #499: btc_ptmc_rep_cold = 6.0000000000 | Src: src/btc_mining_engine.c:492 engine_ptmc_swap()
[15895105945867] METRIC #500: btc_ptmc_accept = 1.0000000000 | Src: src/btc_mining_engine.c:492 engine_ptmc_swap()
[15895137611917] METRIC #501: btc_nonces_total = 689152.0000000000 | Src: src/btc_mining_engine.c:900 btc_engine_run()
[15895138227107] METRIC #502: btc_elapsed_s = 2.0019765960 | Src: src/btc_mining_engine.c:901 btc_engine_run()
[15895138639477] METRIC #503: btc_hashrate_mhs_final = 0.3442357925 | Src: src/btc_mining_engine.c:902 btc_engine_run()
[15895139184378] METRIC #504: btc_best_leading_zeros = 18.0000000000 | Src: src/btc_mining_engine.c:903 btc_engine_run()
[15895139661697] METRIC #505: btc_best_nonce_final = 891993748.0000000000 | Src: src/btc_mining_engine.c:904 btc_engine_run()
[15895140117687] METRIC #506: btc_block_valid = 0.0000000000 | Src: src/btc_mining_engine.c:905 btc_engine_run()
[15895140533177] METRIC #507: btc_hashrate_gate_pass = 1.0000000000 | Src: src/btc_mining_engine.c:912 btc_engine_run()
[15895141041977] METRIC #508: btc_memory_gate_pass = 1.0000000000 | Src: src/btc_mining_engine.c:915 btc_engine_run()
[15895141569937] TEST_END: btc_engine_run | SUCCÈS | Durée: 2005934916 ns (2005.935 ms) | Src: src/btc_mining_engine.c:926 btc_engine_run()
[15895142147937] METRIC #509: btc_nx48_csv_saved = 1.0000000000 | Src: src/nx48_btc_controller.c:479 nx48_btc_save_csv()
[15898136277723] METRIC #510: btc_ram_available_mb_end = 18985.0000000000 | Src: src/btc_mining_engine.c:940 btc_engine_run()
[15898137156503] METRIC #511: btc_nx48_csv_saved = 1.0000000000 | Src: src/nx48_btc_controller.c:479 nx48_btc_save_csv()
[15898137571913] METRIC #512: btc_memory_gate_pass = 1.0000000000 | Src: src/main_btc_mining.c:355 main()
[15898138144533] TEST_END: main_btc_mining | SUCCÈS | Durée: 5002509512 ns (5002.510 ms) | Src: src/main_btc_mining.c:356 main()
[15898138296623] METRIC #513: btc_wallet_destroyed = 1.0000000000 | Src: src/btc_wallet.c:423 btc_wallet_destroy()
