=== LOG FORENSIQUE ULTRA-STRICT v3.0 MODULE btc_qm_engine ===
Timestamp: 10346049832264 ns | PID: 123706 | Thread: 125556732829824
Standards: ISO/IEC 27037, NIST SP 800-86, IEEE 1012
=====================================================
[10346049913655] TEST_START: main_btc_mining | Source: src/main_btc_mining.c:208 in main()
[10346049920765] METRIC #1: btc_run_mode_hash = 66.0000000000 | Src: src/main_btc_mining.c:209 main()
[10346050208458] METRIC #2: btc_module_version = 17.0000000000 | Src: src/main_btc_mining.c:211 main()
[10346050515325] METRIC #3: btc_nx48_csv_loaded_c43_dual = 1.0000000000 | Src: src/nx48_btc_controller.c:538 nx48_btc_load_csv()
[10346050566886] METRIC #4: btc_nx48_csv_loaded = 1.0000000000 | Src: src/nx48_btc_controller.c:540 nx48_btc_load_csv()
[10346050605966] METRIC #5: btc_nx48_best_leading_loaded = 28.0000000000 | Src: src/nx48_btc_controller.c:541 nx48_btc_load_csv()
[10346050684932] METRIC #6: btc_nx48_init_loaded = 1.0000000000 | Src: src/nx48_btc_controller.c:163 nx48_btc_init()
[10346050724206] METRIC #7: btc_nx48_delta_nonce_scale = 49.7927220000 | Src: src/nx48_btc_controller.c:164 nx48_btc_init()
[10346050763768] METRIC #8: btc_nx48_n_replicas_scale = 1.0000000000 | Src: src/nx48_btc_controller.c:165 nx48_btc_init()
[10346050800461] METRIC #9: btc_nx48_swap_temp_scale = 1.0000000000 | Src: src/nx48_btc_controller.c:166 nx48_btc_init()
[10346050843213] METRIC #10: btc_nx48_batch_size_scale = 4.0000000000 | Src: src/nx48_btc_controller.c:167 nx48_btc_init()
[10346050879310] METRIC #11: btc_nx48_exploration_bias = 0.8930620000 | Src: src/nx48_btc_controller.c:168 nx48_btc_init()
[10346050918556] METRIC #12: btc_nx48_neuron_count = 2.0000000000 | Src: src/nx48_btc_controller.c:169 nx48_btc_init()
[10346050961315] METRIC #13: btc_sha256_self_test_pass = 1.0000000000 | Src: src/sha256_lumvorax.c:396 lv_sha256_self_test()
[10346051008976] METRIC #14: btc_wallet_create_start = 1.0000000000 | Src: src/btc_wallet.c:296 btc_wallet_create()
[10346056590028] METRIC #15: btc_wallet_created = 1.0000000000 | Src: src/btc_wallet.c:343 btc_wallet_create()
[10346056687121] METRIC #16: btc_wallet_create_ns = 5580604.0000000000 | Src: src/btc_wallet.c:344 btc_wallet_create()
[10346056734838] METRIC #17: btc_wallet_network = 1.0000000000 | Src: src/btc_wallet.c:345 btc_wallet_create()
[10346056889168] METRIC #18: btc_wallet_saved_json = 1.0000000000 | Src: src/btc_wallet.c:507 btc_wallet_save_json()
[10346056933982] METRIC #19: btc_sha256_self_test_pass = 1.0000000000 | Src: src/sha256_lumvorax.c:396 lv_sha256_self_test()
[10346056968598] METRIC #20: btc_integrity_gate_pass = 1.0000000000 | Src: src/btc_mining_engine.c:828 btc_engine_run()
[10346057161748] METRIC #21: btc_ram_available_mb_start = 1015.0000000000 | Src: src/btc_mining_engine.c:868 btc_engine_run()
[10346057210279] TEST_START: btc_engine_create | Source: src/btc_mining_engine.c:433 in engine_create()
[10346057216986] METRIC #22: btc_n_replicas = 8.0000000000 | Src: src/btc_mining_engine.c:434 engine_create()
[10346057251295] METRIC #23: btc_n_threads = 4.0000000000 | Src: src/btc_mining_engine.c:435 engine_create()
[10346057285579] METRIC #24: btc_batch_size = 512.0000000000 | Src: src/btc_mining_engine.c:436 engine_create()
[10346057321259] METRIC #25: btc_nonce_start = 0.0000000000 | Src: src/btc_mining_engine.c:437 engine_create()
[10346057354974] METRIC #26: btc_nonce_end = 4294967295.0000000000 | Src: src/btc_mining_engine.c:438 engine_create()
[10346057399582] METRIC #27: btc_duration_s = 3.0000000000 | Src: src/btc_mining_engine.c:439 engine_create()
[10346057434219] METRIC #28: btc_replica_idx = 0.0000000000 | Src: src/btc_mining_engine.c:442 engine_create()
[10346057468583] METRIC #29: btc_replica_nonce = 0.0000000000 | Src: src/btc_mining_engine.c:442 engine_create()
[10346057502630] METRIC #30: btc_replica_temp = 1.0000000000 | Src: src/btc_mining_engine.c:442 engine_create()
[10346057536171] METRIC #31: btc_replica_leading = 0.0000000000 | Src: src/btc_mining_engine.c:442 engine_create()
[10346057570071] METRIC #32: btc_replica_idx = 1.0000000000 | Src: src/btc_mining_engine.c:442 engine_create()
[10346057612438] METRIC #33: btc_replica_nonce = 536870911.0000000000 | Src: src/btc_mining_engine.c:442 engine_create()
[10346057649117] METRIC #34: btc_replica_temp = 2.0000000000 | Src: src/btc_mining_engine.c:442 engine_create()
[10346057682562] METRIC #35: btc_replica_leading = 0.0000000000 | Src: src/btc_mining_engine.c:442 engine_create()
[10346057715868] METRIC #36: btc_replica_idx = 2.0000000000 | Src: src/btc_mining_engine.c:442 engine_create()
[10346057749167] METRIC #37: btc_replica_nonce = 1073741822.0000000000 | Src: src/btc_mining_engine.c:442 engine_create()
[10346057785308] METRIC #38: btc_replica_temp = 4.0000000000 | Src: src/btc_mining_engine.c:442 engine_create()
[10346057819649] METRIC #39: btc_replica_leading = 0.0000000000 | Src: src/btc_mining_engine.c:442 engine_create()
[10346057853068] METRIC #40: btc_replica_idx = 3.0000000000 | Src: src/btc_mining_engine.c:442 engine_create()
[10346057896332] METRIC #41: btc_replica_nonce = 1610612733.0000000000 | Src: src/btc_mining_engine.c:442 engine_create()
[10346057932983] METRIC #42: btc_replica_temp = 8.0000000000 | Src: src/btc_mining_engine.c:442 engine_create()
[10346057969275] METRIC #43: btc_replica_leading = 0.0000000000 | Src: src/btc_mining_engine.c:442 engine_create()
[10346058011951] METRIC #44: btc_replica_idx = 4.0000000000 | Src: src/btc_mining_engine.c:442 engine_create()
[10346058049431] METRIC #45: btc_replica_nonce = 2147483644.0000000000 | Src: src/btc_mining_engine.c:442 engine_create()
[10346058087552] METRIC #46: btc_replica_temp = 12.0000000000 | Src: src/btc_mining_engine.c:442 engine_create()
[10346058123928] METRIC #47: btc_replica_leading = 0.0000000000 | Src: src/btc_mining_engine.c:442 engine_create()
[10346058158788] METRIC #48: btc_replica_idx = 5.0000000000 | Src: src/btc_mining_engine.c:442 engine_create()
[10346058193581] METRIC #49: btc_replica_nonce = 2684354555.0000000000 | Src: src/btc_mining_engine.c:442 engine_create()
[10346058232136] METRIC #50: btc_replica_temp = 20.0000000000 | Src: src/btc_mining_engine.c:442 engine_create()
[10346058268510] METRIC #51: btc_replica_leading = 0.0000000000 | Src: src/btc_mining_engine.c:442 engine_create()
[10346058303920] METRIC #52: btc_replica_idx = 6.0000000000 | Src: src/btc_mining_engine.c:442 engine_create()
[10346058338999] METRIC #53: btc_replica_nonce = 3221225466.0000000000 | Src: src/btc_mining_engine.c:442 engine_create()
[10346058376750] METRIC #54: btc_replica_temp = 35.0000000000 | Src: src/btc_mining_engine.c:442 engine_create()
[10346058412620] METRIC #55: btc_replica_leading = 0.0000000000 | Src: src/btc_mining_engine.c:442 engine_create()
[10346058450856] METRIC #56: btc_replica_idx = 7.0000000000 | Src: src/btc_mining_engine.c:442 engine_create()
[10346058487596] METRIC #57: btc_replica_nonce = 3758096377.0000000000 | Src: src/btc_mining_engine.c:442 engine_create()
[10346058527679] METRIC #58: btc_replica_temp = 50.0000000000 | Src: src/btc_mining_engine.c:442 engine_create()
[10346058565052] METRIC #59: btc_replica_leading = 0.0000000000 | Src: src/btc_mining_engine.c:442 engine_create()
[10346058602916] METRIC #60: btc_midstate_applied = 1.0000000000 | Src: src/btc_mining_engine.c:883 btc_engine_run()
[10346058753383] METRIC #61: btc_block_nonce = 23342800.0000000000 | Src: src/btc_mining_engine.c:689 btc_mining_thread()
[10346058855011] METRIC #62: btc_best_leading_zeros = 1.0000000000 | Src: src/btc_mining_engine.c:689 btc_mining_thread()
[10346058893882] METRIC #63: btc_block_valid = 0.0000000000 | Src: src/btc_mining_engine.c:689 btc_mining_thread()
[10346058930324] METRIC #64: btc_threads_launched = 4.0000000000 | Src: src/btc_mining_engine.c:902 btc_engine_run()
[10346059299125] METRIC #65: btc_best_leading_zeros = 1.0000000000 | Src: src/btc_mining_engine.c:690 btc_mining_thread()
[10346059610564] METRIC #66: btc_nx48_csv_saved = 1.0000000000 | Src: src/nx48_btc_controller.c:484 nx48_btc_save_csv()
[10346059661592] METRIC #67: btc_block_nonce = 4261565592.0000000000 | Src: src/btc_mining_engine.c:689 btc_mining_thread()
[10346059696023] METRIC #68: btc_best_leading_zeros = 4.0000000000 | Src: src/btc_mining_engine.c:689 btc_mining_thread()
[10346059718823] METRIC #69: btc_block_valid = 0.0000000000 | Src: src/btc_mining_engine.c:689 btc_mining_thread()
[10346059766901] METRIC #70: btc_best_leading_zeros = 4.0000000000 | Src: src/btc_mining_engine.c:690 btc_mining_thread()
[10346059862514] METRIC #71: btc_nx48_csv_saved = 1.0000000000 | Src: src/nx48_btc_controller.c:484 nx48_btc_save_csv()
[10346059915261] METRIC #72: btc_block_nonce = 1106321889.0000000000 | Src: src/btc_mining_engine.c:689 btc_mining_thread()
[10346059943063] METRIC #73: btc_best_leading_zeros = 12.0000000000 | Src: src/btc_mining_engine.c:689 btc_mining_thread()
[10346059979974] METRIC #74: btc_block_valid = 0.0000000000 | Src: src/btc_mining_engine.c:689 btc_mining_thread()
[10346060042163] METRIC #75: btc_best_leading_zeros = 12.0000000000 | Src: src/btc_mining_engine.c:690 btc_mining_thread()
[10346060125286] METRIC #76: btc_nx48_csv_saved = 1.0000000000 | Src: src/nx48_btc_controller.c:484 nx48_btc_save_csv()
[10346094331145] METRIC #77: btc_block_nonce = 719349201.0000000000 | Src: src/btc_mining_engine.c:689 btc_mining_thread()
[10346094428418] METRIC #78: btc_best_leading_zeros = 16.0000000000 | Src: src/btc_mining_engine.c:689 btc_mining_thread()
[10346094466969] METRIC #79: btc_block_valid = 0.0000000000 | Src: src/btc_mining_engine.c:689 btc_mining_thread()
[10346094533734] METRIC #80: btc_best_leading_zeros = 16.0000000000 | Src: src/btc_mining_engine.c:690 btc_mining_thread()
[10346094669855] METRIC #81: btc_nx48_csv_saved = 1.0000000000 | Src: src/nx48_btc_controller.c:484 nx48_btc_save_csv()
[10346164186353] METRIC #82: btc_ptmc_rep_hot = 1.0000000000 | Src: src/btc_mining_engine.c:503 engine_ptmc_swap()
[10346164274490] METRIC #83: btc_ptmc_rep_cold = 0.0000000000 | Src: src/btc_mining_engine.c:503 engine_ptmc_swap()
[10346164305028] METRIC #84: btc_ptmc_accept = 1.0000000000 | Src: src/btc_mining_engine.c:503 engine_ptmc_swap()
[10346164333594] METRIC #85: btc_ptmc_rep_hot = 2.0000000000 | Src: src/btc_mining_engine.c:503 engine_ptmc_swap()
[10346164358012] METRIC #86: btc_ptmc_rep_cold = 1.0000000000 | Src: src/btc_mining_engine.c:503 engine_ptmc_swap()
[10346164376789] METRIC #87: btc_ptmc_accept = 1.0000000000 | Src: src/btc_mining_engine.c:503 engine_ptmc_swap()
[10346164396697] METRIC #88: btc_ptmc_rep_hot = 3.0000000000 | Src: src/btc_mining_engine.c:503 engine_ptmc_swap()
[10346164421734] METRIC #89: btc_ptmc_rep_cold = 2.0000000000 | Src: src/btc_mining_engine.c:503 engine_ptmc_swap()
[10346164440970] METRIC #90: btc_ptmc_accept = 1.0000000000 | Src: src/btc_mining_engine.c:503 engine_ptmc_swap()
[10346164460402] METRIC #91: btc_ptmc_rep_hot = 4.0000000000 | Src: src/btc_mining_engine.c:503 engine_ptmc_swap()
[10346164486969] METRIC #92: btc_ptmc_rep_cold = 3.0000000000 | Src: src/btc_mining_engine.c:503 engine_ptmc_swap()
[10346164512753] METRIC #93: btc_ptmc_accept = 1.0000000000 | Src: src/btc_mining_engine.c:503 engine_ptmc_swap()
[10346164539396] METRIC #94: btc_ptmc_rep_hot = 5.0000000000 | Src: src/btc_mining_engine.c:503 engine_ptmc_swap()
[10346164564630] METRIC #95: btc_ptmc_rep_cold = 4.0000000000 | Src: src/btc_mining_engine.c:503 engine_ptmc_swap()
[10346164590381] METRIC #96: btc_ptmc_accept = 1.0000000000 | Src: src/btc_mining_engine.c:503 engine_ptmc_swap()
[10346164617907] METRIC #97: btc_ptmc_rep_hot = 6.0000000000 | Src: src/btc_mining_engine.c:503 engine_ptmc_swap()
[10346164644253] METRIC #98: btc_ptmc_rep_cold = 5.0000000000 | Src: src/btc_mining_engine.c:503 engine_ptmc_swap()
[10346164669130] METRIC #99: btc_ptmc_accept = 1.0000000000 | Src: src/btc_mining_engine.c:503 engine_ptmc_swap()
[10346164693955] METRIC #100: btc_ptmc_rep_hot = 7.0000000000 | Src: src/btc_mining_engine.c:503 engine_ptmc_swap()
[10346164721011] METRIC #101: btc_ptmc_rep_cold = 6.0000000000 | Src: src/btc_mining_engine.c:503 engine_ptmc_swap()
[10346164746416] METRIC #102: btc_ptmc_accept = 1.0000000000 | Src: src/btc_mining_engine.c:503 engine_ptmc_swap()
[10346186325450] METRIC #103: btc_block_nonce = 3446859842.0000000000 | Src: src/btc_mining_engine.c:689 btc_mining_thread()
[10346186442410] METRIC #104: btc_best_leading_zeros = 20.0000000000 | Src: src/btc_mining_engine.c:689 btc_mining_thread()
[10346186475166] METRIC #105: btc_block_valid = 0.0000000000 | Src: src/btc_mining_engine.c:689 btc_mining_thread()
[10346186541538] METRIC #106: btc_best_leading_zeros = 20.0000000000 | Src: src/btc_mining_engine.c:690 btc_mining_thread()
[10346186679566] METRIC #107: btc_nx48_csv_saved = 1.0000000000 | Src: src/nx48_btc_controller.c:484 nx48_btc_save_csv()
[10346265056609] METRIC #108: btc_ptmc_rep_hot = 1.0000000000 | Src: src/btc_mining_engine.c:505 engine_ptmc_swap()
[10346265135529] METRIC #109: btc_ptmc_rep_cold = 0.0000000000 | Src: src/btc_mining_engine.c:505 engine_ptmc_swap()
[10346265156717] METRIC #110: btc_ptmc_accept = -0.1354058228 | Src: src/btc_mining_engine.c:505 engine_ptmc_swap()
[10346265179075] METRIC #111: btc_ptmc_rep_hot = 2.0000000000 | Src: src/btc_mining_engine.c:503 engine_ptmc_swap()
[10346265199121] METRIC #112: btc_ptmc_rep_cold = 1.0000000000 | Src: src/btc_mining_engine.c:503 engine_ptmc_swap()
[10346265218868] METRIC #113: btc_ptmc_accept = 1.0000000000 | Src: src/btc_mining_engine.c:503 engine_ptmc_swap()
[10346265238747] METRIC #114: btc_ptmc_rep_hot = 3.0000000000 | Src: src/btc_mining_engine.c:503 engine_ptmc_swap()
[10346265256964] METRIC #115: btc_ptmc_rep_cold = 2.0000000000 | Src: src/btc_mining_engine.c:503 engine_ptmc_swap()
[10346265274809] METRIC #116: btc_ptmc_accept = 1.0000000000 | Src: src/btc_mining_engine.c:503 engine_ptmc_swap()
[10346265304743] METRIC #117: btc_ptmc_rep_hot = 4.0000000000 | Src: src/btc_mining_engine.c:503 engine_ptmc_swap()
[10346265323280] METRIC #118: btc_ptmc_rep_cold = 3.0000000000 | Src: src/btc_mining_engine.c:503 engine_ptmc_swap()
[10346265348110] METRIC #119: btc_ptmc_accept = 1.0000000000 | Src: src/btc_mining_engine.c:503 engine_ptmc_swap()
[10346265375299] METRIC #120: btc_ptmc_rep_hot = 5.0000000000 | Src: src/btc_mining_engine.c:503 engine_ptmc_swap()
[10346265401076] METRIC #121: btc_ptmc_rep_cold = 4.0000000000 | Src: src/btc_mining_engine.c:503 engine_ptmc_swap()
[10346265426137] METRIC #122: btc_ptmc_accept = 1.0000000000 | Src: src/btc_mining_engine.c:503 engine_ptmc_swap()
[10346265450949] METRIC #123: btc_ptmc_rep_hot = 6.0000000000 | Src: src/btc_mining_engine.c:503 engine_ptmc_swap()
[10346265476180] METRIC #124: btc_ptmc_rep_cold = 5.0000000000 | Src: src/btc_mining_engine.c:503 engine_ptmc_swap()
[10346265501040] METRIC #125: btc_ptmc_accept = 1.0000000000 | Src: src/btc_mining_engine.c:503 engine_ptmc_swap()
[10346265527721] METRIC #126: btc_ptmc_rep_hot = 7.0000000000 | Src: src/btc_mining_engine.c:503 engine_ptmc_swap()
[10346265554704] METRIC #127: btc_ptmc_rep_cold = 6.0000000000 | Src: src/btc_mining_engine.c:503 engine_ptmc_swap()
[10346265580227] METRIC #128: btc_ptmc_accept = 1.0000000000 | Src: src/btc_mining_engine.c:503 engine_ptmc_swap()
[10346370661880] METRIC #129: btc_ptmc_rep_hot = 1.0000000000 | Src: src/btc_mining_engine.c:503 engine_ptmc_swap()
[10346370737468] METRIC #130: btc_ptmc_rep_cold = 0.0000000000 | Src: src/btc_mining_engine.c:503 engine_ptmc_swap()
[10346370807737] METRIC #131: btc_ptmc_accept = 1.0000000000 | Src: src/btc_mining_engine.c:503 engine_ptmc_swap()
[10346370830363] METRIC #132: btc_ptmc_rep_hot = 2.0000000000 | Src: src/btc_mining_engine.c:503 engine_ptmc_swap()
[10346370850867] METRIC #133: btc_ptmc_rep_cold = 1.0000000000 | Src: src/btc_mining_engine.c:503 engine_ptmc_swap()
[10346370870317] METRIC #134: btc_ptmc_accept = 1.0000000000 | Src: src/btc_mining_engine.c:503 engine_ptmc_swap()
[10346370891963] METRIC #135: btc_ptmc_rep_hot = 3.0000000000 | Src: src/btc_mining_engine.c:503 engine_ptmc_swap()
[10346370913883] METRIC #136: btc_ptmc_rep_cold = 2.0000000000 | Src: src/btc_mining_engine.c:503 engine_ptmc_swap()
[10346370941946] METRIC #137: btc_ptmc_accept = 1.0000000000 | Src: src/btc_mining_engine.c:503 engine_ptmc_swap()
[10346370980420] METRIC #138: btc_ptmc_rep_hot = 4.0000000000 | Src: src/btc_mining_engine.c:503 engine_ptmc_swap()
[10346371016381] METRIC #139: btc_ptmc_rep_cold = 3.0000000000 | Src: src/btc_mining_engine.c:503 engine_ptmc_swap()
[10346371043648] METRIC #140: btc_ptmc_accept = 1.0000000000 | Src: src/btc_mining_engine.c:503 engine_ptmc_swap()
[10346371069593] METRIC #141: btc_ptmc_rep_hot = 5.0000000000 | Src: src/btc_mining_engine.c:503 engine_ptmc_swap()
[10346371095999] METRIC #142: btc_ptmc_rep_cold = 4.0000000000 | Src: src/btc_mining_engine.c:503 engine_ptmc_swap()
[10346371122864] METRIC #143: btc_ptmc_accept = 1.0000000000 | Src: src/btc_mining_engine.c:503 engine_ptmc_swap()
[10346371148571] METRIC #144: btc_ptmc_rep_hot = 6.0000000000 | Src: src/btc_mining_engine.c:503 engine_ptmc_swap()
[10346371174252] METRIC #145: btc_ptmc_rep_cold = 5.0000000000 | Src: src/btc_mining_engine.c:503 engine_ptmc_swap()
[10346371199776] METRIC #146: btc_ptmc_accept = 1.0000000000 | Src: src/btc_mining_engine.c:503 engine_ptmc_swap()
[10346371225636] METRIC #147: btc_ptmc_rep_hot = 7.0000000000 | Src: src/btc_mining_engine.c:503 engine_ptmc_swap()
[10346371251307] METRIC #148: btc_ptmc_rep_cold = 6.0000000000 | Src: src/btc_mining_engine.c:503 engine_ptmc_swap()
[10346371277299] METRIC #149: btc_ptmc_accept = 1.0000000000 | Src: src/btc_mining_engine.c:503 engine_ptmc_swap()
[10346471756238] METRIC #150: btc_ptmc_rep_hot = 1.0000000000 | Src: src/btc_mining_engine.c:503 engine_ptmc_swap()
[10346471835642] METRIC #151: btc_ptmc_rep_cold = 0.0000000000 | Src: src/btc_mining_engine.c:503 engine_ptmc_swap()
[10346471865778] METRIC #152: btc_ptmc_accept = 1.0000000000 | Src: src/btc_mining_engine.c:503 engine_ptmc_swap()
[10346471893616] METRIC #153: btc_ptmc_rep_hot = 2.0000000000 | Src: src/btc_mining_engine.c:503 engine_ptmc_swap()
[10346471918864] METRIC #154: btc_ptmc_rep_cold = 1.0000000000 | Src: src/btc_mining_engine.c:503 engine_ptmc_swap()
[10346471943041] METRIC #155: btc_ptmc_accept = 1.0000000000 | Src: src/btc_mining_engine.c:503 engine_ptmc_swap()
[10346471968346] METRIC #156: btc_ptmc_rep_hot = 3.0000000000 | Src: src/btc_mining_engine.c:503 engine_ptmc_swap()
[10346471992925] METRIC #157: btc_ptmc_rep_cold = 2.0000000000 | Src: src/btc_mining_engine.c:503 engine_ptmc_swap()
[10346472024281] METRIC #158: btc_ptmc_accept = 1.0000000000 | Src: src/btc_mining_engine.c:503 engine_ptmc_swap()
[10346472060770] METRIC #159: btc_ptmc_rep_hot = 4.0000000000 | Src: src/btc_mining_engine.c:505 engine_ptmc_swap()
[10346472145356] METRIC #160: btc_ptmc_rep_cold = 3.0000000000 | Src: src/btc_mining_engine.c:505 engine_ptmc_swap()
[10346472174743] METRIC #161: btc_ptmc_accept = -0.9048393810 | Src: src/btc_mining_engine.c:505 engine_ptmc_swap()
[10346472204911] METRIC #162: btc_ptmc_rep_hot = 5.0000000000 | Src: src/btc_mining_engine.c:503 engine_ptmc_swap()
[10346472233676] METRIC #163: btc_ptmc_rep_cold = 4.0000000000 | Src: src/btc_mining_engine.c:503 engine_ptmc_swap()
[10346472262828] METRIC #164: btc_ptmc_accept = 1.0000000000 | Src: src/btc_mining_engine.c:503 engine_ptmc_swap()
[10346472291383] METRIC #165: btc_ptmc_rep_hot = 6.0000000000 | Src: src/btc_mining_engine.c:503 engine_ptmc_swap()
[10346472320436] METRIC #166: btc_ptmc_rep_cold = 5.0000000000 | Src: src/btc_mining_engine.c:503 engine_ptmc_swap()
[10346472349295] METRIC #167: btc_ptmc_accept = 1.0000000000 | Src: src/btc_mining_engine.c:503 engine_ptmc_swap()
[10346472378266] METRIC #168: btc_ptmc_rep_hot = 7.0000000000 | Src: src/btc_mining_engine.c:503 engine_ptmc_swap()
[10346472407087] METRIC #169: btc_ptmc_rep_cold = 6.0000000000 | Src: src/btc_mining_engine.c:503 engine_ptmc_swap()
[10346472435729] METRIC #170: btc_ptmc_accept = 1.0000000000 | Src: src/btc_mining_engine.c:503 engine_ptmc_swap()
[10346573295499] METRIC #171: btc_ptmc_rep_hot = 1.0000000000 | Src: src/btc_mining_engine.c:503 engine_ptmc_swap()
[10346573369872] METRIC #172: btc_ptmc_rep_cold = 0.0000000000 | Src: src/btc_mining_engine.c:503 engine_ptmc_swap()
[10346573407769] METRIC #173: btc_ptmc_accept = 1.0000000000 | Src: src/btc_mining_engine.c:503 engine_ptmc_swap()
[10346573430929] METRIC #174: btc_ptmc_rep_hot = 2.0000000000 | Src: src/btc_mining_engine.c:503 engine_ptmc_swap()
[10346573457533] METRIC #175: btc_ptmc_rep_cold = 1.0000000000 | Src: src/btc_mining_engine.c:503 engine_ptmc_swap()
[10346573476972] METRIC #176: btc_ptmc_accept = 1.0000000000 | Src: src/btc_mining_engine.c:503 engine_ptmc_swap()
[10346573496545] METRIC #177: btc_ptmc_rep_hot = 3.0000000000 | Src: src/btc_mining_engine.c:503 engine_ptmc_swap()
[10346573524651] METRIC #178: btc_ptmc_rep_cold = 2.0000000000 | Src: src/btc_mining_engine.c:503 engine_ptmc_swap()
[10346573550533] METRIC #179: btc_ptmc_accept = 1.0000000000 | Src: src/btc_mining_engine.c:503 engine_ptmc_swap()
[10346573578389] METRIC #180: btc_ptmc_rep_hot = 4.0000000000 | Src: src/btc_mining_engine.c:503 engine_ptmc_swap()
[10346573604135] METRIC #181: btc_ptmc_rep_cold = 3.0000000000 | Src: src/btc_mining_engine.c:503 engine_ptmc_swap()
[10346573629331] METRIC #182: btc_ptmc_accept = 1.0000000000 | Src: src/btc_mining_engine.c:503 engine_ptmc_swap()
[10346573655658] METRIC #183: btc_ptmc_rep_hot = 5.0000000000 | Src: src/btc_mining_engine.c:503 engine_ptmc_swap()
[10346573681302] METRIC #184: btc_ptmc_rep_cold = 4.0000000000 | Src: src/btc_mining_engine.c:503 engine_ptmc_swap()
[10346573706052] METRIC #185: btc_ptmc_accept = 1.0000000000 | Src: src/btc_mining_engine.c:503 engine_ptmc_swap()
[10346573730530] METRIC #186: btc_ptmc_rep_hot = 6.0000000000 | Src: src/btc_mining_engine.c:503 engine_ptmc_swap()
[10346573755794] METRIC #187: btc_ptmc_rep_cold = 5.0000000000 | Src: src/btc_mining_engine.c:503 engine_ptmc_swap()
[10346573781897] METRIC #188: btc_ptmc_accept = 1.0000000000 | Src: src/btc_mining_engine.c:503 engine_ptmc_swap()
[10346573809296] METRIC #189: btc_ptmc_rep_hot = 7.0000000000 | Src: src/btc_mining_engine.c:503 engine_ptmc_swap()
[10346573834870] METRIC #190: btc_ptmc_rep_cold = 6.0000000000 | Src: src/btc_mining_engine.c:503 engine_ptmc_swap()
[10346573860971] METRIC #191: btc_ptmc_accept = 1.0000000000 | Src: src/btc_mining_engine.c:503 engine_ptmc_swap()
[10346676769610] METRIC #192: btc_ptmc_rep_hot = 1.0000000000 | Src: src/btc_mining_engine.c:503 engine_ptmc_swap()
[10346676863852] METRIC #193: btc_ptmc_rep_cold = 0.0000000000 | Src: src/btc_mining_engine.c:503 engine_ptmc_swap()
[10346676891284] METRIC #194: btc_ptmc_accept = 1.0000000000 | Src: src/btc_mining_engine.c:503 engine_ptmc_swap()
[10346676914138] METRIC #195: btc_ptmc_rep_hot = 2.0000000000 | Src: src/btc_mining_engine.c:503 engine_ptmc_swap()
[10346676934803] METRIC #196: btc_ptmc_rep_cold = 1.0000000000 | Src: src/btc_mining_engine.c:503 engine_ptmc_swap()
[10346676954306] METRIC #197: btc_ptmc_accept = 1.0000000000 | Src: src/btc_mining_engine.c:503 engine_ptmc_swap()
[10346676974526] METRIC #198: btc_ptmc_rep_hot = 3.0000000000 | Src: src/btc_mining_engine.c:503 engine_ptmc_swap()
[10346676993648] METRIC #199: btc_ptmc_rep_cold = 2.0000000000 | Src: src/btc_mining_engine.c:503 engine_ptmc_swap()
[10346677025865] METRIC #200: btc_ptmc_accept = 1.0000000000 | Src: src/btc_mining_engine.c:503 engine_ptmc_swap()
[10346677048213] METRIC #201: btc_ptmc_rep_hot = 4.0000000000 | Src: src/btc_mining_engine.c:503 engine_ptmc_swap()
[10346677066744] METRIC #202: btc_ptmc_rep_cold = 3.0000000000 | Src: src/btc_mining_engine.c:503 engine_ptmc_swap()
[10346677084541] METRIC #203: btc_ptmc_accept = 0.9048409551 | Src: src/btc_mining_engine.c:503 engine_ptmc_swap()
[10346677127176] METRIC #204: btc_ptmc_rep_hot = 5.0000000000 | Src: src/btc_mining_engine.c:503 engine_ptmc_swap()
[10346677145786] METRIC #205: btc_ptmc_rep_cold = 4.0000000000 | Src: src/btc_mining_engine.c:503 engine_ptmc_swap()
[10346677162405] METRIC #206: btc_ptmc_accept = 0.9394144973 | Src: src/btc_mining_engine.c:503 engine_ptmc_swap()
[10346677180897] METRIC #207: btc_ptmc_rep_hot = 6.0000000000 | Src: src/btc_mining_engine.c:503 engine_ptmc_swap()
[10346677199249] METRIC #208: btc_ptmc_rep_cold = 5.0000000000 | Src: src/btc_mining_engine.c:503 engine_ptmc_swap()
[10346677220961] METRIC #209: btc_ptmc_accept = 0.9642900774 | Src: src/btc_mining_engine.c:503 engine_ptmc_swap()
[10346677254918] METRIC #210: btc_ptmc_rep_hot = 7.0000000000 | Src: src/btc_mining_engine.c:503 engine_ptmc_swap()
[10346677272803] METRIC #211: btc_ptmc_rep_cold = 6.0000000000 | Src: src/btc_mining_engine.c:503 engine_ptmc_swap()
[10346677290903] METRIC #212: btc_ptmc_accept = 0.9767452464 | Src: src/btc_mining_engine.c:503 engine_ptmc_swap()
[10346777598088] METRIC #213: btc_ptmc_rep_hot = 1.0000000000 | Src: src/btc_mining_engine.c:503 engine_ptmc_swap()
[10346777713725] METRIC #214: btc_ptmc_rep_cold = 0.0000000000 | Src: src/btc_mining_engine.c:503 engine_ptmc_swap()
[10346777739629] METRIC #215: btc_ptmc_accept = 1.0000000000 | Src: src/btc_mining_engine.c:503 engine_ptmc_swap()
[10346777763309] METRIC #216: btc_ptmc_rep_hot = 2.0000000000 | Src: src/btc_mining_engine.c:503 engine_ptmc_swap()
[10346777789929] METRIC #217: btc_ptmc_rep_cold = 1.0000000000 | Src: src/btc_mining_engine.c:503 engine_ptmc_swap()
[10346777812716] METRIC #218: btc_ptmc_accept = 1.0000000000 | Src: src/btc_mining_engine.c:503 engine_ptmc_swap()
[10346777837412] METRIC #219: btc_ptmc_rep_hot = 3.0000000000 | Src: src/btc_mining_engine.c:503 engine_ptmc_swap()
[10346777859351] METRIC #220: btc_ptmc_rep_cold = 2.0000000000 | Src: src/btc_mining_engine.c:503 engine_ptmc_swap()
[10346777879655] METRIC #221: btc_ptmc_accept = 0.8464817249 | Src: src/btc_mining_engine.c:503 engine_ptmc_swap()
[10346777902861] METRIC #222: btc_ptmc_rep_hot = 4.0000000000 | Src: src/btc_mining_engine.c:503 engine_ptmc_swap()
[10346777922933] METRIC #223: btc_ptmc_rep_cold = 3.0000000000 | Src: src/btc_mining_engine.c:503 engine_ptmc_swap()
[10346777944574] METRIC #224: btc_ptmc_accept = 0.9048374180 | Src: src/btc_mining_engine.c:503 engine_ptmc_swap()
[10346777966680] METRIC #225: btc_ptmc_rep_hot = 5.0000000000 | Src: src/btc_mining_engine.c:503 engine_ptmc_swap()
[10346777988513] METRIC #226: btc_ptmc_rep_cold = 4.0000000000 | Src: src/btc_mining_engine.c:503 engine_ptmc_swap()
[10346778023070] METRIC #227: btc_ptmc_accept = 0.9394130628 | Src: src/btc_mining_engine.c:503 engine_ptmc_swap()
[10346778052571] METRIC #228: btc_ptmc_rep_hot = 6.0000000000 | Src: src/btc_mining_engine.c:503 engine_ptmc_swap()
[10346778073511] METRIC #229: btc_ptmc_rep_cold = 5.0000000000 | Src: src/btc_mining_engine.c:503 engine_ptmc_swap()
[10346778094476] METRIC #230: btc_ptmc_accept = 0.9642895790 | Src: src/btc_mining_engine.c:503 engine_ptmc_swap()
[10346778118860] METRIC #231: btc_ptmc_rep_hot = 7.0000000000 | Src: src/btc_mining_engine.c:503 engine_ptmc_swap()
[10346778176315] METRIC #232: btc_ptmc_rep_cold = 6.0000000000 | Src: src/btc_mining_engine.c:503 engine_ptmc_swap()
[10346778196344] METRIC #233: btc_ptmc_accept = 1.0000000000 | Src: src/btc_mining_engine.c:503 engine_ptmc_swap()
[10346879999410] METRIC #234: btc_ptmc_rep_hot = 1.0000000000 | Src: src/btc_mining_engine.c:503 engine_ptmc_swap()
[10346880075042] METRIC #235: btc_ptmc_rep_cold = 0.0000000000 | Src: src/btc_mining_engine.c:503 engine_ptmc_swap()
[10346880097863] METRIC #236: btc_ptmc_accept = 1.0000000000 | Src: src/btc_mining_engine.c:503 engine_ptmc_swap()
[10346880119235] METRIC #237: btc_ptmc_rep_hot = 2.0000000000 | Src: src/btc_mining_engine.c:503 engine_ptmc_swap()
[10346880138740] METRIC #238: btc_ptmc_rep_cold = 1.0000000000 | Src: src/btc_mining_engine.c:503 engine_ptmc_swap()
[10346880157368] METRIC #239: btc_ptmc_accept = 0.7165001846 | Src: src/btc_mining_engine.c:503 engine_ptmc_swap()
[10346880178859] METRIC #240: btc_ptmc_rep_hot = 3.0000000000 | Src: src/btc_mining_engine.c:503 engine_ptmc_swap()
[10346880197858] METRIC #241: btc_ptmc_rep_cold = 2.0000000000 | Src: src/btc_mining_engine.c:503 engine_ptmc_swap()
[10346880216070] METRIC #242: btc_ptmc_accept = 1.0000000000 | Src: src/btc_mining_engine.c:503 engine_ptmc_swap()
[10346880235907] METRIC #243: btc_ptmc_rep_hot = 4.0000000000 | Src: src/btc_mining_engine.c:503 engine_ptmc_swap()
[10346880263141] METRIC #244: btc_ptmc_rep_cold = 3.0000000000 | Src: src/btc_mining_engine.c:503 engine_ptmc_swap()
[10346880281368] METRIC #245: btc_ptmc_accept = 0.9048338808 | Src: src/btc_mining_engine.c:503 engine_ptmc_swap()
[10346880306474] METRIC #246: btc_ptmc_rep_hot = 5.0000000000 | Src: src/btc_mining_engine.c:503 engine_ptmc_swap()
[10346880325002] METRIC #247: btc_ptmc_rep_cold = 4.0000000000 | Src: src/btc_mining_engine.c:503 engine_ptmc_swap()
[10346880342603] METRIC #248: btc_ptmc_accept = 0.9394116283 | Src: src/btc_mining_engine.c:503 engine_ptmc_swap()
[10346880360742] METRIC #249: btc_ptmc_rep_hot = 6.0000000000 | Src: src/btc_mining_engine.c:503 engine_ptmc_swap()
[10346880378754] METRIC #250: btc_ptmc_rep_cold = 5.0000000000 | Src: src/btc_mining_engine.c:503 engine_ptmc_swap()
[10346880396524] METRIC #251: btc_ptmc_accept = 1.0000000000 | Src: src/btc_mining_engine.c:503 engine_ptmc_swap()
[10346880414195] METRIC #252: btc_ptmc_rep_hot = 7.0000000000 | Src: src/btc_mining_engine.c:503 engine_ptmc_swap()
[10346880431774] METRIC #253: btc_ptmc_rep_cold = 6.0000000000 | Src: src/btc_mining_engine.c:503 engine_ptmc_swap()
[10346880449144] METRIC #254: btc_ptmc_accept = 1.0000000000 | Src: src/btc_mining_engine.c:503 engine_ptmc_swap()
[10346982349998] METRIC #255: btc_ptmc_rep_hot = 1.0000000000 | Src: src/btc_mining_engine.c:503 engine_ptmc_swap()
[10346982411968] METRIC #256: btc_ptmc_rep_cold = 0.0000000000 | Src: src/btc_mining_engine.c:503 engine_ptmc_swap()
[10346982433314] METRIC #257: btc_ptmc_accept = 1.0000000000 | Src: src/btc_mining_engine.c:503 engine_ptmc_swap()
[10346982454082] METRIC #258: btc_ptmc_rep_hot = 2.0000000000 | Src: src/btc_mining_engine.c:503 engine_ptmc_swap()
[10346982473061] METRIC #259: btc_ptmc_rep_cold = 1.0000000000 | Src: src/btc_mining_engine.c:503 engine_ptmc_swap()
[10346982491036] METRIC #260: btc_ptmc_accept = 1.0000000000 | Src: src/btc_mining_engine.c:503 engine_ptmc_swap()
[10346982510363] METRIC #261: btc_ptmc_rep_hot = 3.0000000000 | Src: src/btc_mining_engine.c:503 engine_ptmc_swap()
[10346982562457] METRIC #262: btc_ptmc_rep_cold = 2.0000000000 | Src: src/btc_mining_engine.c:503 engine_ptmc_swap()
[10346982580538] METRIC #263: btc_ptmc_accept = 1.0000000000 | Src: src/btc_mining_engine.c:503 engine_ptmc_swap()
[10346982606951] METRIC #264: btc_ptmc_rep_hot = 4.0000000000 | Src: src/btc_mining_engine.c:503 engine_ptmc_swap()
[10346982626496] METRIC #265: btc_ptmc_rep_cold = 3.0000000000 | Src: src/btc_mining_engine.c:503 engine_ptmc_swap()
[10346982643970] METRIC #266: btc_ptmc_accept = 1.0000000000 | Src: src/btc_mining_engine.c:503 engine_ptmc_swap()
[10346982662182] METRIC #267: btc_ptmc_rep_hot = 5.0000000000 | Src: src/btc_mining_engine.c:503 engine_ptmc_swap()
[10346982679652] METRIC #268: btc_ptmc_rep_cold = 4.0000000000 | Src: src/btc_mining_engine.c:503 engine_ptmc_swap()
[10346982696997] METRIC #269: btc_ptmc_accept = 1.0000000000 | Src: src/btc_mining_engine.c:503 engine_ptmc_swap()
[10346982714921] METRIC #270: btc_ptmc_rep_hot = 6.0000000000 | Src: src/btc_mining_engine.c:503 engine_ptmc_swap()
[10346982732706] METRIC #271: btc_ptmc_rep_cold = 5.0000000000 | Src: src/btc_mining_engine.c:503 engine_ptmc_swap()
[10346982749946] METRIC #272: btc_ptmc_accept = 1.0000000000 | Src: src/btc_mining_engine.c:503 engine_ptmc_swap()
[10346982767729] METRIC #273: btc_ptmc_rep_hot = 7.0000000000 | Src: src/btc_mining_engine.c:503 engine_ptmc_swap()
[10346982785155] METRIC #274: btc_ptmc_rep_cold = 6.0000000000 | Src: src/btc_mining_engine.c:503 engine_ptmc_swap()
[10346982802602] METRIC #275: btc_ptmc_accept = 1.0000000000 | Src: src/btc_mining_engine.c:503 engine_ptmc_swap()
[10347086012956] METRIC #276: btc_ptmc_rep_hot = 1.0000000000 | Src: src/btc_mining_engine.c:503 engine_ptmc_swap()
[10347086142207] METRIC #277: btc_ptmc_rep_cold = 0.0000000000 | Src: src/btc_mining_engine.c:503 engine_ptmc_swap()
[10347086172088] METRIC #278: btc_ptmc_accept = 1.0000000000 | Src: src/btc_mining_engine.c:503 engine_ptmc_swap()
[10347086204069] METRIC #279: btc_ptmc_rep_hot = 2.0000000000 | Src: src/btc_mining_engine.c:503 engine_ptmc_swap()
[10347086223570] METRIC #280: btc_ptmc_rep_cold = 1.0000000000 | Src: src/btc_mining_engine.c:503 engine_ptmc_swap()
[10347086242065] METRIC #281: btc_ptmc_accept = 1.0000000000 | Src: src/btc_mining_engine.c:503 engine_ptmc_swap()
[10347086261209] METRIC #282: btc_ptmc_rep_hot = 3.0000000000 | Src: src/btc_mining_engine.c:503 engine_ptmc_swap()
[10347086279595] METRIC #283: btc_ptmc_rep_cold = 2.0000000000 | Src: src/btc_mining_engine.c:503 engine_ptmc_swap()
[10347086297719] METRIC #284: btc_ptmc_accept = 1.0000000000 | Src: src/btc_mining_engine.c:503 engine_ptmc_swap()
[10347086317391] METRIC #285: btc_ptmc_rep_hot = 4.0000000000 | Src: src/btc_mining_engine.c:503 engine_ptmc_swap()
[10347086335375] METRIC #286: btc_ptmc_rep_cold = 3.0000000000 | Src: src/btc_mining_engine.c:503 engine_ptmc_swap()
[10347086353467] METRIC #287: btc_ptmc_accept = 1.0000000000 | Src: src/btc_mining_engine.c:503 engine_ptmc_swap()
[10347086371785] METRIC #288: btc_ptmc_rep_hot = 5.0000000000 | Src: src/btc_mining_engine.c:503 engine_ptmc_swap()
[10347086389586] METRIC #289: btc_ptmc_rep_cold = 4.0000000000 | Src: src/btc_mining_engine.c:503 engine_ptmc_swap()
[10347086412354] METRIC #290: btc_ptmc_accept = 1.0000000000 | Src: src/btc_mining_engine.c:503 engine_ptmc_swap()
[10347086430142] METRIC #291: btc_ptmc_rep_hot = 6.0000000000 | Src: src/btc_mining_engine.c:503 engine_ptmc_swap()
[10347086447378] METRIC #292: btc_ptmc_rep_cold = 5.0000000000 | Src: src/btc_mining_engine.c:503 engine_ptmc_swap()
[10347086465052] METRIC #293: btc_ptmc_accept = 1.0000000000 | Src: src/btc_mining_engine.c:503 engine_ptmc_swap()
[10347086482827] METRIC #294: btc_ptmc_rep_hot = 7.0000000000 | Src: src/btc_mining_engine.c:503 engine_ptmc_swap()
[10347086500075] METRIC #295: btc_ptmc_rep_cold = 6.0000000000 | Src: src/btc_mining_engine.c:503 engine_ptmc_swap()
[10347086517319] METRIC #296: btc_ptmc_accept = 1.0000000000 | Src: src/btc_mining_engine.c:503 engine_ptmc_swap()
[10347187748042] METRIC #297: btc_ptmc_rep_hot = 1.0000000000 | Src: src/btc_mining_engine.c:503 engine_ptmc_swap()
[10347187839631] METRIC #298: btc_ptmc_rep_cold = 0.0000000000 | Src: src/btc_mining_engine.c:503 engine_ptmc_swap()
[10347187871429] METRIC #299: btc_ptmc_accept = 1.0000000000 | Src: src/btc_mining_engine.c:503 engine_ptmc_swap()
[10347187900456] METRIC #300: btc_ptmc_rep_hot = 2.0000000000 | Src: src/btc_mining_engine.c:503 engine_ptmc_swap()
[10347187927685] METRIC #301: btc_ptmc_rep_cold = 1.0000000000 | Src: src/btc_mining_engine.c:503 engine_ptmc_swap()
[10347187953733] METRIC #302: btc_ptmc_accept = 1.0000000000 | Src: src/btc_mining_engine.c:503 engine_ptmc_swap()
[10347187981572] METRIC #303: btc_ptmc_rep_hot = 3.0000000000 | Src: src/btc_mining_engine.c:503 engine_ptmc_swap()
[10347188011507] METRIC #304: btc_ptmc_rep_cold = 2.0000000000 | Src: src/btc_mining_engine.c:503 engine_ptmc_swap()
[10347188031948] METRIC #305: btc_ptmc_accept = 1.0000000000 | Src: src/btc_mining_engine.c:503 engine_ptmc_swap()
[10347188051508] METRIC #306: btc_ptmc_rep_hot = 4.0000000000 | Src: src/btc_mining_engine.c:503 engine_ptmc_swap()
[10347188076762] METRIC #307: btc_ptmc_rep_cold = 3.0000000000 | Src: src/btc_mining_engine.c:503 engine_ptmc_swap()
[10347188095387] METRIC #308: btc_ptmc_accept = 1.0000000000 | Src: src/btc_mining_engine.c:503 engine_ptmc_swap()
[10347188114832] METRIC #309: btc_ptmc_rep_hot = 5.0000000000 | Src: src/btc_mining_engine.c:503 engine_ptmc_swap()
[10347188148477] METRIC #310: btc_ptmc_rep_cold = 4.0000000000 | Src: src/btc_mining_engine.c:503 engine_ptmc_swap()
[10347188176338] METRIC #311: btc_ptmc_accept = 1.0000000000 | Src: src/btc_mining_engine.c:503 engine_ptmc_swap()
[10347188204882] METRIC #312: btc_ptmc_rep_hot = 6.0000000000 | Src: src/btc_mining_engine.c:503 engine_ptmc_swap()
[10347188253155] METRIC #313: btc_ptmc_rep_cold = 5.0000000000 | Src: src/btc_mining_engine.c:503 engine_ptmc_swap()
[10347188280600] METRIC #314: btc_ptmc_accept = 1.0000000000 | Src: src/btc_mining_engine.c:503 engine_ptmc_swap()
[10347188318794] METRIC #315: btc_ptmc_rep_hot = 7.0000000000 | Src: src/btc_mining_engine.c:503 engine_ptmc_swap()
[10347188345843] METRIC #316: btc_ptmc_rep_cold = 6.0000000000 | Src: src/btc_mining_engine.c:503 engine_ptmc_swap()
[10347188370505] METRIC #317: btc_ptmc_accept = 1.0000000000 | Src: src/btc_mining_engine.c:503 engine_ptmc_swap()
[10347290960682] METRIC #318: btc_ptmc_rep_hot = 1.0000000000 | Src: src/btc_mining_engine.c:503 engine_ptmc_swap()
[10347291064724] METRIC #319: btc_ptmc_rep_cold = 0.0000000000 | Src: src/btc_mining_engine.c:503 engine_ptmc_swap()
[10347291098898] METRIC #320: btc_ptmc_accept = 1.0000000000 | Src: src/btc_mining_engine.c:503 engine_ptmc_swap()
[10347291131579] METRIC #321: btc_ptmc_rep_hot = 2.0000000000 | Src: src/btc_mining_engine.c:503 engine_ptmc_swap()
[10347291159619] METRIC #322: btc_ptmc_rep_cold = 1.0000000000 | Src: src/btc_mining_engine.c:503 engine_ptmc_swap()
[10347291186650] METRIC #323: btc_ptmc_accept = 1.0000000000 | Src: src/btc_mining_engine.c:503 engine_ptmc_swap()
[10347291216286] METRIC #324: btc_ptmc_rep_hot = 3.0000000000 | Src: src/btc_mining_engine.c:503 engine_ptmc_swap()
[10347291240322] METRIC #325: btc_ptmc_rep_cold = 2.0000000000 | Src: src/btc_mining_engine.c:503 engine_ptmc_swap()
[10347291260392] METRIC #326: btc_ptmc_accept = 1.0000000000 | Src: src/btc_mining_engine.c:503 engine_ptmc_swap()
[10347291282027] METRIC #327: btc_ptmc_rep_hot = 4.0000000000 | Src: src/btc_mining_engine.c:503 engine_ptmc_swap()
[10347291309408] METRIC #328: btc_ptmc_rep_cold = 3.0000000000 | Src: src/btc_mining_engine.c:503 engine_ptmc_swap()
[10347291332922] METRIC #329: btc_ptmc_accept = 1.0000000000 | Src: src/btc_mining_engine.c:503 engine_ptmc_swap()
[10347291365144] METRIC #330: btc_ptmc_rep_hot = 5.0000000000 | Src: src/btc_mining_engine.c:503 engine_ptmc_swap()
[10347291398081] METRIC #331: btc_ptmc_rep_cold = 4.0000000000 | Src: src/btc_mining_engine.c:503 engine_ptmc_swap()
[10347291425618] METRIC #332: btc_ptmc_accept = 1.0000000000 | Src: src/btc_mining_engine.c:503 engine_ptmc_swap()
[10347291448933] METRIC #333: btc_ptmc_rep_hot = 6.0000000000 | Src: src/btc_mining_engine.c:503 engine_ptmc_swap()
[10347291494806] METRIC #334: btc_ptmc_rep_cold = 5.0000000000 | Src: src/btc_mining_engine.c:503 engine_ptmc_swap()
[10347291520160] METRIC #335: btc_ptmc_accept = 1.0000000000 | Src: src/btc_mining_engine.c:503 engine_ptmc_swap()
[10347291544807] METRIC #336: btc_ptmc_rep_hot = 7.0000000000 | Src: src/btc_mining_engine.c:503 engine_ptmc_swap()
[10347291566474] METRIC #337: btc_ptmc_rep_cold = 6.0000000000 | Src: src/btc_mining_engine.c:503 engine_ptmc_swap()
[10347291593304] METRIC #338: btc_ptmc_accept = 1.0000000000 | Src: src/btc_mining_engine.c:503 engine_ptmc_swap()
[10347397351669] METRIC #339: btc_ptmc_rep_hot = 1.0000000000 | Src: src/btc_mining_engine.c:503 engine_ptmc_swap()
[10347397502986] METRIC #340: btc_ptmc_rep_cold = 0.0000000000 | Src: src/btc_mining_engine.c:503 engine_ptmc_swap()
[10347397540197] METRIC #341: btc_ptmc_accept = 1.0000000000 | Src: src/btc_mining_engine.c:503 engine_ptmc_swap()
[10347397570950] METRIC #342: btc_ptmc_rep_hot = 2.0000000000 | Src: src/btc_mining_engine.c:503 engine_ptmc_swap()
[10347397599800] METRIC #343: btc_ptmc_rep_cold = 1.0000000000 | Src: src/btc_mining_engine.c:503 engine_ptmc_swap()
[10347397627779] METRIC #344: btc_ptmc_accept = 1.0000000000 | Src: src/btc_mining_engine.c:503 engine_ptmc_swap()
[10347397655631] METRIC #345: btc_ptmc_rep_hot = 3.0000000000 | Src: src/btc_mining_engine.c:503 engine_ptmc_swap()
[10347397685950] METRIC #346: btc_ptmc_rep_cold = 2.0000000000 | Src: src/btc_mining_engine.c:503 engine_ptmc_swap()
[10347397707133] METRIC #347: btc_ptmc_accept = 1.0000000000 | Src: src/btc_mining_engine.c:503 engine_ptmc_swap()
[10347397729019] METRIC #348: btc_ptmc_rep_hot = 4.0000000000 | Src: src/btc_mining_engine.c:503 engine_ptmc_swap()
[10347397756204] METRIC #349: btc_ptmc_rep_cold = 3.0000000000 | Src: src/btc_mining_engine.c:503 engine_ptmc_swap()
[10347397790564] METRIC #350: btc_ptmc_accept = 1.0000000000 | Src: src/btc_mining_engine.c:503 engine_ptmc_swap()
[10347397812642] METRIC #351: btc_ptmc_rep_hot = 5.0000000000 | Src: src/btc_mining_engine.c:503 engine_ptmc_swap()
[10347397842080] METRIC #352: btc_ptmc_rep_cold = 4.0000000000 | Src: src/btc_mining_engine.c:503 engine_ptmc_swap()
[10347397868928] METRIC #353: btc_ptmc_accept = 1.0000000000 | Src: src/btc_mining_engine.c:503 engine_ptmc_swap()
[10347397895498] METRIC #354: btc_ptmc_rep_hot = 6.0000000000 | Src: src/btc_mining_engine.c:503 engine_ptmc_swap()
[10347397928119] METRIC #355: btc_ptmc_rep_cold = 5.0000000000 | Src: src/btc_mining_engine.c:503 engine_ptmc_swap()
[10347397956213] METRIC #356: btc_ptmc_accept = 1.0000000000 | Src: src/btc_mining_engine.c:503 engine_ptmc_swap()
[10347397984955] METRIC #357: btc_ptmc_rep_hot = 7.0000000000 | Src: src/btc_mining_engine.c:503 engine_ptmc_swap()
[10347398028912] METRIC #358: btc_ptmc_rep_cold = 6.0000000000 | Src: src/btc_mining_engine.c:503 engine_ptmc_swap()
[10347398079093] METRIC #359: btc_ptmc_accept = 1.0000000000 | Src: src/btc_mining_engine.c:503 engine_ptmc_swap()
[10347503653443] METRIC #360: btc_ptmc_rep_hot = 1.0000000000 | Src: src/btc_mining_engine.c:503 engine_ptmc_swap()
[10347503814166] METRIC #361: btc_ptmc_rep_cold = 0.0000000000 | Src: src/btc_mining_engine.c:503 engine_ptmc_swap()
[10347503903922] METRIC #362: btc_ptmc_accept = 1.0000000000 | Src: src/btc_mining_engine.c:503 engine_ptmc_swap()
[10347503940807] METRIC #363: btc_ptmc_rep_hot = 2.0000000000 | Src: src/btc_mining_engine.c:503 engine_ptmc_swap()
[10347503986925] METRIC #364: btc_ptmc_rep_cold = 1.0000000000 | Src: src/btc_mining_engine.c:503 engine_ptmc_swap()
[10347504036499] METRIC #365: btc_ptmc_accept = 0.7165313106 | Src: src/btc_mining_engine.c:503 engine_ptmc_swap()
[10347504092155] METRIC #366: btc_ptmc_rep_hot = 3.0000000000 | Src: src/btc_mining_engine.c:503 engine_ptmc_swap()
[10347504133177] METRIC #367: btc_ptmc_rep_cold = 2.0000000000 | Src: src/btc_mining_engine.c:503 engine_ptmc_swap()
[10347504160952] METRIC #368: btc_ptmc_accept = 1.0000000000 | Src: src/btc_mining_engine.c:503 engine_ptmc_swap()
[10347504200191] METRIC #369: btc_ptmc_rep_hot = 4.0000000000 | Src: src/btc_mining_engine.c:503 engine_ptmc_swap()
[10347504233265] METRIC #370: btc_ptmc_rep_cold = 3.0000000000 | Src: src/btc_mining_engine.c:503 engine_ptmc_swap()
[10347504265212] METRIC #371: btc_ptmc_accept = 0.9048374180 | Src: src/btc_mining_engine.c:503 engine_ptmc_swap()
[10347504296106] METRIC #372: btc_ptmc_rep_hot = 5.0000000000 | Src: src/btc_mining_engine.c:503 engine_ptmc_swap()
[10347504325265] METRIC #373: btc_ptmc_rep_cold = 4.0000000000 | Src: src/btc_mining_engine.c:503 engine_ptmc_swap()
[10347504355342] METRIC #374: btc_ptmc_accept = 0.9394130628 | Src: src/btc_mining_engine.c:503 engine_ptmc_swap()
[10347504385952] METRIC #375: btc_ptmc_rep_hot = 6.0000000000 | Src: src/btc_mining_engine.c:503 engine_ptmc_swap()
[10347504416184] METRIC #376: btc_ptmc_rep_cold = 5.0000000000 | Src: src/btc_mining_engine.c:503 engine_ptmc_swap()
[10347504465301] METRIC #377: btc_ptmc_accept = 0.9642895790 | Src: src/btc_mining_engine.c:503 engine_ptmc_swap()
[10347504497144] METRIC #378: btc_ptmc_rep_hot = 7.0000000000 | Src: src/btc_mining_engine.c:503 engine_ptmc_swap()
[10347504528823] METRIC #379: btc_ptmc_rep_cold = 6.0000000000 | Src: src/btc_mining_engine.c:503 engine_ptmc_swap()
[10347504559479] METRIC #380: btc_ptmc_accept = 0.9767452464 | Src: src/btc_mining_engine.c:503 engine_ptmc_swap()
[10347605882296] METRIC #381: btc_ptmc_rep_hot = 1.0000000000 | Src: src/btc_mining_engine.c:505 engine_ptmc_swap()
[10347605971715] METRIC #382: btc_ptmc_rep_cold = 0.0000000000 | Src: src/btc_mining_engine.c:505 engine_ptmc_swap()
[10347606007059] METRIC #383: btc_ptmc_accept = -0.2635971381 | Src: src/btc_mining_engine.c:505 engine_ptmc_swap()
[10347606043324] METRIC #384: btc_ptmc_rep_hot = 2.0000000000 | Src: src/btc_mining_engine.c:503 engine_ptmc_swap()
[10347606087770] METRIC #385: btc_ptmc_rep_cold = 1.0000000000 | Src: src/btc_mining_engine.c:503 engine_ptmc_swap()
[10347606111808] METRIC #386: btc_ptmc_accept = 1.0000000000 | Src: src/btc_mining_engine.c:503 engine_ptmc_swap()
[10347606139057] METRIC #387: btc_ptmc_rep_hot = 3.0000000000 | Src: src/btc_mining_engine.c:503 engine_ptmc_swap()
[10347606166822] METRIC #388: btc_ptmc_rep_cold = 2.0000000000 | Src: src/btc_mining_engine.c:503 engine_ptmc_swap()
[10347606188090] METRIC #389: btc_ptmc_accept = 0.8464725326 | Src: src/btc_mining_engine.c:503 engine_ptmc_swap()
[10347606210667] METRIC #390: btc_ptmc_rep_hot = 4.0000000000 | Src: src/btc_mining_engine.c:503 engine_ptmc_swap()
[10347606238862] METRIC #391: btc_ptmc_rep_cold = 3.0000000000 | Src: src/btc_mining_engine.c:503 engine_ptmc_swap()
[10347606267289] METRIC #392: btc_ptmc_accept = 0.9048338808 | Src: src/btc_mining_engine.c:503 engine_ptmc_swap()
[10347606296573] METRIC #393: btc_ptmc_rep_hot = 5.0000000000 | Src: src/btc_mining_engine.c:503 engine_ptmc_swap()
[10347606323900] METRIC #394: btc_ptmc_rep_cold = 4.0000000000 | Src: src/btc_mining_engine.c:503 engine_ptmc_swap()
[10347606350277] METRIC #395: btc_ptmc_accept = 0.9394116283 | Src: src/btc_mining_engine.c:503 engine_ptmc_swap()
[10347606373476] METRIC #396: btc_ptmc_rep_hot = 6.0000000000 | Src: src/btc_mining_engine.c:503 engine_ptmc_swap()
[10347606397146] METRIC #397: btc_ptmc_rep_cold = 5.0000000000 | Src: src/btc_mining_engine.c:503 engine_ptmc_swap()
[10347606420395] METRIC #398: btc_ptmc_accept = 0.9642890805 | Src: src/btc_mining_engine.c:503 engine_ptmc_swap()
[10347606443775] METRIC #399: btc_ptmc_rep_hot = 7.0000000000 | Src: src/btc_mining_engine.c:503 engine_ptmc_swap()
[10347606466498] METRIC #400: btc_ptmc_rep_cold = 6.0000000000 | Src: src/btc_mining_engine.c:503 engine_ptmc_swap()
[10347606490081] METRIC #401: btc_ptmc_accept = 1.0000000000 | Src: src/btc_mining_engine.c:503 engine_ptmc_swap()
[10347688952733] METRIC #402: btc_block_nonce = 3511020167.0000000000 | Src: src/btc_mining_engine.c:689 btc_mining_thread()
[10347689057216] METRIC #403: btc_best_leading_zeros = 24.0000000000 | Src: src/btc_mining_engine.c:689 btc_mining_thread()
[10347689084207] METRIC #404: btc_block_valid = 0.0000000000 | Src: src/btc_mining_engine.c:689 btc_mining_thread()
[10347689131057] METRIC #405: btc_best_leading_zeros = 24.0000000000 | Src: src/btc_mining_engine.c:690 btc_mining_thread()
[10347689237408] METRIC #406: btc_nx48_csv_saved = 1.0000000000 | Src: src/nx48_btc_controller.c:484 nx48_btc_save_csv()
[10347710018819] METRIC #407: btc_ptmc_rep_hot = 1.0000000000 | Src: src/btc_mining_engine.c:503 engine_ptmc_swap()
[10347710111176] METRIC #408: btc_ptmc_rep_cold = 0.0000000000 | Src: src/btc_mining_engine.c:503 engine_ptmc_swap()
[10347710143134] METRIC #409: btc_ptmc_accept = 1.0000000000 | Src: src/btc_mining_engine.c:503 engine_ptmc_swap()
[10347710174981] METRIC #410: btc_ptmc_rep_hot = 2.0000000000 | Src: src/btc_mining_engine.c:503 engine_ptmc_swap()
[10347710202897] METRIC #411: btc_ptmc_rep_cold = 1.0000000000 | Src: src/btc_mining_engine.c:503 engine_ptmc_swap()
[10347710229363] METRIC #412: btc_ptmc_accept = 1.0000000000 | Src: src/btc_mining_engine.c:503 engine_ptmc_swap()
[10347710257512] METRIC #413: btc_ptmc_rep_hot = 3.0000000000 | Src: src/btc_mining_engine.c:503 engine_ptmc_swap()
[10347710282615] METRIC #414: btc_ptmc_rep_cold = 2.0000000000 | Src: src/btc_mining_engine.c:503 engine_ptmc_swap()
[10347710304929] METRIC #415: btc_ptmc_accept = 1.0000000000 | Src: src/btc_mining_engine.c:503 engine_ptmc_swap()
[10347710325164] METRIC #416: btc_ptmc_rep_hot = 4.0000000000 | Src: src/btc_mining_engine.c:503 engine_ptmc_swap()
[10347710351408] METRIC #417: btc_ptmc_rep_cold = 3.0000000000 | Src: src/btc_mining_engine.c:503 engine_ptmc_swap()
[10347710370507] METRIC #418: btc_ptmc_accept = 1.0000000000 | Src: src/btc_mining_engine.c:503 engine_ptmc_swap()
[10347710406234] METRIC #419: btc_ptmc_rep_hot = 5.0000000000 | Src: src/btc_mining_engine.c:503 engine_ptmc_swap()
[10347710438527] METRIC #420: btc_ptmc_rep_cold = 4.0000000000 | Src: src/btc_mining_engine.c:503 engine_ptmc_swap()
[10347710457939] METRIC #421: btc_ptmc_accept = 1.0000000000 | Src: src/btc_mining_engine.c:503 engine_ptmc_swap()
[10347710476408] METRIC #422: btc_ptmc_rep_hot = 6.0000000000 | Src: src/btc_mining_engine.c:503 engine_ptmc_swap()
[10347710494565] METRIC #423: btc_ptmc_rep_cold = 5.0000000000 | Src: src/btc_mining_engine.c:503 engine_ptmc_swap()
[10347710512568] METRIC #424: btc_ptmc_accept = 1.0000000000 | Src: src/btc_mining_engine.c:503 engine_ptmc_swap()
[10347710530663] METRIC #425: btc_ptmc_rep_hot = 7.0000000000 | Src: src/btc_mining_engine.c:503 engine_ptmc_swap()
[10347710548363] METRIC #426: btc_ptmc_rep_cold = 6.0000000000 | Src: src/btc_mining_engine.c:503 engine_ptmc_swap()
[10347710566168] METRIC #427: btc_ptmc_accept = 1.0000000000 | Src: src/btc_mining_engine.c:503 engine_ptmc_swap()
[10347813573985] METRIC #428: btc_ptmc_rep_hot = 1.0000000000 | Src: src/btc_mining_engine.c:503 engine_ptmc_swap()
[10347813655642] METRIC #429: btc_ptmc_rep_cold = 0.0000000000 | Src: src/btc_mining_engine.c:503 engine_ptmc_swap()
[10347813676092] METRIC #430: btc_ptmc_accept = 1.0000000000 | Src: src/btc_mining_engine.c:503 engine_ptmc_swap()
[10347813697599] METRIC #431: btc_ptmc_rep_hot = 2.0000000000 | Src: src/btc_mining_engine.c:503 engine_ptmc_swap()
[10347813717561] METRIC #432: btc_ptmc_rep_cold = 1.0000000000 | Src: src/btc_mining_engine.c:503 engine_ptmc_swap()
[10347813735908] METRIC #433: btc_ptmc_accept = 1.0000000000 | Src: src/btc_mining_engine.c:503 engine_ptmc_swap()
[10347813754785] METRIC #434: btc_ptmc_rep_hot = 3.0000000000 | Src: src/btc_mining_engine.c:503 engine_ptmc_swap()
[10347813773400] METRIC #435: btc_ptmc_rep_cold = 2.0000000000 | Src: src/btc_mining_engine.c:503 engine_ptmc_swap()
[10347813806988] METRIC #436: btc_ptmc_accept = 1.0000000000 | Src: src/btc_mining_engine.c:503 engine_ptmc_swap()
[10347813826578] METRIC #437: btc_ptmc_rep_hot = 4.0000000000 | Src: src/btc_mining_engine.c:503 engine_ptmc_swap()
[10347813844362] METRIC #438: btc_ptmc_rep_cold = 3.0000000000 | Src: src/btc_mining_engine.c:503 engine_ptmc_swap()
[10347813862135] METRIC #439: btc_ptmc_accept = 0.9048354550 | Src: src/btc_mining_engine.c:503 engine_ptmc_swap()
[10347813880118] METRIC #440: btc_ptmc_rep_hot = 5.0000000000 | Src: src/btc_mining_engine.c:503 engine_ptmc_swap()
[10347813897788] METRIC #441: btc_ptmc_rep_cold = 4.0000000000 | Src: src/btc_mining_engine.c:503 engine_ptmc_swap()
[10347813915060] METRIC #442: btc_ptmc_accept = 1.0000000000 | Src: src/btc_mining_engine.c:503 engine_ptmc_swap()
[10347813931379] METRIC #443: btc_ptmc_rep_hot = 6.0000000000 | Src: src/btc_mining_engine.c:503 engine_ptmc_swap()
[10347813947857] METRIC #444: btc_ptmc_rep_cold = 5.0000000000 | Src: src/btc_mining_engine.c:503 engine_ptmc_swap()
[10347813973503] METRIC #445: btc_ptmc_accept = 1.0000000000 | Src: src/btc_mining_engine.c:503 engine_ptmc_swap()
[10347813992836] METRIC #446: btc_ptmc_rep_hot = 7.0000000000 | Src: src/btc_mining_engine.c:503 engine_ptmc_swap()
[10347814023080] METRIC #447: btc_ptmc_rep_cold = 6.0000000000 | Src: src/btc_mining_engine.c:503 engine_ptmc_swap()
[10347814042839] METRIC #448: btc_ptmc_accept = 0.9767446541 | Src: src/btc_mining_engine.c:503 engine_ptmc_swap()
[10347915467913] METRIC #449: btc_ptmc_rep_hot = 1.0000000000 | Src: src/btc_mining_engine.c:503 engine_ptmc_swap()
[10347915573334] METRIC #450: btc_ptmc_rep_cold = 0.0000000000 | Src: src/btc_mining_engine.c:503 engine_ptmc_swap()
[10347915598049] METRIC #451: btc_ptmc_accept = 0.5136669338 | Src: src/btc_mining_engine.c:503 engine_ptmc_swap()
[10347915627730] METRIC #452: btc_ptmc_rep_hot = 2.0000000000 | Src: src/btc_mining_engine.c:503 engine_ptmc_swap()
[10347915652700] METRIC #453: btc_ptmc_rep_cold = 1.0000000000 | Src: src/btc_mining_engine.c:503 engine_ptmc_swap()
[10347915671619] METRIC #454: btc_ptmc_accept = 0.7165485813 | Src: src/btc_mining_engine.c:503 engine_ptmc_swap()
[10347915692195] METRIC #455: btc_ptmc_rep_hot = 3.0000000000 | Src: src/btc_mining_engine.c:503 engine_ptmc_swap()
[10347915726694] METRIC #456: btc_ptmc_rep_cold = 2.0000000000 | Src: src/btc_mining_engine.c:503 engine_ptmc_swap()
[10347915745584] METRIC #457: btc_ptmc_accept = 1.0000000000 | Src: src/btc_mining_engine.c:503 engine_ptmc_swap()
[10347915765335] METRIC #458: btc_ptmc_rep_hot = 4.0000000000 | Src: src/btc_mining_engine.c:503 engine_ptmc_swap()
[10347915792804] METRIC #459: btc_ptmc_rep_cold = 3.0000000000 | Src: src/btc_mining_engine.c:503 engine_ptmc_swap()
[10347915818726] METRIC #460: btc_ptmc_accept = 1.0000000000 | Src: src/btc_mining_engine.c:503 engine_ptmc_swap()
[10347915845576] METRIC #461: btc_ptmc_rep_hot = 5.0000000000 | Src: src/btc_mining_engine.c:503 engine_ptmc_swap()
[10347915871639] METRIC #462: btc_ptmc_rep_cold = 4.0000000000 | Src: src/btc_mining_engine.c:503 engine_ptmc_swap()
[10347915906102] METRIC #463: btc_ptmc_accept = 1.0000000000 | Src: src/btc_mining_engine.c:503 engine_ptmc_swap()
[10347915933339] METRIC #464: btc_ptmc_rep_hot = 6.0000000000 | Src: src/btc_mining_engine.c:503 engine_ptmc_swap()
[10347915959878] METRIC #465: btc_ptmc_rep_cold = 5.0000000000 | Src: src/btc_mining_engine.c:503 engine_ptmc_swap()
[10347915986289] METRIC #466: btc_ptmc_accept = 0.9642898556 | Src: src/btc_mining_engine.c:503 engine_ptmc_swap()
[10347916019318] METRIC #467: btc_ptmc_rep_hot = 7.0000000000 | Src: src/btc_mining_engine.c:503 engine_ptmc_swap()
[10347916046704] METRIC #468: btc_ptmc_rep_cold = 6.0000000000 | Src: src/btc_mining_engine.c:503 engine_ptmc_swap()
[10347916073912] METRIC #469: btc_ptmc_accept = 1.0000000000 | Src: src/btc_mining_engine.c:503 engine_ptmc_swap()
[10348015542821] METRIC #470: btc_ptmc_rep_hot = 1.0000000000 | Src: src/btc_mining_engine.c:503 engine_ptmc_swap()
[10348015619920] METRIC #471: btc_ptmc_rep_cold = 0.0000000000 | Src: src/btc_mining_engine.c:503 engine_ptmc_swap()
[10348015644149] METRIC #472: btc_ptmc_accept = 1.0000000000 | Src: src/btc_mining_engine.c:503 engine_ptmc_swap()
[10348015665061] METRIC #473: btc_ptmc_rep_hot = 2.0000000000 | Src: src/btc_mining_engine.c:503 engine_ptmc_swap()
[10348015692533] METRIC #474: btc_ptmc_rep_cold = 1.0000000000 | Src: src/btc_mining_engine.c:503 engine_ptmc_swap()
[10348015712315] METRIC #475: btc_ptmc_accept = 1.0000000000 | Src: src/btc_mining_engine.c:503 engine_ptmc_swap()
[10348015732330] METRIC #476: btc_ptmc_rep_hot = 3.0000000000 | Src: src/btc_mining_engine.c:503 engine_ptmc_swap()
[10348015760574] METRIC #477: btc_ptmc_rep_cold = 2.0000000000 | Src: src/btc_mining_engine.c:503 engine_ptmc_swap()
[10348015786639] METRIC #478: btc_ptmc_accept = 1.0000000000 | Src: src/btc_mining_engine.c:503 engine_ptmc_swap()
[10348015813915] METRIC #479: btc_ptmc_rep_hot = 4.0000000000 | Src: src/btc_mining_engine.c:503 engine_ptmc_swap()
[10348015839670] METRIC #480: btc_ptmc_rep_cold = 3.0000000000 | Src: src/btc_mining_engine.c:503 engine_ptmc_swap()
[10348015865153] METRIC #481: btc_ptmc_accept = 1.0000000000 | Src: src/btc_mining_engine.c:503 engine_ptmc_swap()
[10348015890383] METRIC #482: btc_ptmc_rep_hot = 5.0000000000 | Src: src/btc_mining_engine.c:503 engine_ptmc_swap()
[10348015915604] METRIC #483: btc_ptmc_rep_cold = 4.0000000000 | Src: src/btc_mining_engine.c:503 engine_ptmc_swap()
[10348015941010] METRIC #484: btc_ptmc_accept = 1.0000000000 | Src: src/btc_mining_engine.c:503 engine_ptmc_swap()
[10348015966242] METRIC #485: btc_ptmc_rep_hot = 6.0000000000 | Src: src/btc_mining_engine.c:503 engine_ptmc_swap()
[10348015991652] METRIC #486: btc_ptmc_rep_cold = 5.0000000000 | Src: src/btc_mining_engine.c:503 engine_ptmc_swap()
[10348016023841] METRIC #487: btc_ptmc_accept = 1.0000000000 | Src: src/btc_mining_engine.c:503 engine_ptmc_swap()
[10348016049816] METRIC #488: btc_ptmc_rep_hot = 7.0000000000 | Src: src/btc_mining_engine.c:503 engine_ptmc_swap()
[10348016075031] METRIC #489: btc_ptmc_rep_cold = 6.0000000000 | Src: src/btc_mining_engine.c:503 engine_ptmc_swap()
[10348016099992] METRIC #490: btc_ptmc_accept = 1.0000000000 | Src: src/btc_mining_engine.c:503 engine_ptmc_swap()
[10348059196625] METRIC #491: btc_hashrate_mhs = 1.7104327755 | Src: src/btc_mining_engine.c:779 btc_mining_thread()
[10348059451555] METRIC #492: btc_hashrate_thread_id = 1.0000000000 | Src: src/btc_mining_engine.c:779 btc_mining_thread()
[10348059860059] METRIC #493: btc_hashrate_mhs = 1.7098634748 | Src: src/btc_mining_engine.c:779 btc_mining_thread()
[10348059921337] METRIC #494: btc_hashrate_thread_id = 3.0000000000 | Src: src/btc_mining_engine.c:779 btc_mining_thread()
[10348062718449] METRIC #495: btc_hashrate_mhs = 1.7094691204 | Src: src/btc_mining_engine.c:779 btc_mining_thread()
[10348062822092] METRIC #496: btc_hashrate_thread_id = 2.0000000000 | Src: src/btc_mining_engine.c:779 btc_mining_thread()
[10348062857644] METRIC #497: btc_nx48_delta_nonce_old = 49.7927220000 | Src: src/nx48_btc_controller.c:428 nx48_btc_update()
[10348062903667] METRIC #498: btc_nx48_delta_nonce_new = 43.4761482570 | Src: src/nx48_btc_controller.c:428 nx48_btc_update()
[10348062935738] METRIC #499: btc_nx48_batch_old = 4.0000000000 | Src: src/nx48_btc_controller.c:428 nx48_btc_update()
[10348062971882] METRIC #500: btc_nx48_batch_new = 4.0000000000 | Src: src/nx48_btc_controller.c:428 nx48_btc_update()
[10348063018700] METRIC #501: btc_nx48_loss = 0.3396951177 | Src: src/nx48_btc_controller.c:429 nx48_btc_update()
[10348063047338] METRIC #502: btc_nx48_grad_norm = 0.1550761670 | Src: src/nx48_btc_controller.c:430 nx48_btc_update()
[10348063073851] METRIC #503: btc_nx48_update_count = 1819.0000000000 | Src: src/nx48_btc_controller.c:431 nx48_btc_update()
[10348063102582] METRIC #504: btc_nx48_exploration_bias = 0.9330620000 | Src: src/nx48_btc_controller.c:432 nx48_btc_update()
[10348063129654] METRIC #505: btc_nx48_dual_blend = 0.2000000000 | Src: src/nx48_btc_controller.c:433 nx48_btc_update()
[10348063155595] METRIC #506: btc_hashrate_mhs = 1.7093912813 | Src: src/btc_mining_engine.c:779 btc_mining_thread()
[10348063180911] METRIC #507: btc_hashrate_thread_id = 0.0000000000 | Src: src/btc_mining_engine.c:779 btc_mining_thread()
[10348120020415] METRIC #508: btc_ptmc_rep_hot = 1.0000000000 | Src: src/btc_mining_engine.c:503 engine_ptmc_swap()
[10348120099065] METRIC #509: btc_ptmc_rep_cold = 0.0000000000 | Src: src/btc_mining_engine.c:503 engine_ptmc_swap()
[10348120132964] METRIC #510: btc_ptmc_accept = 1.0000000000 | Src: src/btc_mining_engine.c:503 engine_ptmc_swap()
[10348120161494] METRIC #511: btc_ptmc_rep_hot = 2.0000000000 | Src: src/btc_mining_engine.c:503 engine_ptmc_swap()
[10348120187406] METRIC #512: btc_ptmc_rep_cold = 1.0000000000 | Src: src/btc_mining_engine.c:503 engine_ptmc_swap()
[10348120212504] METRIC #513: btc_ptmc_accept = 1.0000000000 | Src: src/btc_mining_engine.c:503 engine_ptmc_swap()
[10348120238839] METRIC #514: btc_ptmc_rep_hot = 3.0000000000 | Src: src/btc_mining_engine.c:503 engine_ptmc_swap()
[10348120264063] METRIC #515: btc_ptmc_rep_cold = 2.0000000000 | Src: src/btc_mining_engine.c:503 engine_ptmc_swap()
[10348120288606] METRIC #516: btc_ptmc_accept = 1.0000000000 | Src: src/btc_mining_engine.c:503 engine_ptmc_swap()
[10348120315337] METRIC #517: btc_ptmc_rep_hot = 4.0000000000 | Src: src/btc_mining_engine.c:503 engine_ptmc_swap()
[10348120341958] METRIC #518: btc_ptmc_rep_cold = 3.0000000000 | Src: src/btc_mining_engine.c:503 engine_ptmc_swap()
[10348120367361] METRIC #519: btc_ptmc_accept = 1.0000000000 | Src: src/btc_mining_engine.c:503 engine_ptmc_swap()
[10348120395006] METRIC #520: btc_ptmc_rep_hot = 5.0000000000 | Src: src/btc_mining_engine.c:503 engine_ptmc_swap()
[10348120424252] METRIC #521: btc_ptmc_rep_cold = 4.0000000000 | Src: src/btc_mining_engine.c:503 engine_ptmc_swap()
[10348120453234] METRIC #522: btc_ptmc_accept = 1.0000000000 | Src: src/btc_mining_engine.c:503 engine_ptmc_swap()
[10348120482040] METRIC #523: btc_ptmc_rep_hot = 6.0000000000 | Src: src/btc_mining_engine.c:503 engine_ptmc_swap()
[10348120510985] METRIC #524: btc_ptmc_rep_cold = 5.0000000000 | Src: src/btc_mining_engine.c:503 engine_ptmc_swap()
[10348120550810] METRIC #525: btc_ptmc_accept = 1.0000000000 | Src: src/btc_mining_engine.c:503 engine_ptmc_swap()
[10348120579055] METRIC #526: btc_ptmc_rep_hot = 7.0000000000 | Src: src/btc_mining_engine.c:503 engine_ptmc_swap()
[10348120607407] METRIC #527: btc_ptmc_rep_cold = 6.0000000000 | Src: src/btc_mining_engine.c:503 engine_ptmc_swap()
[10348120654716] METRIC #528: btc_ptmc_accept = 1.0000000000 | Src: src/btc_mining_engine.c:503 engine_ptmc_swap()
[10348224685165] METRIC #529: btc_ptmc_rep_hot = 1.0000000000 | Src: src/btc_mining_engine.c:503 engine_ptmc_swap()
[10348224781607] METRIC #530: btc_ptmc_rep_cold = 0.0000000000 | Src: src/btc_mining_engine.c:503 engine_ptmc_swap()
[10348224819004] METRIC #531: btc_ptmc_accept = 1.0000000000 | Src: src/btc_mining_engine.c:503 engine_ptmc_swap()
[10348224848376] METRIC #532: btc_ptmc_rep_hot = 2.0000000000 | Src: src/btc_mining_engine.c:503 engine_ptmc_swap()
[10348224875483] METRIC #533: btc_ptmc_rep_cold = 1.0000000000 | Src: src/btc_mining_engine.c:503 engine_ptmc_swap()
[10348224901454] METRIC #534: btc_ptmc_accept = 0.7165313106 | Src: src/btc_mining_engine.c:503 engine_ptmc_swap()
[10348224945668] METRIC #535: btc_ptmc_rep_hot = 3.0000000000 | Src: src/btc_mining_engine.c:503 engine_ptmc_swap()
[10348224973970] METRIC #536: btc_ptmc_rep_cold = 2.0000000000 | Src: src/btc_mining_engine.c:503 engine_ptmc_swap()
[10348225010376] METRIC #537: btc_ptmc_accept = 0.8464817249 | Src: src/btc_mining_engine.c:503 engine_ptmc_swap()
[10348225045224] METRIC #538: btc_ptmc_rep_hot = 4.0000000000 | Src: src/btc_mining_engine.c:503 engine_ptmc_swap()
[10348225073838] METRIC #539: btc_ptmc_rep_cold = 3.0000000000 | Src: src/btc_mining_engine.c:503 engine_ptmc_swap()
[10348225100783] METRIC #540: btc_ptmc_accept = 1.0000000000 | Src: src/btc_mining_engine.c:503 engine_ptmc_swap()
[10348225129555] METRIC #541: btc_ptmc_rep_hot = 5.0000000000 | Src: src/btc_mining_engine.c:503 engine_ptmc_swap()
[10348225159039] METRIC #542: btc_ptmc_rep_cold = 4.0000000000 | Src: src/btc_mining_engine.c:503 engine_ptmc_swap()
[10348225186006] METRIC #543: btc_ptmc_accept = 1.0000000000 | Src: src/btc_mining_engine.c:503 engine_ptmc_swap()
[10348225217387] METRIC #544: btc_ptmc_rep_hot = 6.0000000000 | Src: src/btc_mining_engine.c:503 engine_ptmc_swap()
[10348225262484] METRIC #545: btc_ptmc_rep_cold = 5.0000000000 | Src: src/btc_mining_engine.c:503 engine_ptmc_swap()
[10348225294167] METRIC #546: btc_ptmc_accept = 0.9642895790 | Src: src/btc_mining_engine.c:503 engine_ptmc_swap()
[10348225358498] METRIC #547: btc_ptmc_rep_hot = 7.0000000000 | Src: src/btc_mining_engine.c:503 engine_ptmc_swap()
[10348225389009] METRIC #548: btc_ptmc_rep_cold = 6.0000000000 | Src: src/btc_mining_engine.c:503 engine_ptmc_swap()
[10348225420740] METRIC #549: btc_ptmc_accept = 0.9767452464 | Src: src/btc_mining_engine.c:503 engine_ptmc_swap()
[10348328771701] METRIC #550: btc_ptmc_rep_hot = 1.0000000000 | Src: src/btc_mining_engine.c:503 engine_ptmc_swap()
[10348328850482] METRIC #551: btc_ptmc_rep_cold = 0.0000000000 | Src: src/btc_mining_engine.c:503 engine_ptmc_swap()
[10348328870884] METRIC #552: btc_ptmc_accept = 1.0000000000 | Src: src/btc_mining_engine.c:503 engine_ptmc_swap()
[10348328893117] METRIC #553: btc_ptmc_rep_hot = 2.0000000000 | Src: src/btc_mining_engine.c:503 engine_ptmc_swap()
[10348328919940] METRIC #554: btc_ptmc_rep_cold = 1.0000000000 | Src: src/btc_mining_engine.c:503 engine_ptmc_swap()
[10348328939350] METRIC #555: btc_ptmc_accept = 1.0000000000 | Src: src/btc_mining_engine.c:503 engine_ptmc_swap()
[10348328959174] METRIC #556: btc_ptmc_rep_hot = 3.0000000000 | Src: src/btc_mining_engine.c:503 engine_ptmc_swap()
[10348328986800] METRIC #557: btc_ptmc_rep_cold = 2.0000000000 | Src: src/btc_mining_engine.c:503 engine_ptmc_swap()
[10348329019374] METRIC #558: btc_ptmc_accept = 1.0000000000 | Src: src/btc_mining_engine.c:503 engine_ptmc_swap()
[10348329047766] METRIC #559: btc_ptmc_rep_hot = 4.0000000000 | Src: src/btc_mining_engine.c:503 engine_ptmc_swap()
[10348329073955] METRIC #560: btc_ptmc_rep_cold = 3.0000000000 | Src: src/btc_mining_engine.c:503 engine_ptmc_swap()
[10348329108967] METRIC #561: btc_ptmc_accept = 1.0000000000 | Src: src/btc_mining_engine.c:503 engine_ptmc_swap()
[10348329135597] METRIC #562: btc_ptmc_rep_hot = 5.0000000000 | Src: src/btc_mining_engine.c:503 engine_ptmc_swap()
[10348329161480] METRIC #563: btc_ptmc_rep_cold = 4.0000000000 | Src: src/btc_mining_engine.c:503 engine_ptmc_swap()
[10348329186604] METRIC #564: btc_ptmc_accept = 1.0000000000 | Src: src/btc_mining_engine.c:503 engine_ptmc_swap()
[10348329211832] METRIC #565: btc_ptmc_rep_hot = 6.0000000000 | Src: src/btc_mining_engine.c:503 engine_ptmc_swap()
[10348329239017] METRIC #566: btc_ptmc_rep_cold = 5.0000000000 | Src: src/btc_mining_engine.c:503 engine_ptmc_swap()
[10348329264998] METRIC #567: btc_ptmc_accept = 1.0000000000 | Src: src/btc_mining_engine.c:503 engine_ptmc_swap()
[10348329291559] METRIC #568: btc_ptmc_rep_hot = 7.0000000000 | Src: src/btc_mining_engine.c:503 engine_ptmc_swap()
[10348329317729] METRIC #569: btc_ptmc_rep_cold = 6.0000000000 | Src: src/btc_mining_engine.c:503 engine_ptmc_swap()
[10348329344120] METRIC #570: btc_ptmc_accept = 1.0000000000 | Src: src/btc_mining_engine.c:503 engine_ptmc_swap()
[10348433859578] METRIC #571: btc_ptmc_rep_hot = 1.0000000000 | Src: src/btc_mining_engine.c:503 engine_ptmc_swap()
[10348433955547] METRIC #572: btc_ptmc_rep_cold = 0.0000000000 | Src: src/btc_mining_engine.c:503 engine_ptmc_swap()
[10348433979170] METRIC #573: btc_ptmc_accept = 1.0000000000 | Src: src/btc_mining_engine.c:503 engine_ptmc_swap()
[10348434005066] METRIC #574: btc_ptmc_rep_hot = 2.0000000000 | Src: src/btc_mining_engine.c:503 engine_ptmc_swap()
[10348434032376] METRIC #575: btc_ptmc_rep_cold = 1.0000000000 | Src: src/btc_mining_engine.c:503 engine_ptmc_swap()
[10348434051300] METRIC #576: btc_ptmc_accept = 1.0000000000 | Src: src/btc_mining_engine.c:503 engine_ptmc_swap()
[10348434071179] METRIC #577: btc_ptmc_rep_hot = 3.0000000000 | Src: src/btc_mining_engine.c:503 engine_ptmc_swap()
[10348434099019] METRIC #578: btc_ptmc_rep_cold = 2.0000000000 | Src: src/btc_mining_engine.c:503 engine_ptmc_swap()
[10348434125295] METRIC #579: btc_ptmc_accept = 1.0000000000 | Src: src/btc_mining_engine.c:503 engine_ptmc_swap()
[10348434152408] METRIC #580: btc_ptmc_rep_hot = 4.0000000000 | Src: src/btc_mining_engine.c:503 engine_ptmc_swap()
[10348434178629] METRIC #581: btc_ptmc_rep_cold = 3.0000000000 | Src: src/btc_mining_engine.c:503 engine_ptmc_swap()
[10348434204088] METRIC #582: btc_ptmc_accept = 1.0000000000 | Src: src/btc_mining_engine.c:503 engine_ptmc_swap()
[10348434229726] METRIC #583: btc_ptmc_rep_hot = 5.0000000000 | Src: src/btc_mining_engine.c:503 engine_ptmc_swap()
[10348434255351] METRIC #584: btc_ptmc_rep_cold = 4.0000000000 | Src: src/btc_mining_engine.c:503 engine_ptmc_swap()
[10348434280714] METRIC #585: btc_ptmc_accept = 1.0000000000 | Src: src/btc_mining_engine.c:503 engine_ptmc_swap()
[10348434305970] METRIC #586: btc_ptmc_rep_hot = 6.0000000000 | Src: src/btc_mining_engine.c:503 engine_ptmc_swap()
[10348434331461] METRIC #587: btc_ptmc_rep_cold = 5.0000000000 | Src: src/btc_mining_engine.c:503 engine_ptmc_swap()
[10348434370127] METRIC #588: btc_ptmc_accept = 1.0000000000 | Src: src/btc_mining_engine.c:503 engine_ptmc_swap()
[10348434395566] METRIC #589: btc_ptmc_rep_hot = 7.0000000000 | Src: src/btc_mining_engine.c:503 engine_ptmc_swap()
[10348434420689] METRIC #590: btc_ptmc_rep_cold = 6.0000000000 | Src: src/btc_mining_engine.c:503 engine_ptmc_swap()
[10348434445847] METRIC #591: btc_ptmc_accept = 1.0000000000 | Src: src/btc_mining_engine.c:503 engine_ptmc_swap()
[10348535511773] METRIC #592: btc_ptmc_rep_hot = 1.0000000000 | Src: src/btc_mining_engine.c:503 engine_ptmc_swap()
[10348535608057] METRIC #593: btc_ptmc_rep_cold = 0.0000000000 | Src: src/btc_mining_engine.c:503 engine_ptmc_swap()
[10348535629986] METRIC #594: btc_ptmc_accept = 1.0000000000 | Src: src/btc_mining_engine.c:503 engine_ptmc_swap()
[10348535650522] METRIC #595: btc_ptmc_rep_hot = 2.0000000000 | Src: src/btc_mining_engine.c:503 engine_ptmc_swap()
[10348535683936] METRIC #596: btc_ptmc_rep_cold = 1.0000000000 | Src: src/btc_mining_engine.c:503 engine_ptmc_swap()
[10348535705827] METRIC #597: btc_ptmc_accept = 1.0000000000 | Src: src/btc_mining_engine.c:503 engine_ptmc_swap()
[10348535733853] METRIC #598: btc_ptmc_rep_hot = 3.0000000000 | Src: src/btc_mining_engine.c:503 engine_ptmc_swap()
[10348535761971] METRIC #599: btc_ptmc_rep_cold = 2.0000000000 | Src: src/btc_mining_engine.c:503 engine_ptmc_swap()
[10348535787742] METRIC #600: btc_ptmc_accept = 1.0000000000 | Src: src/btc_mining_engine.c:503 engine_ptmc_swap()
[10348535814828] METRIC #601: btc_ptmc_rep_hot = 4.0000000000 | Src: src/btc_mining_engine.c:503 engine_ptmc_swap()
[10348535841595] METRIC #602: btc_ptmc_rep_cold = 3.0000000000 | Src: src/btc_mining_engine.c:503 engine_ptmc_swap()
[10348535867382] METRIC #603: btc_ptmc_accept = 1.0000000000 | Src: src/btc_mining_engine.c:503 engine_ptmc_swap()
[10348535893509] METRIC #604: btc_ptmc_rep_hot = 5.0000000000 | Src: src/btc_mining_engine.c:503 engine_ptmc_swap()
[10348535920441] METRIC #605: btc_ptmc_rep_cold = 4.0000000000 | Src: src/btc_mining_engine.c:503 engine_ptmc_swap()
[10348535945911] METRIC #606: btc_ptmc_accept = 1.0000000000 | Src: src/btc_mining_engine.c:503 engine_ptmc_swap()
[10348535971747] METRIC #607: btc_ptmc_rep_hot = 6.0000000000 | Src: src/btc_mining_engine.c:503 engine_ptmc_swap()
[10348535996866] METRIC #608: btc_ptmc_rep_cold = 5.0000000000 | Src: src/btc_mining_engine.c:503 engine_ptmc_swap()
[10348536030341] METRIC #609: btc_ptmc_accept = 1.0000000000 | Src: src/btc_mining_engine.c:503 engine_ptmc_swap()
[10348536055919] METRIC #610: btc_ptmc_rep_hot = 7.0000000000 | Src: src/btc_mining_engine.c:503 engine_ptmc_swap()
[10348536081400] METRIC #611: btc_ptmc_rep_cold = 6.0000000000 | Src: src/btc_mining_engine.c:503 engine_ptmc_swap()
[10348536106826] METRIC #612: btc_ptmc_accept = 1.0000000000 | Src: src/btc_mining_engine.c:503 engine_ptmc_swap()
[10348638743370] METRIC #613: btc_ptmc_rep_hot = 1.0000000000 | Src: src/btc_mining_engine.c:503 engine_ptmc_swap()
[10348638815835] METRIC #614: btc_ptmc_rep_cold = 0.0000000000 | Src: src/btc_mining_engine.c:503 engine_ptmc_swap()
[10348638848182] METRIC #615: btc_ptmc_accept = 1.0000000000 | Src: src/btc_mining_engine.c:503 engine_ptmc_swap()
[10348638880417] METRIC #616: btc_ptmc_rep_hot = 2.0000000000 | Src: src/btc_mining_engine.c:503 engine_ptmc_swap()
[10348638908411] METRIC #617: btc_ptmc_rep_cold = 1.0000000000 | Src: src/btc_mining_engine.c:503 engine_ptmc_swap()
[10348638945463] METRIC #618: btc_ptmc_accept = 1.0000000000 | Src: src/btc_mining_engine.c:503 engine_ptmc_swap()
[10348638976338] METRIC #619: btc_ptmc_rep_hot = 3.0000000000 | Src: src/btc_mining_engine.c:503 engine_ptmc_swap()
[10348639009573] METRIC #620: btc_ptmc_rep_cold = 2.0000000000 | Src: src/btc_mining_engine.c:503 engine_ptmc_swap()
[10348639038102] METRIC #621: btc_ptmc_accept = 1.0000000000 | Src: src/btc_mining_engine.c:503 engine_ptmc_swap()
[10348639069378] METRIC #622: btc_ptmc_rep_hot = 4.0000000000 | Src: src/btc_mining_engine.c:503 engine_ptmc_swap()
[10348639097061] METRIC #623: btc_ptmc_rep_cold = 3.0000000000 | Src: src/btc_mining_engine.c:503 engine_ptmc_swap()
[10348639124817] METRIC #624: btc_ptmc_accept = 1.0000000000 | Src: src/btc_mining_engine.c:503 engine_ptmc_swap()
[10348639155391] METRIC #625: btc_ptmc_rep_hot = 5.0000000000 | Src: src/btc_mining_engine.c:503 engine_ptmc_swap()
[10348639192493] METRIC #626: btc_ptmc_rep_cold = 4.0000000000 | Src: src/btc_mining_engine.c:503 engine_ptmc_swap()
[10348639222182] METRIC #627: btc_ptmc_accept = 1.0000000000 | Src: src/btc_mining_engine.c:503 engine_ptmc_swap()
[10348639250554] METRIC #628: btc_ptmc_rep_hot = 6.0000000000 | Src: src/btc_mining_engine.c:503 engine_ptmc_swap()
[10348639278470] METRIC #629: btc_ptmc_rep_cold = 5.0000000000 | Src: src/btc_mining_engine.c:503 engine_ptmc_swap()
[10348639306170] METRIC #630: btc_ptmc_accept = 1.0000000000 | Src: src/btc_mining_engine.c:503 engine_ptmc_swap()
[10348639338096] METRIC #631: btc_ptmc_rep_hot = 7.0000000000 | Src: src/btc_mining_engine.c:503 engine_ptmc_swap()
[10348639372189] METRIC #632: btc_ptmc_rep_cold = 6.0000000000 | Src: src/btc_mining_engine.c:503 engine_ptmc_swap()
[10348639401317] METRIC #633: btc_ptmc_accept = 1.0000000000 | Src: src/btc_mining_engine.c:503 engine_ptmc_swap()
[10348741016154] METRIC #634: btc_ptmc_rep_hot = 1.0000000000 | Src: src/btc_mining_engine.c:505 engine_ptmc_swap()
[10348741087620] METRIC #635: btc_ptmc_rep_cold = 0.0000000000 | Src: src/btc_mining_engine.c:505 engine_ptmc_swap()
[10348741118913] METRIC #636: btc_ptmc_accept = -0.5136174742 | Src: src/btc_mining_engine.c:505 engine_ptmc_swap()
[10348741154382] METRIC #637: btc_ptmc_rep_hot = 2.0000000000 | Src: src/btc_mining_engine.c:503 engine_ptmc_swap()
[10348741185096] METRIC #638: btc_ptmc_rep_cold = 1.0000000000 | Src: src/btc_mining_engine.c:503 engine_ptmc_swap()
[10348741214894] METRIC #639: btc_ptmc_accept = 1.0000000000 | Src: src/btc_mining_engine.c:503 engine_ptmc_swap()
[10348741247845] METRIC #640: btc_ptmc_rep_hot = 3.0000000000 | Src: src/btc_mining_engine.c:503 engine_ptmc_swap()
[10348741277473] METRIC #641: btc_ptmc_rep_cold = 2.0000000000 | Src: src/btc_mining_engine.c:503 engine_ptmc_swap()
[10348741307431] METRIC #642: btc_ptmc_accept = 1.0000000000 | Src: src/btc_mining_engine.c:503 engine_ptmc_swap()
[10348741341559] METRIC #643: btc_ptmc_rep_hot = 4.0000000000 | Src: src/btc_mining_engine.c:503 engine_ptmc_swap()
[10348741373035] METRIC #644: btc_ptmc_rep_cold = 3.0000000000 | Src: src/btc_mining_engine.c:503 engine_ptmc_swap()
[10348741404311] METRIC #645: btc_ptmc_accept = 1.0000000000 | Src: src/btc_mining_engine.c:503 engine_ptmc_swap()
[10348741433626] METRIC #646: btc_ptmc_rep_hot = 5.0000000000 | Src: src/btc_mining_engine.c:503 engine_ptmc_swap()
[10348741464953] METRIC #647: btc_ptmc_rep_cold = 4.0000000000 | Src: src/btc_mining_engine.c:503 engine_ptmc_swap()
[10348741496293] METRIC #648: btc_ptmc_accept = 1.0000000000 | Src: src/btc_mining_engine.c:503 engine_ptmc_swap()
[10348741525998] METRIC #649: btc_ptmc_rep_hot = 6.0000000000 | Src: src/btc_mining_engine.c:503 engine_ptmc_swap()
[10348741555411] METRIC #650: btc_ptmc_rep_cold = 5.0000000000 | Src: src/btc_mining_engine.c:503 engine_ptmc_swap()
[10348741585892] METRIC #651: btc_ptmc_accept = 1.0000000000 | Src: src/btc_mining_engine.c:503 engine_ptmc_swap()
[10348741614837] METRIC #652: btc_ptmc_rep_hot = 7.0000000000 | Src: src/btc_mining_engine.c:503 engine_ptmc_swap()
[10348741643924] METRIC #653: btc_ptmc_rep_cold = 6.0000000000 | Src: src/btc_mining_engine.c:503 engine_ptmc_swap()
[10348741673080] METRIC #654: btc_ptmc_accept = 1.0000000000 | Src: src/btc_mining_engine.c:503 engine_ptmc_swap()
[10348842788431] METRIC #655: btc_ptmc_rep_hot = 1.0000000000 | Src: src/btc_mining_engine.c:503 engine_ptmc_swap()
[10348842890770] METRIC #656: btc_ptmc_rep_cold = 0.0000000000 | Src: src/btc_mining_engine.c:503 engine_ptmc_swap()
[10348842928878] METRIC #657: btc_ptmc_accept = 1.0000000000 | Src: src/btc_mining_engine.c:503 engine_ptmc_swap()
[10348842960514] METRIC #658: btc_ptmc_rep_hot = 2.0000000000 | Src: src/btc_mining_engine.c:503 engine_ptmc_swap()
[10348842988198] METRIC #659: btc_ptmc_rep_cold = 1.0000000000 | Src: src/btc_mining_engine.c:503 engine_ptmc_swap()
[10348843024761] METRIC #660: btc_ptmc_accept = 1.0000000000 | Src: src/btc_mining_engine.c:503 engine_ptmc_swap()
[10348843054105] METRIC #661: btc_ptmc_rep_hot = 3.0000000000 | Src: src/btc_mining_engine.c:503 engine_ptmc_swap()
[10348843081419] METRIC #662: btc_ptmc_rep_cold = 2.0000000000 | Src: src/btc_mining_engine.c:503 engine_ptmc_swap()
[10348843107735] METRIC #663: btc_ptmc_accept = 1.0000000000 | Src: src/btc_mining_engine.c:503 engine_ptmc_swap()
[10348843135560] METRIC #664: btc_ptmc_rep_hot = 4.0000000000 | Src: src/btc_mining_engine.c:503 engine_ptmc_swap()
[10348843162168] METRIC #665: btc_ptmc_rep_cold = 3.0000000000 | Src: src/btc_mining_engine.c:503 engine_ptmc_swap()
[10348843188189] METRIC #666: btc_ptmc_accept = 1.0000000000 | Src: src/btc_mining_engine.c:503 engine_ptmc_swap()
[10348843228259] METRIC #667: btc_ptmc_rep_hot = 5.0000000000 | Src: src/btc_mining_engine.c:503 engine_ptmc_swap()
[10348843254705] METRIC #668: btc_ptmc_rep_cold = 4.0000000000 | Src: src/btc_mining_engine.c:503 engine_ptmc_swap()
[10348843280627] METRIC #669: btc_ptmc_accept = 1.0000000000 | Src: src/btc_mining_engine.c:503 engine_ptmc_swap()
[10348843306639] METRIC #670: btc_ptmc_rep_hot = 6.0000000000 | Src: src/btc_mining_engine.c:503 engine_ptmc_swap()
[10348843332548] METRIC #671: btc_ptmc_rep_cold = 5.0000000000 | Src: src/btc_mining_engine.c:503 engine_ptmc_swap()
[10348843358184] METRIC #672: btc_ptmc_accept = 1.0000000000 | Src: src/btc_mining_engine.c:503 engine_ptmc_swap()
[10348843383728] METRIC #673: btc_ptmc_rep_hot = 7.0000000000 | Src: src/btc_mining_engine.c:503 engine_ptmc_swap()
[10348843409065] METRIC #674: btc_ptmc_rep_cold = 6.0000000000 | Src: src/btc_mining_engine.c:503 engine_ptmc_swap()
[10348843435020] METRIC #675: btc_ptmc_accept = 1.0000000000 | Src: src/btc_mining_engine.c:503 engine_ptmc_swap()
[10348945182702] METRIC #676: btc_ptmc_rep_hot = 1.0000000000 | Src: src/btc_mining_engine.c:503 engine_ptmc_swap()
[10348945267544] METRIC #677: btc_ptmc_rep_cold = 0.0000000000 | Src: src/btc_mining_engine.c:503 engine_ptmc_swap()
[10348945291847] METRIC #678: btc_ptmc_accept = 1.0000000000 | Src: src/btc_mining_engine.c:503 engine_ptmc_swap()
[10348945313930] METRIC #679: btc_ptmc_rep_hot = 2.0000000000 | Src: src/btc_mining_engine.c:503 engine_ptmc_swap()
[10348945367892] METRIC #680: btc_ptmc_rep_cold = 1.0000000000 | Src: src/btc_mining_engine.c:503 engine_ptmc_swap()
[10348945386790] METRIC #681: btc_ptmc_accept = 1.0000000000 | Src: src/btc_mining_engine.c:503 engine_ptmc_swap()
[10348945408331] METRIC #682: btc_ptmc_rep_hot = 3.0000000000 | Src: src/btc_mining_engine.c:503 engine_ptmc_swap()
[10348945427048] METRIC #683: btc_ptmc_rep_cold = 2.0000000000 | Src: src/btc_mining_engine.c:503 engine_ptmc_swap()
[10348945445958] METRIC #684: btc_ptmc_accept = 0.8464817249 | Src: src/btc_mining_engine.c:503 engine_ptmc_swap()
[10348945467054] METRIC #685: btc_ptmc_rep_hot = 4.0000000000 | Src: src/btc_mining_engine.c:503 engine_ptmc_swap()
[10348945486763] METRIC #686: btc_ptmc_rep_cold = 3.0000000000 | Src: src/btc_mining_engine.c:503 engine_ptmc_swap()
[10348945507050] METRIC #687: btc_ptmc_accept = 0.9048374180 | Src: src/btc_mining_engine.c:503 engine_ptmc_swap()
[10348945528770] METRIC #688: btc_ptmc_rep_hot = 5.0000000000 | Src: src/btc_mining_engine.c:505 engine_ptmc_swap()
[10348945548823] METRIC #689: btc_ptmc_rep_cold = 4.0000000000 | Src: src/btc_mining_engine.c:505 engine_ptmc_swap()
[10348945567181] METRIC #690: btc_ptmc_accept = -0.9394130628 | Src: src/btc_mining_engine.c:505 engine_ptmc_swap()
[10348945585711] METRIC #691: btc_ptmc_rep_hot = 6.0000000000 | Src: src/btc_mining_engine.c:503 engine_ptmc_swap()
[10348945604235] METRIC #692: btc_ptmc_rep_cold = 5.0000000000 | Src: src/btc_mining_engine.c:503 engine_ptmc_swap()
[10348945622426] METRIC #693: btc_ptmc_accept = 1.0000000000 | Src: src/btc_mining_engine.c:503 engine_ptmc_swap()
[10348945640430] METRIC #694: btc_ptmc_rep_hot = 7.0000000000 | Src: src/btc_mining_engine.c:503 engine_ptmc_swap()
[10348945658576] METRIC #695: btc_ptmc_rep_cold = 6.0000000000 | Src: src/btc_mining_engine.c:503 engine_ptmc_swap()
[10348945676622] METRIC #696: btc_ptmc_accept = 1.0000000000 | Src: src/btc_mining_engine.c:503 engine_ptmc_swap()
[10349046368171] METRIC #697: btc_ptmc_rep_hot = 1.0000000000 | Src: src/btc_mining_engine.c:503 engine_ptmc_swap()
[10349046475390] METRIC #698: btc_ptmc_rep_cold = 0.0000000000 | Src: src/btc_mining_engine.c:503 engine_ptmc_swap()
[10349046502965] METRIC #699: btc_ptmc_accept = 1.0000000000 | Src: src/btc_mining_engine.c:503 engine_ptmc_swap()
[10349046525986] METRIC #700: btc_ptmc_rep_hot = 2.0000000000 | Src: src/btc_mining_engine.c:503 engine_ptmc_swap()
[10349046548050] METRIC #701: btc_ptmc_rep_cold = 1.0000000000 | Src: src/btc_mining_engine.c:503 engine_ptmc_swap()
[10349046576514] METRIC #702: btc_ptmc_accept = 1.0000000000 | Src: src/btc_mining_engine.c:503 engine_ptmc_swap()
[10349046596735] METRIC #703: btc_ptmc_rep_hot = 3.0000000000 | Src: src/btc_mining_engine.c:503 engine_ptmc_swap()
[10349046615312] METRIC #704: btc_ptmc_rep_cold = 2.0000000000 | Src: src/btc_mining_engine.c:503 engine_ptmc_swap()
[10349046633869] METRIC #705: btc_ptmc_accept = 1.0000000000 | Src: src/btc_mining_engine.c:503 engine_ptmc_swap()
[10349046651727] METRIC #706: btc_ptmc_rep_hot = 4.0000000000 | Src: src/btc_mining_engine.c:503 engine_ptmc_swap()
[10349046670867] METRIC #707: btc_ptmc_rep_cold = 3.0000000000 | Src: src/btc_mining_engine.c:503 engine_ptmc_swap()
[10349046690136] METRIC #708: btc_ptmc_accept = 1.0000000000 | Src: src/btc_mining_engine.c:503 engine_ptmc_swap()
[10349046709382] METRIC #709: btc_ptmc_rep_hot = 5.0000000000 | Src: src/btc_mining_engine.c:503 engine_ptmc_swap()
[10349046736104] METRIC #710: btc_ptmc_rep_cold = 4.0000000000 | Src: src/btc_mining_engine.c:503 engine_ptmc_swap()
[10349046764475] METRIC #711: btc_ptmc_accept = 1.0000000000 | Src: src/btc_mining_engine.c:503 engine_ptmc_swap()
[10349046785455] METRIC #712: btc_ptmc_rep_hot = 6.0000000000 | Src: src/btc_mining_engine.c:503 engine_ptmc_swap()
[10349046804019] METRIC #713: btc_ptmc_rep_cold = 5.0000000000 | Src: src/btc_mining_engine.c:503 engine_ptmc_swap()
[10349046822129] METRIC #714: btc_ptmc_accept = 1.0000000000 | Src: src/btc_mining_engine.c:503 engine_ptmc_swap()
[10349046839938] METRIC #715: btc_ptmc_rep_hot = 7.0000000000 | Src: src/btc_mining_engine.c:503 engine_ptmc_swap()
[10349046857940] METRIC #716: btc_ptmc_rep_cold = 6.0000000000 | Src: src/btc_mining_engine.c:503 engine_ptmc_swap()
[10349046880093] METRIC #717: btc_ptmc_accept = 1.0000000000 | Src: src/btc_mining_engine.c:503 engine_ptmc_swap()
[10349062350679] METRIC #718: btc_nonces_total = 4931584.0000000000 | Src: src/btc_mining_engine.c:914 btc_engine_run()
[10349062459196] METRIC #719: btc_elapsed_s = 3.0051400530 | Src: src/btc_mining_engine.c:915 btc_engine_run()
[10349062490075] METRIC #720: btc_hashrate_mhs_final = 1.6410496393 | Src: src/btc_mining_engine.c:916 btc_engine_run()
[10349062522575] METRIC #721: btc_best_leading_zeros = 24.0000000000 | Src: src/btc_mining_engine.c:917 btc_engine_run()
[10349062550529] METRIC #722: btc_best_nonce_final = 3511020167.0000000000 | Src: src/btc_mining_engine.c:918 btc_engine_run()
[10349062573337] METRIC #723: btc_block_valid = 0.0000000000 | Src: src/btc_mining_engine.c:919 btc_engine_run()
[10349062595315] METRIC #724: btc_hashrate_gate_pass = 1.0000000000 | Src: src/btc_mining_engine.c:926 btc_engine_run()
[10349062618490] METRIC #725: btc_memory_gate_pass = 1.0000000000 | Src: src/btc_mining_engine.c:929 btc_engine_run()
[10349062651116] TEST_END: btc_engine_run | SUCCÈS | Durée: 3005440837 ns (3005.441 ms) | Src: src/btc_mining_engine.c:940 btc_engine_run()
[10349062849109] METRIC #726: btc_nx48_csv_saved = 1.0000000000 | Src: src/nx48_btc_controller.c:484 nx48_btc_save_csv()
[10351057490265] METRIC #727: btc_ram_available_mb_end = 1018.0000000000 | Src: src/btc_mining_engine.c:954 btc_engine_run()
[10351057731085] METRIC #728: btc_nx48_csv_saved = 1.0000000000 | Src: src/nx48_btc_controller.c:484 nx48_btc_save_csv()
[10351057804782] METRIC #729: btc_memory_gate_pass = 1.0000000000 | Src: src/main_btc_mining.c:355 main()
[10351057845015] TEST_END: main_btc_mining | SUCCÈS | Durée: 5000634736 ns (5000.635 ms) | Src: src/main_btc_mining.c:356 main()
[10351057853879] METRIC #730: btc_wallet_destroyed = 1.0000000000 | Src: src/btc_wallet.c:423 btc_wallet_destroy()
