event,timestamp_utc,timestamp_ns,pid,detail,value
INIT,2026-04-11T22:11:03Z,63468025299723,1907,activation,100PCT_INCONDITIONNELLE
INIT,2026-04-11T22:11:03Z,63468025299723,1907,modules_reels,ultra_forensic_logger_v3+memory_tracker
INIT,2026-04-11T22:11:03Z,63468025299723,1907,version,3.0_cycle17_NL03_NV01_NV02_AC01_NANO_ANOMALY_FIX_RAM01
HW_SAMPLE,2026-04-11T22:11:03Z,63468025299723,1907,init:cpu_delta_pct,100.0000
HW_SAMPLE,2026-04-11T22:11:03Z,63468025299723,1907,init:mem_used_pct,62.4116
HW_SAMPLE,2026-04-11T22:11:03Z,63468025299723,1907,init:mem_total_kb,65849792
HW_SAMPLE,2026-04-11T22:11:03Z,63468025299723,1907,init:mem_avail_kb,24751868
HW_SAMPLE,2026-04-11T22:11:03Z,63468025299723,1907,init:vm_rss_kb,3800
HW_SAMPLE,2026-04-11T22:11:03Z,63468025299723,1907,init:vm_peak_kb,14708
MODULE_START,2026-04-11T22:11:03Z,63468027231013,1907,btc_qm_engine,main_btc_mining
METRIC,2026-04-11T22:11:03Z,63468027381483,1907,btc_qm_engine:btc_run_mode_hash,66.0000000000
METRIC,2026-04-11T22:11:03Z,63468027754543,1907,btc_qm_engine:btc_module_version,17.0000000000
METRIC,2026-04-11T22:11:03Z,63468028372723,1907,btc_qm_engine:btc_nx48_csv_loaded,1.0000000000
METRIC,2026-04-11T22:11:03Z,63468028726083,1907,btc_qm_engine:btc_nx48_init_loaded,1.0000000000
METRIC,2026-04-11T22:11:03Z,63468029147903,1907,btc_qm_engine:btc_nx48_delta_nonce_scale,1.0000000000
METRIC,2026-04-11T22:11:03Z,63468029517453,1907,btc_qm_engine:btc_nx48_n_replicas_scale,1.0000000000
METRIC,2026-04-11T22:11:03Z,63468029890963,1907,btc_qm_engine:btc_nx48_swap_temp_scale,1.0000000000
METRIC,2026-04-11T22:11:03Z,63468030338453,1907,btc_qm_engine:btc_nx48_batch_size_scale,1.0000000000
METRIC,2026-04-11T22:11:03Z,63468030680073,1907,btc_qm_engine:btc_nx48_exploration_bias,0.5000000000
METRIC,2026-04-11T22:11:03Z,63468031267213,1907,btc_qm_engine:btc_sha256_self_test_pass,1.0000000000
METRIC,2026-04-11T22:11:03Z,63468031859173,1907,btc_qm_engine:btc_wallet_create_start,1.0000000000
METRIC,2026-04-11T22:11:03Z,63468037215943,1907,btc_qm_engine:btc_wallet_created,1.0000000000
METRIC,2026-04-11T22:11:03Z,63468037657183,1907,btc_qm_engine:btc_wallet_create_ns,5356550.0000000000
METRIC,2026-04-11T22:11:03Z,63468038241573,1907,btc_qm_engine:btc_wallet_network,1.0000000000
METRIC,2026-04-11T22:11:03Z,63468039162493,1907,btc_qm_engine:btc_wallet_saved_json,1.0000000000
METRIC,2026-04-11T22:11:03Z,63468039742163,1907,btc_qm_engine:btc_sha256_self_test_pass,1.0000000000
METRIC,2026-04-11T22:11:03Z,63468040219373,1907,btc_qm_engine:btc_integrity_gate_pass,1.0000000000
MODULE_START,2026-04-11T22:11:03Z,63468040676823,1907,btc_qm_engine,btc_engine_create
METRIC,2026-04-11T22:11:03Z,63468040861333,1907,btc_qm_engine:btc_n_replicas,8.0000000000
METRIC,2026-04-11T22:11:03Z,63468041349873,1907,btc_qm_engine:btc_n_threads,4.0000000000
METRIC,2026-04-11T22:11:03Z,63468041748104,1907,btc_qm_engine:btc_batch_size,256.0000000000
METRIC,2026-04-11T22:11:03Z,63468042151634,1907,btc_qm_engine:btc_nonce_start,0.0000000000
METRIC,2026-04-11T22:11:03Z,63468042543594,1907,btc_qm_engine:btc_nonce_end,4294967295.0000000000
METRIC,2026-04-11T22:11:03Z,63468042940493,1907,btc_qm_engine:btc_duration_s,10.0000000000
METRIC,2026-04-11T22:11:03Z,63468043388614,1907,btc_qm_engine:btc_replica_idx,0.0000000000
METRIC,2026-04-11T22:11:03Z,63468043787194,1907,btc_qm_engine:btc_replica_nonce,0.0000000000
METRIC,2026-04-11T22:11:03Z,63468044209794,1907,btc_qm_engine:btc_replica_temp,1.0000000000
METRIC,2026-04-11T22:11:03Z,63468044613064,1907,btc_qm_engine:btc_replica_leading,0.0000000000
METRIC,2026-04-11T22:11:03Z,63468045054944,1907,btc_qm_engine:btc_replica_idx,1.0000000000
METRIC,2026-04-11T22:11:03Z,63468045505464,1907,btc_qm_engine:btc_replica_nonce,536870911.0000000000
METRIC,2026-04-11T22:11:03Z,63468045992324,1907,btc_qm_engine:btc_replica_temp,2.0000000000
METRIC,2026-04-11T22:11:03Z,63468046475764,1907,btc_qm_engine:btc_replica_leading,0.0000000000
METRIC,2026-04-11T22:11:03Z,63468046863964,1907,btc_qm_engine:btc_replica_idx,2.0000000000
METRIC,2026-04-11T22:11:03Z,63468047380724,1907,btc_qm_engine:btc_replica_nonce,1073741822.0000000000
METRIC,2026-04-11T22:11:03Z,63468047823924,1907,btc_qm_engine:btc_replica_temp,4.0000000000
METRIC,2026-04-11T22:11:03Z,63468048288864,1907,btc_qm_engine:btc_replica_leading,0.0000000000
METRIC,2026-04-11T22:11:03Z,63468048756274,1907,btc_qm_engine:btc_replica_idx,3.0000000000
METRIC,2026-04-11T22:11:03Z,63468049213454,1907,btc_qm_engine:btc_replica_nonce,1610612733.0000000000
METRIC,2026-04-11T22:11:03Z,63468049604164,1907,btc_qm_engine:btc_replica_temp,8.0000000000
METRIC,2026-04-11T22:11:03Z,63468049990794,1907,btc_qm_engine:btc_replica_leading,0.0000000000
METRIC,2026-04-11T22:11:03Z,63468050396534,1907,btc_qm_engine:btc_replica_idx,4.0000000000
METRIC,2026-04-11T22:11:03Z,63468050750664,1907,btc_qm_engine:btc_replica_nonce,2147483644.0000000000
METRIC,2026-04-11T22:11:03Z,63468051144034,1907,btc_qm_engine:btc_replica_temp,12.0000000000
METRIC,2026-04-11T22:11:03Z,63468051625714,1907,btc_qm_engine:btc_replica_leading,0.0000000000
METRIC,2026-04-11T22:11:03Z,63468052071344,1907,btc_qm_engine:btc_replica_idx,5.0000000000
METRIC,2026-04-11T22:11:03Z,63468052493474,1907,btc_qm_engine:btc_replica_nonce,2684354555.0000000000
METRIC,2026-04-11T22:11:03Z,63468052911634,1907,btc_qm_engine:btc_replica_temp,20.0000000000
METRIC,2026-04-11T22:11:03Z,63468053317574,1907,btc_qm_engine:btc_replica_leading,0.0000000000
METRIC,2026-04-11T22:11:03Z,63468053695804,1907,btc_qm_engine:btc_replica_idx,6.0000000000
METRIC,2026-04-11T22:11:03Z,63468054136454,1907,btc_qm_engine:btc_replica_nonce,3221225466.0000000000
METRIC,2026-04-11T22:11:03Z,63468054555424,1907,btc_qm_engine:btc_replica_temp,35.0000000000
METRIC,2026-04-11T22:11:03Z,63468054949864,1907,btc_qm_engine:btc_replica_leading,0.0000000000
METRIC,2026-04-11T22:11:03Z,63468055457824,1907,btc_qm_engine:btc_replica_idx,7.0000000000
METRIC,2026-04-11T22:11:03Z,63468055842874,1907,btc_qm_engine:btc_replica_nonce,3758096377.0000000000
METRIC,2026-04-11T22:11:03Z,63468056260174,1907,btc_qm_engine:btc_replica_temp,50.0000000000
METRIC,2026-04-11T22:11:03Z,63468056680674,1907,btc_qm_engine:btc_replica_leading,0.0000000000
METRIC,2026-04-11T22:11:03Z,63468057102834,1907,btc_qm_engine:btc_midstate_applied,1.0000000000
THREAD,2026-04-11T22:11:03Z,63468058031764,1907,btc_qm_engine:btc_mining_worker_START,140296131638976
METRIC,2026-04-11T22:11:03Z,63468058144934,1907,btc_qm_engine:btc_block_nonce,1076453647.0000000000
THREAD,2026-04-11T22:11:03Z,63468058355074,1907,btc_qm_engine:btc_mining_worker_START,140296123246272
THREAD,2026-04-11T22:11:03Z,63468058717374,1907,btc_qm_engine:btc_mining_worker_START,140296114853568
METRIC,2026-04-11T22:11:03Z,63468058873844,1907,btc_qm_engine:btc_best_leading_zeros,3.0000000000
THREAD,2026-04-11T22:11:03Z,63468059252874,1907,btc_qm_engine:btc_mining_worker_START,140296106460864
METRIC,2026-04-11T22:11:03Z,63468059464894,1907,btc_qm_engine:btc_block_valid,0.0000000000
ANOMALY,2026-04-11T22:11:03Z,63468059857854,1907,btc_qm_engine:btc_near_miss_or_valid,3.0000000000
METRIC,2026-04-11T22:11:03Z,63468059867774,1907,btc_qm_engine:btc_threads_launched,4.0000000000
METRIC,2026-04-11T22:11:03Z,63468060517614,1907,btc_qm_engine:btc_best_leading_zeros,3.0000000000
METRIC,2026-04-11T22:11:03Z,63468060984294,1907,btc_qm_engine:btc_block_nonce,2255560524.0000000000
METRIC,2026-04-11T22:11:03Z,63468061653114,1907,btc_qm_engine:btc_best_leading_zeros,4.0000000000
METRIC,2026-04-11T22:11:03Z,63468062053354,1907,btc_qm_engine:btc_block_valid,0.0000000000
ANOMALY,2026-04-11T22:11:03Z,63468062461004,1907,btc_qm_engine:btc_near_miss_or_valid,4.0000000000
METRIC,2026-04-11T22:11:03Z,63468062854774,1907,btc_qm_engine:btc_best_leading_zeros,4.0000000000
METRIC,2026-04-11T22:11:03Z,63468063532644,1907,btc_qm_engine:btc_block_nonce,2323927933.0000000000
METRIC,2026-04-11T22:11:03Z,63468064727924,1907,btc_qm_engine:btc_best_leading_zeros,9.0000000000
METRIC,2026-04-11T22:11:03Z,63468065406584,1907,btc_qm_engine:btc_block_valid,0.0000000000
ANOMALY,2026-04-11T22:11:03Z,63468066206054,1907,btc_qm_engine:btc_near_miss_or_valid,9.0000000000
METRIC,2026-04-11T22:11:03Z,63468067037874,1907,btc_qm_engine:btc_best_leading_zeros,9.0000000000
METRIC,2026-04-11T22:11:03Z,63468067636234,1907,btc_qm_engine:btc_block_nonce,593683569.0000000000
METRIC,2026-04-11T22:11:03Z,63468068293514,1907,btc_qm_engine:btc_best_leading_zeros,11.0000000000
METRIC,2026-04-11T22:11:03Z,63468068814834,1907,btc_qm_engine:btc_block_valid,0.0000000000
ANOMALY,2026-04-11T22:11:03Z,63468069360904,1907,btc_qm_engine:btc_near_miss_or_valid,11.0000000000
METRIC,2026-04-11T22:11:03Z,63468069906554,1907,btc_qm_engine:btc_best_leading_zeros,11.0000000000
METRIC,2026-04-11T22:11:03Z,63468083382104,1907,btc_qm_engine:btc_block_nonce,2889978362.0000000000
METRIC,2026-04-11T22:11:03Z,63468084148304,1907,btc_qm_engine:btc_best_leading_zeros,12.0000000000
METRIC,2026-04-11T22:11:03Z,63468084675694,1907,btc_qm_engine:btc_block_valid,0.0000000000
ANOMALY,2026-04-11T22:11:03Z,63468085514174,1907,btc_qm_engine:btc_near_miss_or_valid,12.0000000000
METRIC,2026-04-11T22:11:03Z,63468086176704,1907,btc_qm_engine:btc_best_leading_zeros,12.0000000000
METRIC,2026-04-11T22:11:03Z,63468367533177,1907,btc_qm_engine:btc_block_nonce,2024021543.0000000000
METRIC,2026-04-11T22:11:03Z,63468368268247,1907,btc_qm_engine:btc_best_leading_zeros,17.0000000000
METRIC,2026-04-11T22:11:03Z,63468368730027,1907,btc_qm_engine:btc_block_valid,0.0000000000
ANOMALY,2026-04-11T22:11:03Z,63468369237267,1907,btc_qm_engine:btc_near_miss_or_valid,17.0000000000
METRIC,2026-04-11T22:11:03Z,63468369810107,1907,btc_qm_engine:btc_best_leading_zeros,17.0000000000
METRIC,2026-04-11T22:11:03Z,63468560860889,1907,btc_qm_engine:btc_ptmc_rep_hot,1.0000000000
METRIC,2026-04-11T22:11:03Z,63468561587309,1907,btc_qm_engine:btc_ptmc_rep_cold,0.0000000000
METRIC,2026-04-11T22:11:03Z,63468562179449,1907,btc_qm_engine:btc_ptmc_accept,1.0000000000
METRIC,2026-04-11T22:11:03Z,63468562998949,1907,btc_qm_engine:btc_ptmc_rep_hot,2.0000000000
METRIC,2026-04-11T22:11:03Z,63468563567599,1907,btc_qm_engine:btc_ptmc_rep_cold,1.0000000000
METRIC,2026-04-11T22:11:03Z,63468564104129,1907,btc_qm_engine:btc_ptmc_accept,1.0000000000
METRIC,2026-04-11T22:11:03Z,63468564729479,1907,btc_qm_engine:btc_ptmc_rep_hot,3.0000000000
METRIC,2026-04-11T22:11:03Z,63468565358939,1907,btc_qm_engine:btc_ptmc_rep_cold,2.0000000000
METRIC,2026-04-11T22:11:03Z,63468565885209,1907,btc_qm_engine:btc_ptmc_accept,1.0000000000
METRIC,2026-04-11T22:11:03Z,63468566505439,1907,btc_qm_engine:btc_ptmc_rep_hot,4.0000000000
METRIC,2026-04-11T22:11:03Z,63468567110079,1907,btc_qm_engine:btc_ptmc_rep_cold,3.0000000000
METRIC,2026-04-11T22:11:03Z,63468567714889,1907,btc_qm_engine:btc_ptmc_accept,1.0000000000
METRIC,2026-04-11T22:11:03Z,63468568420529,1907,btc_qm_engine:btc_ptmc_rep_hot,5.0000000000
METRIC,2026-04-11T22:11:03Z,63468569356499,1907,btc_qm_engine:btc_ptmc_rep_cold,4.0000000000
METRIC,2026-04-11T22:11:03Z,63468570555839,1907,btc_qm_engine:btc_ptmc_accept,1.0000000000
METRIC,2026-04-11T22:11:03Z,63468571430739,1907,btc_qm_engine:btc_ptmc_rep_hot,6.0000000000
METRIC,2026-04-11T22:11:03Z,63468572375669,1907,btc_qm_engine:btc_ptmc_rep_cold,5.0000000000
METRIC,2026-04-11T22:11:03Z,63468573203179,1907,btc_qm_engine:btc_ptmc_accept,1.0000000000
METRIC,2026-04-11T22:11:03Z,63468573939749,1907,btc_qm_engine:btc_ptmc_rep_hot,7.0000000000
METRIC,2026-04-11T22:11:03Z,63468574800689,1907,btc_qm_engine:btc_ptmc_rep_cold,6.0000000000
METRIC,2026-04-11T22:11:03Z,63468575620949,1907,btc_qm_engine:btc_ptmc_accept,1.0000000000
METRIC,2026-04-11T22:11:03Z,63468647854419,1907,btc_qm_engine:btc_block_nonce,403827911.0000000000
METRIC,2026-04-11T22:11:03Z,63468648497689,1907,btc_qm_engine:btc_best_leading_zeros,19.0000000000
METRIC,2026-04-11T22:11:03Z,63468649144710,1907,btc_qm_engine:btc_block_valid,0.0000000000
ANOMALY,2026-04-11T22:11:03Z,63468649783339,1907,btc_qm_engine:btc_near_miss_or_valid,19.0000000000
METRIC,2026-04-11T22:11:03Z,63468650432060,1907,btc_qm_engine:btc_best_leading_zeros,19.0000000000
METRIC,2026-04-11T22:11:04Z,63469064701334,1907,btc_qm_engine:btc_ptmc_rep_hot,1.0000000000
METRIC,2026-04-11T22:11:04Z,63469065315754,1907,btc_qm_engine:btc_ptmc_rep_cold,0.0000000000
METRIC,2026-04-11T22:11:04Z,63469065808134,1907,btc_qm_engine:btc_ptmc_accept,1.0000000000
METRIC,2026-04-11T22:11:04Z,63469066334424,1907,btc_qm_engine:btc_ptmc_rep_hot,2.0000000000
METRIC,2026-04-11T22:11:04Z,63469066729284,1907,btc_qm_engine:btc_ptmc_rep_cold,1.0000000000
METRIC,2026-04-11T22:11:04Z,63469067218374,1907,btc_qm_engine:btc_ptmc_accept,1.0000000000
METRIC,2026-04-11T22:11:04Z,63469067723914,1907,btc_qm_engine:btc_ptmc_rep_hot,3.0000000000
METRIC,2026-04-11T22:11:04Z,63469068270854,1907,btc_qm_engine:btc_ptmc_rep_cold,2.0000000000
METRIC,2026-04-11T22:11:04Z,63469068656144,1907,btc_qm_engine:btc_ptmc_accept,0.6065306597
METRIC,2026-04-11T22:11:04Z,63469069339204,1907,btc_qm_engine:btc_ptmc_rep_hot,4.0000000000
METRIC,2026-04-11T22:11:04Z,63469069802334,1907,btc_qm_engine:btc_ptmc_rep_cold,3.0000000000
METRIC,2026-04-11T22:11:04Z,63469070211874,1907,btc_qm_engine:btc_ptmc_accept,1.0000000000
METRIC,2026-04-11T22:11:04Z,63469070630024,1907,btc_qm_engine:btc_ptmc_rep_hot,5.0000000000
METRIC,2026-04-11T22:11:04Z,63469071266184,1907,btc_qm_engine:btc_ptmc_rep_cold,4.0000000000
METRIC,2026-04-11T22:11:04Z,63469071951874,1907,btc_qm_engine:btc_ptmc_accept,1.0000000000
METRIC,2026-04-11T22:11:04Z,63469072715024,1907,btc_qm_engine:btc_ptmc_rep_hot,6.0000000000
METRIC,2026-04-11T22:11:04Z,63469073416544,1907,btc_qm_engine:btc_ptmc_rep_cold,5.0000000000
METRIC,2026-04-11T22:11:04Z,63469074065154,1907,btc_qm_engine:btc_ptmc_accept,1.0000000000
METRIC,2026-04-11T22:11:04Z,63469074680054,1907,btc_qm_engine:btc_ptmc_rep_hot,7.0000000000
METRIC,2026-04-11T22:11:04Z,63469075277304,1907,btc_qm_engine:btc_ptmc_rep_cold,6.0000000000
METRIC,2026-04-11T22:11:04Z,63469075841674,1907,btc_qm_engine:btc_ptmc_accept,1.0000000000
METRIC,2026-04-11T22:11:04Z,63469565050268,1907,btc_qm_engine:btc_ptmc_rep_hot,1.0000000000
METRIC,2026-04-11T22:11:04Z,63469565860899,1907,btc_qm_engine:btc_ptmc_rep_cold,0.0000000000
METRIC,2026-04-11T22:11:04Z,63469566543679,1907,btc_qm_engine:btc_ptmc_accept,1.0000000000
METRIC,2026-04-11T22:11:04Z,63469567173589,1907,btc_qm_engine:btc_ptmc_rep_hot,2.0000000000
METRIC,2026-04-11T22:11:04Z,63469567669619,1907,btc_qm_engine:btc_ptmc_rep_cold,1.0000000000
METRIC,2026-04-11T22:11:04Z,63469568190619,1907,btc_qm_engine:btc_ptmc_accept,1.0000000000
METRIC,2026-04-11T22:11:04Z,63469568803239,1907,btc_qm_engine:btc_ptmc_rep_hot,3.0000000000
METRIC,2026-04-11T22:11:04Z,63469569228029,1907,btc_qm_engine:btc_ptmc_rep_cold,2.0000000000
METRIC,2026-04-11T22:11:04Z,63469569612729,1907,btc_qm_engine:btc_ptmc_accept,1.0000000000
METRIC,2026-04-11T22:11:04Z,63469570107999,1907,btc_qm_engine:btc_ptmc_rep_hot,4.0000000000
METRIC,2026-04-11T22:11:04Z,63469570540939,1907,btc_qm_engine:btc_ptmc_rep_cold,3.0000000000
METRIC,2026-04-11T22:11:04Z,63469571172719,1907,btc_qm_engine:btc_ptmc_accept,0.9048374180
METRIC,2026-04-11T22:11:04Z,63469571610469,1907,btc_qm_engine:btc_ptmc_rep_hot,5.0000000000
METRIC,2026-04-11T22:11:04Z,63469572035089,1907,btc_qm_engine:btc_ptmc_rep_cold,4.0000000000
METRIC,2026-04-11T22:11:04Z,63469572880769,1907,btc_qm_engine:btc_ptmc_accept,0.9394130628
METRIC,2026-04-11T22:11:04Z,63469573586059,1907,btc_qm_engine:btc_ptmc_rep_hot,6.0000000000
METRIC,2026-04-11T22:11:04Z,63469574338979,1907,btc_qm_engine:btc_ptmc_rep_cold,5.0000000000
METRIC,2026-04-11T22:11:04Z,63469575111579,1907,btc_qm_engine:btc_ptmc_accept,0.9642895790
METRIC,2026-04-11T22:11:04Z,63469575944009,1907,btc_qm_engine:btc_ptmc_rep_hot,7.0000000000
METRIC,2026-04-11T22:11:04Z,63469576666369,1907,btc_qm_engine:btc_ptmc_rep_cold,6.0000000000
METRIC,2026-04-11T22:11:04Z,63469577556589,1907,btc_qm_engine:btc_ptmc_accept,0.9767452464
ANOMALY,2026-04-11T22:11:05Z,63470058537243,1907,btc_qm_engine:btc_nx48_new_record_leading_zeros,19.0000000000
METRIC,2026-04-11T22:11:05Z,63470059108883,1907,btc_qm_engine:btc_hashrate_mhs,0.3944449277
METRIC,2026-04-11T22:11:05Z,63470059960113,1907,btc_qm_engine:btc_hashrate_thread_id,1.0000000000
METRIC,2026-04-11T22:11:05Z,63470060561353,1907,btc_qm_engine:btc_nx48_delta_nonce_old,1.0000000000
METRIC,2026-04-11T22:11:05Z,63470060995993,1907,btc_qm_engine:btc_nx48_delta_nonce_new,0.9500000000
METRIC,2026-04-11T22:11:05Z,63470061470623,1907,btc_qm_engine:btc_nx48_batch_old,1.0000000000
METRIC,2026-04-11T22:11:05Z,63470061909993,1907,btc_qm_engine:btc_nx48_batch_new,1.0500000000
METRIC,2026-04-11T22:11:05Z,63470062422203,1907,btc_qm_engine:btc_nx48_loss,0.6931471806
METRIC,2026-04-11T22:11:05Z,63470062922484,1907,btc_qm_engine:btc_nx48_grad_norm,0.1751592512
METRIC,2026-04-11T22:11:05Z,63470063674423,1907,btc_qm_engine:btc_nx48_update_count,1.0000000000
METRIC,2026-04-11T22:11:05Z,63470064428043,1907,btc_qm_engine:btc_nx48_exploration_bias,0.4700000000
METRIC,2026-04-11T22:11:05Z,63470064986433,1907,btc_qm_engine:btc_hashrate_mhs,0.3941778836
METRIC,2026-04-11T22:11:05Z,63470065694183,1907,btc_qm_engine:btc_hashrate_mhs,0.3943579736
METRIC,2026-04-11T22:11:05Z,63470066272723,1907,btc_qm_engine:btc_hashrate_thread_id,3.0000000000
METRIC,2026-04-11T22:11:05Z,63470066818343,1907,btc_qm_engine:btc_hashrate_thread_id,0.0000000000
METRIC,2026-04-11T22:11:05Z,63470067434223,1907,btc_qm_engine:btc_hashrate_mhs,0.3944720478
METRIC,2026-04-11T22:11:05Z,63470068058994,1907,btc_qm_engine:btc_hashrate_thread_id,2.0000000000
METRIC,2026-04-11T22:11:05Z,63470071901094,1907,btc_qm_engine:btc_ptmc_rep_hot,1.0000000000
METRIC,2026-04-11T22:11:05Z,63470072428544,1907,btc_qm_engine:btc_ptmc_rep_cold,0.0000000000
METRIC,2026-04-11T22:11:05Z,63470072975734,1907,btc_qm_engine:btc_ptmc_accept,1.0000000000
METRIC,2026-04-11T22:11:05Z,63470073685223,1907,btc_qm_engine:btc_ptmc_rep_hot,3.0000000000
METRIC,2026-04-11T22:11:05Z,63470074273323,1907,btc_qm_engine:btc_ptmc_rep_cold,2.0000000000
METRIC,2026-04-11T22:11:05Z,63470074700894,1907,btc_qm_engine:btc_ptmc_accept,1.0000000000
METRIC,2026-04-11T22:11:05Z,63470075317494,1907,btc_qm_engine:btc_ptmc_rep_hot,4.0000000000
METRIC,2026-04-11T22:11:05Z,63470075787714,1907,btc_qm_engine:btc_ptmc_rep_cold,3.0000000000
METRIC,2026-04-11T22:11:05Z,63470076345974,1907,btc_qm_engine:btc_ptmc_accept,0.8187307531
METRIC,2026-04-11T22:11:05Z,63470076854054,1907,btc_qm_engine:btc_ptmc_rep_hot,5.0000000000
METRIC,2026-04-11T22:11:05Z,63470077757644,1907,btc_qm_engine:btc_ptmc_rep_cold,4.0000000000
METRIC,2026-04-11T22:11:05Z,63470078952274,1907,btc_qm_engine:btc_ptmc_accept,0.8824969026
METRIC,2026-04-11T22:11:05Z,63470079958094,1907,btc_qm_engine:btc_ptmc_rep_hot,6.0000000000
METRIC,2026-04-11T22:11:05Z,63470080706354,1907,btc_qm_engine:btc_ptmc_rep_cold,5.0000000000
METRIC,2026-04-11T22:11:05Z,63470081281064,1907,btc_qm_engine:btc_ptmc_accept,0.9298543921
METRIC,2026-04-11T22:11:05Z,63470081847824,1907,btc_qm_engine:btc_ptmc_rep_hot,7.0000000000
METRIC,2026-04-11T22:11:05Z,63470082441154,1907,btc_qm_engine:btc_ptmc_rep_cold,6.0000000000
METRIC,2026-04-11T22:11:05Z,63470082948354,1907,btc_qm_engine:btc_ptmc_accept,0.9767452464
METRIC,2026-04-11T22:11:05Z,63470576810089,1907,btc_qm_engine:btc_ptmc_rep_hot,2.0000000000
METRIC,2026-04-11T22:11:05Z,63470577398968,1907,btc_qm_engine:btc_ptmc_rep_cold,1.0000000000
METRIC,2026-04-11T22:11:05Z,63470577810978,1907,btc_qm_engine:btc_ptmc_accept,1.0000000000
METRIC,2026-04-11T22:11:05Z,63470578304148,1907,btc_qm_engine:btc_ptmc_rep_hot,3.0000000000
METRIC,2026-04-11T22:11:05Z,63470578816339,1907,btc_qm_engine:btc_ptmc_rep_cold,2.0000000000
METRIC,2026-04-11T22:11:05Z,63470579377839,1907,btc_qm_engine:btc_ptmc_accept,1.0000000000
METRIC,2026-04-11T22:11:05Z,63470580038199,1907,btc_qm_engine:btc_ptmc_rep_hot,4.0000000000
METRIC,2026-04-11T22:11:05Z,63470580776909,1907,btc_qm_engine:btc_ptmc_rep_cold,3.0000000000
METRIC,2026-04-11T22:11:05Z,63470581466109,1907,btc_qm_engine:btc_ptmc_accept,1.0000000000
METRIC,2026-04-11T22:11:05Z,63470582348239,1907,btc_qm_engine:btc_ptmc_rep_hot,5.0000000000
METRIC,2026-04-11T22:11:05Z,63470583320419,1907,btc_qm_engine:btc_ptmc_rep_cold,4.0000000000
METRIC,2026-04-11T22:11:05Z,63470584357189,1907,btc_qm_engine:btc_ptmc_accept,1.0000000000
METRIC,2026-04-11T22:11:05Z,63470585233619,1907,btc_qm_engine:btc_ptmc_rep_hot,6.0000000000
METRIC,2026-04-11T22:11:05Z,63470585900059,1907,btc_qm_engine:btc_ptmc_rep_cold,5.0000000000
METRIC,2026-04-11T22:11:05Z,63470586584299,1907,btc_qm_engine:btc_ptmc_accept,1.0000000000
METRIC,2026-04-11T22:11:05Z,63470587246799,1907,btc_qm_engine:btc_ptmc_rep_hot,7.0000000000
METRIC,2026-04-11T22:11:05Z,63470587938079,1907,btc_qm_engine:btc_ptmc_rep_cold,6.0000000000
METRIC,2026-04-11T22:11:05Z,63470588866369,1907,btc_qm_engine:btc_ptmc_accept,1.0000000000
METRIC,2026-04-11T22:11:06Z,63471078210583,1907,btc_qm_engine:btc_ptmc_rep_hot,1.0000000000
METRIC,2026-04-11T22:11:06Z,63471078915943,1907,btc_qm_engine:btc_ptmc_rep_cold,0.0000000000
METRIC,2026-04-11T22:11:06Z,63471079534403,1907,btc_qm_engine:btc_ptmc_accept,1.0000000000
METRIC,2026-04-11T22:11:06Z,63471080187563,1907,btc_qm_engine:btc_ptmc_rep_hot,2.0000000000
METRIC,2026-04-11T22:11:06Z,63471080807543,1907,btc_qm_engine:btc_ptmc_rep_cold,1.0000000000
METRIC,2026-04-11T22:11:06Z,63471081262013,1907,btc_qm_engine:btc_ptmc_accept,1.0000000000
METRIC,2026-04-11T22:11:06Z,63471081808053,1907,btc_qm_engine:btc_ptmc_rep_hot,3.0000000000
METRIC,2026-04-11T22:11:06Z,63471082300363,1907,btc_qm_engine:btc_ptmc_rep_cold,2.0000000000
METRIC,2026-04-11T22:11:06Z,63471082686393,1907,btc_qm_engine:btc_ptmc_accept,1.0000000000
METRIC,2026-04-11T22:11:06Z,63471083210763,1907,btc_qm_engine:btc_ptmc_rep_hot,4.0000000000
METRIC,2026-04-11T22:11:06Z,63471083716933,1907,btc_qm_engine:btc_ptmc_rep_cold,3.0000000000
METRIC,2026-04-11T22:11:06Z,63471084214143,1907,btc_qm_engine:btc_ptmc_accept,1.0000000000
METRIC,2026-04-11T22:11:06Z,63471084763373,1907,btc_qm_engine:btc_ptmc_rep_hot,5.0000000000
METRIC,2026-04-11T22:11:06Z,63471085517083,1907,btc_qm_engine:btc_ptmc_rep_cold,4.0000000000
METRIC,2026-04-11T22:11:06Z,63471086358703,1907,btc_qm_engine:btc_ptmc_accept,1.0000000000
METRIC,2026-04-11T22:11:06Z,63471087423543,1907,btc_qm_engine:btc_ptmc_rep_hot,6.0000000000
METRIC,2026-04-11T22:11:06Z,63471088726343,1907,btc_qm_engine:btc_ptmc_rep_cold,5.0000000000
METRIC,2026-04-11T22:11:06Z,63471089801823,1907,btc_qm_engine:btc_ptmc_accept,1.0000000000
METRIC,2026-04-11T22:11:06Z,63471090655673,1907,btc_qm_engine:btc_ptmc_rep_hot,7.0000000000
METRIC,2026-04-11T22:11:06Z,63471091665623,1907,btc_qm_engine:btc_ptmc_rep_cold,6.0000000000
METRIC,2026-04-11T22:11:06Z,63471092493564,1907,btc_qm_engine:btc_ptmc_accept,1.0000000000
METRIC,2026-04-11T22:11:06Z,63471169448284,1907,btc_qm_engine:btc_block_nonce,3649356111.0000000000
METRIC,2026-04-11T22:11:06Z,63471170268064,1907,btc_qm_engine:btc_best_leading_zeros,20.0000000000
METRIC,2026-04-11T22:11:06Z,63471170926034,1907,btc_qm_engine:btc_block_valid,0.0000000000
ANOMALY,2026-04-11T22:11:06Z,63471171546724,1907,btc_qm_engine:btc_near_miss_or_valid,20.0000000000
METRIC,2026-04-11T22:11:06Z,63471172121534,1907,btc_qm_engine:btc_best_leading_zeros,20.0000000000
METRIC,2026-04-11T22:11:06Z,63471582849768,1907,btc_qm_engine:btc_ptmc_rep_hot,1.0000000000
METRIC,2026-04-11T22:11:06Z,63471583597108,1907,btc_qm_engine:btc_ptmc_rep_cold,0.0000000000
METRIC,2026-04-11T22:11:06Z,63471584218118,1907,btc_qm_engine:btc_ptmc_accept,1.0000000000
METRIC,2026-04-11T22:11:06Z,63471584827848,1907,btc_qm_engine:btc_ptmc_rep_hot,2.0000000000
METRIC,2026-04-11T22:11:06Z,63471585389328,1907,btc_qm_engine:btc_ptmc_rep_cold,1.0000000000
METRIC,2026-04-11T22:11:06Z,63471585791958,1907,btc_qm_engine:btc_ptmc_accept,1.0000000000
METRIC,2026-04-11T22:11:06Z,63471586426008,1907,btc_qm_engine:btc_ptmc_rep_hot,3.0000000000
METRIC,2026-04-11T22:11:06Z,63471586854548,1907,btc_qm_engine:btc_ptmc_rep_cold,2.0000000000
METRIC,2026-04-11T22:11:06Z,63471587299448,1907,btc_qm_engine:btc_ptmc_accept,1.0000000000
METRIC,2026-04-11T22:11:06Z,63471587904898,1907,btc_qm_engine:btc_ptmc_rep_hot,4.0000000000
METRIC,2026-04-11T22:11:06Z,63471588492968,1907,btc_qm_engine:btc_ptmc_rep_cold,3.0000000000
METRIC,2026-04-11T22:11:06Z,63471588975418,1907,btc_qm_engine:btc_ptmc_accept,1.0000000000
METRIC,2026-04-11T22:11:06Z,63471589521988,1907,btc_qm_engine:btc_ptmc_rep_hot,5.0000000000
METRIC,2026-04-11T22:11:06Z,63471590325198,1907,btc_qm_engine:btc_ptmc_rep_cold,4.0000000000
METRIC,2026-04-11T22:11:06Z,63471591225238,1907,btc_qm_engine:btc_ptmc_accept,1.0000000000
METRIC,2026-04-11T22:11:06Z,63471592284028,1907,btc_qm_engine:btc_ptmc_rep_hot,6.0000000000
METRIC,2026-04-11T22:11:06Z,63471593540068,1907,btc_qm_engine:btc_ptmc_rep_cold,5.0000000000
METRIC,2026-04-11T22:11:06Z,63471594320598,1907,btc_qm_engine:btc_ptmc_accept,1.0000000000
METRIC,2026-04-11T22:11:06Z,63471595330548,1907,btc_qm_engine:btc_ptmc_rep_hot,7.0000000000
METRIC,2026-04-11T22:11:06Z,63471596291008,1907,btc_qm_engine:btc_ptmc_rep_cold,6.0000000000
METRIC,2026-04-11T22:11:06Z,63471596955068,1907,btc_qm_engine:btc_ptmc_accept,1.0000000000
ANOMALY,2026-04-11T22:11:07Z,63472059979743,1907,btc_qm_engine:btc_nx48_new_record_leading_zeros,20.0000000000
METRIC,2026-04-11T22:11:07Z,63472060664373,1907,btc_qm_engine:btc_nx48_delta_nonce_old,0.9500000000
METRIC,2026-04-11T22:11:07Z,63472061344593,1907,btc_qm_engine:btc_nx48_delta_nonce_new,0.9500000000
METRIC,2026-04-11T22:11:07Z,63472061824353,1907,btc_qm_engine:btc_nx48_batch_old,1.0500000000
METRIC,2026-04-11T22:11:07Z,63472062273393,1907,btc_qm_engine:btc_nx48_batch_new,1.1025000000
METRIC,2026-04-11T22:11:07Z,63472062749803,1907,btc_qm_engine:btc_nx48_loss,0.6930301029
METRIC,2026-04-11T22:11:07Z,63472063220723,1907,btc_qm_engine:btc_nx48_grad_norm,0.2247810545
METRIC,2026-04-11T22:11:07Z,63472063672893,1907,btc_qm_engine:btc_nx48_update_count,2.0000000000
METRIC,2026-04-11T22:11:07Z,63472064141693,1907,btc_qm_engine:btc_nx48_exploration_bias,0.4700000000
METRIC,2026-04-11T22:11:07Z,63472064581573,1907,btc_qm_engine:btc_hashrate_mhs,0.3973857400
METRIC,2026-04-11T22:11:07Z,63472064994763,1907,btc_qm_engine:btc_hashrate_thread_id,0.0000000000
METRIC,2026-04-11T22:11:07Z,63472065517533,1907,btc_qm_engine:btc_hashrate_mhs,0.3974993734
METRIC,2026-04-11T22:11:07Z,63472066089203,1907,btc_qm_engine:btc_hashrate_thread_id,2.0000000000
METRIC,2026-04-11T22:11:07Z,63472066599773,1907,btc_qm_engine:btc_hashrate_mhs,0.3974399627
METRIC,2026-04-11T22:11:07Z,63472067196613,1907,btc_qm_engine:btc_hashrate_thread_id,3.0000000000
METRIC,2026-04-11T22:11:07Z,63472067736793,1907,btc_qm_engine:btc_hashrate_mhs,0.3973917182
METRIC,2026-04-11T22:11:07Z,63472068527933,1907,btc_qm_engine:btc_hashrate_thread_id,1.0000000000
METRIC,2026-04-11T22:11:07Z,63472083563623,1907,btc_qm_engine:btc_ptmc_rep_hot,2.0000000000
METRIC,2026-04-11T22:11:07Z,63472084055513,1907,btc_qm_engine:btc_ptmc_rep_cold,1.0000000000
METRIC,2026-04-11T22:11:07Z,63472084427493,1907,btc_qm_engine:btc_ptmc_accept,1.0000000000
METRIC,2026-04-11T22:11:07Z,63472084905673,1907,btc_qm_engine:btc_ptmc_rep_hot,3.0000000000
METRIC,2026-04-11T22:11:07Z,63472085305033,1907,btc_qm_engine:btc_ptmc_rep_cold,2.0000000000
METRIC,2026-04-11T22:11:07Z,63472085677503,1907,btc_qm_engine:btc_ptmc_accept,0.8464817249
METRIC,2026-04-11T22:11:07Z,63472086206873,1907,btc_qm_engine:btc_ptmc_rep_hot,4.0000000000
METRIC,2026-04-11T22:11:07Z,63472086769973,1907,btc_qm_engine:btc_ptmc_rep_cold,3.0000000000
METRIC,2026-04-11T22:11:07Z,63472087333703,1907,btc_qm_engine:btc_ptmc_accept,0.9048374180
METRIC,2026-04-11T22:11:07Z,63472087994653,1907,btc_qm_engine:btc_ptmc_rep_hot,5.0000000000
METRIC,2026-04-11T22:11:07Z,63472088994813,1907,btc_qm_engine:btc_ptmc_rep_cold,4.0000000000
METRIC,2026-04-11T22:11:07Z,63472089975083,1907,btc_qm_engine:btc_ptmc_accept,0.8290291182
METRIC,2026-04-11T22:11:07Z,63472090707463,1907,btc_qm_engine:btc_ptmc_rep_hot,6.0000000000
METRIC,2026-04-11T22:11:07Z,63472091389483,1907,btc_qm_engine:btc_ptmc_rep_cold,5.0000000000
METRIC,2026-04-11T22:11:07Z,63472092213843,1907,btc_qm_engine:btc_ptmc_accept,0.8966489003
METRIC,2026-04-11T22:11:07Z,63472093006733,1907,btc_qm_engine:btc_ptmc_rep_hot,7.0000000000
METRIC,2026-04-11T22:11:07Z,63472093730423,1907,btc_qm_engine:btc_ptmc_rep_cold,6.0000000000
METRIC,2026-04-11T22:11:07Z,63472094525523,1907,btc_qm_engine:btc_ptmc_accept,0.9318455142
METRIC,2026-04-11T22:11:07Z,63472586687178,1907,btc_qm_engine:btc_ptmc_rep_hot,1.0000000000
METRIC,2026-04-11T22:11:07Z,63472587408788,1907,btc_qm_engine:btc_ptmc_rep_cold,0.0000000000
METRIC,2026-04-11T22:11:07Z,63472587955438,1907,btc_qm_engine:btc_ptmc_accept,1.0000000000
METRIC,2026-04-11T22:11:07Z,63472588668318,1907,btc_qm_engine:btc_ptmc_rep_hot,2.0000000000
METRIC,2026-04-11T22:11:07Z,63472589187828,1907,btc_qm_engine:btc_ptmc_rep_cold,1.0000000000
METRIC,2026-04-11T22:11:07Z,63472589606568,1907,btc_qm_engine:btc_ptmc_accept,0.7165313106
METRIC,2026-04-11T22:11:07Z,63472590199358,1907,btc_qm_engine:btc_ptmc_rep_hot,3.0000000000
METRIC,2026-04-11T22:11:07Z,63472590581518,1907,btc_qm_engine:btc_ptmc_rep_cold,2.0000000000
METRIC,2026-04-11T22:11:07Z,63472590948988,1907,btc_qm_engine:btc_ptmc_accept,0.6065306597
METRIC,2026-04-11T22:11:07Z,63472591459028,1907,btc_qm_engine:btc_ptmc_rep_hot,5.0000000000
METRIC,2026-04-11T22:11:07Z,63472592168798,1907,btc_qm_engine:btc_ptmc_rep_cold,4.0000000000
METRIC,2026-04-11T22:11:07Z,63472592898868,1907,btc_qm_engine:btc_ptmc_accept,1.0000000000
METRIC,2026-04-11T22:11:07Z,63472593785048,1907,btc_qm_engine:btc_ptmc_rep_hot,6.0000000000
METRIC,2026-04-11T22:11:07Z,63472594562428,1907,btc_qm_engine:btc_ptmc_rep_cold,5.0000000000
METRIC,2026-04-11T22:11:07Z,63472595681978,1907,btc_qm_engine:btc_ptmc_accept,1.0000000000
METRIC,2026-04-11T22:11:07Z,63472596739918,1907,btc_qm_engine:btc_ptmc_rep_hot,7.0000000000
METRIC,2026-04-11T22:11:07Z,63472597469768,1907,btc_qm_engine:btc_ptmc_rep_cold,6.0000000000
METRIC,2026-04-11T22:11:07Z,63472598390728,1907,btc_qm_engine:btc_ptmc_accept,1.0000000000
HW_SAMPLE,2026-04-11T22:11:08Z,63473059620043,1907,btc_qm_engine:cpu_delta_pct,42.3996
HW_SAMPLE,2026-04-11T22:11:08Z,63473059620043,1907,btc_qm_engine:mem_used_pct,62.4325
HW_SAMPLE,2026-04-11T22:11:08Z,63473059620043,1907,btc_qm_engine:vm_rss_kb,7584
HW_SAMPLE,2026-04-11T22:11:08Z,63473059620043,1907,btc_qm_engine:vm_peak_kb,375568
HW_SAMPLE,2026-04-11T22:11:08Z,63473060394483,1907,btc_qm_engine:cpu_delta_pct,0.0000
HW_SAMPLE,2026-04-11T22:11:08Z,63473060394483,1907,btc_qm_engine:mem_used_pct,62.4325
HW_SAMPLE,2026-04-11T22:11:08Z,63473060394483,1907,btc_qm_engine:vm_rss_kb,7588
HW_SAMPLE,2026-04-11T22:11:08Z,63473060394483,1907,btc_qm_engine:vm_peak_kb,375568
HW_SAMPLE,2026-04-11T22:11:08Z,63473060621863,1907,btc_qm_engine:cpu_delta_pct,0.0000
HW_SAMPLE,2026-04-11T22:11:08Z,63473060621863,1907,btc_qm_engine:mem_used_pct,62.4325
HW_SAMPLE,2026-04-11T22:11:08Z,63473060621863,1907,btc_qm_engine:vm_rss_kb,7588
HW_SAMPLE,2026-04-11T22:11:08Z,63473060621863,1907,btc_qm_engine:vm_peak_kb,375568
HW_SAMPLE,2026-04-11T22:11:08Z,63473059773773,1907,btc_qm_engine:cpu_delta_pct,0.0000
HW_SAMPLE,2026-04-11T22:11:08Z,63473059773773,1907,btc_qm_engine:mem_used_pct,62.4325
HW_SAMPLE,2026-04-11T22:11:08Z,63473059773773,1907,btc_qm_engine:vm_rss_kb,7588
HW_SAMPLE,2026-04-11T22:11:08Z,63473059773773,1907,btc_qm_engine:vm_peak_kb,375568
METRIC,2026-04-11T22:11:08Z,63473090783443,1907,btc_qm_engine:btc_ptmc_rep_hot,2.0000000000
METRIC,2026-04-11T22:11:08Z,63473091343393,1907,btc_qm_engine:btc_ptmc_rep_cold,1.0000000000
METRIC,2026-04-11T22:11:08Z,63473091745383,1907,btc_qm_engine:btc_ptmc_accept,1.0000000000
METRIC,2026-04-11T22:11:08Z,63473092345123,1907,btc_qm_engine:btc_ptmc_rep_hot,3.0000000000
METRIC,2026-04-11T22:11:08Z,63473092781873,1907,btc_qm_engine:btc_ptmc_rep_cold,2.0000000000
METRIC,2026-04-11T22:11:08Z,63473093245343,1907,btc_qm_engine:btc_ptmc_accept,1.0000000000
METRIC,2026-04-11T22:11:08Z,63473093821673,1907,btc_qm_engine:btc_ptmc_rep_hot,4.0000000000
METRIC,2026-04-11T22:11:08Z,63473094436213,1907,btc_qm_engine:btc_ptmc_rep_cold,3.0000000000
METRIC,2026-04-11T22:11:08Z,63473094977613,1907,btc_qm_engine:btc_ptmc_accept,0.6703200460
METRIC,2026-04-11T22:11:08Z,63473095592633,1907,btc_qm_engine:btc_ptmc_rep_hot,5.0000000000
METRIC,2026-04-11T22:11:08Z,63473096524843,1907,btc_qm_engine:btc_ptmc_rep_cold,4.0000000000
METRIC,2026-04-11T22:11:08Z,63473097278233,1907,btc_qm_engine:btc_ptmc_accept,0.7788007831
METRIC,2026-04-11T22:11:08Z,63473098153183,1907,btc_qm_engine:btc_ptmc_rep_hot,7.0000000000
METRIC,2026-04-11T22:11:08Z,63473099211043,1907,btc_qm_engine:btc_ptmc_rep_cold,6.0000000000
METRIC,2026-04-11T22:11:08Z,63473100229723,1907,btc_qm_engine:btc_ptmc_accept,0.9318455142
METRIC,2026-04-11T22:11:08Z,63473592176268,1907,btc_qm_engine:btc_ptmc_rep_hot,1.0000000000
METRIC,2026-04-11T22:11:08Z,63473592796898,1907,btc_qm_engine:btc_ptmc_rep_cold,0.0000000000
METRIC,2026-04-11T22:11:08Z,63473593304338,1907,btc_qm_engine:btc_ptmc_accept,1.0000000000
METRIC,2026-04-11T22:11:08Z,63473593848968,1907,btc_qm_engine:btc_ptmc_rep_hot,2.0000000000
METRIC,2026-04-11T22:11:08Z,63473594280818,1907,btc_qm_engine:btc_ptmc_rep_cold,1.0000000000
METRIC,2026-04-11T22:11:08Z,63473594689968,1907,btc_qm_engine:btc_ptmc_accept,1.0000000000
METRIC,2026-04-11T22:11:08Z,63473595302458,1907,btc_qm_engine:btc_ptmc_rep_hot,3.0000000000
METRIC,2026-04-11T22:11:08Z,63473595808758,1907,btc_qm_engine:btc_ptmc_rep_cold,2.0000000000
METRIC,2026-04-11T22:11:08Z,63473596366058,1907,btc_qm_engine:btc_ptmc_accept,1.0000000000
METRIC,2026-04-11T22:11:08Z,63473596917438,1907,btc_qm_engine:btc_ptmc_rep_hot,4.0000000000
METRIC,2026-04-11T22:11:08Z,63473597581678,1907,btc_qm_engine:btc_ptmc_rep_cold,3.0000000000
METRIC,2026-04-11T22:11:08Z,63473598129968,1907,btc_qm_engine:btc_ptmc_accept,1.0000000000
METRIC,2026-04-11T22:11:08Z,63473598681098,1907,btc_qm_engine:btc_ptmc_rep_hot,5.0000000000
METRIC,2026-04-11T22:11:08Z,63473599694428,1907,btc_qm_engine:btc_ptmc_rep_cold,4.0000000000
METRIC,2026-04-11T22:11:08Z,63473600674888,1907,btc_qm_engine:btc_ptmc_accept,1.0000000000
METRIC,2026-04-11T22:11:08Z,63473601527278,1907,btc_qm_engine:btc_ptmc_rep_hot,6.0000000000
METRIC,2026-04-11T22:11:08Z,63473602322418,1907,btc_qm_engine:btc_ptmc_rep_cold,5.0000000000
METRIC,2026-04-11T22:11:08Z,63473603264008,1907,btc_qm_engine:btc_ptmc_accept,1.0000000000
METRIC,2026-04-11T22:11:08Z,63473603921978,1907,btc_qm_engine:btc_ptmc_rep_hot,7.0000000000
METRIC,2026-04-11T22:11:08Z,63473604874148,1907,btc_qm_engine:btc_ptmc_rep_cold,6.0000000000
METRIC,2026-04-11T22:11:08Z,63473605736798,1907,btc_qm_engine:btc_ptmc_accept,1.0000000000
METRIC,2026-04-11T22:11:09Z,63474062654182,1907,btc_qm_engine:btc_hashrate_mhs,0.3978419272
METRIC,2026-04-11T22:11:09Z,63474063222332,1907,btc_qm_engine:btc_hashrate_thread_id,3.0000000000
METRIC,2026-04-11T22:11:09Z,63474063736902,1907,btc_qm_engine:btc_hashrate_mhs,0.3978753896
METRIC,2026-04-11T22:11:09Z,63474064305942,1907,btc_qm_engine:btc_hashrate_thread_id,2.0000000000
METRIC,2026-04-11T22:11:09Z,63474064888372,1907,btc_qm_engine:btc_nx48_delta_nonce_old,0.9500000000
METRIC,2026-04-11T22:11:09Z,63474065508202,1907,btc_qm_engine:btc_hashrate_mhs,0.3978948986
METRIC,2026-04-11T22:11:09Z,63474066079162,1907,btc_qm_engine:btc_hashrate_thread_id,1.0000000000
METRIC,2026-04-11T22:11:09Z,63474066743312,1907,btc_qm_engine:btc_nx48_delta_nonce_new,0.9500000000
METRIC,2026-04-11T22:11:09Z,63474067792792,1907,btc_qm_engine:btc_nx48_batch_old,1.1025000000
METRIC,2026-04-11T22:11:09Z,63474068555872,1907,btc_qm_engine:btc_nx48_batch_new,1.1576250000
METRIC,2026-04-11T22:11:09Z,63474069202692,1907,btc_qm_engine:btc_nx48_loss,0.6928067434
METRIC,2026-04-11T22:11:09Z,63474069993852,1907,btc_qm_engine:btc_nx48_grad_norm,0.2150009620
METRIC,2026-04-11T22:11:09Z,63474070757252,1907,btc_qm_engine:btc_nx48_update_count,3.0000000000
METRIC,2026-04-11T22:11:09Z,63474071626132,1907,btc_qm_engine:btc_nx48_exploration_bias,0.4700000000
METRIC,2026-04-11T22:11:09Z,63474072287732,1907,btc_qm_engine:btc_hashrate_mhs,0.3979366016
METRIC,2026-04-11T22:11:09Z,63474073149722,1907,btc_qm_engine:btc_hashrate_thread_id,0.0000000000
METRIC,2026-04-11T22:11:09Z,63474092647893,1907,btc_qm_engine:btc_ptmc_rep_hot,1.0000000000
METRIC,2026-04-11T22:11:09Z,63474093370603,1907,btc_qm_engine:btc_ptmc_rep_cold,0.0000000000
METRIC,2026-04-11T22:11:09Z,63474093879103,1907,btc_qm_engine:btc_ptmc_accept,1.0000000000
METRIC,2026-04-11T22:11:09Z,63474094457773,1907,btc_qm_engine:btc_ptmc_rep_hot,2.0000000000
METRIC,2026-04-11T22:11:09Z,63474094895523,1907,btc_qm_engine:btc_ptmc_rep_cold,1.0000000000
METRIC,2026-04-11T22:11:09Z,63474095365513,1907,btc_qm_engine:btc_ptmc_accept,1.0000000000
METRIC,2026-04-11T22:11:09Z,63474095887533,1907,btc_qm_engine:btc_ptmc_rep_hot,3.0000000000
METRIC,2026-04-11T22:11:09Z,63474096421013,1907,btc_qm_engine:btc_ptmc_rep_cold,2.0000000000
METRIC,2026-04-11T22:11:09Z,63474096838213,1907,btc_qm_engine:btc_ptmc_accept,0.8464817249
METRIC,2026-04-11T22:11:09Z,63474097487023,1907,btc_qm_engine:btc_ptmc_rep_hot,4.0000000000
METRIC,2026-04-11T22:11:09Z,63474098171523,1907,btc_qm_engine:btc_ptmc_rep_cold,3.0000000000
METRIC,2026-04-11T22:11:09Z,63474098660103,1907,btc_qm_engine:btc_ptmc_accept,1.0000000000
METRIC,2026-04-11T22:11:09Z,63474099263243,1907,btc_qm_engine:btc_ptmc_rep_hot,5.0000000000
METRIC,2026-04-11T22:11:09Z,63474100066643,1907,btc_qm_engine:btc_ptmc_rep_cold,4.0000000000
METRIC,2026-04-11T22:11:09Z,63474100802263,1907,btc_qm_engine:btc_ptmc_accept,0.9394130628
METRIC,2026-04-11T22:11:09Z,63474101757233,1907,btc_qm_engine:btc_ptmc_rep_hot,6.0000000000
METRIC,2026-04-11T22:11:09Z,63474102421213,1907,btc_qm_engine:btc_ptmc_rep_cold,5.0000000000
METRIC,2026-04-11T22:11:09Z,63474103225263,1907,btc_qm_engine:btc_ptmc_accept,1.0000000000
METRIC,2026-04-11T22:11:09Z,63474103991343,1907,btc_qm_engine:btc_ptmc_rep_hot,7.0000000000
METRIC,2026-04-11T22:11:09Z,63474105288073,1907,btc_qm_engine:btc_ptmc_rep_cold,6.0000000000
METRIC,2026-04-11T22:11:09Z,63474106049873,1907,btc_qm_engine:btc_ptmc_accept,0.9767452464
METRIC,2026-04-11T22:11:09Z,63474594161927,1907,btc_qm_engine:btc_ptmc_rep_hot,1.0000000000
METRIC,2026-04-11T22:11:09Z,63474594893517,1907,btc_qm_engine:btc_ptmc_rep_cold,0.0000000000
METRIC,2026-04-11T22:11:09Z,63474595467987,1907,btc_qm_engine:btc_ptmc_accept,1.0000000000
METRIC,2026-04-11T22:11:09Z,63474596124237,1907,btc_qm_engine:btc_ptmc_rep_hot,2.0000000000
METRIC,2026-04-11T22:11:09Z,63474596686647,1907,btc_qm_engine:btc_ptmc_rep_cold,1.0000000000
METRIC,2026-04-11T22:11:09Z,63474597190757,1907,btc_qm_engine:btc_ptmc_accept,1.0000000000
METRIC,2026-04-11T22:11:09Z,63474597809917,1907,btc_qm_engine:btc_ptmc_rep_hot,3.0000000000
METRIC,2026-04-11T22:11:09Z,63474598328917,1907,btc_qm_engine:btc_ptmc_rep_cold,2.0000000000
METRIC,2026-04-11T22:11:09Z,63474598722157,1907,btc_qm_engine:btc_ptmc_accept,1.0000000000
METRIC,2026-04-11T22:11:09Z,63474599408327,1907,btc_qm_engine:btc_ptmc_rep_hot,4.0000000000
METRIC,2026-04-11T22:11:09Z,63474600046468,1907,btc_qm_engine:btc_ptmc_rep_cold,3.0000000000
METRIC,2026-04-11T22:11:09Z,63474600652127,1907,btc_qm_engine:btc_ptmc_accept,0.4493289641
METRIC,2026-04-11T22:11:09Z,63474601341477,1907,btc_qm_engine:btc_ptmc_rep_hot,5.0000000000
METRIC,2026-04-11T22:11:09Z,63474602401088,1907,btc_qm_engine:btc_ptmc_rep_cold,4.0000000000
METRIC,2026-04-11T22:11:09Z,63474603190808,1907,btc_qm_engine:btc_ptmc_accept,0.7316156289
METRIC,2026-04-11T22:11:09Z,63474603995878,1907,btc_qm_engine:btc_ptmc_rep_hot,6.0000000000
METRIC,2026-04-11T22:11:09Z,63474605151408,1907,btc_qm_engine:btc_ptmc_rep_cold,5.0000000000
METRIC,2026-04-11T22:11:09Z,63474606105747,1907,btc_qm_engine:btc_ptmc_accept,0.7475836371
METRIC,2026-04-11T22:11:09Z,63474606816908,1907,btc_qm_engine:btc_ptmc_rep_hot,7.0000000000
METRIC,2026-04-11T22:11:09Z,63474607872068,1907,btc_qm_engine:btc_ptmc_rep_cold,6.0000000000
METRIC,2026-04-11T22:11:09Z,63474609255258,1907,btc_qm_engine:btc_ptmc_accept,0.8481431213
METRIC,2026-04-11T22:11:10Z,63475095643942,1907,btc_qm_engine:btc_ptmc_rep_hot,2.0000000000
METRIC,2026-04-11T22:11:10Z,63475096231812,1907,btc_qm_engine:btc_ptmc_rep_cold,1.0000000000
METRIC,2026-04-11T22:11:10Z,63475096702082,1907,btc_qm_engine:btc_ptmc_accept,1.0000000000
METRIC,2026-04-11T22:11:10Z,63475097320752,1907,btc_qm_engine:btc_ptmc_rep_hot,3.0000000000
METRIC,2026-04-11T22:11:10Z,63475097843122,1907,btc_qm_engine:btc_ptmc_rep_cold,2.0000000000
METRIC,2026-04-11T22:11:10Z,63475098348752,1907,btc_qm_engine:btc_ptmc_accept,1.0000000000
METRIC,2026-04-11T22:11:10Z,63475098848112,1907,btc_qm_engine:btc_ptmc_rep_hot,4.0000000000
METRIC,2026-04-11T22:11:10Z,63475099348762,1907,btc_qm_engine:btc_ptmc_rep_cold,3.0000000000
METRIC,2026-04-11T22:11:10Z,63475099996542,1907,btc_qm_engine:btc_ptmc_accept,1.0000000000
METRIC,2026-04-11T22:11:10Z,63475100619362,1907,btc_qm_engine:btc_ptmc_rep_hot,5.0000000000
METRIC,2026-04-11T22:11:10Z,63475101265402,1907,btc_qm_engine:btc_ptmc_rep_cold,4.0000000000
METRIC,2026-04-11T22:11:10Z,63475102174772,1907,btc_qm_engine:btc_ptmc_accept,1.0000000000
METRIC,2026-04-11T22:11:10Z,63475102898552,1907,btc_qm_engine:btc_ptmc_rep_hot,6.0000000000
METRIC,2026-04-11T22:11:10Z,63475103919882,1907,btc_qm_engine:btc_ptmc_rep_cold,5.0000000000
METRIC,2026-04-11T22:11:10Z,63475104703392,1907,btc_qm_engine:btc_ptmc_accept,1.0000000000
METRIC,2026-04-11T22:11:10Z,63475105730972,1907,btc_qm_engine:btc_ptmc_rep_hot,7.0000000000
METRIC,2026-04-11T22:11:10Z,63475106566482,1907,btc_qm_engine:btc_ptmc_rep_cold,6.0000000000
METRIC,2026-04-11T22:11:10Z,63475107569762,1907,btc_qm_engine:btc_ptmc_accept,1.0000000000
METRIC,2026-04-11T22:11:10Z,63475598473457,1907,btc_qm_engine:btc_ptmc_rep_hot,2.0000000000
METRIC,2026-04-11T22:11:10Z,63475599103237,1907,btc_qm_engine:btc_ptmc_rep_cold,1.0000000000
METRIC,2026-04-11T22:11:10Z,63475599560397,1907,btc_qm_engine:btc_ptmc_accept,1.0000000000
METRIC,2026-04-11T22:11:10Z,63475600156947,1907,btc_qm_engine:btc_ptmc_rep_hot,3.0000000000
METRIC,2026-04-11T22:11:10Z,63475600595407,1907,btc_qm_engine:btc_ptmc_rep_cold,2.0000000000
METRIC,2026-04-11T22:11:10Z,63475601010327,1907,btc_qm_engine:btc_ptmc_accept,1.0000000000
METRIC,2026-04-11T22:11:10Z,63475601553987,1907,btc_qm_engine:btc_ptmc_rep_hot,4.0000000000
METRIC,2026-04-11T22:11:10Z,63475602004147,1907,btc_qm_engine:btc_ptmc_rep_cold,3.0000000000
METRIC,2026-04-11T22:11:10Z,63475602497607,1907,btc_qm_engine:btc_ptmc_accept,1.0000000000
METRIC,2026-04-11T22:11:10Z,63475603177677,1907,btc_qm_engine:btc_ptmc_rep_hot,5.0000000000
METRIC,2026-04-11T22:11:10Z,63475603996507,1907,btc_qm_engine:btc_ptmc_rep_cold,4.0000000000
METRIC,2026-04-11T22:11:10Z,63475604827947,1907,btc_qm_engine:btc_ptmc_accept,1.0000000000
METRIC,2026-04-11T22:11:10Z,63475605734437,1907,btc_qm_engine:btc_ptmc_rep_hot,6.0000000000
METRIC,2026-04-11T22:11:10Z,63475606697257,1907,btc_qm_engine:btc_ptmc_rep_cold,5.0000000000
METRIC,2026-04-11T22:11:10Z,63475607807037,1907,btc_qm_engine:btc_ptmc_accept,1.0000000000
METRIC,2026-04-11T22:11:10Z,63475608670677,1907,btc_qm_engine:btc_ptmc_rep_hot,7.0000000000
METRIC,2026-04-11T22:11:10Z,63475609326987,1907,btc_qm_engine:btc_ptmc_rep_cold,6.0000000000
METRIC,2026-04-11T22:11:10Z,63475609947017,1907,btc_qm_engine:btc_ptmc_accept,1.0000000000
METRIC,2026-04-11T22:11:11Z,63476063626211,1907,btc_qm_engine:btc_nx48_delta_nonce_old,0.9500000000
METRIC,2026-04-11T22:11:11Z,63476064291601,1907,btc_qm_engine:btc_nx48_delta_nonce_new,0.9500000000
METRIC,2026-04-11T22:11:11Z,63476064738332,1907,btc_qm_engine:btc_nx48_batch_old,1.1576250000
METRIC,2026-04-11T22:11:11Z,63476065165482,1907,btc_qm_engine:btc_nx48_batch_new,1.2155062500
METRIC,2026-04-11T22:11:11Z,63476065624972,1907,btc_qm_engine:btc_nx48_loss,0.6925983632
METRIC,2026-04-11T22:11:11Z,63476066064431,1907,btc_qm_engine:btc_nx48_grad_norm,0.2104922201
METRIC,2026-04-11T22:11:11Z,63476066507422,1907,btc_qm_engine:btc_nx48_update_count,4.0000000000
METRIC,2026-04-11T22:11:11Z,63476067094262,1907,btc_qm_engine:btc_nx48_exploration_bias,0.4700000000
METRIC,2026-04-11T22:11:11Z,63476067510882,1907,btc_qm_engine:btc_hashrate_mhs,0.3990015728
METRIC,2026-04-11T22:11:11Z,63476067962602,1907,btc_qm_engine:btc_hashrate_thread_id,0.0000000000
METRIC,2026-04-11T22:11:11Z,63476068513102,1907,btc_qm_engine:btc_hashrate_mhs,0.3990330228
METRIC,2026-04-11T22:11:11Z,63476069102992,1907,btc_qm_engine:btc_hashrate_thread_id,3.0000000000
METRIC,2026-04-11T22:11:11Z,63476069559762,1907,btc_qm_engine:btc_hashrate_mhs,0.3990973032
METRIC,2026-04-11T22:11:11Z,63476070093052,1907,btc_qm_engine:btc_hashrate_thread_id,1.0000000000
METRIC,2026-04-11T22:11:11Z,63476070732782,1907,btc_qm_engine:btc_hashrate_mhs,0.3990654708
METRIC,2026-04-11T22:11:11Z,63476071360022,1907,btc_qm_engine:btc_hashrate_thread_id,2.0000000000
METRIC,2026-04-11T22:11:11Z,63476101088832,1907,btc_qm_engine:btc_ptmc_rep_hot,2.0000000000
METRIC,2026-04-11T22:11:11Z,63476101650982,1907,btc_qm_engine:btc_ptmc_rep_cold,1.0000000000
METRIC,2026-04-11T22:11:11Z,63476102154862,1907,btc_qm_engine:btc_ptmc_accept,1.0000000000
METRIC,2026-04-11T22:11:11Z,63476102778322,1907,btc_qm_engine:btc_ptmc_rep_hot,3.0000000000
METRIC,2026-04-11T22:11:11Z,63476103333712,1907,btc_qm_engine:btc_ptmc_rep_cold,2.0000000000
METRIC,2026-04-11T22:11:11Z,63476103735222,1907,btc_qm_engine:btc_ptmc_accept,1.0000000000
METRIC,2026-04-11T22:11:11Z,63476104261342,1907,btc_qm_engine:btc_ptmc_rep_hot,4.0000000000
METRIC,2026-04-11T22:11:11Z,63476104878732,1907,btc_qm_engine:btc_ptmc_rep_cold,3.0000000000
METRIC,2026-04-11T22:11:11Z,63476105557912,1907,btc_qm_engine:btc_ptmc_accept,1.0000000000
METRIC,2026-04-11T22:11:11Z,63476106337382,1907,btc_qm_engine:btc_ptmc_rep_hot,5.0000000000
METRIC,2026-04-11T22:11:11Z,63476107465942,1907,btc_qm_engine:btc_ptmc_rep_cold,4.0000000000
METRIC,2026-04-11T22:11:11Z,63476108731912,1907,btc_qm_engine:btc_ptmc_accept,1.0000000000
METRIC,2026-04-11T22:11:11Z,63476109805492,1907,btc_qm_engine:btc_ptmc_rep_hot,6.0000000000
METRIC,2026-04-11T22:11:11Z,63476110677552,1907,btc_qm_engine:btc_ptmc_rep_cold,5.0000000000
METRIC,2026-04-11T22:11:11Z,63476111602962,1907,btc_qm_engine:btc_ptmc_accept,1.0000000000
METRIC,2026-04-11T22:11:11Z,63476112517742,1907,btc_qm_engine:btc_ptmc_rep_hot,7.0000000000
METRIC,2026-04-11T22:11:11Z,63476113288312,1907,btc_qm_engine:btc_ptmc_rep_cold,6.0000000000
METRIC,2026-04-11T22:11:11Z,63476113975192,1907,btc_qm_engine:btc_ptmc_accept,1.0000000000
METRIC,2026-04-11T22:11:11Z,63476602893077,1907,btc_qm_engine:btc_ptmc_rep_hot,1.0000000000
METRIC,2026-04-11T22:11:11Z,63476603708937,1907,btc_qm_engine:btc_ptmc_rep_cold,0.0000000000
METRIC,2026-04-11T22:11:11Z,63476604170607,1907,btc_qm_engine:btc_ptmc_accept,1.0000000000
METRIC,2026-04-11T22:11:11Z,63476604685587,1907,btc_qm_engine:btc_ptmc_rep_hot,2.0000000000
METRIC,2026-04-11T22:11:11Z,63476605286817,1907,btc_qm_engine:btc_ptmc_rep_cold,1.0000000000
METRIC,2026-04-11T22:11:11Z,63476605761247,1907,btc_qm_engine:btc_ptmc_accept,0.5134171190
METRIC,2026-04-11T22:11:11Z,63476606457177,1907,btc_qm_engine:btc_ptmc_rep_hot,3.0000000000
METRIC,2026-04-11T22:11:11Z,63476607166867,1907,btc_qm_engine:btc_ptmc_rep_cold,2.0000000000
METRIC,2026-04-11T22:11:11Z,63476609254467,1907,btc_qm_engine:btc_ptmc_accept,1.0000000000
METRIC,2026-04-11T22:11:11Z,63476609972607,1907,btc_qm_engine:btc_ptmc_rep_hot,4.0000000000
METRIC,2026-04-11T22:11:11Z,63476610689807,1907,btc_qm_engine:btc_ptmc_rep_cold,3.0000000000
METRIC,2026-04-11T22:11:11Z,63476611373107,1907,btc_qm_engine:btc_ptmc_accept,1.0000000000
METRIC,2026-04-11T22:11:11Z,63476611975347,1907,btc_qm_engine:btc_ptmc_rep_hot,5.0000000000
METRIC,2026-04-11T22:11:11Z,63476612662947,1907,btc_qm_engine:btc_ptmc_rep_cold,4.0000000000
METRIC,2026-04-11T22:11:11Z,63476613536677,1907,btc_qm_engine:btc_ptmc_accept,0.8290291182
METRIC,2026-04-11T22:11:11Z,63476614373627,1907,btc_qm_engine:btc_ptmc_rep_hot,6.0000000000
METRIC,2026-04-11T22:11:11Z,63476615427207,1907,btc_qm_engine:btc_ptmc_rep_cold,5.0000000000
METRIC,2026-04-11T22:11:11Z,63476616341617,1907,btc_qm_engine:btc_ptmc_accept,0.8966489003
METRIC,2026-04-11T22:11:11Z,63476617071237,1907,btc_qm_engine:btc_ptmc_rep_hot,7.0000000000
METRIC,2026-04-11T22:11:11Z,63476617744467,1907,btc_qm_engine:btc_ptmc_rep_cold,6.0000000000
METRIC,2026-04-11T22:11:11Z,63476618635057,1907,btc_qm_engine:btc_ptmc_accept,0.9318455142
METRIC,2026-04-11T22:11:12Z,63477107289941,1907,btc_qm_engine:btc_ptmc_rep_hot,1.0000000000
METRIC,2026-04-11T22:11:12Z,63477107995491,1907,btc_qm_engine:btc_ptmc_rep_cold,0.0000000000
METRIC,2026-04-11T22:11:12Z,63477108678181,1907,btc_qm_engine:btc_ptmc_accept,1.0000000000
METRIC,2026-04-11T22:11:12Z,63477109450161,1907,btc_qm_engine:btc_ptmc_rep_hot,2.0000000000
METRIC,2026-04-11T22:11:12Z,63477109883101,1907,btc_qm_engine:btc_ptmc_rep_cold,1.0000000000
METRIC,2026-04-11T22:11:12Z,63477110379491,1907,btc_qm_engine:btc_ptmc_accept,1.0000000000
METRIC,2026-04-11T22:11:12Z,63477111255051,1907,btc_qm_engine:btc_ptmc_rep_hot,4.0000000000
METRIC,2026-04-11T22:11:12Z,63477111760501,1907,btc_qm_engine:btc_ptmc_rep_cold,3.0000000000
METRIC,2026-04-11T22:11:12Z,63477112648211,1907,btc_qm_engine:btc_ptmc_accept,0.9048374180
METRIC,2026-04-11T22:11:12Z,63477113497581,1907,btc_qm_engine:btc_ptmc_rep_hot,5.0000000000
METRIC,2026-04-11T22:11:12Z,63477114457181,1907,btc_qm_engine:btc_ptmc_rep_cold,4.0000000000
METRIC,2026-04-11T22:11:12Z,63477115635842,1907,btc_qm_engine:btc_ptmc_accept,0.9394130628
METRIC,2026-04-11T22:11:12Z,63477116619412,1907,btc_qm_engine:btc_ptmc_rep_hot,6.0000000000
METRIC,2026-04-11T22:11:12Z,63477117447252,1907,btc_qm_engine:btc_ptmc_rep_cold,5.0000000000
METRIC,2026-04-11T22:11:12Z,63477118254052,1907,btc_qm_engine:btc_ptmc_accept,0.9642895790
METRIC,2026-04-11T22:11:12Z,63477118929572,1907,btc_qm_engine:btc_ptmc_rep_hot,7.0000000000
METRIC,2026-04-11T22:11:12Z,63477119832751,1907,btc_qm_engine:btc_ptmc_rep_cold,6.0000000000
METRIC,2026-04-11T22:11:12Z,63477120807982,1907,btc_qm_engine:btc_ptmc_accept,1.0000000000
METRIC,2026-04-11T22:11:12Z,63477607799706,1907,btc_qm_engine:btc_ptmc_rep_hot,1.0000000000
METRIC,2026-04-11T22:11:12Z,63477608437766,1907,btc_qm_engine:btc_ptmc_rep_cold,0.0000000000
METRIC,2026-04-11T22:11:12Z,63477609144656,1907,btc_qm_engine:btc_ptmc_accept,1.0000000000
METRIC,2026-04-11T22:11:12Z,63477609883326,1907,btc_qm_engine:btc_ptmc_rep_hot,2.0000000000
METRIC,2026-04-11T22:11:12Z,63477610403536,1907,btc_qm_engine:btc_ptmc_rep_cold,1.0000000000
METRIC,2026-04-11T22:11:12Z,63477610847736,1907,btc_qm_engine:btc_ptmc_accept,1.0000000000
METRIC,2026-04-11T22:11:12Z,63477611470466,1907,btc_qm_engine:btc_ptmc_rep_hot,3.0000000000
METRIC,2026-04-11T22:11:12Z,63477611922096,1907,btc_qm_engine:btc_ptmc_rep_cold,2.0000000000
METRIC,2026-04-11T22:11:12Z,63477612371826,1907,btc_qm_engine:btc_ptmc_accept,1.0000000000
METRIC,2026-04-11T22:11:12Z,63477612941666,1907,btc_qm_engine:btc_ptmc_rep_hot,4.0000000000
METRIC,2026-04-11T22:11:12Z,63477613451786,1907,btc_qm_engine:btc_ptmc_rep_cold,3.0000000000
METRIC,2026-04-11T22:11:12Z,63477614118426,1907,btc_qm_engine:btc_ptmc_accept,1.0000000000
METRIC,2026-04-11T22:11:12Z,63477614642416,1907,btc_qm_engine:btc_ptmc_rep_hot,5.0000000000
METRIC,2026-04-11T22:11:12Z,63477615163116,1907,btc_qm_engine:btc_ptmc_rep_cold,4.0000000000
METRIC,2026-04-11T22:11:12Z,63477615658346,1907,btc_qm_engine:btc_ptmc_accept,1.0000000000
METRIC,2026-04-11T22:11:12Z,63477616651786,1907,btc_qm_engine:btc_ptmc_rep_hot,6.0000000000
METRIC,2026-04-11T22:11:12Z,63477617461406,1907,btc_qm_engine:btc_ptmc_rep_cold,5.0000000000
METRIC,2026-04-11T22:11:12Z,63477617959396,1907,btc_qm_engine:btc_ptmc_accept,1.0000000000
METRIC,2026-04-11T22:11:12Z,63477618555736,1907,btc_qm_engine:btc_ptmc_rep_hot,7.0000000000
METRIC,2026-04-11T22:11:12Z,63477619091526,1907,btc_qm_engine:btc_ptmc_rep_cold,6.0000000000
METRIC,2026-04-11T22:11:12Z,63477619593716,1907,btc_qm_engine:btc_ptmc_accept,1.0000000000
THREAD,2026-04-11T22:11:13Z,63478041981130,1907,btc_qm_engine:btc_mining_worker_END,140296114853568
THREAD,2026-04-11T22:11:13Z,63478043343730,1907,btc_qm_engine:btc_mining_worker_END,140296131638976
THREAD,2026-04-11T22:11:13Z,63478043435780,1907,btc_qm_engine:btc_mining_worker_END,140296106460864
THREAD,2026-04-11T22:11:13Z,63478043438290,1907,btc_qm_engine:btc_mining_worker_END,140296123246272
METRIC,2026-04-11T22:11:13Z,63478043865510,1907,btc_qm_engine:btc_nonces_total,3986087.0000000000
METRIC,2026-04-11T22:11:13Z,63478044303870,1907,btc_qm_engine:btc_elapsed_s,10.0031884470
METRIC,2026-04-11T22:11:13Z,63478044651970,1907,btc_qm_engine:btc_hashrate_mhs_final,0.3984816462
METRIC,2026-04-11T22:11:13Z,63478044979440,1907,btc_qm_engine:btc_best_leading_zeros,20.0000000000
METRIC,2026-04-11T22:11:13Z,63478045352940,1907,btc_qm_engine:btc_best_nonce_final,3649356111.0000000000
METRIC,2026-04-11T22:11:13Z,63478045675090,1907,btc_qm_engine:btc_block_valid,0.0000000000
METRIC,2026-04-11T22:11:13Z,63478046016770,1907,btc_qm_engine:btc_hashrate_gate_pass,0.0000000000
ANOMALY,2026-04-11T22:11:13Z,63478046377770,1907,btc_qm_engine:BTC_HASHRATE_GATE_FAILED,0.3984816462
METRIC,2026-04-11T22:11:13Z,63478046707690,1907,btc_qm_engine:btc_memory_gate_pass,1.0000000000
MODULE_END,2026-04-11T22:11:13Z,63478047155470,1907,btc_qm_engine:btc_engine_run,10006478647
METRIC,2026-04-11T22:11:13Z,63478047617880,1907,btc_qm_engine:btc_nx48_csv_saved,1.0000000000
METRIC,2026-04-11T22:11:13Z,63478048301600,1907,btc_qm_engine:btc_nx48_csv_saved,1.0000000000
METRIC,2026-04-11T22:11:13Z,63478048693470,1907,btc_qm_engine:btc_memory_gate_pass,1.0000000000
MODULE_END,2026-04-11T22:11:13Z,63478049088330,1907,btc_qm_engine:main_btc_mining,10008411507
METRIC,2026-04-11T22:11:13Z,63478049246490,1907,btc_qm_engine:btc_wallet_destroyed,1.0000000000
HW_SAMPLE,2026-04-11T22:11:13Z,63478057745250,1907,shutdown:cpu_delta_pct,0.0000
HW_SAMPLE,2026-04-11T22:11:13Z,63478057745250,1907,shutdown:mem_used_pct,62.4269
HW_SAMPLE,2026-04-11T22:11:13Z,63478057745250,1907,shutdown:vm_rss_kb,7668
