=== LOG FORENSIQUE ULTRA-STRICT v3.0 MODULE btc_qm_engine ===
Timestamp: 16733722891759 ns | PID: 4064 | Thread: 140687667780800
Standards: ISO/IEC 27037, NIST SP 800-86, IEEE 1012
=====================================================
[16733723294099] TEST_START: main_btc_mining | Source: src/main_btc_mining.c:208 in main()
[16733723467379] METRIC #1: btc_run_mode_hash = 66.0000000000 | Src: src/main_btc_mining.c:210 main()
[16733723936229] METRIC #2: btc_module_version = 17.0000000000 | Src: src/main_btc_mining.c:211 main()
[16733724898089] METRIC #3: btc_nx48_init_loaded = 0.0000000000 | Src: src/nx48_btc_controller.c:158 nx48_btc_init()
[16733725370809] METRIC #4: btc_nx48_delta_nonce_scale = 1.0000000000 | Src: src/nx48_btc_controller.c:159 nx48_btc_init()
[16733725840359] METRIC #5: btc_nx48_n_replicas_scale = 1.0000000000 | Src: src/nx48_btc_controller.c:160 nx48_btc_init()
[16733726247129] METRIC #6: btc_nx48_swap_temp_scale = 1.0000000000 | Src: src/nx48_btc_controller.c:161 nx48_btc_init()
[16733726597969] METRIC #7: btc_nx48_batch_size_scale = 1.0000000000 | Src: src/nx48_btc_controller.c:162 nx48_btc_init()
[16733726951699] METRIC #8: btc_nx48_exploration_bias = 0.5000000000 | Src: src/nx48_btc_controller.c:163 nx48_btc_init()
[16733727410599] METRIC #9: btc_nx48_neuron_count = 2.0000000000 | Src: src/nx48_btc_controller.c:164 nx48_btc_init()
[16733727900839] METRIC #10: btc_sha256_self_test_pass = 1.0000000000 | Src: src/sha256_lumvorax.c:396 lv_sha256_self_test()
[16733728428639] METRIC #11: btc_wallet_from_privkey_start = 1.0000000000 | Src: src/btc_wallet.c:356 btc_wallet_from_privkey()
[16733733176559] METRIC #12: btc_wallet_from_privkey_ok = 1.0000000000 | Src: src/btc_wallet.c:407 btc_wallet_from_privkey()
[16733734177229] METRIC #13: btc_wallet_saved_json = 1.0000000000 | Src: src/btc_wallet.c:507 btc_wallet_save_json()
[16733734653079] METRIC #14: btc_sha256_self_test_pass = 1.0000000000 | Src: src/sha256_lumvorax.c:396 lv_sha256_self_test()
[16733735039679] METRIC #15: btc_integrity_gate_pass = 1.0000000000 | Src: src/btc_mining_engine.c:817 btc_engine_run()
[16733736221029] METRIC #16: btc_ram_available_mb_start = 26807.0000000000 | Src: src/btc_mining_engine.c:857 btc_engine_run()
[16733736656939] TEST_START: btc_engine_create | Source: src/btc_mining_engine.c:422 in engine_create()
[16733736791369] METRIC #17: btc_n_replicas = 8.0000000000 | Src: src/btc_mining_engine.c:423 engine_create()
[16733737197859] METRIC #18: btc_n_threads = 2.0000000000 | Src: src/btc_mining_engine.c:424 engine_create()
[16733737576729] METRIC #19: btc_batch_size = 512.0000000000 | Src: src/btc_mining_engine.c:425 engine_create()
[16733738093559] METRIC #20: btc_nonce_start = 0.0000000000 | Src: src/btc_mining_engine.c:426 engine_create()
[16733738536049] METRIC #21: btc_nonce_end = 4294967295.0000000000 | Src: src/btc_mining_engine.c:427 engine_create()
[16733738993969] METRIC #22: btc_duration_s = 1.0000000000 | Src: src/btc_mining_engine.c:428 engine_create()
[16733740064758] METRIC #23: btc_replica_idx = 0.0000000000 | Src: src/btc_mining_engine.c:432 engine_create()
[16733740784278] METRIC #24: btc_replica_nonce = 0.0000000000 | Src: src/btc_mining_engine.c:432 engine_create()
[16733741418168] METRIC #25: btc_replica_temp = 1.0000000000 | Src: src/btc_mining_engine.c:432 engine_create()
[16733741973589] METRIC #26: btc_replica_leading = 0.0000000000 | Src: src/btc_mining_engine.c:432 engine_create()
[16733742488008] METRIC #27: btc_replica_idx = 1.0000000000 | Src: src/btc_mining_engine.c:432 engine_create()
[16733742963308] METRIC #28: btc_replica_nonce = 536870911.0000000000 | Src: src/btc_mining_engine.c:432 engine_create()
[16733743729568] METRIC #29: btc_replica_temp = 2.0000000000 | Src: src/btc_mining_engine.c:432 engine_create()
[16733744247718] METRIC #30: btc_replica_leading = 0.0000000000 | Src: src/btc_mining_engine.c:432 engine_create()
[16733744803918] METRIC #31: btc_replica_idx = 2.0000000000 | Src: src/btc_mining_engine.c:432 engine_create()
[16733745274308] METRIC #32: btc_replica_nonce = 1073741822.0000000000 | Src: src/btc_mining_engine.c:432 engine_create()
[16733745696788] METRIC #33: btc_replica_temp = 4.0000000000 | Src: src/btc_mining_engine.c:432 engine_create()
[16733746228758] METRIC #34: btc_replica_leading = 0.0000000000 | Src: src/btc_mining_engine.c:432 engine_create()
[16733747368668] METRIC #35: btc_replica_idx = 3.0000000000 | Src: src/btc_mining_engine.c:432 engine_create()
[16733747782578] METRIC #36: btc_replica_nonce = 1610612733.0000000000 | Src: src/btc_mining_engine.c:432 engine_create()
[16733748260608] METRIC #37: btc_replica_temp = 8.0000000000 | Src: src/btc_mining_engine.c:432 engine_create()
[16733748747238] METRIC #38: btc_replica_leading = 0.0000000000 | Src: src/btc_mining_engine.c:432 engine_create()
[16733749304058] METRIC #39: btc_replica_idx = 4.0000000000 | Src: src/btc_mining_engine.c:432 engine_create()
[16733749808348] METRIC #40: btc_replica_nonce = 2147483644.0000000000 | Src: src/btc_mining_engine.c:432 engine_create()
[16733750325758] METRIC #41: btc_replica_temp = 12.0000000000 | Src: src/btc_mining_engine.c:432 engine_create()
[16733750958038] METRIC #42: btc_replica_leading = 0.0000000000 | Src: src/btc_mining_engine.c:432 engine_create()
[16733751491358] METRIC #43: btc_replica_idx = 5.0000000000 | Src: src/btc_mining_engine.c:432 engine_create()
[16733752168758] METRIC #44: btc_replica_nonce = 2684354555.0000000000 | Src: src/btc_mining_engine.c:432 engine_create()
[16733752675688] METRIC #45: btc_replica_temp = 20.0000000000 | Src: src/btc_mining_engine.c:432 engine_create()
[16733753219528] METRIC #46: btc_replica_leading = 0.0000000000 | Src: src/btc_mining_engine.c:432 engine_create()
[16733753702118] METRIC #47: btc_replica_idx = 6.0000000000 | Src: src/btc_mining_engine.c:432 engine_create()
[16733754282238] METRIC #48: btc_replica_nonce = 3221225466.0000000000 | Src: src/btc_mining_engine.c:432 engine_create()
[16733754771978] METRIC #49: btc_replica_temp = 35.0000000000 | Src: src/btc_mining_engine.c:432 engine_create()
[16733755278558] METRIC #50: btc_replica_leading = 0.0000000000 | Src: src/btc_mining_engine.c:432 engine_create()
[16733755730758] METRIC #51: btc_replica_idx = 7.0000000000 | Src: src/btc_mining_engine.c:432 engine_create()
[16733756181618] METRIC #52: btc_replica_nonce = 3758096377.0000000000 | Src: src/btc_mining_engine.c:432 engine_create()
[16733756621318] METRIC #53: btc_replica_temp = 50.0000000000 | Src: src/btc_mining_engine.c:432 engine_create()
[16733757026898] METRIC #54: btc_replica_leading = 0.0000000000 | Src: src/btc_mining_engine.c:432 engine_create()
[16733757399228] METRIC #55: btc_midstate_applied = 1.0000000000 | Src: src/btc_mining_engine.c:872 btc_engine_run()
[16733758409078] METRIC #56: btc_block_nonce = 23879.0000000000 | Src: src/btc_mining_engine.c:678 btc_mining_thread()
[16733759242538] METRIC #57: btc_best_leading_zeros = 2.0000000000 | Src: src/btc_mining_engine.c:678 btc_mining_thread()
[16733759746298] METRIC #58: btc_block_valid = 0.0000000000 | Src: src/btc_mining_engine.c:678 btc_mining_thread()
[16733760317938] METRIC #59: btc_threads_launched = 2.0000000000 | Src: src/btc_mining_engine.c:891 btc_engine_run()
[16733760920398] METRIC #60: btc_best_leading_zeros = 2.0000000000 | Src: src/btc_mining_engine.c:680 btc_mining_thread()
[16733761610488] METRIC #61: btc_nx48_csv_saved = 1.0000000000 | Src: src/nx48_btc_controller.c:479 nx48_btc_save_csv()
[16733762077418] METRIC #62: btc_block_nonce = 536896982.0000000000 | Src: src/btc_mining_engine.c:678 btc_mining_thread()
[16733762673798] METRIC #63: btc_best_leading_zeros = 3.0000000000 | Src: src/btc_mining_engine.c:678 btc_mining_thread()
[16733763152358] METRIC #64: btc_block_valid = 0.0000000000 | Src: src/btc_mining_engine.c:678 btc_mining_thread()
[16733764072528] METRIC #65: btc_best_leading_zeros = 3.0000000000 | Src: src/btc_mining_engine.c:680 btc_mining_thread()
[16733764844348] METRIC #66: btc_nx48_csv_saved = 1.0000000000 | Src: src/nx48_btc_controller.c:479 nx48_btc_save_csv()
[16733765388448] METRIC #67: btc_block_nonce = 22509.0000000000 | Src: src/btc_mining_engine.c:678 btc_mining_thread()
[16733765965048] METRIC #68: btc_best_leading_zeros = 4.0000000000 | Src: src/btc_mining_engine.c:678 btc_mining_thread()
[16733766389758] METRIC #69: btc_block_valid = 0.0000000000 | Src: src/btc_mining_engine.c:678 btc_mining_thread()
[16733767370608] METRIC #70: btc_best_leading_zeros = 4.0000000000 | Src: src/btc_mining_engine.c:680 btc_mining_thread()
[16733768115718] METRIC #71: btc_nx48_csv_saved = 1.0000000000 | Src: src/nx48_btc_controller.c:479 nx48_btc_save_csv()
[16733768602128] METRIC #72: btc_block_nonce = 3279072428.0000000000 | Src: src/btc_mining_engine.c:678 btc_mining_thread()
[16733769115748] METRIC #73: btc_best_leading_zeros = 9.0000000000 | Src: src/btc_mining_engine.c:678 btc_mining_thread()
[16733769549818] METRIC #74: btc_block_valid = 0.0000000000 | Src: src/btc_mining_engine.c:678 btc_mining_thread()
[16733770485108] METRIC #75: btc_best_leading_zeros = 9.0000000000 | Src: src/btc_mining_engine.c:680 btc_mining_thread()
[16733771287888] METRIC #76: btc_nx48_csv_saved = 1.0000000000 | Src: src/nx48_btc_controller.c:479 nx48_btc_save_csv()
[16733771838858] METRIC #77: btc_block_nonce = 4373.0000000000 | Src: src/btc_mining_engine.c:678 btc_mining_thread()
[16733772354458] METRIC #78: btc_best_leading_zeros = 12.0000000000 | Src: src/btc_mining_engine.c:678 btc_mining_thread()
[16733772872138] METRIC #79: btc_block_valid = 0.0000000000 | Src: src/btc_mining_engine.c:678 btc_mining_thread()
[16733773814278] METRIC #80: btc_best_leading_zeros = 12.0000000000 | Src: src/btc_mining_engine.c:680 btc_mining_thread()
[16733774678358] METRIC #81: btc_nx48_csv_saved = 1.0000000000 | Src: src/nx48_btc_controller.c:479 nx48_btc_save_csv()
[16733858519295] METRIC #82: btc_ptmc_rep_hot = 1.0000000000 | Src: src/btc_mining_engine.c:492 engine_ptmc_swap()
[16733859312955] METRIC #83: btc_ptmc_rep_cold = 0.0000000000 | Src: src/btc_mining_engine.c:492 engine_ptmc_swap()
[16733859853015] METRIC #84: btc_ptmc_accept = 1.0000000000 | Src: src/btc_mining_engine.c:492 engine_ptmc_swap()
[16733860572905] METRIC #85: btc_ptmc_rep_hot = 2.0000000000 | Src: src/btc_mining_engine.c:492 engine_ptmc_swap()
[16733861099385] METRIC #86: btc_ptmc_rep_cold = 1.0000000000 | Src: src/btc_mining_engine.c:492 engine_ptmc_swap()
[16733861727195] METRIC #87: btc_ptmc_accept = 0.3678315014 | Src: src/btc_mining_engine.c:492 engine_ptmc_swap()
[16733862385545] METRIC #88: btc_ptmc_rep_hot = 3.0000000000 | Src: src/btc_mining_engine.c:494 engine_ptmc_swap()
[16733863835975] METRIC #89: btc_ptmc_rep_cold = 2.0000000000 | Src: src/btc_mining_engine.c:494 engine_ptmc_swap()
[16733864259395] METRIC #90: btc_ptmc_accept = -0.6065109002 | Src: src/btc_mining_engine.c:494 engine_ptmc_swap()
[16733864634475] METRIC #91: btc_ptmc_rep_hot = 4.0000000000 | Src: src/btc_mining_engine.c:492 engine_ptmc_swap()
[16733865081785] METRIC #92: btc_ptmc_rep_cold = 3.0000000000 | Src: src/btc_mining_engine.c:492 engine_ptmc_swap()
[16733865431065] METRIC #93: btc_ptmc_accept = 1.0000000000 | Src: src/btc_mining_engine.c:492 engine_ptmc_swap()
[16733865792715] METRIC #94: btc_ptmc_rep_hot = 5.0000000000 | Src: src/btc_mining_engine.c:492 engine_ptmc_swap()
[16733866234025] METRIC #95: btc_ptmc_rep_cold = 4.0000000000 | Src: src/btc_mining_engine.c:492 engine_ptmc_swap()
[16733866574695] METRIC #96: btc_ptmc_accept = 1.0000000000 | Src: src/btc_mining_engine.c:492 engine_ptmc_swap()
[16733866905205] METRIC #97: btc_ptmc_rep_hot = 6.0000000000 | Src: src/btc_mining_engine.c:492 engine_ptmc_swap()
[16733867415215] METRIC #98: btc_ptmc_rep_cold = 5.0000000000 | Src: src/btc_mining_engine.c:492 engine_ptmc_swap()
[16733867766455] METRIC #99: btc_ptmc_accept = 1.0000000000 | Src: src/btc_mining_engine.c:492 engine_ptmc_swap()
[16733868101975] METRIC #100: btc_ptmc_rep_hot = 7.0000000000 | Src: src/btc_mining_engine.c:492 engine_ptmc_swap()
[16733868520645] METRIC #101: btc_ptmc_rep_cold = 6.0000000000 | Src: src/btc_mining_engine.c:492 engine_ptmc_swap()
[16733868929065] METRIC #102: btc_ptmc_accept = 1.0000000000 | Src: src/btc_mining_engine.c:492 engine_ptmc_swap()
[16733958675033] METRIC #103: btc_ptmc_rep_hot = 1.0000000000 | Src: src/btc_mining_engine.c:492 engine_ptmc_swap()
[16733959192723] METRIC #104: btc_ptmc_rep_cold = 0.0000000000 | Src: src/btc_mining_engine.c:492 engine_ptmc_swap()
[16733959570453] METRIC #105: btc_ptmc_accept = 1.0000000000 | Src: src/btc_mining_engine.c:492 engine_ptmc_swap()
[16733960064123] METRIC #106: btc_ptmc_rep_hot = 2.0000000000 | Src: src/btc_mining_engine.c:492 engine_ptmc_swap()
[16733960450543] METRIC #107: btc_ptmc_rep_cold = 1.0000000000 | Src: src/btc_mining_engine.c:492 engine_ptmc_swap()
[16733960826093] METRIC #108: btc_ptmc_accept = 1.0000000000 | Src: src/btc_mining_engine.c:492 engine_ptmc_swap()
[16733961280883] METRIC #109: btc_ptmc_rep_hot = 3.0000000000 | Src: src/btc_mining_engine.c:492 engine_ptmc_swap()
[16733961683573] METRIC #110: btc_ptmc_rep_cold = 2.0000000000 | Src: src/btc_mining_engine.c:492 engine_ptmc_swap()
[16733962064353] METRIC #111: btc_ptmc_accept = 1.0000000000 | Src: src/btc_mining_engine.c:492 engine_ptmc_swap()
[16733962440403] METRIC #112: btc_ptmc_rep_hot = 4.0000000000 | Src: src/btc_mining_engine.c:492 engine_ptmc_swap()
[16733962788683] METRIC #113: btc_ptmc_rep_cold = 3.0000000000 | Src: src/btc_mining_engine.c:492 engine_ptmc_swap()
[16733963158703] METRIC #114: btc_ptmc_accept = 1.0000000000 | Src: src/btc_mining_engine.c:492 engine_ptmc_swap()
[16733963505813] METRIC #115: btc_ptmc_rep_hot = 5.0000000000 | Src: src/btc_mining_engine.c:492 engine_ptmc_swap()
[16733963853973] METRIC #116: btc_ptmc_rep_cold = 4.0000000000 | Src: src/btc_mining_engine.c:492 engine_ptmc_swap()
[16733964224863] METRIC #117: btc_ptmc_accept = 1.0000000000 | Src: src/btc_mining_engine.c:492 engine_ptmc_swap()
[16733964580513] METRIC #118: btc_ptmc_rep_hot = 6.0000000000 | Src: src/btc_mining_engine.c:492 engine_ptmc_swap()
[16733964932643] METRIC #119: btc_ptmc_rep_cold = 5.0000000000 | Src: src/btc_mining_engine.c:492 engine_ptmc_swap()
[16733965367932] METRIC #120: btc_ptmc_accept = 1.0000000000 | Src: src/btc_mining_engine.c:492 engine_ptmc_swap()
[16733966118692] METRIC #121: btc_ptmc_rep_hot = 7.0000000000 | Src: src/btc_mining_engine.c:492 engine_ptmc_swap()
[16733966654162] METRIC #122: btc_ptmc_rep_cold = 6.0000000000 | Src: src/btc_mining_engine.c:492 engine_ptmc_swap()
[16733967153272] METRIC #123: btc_ptmc_accept = 1.0000000000 | Src: src/btc_mining_engine.c:492 engine_ptmc_swap()
[16734059963230] METRIC #124: btc_ptmc_rep_hot = 1.0000000000 | Src: src/btc_mining_engine.c:492 engine_ptmc_swap()
[16734060688080] METRIC #125: btc_ptmc_rep_cold = 0.0000000000 | Src: src/btc_mining_engine.c:492 engine_ptmc_swap()
[16734061205290] METRIC #126: btc_ptmc_accept = 1.0000000000 | Src: src/btc_mining_engine.c:492 engine_ptmc_swap()
[16734061712770] METRIC #127: btc_ptmc_rep_hot = 2.0000000000 | Src: src/btc_mining_engine.c:492 engine_ptmc_swap()
[16734062154670] METRIC #128: btc_ptmc_rep_cold = 1.0000000000 | Src: src/btc_mining_engine.c:492 engine_ptmc_swap()
[16734062602040] METRIC #129: btc_ptmc_accept = 1.0000000000 | Src: src/btc_mining_engine.c:492 engine_ptmc_swap()
[16734063149450] METRIC #130: btc_ptmc_rep_hot = 3.0000000000 | Src: src/btc_mining_engine.c:492 engine_ptmc_swap()
[16734063589530] METRIC #131: btc_ptmc_rep_cold = 2.0000000000 | Src: src/btc_mining_engine.c:492 engine_ptmc_swap()
[16734064131390] METRIC #132: btc_ptmc_accept = 1.0000000000 | Src: src/btc_mining_engine.c:492 engine_ptmc_swap()
[16734064528800] METRIC #133: btc_ptmc_rep_hot = 4.0000000000 | Src: src/btc_mining_engine.c:492 engine_ptmc_swap()
[16734065077150] METRIC #134: btc_ptmc_rep_cold = 3.0000000000 | Src: src/btc_mining_engine.c:492 engine_ptmc_swap()
[16734065568240] METRIC #135: btc_ptmc_accept = 1.0000000000 | Src: src/btc_mining_engine.c:492 engine_ptmc_swap()
[16734066223540] METRIC #136: btc_ptmc_rep_hot = 5.0000000000 | Src: src/btc_mining_engine.c:492 engine_ptmc_swap()
[16734066735220] METRIC #137: btc_ptmc_rep_cold = 4.0000000000 | Src: src/btc_mining_engine.c:492 engine_ptmc_swap()
[16734067293000] METRIC #138: btc_ptmc_accept = 1.0000000000 | Src: src/btc_mining_engine.c:492 engine_ptmc_swap()
[16734067771430] METRIC #139: btc_ptmc_rep_hot = 6.0000000000 | Src: src/btc_mining_engine.c:492 engine_ptmc_swap()
[16734068341010] METRIC #140: btc_ptmc_rep_cold = 5.0000000000 | Src: src/btc_mining_engine.c:492 engine_ptmc_swap()
[16734069215330] METRIC #141: btc_ptmc_accept = 1.0000000000 | Src: src/btc_mining_engine.c:492 engine_ptmc_swap()
[16734069693450] METRIC #142: btc_ptmc_rep_hot = 7.0000000000 | Src: src/btc_mining_engine.c:492 engine_ptmc_swap()
[16734070203820] METRIC #143: btc_ptmc_rep_cold = 6.0000000000 | Src: src/btc_mining_engine.c:492 engine_ptmc_swap()
[16734071183750] METRIC #144: btc_ptmc_accept = 1.0000000000 | Src: src/btc_mining_engine.c:492 engine_ptmc_swap()
[16734108381339] METRIC #145: btc_block_nonce = 3279111367.0000000000 | Src: src/btc_mining_engine.c:678 btc_mining_thread()
[16734108897909] METRIC #146: btc_best_leading_zeros = 18.0000000000 | Src: src/btc_mining_engine.c:678 btc_mining_thread()
[16734109407009] METRIC #147: btc_block_valid = 0.0000000000 | Src: src/btc_mining_engine.c:678 btc_mining_thread()
[16734110397719] METRIC #148: btc_best_leading_zeros = 18.0000000000 | Src: src/btc_mining_engine.c:680 btc_mining_thread()
[16734111217689] METRIC #149: btc_nx48_csv_saved = 1.0000000000 | Src: src/nx48_btc_controller.c:479 nx48_btc_save_csv()
[16734128823138] METRIC #150: btc_block_nonce = 470737034.0000000000 | Src: src/btc_mining_engine.c:678 btc_mining_thread()
[16734129297348] METRIC #151: btc_best_leading_zeros = 20.0000000000 | Src: src/btc_mining_engine.c:678 btc_mining_thread()
[16734129636408] METRIC #152: btc_block_valid = 0.0000000000 | Src: src/btc_mining_engine.c:678 btc_mining_thread()
[16734130414278] METRIC #153: btc_best_leading_zeros = 20.0000000000 | Src: src/btc_mining_engine.c:680 btc_mining_thread()
[16734131179618] METRIC #154: btc_nx48_csv_saved = 1.0000000000 | Src: src/nx48_btc_controller.c:479 nx48_btc_save_csv()
[16734162301767] METRIC #155: btc_ptmc_rep_hot = 1.0000000000 | Src: src/btc_mining_engine.c:492 engine_ptmc_swap()
[16734162792677] METRIC #156: btc_ptmc_rep_cold = 0.0000000000 | Src: src/btc_mining_engine.c:492 engine_ptmc_swap()
[16734163351617] METRIC #157: btc_ptmc_accept = 1.0000000000 | Src: src/btc_mining_engine.c:492 engine_ptmc_swap()
[16734163889617] METRIC #158: btc_ptmc_rep_hot = 2.0000000000 | Src: src/btc_mining_engine.c:492 engine_ptmc_swap()
[16734164473727] METRIC #159: btc_ptmc_rep_cold = 1.0000000000 | Src: src/btc_mining_engine.c:492 engine_ptmc_swap()
[16734164992007] METRIC #160: btc_ptmc_accept = 0.7165485813 | Src: src/btc_mining_engine.c:492 engine_ptmc_swap()
[16734165729217] METRIC #161: btc_ptmc_rep_hot = 3.0000000000 | Src: src/btc_mining_engine.c:492 engine_ptmc_swap()
[16734166315507] METRIC #162: btc_ptmc_rep_cold = 2.0000000000 | Src: src/btc_mining_engine.c:492 engine_ptmc_swap()
[16734166867477] METRIC #163: btc_ptmc_accept = 0.8464868258 | Src: src/btc_mining_engine.c:492 engine_ptmc_swap()
[16734167490267] METRIC #164: btc_ptmc_rep_hot = 4.0000000000 | Src: src/btc_mining_engine.c:492 engine_ptmc_swap()
[16734168058117] METRIC #165: btc_ptmc_rep_cold = 3.0000000000 | Src: src/btc_mining_engine.c:492 engine_ptmc_swap()
[16734168708517] METRIC #166: btc_ptmc_accept = 0.9048393810 | Src: src/btc_mining_engine.c:492 engine_ptmc_swap()
[16734169301207] METRIC #167: btc_ptmc_rep_hot = 5.0000000000 | Src: src/btc_mining_engine.c:492 engine_ptmc_swap()
[16734169862847] METRIC #168: btc_ptmc_rep_cold = 4.0000000000 | Src: src/btc_mining_engine.c:492 engine_ptmc_swap()
[16734170587627] METRIC #169: btc_ptmc_accept = 0.9394138589 | Src: src/btc_mining_engine.c:492 engine_ptmc_swap()
[16734171169657] METRIC #170: btc_ptmc_rep_hot = 6.0000000000 | Src: src/btc_mining_engine.c:492 engine_ptmc_swap()
[16734171739987] METRIC #171: btc_ptmc_rep_cold = 5.0000000000 | Src: src/btc_mining_engine.c:492 engine_ptmc_swap()
[16734172388527] METRIC #172: btc_ptmc_accept = 0.9642898556 | Src: src/btc_mining_engine.c:492 engine_ptmc_swap()
[16734172945717] METRIC #173: btc_ptmc_rep_hot = 7.0000000000 | Src: src/btc_mining_engine.c:492 engine_ptmc_swap()
[16734173574897] METRIC #174: btc_ptmc_rep_cold = 6.0000000000 | Src: src/btc_mining_engine.c:492 engine_ptmc_swap()
[16734174116897] METRIC #175: btc_ptmc_accept = 0.9767447714 | Src: src/btc_mining_engine.c:492 engine_ptmc_swap()
[16734262307705] METRIC #176: btc_ptmc_rep_hot = 1.0000000000 | Src: src/btc_mining_engine.c:492 engine_ptmc_swap()
[16734262856955] METRIC #177: btc_ptmc_rep_cold = 0.0000000000 | Src: src/btc_mining_engine.c:492 engine_ptmc_swap()
[16734263381415] METRIC #178: btc_ptmc_accept = 1.0000000000 | Src: src/btc_mining_engine.c:492 engine_ptmc_swap()
[16734263875095] METRIC #179: btc_ptmc_rep_hot = 2.0000000000 | Src: src/btc_mining_engine.c:492 engine_ptmc_swap()
[16734264338175] METRIC #180: btc_ptmc_rep_cold = 1.0000000000 | Src: src/btc_mining_engine.c:492 engine_ptmc_swap()
[16734264850695] METRIC #181: btc_ptmc_accept = 1.0000000000 | Src: src/btc_mining_engine.c:492 engine_ptmc_swap()
[16734265524915] METRIC #182: btc_ptmc_rep_hot = 3.0000000000 | Src: src/btc_mining_engine.c:492 engine_ptmc_swap()
[16734266129524] METRIC #183: btc_ptmc_rep_cold = 2.0000000000 | Src: src/btc_mining_engine.c:492 engine_ptmc_swap()
[16734266569084] METRIC #184: btc_ptmc_accept = 1.0000000000 | Src: src/btc_mining_engine.c:492 engine_ptmc_swap()
[16734267173714] METRIC #185: btc_ptmc_rep_hot = 4.0000000000 | Src: src/btc_mining_engine.c:492 engine_ptmc_swap()
[16734267584324] METRIC #186: btc_ptmc_rep_cold = 3.0000000000 | Src: src/btc_mining_engine.c:492 engine_ptmc_swap()
[16734268124524] METRIC #187: btc_ptmc_accept = 1.0000000000 | Src: src/btc_mining_engine.c:492 engine_ptmc_swap()
[16734268604734] METRIC #188: btc_ptmc_rep_hot = 5.0000000000 | Src: src/btc_mining_engine.c:492 engine_ptmc_swap()
[16734269911834] METRIC #189: btc_ptmc_rep_cold = 4.0000000000 | Src: src/btc_mining_engine.c:492 engine_ptmc_swap()
[16734270550014] METRIC #190: btc_ptmc_accept = 1.0000000000 | Src: src/btc_mining_engine.c:492 engine_ptmc_swap()
[16734271105124] METRIC #191: btc_ptmc_rep_hot = 6.0000000000 | Src: src/btc_mining_engine.c:492 engine_ptmc_swap()
[16734271617564] METRIC #192: btc_ptmc_rep_cold = 5.0000000000 | Src: src/btc_mining_engine.c:492 engine_ptmc_swap()
[16734272139854] METRIC #193: btc_ptmc_accept = 1.0000000000 | Src: src/btc_mining_engine.c:492 engine_ptmc_swap()
[16734272609734] METRIC #194: btc_ptmc_rep_hot = 7.0000000000 | Src: src/btc_mining_engine.c:492 engine_ptmc_swap()
[16734273084104] METRIC #195: btc_ptmc_rep_cold = 6.0000000000 | Src: src/btc_mining_engine.c:492 engine_ptmc_swap()
[16734273561914] METRIC #196: btc_ptmc_accept = 1.0000000000 | Src: src/btc_mining_engine.c:492 engine_ptmc_swap()
[16734363709332] METRIC #197: btc_ptmc_rep_hot = 1.0000000000 | Src: src/btc_mining_engine.c:492 engine_ptmc_swap()
[16734364255832] METRIC #198: btc_ptmc_rep_cold = 0.0000000000 | Src: src/btc_mining_engine.c:492 engine_ptmc_swap()
[16734364731532] METRIC #199: btc_ptmc_accept = 1.0000000000 | Src: src/btc_mining_engine.c:492 engine_ptmc_swap()
[16734365424822] METRIC #200: btc_ptmc_rep_hot = 2.0000000000 | Src: src/btc_mining_engine.c:492 engine_ptmc_swap()
[16734365990062] METRIC #201: btc_ptmc_rep_cold = 1.0000000000 | Src: src/btc_mining_engine.c:492 engine_ptmc_swap()
[16734366553142] METRIC #202: btc_ptmc_accept = 1.0000000000 | Src: src/btc_mining_engine.c:492 engine_ptmc_swap()
[16734367157402] METRIC #203: btc_ptmc_rep_hot = 3.0000000000 | Src: src/btc_mining_engine.c:492 engine_ptmc_swap()
[16734367830312] METRIC #204: btc_ptmc_rep_cold = 2.0000000000 | Src: src/btc_mining_engine.c:492 engine_ptmc_swap()
[16734368351882] METRIC #205: btc_ptmc_accept = 1.0000000000 | Src: src/btc_mining_engine.c:492 engine_ptmc_swap()
[16734368814152] METRIC #206: btc_ptmc_rep_hot = 4.0000000000 | Src: src/btc_mining_engine.c:492 engine_ptmc_swap()
[16734369469882] METRIC #207: btc_ptmc_rep_cold = 3.0000000000 | Src: src/btc_mining_engine.c:492 engine_ptmc_swap()
[16734369957392] METRIC #208: btc_ptmc_accept = 1.0000000000 | Src: src/btc_mining_engine.c:492 engine_ptmc_swap()
[16734370501162] METRIC #209: btc_ptmc_rep_hot = 5.0000000000 | Src: src/btc_mining_engine.c:492 engine_ptmc_swap()
[16734370982432] METRIC #210: btc_ptmc_rep_cold = 4.0000000000 | Src: src/btc_mining_engine.c:492 engine_ptmc_swap()
[16734372975522] METRIC #211: btc_ptmc_accept = 1.0000000000 | Src: src/btc_mining_engine.c:492 engine_ptmc_swap()
[16734373387472] METRIC #212: btc_ptmc_rep_hot = 6.0000000000 | Src: src/btc_mining_engine.c:492 engine_ptmc_swap()
[16734373751022] METRIC #213: btc_ptmc_rep_cold = 5.0000000000 | Src: src/btc_mining_engine.c:492 engine_ptmc_swap()
[16734374166672] METRIC #214: btc_ptmc_accept = 1.0000000000 | Src: src/btc_mining_engine.c:492 engine_ptmc_swap()
[16734374519592] METRIC #215: btc_ptmc_rep_hot = 7.0000000000 | Src: src/btc_mining_engine.c:492 engine_ptmc_swap()
[16734374897762] METRIC #216: btc_ptmc_rep_cold = 6.0000000000 | Src: src/btc_mining_engine.c:492 engine_ptmc_swap()
[16734375273372] METRIC #217: btc_ptmc_accept = 1.0000000000 | Src: src/btc_mining_engine.c:492 engine_ptmc_swap()
[16734464203469] METRIC #218: btc_ptmc_rep_hot = 1.0000000000 | Src: src/btc_mining_engine.c:492 engine_ptmc_swap()
[16734465144369] METRIC #219: btc_ptmc_rep_cold = 0.0000000000 | Src: src/btc_mining_engine.c:492 engine_ptmc_swap()
[16734465709569] METRIC #220: btc_ptmc_accept = 1.0000000000 | Src: src/btc_mining_engine.c:492 engine_ptmc_swap()
[16734466300019] METRIC #221: btc_ptmc_rep_hot = 2.0000000000 | Src: src/btc_mining_engine.c:494 engine_ptmc_swap()
[16734466866749] METRIC #222: btc_ptmc_rep_cold = 1.0000000000 | Src: src/btc_mining_engine.c:494 engine_ptmc_swap()
[16734467455799] METRIC #223: btc_ptmc_accept = -0.5134171190 | Src: src/btc_mining_engine.c:494 engine_ptmc_swap()
[16734468299039] METRIC #224: btc_ptmc_rep_hot = 3.0000000000 | Src: src/btc_mining_engine.c:492 engine_ptmc_swap()
[16734470393299] METRIC #225: btc_ptmc_rep_cold = 2.0000000000 | Src: src/btc_mining_engine.c:492 engine_ptmc_swap()
[16734470876579] METRIC #226: btc_ptmc_accept = 1.0000000000 | Src: src/btc_mining_engine.c:492 engine_ptmc_swap()
[16734471342609] METRIC #227: btc_ptmc_rep_hot = 4.0000000000 | Src: src/btc_mining_engine.c:492 engine_ptmc_swap()
[16734471784719] METRIC #228: btc_ptmc_rep_cold = 3.0000000000 | Src: src/btc_mining_engine.c:492 engine_ptmc_swap()
[16734472342389] METRIC #229: btc_ptmc_accept = 1.0000000000 | Src: src/btc_mining_engine.c:492 engine_ptmc_swap()
[16734472808239] METRIC #230: btc_ptmc_rep_hot = 5.0000000000 | Src: src/btc_mining_engine.c:492 engine_ptmc_swap()
[16734473360699] METRIC #231: btc_ptmc_rep_cold = 4.0000000000 | Src: src/btc_mining_engine.c:492 engine_ptmc_swap()
[16734473874589] METRIC #232: btc_ptmc_accept = 1.0000000000 | Src: src/btc_mining_engine.c:492 engine_ptmc_swap()
[16734474398759] METRIC #233: btc_ptmc_rep_hot = 6.0000000000 | Src: src/btc_mining_engine.c:492 engine_ptmc_swap()
[16734474955859] METRIC #234: btc_ptmc_rep_cold = 5.0000000000 | Src: src/btc_mining_engine.c:492 engine_ptmc_swap()
[16734475789659] METRIC #235: btc_ptmc_accept = 1.0000000000 | Src: src/btc_mining_engine.c:492 engine_ptmc_swap()
[16734476560759] METRIC #236: btc_ptmc_rep_hot = 7.0000000000 | Src: src/btc_mining_engine.c:492 engine_ptmc_swap()
[16734477551329] METRIC #237: btc_ptmc_rep_cold = 6.0000000000 | Src: src/btc_mining_engine.c:492 engine_ptmc_swap()
[16734478184639] METRIC #238: btc_ptmc_accept = 1.0000000000 | Src: src/btc_mining_engine.c:492 engine_ptmc_swap()
[16734564692606] METRIC #239: btc_ptmc_rep_hot = 1.0000000000 | Src: src/btc_mining_engine.c:492 engine_ptmc_swap()
[16734565561336] METRIC #240: btc_ptmc_rep_cold = 0.0000000000 | Src: src/btc_mining_engine.c:492 engine_ptmc_swap()
[16734566056897] METRIC #241: btc_ptmc_accept = 0.5134171190 | Src: src/btc_mining_engine.c:492 engine_ptmc_swap()
[16734566596896] METRIC #242: btc_ptmc_rep_hot = 2.0000000000 | Src: src/btc_mining_engine.c:492 engine_ptmc_swap()
[16734567111586] METRIC #243: btc_ptmc_rep_cold = 1.0000000000 | Src: src/btc_mining_engine.c:492 engine_ptmc_swap()
[16734567568586] METRIC #244: btc_ptmc_accept = 1.0000000000 | Src: src/btc_mining_engine.c:492 engine_ptmc_swap()
[16734568203696] METRIC #245: btc_ptmc_rep_hot = 3.0000000000 | Src: src/btc_mining_engine.c:492 engine_ptmc_swap()
[16734568776636] METRIC #246: btc_ptmc_rep_cold = 2.0000000000 | Src: src/btc_mining_engine.c:492 engine_ptmc_swap()
[16734569450166] METRIC #247: btc_ptmc_accept = 1.0000000000 | Src: src/btc_mining_engine.c:492 engine_ptmc_swap()
[16734570300846] METRIC #248: btc_ptmc_rep_hot = 4.0000000000 | Src: src/btc_mining_engine.c:492 engine_ptmc_swap()
[16734571360876] METRIC #249: btc_ptmc_rep_cold = 3.0000000000 | Src: src/btc_mining_engine.c:492 engine_ptmc_swap()
[16734571846136] METRIC #250: btc_ptmc_accept = 1.0000000000 | Src: src/btc_mining_engine.c:492 engine_ptmc_swap()
[16734572710906] METRIC #251: btc_ptmc_rep_hot = 5.0000000000 | Src: src/btc_mining_engine.c:492 engine_ptmc_swap()
[16734573231026] METRIC #252: btc_ptmc_rep_cold = 4.0000000000 | Src: src/btc_mining_engine.c:492 engine_ptmc_swap()
[16734573766376] METRIC #253: btc_ptmc_accept = 1.0000000000 | Src: src/btc_mining_engine.c:492 engine_ptmc_swap()
[16734574332776] METRIC #254: btc_ptmc_rep_hot = 6.0000000000 | Src: src/btc_mining_engine.c:492 engine_ptmc_swap()
[16734574861366] METRIC #255: btc_ptmc_rep_cold = 5.0000000000 | Src: src/btc_mining_engine.c:492 engine_ptmc_swap()
[16734575538126] METRIC #256: btc_ptmc_accept = 1.0000000000 | Src: src/btc_mining_engine.c:492 engine_ptmc_swap()
[16734576244526] METRIC #257: btc_ptmc_rep_hot = 7.0000000000 | Src: src/btc_mining_engine.c:492 engine_ptmc_swap()
[16734576863366] METRIC #258: btc_ptmc_rep_cold = 6.0000000000 | Src: src/btc_mining_engine.c:492 engine_ptmc_swap()
[16734579284646] METRIC #259: btc_ptmc_accept = 1.0000000000 | Src: src/btc_mining_engine.c:492 engine_ptmc_swap()
[16734668239784] METRIC #260: btc_ptmc_rep_hot = 1.0000000000 | Src: src/btc_mining_engine.c:492 engine_ptmc_swap()
[16734668868704] METRIC #261: btc_ptmc_rep_cold = 0.0000000000 | Src: src/btc_mining_engine.c:492 engine_ptmc_swap()
[16734669428934] METRIC #262: btc_ptmc_accept = 1.0000000000 | Src: src/btc_mining_engine.c:492 engine_ptmc_swap()
[16734670081894] METRIC #263: btc_ptmc_rep_hot = 2.0000000000 | Src: src/btc_mining_engine.c:492 engine_ptmc_swap()
[16734670629894] METRIC #264: btc_ptmc_rep_cold = 1.0000000000 | Src: src/btc_mining_engine.c:492 engine_ptmc_swap()
[16734671214934] METRIC #265: btc_ptmc_accept = 1.0000000000 | Src: src/btc_mining_engine.c:492 engine_ptmc_swap()
[16734671779024] METRIC #266: btc_ptmc_rep_hot = 3.0000000000 | Src: src/btc_mining_engine.c:492 engine_ptmc_swap()
[16734672416324] METRIC #267: btc_ptmc_rep_cold = 2.0000000000 | Src: src/btc_mining_engine.c:492 engine_ptmc_swap()
[16734672949704] METRIC #268: btc_ptmc_accept = 1.0000000000 | Src: src/btc_mining_engine.c:492 engine_ptmc_swap()
[16734673564334] METRIC #269: btc_ptmc_rep_hot = 4.0000000000 | Src: src/btc_mining_engine.c:492 engine_ptmc_swap()
[16734674108554] METRIC #270: btc_ptmc_rep_cold = 3.0000000000 | Src: src/btc_mining_engine.c:492 engine_ptmc_swap()
[16734674646514] METRIC #271: btc_ptmc_accept = 1.0000000000 | Src: src/btc_mining_engine.c:492 engine_ptmc_swap()
[16734675200584] METRIC #272: btc_ptmc_rep_hot = 5.0000000000 | Src: src/btc_mining_engine.c:492 engine_ptmc_swap()
[16734675812304] METRIC #273: btc_ptmc_rep_cold = 4.0000000000 | Src: src/btc_mining_engine.c:492 engine_ptmc_swap()
[16734676468593] METRIC #274: btc_ptmc_accept = 1.0000000000 | Src: src/btc_mining_engine.c:492 engine_ptmc_swap()
[16734676979283] METRIC #275: btc_ptmc_rep_hot = 6.0000000000 | Src: src/btc_mining_engine.c:492 engine_ptmc_swap()
[16734677519583] METRIC #276: btc_ptmc_rep_cold = 5.0000000000 | Src: src/btc_mining_engine.c:492 engine_ptmc_swap()
[16734678064943] METRIC #277: btc_ptmc_accept = 1.0000000000 | Src: src/btc_mining_engine.c:492 engine_ptmc_swap()
[16734678578773] METRIC #278: btc_ptmc_rep_hot = 7.0000000000 | Src: src/btc_mining_engine.c:492 engine_ptmc_swap()
[16734679153963] METRIC #279: btc_ptmc_rep_cold = 6.0000000000 | Src: src/btc_mining_engine.c:492 engine_ptmc_swap()
[16734679684723] METRIC #280: btc_ptmc_accept = 1.0000000000 | Src: src/btc_mining_engine.c:492 engine_ptmc_swap()
[16734738530722] METRIC #281: btc_nonces_total = 321024.0000000000 | Src: src/btc_mining_engine.c:903 btc_engine_run()
[16734739018872] METRIC #282: btc_elapsed_s = 1.0018736030 | Src: src/btc_mining_engine.c:904 btc_engine_run()
[16734739419922] METRIC #283: btc_hashrate_mhs_final = 0.3204236533 | Src: src/btc_mining_engine.c:905 btc_engine_run()
[16734739788752] METRIC #284: btc_best_leading_zeros = 20.0000000000 | Src: src/btc_mining_engine.c:906 btc_engine_run()
[16734740254732] METRIC #285: btc_best_nonce_final = 470737034.0000000000 | Src: src/btc_mining_engine.c:907 btc_engine_run()
[16734740722822] METRIC #286: btc_block_valid = 0.0000000000 | Src: src/btc_mining_engine.c:908 btc_engine_run()
[16734741867152] METRIC #287: btc_hashrate_gate_pass = 1.0000000000 | Src: src/btc_mining_engine.c:915 btc_engine_run()
[16734742607492] METRIC #288: btc_memory_gate_pass = 1.0000000000 | Src: src/btc_mining_engine.c:918 btc_engine_run()
[16734743424162] TEST_END: btc_engine_run | SUCCÈS | Durée: 1006767223 ns (1006.767 ms) | Src: src/btc_mining_engine.c:929 btc_engine_run()
[16734743893272] METRIC #289: btc_nx48_csv_saved = 1.0000000000 | Src: src/nx48_btc_controller.c:479 nx48_btc_save_csv()
[16738737530326] METRIC #290: btc_ram_available_mb_end = 26797.0000000000 | Src: src/btc_mining_engine.c:943 btc_engine_run()
[16738738507966] METRIC #291: btc_nx48_csv_saved = 1.0000000000 | Src: src/nx48_btc_controller.c:479 nx48_btc_save_csv()
[16738738990576] METRIC #292: btc_memory_gate_pass = 1.0000000000 | Src: src/main_btc_mining.c:355 main()
[16738739495266] TEST_END: main_btc_mining | SUCCÈS | Durée: 5002838327 ns (5002.838 ms) | Src: src/main_btc_mining.c:356 main()
[16738739651536] METRIC #293: btc_wallet_destroyed = 1.0000000000 | Src: src/btc_wallet.c:423 btc_wallet_destroy()
