event,timestamp_utc,timestamp_ns,pid,detail,value
INIT,2026-04-15T15:46:38Z,16728664887785,4060,activation,100PCT_INCONDITIONNELLE
INIT,2026-04-15T15:46:38Z,16728664887785,4060,modules_reels,ultra_forensic_logger_v3+memory_tracker
INIT,2026-04-15T15:46:38Z,16728664887785,4060,version,3.0_cycle17_NL03_NV01_NV02_AC01_NANO_ANOMALY_FIX_RAM01
HW_SAMPLE,2026-04-15T15:46:38Z,16728664887785,4060,init:cpu_delta_pct,0.0000
HW_SAMPLE,2026-04-15T15:46:38Z,16728664887785,4060,init:mem_used_pct,58.3000
HW_SAMPLE,2026-04-15T15:46:38Z,16728664887785,4060,init:mem_total_kb,65847776
HW_SAMPLE,2026-04-15T15:46:38Z,16728664887785,4060,init:mem_avail_kb,27458492
HW_SAMPLE,2026-04-15T15:46:38Z,16728664887785,4060,init:vm_rss_kb,3932
HW_SAMPLE,2026-04-15T15:46:38Z,16728664887785,4060,init:vm_peak_kb,14724
MODULE_START,2026-04-15T15:46:38Z,16728667295715,4060,btc_qm_engine,main_btc_mining
METRIC,2026-04-15T15:46:38Z,16728667465625,4060,btc_qm_engine:btc_run_mode_hash,66.0000000000
METRIC,2026-04-15T15:46:38Z,16728667920715,4060,btc_qm_engine:btc_module_version,17.0000000000
METRIC,2026-04-15T15:46:38Z,16728669100705,4060,btc_qm_engine:btc_nx48_init_loaded,0.0000000000
METRIC,2026-04-15T15:46:38Z,16728669554995,4060,btc_qm_engine:btc_nx48_delta_nonce_scale,1.0000000000
METRIC,2026-04-15T15:46:38Z,16728670097475,4060,btc_qm_engine:btc_nx48_n_replicas_scale,1.0000000000
METRIC,2026-04-15T15:46:38Z,16728670557805,4060,btc_qm_engine:btc_nx48_swap_temp_scale,1.0000000000
METRIC,2026-04-15T15:46:38Z,16728671117385,4060,btc_qm_engine:btc_nx48_batch_size_scale,1.0000000000
METRIC,2026-04-15T15:46:38Z,16728671560695,4060,btc_qm_engine:btc_nx48_exploration_bias,0.5000000000
METRIC,2026-04-15T15:46:38Z,16728672064965,4060,btc_qm_engine:btc_nx48_neuron_count,2.0000000000
METRIC,2026-04-15T15:46:38Z,16728672664785,4060,btc_qm_engine:btc_sha256_self_test_pass,1.0000000000
METRIC,2026-04-15T15:46:38Z,16728673204864,4060,btc_qm_engine:btc_wallet_from_privkey_start,1.0000000000
METRIC,2026-04-15T15:46:38Z,16728679036544,4060,btc_qm_engine:btc_wallet_from_privkey_ok,1.0000000000
METRIC,2026-04-15T15:46:38Z,16728680253184,4060,btc_qm_engine:btc_wallet_saved_json,1.0000000000
METRIC,2026-04-15T15:46:38Z,16728680982544,4060,btc_qm_engine:btc_sha256_self_test_pass,1.0000000000
METRIC,2026-04-15T15:46:38Z,16728681521374,4060,btc_qm_engine:btc_integrity_gate_pass,1.0000000000
METRIC,2026-04-15T15:46:38Z,16728683214864,4060,btc_qm_engine:btc_ram_available_mb_start,26814.0000000000
MODULE_START,2026-04-15T15:46:38Z,16728683991754,4060,btc_qm_engine,btc_engine_create
METRIC,2026-04-15T15:46:38Z,16728684288184,4060,btc_qm_engine:btc_n_replicas,8.0000000000
METRIC,2026-04-15T15:46:38Z,16728684791254,4060,btc_qm_engine:btc_n_threads,2.0000000000
METRIC,2026-04-15T15:46:38Z,16728685295514,4060,btc_qm_engine:btc_batch_size,512.0000000000
METRIC,2026-04-15T15:46:38Z,16728685734704,4060,btc_qm_engine:btc_nonce_start,0.0000000000
METRIC,2026-04-15T15:46:38Z,16728686273084,4060,btc_qm_engine:btc_nonce_end,4294967295.0000000000
METRIC,2026-04-15T15:46:38Z,16728686753934,4060,btc_qm_engine:btc_duration_s,1.0000000000
METRIC,2026-04-15T15:46:38Z,16728687295354,4060,btc_qm_engine:btc_replica_idx,0.0000000000
METRIC,2026-04-15T15:46:38Z,16728687777674,4060,btc_qm_engine:btc_replica_nonce,0.0000000000
METRIC,2026-04-15T15:46:38Z,16728688245554,4060,btc_qm_engine:btc_replica_temp,1.0000000000
METRIC,2026-04-15T15:46:38Z,16728688752184,4060,btc_qm_engine:btc_replica_leading,0.0000000000
METRIC,2026-04-15T15:46:38Z,16728689240454,4060,btc_qm_engine:btc_replica_idx,1.0000000000
METRIC,2026-04-15T15:46:38Z,16728689725744,4060,btc_qm_engine:btc_replica_nonce,536870911.0000000000
METRIC,2026-04-15T15:46:38Z,16728690198934,4060,btc_qm_engine:btc_replica_temp,2.0000000000
METRIC,2026-04-15T15:46:38Z,16728690841924,4060,btc_qm_engine:btc_replica_leading,0.0000000000
METRIC,2026-04-15T15:46:38Z,16728691357684,4060,btc_qm_engine:btc_replica_idx,2.0000000000
METRIC,2026-04-15T15:46:38Z,16728691727514,4060,btc_qm_engine:btc_replica_nonce,1073741822.0000000000
METRIC,2026-04-15T15:46:38Z,16728692166454,4060,btc_qm_engine:btc_replica_temp,4.0000000000
METRIC,2026-04-15T15:46:38Z,16728692543614,4060,btc_qm_engine:btc_replica_leading,0.0000000000
METRIC,2026-04-15T15:46:38Z,16728692906884,4060,btc_qm_engine:btc_replica_idx,3.0000000000
METRIC,2026-04-15T15:46:38Z,16728693360714,4060,btc_qm_engine:btc_replica_nonce,1610612733.0000000000
METRIC,2026-04-15T15:46:38Z,16728693807854,4060,btc_qm_engine:btc_replica_temp,8.0000000000
METRIC,2026-04-15T15:46:38Z,16728694314614,4060,btc_qm_engine:btc_replica_leading,0.0000000000
METRIC,2026-04-15T15:46:38Z,16728694768064,4060,btc_qm_engine:btc_replica_idx,4.0000000000
METRIC,2026-04-15T15:46:38Z,16728695302544,4060,btc_qm_engine:btc_replica_nonce,2147483644.0000000000
METRIC,2026-04-15T15:46:38Z,16728695705694,4060,btc_qm_engine:btc_replica_temp,12.0000000000
METRIC,2026-04-15T15:46:38Z,16728696276974,4060,btc_qm_engine:btc_replica_leading,0.0000000000
METRIC,2026-04-15T15:46:38Z,16728696757394,4060,btc_qm_engine:btc_replica_idx,5.0000000000
METRIC,2026-04-15T15:46:38Z,16728697321344,4060,btc_qm_engine:btc_replica_nonce,2684354555.0000000000
METRIC,2026-04-15T15:46:38Z,16728697747294,4060,btc_qm_engine:btc_replica_temp,20.0000000000
METRIC,2026-04-15T15:46:38Z,16728698234534,4060,btc_qm_engine:btc_replica_leading,0.0000000000
METRIC,2026-04-15T15:46:38Z,16728698661934,4060,btc_qm_engine:btc_replica_idx,6.0000000000
METRIC,2026-04-15T15:46:38Z,16728699145434,4060,btc_qm_engine:btc_replica_nonce,3221225466.0000000000
METRIC,2026-04-15T15:46:38Z,16728699553004,4060,btc_qm_engine:btc_replica_temp,35.0000000000
METRIC,2026-04-15T15:46:38Z,16728700057814,4060,btc_qm_engine:btc_replica_leading,0.0000000000
METRIC,2026-04-15T15:46:38Z,16728700533054,4060,btc_qm_engine:btc_replica_idx,7.0000000000
METRIC,2026-04-15T15:46:38Z,16728700980394,4060,btc_qm_engine:btc_replica_nonce,3758096377.0000000000
METRIC,2026-04-15T15:46:38Z,16728701544704,4060,btc_qm_engine:btc_replica_temp,50.0000000000
METRIC,2026-04-15T15:46:38Z,16728701996234,4060,btc_qm_engine:btc_replica_leading,0.0000000000
METRIC,2026-04-15T15:46:38Z,16728702662464,4060,btc_qm_engine:btc_midstate_applied,1.0000000000
THREAD,2026-04-15T15:46:38Z,16728703629134,4060,btc_qm_engine:btc_mining_worker_START,140658291599040
METRIC,2026-04-15T15:46:38Z,16728703744724,4060,btc_qm_engine:btc_block_nonce,3921235904.0000000000
THREAD,2026-04-15T15:46:38Z,16728704207424,4060,btc_qm_engine:btc_mining_worker_START,140658283206336
METRIC,2026-04-15T15:46:38Z,16728704606054,4060,btc_qm_engine:btc_best_leading_zeros,2.0000000000
METRIC,2026-04-15T15:46:38Z,16728705462154,4060,btc_qm_engine:btc_block_valid,0.0000000000
ANOMALY,2026-04-15T15:46:38Z,16728705985174,4060,btc_qm_engine:btc_near_miss_or_valid,2.0000000000
METRIC,2026-04-15T15:46:38Z,16728705995184,4060,btc_qm_engine:btc_threads_launched,2.0000000000
METRIC,2026-04-15T15:46:38Z,16728706683554,4060,btc_qm_engine:btc_best_leading_zeros,2.0000000000
METRIC,2026-04-15T15:46:38Z,16728707616804,4060,btc_qm_engine:btc_nx48_csv_saved,1.0000000000
METRIC,2026-04-15T15:46:38Z,16728708164074,4060,btc_qm_engine:btc_block_nonce,2272494853.0000000000
METRIC,2026-04-15T15:46:38Z,16728708648374,4060,btc_qm_engine:btc_best_leading_zeros,4.0000000000
METRIC,2026-04-15T15:46:38Z,16728709207194,4060,btc_qm_engine:btc_block_valid,0.0000000000
ANOMALY,2026-04-15T15:46:38Z,16728709697404,4060,btc_qm_engine:btc_near_miss_or_valid,4.0000000000
METRIC,2026-04-15T15:46:38Z,16728710212984,4060,btc_qm_engine:btc_best_leading_zeros,4.0000000000
METRIC,2026-04-15T15:46:38Z,16728710989143,4060,btc_qm_engine:btc_nx48_csv_saved,1.0000000000
METRIC,2026-04-15T15:46:38Z,16728714364783,4060,btc_qm_engine:btc_block_nonce,1230148460.0000000000
METRIC,2026-04-15T15:46:38Z,16728714911113,4060,btc_qm_engine:btc_best_leading_zeros,9.0000000000
METRIC,2026-04-15T15:46:38Z,16728715374143,4060,btc_qm_engine:btc_block_valid,0.0000000000
ANOMALY,2026-04-15T15:46:38Z,16728715770113,4060,btc_qm_engine:btc_near_miss_or_valid,9.0000000000
METRIC,2026-04-15T15:46:38Z,16728716268253,4060,btc_qm_engine:btc_best_leading_zeros,9.0000000000
METRIC,2026-04-15T15:46:38Z,16728717069203,4060,btc_qm_engine:btc_nx48_csv_saved,1.0000000000
METRIC,2026-04-15T15:46:38Z,16728717593003,4060,btc_qm_engine:btc_block_nonce,1205560650.0000000000
METRIC,2026-04-15T15:46:38Z,16728718134193,4060,btc_qm_engine:btc_best_leading_zeros,11.0000000000
METRIC,2026-04-15T15:46:38Z,16728718689483,4060,btc_qm_engine:btc_block_valid,0.0000000000
ANOMALY,2026-04-15T15:46:38Z,16728719317193,4060,btc_qm_engine:btc_near_miss_or_valid,11.0000000000
METRIC,2026-04-15T15:46:38Z,16728719887523,4060,btc_qm_engine:btc_best_leading_zeros,11.0000000000
METRIC,2026-04-15T15:46:38Z,16728720766243,4060,btc_qm_engine:btc_nx48_csv_saved,1.0000000000
METRIC,2026-04-15T15:46:38Z,16728725572503,4060,btc_qm_engine:btc_block_nonce,1205537234.0000000000
METRIC,2026-04-15T15:46:38Z,16728726961493,4060,btc_qm_engine:btc_best_leading_zeros,12.0000000000
METRIC,2026-04-15T15:46:38Z,16728727584953,4060,btc_qm_engine:btc_block_valid,0.0000000000
ANOMALY,2026-04-15T15:46:38Z,16728728084993,4060,btc_qm_engine:btc_near_miss_or_valid,12.0000000000
METRIC,2026-04-15T15:46:38Z,16728728638113,4060,btc_qm_engine:btc_best_leading_zeros,12.0000000000
METRIC,2026-04-15T15:46:38Z,16728729553733,4060,btc_qm_engine:btc_nx48_csv_saved,1.0000000000
METRIC,2026-04-15T15:46:39Z,16728764361902,4060,btc_qm_engine:btc_block_nonce,1230136074.0000000000
METRIC,2026-04-15T15:46:39Z,16728764923932,4060,btc_qm_engine:btc_best_leading_zeros,18.0000000000
METRIC,2026-04-15T15:46:39Z,16728765501892,4060,btc_qm_engine:btc_block_valid,0.0000000000
ANOMALY,2026-04-15T15:46:39Z,16728765994302,4060,btc_qm_engine:btc_near_miss_or_valid,18.0000000000
METRIC,2026-04-15T15:46:39Z,16728766470652,4060,btc_qm_engine:btc_best_leading_zeros,18.0000000000
METRIC,2026-04-15T15:46:39Z,16728767258272,4060,btc_qm_engine:btc_nx48_csv_saved,1.0000000000
METRIC,2026-04-15T15:46:39Z,16728806203261,4060,btc_qm_engine:btc_ptmc_rep_hot,1.0000000000
METRIC,2026-04-15T15:46:39Z,16728806738831,4060,btc_qm_engine:btc_ptmc_rep_cold,0.0000000000
METRIC,2026-04-15T15:46:39Z,16728807333451,4060,btc_qm_engine:btc_ptmc_accept,0.2635971381
METRIC,2026-04-15T15:46:39Z,16728807835081,4060,btc_qm_engine:btc_ptmc_rep_hot,2.0000000000
METRIC,2026-04-15T15:46:39Z,16728808469761,4060,btc_qm_engine:btc_ptmc_rep_cold,1.0000000000
METRIC,2026-04-15T15:46:39Z,16728809019571,4060,btc_qm_engine:btc_ptmc_accept,1.0000000000
METRIC,2026-04-15T15:46:39Z,16728809648341,4060,btc_qm_engine:btc_ptmc_rep_hot,3.0000000000
METRIC,2026-04-15T15:46:39Z,16728810253591,4060,btc_qm_engine:btc_ptmc_rep_cold,2.0000000000
METRIC,2026-04-15T15:46:39Z,16728810775351,4060,btc_qm_engine:btc_ptmc_accept,1.0000000000
METRIC,2026-04-15T15:46:39Z,16728811785981,4060,btc_qm_engine:btc_ptmc_rep_hot,4.0000000000
METRIC,2026-04-15T15:46:39Z,16728812352031,4060,btc_qm_engine:btc_ptmc_rep_cold,3.0000000000
METRIC,2026-04-15T15:46:39Z,16728812865881,4060,btc_qm_engine:btc_ptmc_accept,1.0000000000
METRIC,2026-04-15T15:46:39Z,16728813361531,4060,btc_qm_engine:btc_ptmc_rep_hot,5.0000000000
METRIC,2026-04-15T15:46:39Z,16728814749171,4060,btc_qm_engine:btc_ptmc_rep_cold,4.0000000000
METRIC,2026-04-15T15:46:39Z,16728815357351,4060,btc_qm_engine:btc_ptmc_accept,1.0000000000
METRIC,2026-04-15T15:46:39Z,16728815900721,4060,btc_qm_engine:btc_ptmc_rep_hot,6.0000000000
METRIC,2026-04-15T15:46:39Z,16728816597011,4060,btc_qm_engine:btc_ptmc_rep_cold,5.0000000000
METRIC,2026-04-15T15:46:39Z,16728817159031,4060,btc_qm_engine:btc_ptmc_accept,1.0000000000
METRIC,2026-04-15T15:46:39Z,16728817665921,4060,btc_qm_engine:btc_ptmc_rep_hot,7.0000000000
METRIC,2026-04-15T15:46:39Z,16728818280651,4060,btc_qm_engine:btc_ptmc_rep_cold,6.0000000000
METRIC,2026-04-15T15:46:39Z,16728818813211,4060,btc_qm_engine:btc_ptmc_accept,1.0000000000
METRIC,2026-04-15T15:46:39Z,16728909304898,4060,btc_qm_engine:btc_ptmc_rep_hot,1.0000000000
METRIC,2026-04-15T15:46:39Z,16728909875018,4060,btc_qm_engine:btc_ptmc_rep_cold,0.0000000000
METRIC,2026-04-15T15:46:39Z,16728910348698,4060,btc_qm_engine:btc_ptmc_accept,1.0000000000
METRIC,2026-04-15T15:46:39Z,16728910865738,4060,btc_qm_engine:btc_ptmc_rep_hot,2.0000000000
METRIC,2026-04-15T15:46:39Z,16728911389898,4060,btc_qm_engine:btc_ptmc_rep_cold,1.0000000000
METRIC,2026-04-15T15:46:39Z,16728911821578,4060,btc_qm_engine:btc_ptmc_accept,-0.2635400265
METRIC,2026-04-15T15:46:39Z,16728912532088,4060,btc_qm_engine:btc_ptmc_rep_hot,3.0000000000
METRIC,2026-04-15T15:46:39Z,16728913088348,4060,btc_qm_engine:btc_ptmc_rep_cold,2.0000000000
METRIC,2026-04-15T15:46:39Z,16728913595288,4060,btc_qm_engine:btc_ptmc_accept,1.0000000000
METRIC,2026-04-15T15:46:39Z,16728914163458,4060,btc_qm_engine:btc_ptmc_rep_hot,4.0000000000
METRIC,2026-04-15T15:46:39Z,16728914704618,4060,btc_qm_engine:btc_ptmc_rep_cold,3.0000000000
METRIC,2026-04-15T15:46:39Z,16728915253828,4060,btc_qm_engine:btc_ptmc_accept,1.0000000000
METRIC,2026-04-15T15:46:39Z,16728915805808,4060,btc_qm_engine:btc_ptmc_rep_hot,5.0000000000
METRIC,2026-04-15T15:46:39Z,16728916406148,4060,btc_qm_engine:btc_ptmc_rep_cold,4.0000000000
METRIC,2026-04-15T15:46:39Z,16728916918068,4060,btc_qm_engine:btc_ptmc_accept,1.0000000000
METRIC,2026-04-15T15:46:39Z,16728917491378,4060,btc_qm_engine:btc_ptmc_rep_hot,6.0000000000
METRIC,2026-04-15T15:46:39Z,16728919310118,4060,btc_qm_engine:btc_ptmc_rep_cold,5.0000000000
METRIC,2026-04-15T15:46:39Z,16728919679438,4060,btc_qm_engine:btc_ptmc_accept,1.0000000000
METRIC,2026-04-15T15:46:39Z,16728920352528,4060,btc_qm_engine:btc_ptmc_rep_hot,7.0000000000
METRIC,2026-04-15T15:46:39Z,16728920901498,4060,btc_qm_engine:btc_ptmc_rep_cold,6.0000000000
METRIC,2026-04-15T15:46:39Z,16728921294798,4060,btc_qm_engine:btc_ptmc_accept,1.0000000000
METRIC,2026-04-15T15:46:39Z,16728990865166,4060,btc_qm_engine:btc_block_nonce,1230139945.0000000000
METRIC,2026-04-15T15:46:39Z,16728991394796,4060,btc_qm_engine:btc_best_leading_zeros,19.0000000000
METRIC,2026-04-15T15:46:39Z,16728991838116,4060,btc_qm_engine:btc_block_valid,0.0000000000
ANOMALY,2026-04-15T15:46:39Z,16728992321136,4060,btc_qm_engine:btc_near_miss_or_valid,19.0000000000
METRIC,2026-04-15T15:46:39Z,16728992803416,4060,btc_qm_engine:btc_best_leading_zeros,19.0000000000
METRIC,2026-04-15T15:46:39Z,16728993715666,4060,btc_qm_engine:btc_nx48_csv_saved,1.0000000000
METRIC,2026-04-15T15:46:39Z,16729011161415,4060,btc_qm_engine:btc_ptmc_rep_hot,1.0000000000
METRIC,2026-04-15T15:46:39Z,16729011724135,4060,btc_qm_engine:btc_ptmc_rep_cold,0.0000000000
METRIC,2026-04-15T15:46:39Z,16729012155555,4060,btc_qm_engine:btc_ptmc_accept,-0.2638029098
METRIC,2026-04-15T15:46:39Z,16729012578605,4060,btc_qm_engine:btc_ptmc_rep_hot,2.0000000000
METRIC,2026-04-15T15:46:39Z,16729012991545,4060,btc_qm_engine:btc_ptmc_rep_cold,1.0000000000
METRIC,2026-04-15T15:46:39Z,16729013374285,4060,btc_qm_engine:btc_ptmc_accept,0.7165140378
METRIC,2026-04-15T15:46:39Z,16729013852005,4060,btc_qm_engine:btc_ptmc_rep_hot,3.0000000000
METRIC,2026-04-15T15:46:39Z,16729014514355,4060,btc_qm_engine:btc_ptmc_rep_cold,2.0000000000
METRIC,2026-04-15T15:46:39Z,16729015049595,4060,btc_qm_engine:btc_ptmc_accept,0.8464766237
METRIC,2026-04-15T15:46:39Z,16729015545125,4060,btc_qm_engine:btc_ptmc_rep_hot,4.0000000000
METRIC,2026-04-15T15:46:39Z,16729016078165,4060,btc_qm_engine:btc_ptmc_rep_cold,3.0000000000
METRIC,2026-04-15T15:46:39Z,16729016560075,4060,btc_qm_engine:btc_ptmc_accept,0.9048354550
METRIC,2026-04-15T15:46:39Z,16729017060395,4060,btc_qm_engine:btc_ptmc_rep_hot,5.0000000000
METRIC,2026-04-15T15:46:39Z,16729017679405,4060,btc_qm_engine:btc_ptmc_rep_cold,4.0000000000
METRIC,2026-04-15T15:46:39Z,16729018231805,4060,btc_qm_engine:btc_ptmc_accept,0.9394122667
METRIC,2026-04-15T15:46:39Z,16729018701885,4060,btc_qm_engine:btc_ptmc_rep_hot,6.0000000000
METRIC,2026-04-15T15:46:39Z,16729019187515,4060,btc_qm_engine:btc_ptmc_rep_cold,5.0000000000
METRIC,2026-04-15T15:46:39Z,16729019998135,4060,btc_qm_engine:btc_ptmc_accept,0.9642893023
METRIC,2026-04-15T15:46:39Z,16729020555995,4060,btc_qm_engine:btc_ptmc_rep_hot,7.0000000000
METRIC,2026-04-15T15:46:39Z,16729021179665,4060,btc_qm_engine:btc_ptmc_rep_cold,6.0000000000
METRIC,2026-04-15T15:46:39Z,16729021667575,4060,btc_qm_engine:btc_ptmc_accept,0.9767446541
METRIC,2026-04-15T15:46:39Z,16729113190343,4060,btc_qm_engine:btc_ptmc_rep_hot,1.0000000000
METRIC,2026-04-15T15:46:39Z,16729113842613,4060,btc_qm_engine:btc_ptmc_rep_cold,0.0000000000
METRIC,2026-04-15T15:46:39Z,16729114441163,4060,btc_qm_engine:btc_ptmc_accept,0.5136669338
METRIC,2026-04-15T15:46:39Z,16729115180223,4060,btc_qm_engine:btc_ptmc_rep_hot,2.0000000000
METRIC,2026-04-15T15:46:39Z,16729115770763,4060,btc_qm_engine:btc_ptmc_rep_cold,1.0000000000
METRIC,2026-04-15T15:46:39Z,16729116181853,4060,btc_qm_engine:btc_ptmc_accept,1.0000000000
METRIC,2026-04-15T15:46:39Z,16729116593823,4060,btc_qm_engine:btc_ptmc_rep_hot,3.0000000000
METRIC,2026-04-15T15:46:39Z,16729117077703,4060,btc_qm_engine:btc_ptmc_rep_cold,2.0000000000
METRIC,2026-04-15T15:46:39Z,16729117425193,4060,btc_qm_engine:btc_ptmc_accept,1.0000000000
METRIC,2026-04-15T15:46:39Z,16729117870263,4060,btc_qm_engine:btc_ptmc_rep_hot,4.0000000000
METRIC,2026-04-15T15:46:39Z,16729118230133,4060,btc_qm_engine:btc_ptmc_rep_cold,3.0000000000
METRIC,2026-04-15T15:46:39Z,16729118569593,4060,btc_qm_engine:btc_ptmc_accept,1.0000000000
METRIC,2026-04-15T15:46:39Z,16729118909662,4060,btc_qm_engine:btc_ptmc_rep_hot,5.0000000000
METRIC,2026-04-15T15:46:39Z,16729119266942,4060,btc_qm_engine:btc_ptmc_rep_cold,4.0000000000
METRIC,2026-04-15T15:46:39Z,16729119714912,4060,btc_qm_engine:btc_ptmc_accept,1.0000000000
METRIC,2026-04-15T15:46:39Z,16729120087942,4060,btc_qm_engine:btc_ptmc_rep_hot,6.0000000000
METRIC,2026-04-15T15:46:39Z,16729120455062,4060,btc_qm_engine:btc_ptmc_rep_cold,5.0000000000
METRIC,2026-04-15T15:46:39Z,16729120821072,4060,btc_qm_engine:btc_ptmc_accept,1.0000000000
METRIC,2026-04-15T15:46:39Z,16729121221832,4060,btc_qm_engine:btc_ptmc_rep_hot,7.0000000000
METRIC,2026-04-15T15:46:39Z,16729121689642,4060,btc_qm_engine:btc_ptmc_rep_cold,6.0000000000
METRIC,2026-04-15T15:46:39Z,16729122122852,4060,btc_qm_engine:btc_ptmc_accept,1.0000000000
METRIC,2026-04-15T15:46:39Z,16729214125710,4060,btc_qm_engine:btc_ptmc_rep_hot,1.0000000000
METRIC,2026-04-15T15:46:39Z,16729214713050,4060,btc_qm_engine:btc_ptmc_rep_cold,0.0000000000
METRIC,2026-04-15T15:46:39Z,16729215200210,4060,btc_qm_engine:btc_ptmc_accept,1.0000000000
METRIC,2026-04-15T15:46:39Z,16729215746580,4060,btc_qm_engine:btc_ptmc_rep_hot,2.0000000000
METRIC,2026-04-15T15:46:39Z,16729216261140,4060,btc_qm_engine:btc_ptmc_rep_cold,1.0000000000
METRIC,2026-04-15T15:46:39Z,16729216761620,4060,btc_qm_engine:btc_ptmc_accept,0.7165701146
METRIC,2026-04-15T15:46:39Z,16729217369790,4060,btc_qm_engine:btc_ptmc_rep_hot,3.0000000000
METRIC,2026-04-15T15:46:39Z,16729217883050,4060,btc_qm_engine:btc_ptmc_rep_cold,2.0000000000
METRIC,2026-04-15T15:46:39Z,16729218399820,4060,btc_qm_engine:btc_ptmc_accept,-0.8464931860
METRIC,2026-04-15T15:46:39Z,16729218884550,4060,btc_qm_engine:btc_ptmc_rep_hot,4.0000000000
METRIC,2026-04-15T15:46:39Z,16729219362840,4060,btc_qm_engine:btc_ptmc_rep_cold,3.0000000000
METRIC,2026-04-15T15:46:39Z,16729219825680,4060,btc_qm_engine:btc_ptmc_accept,1.0000000000
METRIC,2026-04-15T15:46:39Z,16729220315850,4060,btc_qm_engine:btc_ptmc_rep_hot,5.0000000000
METRIC,2026-04-15T15:46:39Z,16729220796710,4060,btc_qm_engine:btc_ptmc_rep_cold,4.0000000000
METRIC,2026-04-15T15:46:39Z,16729221337090,4060,btc_qm_engine:btc_ptmc_accept,1.0000000000
METRIC,2026-04-15T15:46:39Z,16729221850820,4060,btc_qm_engine:btc_ptmc_rep_hot,6.0000000000
METRIC,2026-04-15T15:46:39Z,16729222359550,4060,btc_qm_engine:btc_ptmc_rep_cold,5.0000000000
METRIC,2026-04-15T15:46:39Z,16729222817110,4060,btc_qm_engine:btc_ptmc_accept,1.0000000000
METRIC,2026-04-15T15:46:39Z,16729223309570,4060,btc_qm_engine:btc_ptmc_rep_hot,7.0000000000
METRIC,2026-04-15T15:46:39Z,16729223767570,4060,btc_qm_engine:btc_ptmc_rep_cold,6.0000000000
METRIC,2026-04-15T15:46:39Z,16729224292610,4060,btc_qm_engine:btc_ptmc_accept,1.0000000000
METRIC,2026-04-15T15:46:39Z,16729314550397,4060,btc_qm_engine:btc_ptmc_rep_hot,1.0000000000
METRIC,2026-04-15T15:46:39Z,16729315284717,4060,btc_qm_engine:btc_ptmc_rep_cold,0.0000000000
METRIC,2026-04-15T15:46:39Z,16729315795957,4060,btc_qm_engine:btc_ptmc_accept,-0.5135063048
METRIC,2026-04-15T15:46:39Z,16729316434527,4060,btc_qm_engine:btc_ptmc_rep_hot,2.0000000000
METRIC,2026-04-15T15:46:39Z,16729316926237,4060,btc_qm_engine:btc_ptmc_rep_cold,1.0000000000
METRIC,2026-04-15T15:46:39Z,16729317426767,4060,btc_qm_engine:btc_ptmc_accept,1.0000000000
METRIC,2026-04-15T15:46:39Z,16729318038567,4060,btc_qm_engine:btc_ptmc_rep_hot,3.0000000000
METRIC,2026-04-15T15:46:39Z,16729318417567,4060,btc_qm_engine:btc_ptmc_rep_cold,2.0000000000
METRIC,2026-04-15T15:46:39Z,16729318771897,4060,btc_qm_engine:btc_ptmc_accept,1.0000000000
METRIC,2026-04-15T15:46:39Z,16729319192157,4060,btc_qm_engine:btc_ptmc_rep_hot,4.0000000000
METRIC,2026-04-15T15:46:39Z,16729319612047,4060,btc_qm_engine:btc_ptmc_rep_cold,3.0000000000
METRIC,2026-04-15T15:46:39Z,16729320260777,4060,btc_qm_engine:btc_ptmc_accept,1.0000000000
METRIC,2026-04-15T15:46:39Z,16729320748137,4060,btc_qm_engine:btc_ptmc_rep_hot,5.0000000000
METRIC,2026-04-15T15:46:39Z,16729321282127,4060,btc_qm_engine:btc_ptmc_rep_cold,4.0000000000
METRIC,2026-04-15T15:46:39Z,16729321756347,4060,btc_qm_engine:btc_ptmc_accept,1.0000000000
METRIC,2026-04-15T15:46:39Z,16729322237377,4060,btc_qm_engine:btc_ptmc_rep_hot,6.0000000000
METRIC,2026-04-15T15:46:39Z,16729322677137,4060,btc_qm_engine:btc_ptmc_rep_cold,5.0000000000
METRIC,2026-04-15T15:46:39Z,16729323125157,4060,btc_qm_engine:btc_ptmc_accept,1.0000000000
METRIC,2026-04-15T15:46:39Z,16729323601957,4060,btc_qm_engine:btc_ptmc_rep_hot,7.0000000000
METRIC,2026-04-15T15:46:39Z,16729324115907,4060,btc_qm_engine:btc_ptmc_rep_cold,6.0000000000
METRIC,2026-04-15T15:46:39Z,16729324712137,4060,btc_qm_engine:btc_ptmc_accept,1.0000000000
METRIC,2026-04-15T15:46:39Z,16729415551024,4060,btc_qm_engine:btc_ptmc_rep_hot,1.0000000000
METRIC,2026-04-15T15:46:39Z,16729416257375,4060,btc_qm_engine:btc_ptmc_rep_cold,0.0000000000
METRIC,2026-04-15T15:46:39Z,16729416783804,4060,btc_qm_engine:btc_ptmc_accept,1.0000000000
METRIC,2026-04-15T15:46:39Z,16729417385734,4060,btc_qm_engine:btc_ptmc_rep_hot,2.0000000000
METRIC,2026-04-15T15:46:39Z,16729417892304,4060,btc_qm_engine:btc_ptmc_rep_cold,1.0000000000
METRIC,2026-04-15T15:46:39Z,16729418542774,4060,btc_qm_engine:btc_ptmc_accept,1.0000000000
METRIC,2026-04-15T15:46:39Z,16729419124934,4060,btc_qm_engine:btc_ptmc_rep_hot,3.0000000000
METRIC,2026-04-15T15:46:39Z,16729419662684,4060,btc_qm_engine:btc_ptmc_rep_cold,2.0000000000
METRIC,2026-04-15T15:46:39Z,16729420208324,4060,btc_qm_engine:btc_ptmc_accept,1.0000000000
METRIC,2026-04-15T15:46:39Z,16729420723834,4060,btc_qm_engine:btc_ptmc_rep_hot,4.0000000000
METRIC,2026-04-15T15:46:39Z,16729421303434,4060,btc_qm_engine:btc_ptmc_rep_cold,3.0000000000
METRIC,2026-04-15T15:46:39Z,16729421860504,4060,btc_qm_engine:btc_ptmc_accept,1.0000000000
METRIC,2026-04-15T15:46:39Z,16729422766484,4060,btc_qm_engine:btc_ptmc_rep_hot,5.0000000000
METRIC,2026-04-15T15:46:39Z,16729423334204,4060,btc_qm_engine:btc_ptmc_rep_cold,4.0000000000
METRIC,2026-04-15T15:46:39Z,16729423883664,4060,btc_qm_engine:btc_ptmc_accept,1.0000000000
METRIC,2026-04-15T15:46:39Z,16729424568714,4060,btc_qm_engine:btc_ptmc_rep_hot,6.0000000000
METRIC,2026-04-15T15:46:39Z,16729425160744,4060,btc_qm_engine:btc_ptmc_rep_cold,5.0000000000
METRIC,2026-04-15T15:46:39Z,16729425666364,4060,btc_qm_engine:btc_ptmc_accept,1.0000000000
METRIC,2026-04-15T15:46:39Z,16729426272384,4060,btc_qm_engine:btc_ptmc_rep_hot,7.0000000000
METRIC,2026-04-15T15:46:39Z,16729426797604,4060,btc_qm_engine:btc_ptmc_rep_cold,6.0000000000
METRIC,2026-04-15T15:46:39Z,16729427294014,4060,btc_qm_engine:btc_ptmc_accept,1.0000000000
METRIC,2026-04-15T15:46:39Z,16729518610992,4060,btc_qm_engine:btc_ptmc_rep_hot,1.0000000000
METRIC,2026-04-15T15:46:39Z,16729519146852,4060,btc_qm_engine:btc_ptmc_rep_cold,0.0000000000
METRIC,2026-04-15T15:46:39Z,16729519603012,4060,btc_qm_engine:btc_ptmc_accept,0.5134171190
METRIC,2026-04-15T15:46:39Z,16729520250462,4060,btc_qm_engine:btc_ptmc_rep_hot,2.0000000000
METRIC,2026-04-15T15:46:39Z,16729520732722,4060,btc_qm_engine:btc_ptmc_rep_cold,1.0000000000
METRIC,2026-04-15T15:46:39Z,16729521308212,4060,btc_qm_engine:btc_ptmc_accept,-0.5133725145
METRIC,2026-04-15T15:46:39Z,16729521858272,4060,btc_qm_engine:btc_ptmc_rep_hot,3.0000000000
METRIC,2026-04-15T15:46:39Z,16729522461342,4060,btc_qm_engine:btc_ptmc_rep_cold,2.0000000000
METRIC,2026-04-15T15:46:39Z,16729522878582,4060,btc_qm_engine:btc_ptmc_accept,1.0000000000
METRIC,2026-04-15T15:46:39Z,16729523330862,4060,btc_qm_engine:btc_ptmc_rep_hot,4.0000000000
METRIC,2026-04-15T15:46:39Z,16729523825972,4060,btc_qm_engine:btc_ptmc_rep_cold,3.0000000000
METRIC,2026-04-15T15:46:39Z,16729524333732,4060,btc_qm_engine:btc_ptmc_accept,1.0000000000
METRIC,2026-04-15T15:46:39Z,16729524769492,4060,btc_qm_engine:btc_ptmc_rep_hot,5.0000000000
METRIC,2026-04-15T15:46:39Z,16729525336042,4060,btc_qm_engine:btc_ptmc_rep_cold,4.0000000000
METRIC,2026-04-15T15:46:39Z,16729525781362,4060,btc_qm_engine:btc_ptmc_accept,1.0000000000
METRIC,2026-04-15T15:46:39Z,16729526216922,4060,btc_qm_engine:btc_ptmc_rep_hot,6.0000000000
METRIC,2026-04-15T15:46:39Z,16729526647402,4060,btc_qm_engine:btc_ptmc_rep_cold,5.0000000000
METRIC,2026-04-15T15:46:39Z,16729527195441,4060,btc_qm_engine:btc_ptmc_accept,1.0000000000
METRIC,2026-04-15T15:46:39Z,16729527655151,4060,btc_qm_engine:btc_ptmc_rep_hot,7.0000000000
METRIC,2026-04-15T15:46:39Z,16729528256491,4060,btc_qm_engine:btc_ptmc_rep_cold,6.0000000000
METRIC,2026-04-15T15:46:39Z,16729528728071,4060,btc_qm_engine:btc_ptmc_accept,1.0000000000
METRIC,2026-04-15T15:46:39Z,16729619861389,4060,btc_qm_engine:btc_ptmc_rep_hot,1.0000000000
METRIC,2026-04-15T15:46:39Z,16729620489419,4060,btc_qm_engine:btc_ptmc_rep_cold,0.0000000000
METRIC,2026-04-15T15:46:39Z,16729620974119,4060,btc_qm_engine:btc_ptmc_accept,-0.5135063048
METRIC,2026-04-15T15:46:39Z,16729621516109,4060,btc_qm_engine:btc_ptmc_rep_hot,2.0000000000
METRIC,2026-04-15T15:46:39Z,16729622144549,4060,btc_qm_engine:btc_ptmc_rep_cold,1.0000000000
METRIC,2026-04-15T15:46:39Z,16729622629639,4060,btc_qm_engine:btc_ptmc_accept,1.0000000000
METRIC,2026-04-15T15:46:39Z,16729623157809,4060,btc_qm_engine:btc_ptmc_rep_hot,3.0000000000
METRIC,2026-04-15T15:46:39Z,16729623643389,4060,btc_qm_engine:btc_ptmc_rep_cold,2.0000000000
METRIC,2026-04-15T15:46:39Z,16729624217609,4060,btc_qm_engine:btc_ptmc_accept,1.0000000000
METRIC,2026-04-15T15:46:39Z,16729624759229,4060,btc_qm_engine:btc_ptmc_rep_hot,4.0000000000
METRIC,2026-04-15T15:46:39Z,16729625261069,4060,btc_qm_engine:btc_ptmc_rep_cold,3.0000000000
METRIC,2026-04-15T15:46:39Z,16729625747369,4060,btc_qm_engine:btc_ptmc_accept,1.0000000000
METRIC,2026-04-15T15:46:39Z,16729626244199,4060,btc_qm_engine:btc_ptmc_rep_hot,5.0000000000
METRIC,2026-04-15T15:46:39Z,16729626725619,4060,btc_qm_engine:btc_ptmc_rep_cold,4.0000000000
METRIC,2026-04-15T15:46:39Z,16729627281299,4060,btc_qm_engine:btc_ptmc_accept,1.0000000000
METRIC,2026-04-15T15:46:39Z,16729627757799,4060,btc_qm_engine:btc_ptmc_rep_hot,6.0000000000
METRIC,2026-04-15T15:46:39Z,16729628333739,4060,btc_qm_engine:btc_ptmc_rep_cold,5.0000000000
METRIC,2026-04-15T15:46:39Z,16729628819379,4060,btc_qm_engine:btc_ptmc_accept,1.0000000000
METRIC,2026-04-15T15:46:39Z,16729629376279,4060,btc_qm_engine:btc_ptmc_rep_hot,7.0000000000
METRIC,2026-04-15T15:46:39Z,16729629871509,4060,btc_qm_engine:btc_ptmc_rep_cold,6.0000000000
METRIC,2026-04-15T15:46:39Z,16729630434789,4060,btc_qm_engine:btc_ptmc_accept,1.0000000000
THREAD,2026-04-15T15:46:39Z,16729684288457,4060,btc_qm_engine:btc_mining_worker_END,140658291599040
THREAD,2026-04-15T15:46:39Z,16729684778517,4060,btc_qm_engine:btc_mining_worker_END,140658283206336
METRIC,2026-04-15T15:46:39Z,16729685085437,4060,btc_qm_engine:btc_nonces_total,341504.0000000000
METRIC,2026-04-15T15:46:39Z,16729685553277,4060,btc_qm_engine:btc_elapsed_s,1.0010934730
METRIC,2026-04-15T15:46:39Z,16729685911157,4060,btc_qm_engine:btc_hashrate_mhs_final,0.3411309825
METRIC,2026-04-15T15:46:39Z,16729686301257,4060,btc_qm_engine:btc_best_leading_zeros,19.0000000000
METRIC,2026-04-15T15:46:39Z,16729686653987,4060,btc_qm_engine:btc_best_nonce_final,1230139945.0000000000
METRIC,2026-04-15T15:46:39Z,16729687007137,4060,btc_qm_engine:btc_block_valid,0.0000000000
METRIC,2026-04-15T15:46:39Z,16729687412837,4060,btc_qm_engine:btc_hashrate_gate_pass,1.0000000000
METRIC,2026-04-15T15:46:39Z,16729687835567,4060,btc_qm_engine:btc_memory_gate_pass,1.0000000000
MODULE_END,2026-04-15T15:46:39Z,16729688360037,4060,btc_qm_engine:btc_engine_run,1004368283
METRIC,2026-04-15T15:46:39Z,16729688880167,4060,btc_qm_engine:btc_nx48_csv_saved,1.0000000000
METRIC,2026-04-15T15:46:43Z,16733684637710,4060,btc_qm_engine:btc_ram_available_mb_end,26808.0000000000
METRIC,2026-04-15T15:46:43Z,16733685616630,4060,btc_qm_engine:btc_nx48_csv_saved,1.0000000000
METRIC,2026-04-15T15:46:43Z,16733686180360,4060,btc_qm_engine:btc_memory_gate_pass,1.0000000000
MODULE_END,2026-04-15T15:46:43Z,16733686627070,4060,btc_qm_engine:main_btc_mining,5002635316
METRIC,2026-04-15T15:46:43Z,16733686767150,4060,btc_qm_engine:btc_wallet_destroyed,1.0000000000
HW_SAMPLE,2026-04-15T15:46:43Z,16733696660540,4060,shutdown:cpu_delta_pct,0.0000
HW_SAMPLE,2026-04-15T15:46:43Z,16733696660540,4060,shutdown:mem_used_pct,58.3099
HW_SAMPLE,2026-04-15T15:46:43Z,16733696660540,4060,shutdown:vm_rss_kb,7744
