event,timestamp_utc,timestamp_ns,pid,detail,value
INIT,2026-04-15T15:42:45Z,16494902828971,3813,activation,100PCT_INCONDITIONNELLE
INIT,2026-04-15T15:42:45Z,16494902828971,3813,modules_reels,ultra_forensic_logger_v3+memory_tracker
INIT,2026-04-15T15:42:45Z,16494902828971,3813,version,3.0_cycle17_NL03_NV01_NV02_AC01_NANO_ANOMALY_FIX_RAM01
HW_SAMPLE,2026-04-15T15:42:45Z,16494902828971,3813,init:cpu_delta_pct,100.0000
HW_SAMPLE,2026-04-15T15:42:45Z,16494902828971,3813,init:mem_used_pct,64.8743
HW_SAMPLE,2026-04-15T15:42:45Z,16494902828971,3813,init:mem_total_kb,65847776
HW_SAMPLE,2026-04-15T15:42:45Z,16494902828971,3813,init:mem_avail_kb,23129516
HW_SAMPLE,2026-04-15T15:42:45Z,16494902828971,3813,init:vm_rss_kb,3816
HW_SAMPLE,2026-04-15T15:42:45Z,16494902828971,3813,init:vm_peak_kb,14724
MODULE_START,2026-04-15T15:42:45Z,16494904931311,3813,btc_qm_engine,main_btc_mining
METRIC,2026-04-15T15:42:45Z,16494905181591,3813,btc_qm_engine:btc_run_mode_hash,66.0000000000
METRIC,2026-04-15T15:42:45Z,16494905651171,3813,btc_qm_engine:btc_module_version,17.0000000000
METRIC,2026-04-15T15:42:45Z,16494906758780,3813,btc_qm_engine:btc_nx48_init_loaded,0.0000000000
METRIC,2026-04-15T15:42:45Z,16494907222210,3813,btc_qm_engine:btc_nx48_delta_nonce_scale,1.0000000000
METRIC,2026-04-15T15:42:45Z,16494907682760,3813,btc_qm_engine:btc_nx48_n_replicas_scale,1.0000000000
METRIC,2026-04-15T15:42:45Z,16494908187800,3813,btc_qm_engine:btc_nx48_swap_temp_scale,1.0000000000
METRIC,2026-04-15T15:42:45Z,16494908583300,3813,btc_qm_engine:btc_nx48_batch_size_scale,1.0000000000
METRIC,2026-04-15T15:42:45Z,16494909047050,3813,btc_qm_engine:btc_nx48_exploration_bias,0.5000000000
METRIC,2026-04-15T15:42:45Z,16494909530850,3813,btc_qm_engine:btc_nx48_neuron_count,2.0000000000
METRIC,2026-04-15T15:42:45Z,16494910147250,3813,btc_qm_engine:btc_sha256_self_test_pass,1.0000000000
METRIC,2026-04-15T15:42:45Z,16494910700710,3813,btc_qm_engine:btc_wallet_from_privkey_start,1.0000000000
METRIC,2026-04-15T15:42:45Z,16494916347550,3813,btc_qm_engine:btc_wallet_from_privkey_ok,1.0000000000
METRIC,2026-04-15T15:42:45Z,16494917496350,3813,btc_qm_engine:btc_wallet_saved_json,1.0000000000
METRIC,2026-04-15T15:42:45Z,16494918176850,3813,btc_qm_engine:btc_sha256_self_test_pass,1.0000000000
METRIC,2026-04-15T15:42:45Z,16494918722530,3813,btc_qm_engine:btc_integrity_gate_pass,1.0000000000
METRIC,2026-04-15T15:42:45Z,16494920213050,3813,btc_qm_engine:btc_ram_available_mb_start,22587.0000000000
MODULE_START,2026-04-15T15:42:45Z,16494920744470,3813,btc_qm_engine,btc_engine_create
METRIC,2026-04-15T15:42:45Z,16494920929100,3813,btc_qm_engine:btc_n_replicas,8.0000000000
METRIC,2026-04-15T15:42:45Z,16494921473850,3813,btc_qm_engine:btc_n_threads,2.0000000000
METRIC,2026-04-15T15:42:45Z,16494921955650,3813,btc_qm_engine:btc_batch_size,512.0000000000
METRIC,2026-04-15T15:42:45Z,16494922436110,3813,btc_qm_engine:btc_nonce_start,0.0000000000
METRIC,2026-04-15T15:42:45Z,16494922929070,3813,btc_qm_engine:btc_nonce_end,4294967295.0000000000
METRIC,2026-04-15T15:42:45Z,16494923374580,3813,btc_qm_engine:btc_duration_s,2.0000000000
METRIC,2026-04-15T15:42:45Z,16494923827520,3813,btc_qm_engine:btc_replica_idx,0.0000000000
METRIC,2026-04-15T15:42:45Z,16494924314760,3813,btc_qm_engine:btc_replica_nonce,0.0000000000
METRIC,2026-04-15T15:42:45Z,16494925122140,3813,btc_qm_engine:btc_replica_temp,1.0000000000
METRIC,2026-04-15T15:42:45Z,16494925625890,3813,btc_qm_engine:btc_replica_leading,0.0000000000
METRIC,2026-04-15T15:42:45Z,16494926244530,3813,btc_qm_engine:btc_replica_idx,1.0000000000
METRIC,2026-04-15T15:42:45Z,16494926762290,3813,btc_qm_engine:btc_replica_nonce,536870911.0000000000
METRIC,2026-04-15T15:42:45Z,16494927236470,3813,btc_qm_engine:btc_replica_temp,2.0000000000
METRIC,2026-04-15T15:42:45Z,16494927850439,3813,btc_qm_engine:btc_replica_leading,0.0000000000
METRIC,2026-04-15T15:42:45Z,16494928408549,3813,btc_qm_engine:btc_replica_idx,2.0000000000
METRIC,2026-04-15T15:42:45Z,16494928888739,3813,btc_qm_engine:btc_replica_nonce,1073741822.0000000000
METRIC,2026-04-15T15:42:45Z,16494929385309,3813,btc_qm_engine:btc_replica_temp,4.0000000000
METRIC,2026-04-15T15:42:45Z,16494929801079,3813,btc_qm_engine:btc_replica_leading,0.0000000000
METRIC,2026-04-15T15:42:45Z,16494930265819,3813,btc_qm_engine:btc_replica_idx,3.0000000000
METRIC,2026-04-15T15:42:45Z,16494930694569,3813,btc_qm_engine:btc_replica_nonce,1610612733.0000000000
METRIC,2026-04-15T15:42:45Z,16494931178899,3813,btc_qm_engine:btc_replica_temp,8.0000000000
METRIC,2026-04-15T15:42:45Z,16494931609239,3813,btc_qm_engine:btc_replica_leading,0.0000000000
METRIC,2026-04-15T15:42:45Z,16494932076899,3813,btc_qm_engine:btc_replica_idx,4.0000000000
METRIC,2026-04-15T15:42:45Z,16494932493989,3813,btc_qm_engine:btc_replica_nonce,2147483644.0000000000
METRIC,2026-04-15T15:42:45Z,16494932922609,3813,btc_qm_engine:btc_replica_temp,12.0000000000
METRIC,2026-04-15T15:42:45Z,16494933444959,3813,btc_qm_engine:btc_replica_leading,0.0000000000
METRIC,2026-04-15T15:42:45Z,16494934066649,3813,btc_qm_engine:btc_replica_idx,5.0000000000
METRIC,2026-04-15T15:42:45Z,16494934565779,3813,btc_qm_engine:btc_replica_nonce,2684354555.0000000000
METRIC,2026-04-15T15:42:45Z,16494935147909,3813,btc_qm_engine:btc_replica_temp,20.0000000000
METRIC,2026-04-15T15:42:45Z,16494935655719,3813,btc_qm_engine:btc_replica_leading,0.0000000000
METRIC,2026-04-15T15:42:45Z,16494936209749,3813,btc_qm_engine:btc_replica_idx,6.0000000000
METRIC,2026-04-15T15:42:45Z,16494936733869,3813,btc_qm_engine:btc_replica_nonce,3221225466.0000000000
METRIC,2026-04-15T15:42:45Z,16494937290499,3813,btc_qm_engine:btc_replica_temp,35.0000000000
METRIC,2026-04-15T15:42:45Z,16494937765579,3813,btc_qm_engine:btc_replica_leading,0.0000000000
METRIC,2026-04-15T15:42:45Z,16494938502719,3813,btc_qm_engine:btc_replica_idx,7.0000000000
METRIC,2026-04-15T15:42:45Z,16494939027699,3813,btc_qm_engine:btc_replica_nonce,3758096377.0000000000
METRIC,2026-04-15T15:42:45Z,16494939599409,3813,btc_qm_engine:btc_replica_temp,50.0000000000
METRIC,2026-04-15T15:42:45Z,16494940188699,3813,btc_qm_engine:btc_replica_leading,0.0000000000
METRIC,2026-04-15T15:42:45Z,16494940682229,3813,btc_qm_engine:btc_midstate_applied,1.0000000000
THREAD,2026-04-15T15:42:45Z,16494941717829,3813,btc_qm_engine:btc_mining_worker_START,140455252776640
METRIC,2026-04-15T15:42:45Z,16494941878609,3813,btc_qm_engine:btc_block_nonce,2647131671.0000000000
THREAD,2026-04-15T15:42:45Z,16494942239899,3813,btc_qm_engine:btc_mining_worker_START,140455244383936
METRIC,2026-04-15T15:42:45Z,16494942763869,3813,btc_qm_engine:btc_best_leading_zeros,4.0000000000
METRIC,2026-04-15T15:42:45Z,16494943388239,3813,btc_qm_engine:btc_block_valid,0.0000000000
ANOMALY,2026-04-15T15:42:45Z,16494943949339,3813,btc_qm_engine:btc_near_miss_or_valid,4.0000000000
METRIC,2026-04-15T15:42:45Z,16494943955629,3813,btc_qm_engine:btc_threads_launched,2.0000000000
METRIC,2026-04-15T15:42:45Z,16494944698849,3813,btc_qm_engine:btc_best_leading_zeros,4.0000000000
METRIC,2026-04-15T15:42:45Z,16494945551559,3813,btc_qm_engine:btc_nx48_csv_saved,1.0000000000
METRIC,2026-04-15T15:42:45Z,16494946234789,3813,btc_qm_engine:btc_block_nonce,99885611.0000000000
METRIC,2026-04-15T15:42:45Z,16494946857779,3813,btc_qm_engine:btc_best_leading_zeros,8.0000000000
METRIC,2026-04-15T15:42:45Z,16494947365849,3813,btc_qm_engine:btc_block_valid,0.0000000000
ANOMALY,2026-04-15T15:42:45Z,16494947827809,3813,btc_qm_engine:btc_near_miss_or_valid,8.0000000000
METRIC,2026-04-15T15:42:45Z,16494948324299,3813,btc_qm_engine:btc_best_leading_zeros,8.0000000000
METRIC,2026-04-15T15:42:45Z,16494949123029,3813,btc_qm_engine:btc_nx48_csv_saved,1.0000000000
METRIC,2026-04-15T15:42:45Z,16494949645518,3813,btc_qm_engine:btc_block_nonce,2647121558.0000000000
METRIC,2026-04-15T15:42:45Z,16494950163448,3813,btc_qm_engine:btc_best_leading_zeros,9.0000000000
METRIC,2026-04-15T15:42:45Z,16494950638548,3813,btc_qm_engine:btc_block_valid,0.0000000000
ANOMALY,2026-04-15T15:42:45Z,16494951070978,3813,btc_qm_engine:btc_near_miss_or_valid,9.0000000000
METRIC,2026-04-15T15:42:45Z,16494951565398,3813,btc_qm_engine:btc_best_leading_zeros,9.0000000000
METRIC,2026-04-15T15:42:45Z,16494952323738,3813,btc_qm_engine:btc_nx48_csv_saved,1.0000000000
METRIC,2026-04-15T15:42:45Z,16494955365608,3813,btc_qm_engine:btc_block_nonce,1145121546.0000000000
METRIC,2026-04-15T15:42:45Z,16494955872488,3813,btc_qm_engine:btc_best_leading_zeros,10.0000000000
METRIC,2026-04-15T15:42:45Z,16494956570388,3813,btc_qm_engine:btc_block_valid,0.0000000000
ANOMALY,2026-04-15T15:42:45Z,16494957072038,3813,btc_qm_engine:btc_near_miss_or_valid,10.0000000000
METRIC,2026-04-15T15:42:45Z,16494957587298,3813,btc_qm_engine:btc_best_leading_zeros,10.0000000000
METRIC,2026-04-15T15:42:45Z,16494958442298,3813,btc_qm_engine:btc_nx48_csv_saved,1.0000000000
METRIC,2026-04-15T15:42:45Z,16494959029918,3813,btc_qm_engine:btc_block_nonce,386173916.0000000000
METRIC,2026-04-15T15:42:45Z,16494959446488,3813,btc_qm_engine:btc_best_leading_zeros,11.0000000000
METRIC,2026-04-15T15:42:45Z,16494959963648,3813,btc_qm_engine:btc_block_valid,0.0000000000
ANOMALY,2026-04-15T15:42:45Z,16494960392258,3813,btc_qm_engine:btc_near_miss_or_valid,11.0000000000
METRIC,2026-04-15T15:42:45Z,16494960844498,3813,btc_qm_engine:btc_best_leading_zeros,11.0000000000
METRIC,2026-04-15T15:42:45Z,16494961569548,3813,btc_qm_engine:btc_nx48_csv_saved,1.0000000000
METRIC,2026-04-15T15:42:45Z,16494994194167,3813,btc_qm_engine:btc_block_nonce,386146903.0000000000
METRIC,2026-04-15T15:42:45Z,16494994737357,3813,btc_qm_engine:btc_best_leading_zeros,12.0000000000
METRIC,2026-04-15T15:42:45Z,16494995416207,3813,btc_qm_engine:btc_block_valid,0.0000000000
ANOMALY,2026-04-15T15:42:45Z,16494995887727,3813,btc_qm_engine:btc_near_miss_or_valid,12.0000000000
METRIC,2026-04-15T15:42:45Z,16494996457416,3813,btc_qm_engine:btc_best_leading_zeros,12.0000000000
METRIC,2026-04-15T15:42:45Z,16494997344836,3813,btc_qm_engine:btc_nx48_csv_saved,1.0000000000
METRIC,2026-04-15T15:42:45Z,16495015112036,3813,btc_qm_engine:btc_block_nonce,1145131529.0000000000
METRIC,2026-04-15T15:42:45Z,16495015703176,3813,btc_qm_engine:btc_best_leading_zeros,16.0000000000
METRIC,2026-04-15T15:42:45Z,16495016238456,3813,btc_qm_engine:btc_block_valid,0.0000000000
ANOMALY,2026-04-15T15:42:45Z,16495016743216,3813,btc_qm_engine:btc_near_miss_or_valid,16.0000000000
METRIC,2026-04-15T15:42:45Z,16495017324646,3813,btc_qm_engine:btc_best_leading_zeros,16.0000000000
METRIC,2026-04-15T15:42:45Z,16495018412255,3813,btc_qm_engine:btc_nx48_csv_saved,1.0000000000
METRIC,2026-04-15T15:42:45Z,16495044803914,3813,btc_qm_engine:btc_ptmc_rep_hot,1.0000000000
METRIC,2026-04-15T15:42:45Z,16495045359094,3813,btc_qm_engine:btc_ptmc_rep_cold,0.0000000000
METRIC,2026-04-15T15:42:45Z,16495045783854,3813,btc_qm_engine:btc_ptmc_accept,-0.2635971381
METRIC,2026-04-15T15:42:45Z,16495046312014,3813,btc_qm_engine:btc_ptmc_rep_hot,2.0000000000
METRIC,2026-04-15T15:42:45Z,16495046837814,3813,btc_qm_engine:btc_ptmc_rep_cold,1.0000000000
METRIC,2026-04-15T15:42:45Z,16495047417324,3813,btc_qm_engine:btc_ptmc_accept,1.0000000000
METRIC,2026-04-15T15:42:45Z,16495047969614,3813,btc_qm_engine:btc_ptmc_rep_hot,3.0000000000
METRIC,2026-04-15T15:42:45Z,16495048536224,3813,btc_qm_engine:btc_ptmc_rep_cold,2.0000000000
METRIC,2026-04-15T15:42:45Z,16495048968094,3813,btc_qm_engine:btc_ptmc_accept,1.0000000000
METRIC,2026-04-15T15:42:45Z,16495049366164,3813,btc_qm_engine:btc_ptmc_rep_hot,4.0000000000
METRIC,2026-04-15T15:42:45Z,16495049720644,3813,btc_qm_engine:btc_ptmc_rep_cold,3.0000000000
METRIC,2026-04-15T15:42:45Z,16495050271174,3813,btc_qm_engine:btc_ptmc_accept,1.0000000000
METRIC,2026-04-15T15:42:45Z,16495050565204,3813,btc_qm_engine:btc_ptmc_rep_hot,5.0000000000
METRIC,2026-04-15T15:42:45Z,16495050853654,3813,btc_qm_engine:btc_ptmc_rep_cold,4.0000000000
METRIC,2026-04-15T15:42:45Z,16495051178144,3813,btc_qm_engine:btc_ptmc_accept,1.0000000000
METRIC,2026-04-15T15:42:45Z,16495051473454,3813,btc_qm_engine:btc_ptmc_rep_hot,6.0000000000
METRIC,2026-04-15T15:42:45Z,16495051807534,3813,btc_qm_engine:btc_ptmc_rep_cold,5.0000000000
METRIC,2026-04-15T15:42:45Z,16495052146824,3813,btc_qm_engine:btc_ptmc_accept,1.0000000000
METRIC,2026-04-15T15:42:45Z,16495052614624,3813,btc_qm_engine:btc_block_nonce,386157943.0000000000
METRIC,2026-04-15T15:42:45Z,16495053197944,3813,btc_qm_engine:btc_best_leading_zeros,19.0000000000
METRIC,2026-04-15T15:42:45Z,16495053731694,3813,btc_qm_engine:btc_block_valid,0.0000000000
ANOMALY,2026-04-15T15:42:45Z,16495054378504,3813,btc_qm_engine:btc_near_miss_or_valid,19.0000000000
METRIC,2026-04-15T15:42:45Z,16495054382624,3813,btc_qm_engine:btc_ptmc_rep_hot,7.0000000000
METRIC,2026-04-15T15:42:45Z,16495055147844,3813,btc_qm_engine:btc_best_leading_zeros,19.0000000000
METRIC,2026-04-15T15:42:45Z,16495055740074,3813,btc_qm_engine:btc_ptmc_rep_cold,6.0000000000
METRIC,2026-04-15T15:42:45Z,16495056414824,3813,btc_qm_engine:btc_ptmc_accept,1.0000000000
METRIC,2026-04-15T15:42:45Z,16495057012764,3813,btc_qm_engine:btc_nx48_csv_saved,1.0000000000
METRIC,2026-04-15T15:42:45Z,16495144829990,3813,btc_qm_engine:btc_ptmc_rep_hot,1.0000000000
METRIC,2026-04-15T15:42:45Z,16495145489940,3813,btc_qm_engine:btc_ptmc_rep_cold,0.0000000000
METRIC,2026-04-15T15:42:45Z,16495146040710,3813,btc_qm_engine:btc_ptmc_accept,1.0000000000
METRIC,2026-04-15T15:42:45Z,16495146658650,3813,btc_qm_engine:btc_ptmc_rep_hot,2.0000000000
METRIC,2026-04-15T15:42:45Z,16495147112470,3813,btc_qm_engine:btc_ptmc_rep_cold,1.0000000000
METRIC,2026-04-15T15:42:45Z,16495147603320,3813,btc_qm_engine:btc_ptmc_accept,1.0000000000
METRIC,2026-04-15T15:42:45Z,16495148322790,3813,btc_qm_engine:btc_ptmc_rep_hot,3.0000000000
METRIC,2026-04-15T15:42:45Z,16495148777220,3813,btc_qm_engine:btc_ptmc_rep_cold,2.0000000000
METRIC,2026-04-15T15:42:45Z,16495149300820,3813,btc_qm_engine:btc_ptmc_accept,1.0000000000
METRIC,2026-04-15T15:42:45Z,16495149822620,3813,btc_qm_engine:btc_ptmc_rep_hot,4.0000000000
METRIC,2026-04-15T15:42:45Z,16495150345760,3813,btc_qm_engine:btc_ptmc_rep_cold,3.0000000000
METRIC,2026-04-15T15:42:45Z,16495150839400,3813,btc_qm_engine:btc_ptmc_accept,1.0000000000
METRIC,2026-04-15T15:42:45Z,16495151375150,3813,btc_qm_engine:btc_ptmc_rep_hot,5.0000000000
METRIC,2026-04-15T15:42:45Z,16495151857500,3813,btc_qm_engine:btc_ptmc_rep_cold,4.0000000000
METRIC,2026-04-15T15:42:45Z,16495152402770,3813,btc_qm_engine:btc_ptmc_accept,1.0000000000
METRIC,2026-04-15T15:42:45Z,16495152864309,3813,btc_qm_engine:btc_ptmc_rep_hot,6.0000000000
METRIC,2026-04-15T15:42:45Z,16495153362239,3813,btc_qm_engine:btc_ptmc_rep_cold,5.0000000000
METRIC,2026-04-15T15:42:45Z,16495153842129,3813,btc_qm_engine:btc_ptmc_accept,1.0000000000
METRIC,2026-04-15T15:42:45Z,16495154386149,3813,btc_qm_engine:btc_ptmc_rep_hot,7.0000000000
METRIC,2026-04-15T15:42:45Z,16495154880619,3813,btc_qm_engine:btc_ptmc_rep_cold,6.0000000000
METRIC,2026-04-15T15:42:45Z,16495155376809,3813,btc_qm_engine:btc_ptmc_accept,1.0000000000
METRIC,2026-04-15T15:42:45Z,16495246881285,3813,btc_qm_engine:btc_ptmc_rep_hot,1.0000000000
METRIC,2026-04-15T15:42:45Z,16495247427805,3813,btc_qm_engine:btc_ptmc_rep_cold,0.0000000000
METRIC,2026-04-15T15:42:45Z,16495247914435,3813,btc_qm_engine:btc_ptmc_accept,1.0000000000
METRIC,2026-04-15T15:42:45Z,16495248444815,3813,btc_qm_engine:btc_ptmc_rep_hot,2.0000000000
METRIC,2026-04-15T15:42:45Z,16495248921645,3813,btc_qm_engine:btc_ptmc_rep_cold,1.0000000000
METRIC,2026-04-15T15:42:45Z,16495249406415,3813,btc_qm_engine:btc_ptmc_accept,1.0000000000
METRIC,2026-04-15T15:42:45Z,16495249945805,3813,btc_qm_engine:btc_ptmc_rep_hot,3.0000000000
METRIC,2026-04-15T15:42:45Z,16495250449465,3813,btc_qm_engine:btc_ptmc_rep_cold,2.0000000000
METRIC,2026-04-15T15:42:45Z,16495250930195,3813,btc_qm_engine:btc_ptmc_accept,1.0000000000
METRIC,2026-04-15T15:42:45Z,16495251468595,3813,btc_qm_engine:btc_ptmc_rep_hot,4.0000000000
METRIC,2026-04-15T15:42:45Z,16495251963235,3813,btc_qm_engine:btc_ptmc_rep_cold,3.0000000000
METRIC,2026-04-15T15:42:45Z,16495252510475,3813,btc_qm_engine:btc_ptmc_accept,1.0000000000
METRIC,2026-04-15T15:42:45Z,16495253031765,3813,btc_qm_engine:btc_ptmc_rep_hot,5.0000000000
METRIC,2026-04-15T15:42:45Z,16495253541115,3813,btc_qm_engine:btc_ptmc_rep_cold,4.0000000000
METRIC,2026-04-15T15:42:45Z,16495254079815,3813,btc_qm_engine:btc_ptmc_accept,1.0000000000
METRIC,2026-04-15T15:42:45Z,16495254611765,3813,btc_qm_engine:btc_ptmc_rep_hot,6.0000000000
METRIC,2026-04-15T15:42:45Z,16495255170315,3813,btc_qm_engine:btc_ptmc_rep_cold,5.0000000000
METRIC,2026-04-15T15:42:45Z,16495255602705,3813,btc_qm_engine:btc_ptmc_accept,1.0000000000
METRIC,2026-04-15T15:42:45Z,16495256130105,3813,btc_qm_engine:btc_ptmc_rep_hot,7.0000000000
METRIC,2026-04-15T15:42:45Z,16495256574915,3813,btc_qm_engine:btc_ptmc_rep_cold,6.0000000000
METRIC,2026-04-15T15:42:45Z,16495257088335,3813,btc_qm_engine:btc_ptmc_accept,1.0000000000
METRIC,2026-04-15T15:42:45Z,16495353294901,3813,btc_qm_engine:btc_ptmc_rep_hot,1.0000000000
METRIC,2026-04-15T15:42:45Z,16495353857461,3813,btc_qm_engine:btc_ptmc_rep_cold,0.0000000000
METRIC,2026-04-15T15:42:45Z,16495354456621,3813,btc_qm_engine:btc_ptmc_accept,0.5136669338
METRIC,2026-04-15T15:42:45Z,16495355202811,3813,btc_qm_engine:btc_ptmc_rep_hot,2.0000000000
METRIC,2026-04-15T15:42:45Z,16495355731300,3813,btc_qm_engine:btc_ptmc_rep_cold,1.0000000000
METRIC,2026-04-15T15:42:45Z,16495356270161,3813,btc_qm_engine:btc_ptmc_accept,-0.2636225532
METRIC,2026-04-15T15:42:45Z,16495356812361,3813,btc_qm_engine:btc_ptmc_rep_hot,3.0000000000
METRIC,2026-04-15T15:42:45Z,16495357428761,3813,btc_qm_engine:btc_ptmc_rep_cold,2.0000000000
METRIC,2026-04-15T15:42:45Z,16495357964431,3813,btc_qm_engine:btc_ptmc_accept,1.0000000000
METRIC,2026-04-15T15:42:45Z,16495358494870,3813,btc_qm_engine:btc_ptmc_rep_hot,4.0000000000
METRIC,2026-04-15T15:42:45Z,16495359007280,3813,btc_qm_engine:btc_ptmc_rep_cold,3.0000000000
METRIC,2026-04-15T15:42:45Z,16495359579920,3813,btc_qm_engine:btc_ptmc_accept,1.0000000000
METRIC,2026-04-15T15:42:45Z,16495360099650,3813,btc_qm_engine:btc_ptmc_rep_hot,5.0000000000
METRIC,2026-04-15T15:42:45Z,16495360594890,3813,btc_qm_engine:btc_ptmc_rep_cold,4.0000000000
METRIC,2026-04-15T15:42:45Z,16495361191050,3813,btc_qm_engine:btc_ptmc_accept,1.0000000000
METRIC,2026-04-15T15:42:45Z,16495361715930,3813,btc_qm_engine:btc_ptmc_rep_hot,6.0000000000
METRIC,2026-04-15T15:42:45Z,16495362241030,3813,btc_qm_engine:btc_ptmc_rep_cold,5.0000000000
METRIC,2026-04-15T15:42:45Z,16495363170360,3813,btc_qm_engine:btc_ptmc_accept,1.0000000000
METRIC,2026-04-15T15:42:45Z,16495363707550,3813,btc_qm_engine:btc_ptmc_rep_hot,7.0000000000
METRIC,2026-04-15T15:42:45Z,16495364263700,3813,btc_qm_engine:btc_ptmc_rep_cold,6.0000000000
METRIC,2026-04-15T15:42:45Z,16495364784640,3813,btc_qm_engine:btc_ptmc_accept,1.0000000000
METRIC,2026-04-15T15:42:45Z,16495453877156,3813,btc_qm_engine:btc_ptmc_rep_hot,1.0000000000
METRIC,2026-04-15T15:42:45Z,16495454530816,3813,btc_qm_engine:btc_ptmc_rep_cold,0.0000000000
METRIC,2026-04-15T15:42:45Z,16495455083796,3813,btc_qm_engine:btc_ptmc_accept,-0.0695919752
METRIC,2026-04-15T15:42:45Z,16495455617466,3813,btc_qm_engine:btc_ptmc_rep_hot,2.0000000000
METRIC,2026-04-15T15:42:45Z,16495456070686,3813,btc_qm_engine:btc_ptmc_rep_cold,1.0000000000
METRIC,2026-04-15T15:42:45Z,16495456535126,3813,btc_qm_engine:btc_ptmc_accept,0.7165701146
METRIC,2026-04-15T15:42:45Z,16495457143546,3813,btc_qm_engine:btc_ptmc_rep_hot,3.0000000000
METRIC,2026-04-15T15:42:45Z,16495457597066,3813,btc_qm_engine:btc_ptmc_rep_cold,2.0000000000
METRIC,2026-04-15T15:42:45Z,16495457980816,3813,btc_qm_engine:btc_ptmc_accept,-0.8464931860
METRIC,2026-04-15T15:42:45Z,16495458400616,3813,btc_qm_engine:btc_ptmc_rep_hot,4.0000000000
METRIC,2026-04-15T15:42:45Z,16495458689916,3813,btc_qm_engine:btc_ptmc_rep_cold,3.0000000000
METRIC,2026-04-15T15:42:45Z,16495458978256,3813,btc_qm_engine:btc_ptmc_accept,1.0000000000
METRIC,2026-04-15T15:42:45Z,16495459285336,3813,btc_qm_engine:btc_ptmc_rep_hot,5.0000000000
METRIC,2026-04-15T15:42:45Z,16495459556686,3813,btc_qm_engine:btc_ptmc_rep_cold,4.0000000000
METRIC,2026-04-15T15:42:45Z,16495459868326,3813,btc_qm_engine:btc_ptmc_accept,1.0000000000
METRIC,2026-04-15T15:42:45Z,16495460187516,3813,btc_qm_engine:btc_ptmc_rep_hot,6.0000000000
METRIC,2026-04-15T15:42:45Z,16495460517736,3813,btc_qm_engine:btc_ptmc_rep_cold,5.0000000000
METRIC,2026-04-15T15:42:45Z,16495460803836,3813,btc_qm_engine:btc_ptmc_accept,1.0000000000
METRIC,2026-04-15T15:42:45Z,16495461119706,3813,btc_qm_engine:btc_ptmc_rep_hot,7.0000000000
METRIC,2026-04-15T15:42:45Z,16495461459796,3813,btc_qm_engine:btc_ptmc_rep_cold,6.0000000000
METRIC,2026-04-15T15:42:45Z,16495461746576,3813,btc_qm_engine:btc_ptmc_accept,1.0000000000
METRIC,2026-04-15T15:42:45Z,16495554556002,3813,btc_qm_engine:btc_ptmc_rep_hot,1.0000000000
METRIC,2026-04-15T15:42:45Z,16495555150082,3813,btc_qm_engine:btc_ptmc_rep_cold,0.0000000000
METRIC,2026-04-15T15:42:45Z,16495555635952,3813,btc_qm_engine:btc_ptmc_accept,1.0000000000
METRIC,2026-04-15T15:42:45Z,16495556247022,3813,btc_qm_engine:btc_ptmc_rep_hot,2.0000000000
METRIC,2026-04-15T15:42:45Z,16495556733032,3813,btc_qm_engine:btc_ptmc_rep_cold,1.0000000000
METRIC,2026-04-15T15:42:45Z,16495557359202,3813,btc_qm_engine:btc_ptmc_accept,1.0000000000
METRIC,2026-04-15T15:42:45Z,16495557933982,3813,btc_qm_engine:btc_ptmc_rep_hot,3.0000000000
METRIC,2026-04-15T15:42:45Z,16495558385612,3813,btc_qm_engine:btc_ptmc_rep_cold,2.0000000000
METRIC,2026-04-15T15:42:45Z,16495558762912,3813,btc_qm_engine:btc_ptmc_accept,1.0000000000
METRIC,2026-04-15T15:42:45Z,16495559154712,3813,btc_qm_engine:btc_ptmc_rep_hot,4.0000000000
METRIC,2026-04-15T15:42:45Z,16495559517102,3813,btc_qm_engine:btc_ptmc_rep_cold,3.0000000000
METRIC,2026-04-15T15:42:45Z,16495559881752,3813,btc_qm_engine:btc_ptmc_accept,1.0000000000
METRIC,2026-04-15T15:42:45Z,16495560261392,3813,btc_qm_engine:btc_ptmc_rep_hot,5.0000000000
METRIC,2026-04-15T15:42:45Z,16495560627522,3813,btc_qm_engine:btc_ptmc_rep_cold,4.0000000000
METRIC,2026-04-15T15:42:45Z,16495560992372,3813,btc_qm_engine:btc_ptmc_accept,1.0000000000
METRIC,2026-04-15T15:42:45Z,16495561363651,3813,btc_qm_engine:btc_ptmc_rep_hot,6.0000000000
METRIC,2026-04-15T15:42:45Z,16495561740631,3813,btc_qm_engine:btc_ptmc_rep_cold,5.0000000000
METRIC,2026-04-15T15:42:45Z,16495562121521,3813,btc_qm_engine:btc_ptmc_accept,1.0000000000
METRIC,2026-04-15T15:42:45Z,16495562485631,3813,btc_qm_engine:btc_ptmc_rep_hot,7.0000000000
METRIC,2026-04-15T15:42:45Z,16495562850731,3813,btc_qm_engine:btc_ptmc_rep_cold,6.0000000000
METRIC,2026-04-15T15:42:45Z,16495563229161,3813,btc_qm_engine:btc_ptmc_accept,1.0000000000
METRIC,2026-04-15T15:42:45Z,16495655749077,3813,btc_qm_engine:btc_ptmc_rep_hot,1.0000000000
METRIC,2026-04-15T15:42:45Z,16495656395117,3813,btc_qm_engine:btc_ptmc_rep_cold,0.0000000000
METRIC,2026-04-15T15:42:45Z,16495656895917,3813,btc_qm_engine:btc_ptmc_accept,1.0000000000
METRIC,2026-04-15T15:42:45Z,16495657519567,3813,btc_qm_engine:btc_ptmc_rep_hot,2.0000000000
METRIC,2026-04-15T15:42:45Z,16495658060117,3813,btc_qm_engine:btc_ptmc_rep_cold,1.0000000000
METRIC,2026-04-15T15:42:45Z,16495658493577,3813,btc_qm_engine:btc_ptmc_accept,0.7165313106
METRIC,2026-04-15T15:42:45Z,16495658894367,3813,btc_qm_engine:btc_ptmc_rep_hot,3.0000000000
METRIC,2026-04-15T15:42:45Z,16495659491037,3813,btc_qm_engine:btc_ptmc_rep_cold,2.0000000000
METRIC,2026-04-15T15:42:45Z,16495659947937,3813,btc_qm_engine:btc_ptmc_accept,0.8464817249
METRIC,2026-04-15T15:42:45Z,16495660769057,3813,btc_qm_engine:btc_ptmc_rep_hot,4.0000000000
METRIC,2026-04-15T15:42:45Z,16495661259957,3813,btc_qm_engine:btc_ptmc_rep_cold,3.0000000000
METRIC,2026-04-15T15:42:45Z,16495661768987,3813,btc_qm_engine:btc_ptmc_accept,0.9048374180
METRIC,2026-04-15T15:42:45Z,16495662262327,3813,btc_qm_engine:btc_ptmc_rep_hot,5.0000000000
METRIC,2026-04-15T15:42:45Z,16495662723287,3813,btc_qm_engine:btc_ptmc_rep_cold,4.0000000000
METRIC,2026-04-15T15:42:45Z,16495663327967,3813,btc_qm_engine:btc_ptmc_accept,-0.9394130628
METRIC,2026-04-15T15:42:45Z,16495663854077,3813,btc_qm_engine:btc_ptmc_rep_hot,6.0000000000
METRIC,2026-04-15T15:42:45Z,16495664410117,3813,btc_qm_engine:btc_ptmc_rep_cold,5.0000000000
METRIC,2026-04-15T15:42:45Z,16495664892967,3813,btc_qm_engine:btc_ptmc_accept,1.0000000000
METRIC,2026-04-15T15:42:45Z,16495665368267,3813,btc_qm_engine:btc_ptmc_rep_hot,7.0000000000
METRIC,2026-04-15T15:42:45Z,16495665869177,3813,btc_qm_engine:btc_ptmc_rep_cold,6.0000000000
METRIC,2026-04-15T15:42:45Z,16495666471467,3813,btc_qm_engine:btc_ptmc_accept,1.0000000000
METRIC,2026-04-15T15:42:45Z,16495757712743,3813,btc_qm_engine:btc_ptmc_rep_hot,1.0000000000
METRIC,2026-04-15T15:42:45Z,16495758300543,3813,btc_qm_engine:btc_ptmc_rep_cold,0.0000000000
METRIC,2026-04-15T15:42:45Z,16495758698473,3813,btc_qm_engine:btc_ptmc_accept,1.0000000000
METRIC,2026-04-15T15:42:45Z,16495759237443,3813,btc_qm_engine:btc_ptmc_rep_hot,2.0000000000
METRIC,2026-04-15T15:42:45Z,16495759640783,3813,btc_qm_engine:btc_ptmc_rep_cold,1.0000000000
METRIC,2026-04-15T15:42:45Z,16495760063913,3813,btc_qm_engine:btc_ptmc_accept,1.0000000000
METRIC,2026-04-15T15:42:45Z,16495760547673,3813,btc_qm_engine:btc_ptmc_rep_hot,3.0000000000
METRIC,2026-04-15T15:42:45Z,16495761004593,3813,btc_qm_engine:btc_ptmc_rep_cold,2.0000000000
METRIC,2026-04-15T15:42:45Z,16495761507183,3813,btc_qm_engine:btc_ptmc_accept,1.0000000000
METRIC,2026-04-15T15:42:46Z,16495762124713,3813,btc_qm_engine:btc_ptmc_rep_hot,4.0000000000
METRIC,2026-04-15T15:42:46Z,16495762591303,3813,btc_qm_engine:btc_ptmc_rep_cold,3.0000000000
METRIC,2026-04-15T15:42:46Z,16495763134443,3813,btc_qm_engine:btc_ptmc_accept,1.0000000000
METRIC,2026-04-15T15:42:46Z,16495763830683,3813,btc_qm_engine:btc_ptmc_rep_hot,5.0000000000
METRIC,2026-04-15T15:42:46Z,16495764289862,3813,btc_qm_engine:btc_ptmc_rep_cold,4.0000000000
METRIC,2026-04-15T15:42:46Z,16495764752072,3813,btc_qm_engine:btc_ptmc_accept,1.0000000000
METRIC,2026-04-15T15:42:46Z,16495765280222,3813,btc_qm_engine:btc_ptmc_rep_hot,6.0000000000
METRIC,2026-04-15T15:42:46Z,16495765860342,3813,btc_qm_engine:btc_ptmc_rep_cold,5.0000000000
METRIC,2026-04-15T15:42:46Z,16495766626422,3813,btc_qm_engine:btc_ptmc_accept,1.0000000000
METRIC,2026-04-15T15:42:46Z,16495767140662,3813,btc_qm_engine:btc_ptmc_rep_hot,7.0000000000
METRIC,2026-04-15T15:42:46Z,16495767597172,3813,btc_qm_engine:btc_ptmc_rep_cold,6.0000000000
METRIC,2026-04-15T15:42:46Z,16495768322472,3813,btc_qm_engine:btc_ptmc_accept,1.0000000000
METRIC,2026-04-15T15:42:46Z,16495858697858,3813,btc_qm_engine:btc_ptmc_rep_hot,1.0000000000
METRIC,2026-04-15T15:42:46Z,16495859352878,3813,btc_qm_engine:btc_ptmc_rep_cold,0.0000000000
METRIC,2026-04-15T15:42:46Z,16495859832498,3813,btc_qm_engine:btc_ptmc_accept,1.0000000000
METRIC,2026-04-15T15:42:46Z,16495860463178,3813,btc_qm_engine:btc_ptmc_rep_hot,2.0000000000
METRIC,2026-04-15T15:42:46Z,16495860925648,3813,btc_qm_engine:btc_ptmc_rep_cold,1.0000000000
METRIC,2026-04-15T15:42:46Z,16495861553138,3813,btc_qm_engine:btc_ptmc_accept,-0.3678196603
METRIC,2026-04-15T15:42:46Z,16495862200488,3813,btc_qm_engine:btc_ptmc_rep_hot,3.0000000000
METRIC,2026-04-15T15:42:46Z,16495862665468,3813,btc_qm_engine:btc_ptmc_rep_cold,2.0000000000
METRIC,2026-04-15T15:42:46Z,16495863142508,3813,btc_qm_engine:btc_ptmc_accept,1.0000000000
METRIC,2026-04-15T15:42:46Z,16495863618388,3813,btc_qm_engine:btc_ptmc_rep_hot,4.0000000000
METRIC,2026-04-15T15:42:46Z,16495864151128,3813,btc_qm_engine:btc_ptmc_rep_cold,3.0000000000
METRIC,2026-04-15T15:42:46Z,16495864630608,3813,btc_qm_engine:btc_ptmc_accept,1.0000000000
METRIC,2026-04-15T15:42:46Z,16495865130998,3813,btc_qm_engine:btc_ptmc_rep_hot,5.0000000000
METRIC,2026-04-15T15:42:46Z,16495865652648,3813,btc_qm_engine:btc_ptmc_rep_cold,4.0000000000
METRIC,2026-04-15T15:42:46Z,16495866417198,3813,btc_qm_engine:btc_ptmc_accept,1.0000000000
METRIC,2026-04-15T15:42:46Z,16495866899838,3813,btc_qm_engine:btc_ptmc_rep_hot,6.0000000000
METRIC,2026-04-15T15:42:46Z,16495867371708,3813,btc_qm_engine:btc_ptmc_rep_cold,5.0000000000
METRIC,2026-04-15T15:42:46Z,16495867780058,3813,btc_qm_engine:btc_ptmc_accept,1.0000000000
METRIC,2026-04-15T15:42:46Z,16495868315938,3813,btc_qm_engine:btc_ptmc_rep_hot,7.0000000000
METRIC,2026-04-15T15:42:46Z,16495868846718,3813,btc_qm_engine:btc_ptmc_rep_cold,6.0000000000
METRIC,2026-04-15T15:42:46Z,16495869455008,3813,btc_qm_engine:btc_ptmc_accept,1.0000000000
METRIC,2026-04-15T15:42:46Z,16495959054894,3813,btc_qm_engine:btc_ptmc_rep_hot,1.0000000000
METRIC,2026-04-15T15:42:46Z,16495959561464,3813,btc_qm_engine:btc_ptmc_rep_cold,0.0000000000
METRIC,2026-04-15T15:42:46Z,16495959990614,3813,btc_qm_engine:btc_ptmc_accept,1.0000000000
METRIC,2026-04-15T15:42:46Z,16495960524054,3813,btc_qm_engine:btc_ptmc_rep_hot,2.0000000000
METRIC,2026-04-15T15:42:46Z,16495961161194,3813,btc_qm_engine:btc_ptmc_rep_cold,1.0000000000
METRIC,2026-04-15T15:42:46Z,16495961639884,3813,btc_qm_engine:btc_ptmc_accept,1.0000000000
METRIC,2026-04-15T15:42:46Z,16495962280924,3813,btc_qm_engine:btc_ptmc_rep_hot,3.0000000000
METRIC,2026-04-15T15:42:46Z,16495962786694,3813,btc_qm_engine:btc_ptmc_rep_cold,2.0000000000
METRIC,2026-04-15T15:42:46Z,16495963314814,3813,btc_qm_engine:btc_ptmc_accept,1.0000000000
METRIC,2026-04-15T15:42:46Z,16495963762044,3813,btc_qm_engine:btc_ptmc_rep_hot,4.0000000000
METRIC,2026-04-15T15:42:46Z,16495964319714,3813,btc_qm_engine:btc_ptmc_rep_cold,3.0000000000
METRIC,2026-04-15T15:42:46Z,16495964811614,3813,btc_qm_engine:btc_ptmc_accept,1.0000000000
METRIC,2026-04-15T15:42:46Z,16495965332074,3813,btc_qm_engine:btc_ptmc_rep_hot,5.0000000000
METRIC,2026-04-15T15:42:46Z,16495965852234,3813,btc_qm_engine:btc_ptmc_rep_cold,4.0000000000
METRIC,2026-04-15T15:42:46Z,16495966655054,3813,btc_qm_engine:btc_ptmc_accept,1.0000000000
METRIC,2026-04-15T15:42:46Z,16495967319193,3813,btc_qm_engine:btc_ptmc_rep_hot,6.0000000000
METRIC,2026-04-15T15:42:46Z,16495967881863,3813,btc_qm_engine:btc_ptmc_rep_cold,5.0000000000
METRIC,2026-04-15T15:42:46Z,16495968452503,3813,btc_qm_engine:btc_ptmc_accept,1.0000000000
METRIC,2026-04-15T15:42:46Z,16495968913893,3813,btc_qm_engine:btc_ptmc_rep_hot,7.0000000000
METRIC,2026-04-15T15:42:46Z,16495969329593,3813,btc_qm_engine:btc_ptmc_rep_cold,6.0000000000
METRIC,2026-04-15T15:42:46Z,16495969815593,3813,btc_qm_engine:btc_ptmc_accept,1.0000000000
METRIC,2026-04-15T15:42:46Z,16496060352529,3813,btc_qm_engine:btc_ptmc_rep_hot,1.0000000000
METRIC,2026-04-15T15:42:46Z,16496060954559,3813,btc_qm_engine:btc_ptmc_rep_cold,0.0000000000
METRIC,2026-04-15T15:42:46Z,16496061479629,3813,btc_qm_engine:btc_ptmc_accept,0.2638537189
METRIC,2026-04-15T15:42:46Z,16496062146429,3813,btc_qm_engine:btc_ptmc_rep_hot,2.0000000000
METRIC,2026-04-15T15:42:46Z,16496062649599,3813,btc_qm_engine:btc_ptmc_rep_cold,1.0000000000
METRIC,2026-04-15T15:42:46Z,16496063156209,3813,btc_qm_engine:btc_ptmc_accept,1.0000000000
METRIC,2026-04-15T15:42:46Z,16496063664599,3813,btc_qm_engine:btc_ptmc_rep_hot,3.0000000000
METRIC,2026-04-15T15:42:46Z,16496064284189,3813,btc_qm_engine:btc_ptmc_rep_cold,2.0000000000
METRIC,2026-04-15T15:42:46Z,16496064834479,3813,btc_qm_engine:btc_ptmc_accept,1.0000000000
METRIC,2026-04-15T15:42:46Z,16496065342719,3813,btc_qm_engine:btc_ptmc_rep_hot,4.0000000000
METRIC,2026-04-15T15:42:46Z,16496065847389,3813,btc_qm_engine:btc_ptmc_rep_cold,3.0000000000
METRIC,2026-04-15T15:42:46Z,16496066523109,3813,btc_qm_engine:btc_ptmc_accept,1.0000000000
METRIC,2026-04-15T15:42:46Z,16496067101409,3813,btc_qm_engine:btc_ptmc_rep_hot,5.0000000000
METRIC,2026-04-15T15:42:46Z,16496067609059,3813,btc_qm_engine:btc_ptmc_rep_cold,4.0000000000
METRIC,2026-04-15T15:42:46Z,16496068168419,3813,btc_qm_engine:btc_ptmc_accept,1.0000000000
METRIC,2026-04-15T15:42:46Z,16496068678839,3813,btc_qm_engine:btc_ptmc_rep_hot,6.0000000000
METRIC,2026-04-15T15:42:46Z,16496069171569,3813,btc_qm_engine:btc_ptmc_rep_cold,5.0000000000
METRIC,2026-04-15T15:42:46Z,16496069726399,3813,btc_qm_engine:btc_ptmc_accept,1.0000000000
METRIC,2026-04-15T15:42:46Z,16496070313699,3813,btc_qm_engine:btc_ptmc_rep_hot,7.0000000000
METRIC,2026-04-15T15:42:46Z,16496070832049,3813,btc_qm_engine:btc_ptmc_rep_cold,6.0000000000
METRIC,2026-04-15T15:42:46Z,16496071379129,3813,btc_qm_engine:btc_ptmc_accept,1.0000000000
METRIC,2026-04-15T15:42:46Z,16496162282085,3813,btc_qm_engine:btc_ptmc_rep_hot,1.0000000000
METRIC,2026-04-15T15:42:46Z,16496162967525,3813,btc_qm_engine:btc_ptmc_rep_cold,0.0000000000
METRIC,2026-04-15T15:42:46Z,16496163559635,3813,btc_qm_engine:btc_ptmc_accept,1.0000000000
METRIC,2026-04-15T15:42:46Z,16496164127645,3813,btc_qm_engine:btc_ptmc_rep_hot,2.0000000000
METRIC,2026-04-15T15:42:46Z,16496164693435,3813,btc_qm_engine:btc_ptmc_rep_cold,1.0000000000
METRIC,2026-04-15T15:42:46Z,16496165426545,3813,btc_qm_engine:btc_ptmc_accept,0.5134727291
METRIC,2026-04-15T15:42:46Z,16496166106265,3813,btc_qm_engine:btc_ptmc_rep_hot,3.0000000000
METRIC,2026-04-15T15:42:46Z,16496166769705,3813,btc_qm_engine:btc_ptmc_rep_cold,2.0000000000
METRIC,2026-04-15T15:42:46Z,16496167285315,3813,btc_qm_engine:btc_ptmc_accept,0.7165507139
METRIC,2026-04-15T15:42:46Z,16496167726485,3813,btc_qm_engine:btc_ptmc_rep_hot,4.0000000000
METRIC,2026-04-15T15:42:46Z,16496168321175,3813,btc_qm_engine:btc_ptmc_rep_cold,3.0000000000
METRIC,2026-04-15T15:42:46Z,16496168845865,3813,btc_qm_engine:btc_ptmc_accept,-0.8187387348
METRIC,2026-04-15T15:42:46Z,16496169361255,3813,btc_qm_engine:btc_ptmc_rep_hot,5.0000000000
METRIC,2026-04-15T15:42:46Z,16496169879905,3813,btc_qm_engine:btc_ptmc_rep_cold,4.0000000000
METRIC,2026-04-15T15:42:46Z,16496170397855,3813,btc_qm_engine:btc_ptmc_accept,1.0000000000
METRIC,2026-04-15T15:42:46Z,16496170882545,3813,btc_qm_engine:btc_ptmc_rep_hot,6.0000000000
METRIC,2026-04-15T15:42:46Z,16496171461815,3813,btc_qm_engine:btc_ptmc_rep_cold,5.0000000000
METRIC,2026-04-15T15:42:46Z,16496171905795,3813,btc_qm_engine:btc_ptmc_accept,1.0000000000
METRIC,2026-04-15T15:42:46Z,16496172787705,3813,btc_qm_engine:btc_ptmc_rep_hot,7.0000000000
METRIC,2026-04-15T15:42:46Z,16496173231994,3813,btc_qm_engine:btc_ptmc_rep_cold,6.0000000000
METRIC,2026-04-15T15:42:46Z,16496173677514,3813,btc_qm_engine:btc_ptmc_accept,1.0000000000
METRIC,2026-04-15T15:42:46Z,16496265738070,3813,btc_qm_engine:btc_ptmc_rep_hot,1.0000000000
METRIC,2026-04-15T15:42:46Z,16496266368480,3813,btc_qm_engine:btc_ptmc_rep_cold,0.0000000000
METRIC,2026-04-15T15:42:46Z,16496266863500,3813,btc_qm_engine:btc_ptmc_accept,1.0000000000
METRIC,2026-04-15T15:42:46Z,16496267446860,3813,btc_qm_engine:btc_ptmc_rep_hot,2.0000000000
METRIC,2026-04-15T15:42:46Z,16496267924860,3813,btc_qm_engine:btc_ptmc_rep_cold,1.0000000000
METRIC,2026-04-15T15:42:46Z,16496268438790,3813,btc_qm_engine:btc_ptmc_accept,1.0000000000
METRIC,2026-04-15T15:42:46Z,16496269076990,3813,btc_qm_engine:btc_ptmc_rep_hot,3.0000000000
METRIC,2026-04-15T15:42:46Z,16496269615940,3813,btc_qm_engine:btc_ptmc_rep_cold,2.0000000000
METRIC,2026-04-15T15:42:46Z,16496270190450,3813,btc_qm_engine:btc_ptmc_accept,1.0000000000
METRIC,2026-04-15T15:42:46Z,16496270733320,3813,btc_qm_engine:btc_ptmc_rep_hot,4.0000000000
METRIC,2026-04-15T15:42:46Z,16496271273840,3813,btc_qm_engine:btc_ptmc_rep_cold,3.0000000000
METRIC,2026-04-15T15:42:46Z,16496271759000,3813,btc_qm_engine:btc_ptmc_accept,1.0000000000
METRIC,2026-04-15T15:42:46Z,16496272318630,3813,btc_qm_engine:btc_ptmc_rep_hot,5.0000000000
METRIC,2026-04-15T15:42:46Z,16496272810020,3813,btc_qm_engine:btc_ptmc_rep_cold,4.0000000000
METRIC,2026-04-15T15:42:46Z,16496273353190,3813,btc_qm_engine:btc_ptmc_accept,1.0000000000
METRIC,2026-04-15T15:42:46Z,16496273831520,3813,btc_qm_engine:btc_ptmc_rep_hot,6.0000000000
METRIC,2026-04-15T15:42:46Z,16496274437720,3813,btc_qm_engine:btc_ptmc_rep_cold,5.0000000000
METRIC,2026-04-15T15:42:46Z,16496274965500,3813,btc_qm_engine:btc_ptmc_accept,1.0000000000
METRIC,2026-04-15T15:42:46Z,16496275443740,3813,btc_qm_engine:btc_ptmc_rep_hot,7.0000000000
METRIC,2026-04-15T15:42:46Z,16496275999940,3813,btc_qm_engine:btc_ptmc_rep_cold,6.0000000000
METRIC,2026-04-15T15:42:46Z,16496276575550,3813,btc_qm_engine:btc_ptmc_accept,1.0000000000
METRIC,2026-04-15T15:42:46Z,16496366081836,3813,btc_qm_engine:btc_ptmc_rep_hot,1.0000000000
METRIC,2026-04-15T15:42:46Z,16496366628616,3813,btc_qm_engine:btc_ptmc_rep_cold,0.0000000000
METRIC,2026-04-15T15:42:46Z,16496367122486,3813,btc_qm_engine:btc_ptmc_accept,1.0000000000
METRIC,2026-04-15T15:42:46Z,16496367669516,3813,btc_qm_engine:btc_ptmc_rep_hot,2.0000000000
METRIC,2026-04-15T15:42:46Z,16496368190346,3813,btc_qm_engine:btc_ptmc_rep_cold,1.0000000000
METRIC,2026-04-15T15:42:46Z,16496368721786,3813,btc_qm_engine:btc_ptmc_accept,1.0000000000
METRIC,2026-04-15T15:42:46Z,16496369385646,3813,btc_qm_engine:btc_ptmc_rep_hot,3.0000000000
METRIC,2026-04-15T15:42:46Z,16496369921936,3813,btc_qm_engine:btc_ptmc_rep_cold,2.0000000000
METRIC,2026-04-15T15:42:46Z,16496370555206,3813,btc_qm_engine:btc_ptmc_accept,1.0000000000
METRIC,2026-04-15T15:42:46Z,16496371224656,3813,btc_qm_engine:btc_ptmc_rep_hot,4.0000000000
METRIC,2026-04-15T15:42:46Z,16496371730296,3813,btc_qm_engine:btc_ptmc_rep_cold,3.0000000000
METRIC,2026-04-15T15:42:46Z,16496372292796,3813,btc_qm_engine:btc_ptmc_accept,1.0000000000
METRIC,2026-04-15T15:42:46Z,16496372795486,3813,btc_qm_engine:btc_ptmc_rep_hot,5.0000000000
METRIC,2026-04-15T15:42:46Z,16496373372186,3813,btc_qm_engine:btc_ptmc_rep_cold,4.0000000000
METRIC,2026-04-15T15:42:46Z,16496374011106,3813,btc_qm_engine:btc_ptmc_accept,1.0000000000
METRIC,2026-04-15T15:42:46Z,16496374587416,3813,btc_qm_engine:btc_ptmc_rep_hot,6.0000000000
METRIC,2026-04-15T15:42:46Z,16496375118346,3813,btc_qm_engine:btc_ptmc_rep_cold,5.0000000000
METRIC,2026-04-15T15:42:46Z,16496375596836,3813,btc_qm_engine:btc_ptmc_accept,1.0000000000
METRIC,2026-04-15T15:42:46Z,16496376120305,3813,btc_qm_engine:btc_ptmc_rep_hot,7.0000000000
METRIC,2026-04-15T15:42:46Z,16496376622805,3813,btc_qm_engine:btc_ptmc_rep_cold,6.0000000000
METRIC,2026-04-15T15:42:46Z,16496377191305,3813,btc_qm_engine:btc_ptmc_accept,1.0000000000
METRIC,2026-04-15T15:42:46Z,16496466891521,3813,btc_qm_engine:btc_ptmc_rep_hot,1.0000000000
METRIC,2026-04-15T15:42:46Z,16496467372451,3813,btc_qm_engine:btc_ptmc_rep_cold,0.0000000000
METRIC,2026-04-15T15:42:46Z,16496467900061,3813,btc_qm_engine:btc_ptmc_accept,1.0000000000
METRIC,2026-04-15T15:42:46Z,16496468497621,3813,btc_qm_engine:btc_ptmc_rep_hot,2.0000000000
METRIC,2026-04-15T15:42:46Z,16496468935591,3813,btc_qm_engine:btc_ptmc_rep_cold,1.0000000000
METRIC,2026-04-15T15:42:46Z,16496469738701,3813,btc_qm_engine:btc_ptmc_accept,1.0000000000
METRIC,2026-04-15T15:42:46Z,16496470383551,3813,btc_qm_engine:btc_ptmc_rep_hot,3.0000000000
METRIC,2026-04-15T15:42:46Z,16496470894301,3813,btc_qm_engine:btc_ptmc_rep_cold,2.0000000000
METRIC,2026-04-15T15:42:46Z,16496471387991,3813,btc_qm_engine:btc_ptmc_accept,1.0000000000
METRIC,2026-04-15T15:42:46Z,16496471872321,3813,btc_qm_engine:btc_ptmc_rep_hot,4.0000000000
METRIC,2026-04-15T15:42:46Z,16496472471011,3813,btc_qm_engine:btc_ptmc_rep_cold,3.0000000000
METRIC,2026-04-15T15:42:46Z,16496472966421,3813,btc_qm_engine:btc_ptmc_accept,1.0000000000
METRIC,2026-04-15T15:42:46Z,16496473467521,3813,btc_qm_engine:btc_ptmc_rep_hot,5.0000000000
METRIC,2026-04-15T15:42:46Z,16496473955741,3813,btc_qm_engine:btc_ptmc_rep_cold,4.0000000000
METRIC,2026-04-15T15:42:46Z,16496474519351,3813,btc_qm_engine:btc_ptmc_accept,1.0000000000
METRIC,2026-04-15T15:42:46Z,16496475078741,3813,btc_qm_engine:btc_ptmc_rep_hot,6.0000000000
METRIC,2026-04-15T15:42:46Z,16496475695801,3813,btc_qm_engine:btc_ptmc_rep_cold,5.0000000000
METRIC,2026-04-15T15:42:46Z,16496476307211,3813,btc_qm_engine:btc_ptmc_accept,1.0000000000
METRIC,2026-04-15T15:42:46Z,16496476787251,3813,btc_qm_engine:btc_ptmc_rep_hot,7.0000000000
METRIC,2026-04-15T15:42:46Z,16496477300221,3813,btc_qm_engine:btc_ptmc_rep_cold,6.0000000000
METRIC,2026-04-15T15:42:46Z,16496477824991,3813,btc_qm_engine:btc_ptmc_accept,1.0000000000
METRIC,2026-04-15T15:42:46Z,16496567544437,3813,btc_qm_engine:btc_ptmc_rep_hot,1.0000000000
METRIC,2026-04-15T15:42:46Z,16496568231147,3813,btc_qm_engine:btc_ptmc_rep_cold,0.0000000000
METRIC,2026-04-15T15:42:46Z,16496568775647,3813,btc_qm_engine:btc_ptmc_accept,-0.2636887251
METRIC,2026-04-15T15:42:46Z,16496569360167,3813,btc_qm_engine:btc_ptmc_rep_hot,2.0000000000
METRIC,2026-04-15T15:42:46Z,16496569867077,3813,btc_qm_engine:btc_ptmc_rep_cold,1.0000000000
METRIC,2026-04-15T15:42:46Z,16496570444717,3813,btc_qm_engine:btc_ptmc_accept,0.7164924961
METRIC,2026-04-15T15:42:46Z,16496571094747,3813,btc_qm_engine:btc_ptmc_rep_hot,3.0000000000
METRIC,2026-04-15T15:42:46Z,16496571613377,3813,btc_qm_engine:btc_ptmc_rep_cold,2.0000000000
METRIC,2026-04-15T15:42:46Z,16496572249487,3813,btc_qm_engine:btc_ptmc_accept,0.8464702621
METRIC,2026-04-15T15:42:46Z,16496572803237,3813,btc_qm_engine:btc_ptmc_rep_hot,4.0000000000
METRIC,2026-04-15T15:42:46Z,16496573360147,3813,btc_qm_engine:btc_ptmc_rep_cold,3.0000000000
METRIC,2026-04-15T15:42:46Z,16496573900887,3813,btc_qm_engine:btc_ptmc_accept,0.9048330071
METRIC,2026-04-15T15:42:46Z,16496574593827,3813,btc_qm_engine:btc_ptmc_rep_hot,5.0000000000
METRIC,2026-04-15T15:42:46Z,16496575149917,3813,btc_qm_engine:btc_ptmc_rep_cold,4.0000000000
METRIC,2026-04-15T15:42:46Z,16496575714807,3813,btc_qm_engine:btc_ptmc_accept,0.9394112740
METRIC,2026-04-15T15:42:46Z,16496576329017,3813,btc_qm_engine:btc_ptmc_rep_hot,6.0000000000
METRIC,2026-04-15T15:42:46Z,16496576864267,3813,btc_qm_engine:btc_ptmc_rep_cold,5.0000000000
METRIC,2026-04-15T15:42:46Z,16496577374977,3813,btc_qm_engine:btc_ptmc_accept,0.9642889574
METRIC,2026-04-15T15:42:46Z,16496577904947,3813,btc_qm_engine:btc_ptmc_rep_hot,7.0000000000
METRIC,2026-04-15T15:42:46Z,16496578508297,3813,btc_qm_engine:btc_ptmc_rep_cold,6.0000000000
METRIC,2026-04-15T15:42:46Z,16496579114846,3813,btc_qm_engine:btc_ptmc_accept,0.9767447714
METRIC,2026-04-15T15:42:46Z,16496670593692,3813,btc_qm_engine:btc_ptmc_rep_hot,1.0000000000
METRIC,2026-04-15T15:42:46Z,16496671126822,3813,btc_qm_engine:btc_ptmc_rep_cold,0.0000000000
METRIC,2026-04-15T15:42:46Z,16496671571572,3813,btc_qm_engine:btc_ptmc_accept,1.0000000000
METRIC,2026-04-15T15:42:46Z,16496672173752,3813,btc_qm_engine:btc_ptmc_rep_hot,2.0000000000
METRIC,2026-04-15T15:42:46Z,16496672693942,3813,btc_qm_engine:btc_ptmc_rep_cold,1.0000000000
METRIC,2026-04-15T15:42:46Z,16496673295522,3813,btc_qm_engine:btc_ptmc_accept,0.7165140378
METRIC,2026-04-15T15:42:46Z,16496673867352,3813,btc_qm_engine:btc_ptmc_rep_hot,3.0000000000
METRIC,2026-04-15T15:42:46Z,16496674348442,3813,btc_qm_engine:btc_ptmc_rep_cold,2.0000000000
METRIC,2026-04-15T15:42:46Z,16496674825392,3813,btc_qm_engine:btc_ptmc_accept,0.8464766237
METRIC,2026-04-15T15:42:46Z,16496675436082,3813,btc_qm_engine:btc_ptmc_rep_hot,4.0000000000
METRIC,2026-04-15T15:42:46Z,16496675949202,3813,btc_qm_engine:btc_ptmc_rep_cold,3.0000000000
METRIC,2026-04-15T15:42:46Z,16496676480992,3813,btc_qm_engine:btc_ptmc_accept,-0.9048354550
METRIC,2026-04-15T15:42:46Z,16496677137322,3813,btc_qm_engine:btc_ptmc_rep_hot,5.0000000000
METRIC,2026-04-15T15:42:46Z,16496677654862,3813,btc_qm_engine:btc_ptmc_rep_cold,4.0000000000
METRIC,2026-04-15T15:42:46Z,16496678444832,3813,btc_qm_engine:btc_ptmc_accept,1.0000000000
METRIC,2026-04-15T15:42:46Z,16496678947812,3813,btc_qm_engine:btc_ptmc_rep_hot,6.0000000000
METRIC,2026-04-15T15:42:46Z,16496679547462,3813,btc_qm_engine:btc_ptmc_rep_cold,5.0000000000
METRIC,2026-04-15T15:42:46Z,16496680066542,3813,btc_qm_engine:btc_ptmc_accept,1.0000000000
METRIC,2026-04-15T15:42:46Z,16496680552742,3813,btc_qm_engine:btc_ptmc_rep_hot,7.0000000000
METRIC,2026-04-15T15:42:46Z,16496681427502,3813,btc_qm_engine:btc_ptmc_rep_cold,6.0000000000
METRIC,2026-04-15T15:42:46Z,16496682188792,3813,btc_qm_engine:btc_ptmc_accept,1.0000000000
METRIC,2026-04-15T15:42:47Z,16496771494458,3813,btc_qm_engine:btc_ptmc_rep_hot,1.0000000000
METRIC,2026-04-15T15:42:47Z,16496772101888,3813,btc_qm_engine:btc_ptmc_rep_cold,0.0000000000
METRIC,2026-04-15T15:42:47Z,16496772613738,3813,btc_qm_engine:btc_ptmc_accept,1.0000000000
METRIC,2026-04-15T15:42:47Z,16496773176598,3813,btc_qm_engine:btc_ptmc_rep_hot,2.0000000000
METRIC,2026-04-15T15:42:47Z,16496773611778,3813,btc_qm_engine:btc_ptmc_rep_cold,1.0000000000
METRIC,2026-04-15T15:42:47Z,16496774220128,3813,btc_qm_engine:btc_ptmc_accept,1.0000000000
METRIC,2026-04-15T15:42:47Z,16496774811738,3813,btc_qm_engine:btc_ptmc_rep_hot,3.0000000000
METRIC,2026-04-15T15:42:47Z,16496775421028,3813,btc_qm_engine:btc_ptmc_rep_cold,2.0000000000
METRIC,2026-04-15T15:42:47Z,16496775901588,3813,btc_qm_engine:btc_ptmc_accept,1.0000000000
METRIC,2026-04-15T15:42:47Z,16496776428918,3813,btc_qm_engine:btc_ptmc_rep_hot,4.0000000000
METRIC,2026-04-15T15:42:47Z,16496776932868,3813,btc_qm_engine:btc_ptmc_rep_cold,3.0000000000
METRIC,2026-04-15T15:42:47Z,16496777425378,3813,btc_qm_engine:btc_ptmc_accept,1.0000000000
METRIC,2026-04-15T15:42:47Z,16496777908648,3813,btc_qm_engine:btc_ptmc_rep_hot,5.0000000000
METRIC,2026-04-15T15:42:47Z,16496778685648,3813,btc_qm_engine:btc_ptmc_rep_cold,4.0000000000
METRIC,2026-04-15T15:42:47Z,16496779324858,3813,btc_qm_engine:btc_ptmc_accept,1.0000000000
METRIC,2026-04-15T15:42:47Z,16496779763978,3813,btc_qm_engine:btc_ptmc_rep_hot,6.0000000000
METRIC,2026-04-15T15:42:47Z,16496780433268,3813,btc_qm_engine:btc_ptmc_rep_cold,5.0000000000
METRIC,2026-04-15T15:42:47Z,16496780892508,3813,btc_qm_engine:btc_ptmc_accept,1.0000000000
METRIC,2026-04-15T15:42:47Z,16496781390778,3813,btc_qm_engine:btc_ptmc_rep_hot,7.0000000000
METRIC,2026-04-15T15:42:47Z,16496781854508,3813,btc_qm_engine:btc_ptmc_rep_cold,6.0000000000
METRIC,2026-04-15T15:42:47Z,16496782301988,3813,btc_qm_engine:btc_ptmc_accept,1.0000000000
METRIC,2026-04-15T15:42:47Z,16496872276574,3813,btc_qm_engine:btc_ptmc_rep_hot,1.0000000000
METRIC,2026-04-15T15:42:47Z,16496872824454,3813,btc_qm_engine:btc_ptmc_rep_cold,0.0000000000
METRIC,2026-04-15T15:42:47Z,16496873336594,3813,btc_qm_engine:btc_ptmc_accept,1.0000000000
METRIC,2026-04-15T15:42:47Z,16496873846784,3813,btc_qm_engine:btc_ptmc_rep_hot,2.0000000000
METRIC,2026-04-15T15:42:47Z,16496874278184,3813,btc_qm_engine:btc_ptmc_rep_cold,1.0000000000
METRIC,2026-04-15T15:42:47Z,16496874679294,3813,btc_qm_engine:btc_ptmc_accept,1.0000000000
METRIC,2026-04-15T15:42:47Z,16496875186473,3813,btc_qm_engine:btc_ptmc_rep_hot,3.0000000000
METRIC,2026-04-15T15:42:47Z,16496875725773,3813,btc_qm_engine:btc_ptmc_rep_cold,2.0000000000
METRIC,2026-04-15T15:42:47Z,16496876361163,3813,btc_qm_engine:btc_ptmc_accept,1.0000000000
METRIC,2026-04-15T15:42:47Z,16496876864633,3813,btc_qm_engine:btc_ptmc_rep_hot,4.0000000000
METRIC,2026-04-15T15:42:47Z,16496877389663,3813,btc_qm_engine:btc_ptmc_rep_cold,3.0000000000
METRIC,2026-04-15T15:42:47Z,16496877910933,3813,btc_qm_engine:btc_ptmc_accept,1.0000000000
METRIC,2026-04-15T15:42:47Z,16496878426983,3813,btc_qm_engine:btc_ptmc_rep_hot,5.0000000000
METRIC,2026-04-15T15:42:47Z,16496879021243,3813,btc_qm_engine:btc_ptmc_rep_cold,4.0000000000
METRIC,2026-04-15T15:42:47Z,16496879522843,3813,btc_qm_engine:btc_ptmc_accept,1.0000000000
METRIC,2026-04-15T15:42:47Z,16496880110953,3813,btc_qm_engine:btc_ptmc_rep_hot,6.0000000000
METRIC,2026-04-15T15:42:47Z,16496880610943,3813,btc_qm_engine:btc_ptmc_rep_cold,5.0000000000
METRIC,2026-04-15T15:42:47Z,16496881191643,3813,btc_qm_engine:btc_ptmc_accept,1.0000000000
METRIC,2026-04-15T15:42:47Z,16496881686983,3813,btc_qm_engine:btc_ptmc_rep_hot,7.0000000000
METRIC,2026-04-15T15:42:47Z,16496882233373,3813,btc_qm_engine:btc_ptmc_rep_cold,6.0000000000
METRIC,2026-04-15T15:42:47Z,16496882750363,3813,btc_qm_engine:btc_ptmc_accept,1.0000000000
THREAD,2026-04-15T15:42:47Z,16496922126171,3813,btc_qm_engine:btc_mining_worker_END,140455244383936
THREAD,2026-04-15T15:42:47Z,16496922588391,3813,btc_qm_engine:btc_mining_worker_END,140455252776640
METRIC,2026-04-15T15:42:47Z,16496922949111,3813,btc_qm_engine:btc_nonces_total,671232.0000000000
METRIC,2026-04-15T15:42:47Z,16496923516461,3813,btc_qm_engine:btc_elapsed_s,2.0022047110
METRIC,2026-04-15T15:42:47Z,16496924053721,3813,btc_qm_engine:btc_hashrate_mhs_final,0.3352464392
METRIC,2026-04-15T15:42:47Z,16496924540541,3813,btc_qm_engine:btc_best_leading_zeros,19.0000000000
METRIC,2026-04-15T15:42:47Z,16496925105111,3813,btc_qm_engine:btc_best_nonce_final,386157943.0000000000
METRIC,2026-04-15T15:42:47Z,16496925625711,3813,btc_qm_engine:btc_block_valid,0.0000000000
METRIC,2026-04-15T15:42:47Z,16496926030811,3813,btc_qm_engine:btc_hashrate_gate_pass,1.0000000000
METRIC,2026-04-15T15:42:47Z,16496926411021,3813,btc_qm_engine:btc_memory_gate_pass,1.0000000000
MODULE_END,2026-04-15T15:42:47Z,16496926934231,3813,btc_qm_engine:btc_engine_run,2006189761
METRIC,2026-04-15T15:42:47Z,16496927472001,3813,btc_qm_engine:btc_nx48_csv_saved,1.0000000000
METRIC,2026-04-15T15:42:50Z,16499921534320,3813,btc_qm_engine:btc_ram_available_mb_end,22576.0000000000
METRIC,2026-04-15T15:42:50Z,16499922379020,3813,btc_qm_engine:btc_nx48_csv_saved,1.0000000000
METRIC,2026-04-15T15:42:50Z,16499922773470,3813,btc_qm_engine:btc_memory_gate_pass,1.0000000000
MODULE_END,2026-04-15T15:42:50Z,16499923255310,3813,btc_qm_engine:main_btc_mining,5002510840
METRIC,2026-04-15T15:42:50Z,16499923392690,3813,btc_qm_engine:btc_wallet_destroyed,1.0000000000
HW_SAMPLE,2026-04-15T15:42:50Z,16499932935409,3813,shutdown:cpu_delta_pct,0.0000
HW_SAMPLE,2026-04-15T15:42:50Z,16499932935409,3813,shutdown:mem_used_pct,64.8920
HW_SAMPLE,2026-04-15T15:42:50Z,16499932935409,3813,shutdown:vm_rss_kb,7640
