event,timestamp_utc,timestamp_ns,pid,detail,value
INIT,2026-04-13T14:27:18Z,117472303940643,198,activation,100PCT_INCONDITIONNELLE
INIT,2026-04-13T14:27:18Z,117472303940643,198,modules_reels,ultra_forensic_logger_v3+memory_tracker
INIT,2026-04-13T14:27:18Z,117472303940643,198,version,3.0_cycle17_NL03_NV01_NV02_AC01_NANO_ANOMALY_FIX_RAM01
HW_SAMPLE,2026-04-13T14:27:18Z,117472303940643,198,init:cpu_delta_pct,0.0000
HW_SAMPLE,2026-04-13T14:27:18Z,117472303940643,198,init:mem_used_pct,83.5854
HW_SAMPLE,2026-04-13T14:27:18Z,117472303940643,198,init:mem_total_kb,65847776
HW_SAMPLE,2026-04-13T14:27:18Z,117472303940643,198,init:mem_avail_kb,10808664
HW_SAMPLE,2026-04-13T14:27:18Z,117472303940643,198,init:vm_rss_kb,3732
HW_SAMPLE,2026-04-13T14:27:18Z,117472303940643,198,init:vm_peak_kb,14716
MODULE_START,2026-04-13T14:27:18Z,117472304218953,198,btc_qm_engine,main_btc_mining
METRIC,2026-04-13T14:27:18Z,117472304239493,198,btc_qm_engine:btc_run_mode_hash,66.0000000000
METRIC,2026-04-13T14:27:18Z,117472304956202,198,btc_qm_engine:btc_module_version,17.0000000000
METRIC,2026-04-13T14:27:18Z,117472305079892,198,btc_qm_engine:btc_nx48_csv_loaded,1.0000000000
METRIC,2026-04-13T14:27:18Z,117472305149932,198,btc_qm_engine:btc_nx48_init_loaded,1.0000000000
METRIC,2026-04-13T14:27:18Z,117472305201232,198,btc_qm_engine:btc_nx48_delta_nonce_scale,14.5551110000
METRIC,2026-04-13T14:27:18Z,117472305237222,198,btc_qm_engine:btc_nx48_n_replicas_scale,1.0000000000
METRIC,2026-04-13T14:27:18Z,117472305273102,198,btc_qm_engine:btc_nx48_swap_temp_scale,1.0000000000
METRIC,2026-04-13T14:27:18Z,117472305303512,198,btc_qm_engine:btc_nx48_batch_size_scale,4.0000000000
METRIC,2026-04-13T14:27:18Z,117472305337022,198,btc_qm_engine:btc_nx48_exploration_bias,0.5283850000
METRIC,2026-04-13T14:27:18Z,117472305384862,198,btc_qm_engine:btc_sha256_self_test_pass,1.0000000000
METRIC,2026-04-13T14:27:18Z,117472305430802,198,btc_qm_engine:btc_wallet_from_privkey_start,1.0000000000
METRIC,2026-04-13T14:27:18Z,117472308398332,198,btc_qm_engine:btc_wallet_from_privkey_ok,1.0000000000
METRIC,2026-04-13T14:27:18Z,117472308631902,198,btc_qm_engine:btc_wallet_saved_json,1.0000000000
METRIC,2026-04-13T14:27:18Z,117472308668962,198,btc_qm_engine:btc_sha256_self_test_pass,1.0000000000
METRIC,2026-04-13T14:27:18Z,117472308695302,198,btc_qm_engine:btc_integrity_gate_pass,1.0000000000
MODULE_START,2026-04-13T14:27:18Z,117472308720152,198,btc_qm_engine,btc_engine_create
METRIC,2026-04-13T14:27:18Z,117472308728652,198,btc_qm_engine:btc_n_replicas,8.0000000000
METRIC,2026-04-13T14:27:18Z,117472308756522,198,btc_qm_engine:btc_n_threads,8.0000000000
METRIC,2026-04-13T14:27:18Z,117472308780312,198,btc_qm_engine:btc_batch_size,256.0000000000
METRIC,2026-04-13T14:27:18Z,117472308804802,198,btc_qm_engine:btc_nonce_start,0.0000000000
METRIC,2026-04-13T14:27:18Z,117472308827382,198,btc_qm_engine:btc_nonce_end,4294967295.0000000000
METRIC,2026-04-13T14:27:18Z,117472308855342,198,btc_qm_engine:btc_duration_s,0.0000000000
METRIC,2026-04-13T14:27:18Z,117472308889372,198,btc_qm_engine:btc_replica_idx,0.0000000000
METRIC,2026-04-13T14:27:18Z,117472308913602,198,btc_qm_engine:btc_replica_nonce,0.0000000000
METRIC,2026-04-13T14:27:18Z,117472308939182,198,btc_qm_engine:btc_replica_temp,1.0000000000
METRIC,2026-04-13T14:27:18Z,117472308971342,198,btc_qm_engine:btc_replica_leading,0.0000000000
METRIC,2026-04-13T14:27:18Z,117472308997072,198,btc_qm_engine:btc_replica_idx,1.0000000000
METRIC,2026-04-13T14:27:18Z,117472309040962,198,btc_qm_engine:btc_replica_nonce,536870911.0000000000
METRIC,2026-04-13T14:27:18Z,117472309072682,198,btc_qm_engine:btc_replica_temp,2.0000000000
METRIC,2026-04-13T14:27:18Z,117472309105832,198,btc_qm_engine:btc_replica_leading,0.0000000000
METRIC,2026-04-13T14:27:18Z,117472309129482,198,btc_qm_engine:btc_replica_idx,2.0000000000
METRIC,2026-04-13T14:27:18Z,117472309151472,198,btc_qm_engine:btc_replica_nonce,1073741822.0000000000
METRIC,2026-04-13T14:27:18Z,117472309174802,198,btc_qm_engine:btc_replica_temp,4.0000000000
METRIC,2026-04-13T14:27:18Z,117472309207222,198,btc_qm_engine:btc_replica_leading,0.0000000000
METRIC,2026-04-13T14:27:18Z,117472309234612,198,btc_qm_engine:btc_replica_idx,3.0000000000
METRIC,2026-04-13T14:27:18Z,117472309258462,198,btc_qm_engine:btc_replica_nonce,1610612733.0000000000
METRIC,2026-04-13T14:27:18Z,117472309291272,198,btc_qm_engine:btc_replica_temp,8.0000000000
METRIC,2026-04-13T14:27:18Z,117472309332912,198,btc_qm_engine:btc_replica_leading,0.0000000000
METRIC,2026-04-13T14:27:18Z,117472309367532,198,btc_qm_engine:btc_replica_idx,4.0000000000
METRIC,2026-04-13T14:27:18Z,117472309400332,198,btc_qm_engine:btc_replica_nonce,2147483644.0000000000
METRIC,2026-04-13T14:27:18Z,117472309432852,198,btc_qm_engine:btc_replica_temp,12.0000000000
METRIC,2026-04-13T14:27:18Z,117472309465162,198,btc_qm_engine:btc_replica_leading,0.0000000000
METRIC,2026-04-13T14:27:18Z,117472309520142,198,btc_qm_engine:btc_replica_idx,5.0000000000
METRIC,2026-04-13T14:27:18Z,117472309553522,198,btc_qm_engine:btc_replica_nonce,2684354555.0000000000
METRIC,2026-04-13T14:27:18Z,117472309587892,198,btc_qm_engine:btc_replica_temp,20.0000000000
METRIC,2026-04-13T14:27:18Z,117472309620742,198,btc_qm_engine:btc_replica_leading,0.0000000000
METRIC,2026-04-13T14:27:18Z,117472309654322,198,btc_qm_engine:btc_replica_idx,6.0000000000
METRIC,2026-04-13T14:27:18Z,117472309684682,198,btc_qm_engine:btc_replica_nonce,3221225466.0000000000
METRIC,2026-04-13T14:27:18Z,117472309718532,198,btc_qm_engine:btc_replica_temp,35.0000000000
METRIC,2026-04-13T14:27:18Z,117472309752672,198,btc_qm_engine:btc_replica_leading,0.0000000000
METRIC,2026-04-13T14:27:18Z,117472309785542,198,btc_qm_engine:btc_replica_idx,7.0000000000
METRIC,2026-04-13T14:27:18Z,117472309817932,198,btc_qm_engine:btc_replica_nonce,3758096377.0000000000
METRIC,2026-04-13T14:27:18Z,117472309851372,198,btc_qm_engine:btc_replica_temp,50.0000000000
METRIC,2026-04-13T14:27:18Z,117472309884662,198,btc_qm_engine:btc_replica_leading,0.0000000000
METRIC,2026-04-13T14:27:18Z,117472309919922,198,btc_qm_engine:btc_midstate_applied,1.0000000000
THREAD,2026-04-13T14:27:18Z,117472310050242,198,btc_qm_engine:btc_mining_worker_START,140002986231488
METRIC,2026-04-13T14:27:18Z,117472310074992,198,btc_qm_engine:btc_block_nonce,464857700.0000000000
METRIC,2026-04-13T14:27:18Z,117472310191042,198,btc_qm_engine:btc_best_leading_zeros,1.0000000000
METRIC,2026-04-13T14:27:18Z,117472310231822,198,btc_qm_engine:btc_block_valid,0.0000000000
THREAD,2026-04-13T14:27:18Z,117472310255952,198,btc_qm_engine:btc_mining_worker_START,140002961053376
THREAD,2026-04-13T14:27:18Z,117472310276272,198,btc_qm_engine:btc_mining_worker_START,140002977838784
ANOMALY,2026-04-13T14:27:18Z,117472310265172,198,btc_qm_engine:btc_near_miss_or_valid,1.0000000000
THREAD,2026-04-13T14:27:18Z,117472310299452,198,btc_qm_engine:btc_mining_worker_START,140002952660672
THREAD,2026-04-13T14:27:18Z,117472310439692,198,btc_qm_engine:btc_mining_worker_START,140002935875264
METRIC,2026-04-13T14:27:18Z,117472310434072,198,btc_qm_engine:btc_threads_launched,8.0000000000
THREAD,2026-04-13T14:27:18Z,117472310497752,198,btc_qm_engine:btc_mining_worker_START,140002969446080
THREAD,2026-04-13T14:27:18Z,117472310535742,198,btc_qm_engine:btc_mining_worker_START,140002944267968
THREAD,2026-04-13T14:27:18Z,117472310550142,198,btc_qm_engine:btc_mining_worker_START,140002927482560
METRIC,2026-04-13T14:27:18Z,117472481039521,198,btc_qm_engine:btc_best_leading_zeros,1.0000000000
METRIC,2026-04-13T14:27:18Z,117472481191741,198,btc_qm_engine:btc_nx48_csv_saved,1.0000000000
METRIC,2026-04-13T14:27:18Z,117472481262141,198,btc_qm_engine:btc_block_nonce,464395393.0000000000
METRIC,2026-04-13T14:27:18Z,117472481302501,198,btc_qm_engine:btc_best_leading_zeros,2.0000000000
METRIC,2026-04-13T14:27:18Z,117472481333551,198,btc_qm_engine:btc_block_valid,0.0000000000
ANOMALY,2026-04-13T14:27:18Z,117472481365221,198,btc_qm_engine:btc_near_miss_or_valid,2.0000000000
METRIC,2026-04-13T14:27:18Z,117472481397391,198,btc_qm_engine:btc_best_leading_zeros,2.0000000000
METRIC,2026-04-13T14:27:18Z,117472481504311,198,btc_qm_engine:btc_nx48_csv_saved,1.0000000000
METRIC,2026-04-13T14:27:18Z,117472481562331,198,btc_qm_engine:btc_block_nonce,1795060180.0000000000
METRIC,2026-04-13T14:27:18Z,117472481659971,198,btc_qm_engine:btc_best_leading_zeros,3.0000000000
METRIC,2026-04-13T14:27:18Z,117472481698141,198,btc_qm_engine:btc_block_valid,0.0000000000
ANOMALY,2026-04-13T14:27:18Z,117472481727541,198,btc_qm_engine:btc_near_miss_or_valid,3.0000000000
METRIC,2026-04-13T14:27:18Z,117472481757441,198,btc_qm_engine:btc_best_leading_zeros,3.0000000000
METRIC,2026-04-13T14:27:18Z,117472481851451,198,btc_qm_engine:btc_nx48_csv_saved,1.0000000000
METRIC,2026-04-13T14:27:18Z,117472481925081,198,btc_qm_engine:btc_block_nonce,1794695132.0000000000
METRIC,2026-04-13T14:27:18Z,117472481952891,198,btc_qm_engine:btc_best_leading_zeros,4.0000000000
METRIC,2026-04-13T14:27:18Z,117472481975571,198,btc_qm_engine:btc_block_valid,0.0000000000
ANOMALY,2026-04-13T14:27:18Z,117472482350741,198,btc_qm_engine:btc_near_miss_or_valid,4.0000000000
METRIC,2026-04-13T14:27:18Z,117472482375311,198,btc_qm_engine:btc_best_leading_zeros,4.0000000000
METRIC,2026-04-13T14:27:18Z,117472482466381,198,btc_qm_engine:btc_nx48_csv_saved,1.0000000000
METRIC,2026-04-13T14:27:18Z,117472482766061,198,btc_qm_engine:btc_block_nonce,1794526803.0000000000
METRIC,2026-04-13T14:27:18Z,117472482812141,198,btc_qm_engine:btc_best_leading_zeros,9.0000000000
METRIC,2026-04-13T14:27:18Z,117472482841641,198,btc_qm_engine:btc_block_valid,0.0000000000
ANOMALY,2026-04-13T14:27:18Z,117472482872841,198,btc_qm_engine:btc_near_miss_or_valid,9.0000000000
METRIC,2026-04-13T14:27:18Z,117472482899301,198,btc_qm_engine:btc_best_leading_zeros,9.0000000000
METRIC,2026-04-13T14:27:18Z,117472483069931,198,btc_qm_engine:btc_nx48_csv_saved,1.0000000000
METRIC,2026-04-13T14:27:18Z,117472484565061,198,btc_qm_engine:btc_block_nonce,3472765504.0000000000
METRIC,2026-04-13T14:27:18Z,117472484642271,198,btc_qm_engine:btc_best_leading_zeros,10.0000000000
METRIC,2026-04-13T14:27:18Z,117472484672981,198,btc_qm_engine:btc_block_valid,0.0000000000
ANOMALY,2026-04-13T14:27:18Z,117472484701491,198,btc_qm_engine:btc_near_miss_or_valid,10.0000000000
METRIC,2026-04-13T14:27:18Z,117472484731761,198,btc_qm_engine:btc_best_leading_zeros,10.0000000000
METRIC,2026-04-13T14:27:18Z,117472484835981,198,btc_qm_engine:btc_nx48_csv_saved,1.0000000000
METRIC,2026-04-13T14:27:18Z,117472486141091,198,btc_qm_engine:btc_block_nonce,2557989602.0000000000
METRIC,2026-04-13T14:27:18Z,117472486223341,198,btc_qm_engine:btc_best_leading_zeros,11.0000000000
METRIC,2026-04-13T14:27:18Z,117472486257191,198,btc_qm_engine:btc_block_valid,0.0000000000
ANOMALY,2026-04-13T14:27:18Z,117472486292711,198,btc_qm_engine:btc_near_miss_or_valid,11.0000000000
METRIC,2026-04-13T14:27:18Z,117472486327341,198,btc_qm_engine:btc_best_leading_zeros,11.0000000000
METRIC,2026-04-13T14:27:18Z,117472486427301,198,btc_qm_engine:btc_nx48_csv_saved,1.0000000000
METRIC,2026-04-13T14:27:18Z,117472491141131,198,btc_qm_engine:btc_block_nonce,3472845666.0000000000
METRIC,2026-04-13T14:27:18Z,117472491451761,198,btc_qm_engine:btc_best_leading_zeros,12.0000000000
METRIC,2026-04-13T14:27:18Z,117472491736331,198,btc_qm_engine:btc_block_valid,0.0000000000
ANOMALY,2026-04-13T14:27:18Z,117472492100511,198,btc_qm_engine:btc_near_miss_or_valid,12.0000000000
METRIC,2026-04-13T14:27:18Z,117472492133931,198,btc_qm_engine:btc_best_leading_zeros,12.0000000000
METRIC,2026-04-13T14:27:18Z,117472495135641,198,btc_qm_engine:btc_nx48_csv_saved,1.0000000000
METRIC,2026-04-13T14:27:18Z,117472497041331,198,btc_qm_engine:btc_ptmc_rep_hot,1.0000000000
METRIC,2026-04-13T14:27:18Z,117472497098121,198,btc_qm_engine:btc_ptmc_rep_cold,0.0000000000
METRIC,2026-04-13T14:27:18Z,117472497132541,198,btc_qm_engine:btc_ptmc_accept,1.0000000000
METRIC,2026-04-13T14:27:18Z,117472497166191,198,btc_qm_engine:btc_ptmc_rep_hot,2.0000000000
METRIC,2026-04-13T14:27:18Z,117472497190491,198,btc_qm_engine:btc_ptmc_rep_cold,1.0000000000
METRIC,2026-04-13T14:27:18Z,117472497220581,198,btc_qm_engine:btc_ptmc_accept,0.7165001846
METRIC,2026-04-13T14:27:18Z,117472497252731,198,btc_qm_engine:btc_ptmc_rep_hot,3.0000000000
METRIC,2026-04-13T14:27:18Z,117472497283151,198,btc_qm_engine:btc_ptmc_rep_cold,2.0000000000
METRIC,2026-04-13T14:27:18Z,117472497310321,198,btc_qm_engine:btc_ptmc_accept,1.0000000000
METRIC,2026-04-13T14:27:18Z,117472497338041,198,btc_qm_engine:btc_ptmc_rep_hot,4.0000000000
METRIC,2026-04-13T14:27:18Z,117472497360551,198,btc_qm_engine:btc_ptmc_rep_cold,3.0000000000
METRIC,2026-04-13T14:27:18Z,117472497382951,198,btc_qm_engine:btc_ptmc_accept,1.0000000000
METRIC,2026-04-13T14:27:18Z,117472497408311,198,btc_qm_engine:btc_ptmc_rep_hot,5.0000000000
METRIC,2026-04-13T14:27:18Z,117472497430331,198,btc_qm_engine:btc_ptmc_rep_cold,4.0000000000
METRIC,2026-04-13T14:27:18Z,117472497452561,198,btc_qm_engine:btc_ptmc_accept,0.9394116283
METRIC,2026-04-13T14:27:18Z,117472497476241,198,btc_qm_engine:btc_ptmc_rep_hot,6.0000000000
METRIC,2026-04-13T14:27:18Z,117472497514161,198,btc_qm_engine:btc_ptmc_rep_cold,5.0000000000
METRIC,2026-04-13T14:27:18Z,117472497543571,198,btc_qm_engine:btc_ptmc_accept,1.0000000000
METRIC,2026-04-13T14:27:18Z,117472497577101,198,btc_qm_engine:btc_ptmc_rep_hot,7.0000000000
METRIC,2026-04-13T14:27:18Z,117472497603731,198,btc_qm_engine:btc_ptmc_rep_cold,6.0000000000
METRIC,2026-04-13T14:27:18Z,117472497625951,198,btc_qm_engine:btc_ptmc_accept,1.0000000000
METRIC,2026-04-13T14:27:18Z,117472524172071,198,btc_qm_engine:btc_block_nonce,3545425682.0000000000
METRIC,2026-04-13T14:27:18Z,117472524261051,198,btc_qm_engine:btc_best_leading_zeros,16.0000000000
METRIC,2026-04-13T14:27:18Z,117472524287221,198,btc_qm_engine:btc_block_valid,0.0000000000
ANOMALY,2026-04-13T14:27:18Z,117472524324321,198,btc_qm_engine:btc_near_miss_or_valid,16.0000000000
METRIC,2026-04-13T14:27:18Z,117472524356981,198,btc_qm_engine:btc_best_leading_zeros,16.0000000000
METRIC,2026-04-13T14:27:18Z,117472524534141,198,btc_qm_engine:btc_nx48_csv_saved,1.0000000000
METRIC,2026-04-13T14:27:18Z,117472598677600,198,btc_qm_engine:btc_ptmc_rep_hot,1.0000000000
METRIC,2026-04-13T14:27:18Z,117472598868660,198,btc_qm_engine:btc_ptmc_rep_cold,0.0000000000
METRIC,2026-04-13T14:27:18Z,117472598984850,198,btc_qm_engine:btc_ptmc_accept,1.0000000000
METRIC,2026-04-13T14:27:18Z,117472599514360,198,btc_qm_engine:btc_ptmc_rep_hot,2.0000000000
METRIC,2026-04-13T14:27:18Z,117472599553670,198,btc_qm_engine:btc_ptmc_rep_cold,1.0000000000
METRIC,2026-04-13T14:27:18Z,117472599591120,198,btc_qm_engine:btc_ptmc_accept,1.0000000000
METRIC,2026-04-13T14:27:18Z,117472599626780,198,btc_qm_engine:btc_ptmc_rep_hot,3.0000000000
METRIC,2026-04-13T14:27:18Z,117472599655050,198,btc_qm_engine:btc_ptmc_rep_cold,2.0000000000
METRIC,2026-04-13T14:27:18Z,117472599685230,198,btc_qm_engine:btc_ptmc_accept,1.0000000000
METRIC,2026-04-13T14:27:18Z,117472599721960,198,btc_qm_engine:btc_ptmc_rep_hot,4.0000000000
METRIC,2026-04-13T14:27:18Z,117472599752440,198,btc_qm_engine:btc_ptmc_rep_cold,3.0000000000
METRIC,2026-04-13T14:27:18Z,117472599782630,198,btc_qm_engine:btc_ptmc_accept,1.0000000000
METRIC,2026-04-13T14:27:18Z,117472599815160,198,btc_qm_engine:btc_ptmc_rep_hot,5.0000000000
METRIC,2026-04-13T14:27:18Z,117472599843570,198,btc_qm_engine:btc_ptmc_rep_cold,4.0000000000
METRIC,2026-04-13T14:27:18Z,117472599882720,198,btc_qm_engine:btc_ptmc_accept,1.0000000000
METRIC,2026-04-13T14:27:18Z,117472599916770,198,btc_qm_engine:btc_ptmc_rep_hot,6.0000000000
METRIC,2026-04-13T14:27:18Z,117472599945620,198,btc_qm_engine:btc_ptmc_rep_cold,5.0000000000
METRIC,2026-04-13T14:27:18Z,117472599974630,198,btc_qm_engine:btc_ptmc_accept,1.0000000000
METRIC,2026-04-13T14:27:18Z,117472600033070,198,btc_qm_engine:btc_ptmc_rep_hot,7.0000000000
METRIC,2026-04-13T14:27:18Z,117472600064490,198,btc_qm_engine:btc_ptmc_rep_cold,6.0000000000
METRIC,2026-04-13T14:27:18Z,117472600092140,198,btc_qm_engine:btc_ptmc_accept,1.0000000000
METRIC,2026-04-13T14:27:18Z,117472689159819,198,btc_qm_engine:btc_block_nonce,117615572.0000000000
METRIC,2026-04-13T14:27:18Z,117472689300159,198,btc_qm_engine:btc_best_leading_zeros,18.0000000000
METRIC,2026-04-13T14:27:18Z,117472689339369,198,btc_qm_engine:btc_block_valid,0.0000000000
ANOMALY,2026-04-13T14:27:18Z,117472689374629,198,btc_qm_engine:btc_near_miss_or_valid,18.0000000000
METRIC,2026-04-13T14:27:18Z,117472689407969,198,btc_qm_engine:btc_best_leading_zeros,18.0000000000
METRIC,2026-04-13T14:27:18Z,117472689545029,198,btc_qm_engine:btc_nx48_csv_saved,1.0000000000
METRIC,2026-04-13T14:27:18Z,117472700190729,198,btc_qm_engine:btc_ptmc_rep_hot,1.0000000000
METRIC,2026-04-13T14:27:18Z,117472700259519,198,btc_qm_engine:btc_ptmc_rep_cold,0.0000000000
METRIC,2026-04-13T14:27:18Z,117472700297079,198,btc_qm_engine:btc_ptmc_accept,1.0000000000
METRIC,2026-04-13T14:27:18Z,117472700337049,198,btc_qm_engine:btc_ptmc_rep_hot,2.0000000000
METRIC,2026-04-13T14:27:18Z,117472700372369,198,btc_qm_engine:btc_ptmc_rep_cold,1.0000000000
METRIC,2026-04-13T14:27:18Z,117472700432259,198,btc_qm_engine:btc_ptmc_accept,-0.3678528374
METRIC,2026-04-13T14:27:18Z,117472700472409,198,btc_qm_engine:btc_ptmc_rep_hot,3.0000000000
METRIC,2026-04-13T14:27:18Z,117472700503739,198,btc_qm_engine:btc_ptmc_rep_cold,2.0000000000
METRIC,2026-04-13T14:27:18Z,117472700532419,198,btc_qm_engine:btc_ptmc_accept,1.0000000000
METRIC,2026-04-13T14:27:18Z,117472700561699,198,btc_qm_engine:btc_ptmc_rep_hot,4.0000000000
METRIC,2026-04-13T14:27:18Z,117472700590189,198,btc_qm_engine:btc_ptmc_rep_cold,3.0000000000
METRIC,2026-04-13T14:27:18Z,117472700619559,198,btc_qm_engine:btc_ptmc_accept,1.0000000000
METRIC,2026-04-13T14:27:18Z,117472700654309,198,btc_qm_engine:btc_ptmc_rep_hot,5.0000000000
METRIC,2026-04-13T14:27:18Z,117472700683049,198,btc_qm_engine:btc_ptmc_rep_cold,4.0000000000
METRIC,2026-04-13T14:27:18Z,117472700714309,198,btc_qm_engine:btc_ptmc_accept,1.0000000000
METRIC,2026-04-13T14:27:18Z,117472700751959,198,btc_qm_engine:btc_ptmc_rep_hot,6.0000000000
METRIC,2026-04-13T14:27:18Z,117472700786329,198,btc_qm_engine:btc_ptmc_rep_cold,5.0000000000
METRIC,2026-04-13T14:27:18Z,117472700821429,198,btc_qm_engine:btc_ptmc_accept,1.0000000000
METRIC,2026-04-13T14:27:18Z,117472700859689,198,btc_qm_engine:btc_ptmc_rep_hot,7.0000000000
METRIC,2026-04-13T14:27:18Z,117472700894439,198,btc_qm_engine:btc_ptmc_rep_cold,6.0000000000
METRIC,2026-04-13T14:27:18Z,117472700928959,198,btc_qm_engine:btc_ptmc_accept,1.0000000000
METRIC,2026-04-13T14:27:19Z,117472806999558,198,btc_qm_engine:btc_ptmc_rep_hot,1.0000000000
METRIC,2026-04-13T14:27:19Z,117472807141668,198,btc_qm_engine:btc_ptmc_rep_cold,0.0000000000
METRIC,2026-04-13T14:27:19Z,117472807198718,198,btc_qm_engine:btc_ptmc_accept,-0.1355329307
METRIC,2026-04-13T14:27:19Z,117472807262378,198,btc_qm_engine:btc_ptmc_rep_hot,2.0000000000
METRIC,2026-04-13T14:27:19Z,117472807307508,198,btc_qm_engine:btc_ptmc_rep_cold,1.0000000000
METRIC,2026-04-13T14:27:19Z,117472807337338,198,btc_qm_engine:btc_ptmc_accept,1.0000000000
METRIC,2026-04-13T14:27:19Z,117472807376868,198,btc_qm_engine:btc_ptmc_rep_hot,3.0000000000
METRIC,2026-04-13T14:27:19Z,117472807406168,198,btc_qm_engine:btc_ptmc_rep_cold,2.0000000000
METRIC,2026-04-13T14:27:19Z,117472807436468,198,btc_qm_engine:btc_ptmc_accept,1.0000000000
METRIC,2026-04-13T14:27:19Z,117472807471788,198,btc_qm_engine:btc_ptmc_rep_hot,4.0000000000
METRIC,2026-04-13T14:27:19Z,117472807505298,198,btc_qm_engine:btc_ptmc_rep_cold,3.0000000000
METRIC,2026-04-13T14:27:19Z,117472807539168,198,btc_qm_engine:btc_ptmc_accept,1.0000000000
METRIC,2026-04-13T14:27:19Z,117472808536308,198,btc_qm_engine:btc_ptmc_rep_hot,5.0000000000
METRIC,2026-04-13T14:27:19Z,117472808575328,198,btc_qm_engine:btc_ptmc_rep_cold,4.0000000000
METRIC,2026-04-13T14:27:19Z,117472808606558,198,btc_qm_engine:btc_ptmc_accept,1.0000000000
METRIC,2026-04-13T14:27:19Z,117472808642688,198,btc_qm_engine:btc_ptmc_rep_hot,6.0000000000
METRIC,2026-04-13T14:27:19Z,117472808671168,198,btc_qm_engine:btc_ptmc_rep_cold,5.0000000000
METRIC,2026-04-13T14:27:19Z,117472808700198,198,btc_qm_engine:btc_ptmc_accept,1.0000000000
METRIC,2026-04-13T14:27:19Z,117472808733568,198,btc_qm_engine:btc_ptmc_rep_hot,7.0000000000
METRIC,2026-04-13T14:27:19Z,117472808765598,198,btc_qm_engine:btc_ptmc_rep_cold,6.0000000000
METRIC,2026-04-13T14:27:19Z,117472808796448,198,btc_qm_engine:btc_ptmc_accept,1.0000000000
METRIC,2026-04-13T14:27:19Z,117472913108337,198,btc_qm_engine:btc_ptmc_rep_hot,1.0000000000
METRIC,2026-04-13T14:27:19Z,117472913202717,198,btc_qm_engine:btc_ptmc_rep_cold,0.0000000000
METRIC,2026-04-13T14:27:19Z,117472913240487,198,btc_qm_engine:btc_ptmc_accept,0.5136174742
METRIC,2026-04-13T14:27:19Z,117472913280077,198,btc_qm_engine:btc_ptmc_rep_hot,2.0000000000
METRIC,2026-04-13T14:27:19Z,117472913314577,198,btc_qm_engine:btc_ptmc_rep_cold,1.0000000000
METRIC,2026-04-13T14:27:19Z,117472913346477,198,btc_qm_engine:btc_ptmc_accept,1.0000000000
METRIC,2026-04-13T14:27:19Z,117472913376367,198,btc_qm_engine:btc_ptmc_rep_hot,3.0000000000
METRIC,2026-04-13T14:27:19Z,117472913405457,198,btc_qm_engine:btc_ptmc_rep_cold,2.0000000000
METRIC,2026-04-13T14:27:19Z,117472913466377,198,btc_qm_engine:btc_ptmc_accept,-0.8464931860
METRIC,2026-04-13T14:27:19Z,117472913496647,198,btc_qm_engine:btc_ptmc_rep_hot,4.0000000000
METRIC,2026-04-13T14:27:19Z,117472913526567,198,btc_qm_engine:btc_ptmc_rep_cold,3.0000000000
METRIC,2026-04-13T14:27:19Z,117472913555567,198,btc_qm_engine:btc_ptmc_accept,1.0000000000
METRIC,2026-04-13T14:27:19Z,117472913588947,198,btc_qm_engine:btc_ptmc_rep_hot,5.0000000000
METRIC,2026-04-13T14:27:19Z,117472913617837,198,btc_qm_engine:btc_ptmc_rep_cold,4.0000000000
METRIC,2026-04-13T14:27:19Z,117472913647697,198,btc_qm_engine:btc_ptmc_accept,1.0000000000
METRIC,2026-04-13T14:27:19Z,117472913683277,198,btc_qm_engine:btc_ptmc_rep_hot,6.0000000000
METRIC,2026-04-13T14:27:19Z,117472913729377,198,btc_qm_engine:btc_ptmc_rep_cold,5.0000000000
METRIC,2026-04-13T14:27:19Z,117472913764547,198,btc_qm_engine:btc_ptmc_accept,1.0000000000
METRIC,2026-04-13T14:27:19Z,117472913805077,198,btc_qm_engine:btc_ptmc_rep_hot,7.0000000000
METRIC,2026-04-13T14:27:19Z,117472913840567,198,btc_qm_engine:btc_ptmc_rep_cold,6.0000000000
METRIC,2026-04-13T14:27:19Z,117472913869577,198,btc_qm_engine:btc_ptmc_accept,1.0000000000
METRIC,2026-04-13T14:27:19Z,117473014460566,198,btc_qm_engine:btc_ptmc_rep_hot,1.0000000000
METRIC,2026-04-13T14:27:19Z,117473014548076,198,btc_qm_engine:btc_ptmc_rep_cold,0.0000000000
METRIC,2026-04-13T14:27:19Z,117473014580026,198,btc_qm_engine:btc_ptmc_accept,0.0695317437
METRIC,2026-04-13T14:27:19Z,117473014620466,198,btc_qm_engine:btc_ptmc_rep_hot,2.0000000000
METRIC,2026-04-13T14:27:19Z,117473014649966,198,btc_qm_engine:btc_ptmc_rep_cold,1.0000000000
METRIC,2026-04-13T14:27:19Z,117473014679606,198,btc_qm_engine:btc_ptmc_accept,-0.2636429336
METRIC,2026-04-13T14:27:19Z,117473014713066,198,btc_qm_engine:btc_ptmc_rep_hot,3.0000000000
METRIC,2026-04-13T14:27:19Z,117473014744026,198,btc_qm_engine:btc_ptmc_rep_cold,2.0000000000
METRIC,2026-04-13T14:27:19Z,117473014774436,198,btc_qm_engine:btc_ptmc_accept,1.0000000000
METRIC,2026-04-13T14:27:19Z,117473014807126,198,btc_qm_engine:btc_ptmc_rep_hot,4.0000000000
METRIC,2026-04-13T14:27:19Z,117473014836316,198,btc_qm_engine:btc_ptmc_rep_cold,3.0000000000
METRIC,2026-04-13T14:27:19Z,117473014865506,198,btc_qm_engine:btc_ptmc_accept,1.0000000000
METRIC,2026-04-13T14:27:19Z,117473014895066,198,btc_qm_engine:btc_ptmc_rep_hot,5.0000000000
METRIC,2026-04-13T14:27:19Z,117473014923886,198,btc_qm_engine:btc_ptmc_rep_cold,4.0000000000
METRIC,2026-04-13T14:27:19Z,117473014950656,198,btc_qm_engine:btc_ptmc_accept,1.0000000000
METRIC,2026-04-13T14:27:19Z,117473014977046,198,btc_qm_engine:btc_ptmc_rep_hot,6.0000000000
METRIC,2026-04-13T14:27:19Z,117473015063536,198,btc_qm_engine:btc_ptmc_rep_cold,5.0000000000
METRIC,2026-04-13T14:27:19Z,117473015101666,198,btc_qm_engine:btc_ptmc_accept,1.0000000000
METRIC,2026-04-13T14:27:19Z,117473015137646,198,btc_qm_engine:btc_ptmc_rep_hot,7.0000000000
METRIC,2026-04-13T14:27:19Z,117473015167736,198,btc_qm_engine:btc_ptmc_rep_cold,6.0000000000
METRIC,2026-04-13T14:27:19Z,117473015198176,198,btc_qm_engine:btc_ptmc_accept,1.0000000000
METRIC,2026-04-13T14:27:19Z,117473118641116,198,btc_qm_engine:btc_ptmc_rep_hot,1.0000000000
METRIC,2026-04-13T14:27:19Z,117473118712626,198,btc_qm_engine:btc_ptmc_rep_cold,0.0000000000
METRIC,2026-04-13T14:27:19Z,117473118741456,198,btc_qm_engine:btc_ptmc_accept,-0.2635971381
METRIC,2026-04-13T14:27:19Z,117473118766026,198,btc_qm_engine:btc_ptmc_rep_hot,2.0000000000
METRIC,2026-04-13T14:27:19Z,117473118788646,198,btc_qm_engine:btc_ptmc_rep_cold,1.0000000000
METRIC,2026-04-13T14:27:19Z,117473118835056,198,btc_qm_engine:btc_ptmc_accept,1.0000000000
METRIC,2026-04-13T14:27:19Z,117473118869666,198,btc_qm_engine:btc_ptmc_rep_hot,3.0000000000
METRIC,2026-04-13T14:27:19Z,117473118892696,198,btc_qm_engine:btc_ptmc_rep_cold,2.0000000000
METRIC,2026-04-13T14:27:19Z,117473118915396,198,btc_qm_engine:btc_ptmc_accept,1.0000000000
METRIC,2026-04-13T14:27:19Z,117473118961396,198,btc_qm_engine:btc_ptmc_rep_hot,4.0000000000
METRIC,2026-04-13T14:27:19Z,117473119064516,198,btc_qm_engine:btc_ptmc_rep_cold,3.0000000000
METRIC,2026-04-13T14:27:19Z,117473119115426,198,btc_qm_engine:btc_ptmc_accept,1.0000000000
METRIC,2026-04-13T14:27:19Z,117473119146606,198,btc_qm_engine:btc_ptmc_rep_hot,5.0000000000
METRIC,2026-04-13T14:27:19Z,117473119171036,198,btc_qm_engine:btc_ptmc_rep_cold,4.0000000000
METRIC,2026-04-13T14:27:19Z,117473119193496,198,btc_qm_engine:btc_ptmc_accept,1.0000000000
METRIC,2026-04-13T14:27:19Z,117473119220936,198,btc_qm_engine:btc_ptmc_rep_hot,6.0000000000
METRIC,2026-04-13T14:27:19Z,117473119248916,198,btc_qm_engine:btc_ptmc_rep_cold,5.0000000000
METRIC,2026-04-13T14:27:19Z,117473119272716,198,btc_qm_engine:btc_ptmc_accept,1.0000000000
METRIC,2026-04-13T14:27:19Z,117473119304766,198,btc_qm_engine:btc_ptmc_rep_hot,7.0000000000
METRIC,2026-04-13T14:27:19Z,117473119331096,198,btc_qm_engine:btc_ptmc_rep_cold,6.0000000000
METRIC,2026-04-13T14:27:19Z,117473119353706,198,btc_qm_engine:btc_ptmc_accept,1.0000000000
METRIC,2026-04-13T14:27:19Z,117473154383105,198,btc_qm_engine:btc_block_nonce,3006019882.0000000000
METRIC,2026-04-13T14:27:19Z,117473154486565,198,btc_qm_engine:btc_best_leading_zeros,19.0000000000
METRIC,2026-04-13T14:27:19Z,117473154522115,198,btc_qm_engine:btc_block_valid,0.0000000000
ANOMALY,2026-04-13T14:27:19Z,117473154554715,198,btc_qm_engine:btc_near_miss_or_valid,19.0000000000
METRIC,2026-04-13T14:27:19Z,117473154588065,198,btc_qm_engine:btc_best_leading_zeros,19.0000000000
METRIC,2026-04-13T14:27:19Z,117473154714405,198,btc_qm_engine:btc_nx48_csv_saved,1.0000000000
METRIC,2026-04-13T14:27:19Z,117473219179895,198,btc_qm_engine:btc_ptmc_rep_hot,1.0000000000
METRIC,2026-04-13T14:27:19Z,117473219270915,198,btc_qm_engine:btc_ptmc_rep_cold,0.0000000000
METRIC,2026-04-13T14:27:19Z,117473219302355,198,btc_qm_engine:btc_ptmc_accept,1.0000000000
METRIC,2026-04-13T14:27:19Z,117473219343185,198,btc_qm_engine:btc_ptmc_rep_hot,2.0000000000
METRIC,2026-04-13T14:27:19Z,117473219383785,198,btc_qm_engine:btc_ptmc_rep_cold,1.0000000000
METRIC,2026-04-13T14:27:19Z,117473219422615,198,btc_qm_engine:btc_ptmc_accept,1.0000000000
METRIC,2026-04-13T14:27:19Z,117473219466185,198,btc_qm_engine:btc_ptmc_rep_hot,3.0000000000
METRIC,2026-04-13T14:27:19Z,117473219496095,198,btc_qm_engine:btc_ptmc_rep_cold,2.0000000000
METRIC,2026-04-13T14:27:19Z,117473219527655,198,btc_qm_engine:btc_ptmc_accept,1.0000000000
METRIC,2026-04-13T14:27:19Z,117473219563275,198,btc_qm_engine:btc_ptmc_rep_hot,4.0000000000
METRIC,2026-04-13T14:27:19Z,117473219592585,198,btc_qm_engine:btc_ptmc_rep_cold,3.0000000000
METRIC,2026-04-13T14:27:19Z,117473219621495,198,btc_qm_engine:btc_ptmc_accept,1.0000000000
METRIC,2026-04-13T14:27:19Z,117473219651745,198,btc_qm_engine:btc_ptmc_rep_hot,5.0000000000
METRIC,2026-04-13T14:27:19Z,117473219681175,198,btc_qm_engine:btc_ptmc_rep_cold,4.0000000000
METRIC,2026-04-13T14:27:19Z,117473219710275,198,btc_qm_engine:btc_ptmc_accept,1.0000000000
METRIC,2026-04-13T14:27:19Z,117473219743585,198,btc_qm_engine:btc_ptmc_rep_hot,6.0000000000
METRIC,2026-04-13T14:27:19Z,117473219772575,198,btc_qm_engine:btc_ptmc_rep_cold,5.0000000000
METRIC,2026-04-13T14:27:19Z,117473219802415,198,btc_qm_engine:btc_ptmc_accept,1.0000000000
METRIC,2026-04-13T14:27:19Z,117473219854915,198,btc_qm_engine:btc_ptmc_rep_hot,7.0000000000
METRIC,2026-04-13T14:27:19Z,117473219893045,198,btc_qm_engine:btc_ptmc_rep_cold,6.0000000000
METRIC,2026-04-13T14:27:19Z,117473219922595,198,btc_qm_engine:btc_ptmc_accept,1.0000000000
METRIC,2026-04-13T14:27:19Z,117473327064604,198,btc_qm_engine:btc_ptmc_rep_hot,1.0000000000
METRIC,2026-04-13T14:27:19Z,117473327291584,198,btc_qm_engine:btc_ptmc_rep_cold,0.0000000000
METRIC,2026-04-13T14:27:19Z,117473327400994,198,btc_qm_engine:btc_ptmc_accept,0.5135063048
METRIC,2026-04-13T14:27:19Z,117473327477064,198,btc_qm_engine:btc_ptmc_rep_hot,2.0000000000
METRIC,2026-04-13T14:27:19Z,117473327503544,198,btc_qm_engine:btc_ptmc_rep_cold,1.0000000000
METRIC,2026-04-13T14:27:19Z,117473327526584,198,btc_qm_engine:btc_ptmc_accept,1.0000000000
METRIC,2026-04-13T14:27:19Z,117473327562634,198,btc_qm_engine:btc_ptmc_rep_hot,3.0000000000
METRIC,2026-04-13T14:27:19Z,117473327585934,198,btc_qm_engine:btc_ptmc_rep_cold,2.0000000000
METRIC,2026-04-13T14:27:19Z,117473327613994,198,btc_qm_engine:btc_ptmc_accept,0.8464702621
METRIC,2026-04-13T14:27:19Z,117473327649204,198,btc_qm_engine:btc_ptmc_rep_hot,4.0000000000
METRIC,2026-04-13T14:27:19Z,117473327682934,198,btc_qm_engine:btc_ptmc_rep_cold,3.0000000000
METRIC,2026-04-13T14:27:19Z,117473327712314,198,btc_qm_engine:btc_ptmc_accept,0.9048330071
METRIC,2026-04-13T14:27:19Z,117473327752804,198,btc_qm_engine:btc_ptmc_rep_hot,5.0000000000
METRIC,2026-04-13T14:27:19Z,117473327775564,198,btc_qm_engine:btc_ptmc_rep_cold,4.0000000000
METRIC,2026-04-13T14:27:19Z,117473327798694,198,btc_qm_engine:btc_ptmc_accept,0.9394112740
METRIC,2026-04-13T14:27:19Z,117473327835654,198,btc_qm_engine:btc_ptmc_rep_hot,6.0000000000
METRIC,2026-04-13T14:27:19Z,117473327865724,198,btc_qm_engine:btc_ptmc_rep_cold,5.0000000000
METRIC,2026-04-13T14:27:19Z,117473327891254,198,btc_qm_engine:btc_ptmc_accept,0.9642889574
METRIC,2026-04-13T14:27:19Z,117473327933034,198,btc_qm_engine:btc_ptmc_rep_hot,7.0000000000
METRIC,2026-04-13T14:27:19Z,117473327961804,198,btc_qm_engine:btc_ptmc_rep_cold,6.0000000000
METRIC,2026-04-13T14:27:19Z,117473327987514,198,btc_qm_engine:btc_ptmc_accept,0.9767447714
METRIC,2026-04-13T14:27:19Z,117473432182203,198,btc_qm_engine:btc_ptmc_rep_hot,1.0000000000
METRIC,2026-04-13T14:27:19Z,117473432274753,198,btc_qm_engine:btc_ptmc_rep_cold,0.0000000000
METRIC,2026-04-13T14:27:19Z,117473432305603,198,btc_qm_engine:btc_ptmc_accept,-0.0695919752
METRIC,2026-04-13T14:27:19Z,117473432345863,198,btc_qm_engine:btc_ptmc_rep_hot,2.0000000000
METRIC,2026-04-13T14:27:19Z,117473432375523,198,btc_qm_engine:btc_ptmc_rep_cold,1.0000000000
METRIC,2026-04-13T14:27:19Z,117473432404933,198,btc_qm_engine:btc_ptmc_accept,1.0000000000
METRIC,2026-04-13T14:27:19Z,117473432439733,198,btc_qm_engine:btc_ptmc_rep_hot,3.0000000000
METRIC,2026-04-13T14:27:19Z,117473432468903,198,btc_qm_engine:btc_ptmc_rep_cold,2.0000000000
METRIC,2026-04-13T14:27:19Z,117473432497683,198,btc_qm_engine:btc_ptmc_accept,1.0000000000
METRIC,2026-04-13T14:27:19Z,117473432537983,198,btc_qm_engine:btc_ptmc_rep_hot,4.0000000000
METRIC,2026-04-13T14:27:19Z,117473432764033,198,btc_qm_engine:btc_ptmc_rep_cold,3.0000000000
METRIC,2026-04-13T14:27:19Z,117473432807373,198,btc_qm_engine:btc_ptmc_accept,1.0000000000
METRIC,2026-04-13T14:27:19Z,117473432856123,198,btc_qm_engine:btc_ptmc_rep_hot,5.0000000000
METRIC,2026-04-13T14:27:19Z,117473432890233,198,btc_qm_engine:btc_ptmc_rep_cold,4.0000000000
METRIC,2026-04-13T14:27:19Z,117473432919153,198,btc_qm_engine:btc_ptmc_accept,1.0000000000
METRIC,2026-04-13T14:27:19Z,117473432955773,198,btc_qm_engine:btc_ptmc_rep_hot,6.0000000000
METRIC,2026-04-13T14:27:19Z,117473432987143,198,btc_qm_engine:btc_ptmc_rep_cold,5.0000000000
METRIC,2026-04-13T14:27:19Z,117473433074903,198,btc_qm_engine:btc_ptmc_accept,1.0000000000
METRIC,2026-04-13T14:27:19Z,117473433123233,198,btc_qm_engine:btc_ptmc_rep_hot,7.0000000000
METRIC,2026-04-13T14:27:19Z,117473433155663,198,btc_qm_engine:btc_ptmc_rep_cold,6.0000000000
METRIC,2026-04-13T14:27:19Z,117473433188013,198,btc_qm_engine:btc_ptmc_accept,1.0000000000
METRIC,2026-04-13T14:27:19Z,117473534894482,198,btc_qm_engine:btc_ptmc_rep_hot,1.0000000000
METRIC,2026-04-13T14:27:19Z,117473534995022,198,btc_qm_engine:btc_ptmc_rep_cold,0.0000000000
METRIC,2026-04-13T14:27:19Z,117473535091652,198,btc_qm_engine:btc_ptmc_accept,1.0000000000
METRIC,2026-04-13T14:27:19Z,117473535135512,198,btc_qm_engine:btc_ptmc_rep_hot,2.0000000000
METRIC,2026-04-13T14:27:19Z,117473535204642,198,btc_qm_engine:btc_ptmc_rep_cold,1.0000000000
METRIC,2026-04-13T14:27:19Z,117473535235062,198,btc_qm_engine:btc_ptmc_accept,1.0000000000
METRIC,2026-04-13T14:27:19Z,117473535271162,198,btc_qm_engine:btc_ptmc_rep_hot,3.0000000000
METRIC,2026-04-13T14:27:19Z,117473535298822,198,btc_qm_engine:btc_ptmc_rep_cold,2.0000000000
METRIC,2026-04-13T14:27:19Z,117473535329612,198,btc_qm_engine:btc_ptmc_accept,1.0000000000
METRIC,2026-04-13T14:27:19Z,117473535364442,198,btc_qm_engine:btc_ptmc_rep_hot,4.0000000000
METRIC,2026-04-13T14:27:19Z,117473535393652,198,btc_qm_engine:btc_ptmc_rep_cold,3.0000000000
METRIC,2026-04-13T14:27:19Z,117473535423412,198,btc_qm_engine:btc_ptmc_accept,1.0000000000
METRIC,2026-04-13T14:27:19Z,117473535455892,198,btc_qm_engine:btc_ptmc_rep_hot,5.0000000000
METRIC,2026-04-13T14:27:19Z,117473535485132,198,btc_qm_engine:btc_ptmc_rep_cold,4.0000000000
METRIC,2026-04-13T14:27:19Z,117473535514172,198,btc_qm_engine:btc_ptmc_accept,1.0000000000
METRIC,2026-04-13T14:27:19Z,117473535601922,198,btc_qm_engine:btc_ptmc_rep_hot,6.0000000000
METRIC,2026-04-13T14:27:19Z,117473535634982,198,btc_qm_engine:btc_ptmc_rep_cold,5.0000000000
METRIC,2026-04-13T14:27:19Z,117473535664932,198,btc_qm_engine:btc_ptmc_accept,1.0000000000
METRIC,2026-04-13T14:27:19Z,117473535701562,198,btc_qm_engine:btc_ptmc_rep_hot,7.0000000000
METRIC,2026-04-13T14:27:19Z,117473535729512,198,btc_qm_engine:btc_ptmc_rep_cold,6.0000000000
METRIC,2026-04-13T14:27:19Z,117473535759332,198,btc_qm_engine:btc_ptmc_accept,1.0000000000
METRIC,2026-04-13T14:27:19Z,117473637457361,198,btc_qm_engine:btc_ptmc_rep_hot,1.0000000000
METRIC,2026-04-13T14:27:19Z,117473637551171,198,btc_qm_engine:btc_ptmc_rep_cold,0.0000000000
METRIC,2026-04-13T14:27:19Z,117473637583151,198,btc_qm_engine:btc_ptmc_accept,1.0000000000
METRIC,2026-04-13T14:27:19Z,117473637622321,198,btc_qm_engine:btc_ptmc_rep_hot,2.0000000000
METRIC,2026-04-13T14:27:19Z,117473637667821,198,btc_qm_engine:btc_ptmc_rep_cold,1.0000000000
METRIC,2026-04-13T14:27:19Z,117473637710431,198,btc_qm_engine:btc_ptmc_accept,1.0000000000
METRIC,2026-04-13T14:27:19Z,117473637756361,198,btc_qm_engine:btc_ptmc_rep_hot,3.0000000000
METRIC,2026-04-13T14:27:19Z,117473637798781,198,btc_qm_engine:btc_ptmc_rep_cold,2.0000000000
METRIC,2026-04-13T14:27:19Z,117473637828461,198,btc_qm_engine:btc_ptmc_accept,1.0000000000
METRIC,2026-04-13T14:27:19Z,117473637864451,198,btc_qm_engine:btc_ptmc_rep_hot,4.0000000000
METRIC,2026-04-13T14:27:19Z,117473637892971,198,btc_qm_engine:btc_ptmc_rep_cold,3.0000000000
METRIC,2026-04-13T14:27:19Z,117473637922351,198,btc_qm_engine:btc_ptmc_accept,1.0000000000
METRIC,2026-04-13T14:27:19Z,117473637955591,198,btc_qm_engine:btc_ptmc_rep_hot,5.0000000000
METRIC,2026-04-13T14:27:19Z,117473637986381,198,btc_qm_engine:btc_ptmc_rep_cold,4.0000000000
METRIC,2026-04-13T14:27:19Z,117473638029681,198,btc_qm_engine:btc_ptmc_accept,1.0000000000
METRIC,2026-04-13T14:27:19Z,117473638061901,198,btc_qm_engine:btc_ptmc_rep_hot,6.0000000000
METRIC,2026-04-13T14:27:19Z,117473638093341,198,btc_qm_engine:btc_ptmc_rep_cold,5.0000000000
METRIC,2026-04-13T14:27:19Z,117473638122851,198,btc_qm_engine:btc_ptmc_accept,1.0000000000
METRIC,2026-04-13T14:27:19Z,117473638156371,198,btc_qm_engine:btc_ptmc_rep_hot,7.0000000000
METRIC,2026-04-13T14:27:19Z,117473638185041,198,btc_qm_engine:btc_ptmc_rep_cold,6.0000000000
METRIC,2026-04-13T14:27:19Z,117473638214671,198,btc_qm_engine:btc_ptmc_accept,1.0000000000
METRIC,2026-04-13T14:27:20Z,117473749898981,198,btc_qm_engine:btc_ptmc_rep_hot,1.0000000000
METRIC,2026-04-13T14:27:20Z,117473749991611,198,btc_qm_engine:btc_ptmc_rep_cold,0.0000000000
METRIC,2026-04-13T14:27:20Z,117473750037061,198,btc_qm_engine:btc_ptmc_accept,0.5135063048
METRIC,2026-04-13T14:27:20Z,117473750073321,198,btc_qm_engine:btc_ptmc_rep_hot,2.0000000000
METRIC,2026-04-13T14:27:20Z,117473750103531,198,btc_qm_engine:btc_ptmc_rep_cold,1.0000000000
METRIC,2026-04-13T14:27:20Z,117473750131671,198,btc_qm_engine:btc_ptmc_accept,1.0000000000
METRIC,2026-04-13T14:27:20Z,117473751234640,198,btc_qm_engine:btc_ptmc_rep_hot,3.0000000000
METRIC,2026-04-13T14:27:20Z,117473751347240,198,btc_qm_engine:btc_ptmc_rep_cold,2.0000000000
METRIC,2026-04-13T14:27:20Z,117473751377540,198,btc_qm_engine:btc_ptmc_accept,1.0000000000
METRIC,2026-04-13T14:27:20Z,117473751418130,198,btc_qm_engine:btc_ptmc_rep_hot,4.0000000000
METRIC,2026-04-13T14:27:20Z,117473751447360,198,btc_qm_engine:btc_ptmc_rep_cold,3.0000000000
METRIC,2026-04-13T14:27:20Z,117473751484360,198,btc_qm_engine:btc_ptmc_accept,1.0000000000
METRIC,2026-04-13T14:27:20Z,117473751527630,198,btc_qm_engine:btc_ptmc_rep_hot,5.0000000000
METRIC,2026-04-13T14:27:20Z,117473751557350,198,btc_qm_engine:btc_ptmc_rep_cold,4.0000000000
METRIC,2026-04-13T14:27:20Z,117473751587320,198,btc_qm_engine:btc_ptmc_accept,1.0000000000
METRIC,2026-04-13T14:27:20Z,117473751616470,198,btc_qm_engine:btc_ptmc_rep_hot,6.0000000000
METRIC,2026-04-13T14:27:20Z,117473751644510,198,btc_qm_engine:btc_ptmc_rep_cold,5.0000000000
METRIC,2026-04-13T14:27:20Z,117473751674000,198,btc_qm_engine:btc_ptmc_accept,1.0000000000
METRIC,2026-04-13T14:27:20Z,117473751721500,198,btc_qm_engine:btc_ptmc_rep_hot,7.0000000000
METRIC,2026-04-13T14:27:20Z,117473751758620,198,btc_qm_engine:btc_ptmc_rep_cold,6.0000000000
METRIC,2026-04-13T14:27:20Z,117473751788790,198,btc_qm_engine:btc_ptmc_accept,1.0000000000
METRIC,2026-04-13T14:27:20Z,117473850854520,198,btc_qm_engine:btc_ptmc_rep_hot,1.0000000000
METRIC,2026-04-13T14:27:20Z,117473850951750,198,btc_qm_engine:btc_ptmc_rep_cold,0.0000000000
METRIC,2026-04-13T14:27:20Z,117473850997770,198,btc_qm_engine:btc_ptmc_accept,1.0000000000
METRIC,2026-04-13T14:27:20Z,117473851061140,198,btc_qm_engine:btc_ptmc_rep_hot,2.0000000000
METRIC,2026-04-13T14:27:20Z,117473851091230,198,btc_qm_engine:btc_ptmc_rep_cold,1.0000000000
METRIC,2026-04-13T14:27:20Z,117473851121040,198,btc_qm_engine:btc_ptmc_accept,1.0000000000
METRIC,2026-04-13T14:27:20Z,117473851164560,198,btc_qm_engine:btc_ptmc_rep_hot,3.0000000000
METRIC,2026-04-13T14:27:20Z,117473851193910,198,btc_qm_engine:btc_ptmc_rep_cold,2.0000000000
METRIC,2026-04-13T14:27:20Z,117473851222260,198,btc_qm_engine:btc_ptmc_accept,1.0000000000
METRIC,2026-04-13T14:27:20Z,117473851267210,198,btc_qm_engine:btc_ptmc_rep_hot,4.0000000000
METRIC,2026-04-13T14:27:20Z,117473851300500,198,btc_qm_engine:btc_ptmc_rep_cold,3.0000000000
METRIC,2026-04-13T14:27:20Z,117473851332270,198,btc_qm_engine:btc_ptmc_accept,1.0000000000
METRIC,2026-04-13T14:27:20Z,117473851365520,198,btc_qm_engine:btc_ptmc_rep_hot,5.0000000000
METRIC,2026-04-13T14:27:20Z,117473851396620,198,btc_qm_engine:btc_ptmc_rep_cold,4.0000000000
METRIC,2026-04-13T14:27:20Z,117473851424120,198,btc_qm_engine:btc_ptmc_accept,1.0000000000
METRIC,2026-04-13T14:27:20Z,117473851456770,198,btc_qm_engine:btc_ptmc_rep_hot,6.0000000000
METRIC,2026-04-13T14:27:20Z,117473851487950,198,btc_qm_engine:btc_ptmc_rep_cold,5.0000000000
METRIC,2026-04-13T14:27:20Z,117473851517740,198,btc_qm_engine:btc_ptmc_accept,1.0000000000
METRIC,2026-04-13T14:27:20Z,117473851548040,198,btc_qm_engine:btc_ptmc_rep_hot,7.0000000000
METRIC,2026-04-13T14:27:20Z,117473851579680,198,btc_qm_engine:btc_ptmc_rep_cold,6.0000000000
METRIC,2026-04-13T14:27:20Z,117473851611570,198,btc_qm_engine:btc_ptmc_accept,1.0000000000
METRIC,2026-04-13T14:27:20Z,117473956313039,198,btc_qm_engine:btc_ptmc_rep_hot,1.0000000000
METRIC,2026-04-13T14:27:20Z,117473956408639,198,btc_qm_engine:btc_ptmc_rep_cold,0.0000000000
METRIC,2026-04-13T14:27:20Z,117473956445439,198,btc_qm_engine:btc_ptmc_accept,1.0000000000
METRIC,2026-04-13T14:27:20Z,117473956493659,198,btc_qm_engine:btc_ptmc_rep_hot,2.0000000000
METRIC,2026-04-13T14:27:20Z,117473956527589,198,btc_qm_engine:btc_ptmc_rep_cold,1.0000000000
METRIC,2026-04-13T14:27:20Z,117473956559209,198,btc_qm_engine:btc_ptmc_accept,1.0000000000
METRIC,2026-04-13T14:27:20Z,117473956594139,198,btc_qm_engine:btc_ptmc_rep_hot,3.0000000000
METRIC,2026-04-13T14:27:20Z,117473956623219,198,btc_qm_engine:btc_ptmc_rep_cold,2.0000000000
METRIC,2026-04-13T14:27:20Z,117473956652339,198,btc_qm_engine:btc_ptmc_accept,1.0000000000
METRIC,2026-04-13T14:27:20Z,117473956721709,198,btc_qm_engine:btc_ptmc_rep_hot,4.0000000000
METRIC,2026-04-13T14:27:20Z,117473956751099,198,btc_qm_engine:btc_ptmc_rep_cold,3.0000000000
METRIC,2026-04-13T14:27:20Z,117473956787609,198,btc_qm_engine:btc_ptmc_accept,1.0000000000
METRIC,2026-04-13T14:27:20Z,117473956834769,198,btc_qm_engine:btc_ptmc_rep_hot,5.0000000000
METRIC,2026-04-13T14:27:20Z,117473956865029,198,btc_qm_engine:btc_ptmc_rep_cold,4.0000000000
METRIC,2026-04-13T14:27:20Z,117473956894749,198,btc_qm_engine:btc_ptmc_accept,1.0000000000
METRIC,2026-04-13T14:27:20Z,117473956932559,198,btc_qm_engine:btc_ptmc_rep_hot,6.0000000000
METRIC,2026-04-13T14:27:20Z,117473956962929,198,btc_qm_engine:btc_ptmc_rep_cold,5.0000000000
METRIC,2026-04-13T14:27:20Z,117473956991889,198,btc_qm_engine:btc_ptmc_accept,1.0000000000
METRIC,2026-04-13T14:27:20Z,117473958048079,198,btc_qm_engine:btc_ptmc_rep_hot,7.0000000000
METRIC,2026-04-13T14:27:20Z,117473958080279,198,btc_qm_engine:btc_ptmc_rep_cold,6.0000000000
METRIC,2026-04-13T14:27:20Z,117473958110409,198,btc_qm_engine:btc_ptmc_accept,1.0000000000
METRIC,2026-04-13T14:27:20Z,117474060217398,198,btc_qm_engine:btc_ptmc_rep_hot,1.0000000000
METRIC,2026-04-13T14:27:20Z,117474060317148,198,btc_qm_engine:btc_ptmc_rep_cold,0.0000000000
METRIC,2026-04-13T14:27:20Z,117474060355438,198,btc_qm_engine:btc_ptmc_accept,-0.5135063048
METRIC,2026-04-13T14:27:20Z,117474060396448,198,btc_qm_engine:btc_ptmc_rep_hot,2.0000000000
METRIC,2026-04-13T14:27:20Z,117474060427348,198,btc_qm_engine:btc_ptmc_rep_cold,1.0000000000
METRIC,2026-04-13T14:27:20Z,117474060457638,198,btc_qm_engine:btc_ptmc_accept,-0.7164924961
METRIC,2026-04-13T14:27:20Z,117474060492428,198,btc_qm_engine:btc_ptmc_rep_hot,3.0000000000
METRIC,2026-04-13T14:27:20Z,117474060524588,198,btc_qm_engine:btc_ptmc_rep_cold,2.0000000000
METRIC,2026-04-13T14:27:20Z,117474060555118,198,btc_qm_engine:btc_ptmc_accept,1.0000000000
METRIC,2026-04-13T14:27:20Z,117474060591888,198,btc_qm_engine:btc_ptmc_rep_hot,4.0000000000
METRIC,2026-04-13T14:27:20Z,117474060623088,198,btc_qm_engine:btc_ptmc_rep_cold,3.0000000000
METRIC,2026-04-13T14:27:20Z,117474060655588,198,btc_qm_engine:btc_ptmc_accept,1.0000000000
METRIC,2026-04-13T14:27:20Z,117474060689288,198,btc_qm_engine:btc_ptmc_rep_hot,5.0000000000
METRIC,2026-04-13T14:27:20Z,117474060714528,198,btc_qm_engine:btc_ptmc_rep_cold,4.0000000000
METRIC,2026-04-13T14:27:20Z,117474060739768,198,btc_qm_engine:btc_ptmc_accept,1.0000000000
METRIC,2026-04-13T14:27:20Z,117474060764258,198,btc_qm_engine:btc_ptmc_rep_hot,6.0000000000
METRIC,2026-04-13T14:27:20Z,117474060788108,198,btc_qm_engine:btc_ptmc_rep_cold,5.0000000000
METRIC,2026-04-13T14:27:20Z,117474060812328,198,btc_qm_engine:btc_ptmc_accept,1.0000000000
METRIC,2026-04-13T14:27:20Z,117474060836608,198,btc_qm_engine:btc_ptmc_rep_hot,7.0000000000
METRIC,2026-04-13T14:27:20Z,117474060860518,198,btc_qm_engine:btc_ptmc_rep_cold,6.0000000000
METRIC,2026-04-13T14:27:20Z,117474060884638,198,btc_qm_engine:btc_ptmc_accept,1.0000000000
METRIC,2026-04-13T14:27:20Z,117474161422487,198,btc_qm_engine:btc_ptmc_rep_hot,1.0000000000
METRIC,2026-04-13T14:27:20Z,117474161514937,198,btc_qm_engine:btc_ptmc_rep_cold,0.0000000000
METRIC,2026-04-13T14:27:20Z,117474161550007,198,btc_qm_engine:btc_ptmc_accept,1.0000000000
METRIC,2026-04-13T14:27:20Z,117474161589067,198,btc_qm_engine:btc_ptmc_rep_hot,2.0000000000
METRIC,2026-04-13T14:27:20Z,117474161633927,198,btc_qm_engine:btc_ptmc_rep_cold,1.0000000000
METRIC,2026-04-13T14:27:20Z,117474161672917,198,btc_qm_engine:btc_ptmc_accept,1.0000000000
METRIC,2026-04-13T14:27:20Z,117474161713067,198,btc_qm_engine:btc_ptmc_rep_hot,3.0000000000
METRIC,2026-04-13T14:27:20Z,117474161745037,198,btc_qm_engine:btc_ptmc_rep_cold,2.0000000000
METRIC,2026-04-13T14:27:20Z,117474161776667,198,btc_qm_engine:btc_ptmc_accept,1.0000000000
METRIC,2026-04-13T14:27:20Z,117474161810167,198,btc_qm_engine:btc_ptmc_rep_hot,4.0000000000
METRIC,2026-04-13T14:27:20Z,117474161842547,198,btc_qm_engine:btc_ptmc_rep_cold,3.0000000000
METRIC,2026-04-13T14:27:20Z,117474161873597,198,btc_qm_engine:btc_ptmc_accept,1.0000000000
METRIC,2026-04-13T14:27:20Z,117474161929667,198,btc_qm_engine:btc_ptmc_rep_hot,5.0000000000
METRIC,2026-04-13T14:27:20Z,117474161962457,198,btc_qm_engine:btc_ptmc_rep_cold,4.0000000000
METRIC,2026-04-13T14:27:20Z,117474161991947,198,btc_qm_engine:btc_ptmc_accept,1.0000000000
METRIC,2026-04-13T14:27:20Z,117474162087697,198,btc_qm_engine:btc_ptmc_rep_hot,6.0000000000
METRIC,2026-04-13T14:27:20Z,117474162120327,198,btc_qm_engine:btc_ptmc_rep_cold,5.0000000000
METRIC,2026-04-13T14:27:20Z,117474162149487,198,btc_qm_engine:btc_ptmc_accept,1.0000000000
METRIC,2026-04-13T14:27:20Z,117474162187227,198,btc_qm_engine:btc_ptmc_rep_hot,7.0000000000
METRIC,2026-04-13T14:27:20Z,117474162220167,198,btc_qm_engine:btc_ptmc_rep_cold,6.0000000000
METRIC,2026-04-13T14:27:20Z,117474162252097,198,btc_qm_engine:btc_ptmc_accept,1.0000000000
METRIC,2026-04-13T14:27:20Z,117474267099246,198,btc_qm_engine:btc_ptmc_rep_hot,1.0000000000
METRIC,2026-04-13T14:27:20Z,117474267194246,198,btc_qm_engine:btc_ptmc_rep_cold,0.0000000000
METRIC,2026-04-13T14:27:20Z,117474267226146,198,btc_qm_engine:btc_ptmc_accept,-0.5136669338
METRIC,2026-04-13T14:27:20Z,117474267271366,198,btc_qm_engine:btc_ptmc_rep_hot,2.0000000000
METRIC,2026-04-13T14:27:20Z,117474267302586,198,btc_qm_engine:btc_ptmc_rep_cold,1.0000000000
METRIC,2026-04-13T14:27:20Z,117474267331716,198,btc_qm_engine:btc_ptmc_accept,1.0000000000
METRIC,2026-04-13T14:27:20Z,117474267365436,198,btc_qm_engine:btc_ptmc_rep_hot,3.0000000000
METRIC,2026-04-13T14:27:20Z,117474267407756,198,btc_qm_engine:btc_ptmc_rep_cold,2.0000000000
METRIC,2026-04-13T14:27:20Z,117474267448866,198,btc_qm_engine:btc_ptmc_accept,1.0000000000
METRIC,2026-04-13T14:27:20Z,117474267485216,198,btc_qm_engine:btc_ptmc_rep_hot,4.0000000000
METRIC,2026-04-13T14:27:20Z,117474267512666,198,btc_qm_engine:btc_ptmc_rep_cold,3.0000000000
METRIC,2026-04-13T14:27:20Z,117474267540546,198,btc_qm_engine:btc_ptmc_accept,1.0000000000
METRIC,2026-04-13T14:27:20Z,117474267582866,198,btc_qm_engine:btc_ptmc_rep_hot,5.0000000000
METRIC,2026-04-13T14:27:20Z,117474267611966,198,btc_qm_engine:btc_ptmc_rep_cold,4.0000000000
METRIC,2026-04-13T14:27:20Z,117474267643236,198,btc_qm_engine:btc_ptmc_accept,1.0000000000
METRIC,2026-04-13T14:27:20Z,117474267677246,198,btc_qm_engine:btc_ptmc_rep_hot,6.0000000000
METRIC,2026-04-13T14:27:20Z,117474267707906,198,btc_qm_engine:btc_ptmc_rep_cold,5.0000000000
METRIC,2026-04-13T14:27:20Z,117474267739626,198,btc_qm_engine:btc_ptmc_accept,1.0000000000
METRIC,2026-04-13T14:27:20Z,117474267785316,198,btc_qm_engine:btc_ptmc_rep_hot,7.0000000000
METRIC,2026-04-13T14:27:20Z,117474267821516,198,btc_qm_engine:btc_ptmc_rep_cold,6.0000000000
METRIC,2026-04-13T14:27:20Z,117474267852626,198,btc_qm_engine:btc_ptmc_accept,1.0000000000
METRIC,2026-04-13T14:27:20Z,117474311190386,198,btc_qm_engine:btc_hashrate_mhs,0.8529653582
METRIC,2026-04-13T14:27:20Z,117474311283026,198,btc_qm_engine:btc_hashrate_thread_id,3.0000000000
METRIC,2026-04-13T14:27:20Z,117474311865096,198,btc_qm_engine:btc_hashrate_mhs,0.8531867929
