event,timestamp_utc,timestamp_ns,pid,detail,value
INIT,2026-04-14T17:14:22Z,124568152650510,440,activation,100PCT_INCONDITIONNELLE
INIT,2026-04-14T17:14:22Z,124568152650510,440,modules_reels,ultra_forensic_logger_v3+memory_tracker
INIT,2026-04-14T17:14:22Z,124568152650510,440,version,3.0_cycle17_NL03_NV01_NV02_AC01_NANO_ANOMALY_FIX_RAM01
HW_SAMPLE,2026-04-14T17:14:22Z,124568152650510,440,init:cpu_delta_pct,0.0000
HW_SAMPLE,2026-04-14T17:14:22Z,124568152650510,440,init:mem_used_pct,82.2958
HW_SAMPLE,2026-04-14T17:14:22Z,124568152650510,440,init:mem_total_kb,65849792
HW_SAMPLE,2026-04-14T17:14:22Z,124568152650510,440,init:mem_avail_kb,11658188
HW_SAMPLE,2026-04-14T17:14:22Z,124568152650510,440,init:vm_rss_kb,3940
HW_SAMPLE,2026-04-14T17:14:22Z,124568152650510,440,init:vm_peak_kb,14724
MODULE_START,2026-04-14T17:14:22Z,124568153072590,440,btc_qm_engine,main_btc_mining
METRIC,2026-04-14T17:14:22Z,124568153091470,440,btc_qm_engine:btc_run_mode_hash,66.0000000000
METRIC,2026-04-14T17:14:22Z,124568227348660,440,btc_qm_engine:btc_module_version,17.0000000000
METRIC,2026-04-14T17:14:22Z,124568228313049,440,btc_qm_engine:btc_nx48_csv_loaded_c42,1.0000000000
METRIC,2026-04-14T17:14:22Z,124568228341559,440,btc_qm_engine:btc_nx48_csv_loaded,1.0000000000
METRIC,2026-04-14T17:14:22Z,124568228360829,440,btc_qm_engine:btc_nx48_best_leading_loaded,28.0000000000
METRIC,2026-04-14T17:14:22Z,124568228408709,440,btc_qm_engine:btc_nx48_init_loaded,1.0000000000
METRIC,2026-04-14T17:14:22Z,124568228428109,440,btc_qm_engine:btc_nx48_delta_nonce_scale,50.0000000000
METRIC,2026-04-14T17:14:22Z,124568228447059,440,btc_qm_engine:btc_nx48_n_replicas_scale,1.0000000000
METRIC,2026-04-14T17:14:22Z,124568228465459,440,btc_qm_engine:btc_nx48_swap_temp_scale,1.0000000000
METRIC,2026-04-14T17:14:22Z,124568228483539,440,btc_qm_engine:btc_nx48_batch_size_scale,4.0000000000
METRIC,2026-04-14T17:14:22Z,124568228502979,440,btc_qm_engine:btc_nx48_exploration_bias,0.9989760000
METRIC,2026-04-14T17:14:22Z,124568228562939,440,btc_qm_engine:btc_sha256_self_test_pass,1.0000000000
METRIC,2026-04-14T17:14:22Z,124568228615139,440,btc_qm_engine:btc_wallet_from_privkey_start,1.0000000000
METRIC,2026-04-14T17:14:22Z,124568235514755,440,btc_qm_engine:btc_wallet_from_privkey_ok,1.0000000000
METRIC,2026-04-14T17:14:22Z,124568236417784,440,btc_qm_engine:btc_wallet_saved_json,1.0000000000
METRIC,2026-04-14T17:14:22Z,124568236465194,440,btc_qm_engine:btc_sha256_self_test_pass,1.0000000000
METRIC,2026-04-14T17:14:22Z,124568236491434,440,btc_qm_engine:btc_integrity_gate_pass,1.0000000000
METRIC,2026-04-14T17:14:22Z,124568236647654,440,btc_qm_engine:btc_ram_available_mb_start,11395.0000000000
MODULE_START,2026-04-14T17:14:22Z,124568236681344,440,btc_qm_engine,btc_engine_create
METRIC,2026-04-14T17:14:22Z,124568236691624,440,btc_qm_engine:btc_n_replicas,8.0000000000
METRIC,2026-04-14T17:14:22Z,124568236720094,440,btc_qm_engine:btc_n_threads,6.0000000000
METRIC,2026-04-14T17:14:22Z,124568236739974,440,btc_qm_engine:btc_batch_size,512.0000000000
METRIC,2026-04-14T17:14:22Z,124568236759474,440,btc_qm_engine:btc_nonce_start,0.0000000000
METRIC,2026-04-14T17:14:22Z,124568236778394,440,btc_qm_engine:btc_nonce_end,4294967295.0000000000
METRIC,2026-04-14T17:14:22Z,124568236797984,440,btc_qm_engine:btc_duration_s,0.0000000000
METRIC,2026-04-14T17:14:22Z,124568236816934,440,btc_qm_engine:btc_replica_idx,0.0000000000
METRIC,2026-04-14T17:14:22Z,124568236835754,440,btc_qm_engine:btc_replica_nonce,0.0000000000
METRIC,2026-04-14T17:14:22Z,124568236854494,440,btc_qm_engine:btc_replica_temp,1.0000000000
METRIC,2026-04-14T17:14:22Z,124568236873254,440,btc_qm_engine:btc_replica_leading,0.0000000000
METRIC,2026-04-14T17:14:22Z,124568236892224,440,btc_qm_engine:btc_replica_idx,1.0000000000
METRIC,2026-04-14T17:14:22Z,124568236911024,440,btc_qm_engine:btc_replica_nonce,536870911.0000000000
METRIC,2026-04-14T17:14:22Z,124568236930574,440,btc_qm_engine:btc_replica_temp,2.0000000000
METRIC,2026-04-14T17:14:22Z,124568236958304,440,btc_qm_engine:btc_replica_leading,0.0000000000
METRIC,2026-04-14T17:14:22Z,124568236984144,440,btc_qm_engine:btc_replica_idx,2.0000000000
METRIC,2026-04-14T17:14:22Z,124568239337322,440,btc_qm_engine:btc_replica_nonce,1073741822.0000000000
METRIC,2026-04-14T17:14:22Z,124568239441772,440,btc_qm_engine:btc_replica_temp,4.0000000000
METRIC,2026-04-14T17:14:22Z,124568239470402,440,btc_qm_engine:btc_replica_leading,0.0000000000
METRIC,2026-04-14T17:14:22Z,124568239495922,440,btc_qm_engine:btc_replica_idx,3.0000000000
METRIC,2026-04-14T17:14:22Z,124568239519722,440,btc_qm_engine:btc_replica_nonce,1610612733.0000000000
METRIC,2026-04-14T17:14:22Z,124568239544972,440,btc_qm_engine:btc_replica_temp,8.0000000000
METRIC,2026-04-14T17:14:22Z,124568239570132,440,btc_qm_engine:btc_replica_leading,0.0000000000
METRIC,2026-04-14T17:14:22Z,124568239595332,440,btc_qm_engine:btc_replica_idx,4.0000000000
METRIC,2026-04-14T17:14:22Z,124568239639202,440,btc_qm_engine:btc_replica_nonce,2147483644.0000000000
METRIC,2026-04-14T17:14:22Z,124568239659072,440,btc_qm_engine:btc_replica_temp,12.0000000000
METRIC,2026-04-14T17:14:22Z,124568239679252,440,btc_qm_engine:btc_replica_leading,0.0000000000
METRIC,2026-04-14T17:14:22Z,124568239703602,440,btc_qm_engine:btc_replica_idx,5.0000000000
METRIC,2026-04-14T17:14:22Z,124568239727552,440,btc_qm_engine:btc_replica_nonce,2684354555.0000000000
METRIC,2026-04-14T17:14:22Z,124568239752572,440,btc_qm_engine:btc_replica_temp,20.0000000000
METRIC,2026-04-14T17:14:22Z,124568239777662,440,btc_qm_engine:btc_replica_leading,0.0000000000
METRIC,2026-04-14T17:14:22Z,124568239801692,440,btc_qm_engine:btc_replica_idx,6.0000000000
METRIC,2026-04-14T17:14:22Z,124568239825482,440,btc_qm_engine:btc_replica_nonce,3221225466.0000000000
METRIC,2026-04-14T17:14:22Z,124568239850582,440,btc_qm_engine:btc_replica_temp,35.0000000000
METRIC,2026-04-14T17:14:22Z,124568239873082,440,btc_qm_engine:btc_replica_leading,0.0000000000
METRIC,2026-04-14T17:14:22Z,124568239891952,440,btc_qm_engine:btc_replica_idx,7.0000000000
METRIC,2026-04-14T17:14:22Z,124568239910612,440,btc_qm_engine:btc_replica_nonce,3758096377.0000000000
METRIC,2026-04-14T17:14:22Z,124568239929982,440,btc_qm_engine:btc_replica_temp,50.0000000000
METRIC,2026-04-14T17:14:22Z,124568239948812,440,btc_qm_engine:btc_replica_leading,0.0000000000
METRIC,2026-04-14T17:14:22Z,124568239968862,440,btc_qm_engine:btc_midstate_applied,1.0000000000
THREAD,2026-04-14T17:14:22Z,124568242037120,440,btc_qm_engine:btc_mining_worker_START,140664606320320
METRIC,2026-04-14T17:14:22Z,124568242059760,440,btc_qm_engine:btc_block_nonce,54773664.0000000000
METRIC,2026-04-14T17:14:22Z,124568242121930,440,btc_qm_engine:btc_best_leading_zeros,2.0000000000
METRIC,2026-04-14T17:14:22Z,124568242142570,440,btc_qm_engine:btc_block_valid,0.0000000000
ANOMALY,2026-04-14T17:14:22Z,124568242161880,440,btc_qm_engine:btc_near_miss_or_valid,2.0000000000
THREAD,2026-04-14T17:14:22Z,124568242696280,440,btc_qm_engine:btc_mining_worker_START,140664581142208
THREAD,2026-04-14T17:14:22Z,124568242727030,440,btc_qm_engine:btc_mining_worker_START,140664572749504
THREAD,2026-04-14T17:14:22Z,124568242749690,440,btc_qm_engine:btc_mining_worker_START,140664564356800
THREAD,2026-04-14T17:14:22Z,124568242746470,440,btc_qm_engine:btc_mining_worker_START,140664589534912
THREAD,2026-04-14T17:14:22Z,124568243132470,440,btc_qm_engine:btc_mining_worker_START,140664597927616
METRIC,2026-04-14T17:14:22Z,124568243367819,440,btc_qm_engine:btc_threads_launched,6.0000000000
METRIC,2026-04-14T17:14:22Z,124568243447459,440,btc_qm_engine:btc_best_leading_zeros,2.0000000000
METRIC,2026-04-14T17:14:22Z,124568243559609,440,btc_qm_engine:btc_nx48_csv_saved,1.0000000000
METRIC,2026-04-14T17:14:22Z,124568243615939,440,btc_qm_engine:btc_block_nonce,2912863540.0000000000
METRIC,2026-04-14T17:14:22Z,124568243641379,440,btc_qm_engine:btc_best_leading_zeros,3.0000000000
METRIC,2026-04-14T17:14:22Z,124568243664859,440,btc_qm_engine:btc_block_valid,0.0000000000
ANOMALY,2026-04-14T17:14:22Z,124568243701259,440,btc_qm_engine:btc_near_miss_or_valid,3.0000000000
METRIC,2026-04-14T17:14:22Z,124568243726369,440,btc_qm_engine:btc_best_leading_zeros,3.0000000000
METRIC,2026-04-14T17:14:22Z,124568243805979,440,btc_qm_engine:btc_nx48_csv_saved,1.0000000000
METRIC,2026-04-14T17:14:22Z,124568243834399,440,btc_qm_engine:btc_block_nonce,4275553877.0000000000
METRIC,2026-04-14T17:14:22Z,124568243859509,440,btc_qm_engine:btc_best_leading_zeros,4.0000000000
METRIC,2026-04-14T17:14:22Z,124568243883569,440,btc_qm_engine:btc_block_valid,0.0000000000
ANOMALY,2026-04-14T17:14:22Z,124568243906739,440,btc_qm_engine:btc_near_miss_or_valid,4.0000000000
METRIC,2026-04-14T17:14:22Z,124568243932599,440,btc_qm_engine:btc_best_leading_zeros,4.0000000000
METRIC,2026-04-14T17:14:22Z,124568244049099,440,btc_qm_engine:btc_nx48_csv_saved,1.0000000000
METRIC,2026-04-14T17:14:22Z,124568247375477,440,btc_qm_engine:btc_block_nonce,3889856305.0000000000
METRIC,2026-04-14T17:14:22Z,124568247480117,440,btc_qm_engine:btc_best_leading_zeros,9.0000000000
METRIC,2026-04-14T17:14:22Z,124568247506417,440,btc_qm_engine:btc_block_valid,0.0000000000
ANOMALY,2026-04-14T17:14:22Z,124568247529897,440,btc_qm_engine:btc_near_miss_or_valid,9.0000000000
METRIC,2026-04-14T17:14:22Z,124568247562087,440,btc_qm_engine:btc_best_leading_zeros,9.0000000000
METRIC,2026-04-14T17:14:22Z,124568247669666,440,btc_qm_engine:btc_nx48_csv_saved,1.0000000000
METRIC,2026-04-14T17:14:22Z,124568248587946,440,btc_qm_engine:btc_block_nonce,3271615095.0000000000
METRIC,2026-04-14T17:14:22Z,124568248634886,440,btc_qm_engine:btc_best_leading_zeros,12.0000000000
METRIC,2026-04-14T17:14:22Z,124568248661236,440,btc_qm_engine:btc_block_valid,0.0000000000
ANOMALY,2026-04-14T17:14:22Z,124568248685786,440,btc_qm_engine:btc_near_miss_or_valid,12.0000000000
METRIC,2026-04-14T17:14:22Z,124568248717276,440,btc_qm_engine:btc_best_leading_zeros,12.0000000000
METRIC,2026-04-14T17:14:22Z,124568248805806,440,btc_qm_engine:btc_nx48_csv_saved,1.0000000000
METRIC,2026-04-14T17:14:22Z,124568353686426,440,btc_qm_engine:btc_ptmc_rep_hot,1.0000000000
METRIC,2026-04-14T17:14:22Z,124568353774256,440,btc_qm_engine:btc_ptmc_rep_cold,0.0000000000
METRIC,2026-04-14T17:14:22Z,124568353801816,440,btc_qm_engine:btc_ptmc_accept,1.0000000000
METRIC,2026-04-14T17:14:22Z,124568353827636,440,btc_qm_engine:btc_ptmc_rep_hot,2.0000000000
METRIC,2026-04-14T17:14:22Z,124568353852196,440,btc_qm_engine:btc_ptmc_rep_cold,1.0000000000
METRIC,2026-04-14T17:14:22Z,124568353877136,440,btc_qm_engine:btc_ptmc_accept,1.0000000000
METRIC,2026-04-14T17:14:22Z,124568353900886,440,btc_qm_engine:btc_ptmc_rep_hot,3.0000000000
METRIC,2026-04-14T17:14:22Z,124568353939045,440,btc_qm_engine:btc_ptmc_rep_cold,2.0000000000
METRIC,2026-04-14T17:14:22Z,124568353962145,440,btc_qm_engine:btc_ptmc_accept,1.0000000000
METRIC,2026-04-14T17:14:22Z,124568353984395,440,btc_qm_engine:btc_ptmc_rep_hot,4.0000000000
METRIC,2026-04-14T17:14:22Z,124568354065425,440,btc_qm_engine:btc_ptmc_rep_cold,3.0000000000
METRIC,2026-04-14T17:14:22Z,124568354090215,440,btc_qm_engine:btc_ptmc_accept,1.0000000000
METRIC,2026-04-14T17:14:22Z,124568354112725,440,btc_qm_engine:btc_ptmc_rep_hot,5.0000000000
METRIC,2026-04-14T17:14:22Z,124568354135275,440,btc_qm_engine:btc_ptmc_rep_cold,4.0000000000
METRIC,2026-04-14T17:14:22Z,124568354157945,440,btc_qm_engine:btc_ptmc_accept,1.0000000000
METRIC,2026-04-14T17:14:22Z,124568354180755,440,btc_qm_engine:btc_ptmc_rep_hot,6.0000000000
METRIC,2026-04-14T17:14:22Z,124568354202925,440,btc_qm_engine:btc_ptmc_rep_cold,5.0000000000
METRIC,2026-04-14T17:14:22Z,124568354224965,440,btc_qm_engine:btc_ptmc_accept,1.0000000000
METRIC,2026-04-14T17:14:22Z,124568354258435,440,btc_qm_engine:btc_ptmc_rep_hot,7.0000000000
METRIC,2026-04-14T17:14:22Z,124568354299535,440,btc_qm_engine:btc_ptmc_rep_cold,6.0000000000
METRIC,2026-04-14T17:14:22Z,124568354321855,440,btc_qm_engine:btc_ptmc_accept,1.0000000000
METRIC,2026-04-14T17:14:22Z,124568364689478,440,btc_qm_engine:btc_block_nonce,1384918345.0000000000
METRIC,2026-04-14T17:14:22Z,124568364818968,440,btc_qm_engine:btc_best_leading_zeros,19.0000000000
METRIC,2026-04-14T17:14:22Z,124568364846578,440,btc_qm_engine:btc_block_valid,0.0000000000
ANOMALY,2026-04-14T17:14:22Z,124568364871108,440,btc_qm_engine:btc_near_miss_or_valid,19.0000000000
METRIC,2026-04-14T17:14:22Z,124568364911238,440,btc_qm_engine:btc_best_leading_zeros,19.0000000000
METRIC,2026-04-14T17:14:22Z,124568366472607,440,btc_qm_engine:btc_nx48_csv_saved,1.0000000000
METRIC,2026-04-14T17:14:22Z,124568428194666,440,btc_qm_engine:btc_block_nonce,3867598502.0000000000
METRIC,2026-04-14T17:14:22Z,124568428276756,440,btc_qm_engine:btc_best_leading_zeros,20.0000000000
METRIC,2026-04-14T17:14:22Z,124568428321076,440,btc_qm_engine:btc_block_valid,0.0000000000
ANOMALY,2026-04-14T17:14:22Z,124568428340576,440,btc_qm_engine:btc_near_miss_or_valid,20.0000000000
METRIC,2026-04-14T17:14:22Z,124568428375796,440,btc_qm_engine:btc_best_leading_zeros,20.0000000000
METRIC,2026-04-14T17:14:22Z,124568428504416,440,btc_qm_engine:btc_nx48_csv_saved,1.0000000000
METRIC,2026-04-14T17:14:22Z,124568463285772,440,btc_qm_engine:btc_ptmc_rep_hot,1.0000000000
METRIC,2026-04-14T17:14:22Z,124568463367082,440,btc_qm_engine:btc_ptmc_rep_cold,0.0000000000
METRIC,2026-04-14T17:14:22Z,124568463392772,440,btc_qm_engine:btc_ptmc_accept,-0.2636887251
METRIC,2026-04-14T17:14:22Z,124568463423592,440,btc_qm_engine:btc_ptmc_rep_hot,2.0000000000
METRIC,2026-04-14T17:14:22Z,124568463447262,440,btc_qm_engine:btc_ptmc_rep_cold,1.0000000000
METRIC,2026-04-14T17:14:22Z,124568463469382,440,btc_qm_engine:btc_ptmc_accept,1.0000000000
METRIC,2026-04-14T17:14:22Z,124568463494842,440,btc_qm_engine:btc_ptmc_rep_hot,3.0000000000
METRIC,2026-04-14T17:14:22Z,124568463518262,440,btc_qm_engine:btc_ptmc_rep_cold,2.0000000000
METRIC,2026-04-14T17:14:22Z,124568463541272,440,btc_qm_engine:btc_ptmc_accept,1.0000000000
METRIC,2026-04-14T17:14:22Z,124568463565032,440,btc_qm_engine:btc_ptmc_rep_hot,4.0000000000
METRIC,2026-04-14T17:14:22Z,124568463589492,440,btc_qm_engine:btc_ptmc_rep_cold,3.0000000000
METRIC,2026-04-14T17:14:22Z,124568463613362,440,btc_qm_engine:btc_ptmc_accept,1.0000000000
METRIC,2026-04-14T17:14:22Z,124568463637332,440,btc_qm_engine:btc_ptmc_rep_hot,5.0000000000
METRIC,2026-04-14T17:14:22Z,124568463661242,440,btc_qm_engine:btc_ptmc_rep_cold,4.0000000000
METRIC,2026-04-14T17:14:22Z,124568463684742,440,btc_qm_engine:btc_ptmc_accept,1.0000000000
METRIC,2026-04-14T17:14:22Z,124568463713012,440,btc_qm_engine:btc_ptmc_rep_hot,6.0000000000
METRIC,2026-04-14T17:14:22Z,124568463736542,440,btc_qm_engine:btc_ptmc_rep_cold,5.0000000000
METRIC,2026-04-14T17:14:22Z,124568463760142,440,btc_qm_engine:btc_ptmc_accept,1.0000000000
METRIC,2026-04-14T17:14:22Z,124568463786952,440,btc_qm_engine:btc_ptmc_rep_hot,7.0000000000
METRIC,2026-04-14T17:14:22Z,124568463810732,440,btc_qm_engine:btc_ptmc_rep_cold,6.0000000000
METRIC,2026-04-14T17:14:22Z,124568463834452,440,btc_qm_engine:btc_ptmc_accept,1.0000000000
METRIC,2026-04-14T17:14:22Z,124568569328602,440,btc_qm_engine:btc_ptmc_rep_hot,1.0000000000
METRIC,2026-04-14T17:14:22Z,124568569688501,440,btc_qm_engine:btc_ptmc_rep_cold,0.0000000000
METRIC,2026-04-14T17:14:22Z,124568569708621,440,btc_qm_engine:btc_ptmc_accept,0.0695919752
METRIC,2026-04-14T17:14:22Z,124568569735341,440,btc_qm_engine:btc_ptmc_rep_hot,2.0000000000
METRIC,2026-04-14T17:14:22Z,124568569754081,440,btc_qm_engine:btc_ptmc_rep_cold,1.0000000000
METRIC,2026-04-14T17:14:22Z,124568569772281,440,btc_qm_engine:btc_ptmc_accept,1.0000000000
METRIC,2026-04-14T17:14:22Z,124568569795361,440,btc_qm_engine:btc_ptmc_rep_hot,3.0000000000
METRIC,2026-04-14T17:14:22Z,124568569813481,440,btc_qm_engine:btc_ptmc_rep_cold,2.0000000000
METRIC,2026-04-14T17:14:22Z,124568569831601,440,btc_qm_engine:btc_ptmc_accept,-0.5134047430
METRIC,2026-04-14T17:14:22Z,124568569850001,440,btc_qm_engine:btc_ptmc_rep_hot,4.0000000000
METRIC,2026-04-14T17:14:22Z,124568569868151,440,btc_qm_engine:btc_ptmc_rep_cold,3.0000000000
METRIC,2026-04-14T17:14:22Z,124568569886051,440,btc_qm_engine:btc_ptmc_accept,1.0000000000
METRIC,2026-04-14T17:14:22Z,124568569904161,440,btc_qm_engine:btc_ptmc_rep_hot,5.0000000000
METRIC,2026-04-14T17:14:22Z,124568569922221,440,btc_qm_engine:btc_ptmc_rep_cold,4.0000000000
METRIC,2026-04-14T17:14:22Z,124568569940191,440,btc_qm_engine:btc_ptmc_accept,1.0000000000
METRIC,2026-04-14T17:14:22Z,124568569958381,440,btc_qm_engine:btc_ptmc_rep_hot,6.0000000000
METRIC,2026-04-14T17:14:22Z,124568569976271,440,btc_qm_engine:btc_ptmc_rep_cold,5.0000000000
METRIC,2026-04-14T17:14:22Z,124568569994111,440,btc_qm_engine:btc_ptmc_accept,1.0000000000
METRIC,2026-04-14T17:14:22Z,124568570123301,440,btc_qm_engine:btc_ptmc_rep_hot,7.0000000000
METRIC,2026-04-14T17:14:22Z,124568570146271,440,btc_qm_engine:btc_ptmc_rep_cold,6.0000000000
METRIC,2026-04-14T17:14:22Z,124568570164611,440,btc_qm_engine:btc_ptmc_accept,1.0000000000
METRIC,2026-04-14T17:14:23Z,124568674130181,440,btc_qm_engine:btc_ptmc_rep_hot,1.0000000000
METRIC,2026-04-14T17:14:23Z,124568674205201,440,btc_qm_engine:btc_ptmc_rep_cold,0.0000000000
METRIC,2026-04-14T17:14:23Z,124568674813421,440,btc_qm_engine:btc_ptmc_accept,1.0000000000
METRIC,2026-04-14T17:14:23Z,124568675132701,440,btc_qm_engine:btc_ptmc_rep_hot,2.0000000000
METRIC,2026-04-14T17:14:23Z,124568675164081,440,btc_qm_engine:btc_ptmc_rep_cold,1.0000000000
METRIC,2026-04-14T17:14:23Z,124568675188391,440,btc_qm_engine:btc_ptmc_accept,1.0000000000
METRIC,2026-04-14T17:14:23Z,124568675212141,440,btc_qm_engine:btc_ptmc_rep_hot,3.0000000000
METRIC,2026-04-14T17:14:23Z,124568675235511,440,btc_qm_engine:btc_ptmc_rep_cold,2.0000000000
METRIC,2026-04-14T17:14:23Z,124568675259071,440,btc_qm_engine:btc_ptmc_accept,1.0000000000
METRIC,2026-04-14T17:14:23Z,124568676394060,440,btc_qm_engine:btc_ptmc_rep_hot,4.0000000000
METRIC,2026-04-14T17:14:23Z,124568676433350,440,btc_qm_engine:btc_ptmc_rep_cold,3.0000000000
METRIC,2026-04-14T17:14:23Z,124568676458250,440,btc_qm_engine:btc_ptmc_accept,1.0000000000
METRIC,2026-04-14T17:14:23Z,124568676492630,440,btc_qm_engine:btc_ptmc_rep_hot,5.0000000000
METRIC,2026-04-14T17:14:23Z,124568676516160,440,btc_qm_engine:btc_ptmc_rep_cold,4.0000000000
METRIC,2026-04-14T17:14:23Z,124568676547650,440,btc_qm_engine:btc_ptmc_accept,1.0000000000
METRIC,2026-04-14T17:14:23Z,124568676582780,440,btc_qm_engine:btc_ptmc_rep_hot,6.0000000000
METRIC,2026-04-14T17:14:23Z,124568676604830,440,btc_qm_engine:btc_ptmc_rep_cold,5.0000000000
METRIC,2026-04-14T17:14:23Z,124568676626950,440,btc_qm_engine:btc_ptmc_accept,1.0000000000
METRIC,2026-04-14T17:14:23Z,124568676652050,440,btc_qm_engine:btc_ptmc_rep_hot,7.0000000000
METRIC,2026-04-14T17:14:23Z,124568676674970,440,btc_qm_engine:btc_ptmc_rep_cold,6.0000000000
METRIC,2026-04-14T17:14:23Z,124568676697900,440,btc_qm_engine:btc_ptmc_accept,1.0000000000
METRIC,2026-04-14T17:14:23Z,124568777411913,440,btc_qm_engine:btc_ptmc_rep_hot,1.0000000000
METRIC,2026-04-14T17:14:23Z,124568777499442,440,btc_qm_engine:btc_ptmc_rep_cold,0.0000000000
METRIC,2026-04-14T17:14:23Z,124568777525522,440,btc_qm_engine:btc_ptmc_accept,1.0000000000
METRIC,2026-04-14T17:14:23Z,124568777550792,440,btc_qm_engine:btc_ptmc_rep_hot,2.0000000000
METRIC,2026-04-14T17:14:23Z,124568777576802,440,btc_qm_engine:btc_ptmc_rep_cold,1.0000000000
METRIC,2026-04-14T17:14:23Z,124568777602562,440,btc_qm_engine:btc_ptmc_accept,1.0000000000
METRIC,2026-04-14T17:14:23Z,124568777628642,440,btc_qm_engine:btc_ptmc_rep_hot,3.0000000000
METRIC,2026-04-14T17:14:23Z,124568777654382,440,btc_qm_engine:btc_ptmc_rep_cold,2.0000000000
METRIC,2026-04-14T17:14:23Z,124568777679992,440,btc_qm_engine:btc_ptmc_accept,1.0000000000
METRIC,2026-04-14T17:14:23Z,124568777709532,440,btc_qm_engine:btc_ptmc_rep_hot,4.0000000000
METRIC,2026-04-14T17:14:23Z,124568777733272,440,btc_qm_engine:btc_ptmc_rep_cold,3.0000000000
METRIC,2026-04-14T17:14:23Z,124568777779112,440,btc_qm_engine:btc_ptmc_accept,1.0000000000
METRIC,2026-04-14T17:14:23Z,124568777811602,440,btc_qm_engine:btc_ptmc_rep_hot,5.0000000000
METRIC,2026-04-14T17:14:23Z,124568777837082,440,btc_qm_engine:btc_ptmc_rep_cold,4.0000000000
METRIC,2026-04-14T17:14:23Z,124568777861992,440,btc_qm_engine:btc_ptmc_accept,1.0000000000
METRIC,2026-04-14T17:14:23Z,124568777898602,440,btc_qm_engine:btc_ptmc_rep_hot,6.0000000000
METRIC,2026-04-14T17:14:23Z,124568777923792,440,btc_qm_engine:btc_ptmc_rep_cold,5.0000000000
METRIC,2026-04-14T17:14:23Z,124568777948462,440,btc_qm_engine:btc_ptmc_accept,1.0000000000
METRIC,2026-04-14T17:14:23Z,124568777972662,440,btc_qm_engine:btc_ptmc_rep_hot,7.0000000000
METRIC,2026-04-14T17:14:23Z,124568777999292,440,btc_qm_engine:btc_ptmc_rep_cold,6.0000000000
METRIC,2026-04-14T17:14:23Z,124568778081782,440,btc_qm_engine:btc_ptmc_accept,1.0000000000
METRIC,2026-04-14T17:14:23Z,124568887314469,440,btc_qm_engine:btc_ptmc_rep_hot,1.0000000000
METRIC,2026-04-14T17:14:23Z,124568887393179,440,btc_qm_engine:btc_ptmc_rep_cold,0.0000000000
METRIC,2026-04-14T17:14:23Z,124568887419309,440,btc_qm_engine:btc_ptmc_accept,1.0000000000
METRIC,2026-04-14T17:14:23Z,124568887443879,440,btc_qm_engine:btc_ptmc_rep_hot,2.0000000000
METRIC,2026-04-14T17:14:23Z,124568887466939,440,btc_qm_engine:btc_ptmc_rep_cold,1.0000000000
METRIC,2026-04-14T17:14:23Z,124568887516609,440,btc_qm_engine:btc_ptmc_accept,1.0000000000
METRIC,2026-04-14T17:14:23Z,124568887545329,440,btc_qm_engine:btc_ptmc_rep_hot,3.0000000000
METRIC,2026-04-14T17:14:23Z,124568887575899,440,btc_qm_engine:btc_ptmc_rep_cold,2.0000000000
METRIC,2026-04-14T17:14:23Z,124568887602399,440,btc_qm_engine:btc_ptmc_accept,1.0000000000
METRIC,2026-04-14T17:14:23Z,124568887626049,440,btc_qm_engine:btc_ptmc_rep_hot,4.0000000000
METRIC,2026-04-14T17:14:23Z,124568887649869,440,btc_qm_engine:btc_ptmc_rep_cold,3.0000000000
METRIC,2026-04-14T17:14:23Z,124568887673779,440,btc_qm_engine:btc_ptmc_accept,1.0000000000
METRIC,2026-04-14T17:14:23Z,124568887704739,440,btc_qm_engine:btc_ptmc_rep_hot,5.0000000000
METRIC,2026-04-14T17:14:23Z,124568887728379,440,btc_qm_engine:btc_ptmc_rep_cold,4.0000000000
METRIC,2026-04-14T17:14:23Z,124568887751999,440,btc_qm_engine:btc_ptmc_accept,1.0000000000
METRIC,2026-04-14T17:14:23Z,124568887782389,440,btc_qm_engine:btc_ptmc_rep_hot,6.0000000000
METRIC,2026-04-14T17:14:23Z,124568887805439,440,btc_qm_engine:btc_ptmc_rep_cold,5.0000000000
METRIC,2026-04-14T17:14:23Z,124568887826589,440,btc_qm_engine:btc_ptmc_accept,1.0000000000
METRIC,2026-04-14T17:14:23Z,124568887852749,440,btc_qm_engine:btc_ptmc_rep_hot,7.0000000000
METRIC,2026-04-14T17:14:23Z,124568887872759,440,btc_qm_engine:btc_ptmc_rep_cold,6.0000000000
METRIC,2026-04-14T17:14:23Z,124568887893239,440,btc_qm_engine:btc_ptmc_accept,1.0000000000
METRIC,2026-04-14T17:14:23Z,124569015654603,440,btc_qm_engine:btc_ptmc_rep_hot,1.0000000000
METRIC,2026-04-14T17:14:23Z,124569015731203,440,btc_qm_engine:btc_ptmc_rep_cold,0.0000000000
METRIC,2026-04-14T17:14:23Z,124569015758833,440,btc_qm_engine:btc_ptmc_accept,1.0000000000
METRIC,2026-04-14T17:14:23Z,124569015784503,440,btc_qm_engine:btc_ptmc_rep_hot,2.0000000000
METRIC,2026-04-14T17:14:23Z,124569015809643,440,btc_qm_engine:btc_ptmc_rep_cold,1.0000000000
METRIC,2026-04-14T17:14:23Z,124569015835333,440,btc_qm_engine:btc_ptmc_accept,1.0000000000
METRIC,2026-04-14T17:14:23Z,124569016592493,440,btc_qm_engine:btc_ptmc_rep_hot,3.0000000000
METRIC,2026-04-14T17:14:23Z,124569016623653,440,btc_qm_engine:btc_ptmc_rep_cold,2.0000000000
METRIC,2026-04-14T17:14:23Z,124569016649323,440,btc_qm_engine:btc_ptmc_accept,1.0000000000
METRIC,2026-04-14T17:14:23Z,124569016682163,440,btc_qm_engine:btc_ptmc_rep_hot,4.0000000000
METRIC,2026-04-14T17:14:23Z,124569016707293,440,btc_qm_engine:btc_ptmc_rep_cold,3.0000000000
METRIC,2026-04-14T17:14:23Z,124569016732023,440,btc_qm_engine:btc_ptmc_accept,1.0000000000
METRIC,2026-04-14T17:14:23Z,124569016757283,440,btc_qm_engine:btc_ptmc_rep_hot,5.0000000000
METRIC,2026-04-14T17:14:23Z,124569016782083,440,btc_qm_engine:btc_ptmc_rep_cold,4.0000000000
METRIC,2026-04-14T17:14:23Z,124569016807013,440,btc_qm_engine:btc_ptmc_accept,1.0000000000
METRIC,2026-04-14T17:14:23Z,124569016832003,440,btc_qm_engine:btc_ptmc_rep_hot,6.0000000000
METRIC,2026-04-14T17:14:23Z,124569016856862,440,btc_qm_engine:btc_ptmc_rep_cold,5.0000000000
METRIC,2026-04-14T17:14:23Z,124569016881902,440,btc_qm_engine:btc_ptmc_accept,1.0000000000
METRIC,2026-04-14T17:14:23Z,124569016906752,440,btc_qm_engine:btc_ptmc_rep_hot,7.0000000000
METRIC,2026-04-14T17:14:23Z,124569016932092,440,btc_qm_engine:btc_ptmc_rep_cold,6.0000000000
METRIC,2026-04-14T17:14:23Z,124569016956952,440,btc_qm_engine:btc_ptmc_accept,1.0000000000
METRIC,2026-04-14T17:14:23Z,124569151477083,440,btc_qm_engine:btc_ptmc_rep_hot,1.0000000000
METRIC,2026-04-14T17:14:23Z,124569151597722,440,btc_qm_engine:btc_ptmc_rep_cold,0.0000000000
METRIC,2026-04-14T17:14:23Z,124569151631252,440,btc_qm_engine:btc_ptmc_accept,1.0000000000
METRIC,2026-04-14T17:14:23Z,124569155330920,440,btc_qm_engine:btc_ptmc_rep_hot,2.0000000000
METRIC,2026-04-14T17:14:23Z,124569155392730,440,btc_qm_engine:btc_ptmc_rep_cold,1.0000000000
METRIC,2026-04-14T17:14:23Z,124569155418250,440,btc_qm_engine:btc_ptmc_accept,0.7165001846
METRIC,2026-04-14T17:14:23Z,124569155449810,440,btc_qm_engine:btc_ptmc_rep_hot,3.0000000000
METRIC,2026-04-14T17:14:23Z,124569155473990,440,btc_qm_engine:btc_ptmc_rep_cold,2.0000000000
METRIC,2026-04-14T17:14:23Z,124569155497670,440,btc_qm_engine:btc_ptmc_accept,1.0000000000
METRIC,2026-04-14T17:14:23Z,124569155523770,440,btc_qm_engine:btc_ptmc_rep_hot,4.0000000000
METRIC,2026-04-14T17:14:23Z,124569155546280,440,btc_qm_engine:btc_ptmc_rep_cold,3.0000000000
METRIC,2026-04-14T17:14:23Z,124569155568770,440,btc_qm_engine:btc_ptmc_accept,1.0000000000
METRIC,2026-04-14T17:14:23Z,124569155592400,440,btc_qm_engine:btc_ptmc_rep_hot,5.0000000000
METRIC,2026-04-14T17:14:23Z,124569155614940,440,btc_qm_engine:btc_ptmc_rep_cold,4.0000000000
METRIC,2026-04-14T17:14:23Z,124569155636970,440,btc_qm_engine:btc_ptmc_accept,0.9394116283
METRIC,2026-04-14T17:14:23Z,124569155666190,440,btc_qm_engine:btc_ptmc_rep_hot,6.0000000000
METRIC,2026-04-14T17:14:23Z,124569155690120,440,btc_qm_engine:btc_ptmc_rep_cold,5.0000000000
METRIC,2026-04-14T17:14:23Z,124569155714390,440,btc_qm_engine:btc_ptmc_accept,0.9642890805
METRIC,2026-04-14T17:14:23Z,124569155737900,440,btc_qm_engine:btc_ptmc_rep_hot,7.0000000000
METRIC,2026-04-14T17:14:23Z,124569155761740,440,btc_qm_engine:btc_ptmc_rep_cold,6.0000000000
METRIC,2026-04-14T17:14:23Z,124569155785110,440,btc_qm_engine:btc_ptmc_accept,0.9767450351
METRIC,2026-04-14T17:14:23Z,124569252362135,440,btc_qm_engine:btc_ptmc_rep_hot,1.0000000000
METRIC,2026-04-14T17:14:23Z,124569252436055,440,btc_qm_engine:btc_ptmc_rep_cold,0.0000000000
METRIC,2026-04-14T17:14:23Z,124569252462855,440,btc_qm_engine:btc_ptmc_accept,1.0000000000
METRIC,2026-04-14T17:14:23Z,124569252492615,440,btc_qm_engine:btc_ptmc_rep_hot,2.0000000000
METRIC,2026-04-14T17:14:23Z,124569252517035,440,btc_qm_engine:btc_ptmc_rep_cold,1.0000000000
METRIC,2026-04-14T17:14:23Z,124569252541025,440,btc_qm_engine:btc_ptmc_accept,1.0000000000
METRIC,2026-04-14T17:14:23Z,124569252566525,440,btc_qm_engine:btc_ptmc_rep_hot,3.0000000000
METRIC,2026-04-14T17:14:23Z,124569252590545,440,btc_qm_engine:btc_ptmc_rep_cold,2.0000000000
METRIC,2026-04-14T17:14:23Z,124569252614615,440,btc_qm_engine:btc_ptmc_accept,0.8464702621
METRIC,2026-04-14T17:14:23Z,124569255905123,440,btc_qm_engine:btc_ptmc_rep_hot,4.0000000000
METRIC,2026-04-14T17:14:23Z,124569255966843,440,btc_qm_engine:btc_ptmc_rep_cold,3.0000000000
METRIC,2026-04-14T17:14:23Z,124569255992453,440,btc_qm_engine:btc_ptmc_accept,0.8187227707
METRIC,2026-04-14T17:14:23Z,124569256033803,440,btc_qm_engine:btc_ptmc_rep_hot,5.0000000000
METRIC,2026-04-14T17:14:23Z,124569256058053,440,btc_qm_engine:btc_ptmc_rep_cold,4.0000000000
METRIC,2026-04-14T17:14:23Z,124569256093793,440,btc_qm_engine:btc_ptmc_accept,0.9394112740
METRIC,2026-04-14T17:14:23Z,124569256129383,440,btc_qm_engine:btc_ptmc_rep_hot,6.0000000000
METRIC,2026-04-14T17:14:23Z,124569256152853,440,btc_qm_engine:btc_ptmc_rep_cold,5.0000000000
METRIC,2026-04-14T17:14:23Z,124569256176283,440,btc_qm_engine:btc_ptmc_accept,0.9298531933
METRIC,2026-04-14T17:14:23Z,124569256200142,440,btc_qm_engine:btc_ptmc_rep_hot,7.0000000000
METRIC,2026-04-14T17:14:23Z,124569256223682,440,btc_qm_engine:btc_ptmc_rep_cold,6.0000000000
METRIC,2026-04-14T17:14:23Z,124569256247072,440,btc_qm_engine:btc_ptmc_accept,0.9767447714
METRIC,2026-04-14T17:14:23Z,124569373141874,440,btc_qm_engine:btc_ptmc_rep_hot,1.0000000000
METRIC,2026-04-14T17:14:23Z,124569373231014,440,btc_qm_engine:btc_ptmc_rep_cold,0.0000000000
METRIC,2026-04-14T17:14:23Z,124569373258284,440,btc_qm_engine:btc_ptmc_accept,1.0000000000
METRIC,2026-04-14T17:14:23Z,124569373294754,440,btc_qm_engine:btc_ptmc_rep_hot,2.0000000000
METRIC,2026-04-14T17:14:23Z,124569373352854,440,btc_qm_engine:btc_ptmc_rep_cold,1.0000000000
METRIC,2026-04-14T17:14:23Z,124569373378624,440,btc_qm_engine:btc_ptmc_accept,1.0000000000
METRIC,2026-04-14T17:14:23Z,124569373412464,440,btc_qm_engine:btc_ptmc_rep_hot,3.0000000000
METRIC,2026-04-14T17:14:23Z,124569373437734,440,btc_qm_engine:btc_ptmc_rep_cold,2.0000000000
METRIC,2026-04-14T17:14:23Z,124569373462594,440,btc_qm_engine:btc_ptmc_accept,1.0000000000
METRIC,2026-04-14T17:14:23Z,124569373497014,440,btc_qm_engine:btc_ptmc_rep_hot,4.0000000000
METRIC,2026-04-14T17:14:23Z,124569373522204,440,btc_qm_engine:btc_ptmc_rep_cold,3.0000000000
METRIC,2026-04-14T17:14:23Z,124569373547024,440,btc_qm_engine:btc_ptmc_accept,1.0000000000
METRIC,2026-04-14T17:14:23Z,124569373578684,440,btc_qm_engine:btc_ptmc_rep_hot,5.0000000000
METRIC,2026-04-14T17:14:23Z,124569373603994,440,btc_qm_engine:btc_ptmc_rep_cold,4.0000000000
METRIC,2026-04-14T17:14:23Z,124569373629174,440,btc_qm_engine:btc_ptmc_accept,1.0000000000
METRIC,2026-04-14T17:14:23Z,124569373653124,440,btc_qm_engine:btc_ptmc_rep_hot,6.0000000000
METRIC,2026-04-14T17:14:23Z,124569373678084,440,btc_qm_engine:btc_ptmc_rep_cold,5.0000000000
METRIC,2026-04-14T17:14:23Z,124569373702624,440,btc_qm_engine:btc_ptmc_accept,1.0000000000
METRIC,2026-04-14T17:14:23Z,124569373727954,440,btc_qm_engine:btc_ptmc_rep_hot,7.0000000000
METRIC,2026-04-14T17:14:23Z,124569373752494,440,btc_qm_engine:btc_ptmc_rep_cold,6.0000000000
METRIC,2026-04-14T17:14:23Z,124569373777054,440,btc_qm_engine:btc_ptmc_accept,1.0000000000
METRIC,2026-04-14T17:14:23Z,124569500543559,440,btc_qm_engine:btc_ptmc_rep_hot,1.0000000000
METRIC,2026-04-14T17:14:23Z,124569500626199,440,btc_qm_engine:btc_ptmc_rep_cold,0.0000000000
METRIC,2026-04-14T17:14:23Z,124569500651159,440,btc_qm_engine:btc_ptmc_accept,1.0000000000
METRIC,2026-04-14T17:14:23Z,124569500673989,440,btc_qm_engine:btc_ptmc_rep_hot,2.0000000000
METRIC,2026-04-14T17:14:23Z,124569500695979,440,btc_qm_engine:btc_ptmc_rep_cold,1.0000000000
METRIC,2026-04-14T17:14:23Z,124569500717439,440,btc_qm_engine:btc_ptmc_accept,1.0000000000
METRIC,2026-04-14T17:14:23Z,124569500738659,440,btc_qm_engine:btc_ptmc_rep_hot,3.0000000000
METRIC,2026-04-14T17:14:23Z,124569500770169,440,btc_qm_engine:btc_ptmc_rep_cold,2.0000000000
METRIC,2026-04-14T17:14:23Z,124569500799719,440,btc_qm_engine:btc_ptmc_accept,1.0000000000
METRIC,2026-04-14T17:14:23Z,124569500822399,440,btc_qm_engine:btc_ptmc_rep_hot,4.0000000000
METRIC,2026-04-14T17:14:23Z,124569500844529,440,btc_qm_engine:btc_ptmc_rep_cold,3.0000000000
METRIC,2026-04-14T17:14:23Z,124569500866539,440,btc_qm_engine:btc_ptmc_accept,1.0000000000
METRIC,2026-04-14T17:14:23Z,124569500888909,440,btc_qm_engine:btc_ptmc_rep_hot,5.0000000000
METRIC,2026-04-14T17:14:23Z,124569500911599,440,btc_qm_engine:btc_ptmc_rep_cold,4.0000000000
METRIC,2026-04-14T17:14:23Z,124569500934909,440,btc_qm_engine:btc_ptmc_accept,1.0000000000
METRIC,2026-04-14T17:14:23Z,124569500957059,440,btc_qm_engine:btc_ptmc_rep_hot,6.0000000000
METRIC,2026-04-14T17:14:23Z,124569500981069,440,btc_qm_engine:btc_ptmc_rep_cold,5.0000000000
METRIC,2026-04-14T17:14:23Z,124569523267814,440,btc_qm_engine:btc_ptmc_accept,1.0000000000
METRIC,2026-04-14T17:14:23Z,124569523335894,440,btc_qm_engine:btc_ptmc_rep_hot,7.0000000000
METRIC,2026-04-14T17:14:23Z,124569523356914,440,btc_qm_engine:btc_ptmc_rep_cold,6.0000000000
METRIC,2026-04-14T17:14:23Z,124569523376474,440,btc_qm_engine:btc_ptmc_accept,1.0000000000
METRIC,2026-04-14T17:14:23Z,124569609402577,440,btc_qm_engine:btc_ptmc_rep_hot,1.0000000000
METRIC,2026-04-14T17:14:23Z,124569609491946,440,btc_qm_engine:btc_ptmc_rep_cold,0.0000000000
METRIC,2026-04-14T17:14:23Z,124569609516736,440,btc_qm_engine:btc_ptmc_accept,1.0000000000
METRIC,2026-04-14T17:14:23Z,124569609539126,440,btc_qm_engine:btc_ptmc_rep_hot,2.0000000000
METRIC,2026-04-14T17:14:23Z,124569609561206,440,btc_qm_engine:btc_ptmc_rep_cold,1.0000000000
METRIC,2026-04-14T17:14:23Z,124569609583326,440,btc_qm_engine:btc_ptmc_accept,1.0000000000
METRIC,2026-04-14T17:14:23Z,124569609612696,440,btc_qm_engine:btc_ptmc_rep_hot,3.0000000000
METRIC,2026-04-14T17:14:23Z,124569610166226,440,btc_qm_engine:btc_ptmc_rep_cold,2.0000000000
METRIC,2026-04-14T17:14:23Z,124569610195966,440,btc_qm_engine:btc_ptmc_accept,1.0000000000
METRIC,2026-04-14T17:14:23Z,124569610220116,440,btc_qm_engine:btc_ptmc_rep_hot,4.0000000000
METRIC,2026-04-14T17:14:23Z,124569610242756,440,btc_qm_engine:btc_ptmc_rep_cold,3.0000000000
METRIC,2026-04-14T17:14:23Z,124569610265546,440,btc_qm_engine:btc_ptmc_accept,1.0000000000
METRIC,2026-04-14T17:14:23Z,124569610293436,440,btc_qm_engine:btc_ptmc_rep_hot,5.0000000000
METRIC,2026-04-14T17:14:23Z,124569610316856,440,btc_qm_engine:btc_ptmc_rep_cold,4.0000000000
METRIC,2026-04-14T17:14:23Z,124569610341626,440,btc_qm_engine:btc_ptmc_accept,1.0000000000
METRIC,2026-04-14T17:14:23Z,124569610364416,440,btc_qm_engine:btc_ptmc_rep_hot,6.0000000000
METRIC,2026-04-14T17:14:23Z,124569610386986,440,btc_qm_engine:btc_ptmc_rep_cold,5.0000000000
METRIC,2026-04-14T17:14:23Z,124569610408926,440,btc_qm_engine:btc_ptmc_accept,1.0000000000
METRIC,2026-04-14T17:14:23Z,124569610431466,440,btc_qm_engine:btc_ptmc_rep_hot,7.0000000000
METRIC,2026-04-14T17:14:23Z,124569610453946,440,btc_qm_engine:btc_ptmc_rep_cold,6.0000000000
METRIC,2026-04-14T17:14:23Z,124569610476526,440,btc_qm_engine:btc_ptmc_accept,1.0000000000
METRIC,2026-04-14T17:14:24Z,124569716780475,440,btc_qm_engine:btc_ptmc_rep_hot,1.0000000000
METRIC,2026-04-14T17:14:24Z,124569716861005,440,btc_qm_engine:btc_ptmc_rep_cold,0.0000000000
METRIC,2026-04-14T17:14:24Z,124569716881415,440,btc_qm_engine:btc_ptmc_accept,1.0000000000
METRIC,2026-04-14T17:14:24Z,124569716900505,440,btc_qm_engine:btc_ptmc_rep_hot,2.0000000000
METRIC,2026-04-14T17:14:24Z,124569716919055,440,btc_qm_engine:btc_ptmc_rep_cold,1.0000000000
METRIC,2026-04-14T17:14:24Z,124569716937435,440,btc_qm_engine:btc_ptmc_accept,1.0000000000
METRIC,2026-04-14T17:14:24Z,124569716962635,440,btc_qm_engine:btc_ptmc_rep_hot,3.0000000000
METRIC,2026-04-14T17:14:24Z,124569716980775,440,btc_qm_engine:btc_ptmc_rep_cold,2.0000000000
METRIC,2026-04-14T17:14:24Z,124569716999254,440,btc_qm_engine:btc_ptmc_accept,1.0000000000
METRIC,2026-04-14T17:14:24Z,124569717080204,440,btc_qm_engine:btc_ptmc_rep_hot,4.0000000000
METRIC,2026-04-14T17:14:24Z,124569717098724,440,btc_qm_engine:btc_ptmc_rep_cold,3.0000000000
METRIC,2026-04-14T17:14:24Z,124569717117114,440,btc_qm_engine:btc_ptmc_accept,1.0000000000
METRIC,2026-04-14T17:14:24Z,124569717141824,440,btc_qm_engine:btc_ptmc_rep_hot,5.0000000000
METRIC,2026-04-14T17:14:24Z,124569717159824,440,btc_qm_engine:btc_ptmc_rep_cold,4.0000000000
METRIC,2026-04-14T17:14:24Z,124569717178204,440,btc_qm_engine:btc_ptmc_accept,1.0000000000
METRIC,2026-04-14T17:14:24Z,124569717196454,440,btc_qm_engine:btc_ptmc_rep_hot,6.0000000000
METRIC,2026-04-14T17:14:24Z,124569717214574,440,btc_qm_engine:btc_ptmc_rep_cold,5.0000000000
METRIC,2026-04-14T17:14:24Z,124569717232884,440,btc_qm_engine:btc_ptmc_accept,1.0000000000
METRIC,2026-04-14T17:14:24Z,124569717250944,440,btc_qm_engine:btc_ptmc_rep_hot,7.0000000000
METRIC,2026-04-14T17:14:24Z,124569717273874,440,btc_qm_engine:btc_ptmc_rep_cold,6.0000000000
METRIC,2026-04-14T17:14:24Z,124569717298214,440,btc_qm_engine:btc_ptmc_accept,1.0000000000
METRIC,2026-04-14T17:14:24Z,124569829802639,440,btc_qm_engine:btc_ptmc_rep_hot,1.0000000000
METRIC,2026-04-14T17:14:24Z,124569829885239,440,btc_qm_engine:btc_ptmc_rep_cold,0.0000000000
METRIC,2026-04-14T17:14:24Z,124569829912149,440,btc_qm_engine:btc_ptmc_accept,1.0000000000
METRIC,2026-04-14T17:14:24Z,124569829939389,440,btc_qm_engine:btc_ptmc_rep_hot,2.0000000000
METRIC,2026-04-14T17:14:24Z,124569829964539,440,btc_qm_engine:btc_ptmc_rep_cold,1.0000000000
METRIC,2026-04-14T17:14:24Z,124569829989399,440,btc_qm_engine:btc_ptmc_accept,0.7165313106
METRIC,2026-04-14T17:14:24Z,124569830035399,440,btc_qm_engine:btc_ptmc_rep_hot,3.0000000000
METRIC,2026-04-14T17:14:24Z,124569830060389,440,btc_qm_engine:btc_ptmc_rep_cold,2.0000000000
METRIC,2026-04-14T17:14:24Z,124569830085399,440,btc_qm_engine:btc_ptmc_accept,0.8464817249
METRIC,2026-04-14T17:14:24Z,124569830139889,440,btc_qm_engine:btc_ptmc_rep_hot,4.0000000000
METRIC,2026-04-14T17:14:24Z,124569830164719,440,btc_qm_engine:btc_ptmc_rep_cold,3.0000000000
METRIC,2026-04-14T17:14:24Z,124569830189319,440,btc_qm_engine:btc_ptmc_accept,1.0000000000
METRIC,2026-04-14T17:14:24Z,124569830218049,440,btc_qm_engine:btc_ptmc_rep_hot,5.0000000000
METRIC,2026-04-14T17:14:24Z,124569830242729,440,btc_qm_engine:btc_ptmc_rep_cold,4.0000000000
METRIC,2026-04-14T17:14:24Z,124569830274279,440,btc_qm_engine:btc_ptmc_accept,0.9394130628
METRIC,2026-04-14T17:14:24Z,124569830302479,440,btc_qm_engine:btc_ptmc_rep_hot,6.0000000000
METRIC,2026-04-14T17:14:24Z,124569830327049,440,btc_qm_engine:btc_ptmc_rep_cold,5.0000000000
METRIC,2026-04-14T17:14:24Z,124569830351699,440,btc_qm_engine:btc_ptmc_accept,0.9642895790
METRIC,2026-04-14T17:14:24Z,124569830376639,440,btc_qm_engine:btc_ptmc_rep_hot,7.0000000000
METRIC,2026-04-14T17:14:24Z,124569830401279,440,btc_qm_engine:btc_ptmc_rep_cold,6.0000000000
METRIC,2026-04-14T17:14:24Z,124569830425839,440,btc_qm_engine:btc_ptmc_accept,0.9767452464
METRIC,2026-04-14T17:14:24Z,124569934215709,440,btc_qm_engine:btc_ptmc_rep_hot,1.0000000000
METRIC,2026-04-14T17:14:24Z,124569934327569,440,btc_qm_engine:btc_ptmc_rep_cold,0.0000000000
METRIC,2026-04-14T17:14:24Z,124569934375229,440,btc_qm_engine:btc_ptmc_accept,-0.2635971381
METRIC,2026-04-14T17:14:24Z,124569934402319,440,btc_qm_engine:btc_ptmc_rep_hot,2.0000000000
METRIC,2026-04-14T17:14:24Z,124569934445839,440,btc_qm_engine:btc_ptmc_rep_cold,1.0000000000
METRIC,2026-04-14T17:14:24Z,124569934471409,440,btc_qm_engine:btc_ptmc_accept,1.0000000000
METRIC,2026-04-14T17:14:24Z,124569934496649,440,btc_qm_engine:btc_ptmc_rep_hot,3.0000000000
METRIC,2026-04-14T17:14:24Z,124569934540139,440,btc_qm_engine:btc_ptmc_rep_cold,2.0000000000
METRIC,2026-04-14T17:14:24Z,124569934564979,440,btc_qm_engine:btc_ptmc_accept,1.0000000000
METRIC,2026-04-14T17:14:24Z,124569934607549,440,btc_qm_engine:btc_ptmc_rep_hot,4.0000000000
METRIC,2026-04-14T17:14:24Z,124569934632569,440,btc_qm_engine:btc_ptmc_rep_cold,3.0000000000
METRIC,2026-04-14T17:14:24Z,124569934657429,440,btc_qm_engine:btc_ptmc_accept,1.0000000000
METRIC,2026-04-14T17:14:24Z,124569934705319,440,btc_qm_engine:btc_ptmc_rep_hot,5.0000000000
METRIC,2026-04-14T17:14:24Z,124569934729849,440,btc_qm_engine:btc_ptmc_rep_cold,4.0000000000
METRIC,2026-04-14T17:14:24Z,124569934754749,440,btc_qm_engine:btc_ptmc_accept,1.0000000000
METRIC,2026-04-14T17:14:24Z,124569934800269,440,btc_qm_engine:btc_ptmc_rep_hot,6.0000000000
METRIC,2026-04-14T17:14:24Z,124569934825329,440,btc_qm_engine:btc_ptmc_rep_cold,5.0000000000
METRIC,2026-04-14T17:14:24Z,124569934868179,440,btc_qm_engine:btc_ptmc_accept,1.0000000000
METRIC,2026-04-14T17:14:24Z,124569934893359,440,btc_qm_engine:btc_ptmc_rep_hot,7.0000000000
METRIC,2026-04-14T17:14:24Z,124569934918069,440,btc_qm_engine:btc_ptmc_rep_cold,6.0000000000
METRIC,2026-04-14T17:14:24Z,124569934960409,440,btc_qm_engine:btc_ptmc_accept,1.0000000000
METRIC,2026-04-14T17:14:24Z,124570043887796,440,btc_qm_engine:btc_ptmc_rep_hot,1.0000000000
METRIC,2026-04-14T17:14:24Z,124570043973716,440,btc_qm_engine:btc_ptmc_rep_cold,0.0000000000
METRIC,2026-04-14T17:14:24Z,124570044000836,440,btc_qm_engine:btc_ptmc_accept,1.0000000000
METRIC,2026-04-14T17:14:24Z,124570044039936,440,btc_qm_engine:btc_ptmc_rep_hot,2.0000000000
METRIC,2026-04-14T17:14:24Z,124570044065296,440,btc_qm_engine:btc_ptmc_rep_cold,1.0000000000
METRIC,2026-04-14T17:14:24Z,124570044090446,440,btc_qm_engine:btc_ptmc_accept,1.0000000000
METRIC,2026-04-14T17:14:24Z,124570044144706,440,btc_qm_engine:btc_ptmc_rep_hot,3.0000000000
METRIC,2026-04-14T17:14:24Z,124570044188946,440,btc_qm_engine:btc_ptmc_rep_cold,2.0000000000
METRIC,2026-04-14T17:14:24Z,124570044225346,440,btc_qm_engine:btc_ptmc_accept,1.0000000000
METRIC,2026-04-14T17:14:24Z,124570044253846,440,btc_qm_engine:btc_ptmc_rep_hot,4.0000000000
METRIC,2026-04-14T17:14:24Z,124570044282676,440,btc_qm_engine:btc_ptmc_rep_cold,3.0000000000
METRIC