=== LOG FORENSIQUE ULTRA-STRICT v3.0 MODULE btc_qm_engine ===
Timestamp: 40721932641352 ns | PID: 1169 | Thread: 139680614264064
Standards: ISO/IEC 27037, NIST SP 800-86, IEEE 1012
=====================================================
[40721932932112] TEST_START: main_btc_mining | Source: src/main_btc_mining.c:208 in main()
[40721933241872] METRIC #1: btc_run_mode_hash = 66.0000000000 | Src: src/main_btc_mining.c:209 main()
[40722085736315] METRIC #2: btc_module_version = 17.0000000000 | Src: src/main_btc_mining.c:211 main()
[40722086660696] METRIC #3: btc_nx48_init_loaded = 0.0000000000 | Src: src/nx48_btc_controller.c:163 nx48_btc_init()
[40722087102776] METRIC #4: btc_nx48_delta_nonce_scale = 1.0000000000 | Src: src/nx48_btc_controller.c:164 nx48_btc_init()
[40722087492736] METRIC #5: btc_nx48_n_replicas_scale = 1.0000000000 | Src: src/nx48_btc_controller.c:165 nx48_btc_init()
[40722087875496] METRIC #6: btc_nx48_swap_temp_scale = 1.0000000000 | Src: src/nx48_btc_controller.c:166 nx48_btc_init()
[40722088314756] METRIC #7: btc_nx48_batch_size_scale = 1.0000000000 | Src: src/nx48_btc_controller.c:167 nx48_btc_init()
[40722088685066] METRIC #8: btc_nx48_exploration_bias = 0.5000000000 | Src: src/nx48_btc_controller.c:168 nx48_btc_init()
[40722089122976] METRIC #9: btc_nx48_neuron_count = 2.0000000000 | Src: src/nx48_btc_controller.c:169 nx48_btc_init()
[40722089576266] METRIC #10: btc_sha256_self_test_pass = 1.0000000000 | Src: src/sha256_lumvorax.c:396 lv_sha256_self_test()
[40722090061946] METRIC #11: btc_wallet_create_start = 1.0000000000 | Src: src/btc_wallet.c:296 btc_wallet_create()
[40722097703676] METRIC #12: btc_wallet_created = 1.0000000000 | Src: src/btc_wallet.c:343 btc_wallet_create()
[40722098223206] METRIC #13: btc_wallet_create_ns = 7641610.0000000000 | Src: src/btc_wallet.c:344 btc_wallet_create()
[40722098560856] METRIC #14: btc_wallet_network = 1.0000000000 | Src: src/btc_wallet.c:345 btc_wallet_create()
[40722099570876] METRIC #15: btc_wallet_saved_json = 1.0000000000 | Src: src/btc_wallet.c:507 btc_wallet_save_json()
[40722100105606] METRIC #16: btc_sha256_self_test_pass = 1.0000000000 | Src: src/sha256_lumvorax.c:396 lv_sha256_self_test()
[40722100511176] METRIC #17: btc_integrity_gate_pass = 1.0000000000 | Src: src/btc_mining_engine.c:828 btc_engine_run()
[40722101769936] METRIC #18: btc_ram_available_mb_start = 18057.0000000000 | Src: src/btc_mining_engine.c:868 btc_engine_run()
[40722102205016] TEST_START: btc_engine_create | Source: src/btc_mining_engine.c:433 in engine_create()
[40722102321506] METRIC #19: btc_n_replicas = 8.0000000000 | Src: src/btc_mining_engine.c:434 engine_create()
[40722102665586] METRIC #20: btc_n_threads = 2.0000000000 | Src: src/btc_mining_engine.c:435 engine_create()
[40722103106456] METRIC #21: btc_batch_size = 512.0000000000 | Src: src/btc_mining_engine.c:436 engine_create()
[40722103495466] METRIC #22: btc_nonce_start = 0.0000000000 | Src: src/btc_mining_engine.c:437 engine_create()
[40722104321316] METRIC #23: btc_nonce_end = 4294967295.0000000000 | Src: src/btc_mining_engine.c:438 engine_create()
[40722104832406] METRIC #24: btc_duration_s = 3.0000000000 | Src: src/btc_mining_engine.c:439 engine_create()
[40722105470816] METRIC #25: btc_replica_idx = 0.0000000000 | Src: src/btc_mining_engine.c:442 engine_create()
[40722105811306] METRIC #26: btc_replica_nonce = 0.0000000000 | Src: src/btc_mining_engine.c:442 engine_create()
[40722106177636] METRIC #27: btc_replica_temp = 1.0000000000 | Src: src/btc_mining_engine.c:442 engine_create()
[40722106502556] METRIC #28: btc_replica_leading = 0.0000000000 | Src: src/btc_mining_engine.c:442 engine_create()
[40722106837266] METRIC #29: btc_replica_idx = 1.0000000000 | Src: src/btc_mining_engine.c:442 engine_create()
[40722107205506] METRIC #30: btc_replica_nonce = 536870911.0000000000 | Src: src/btc_mining_engine.c:442 engine_create()
[40722107607906] METRIC #31: btc_replica_temp = 2.0000000000 | Src: src/btc_mining_engine.c:442 engine_create()
[40722107985636] METRIC #32: btc_replica_leading = 0.0000000000 | Src: src/btc_mining_engine.c:442 engine_create()
[40722108368066] METRIC #33: btc_replica_idx = 2.0000000000 | Src: src/btc_mining_engine.c:442 engine_create()
[40722108679206] METRIC #34: btc_replica_nonce = 1073741822.0000000000 | Src: src/btc_mining_engine.c:442 engine_create()
[40722108989196] METRIC #35: btc_replica_temp = 4.0000000000 | Src: src/btc_mining_engine.c:442 engine_create()
[40722109333806] METRIC #36: btc_replica_leading = 0.0000000000 | Src: src/btc_mining_engine.c:442 engine_create()
[40722109688896] METRIC #37: btc_replica_idx = 3.0000000000 | Src: src/btc_mining_engine.c:442 engine_create()
[40722110121216] METRIC #38: btc_replica_nonce = 1610612733.0000000000 | Src: src/btc_mining_engine.c:442 engine_create()
[40722110506896] METRIC #39: btc_replica_temp = 8.0000000000 | Src: src/btc_mining_engine.c:442 engine_create()
[40722110874986] METRIC #40: btc_replica_leading = 0.0000000000 | Src: src/btc_mining_engine.c:442 engine_create()
[40722111221776] METRIC #41: btc_replica_idx = 4.0000000000 | Src: src/btc_mining_engine.c:442 engine_create()
[40722112061956] METRIC #42: btc_replica_nonce = 2147483644.0000000000 | Src: src/btc_mining_engine.c:442 engine_create()
[40722112404036] METRIC #43: btc_replica_temp = 12.0000000000 | Src: src/btc_mining_engine.c:442 engine_create()
[40722112863316] METRIC #44: btc_replica_leading = 0.0000000000 | Src: src/btc_mining_engine.c:442 engine_create()
[40722113248876] METRIC #45: btc_replica_idx = 5.0000000000 | Src: src/btc_mining_engine.c:442 engine_create()
[40722113579706] METRIC #46: btc_replica_nonce = 2684354555.0000000000 | Src: src/btc_mining_engine.c:442 engine_create()
[40722113874366] METRIC #47: btc_replica_temp = 20.0000000000 | Src: src/btc_mining_engine.c:442 engine_create()
[40722114233696] METRIC #48: btc_replica_leading = 0.0000000000 | Src: src/btc_mining_engine.c:442 engine_create()
[40722114545786] METRIC #49: btc_replica_idx = 6.0000000000 | Src: src/btc_mining_engine.c:442 engine_create()
[40722114857496] METRIC #50: btc_replica_nonce = 3221225466.0000000000 | Src: src/btc_mining_engine.c:442 engine_create()
[40722115231416] METRIC #51: btc_replica_temp = 35.0000000000 | Src: src/btc_mining_engine.c:442 engine_create()
[40722115543766] METRIC #52: btc_replica_leading = 0.0000000000 | Src: src/btc_mining_engine.c:442 engine_create()
[40722115830286] METRIC #53: btc_replica_idx = 7.0000000000 | Src: src/btc_mining_engine.c:442 engine_create()
[40722116197586] METRIC #54: btc_replica_nonce = 3758096377.0000000000 | Src: src/btc_mining_engine.c:442 engine_create()
[40722116549666] METRIC #55: btc_replica_temp = 50.0000000000 | Src: src/btc_mining_engine.c:442 engine_create()
[40722116909426] METRIC #56: btc_replica_leading = 0.0000000000 | Src: src/btc_mining_engine.c:442 engine_create()
[40722117290736] METRIC #57: btc_midstate_applied = 1.0000000000 | Src: src/btc_mining_engine.c:883 btc_engine_run()
[40722118096156] METRIC #58: btc_block_nonce = 4039778139.0000000000 | Src: src/btc_mining_engine.c:689 btc_mining_thread()
[40722118753026] METRIC #59: btc_best_leading_zeros = 1.0000000000 | Src: src/btc_mining_engine.c:689 btc_mining_thread()
[40722119221706] METRIC #60: btc_block_valid = 0.0000000000 | Src: src/btc_mining_engine.c:689 btc_mining_thread()
[40722119616336] METRIC #61: btc_threads_launched = 2.0000000000 | Src: src/btc_mining_engine.c:902 btc_engine_run()
[40722120994356] METRIC #62: btc_best_leading_zeros = 1.0000000000 | Src: src/btc_mining_engine.c:690 btc_mining_thread()
[40722121615646] METRIC #63: btc_nx48_csv_saved = 1.0000000000 | Src: src/nx48_btc_controller.c:484 nx48_btc_save_csv()
[40722121981066] METRIC #64: btc_block_nonce = 536908672.0000000000 | Src: src/btc_mining_engine.c:689 btc_mining_thread()
[40722122527356] METRIC #65: btc_best_leading_zeros = 2.0000000000 | Src: src/btc_mining_engine.c:689 btc_mining_thread()
[40722122863706] METRIC #66: btc_block_valid = 0.0000000000 | Src: src/btc_mining_engine.c:689 btc_mining_thread()
[40722123535426] METRIC #67: btc_best_leading_zeros = 2.0000000000 | Src: src/btc_mining_engine.c:690 btc_mining_thread()
[40722124132306] METRIC #68: btc_nx48_csv_saved = 1.0000000000 | Src: src/nx48_btc_controller.c:484 nx48_btc_save_csv()
[40722124537456] METRIC #69: btc_block_nonce = 3543117988.0000000000 | Src: src/btc_mining_engine.c:689 btc_mining_thread()
[40722124904296] METRIC #70: btc_best_leading_zeros = 4.0000000000 | Src: src/btc_mining_engine.c:689 btc_mining_thread()
[40722125323216] METRIC #71: btc_block_valid = 0.0000000000 | Src: src/btc_mining_engine.c:689 btc_mining_thread()
[40722125982796] METRIC #72: btc_best_leading_zeros = 4.0000000000 | Src: src/btc_mining_engine.c:690 btc_mining_thread()
[40722126581906] METRIC #73: btc_nx48_csv_saved = 1.0000000000 | Src: src/nx48_btc_controller.c:484 nx48_btc_save_csv()
[40722128505647] METRIC #74: btc_block_nonce = 3543139836.0000000000 | Src: src/btc_mining_engine.c:689 btc_mining_thread()
[40722128864796] METRIC #75: btc_best_leading_zeros = 9.0000000000 | Src: src/btc_mining_engine.c:689 btc_mining_thread()
[40722129238216] METRIC #76: btc_block_valid = 0.0000000000 | Src: src/btc_mining_engine.c:689 btc_mining_thread()
[40722129895177] METRIC #77: btc_best_leading_zeros = 9.0000000000 | Src: src/btc_mining_engine.c:690 btc_mining_thread()
[40722130420787] METRIC #78: btc_nx48_csv_saved = 1.0000000000 | Src: src/nx48_btc_controller.c:484 nx48_btc_save_csv()
[40722130849017] METRIC #79: btc_block_nonce = 4039795792.0000000000 | Src: src/btc_mining_engine.c:689 btc_mining_thread()
[40722131209157] METRIC #80: btc_best_leading_zeros = 10.0000000000 | Src: src/btc_mining_engine.c:689 btc_mining_thread()
[40722131539827] METRIC #81: btc_block_valid = 0.0000000000 | Src: src/btc_mining_engine.c:689 btc_mining_thread()
[40722132285017] METRIC #82: btc_best_leading_zeros = 10.0000000000 | Src: src/btc_mining_engine.c:690 btc_mining_thread()
[40722132869817] METRIC #83: btc_nx48_csv_saved = 1.0000000000 | Src: src/nx48_btc_controller.c:484 nx48_btc_save_csv()
[40722133351387] METRIC #84: btc_block_nonce = 3543138394.0000000000 | Src: src/btc_mining_engine.c:689 btc_mining_thread()
[40722133694097] METRIC #85: btc_best_leading_zeros = 12.0000000000 | Src: src/btc_mining_engine.c:689 btc_mining_thread()
[40722134088057] METRIC #86: btc_block_valid = 0.0000000000 | Src: src/btc_mining_engine.c:689 btc_mining_thread()
[40722134995267] METRIC #87: btc_best_leading_zeros = 12.0000000000 | Src: src/btc_mining_engine.c:690 btc_mining_thread()
[40722135754717] METRIC #88: btc_nx48_csv_saved = 1.0000000000 | Src: src/nx48_btc_controller.c:484 nx48_btc_save_csv()
[40722220361809] METRIC #89: btc_ptmc_rep_hot = 1.0000000000 | Src: src/btc_mining_engine.c:503 engine_ptmc_swap()
[40722220953619] METRIC #90: btc_ptmc_rep_cold = 0.0000000000 | Src: src/btc_mining_engine.c:503 engine_ptmc_swap()
[40722221777589] METRIC #91: btc_ptmc_accept = 1.0000000000 | Src: src/btc_mining_engine.c:503 engine_ptmc_swap()
[40722222307019] METRIC #92: btc_ptmc_rep_hot = 2.0000000000 | Src: src/btc_mining_engine.c:503 engine_ptmc_swap()
[40722222709499] METRIC #93: btc_ptmc_rep_cold = 1.0000000000 | Src: src/btc_mining_engine.c:503 engine_ptmc_swap()
[40722223082879] METRIC #94: btc_ptmc_accept = 1.0000000000 | Src: src/btc_mining_engine.c:503 engine_ptmc_swap()
[40722223456209] METRIC #95: btc_ptmc_rep_hot = 3.0000000000 | Src: src/btc_mining_engine.c:503 engine_ptmc_swap()
[40722223909949] METRIC #96: btc_ptmc_rep_cold = 2.0000000000 | Src: src/btc_mining_engine.c:503 engine_ptmc_swap()
[40722224300389] METRIC #97: btc_ptmc_accept = 1.0000000000 | Src: src/btc_mining_engine.c:503 engine_ptmc_swap()
[40722224607849] METRIC #98: btc_ptmc_rep_hot = 4.0000000000 | Src: src/btc_mining_engine.c:503 engine_ptmc_swap()
[40722224968789] METRIC #99: btc_ptmc_rep_cold = 3.0000000000 | Src: src/btc_mining_engine.c:503 engine_ptmc_swap()
[40722225512739] METRIC #100: btc_ptmc_accept = 1.0000000000 | Src: src/btc_mining_engine.c:503 engine_ptmc_swap()
[40722225951929] METRIC #101: btc_ptmc_rep_hot = 5.0000000000 | Src: src/btc_mining_engine.c:503 engine_ptmc_swap()
[40722226434989] METRIC #102: btc_ptmc_rep_cold = 4.0000000000 | Src: src/btc_mining_engine.c:503 engine_ptmc_swap()
[40722226838789] METRIC #103: btc_ptmc_accept = 1.0000000000 | Src: src/btc_mining_engine.c:503 engine_ptmc_swap()
[40722227205689] METRIC #104: btc_ptmc_rep_hot = 6.0000000000 | Src: src/btc_mining_engine.c:503 engine_ptmc_swap()
[40722227654569] METRIC #105: btc_ptmc_rep_cold = 5.0000000000 | Src: src/btc_mining_engine.c:503 engine_ptmc_swap()
[40722228103449] METRIC #106: btc_ptmc_accept = 1.0000000000 | Src: src/btc_mining_engine.c:503 engine_ptmc_swap()
[40722228498469] METRIC #107: btc_ptmc_rep_hot = 7.0000000000 | Src: src/btc_mining_engine.c:503 engine_ptmc_swap()
[40722228841279] METRIC #108: btc_ptmc_rep_cold = 6.0000000000 | Src: src/btc_mining_engine.c:503 engine_ptmc_swap()
[40722229225289] METRIC #109: btc_ptmc_accept = 1.0000000000 | Src: src/btc_mining_engine.c:503 engine_ptmc_swap()
[40722320920441] METRIC #110: btc_ptmc_rep_hot = 1.0000000000 | Src: src/btc_mining_engine.c:503 engine_ptmc_swap()
[40722321482431] METRIC #111: btc_ptmc_rep_cold = 0.0000000000 | Src: src/btc_mining_engine.c:503 engine_ptmc_swap()
[40722321874031] METRIC #112: btc_ptmc_accept = 1.0000000000 | Src: src/btc_mining_engine.c:503 engine_ptmc_swap()
[40722322321261] METRIC #113: btc_ptmc_rep_hot = 2.0000000000 | Src: src/btc_mining_engine.c:503 engine_ptmc_swap()
[40722322750061] METRIC #114: btc_ptmc_rep_cold = 1.0000000000 | Src: src/btc_mining_engine.c:503 engine_ptmc_swap()
[40722323176951] METRIC #115: btc_ptmc_accept = 1.0000000000 | Src: src/btc_mining_engine.c:503 engine_ptmc_swap()
[40722323611611] METRIC #116: btc_ptmc_rep_hot = 3.0000000000 | Src: src/btc_mining_engine.c:503 engine_ptmc_swap()
[40722323999051] METRIC #117: btc_ptmc_rep_cold = 2.0000000000 | Src: src/btc_mining_engine.c:503 engine_ptmc_swap()
[40722324401841] METRIC #118: btc_ptmc_accept = 1.0000000000 | Src: src/btc_mining_engine.c:503 engine_ptmc_swap()
[40722324795811] METRIC #119: btc_ptmc_rep_hot = 4.0000000000 | Src: src/btc_mining_engine.c:503 engine_ptmc_swap()
[40722325248751] METRIC #120: btc_ptmc_rep_cold = 3.0000000000 | Src: src/btc_mining_engine.c:503 engine_ptmc_swap()
[40722325664601] METRIC #121: btc_ptmc_accept = 1.0000000000 | Src: src/btc_mining_engine.c:503 engine_ptmc_swap()
[40722326219081] METRIC #122: btc_ptmc_rep_hot = 5.0000000000 | Src: src/btc_mining_engine.c:503 engine_ptmc_swap()
[40722326597621] METRIC #123: btc_ptmc_rep_cold = 4.0000000000 | Src: src/btc_mining_engine.c:503 engine_ptmc_swap()
[40722327010081] METRIC #124: btc_ptmc_accept = 1.0000000000 | Src: src/btc_mining_engine.c:503 engine_ptmc_swap()
[40722327402541] METRIC #125: btc_ptmc_rep_hot = 6.0000000000 | Src: src/btc_mining_engine.c:503 engine_ptmc_swap()
[40722327844751] METRIC #126: btc_ptmc_rep_cold = 5.0000000000 | Src: src/btc_mining_engine.c:503 engine_ptmc_swap()
[40722328274311] METRIC #127: btc_ptmc_accept = 1.0000000000 | Src: src/btc_mining_engine.c:503 engine_ptmc_swap()
[40722328692011] METRIC #128: btc_ptmc_rep_hot = 7.0000000000 | Src: src/btc_mining_engine.c:503 engine_ptmc_swap()
[40722329161491] METRIC #129: btc_ptmc_rep_cold = 6.0000000000 | Src: src/btc_mining_engine.c:503 engine_ptmc_swap()
[40722329621171] METRIC #130: btc_ptmc_accept = 1.0000000000 | Src: src/btc_mining_engine.c:503 engine_ptmc_swap()
[40722412886903] METRIC #131: btc_block_nonce = 3759302859.0000000000 | Src: src/btc_mining_engine.c:689 btc_mining_thread()
[40722413497793] METRIC #132: btc_best_leading_zeros = 17.0000000000 | Src: src/btc_mining_engine.c:689 btc_mining_thread()
[40722413866693] METRIC #133: btc_block_valid = 0.0000000000 | Src: src/btc_mining_engine.c:689 btc_mining_thread()
[40722414845753] METRIC #134: btc_best_leading_zeros = 17.0000000000 | Src: src/btc_mining_engine.c:690 btc_mining_thread()
[40722415637833] METRIC #135: btc_nx48_csv_saved = 1.0000000000 | Src: src/nx48_btc_controller.c:484 nx48_btc_save_csv()
[40722423627553] METRIC #136: btc_ptmc_rep_hot = 1.0000000000 | Src: src/btc_mining_engine.c:503 engine_ptmc_swap()
[40722424112234] METRIC #137: btc_ptmc_rep_cold = 0.0000000000 | Src: src/btc_mining_engine.c:503 engine_ptmc_swap()
[40722424527663] METRIC #138: btc_ptmc_accept = 1.0000000000 | Src: src/btc_mining_engine.c:503 engine_ptmc_swap()
[40722424985853] METRIC #139: btc_ptmc_rep_hot = 2.0000000000 | Src: src/btc_mining_engine.c:503 engine_ptmc_swap()
[40722425456464] METRIC #140: btc_ptmc_rep_cold = 1.0000000000 | Src: src/btc_mining_engine.c:503 engine_ptmc_swap()
[40722425830794] METRIC #141: btc_ptmc_accept = 1.0000000000 | Src: src/btc_mining_engine.c:503 engine_ptmc_swap()
[40722426464154] METRIC #142: btc_ptmc_rep_hot = 3.0000000000 | Src: src/btc_mining_engine.c:503 engine_ptmc_swap()
[40722427546254] METRIC #143: btc_ptmc_rep_cold = 2.0000000000 | Src: src/btc_mining_engine.c:503 engine_ptmc_swap()
[40722427972504] METRIC #144: btc_ptmc_accept = 1.0000000000 | Src: src/btc_mining_engine.c:503 engine_ptmc_swap()
[40722428404384] METRIC #145: btc_ptmc_rep_hot = 4.0000000000 | Src: src/btc_mining_engine.c:503 engine_ptmc_swap()
[40722428784804] METRIC #146: btc_ptmc_rep_cold = 3.0000000000 | Src: src/btc_mining_engine.c:503 engine_ptmc_swap()
[40722429241824] METRIC #147: btc_ptmc_accept = 1.0000000000 | Src: src/btc_mining_engine.c:503 engine_ptmc_swap()
[40722429617634] METRIC #148: btc_ptmc_rep_hot = 5.0000000000 | Src: src/btc_mining_engine.c:503 engine_ptmc_swap()
[40722429967014] METRIC #149: btc_ptmc_rep_cold = 4.0000000000 | Src: src/btc_mining_engine.c:503 engine_ptmc_swap()
[40722430355894] METRIC #150: btc_ptmc_accept = 1.0000000000 | Src: src/btc_mining_engine.c:503 engine_ptmc_swap()
[40722430774394] METRIC #151: btc_ptmc_rep_hot = 6.0000000000 | Src: src/btc_mining_engine.c:503 engine_ptmc_swap()
[40722431365314] METRIC #152: btc_ptmc_rep_cold = 5.0000000000 | Src: src/btc_mining_engine.c:503 engine_ptmc_swap()
[40722431759764] METRIC #153: btc_ptmc_accept = 1.0000000000 | Src: src/btc_mining_engine.c:503 engine_ptmc_swap()
[40722432171474] METRIC #154: btc_ptmc_rep_hot = 7.0000000000 | Src: src/btc_mining_engine.c:503 engine_ptmc_swap()
[40722432569474] METRIC #155: btc_ptmc_rep_cold = 6.0000000000 | Src: src/btc_mining_engine.c:503 engine_ptmc_swap()
[40722433111874] METRIC #156: btc_ptmc_accept = 1.0000000000 | Src: src/btc_mining_engine.c:503 engine_ptmc_swap()
[40722526536156] METRIC #157: btc_ptmc_rep_hot = 1.0000000000 | Src: src/btc_mining_engine.c:505 engine_ptmc_swap()
[40722526993556] METRIC #158: btc_ptmc_rep_cold = 0.0000000000 | Src: src/btc_mining_engine.c:505 engine_ptmc_swap()
[40722527430816] METRIC #159: btc_ptmc_accept = -0.2638537189 | Src: src/btc_mining_engine.c:505 engine_ptmc_swap()
[40722527866646] METRIC #160: btc_ptmc_rep_hot = 2.0000000000 | Src: src/btc_mining_engine.c:503 engine_ptmc_swap()
[40722528313586] METRIC #161: btc_ptmc_rep_cold = 1.0000000000 | Src: src/btc_mining_engine.c:503 engine_ptmc_swap()
[40722528682026] METRIC #162: btc_ptmc_accept = 0.7165485813 | Src: src/btc_mining_engine.c:503 engine_ptmc_swap()
[40722529126546] METRIC #163: btc_ptmc_rep_hot = 3.0000000000 | Src: src/btc_mining_engine.c:503 engine_ptmc_swap()
[40722529647646] METRIC #164: btc_ptmc_rep_cold = 2.0000000000 | Src: src/btc_mining_engine.c:503 engine_ptmc_swap()
[40722530093266] METRIC #165: btc_ptmc_accept = 0.8464868258 | Src: src/btc_mining_engine.c:503 engine_ptmc_swap()
[40722530522036] METRIC #166: btc_ptmc_rep_hot = 4.0000000000 | Src: src/btc_mining_engine.c:505 engine_ptmc_swap()
[40722530948626] METRIC #167: btc_ptmc_rep_cold = 3.0000000000 | Src: src/btc_mining_engine.c:505 engine_ptmc_swap()
[40722531392206] METRIC #168: btc_ptmc_accept = -0.9048393810 | Src: src/btc_mining_engine.c:505 engine_ptmc_swap()
[40722531772556] METRIC #169: btc_ptmc_rep_hot = 5.0000000000 | Src: src/btc_mining_engine.c:503 engine_ptmc_swap()
[40722532209216] METRIC #170: btc_ptmc_rep_cold = 4.0000000000 | Src: src/btc_mining_engine.c:503 engine_ptmc_swap()
[40722532597696] METRIC #171: btc_ptmc_accept = 1.0000000000 | Src: src/btc_mining_engine.c:503 engine_ptmc_swap()
[40722532972226] METRIC #172: btc_ptmc_rep_hot = 6.0000000000 | Src: src/btc_mining_engine.c:503 engine_ptmc_swap()
[40722533414516] METRIC #173: btc_ptmc_rep_cold = 5.0000000000 | Src: src/btc_mining_engine.c:503 engine_ptmc_swap()
[40722533796696] METRIC #174: btc_ptmc_accept = 1.0000000000 | Src: src/btc_mining_engine.c:503 engine_ptmc_swap()
[40722534194216] METRIC #175: btc_ptmc_rep_hot = 7.0000000000 | Src: src/btc_mining_engine.c:503 engine_ptmc_swap()
[40722534538306] METRIC #176: btc_ptmc_rep_cold = 6.0000000000 | Src: src/btc_mining_engine.c:503 engine_ptmc_swap()
[40722534916066] METRIC #177: btc_ptmc_accept = 1.0000000000 | Src: src/btc_mining_engine.c:503 engine_ptmc_swap()
[40722627039048] METRIC #178: btc_ptmc_rep_hot = 1.0000000000 | Src: src/btc_mining_engine.c:503 engine_ptmc_swap()
[40722627474548] METRIC #179: btc_ptmc_rep_cold = 0.0000000000 | Src: src/btc_mining_engine.c:503 engine_ptmc_swap()
[40722627806578] METRIC #180: btc_ptmc_accept = 0.5136174742 | Src: src/btc_mining_engine.c:503 engine_ptmc_swap()
[40722628255888] METRIC #181: btc_ptmc_rep_hot = 2.0000000000 | Src: src/btc_mining_engine.c:503 engine_ptmc_swap()
[40722628585158] METRIC #182: btc_ptmc_rep_cold = 1.0000000000 | Src: src/btc_mining_engine.c:503 engine_ptmc_swap()
[40722629028688] METRIC #183: btc_ptmc_accept = 0.7165701146 | Src: src/btc_mining_engine.c:503 engine_ptmc_swap()
[40722629487318] METRIC #184: btc_ptmc_rep_hot = 3.0000000000 | Src: src/btc_mining_engine.c:503 engine_ptmc_swap()
[40722629882798] METRIC #185: btc_ptmc_rep_cold = 2.0000000000 | Src: src/btc_mining_engine.c:503 engine_ptmc_swap()
[40722630276938] METRIC #186: btc_ptmc_accept = 1.0000000000 | Src: src/btc_mining_engine.c:503 engine_ptmc_swap()
[40722630663678] METRIC #187: btc_ptmc_rep_hot = 4.0000000000 | Src: src/btc_mining_engine.c:503 engine_ptmc_swap()
[40722631053998] METRIC #188: btc_ptmc_rep_cold = 3.0000000000 | Src: src/btc_mining_engine.c:503 engine_ptmc_swap()
[40722631508498] METRIC #189: btc_ptmc_accept = 0.9048418286 | Src: src/btc_mining_engine.c:503 engine_ptmc_swap()
[40722631882498] METRIC #190: btc_ptmc_rep_hot = 5.0000000000 | Src: src/btc_mining_engine.c:503 engine_ptmc_swap()
[40722632239148] METRIC #191: btc_ptmc_rep_cold = 4.0000000000 | Src: src/btc_mining_engine.c:503 engine_ptmc_swap()
[40722632570658] METRIC #192: btc_ptmc_accept = 0.9394148515 | Src: src/btc_mining_engine.c:503 engine_ptmc_swap()
[40722632900268] METRIC #193: btc_ptmc_rep_hot = 6.0000000000 | Src: src/btc_mining_engine.c:503 engine_ptmc_swap()
[40722633297288] METRIC #194: btc_ptmc_rep_cold = 5.0000000000 | Src: src/btc_mining_engine.c:503 engine_ptmc_swap()
[40722633634098] METRIC #195: btc_ptmc_accept = 0.9642902005 | Src: src/btc_mining_engine.c:503 engine_ptmc_swap()
[40722633973548] METRIC #196: btc_ptmc_rep_hot = 7.0000000000 | Src: src/btc_mining_engine.c:503 engine_ptmc_swap()
[40722634366068] METRIC #197: btc_ptmc_rep_cold = 6.0000000000 | Src: src/btc_mining_engine.c:503 engine_ptmc_swap()
[40722634706918] METRIC #198: btc_ptmc_accept = 0.9767450351 | Src: src/btc_mining_engine.c:503 engine_ptmc_swap()
[40722728302541] METRIC #199: btc_ptmc_rep_hot = 1.0000000000 | Src: src/btc_mining_engine.c:503 engine_ptmc_swap()
[40722728774371] METRIC #200: btc_ptmc_rep_cold = 0.0000000000 | Src: src/btc_mining_engine.c:503 engine_ptmc_swap()
[40722729193711] METRIC #201: btc_ptmc_accept = 1.0000000000 | Src: src/btc_mining_engine.c:503 engine_ptmc_swap()
[40722729609261] METRIC #202: btc_ptmc_rep_hot = 2.0000000000 | Src: src/btc_mining_engine.c:503 engine_ptmc_swap()
[40722729981231] METRIC #203: btc_ptmc_rep_cold = 1.0000000000 | Src: src/btc_mining_engine.c:503 engine_ptmc_swap()
[40722730405761] METRIC #204: btc_ptmc_accept = 1.0000000000 | Src: src/btc_mining_engine.c:503 engine_ptmc_swap()
[40722730819161] METRIC #205: btc_ptmc_rep_hot = 3.0000000000 | Src: src/btc_mining_engine.c:503 engine_ptmc_swap()
[40722731213811] METRIC #206: btc_ptmc_rep_cold = 2.0000000000 | Src: src/btc_mining_engine.c:503 engine_ptmc_swap()
[40722731599781] METRIC #207: btc_ptmc_accept = 1.0000000000 | Src: src/btc_mining_engine.c:503 engine_ptmc_swap()
[40722732117021] METRIC #208: btc_ptmc_rep_hot = 4.0000000000 | Src: src/btc_mining_engine.c:503 engine_ptmc_swap()
[40722732445911] METRIC #209: btc_ptmc_rep_cold = 3.0000000000 | Src: src/btc_mining_engine.c:503 engine_ptmc_swap()
[40722732796211] METRIC #210: btc_ptmc_accept = 1.0000000000 | Src: src/btc_mining_engine.c:503 engine_ptmc_swap()
[40722733582701] METRIC #211: btc_ptmc_rep_hot = 5.0000000000 | Src: src/btc_mining_engine.c:503 engine_ptmc_swap()
[40722733978571] METRIC #212: btc_ptmc_rep_cold = 4.0000000000 | Src: src/btc_mining_engine.c:503 engine_ptmc_swap()
[40722734354761] METRIC #213: btc_ptmc_accept = 1.0000000000 | Src: src/btc_mining_engine.c:503 engine_ptmc_swap()
[40722734822201] METRIC #214: btc_ptmc_rep_hot = 6.0000000000 | Src: src/btc_mining_engine.c:503 engine_ptmc_swap()
[40722735299641] METRIC #215: btc_ptmc_rep_cold = 5.0000000000 | Src: src/btc_mining_engine.c:503 engine_ptmc_swap()
[40722735708021] METRIC #216: btc_ptmc_accept = 1.0000000000 | Src: src/btc_mining_engine.c:503 engine_ptmc_swap()
[40722736101861] METRIC #217: btc_ptmc_rep_hot = 7.0000000000 | Src: src/btc_mining_engine.c:503 engine_ptmc_swap()
[40722736463751] METRIC #218: btc_ptmc_rep_cold = 6.0000000000 | Src: src/btc_mining_engine.c:503 engine_ptmc_swap()
[40722736930841] METRIC #219: btc_ptmc_accept = 1.0000000000 | Src: src/btc_mining_engine.c:503 engine_ptmc_swap()
[40722829356173] METRIC #220: btc_ptmc_rep_hot = 1.0000000000 | Src: src/btc_mining_engine.c:503 engine_ptmc_swap()
[40722829793863] METRIC #221: btc_ptmc_rep_cold = 0.0000000000 | Src: src/btc_mining_engine.c:503 engine_ptmc_swap()
[40722830253223] METRIC #222: btc_ptmc_accept = 1.0000000000 | Src: src/btc_mining_engine.c:503 engine_ptmc_swap()
[40722830678233] METRIC #223: btc_ptmc_rep_hot = 2.0000000000 | Src: src/btc_mining_engine.c:503 engine_ptmc_swap()
[40722831114623] METRIC #224: btc_ptmc_rep_cold = 1.0000000000 | Src: src/btc_mining_engine.c:503 engine_ptmc_swap()
[40722831490793] METRIC #225: btc_ptmc_accept = 0.7165313106 | Src: src/btc_mining_engine.c:503 engine_ptmc_swap()
[40722831937653] METRIC #226: btc_ptmc_rep_hot = 3.0000000000 | Src: src/btc_mining_engine.c:503 engine_ptmc_swap()
[40722832358353] METRIC #227: btc_ptmc_rep_cold = 2.0000000000 | Src: src/btc_mining_engine.c:503 engine_ptmc_swap()
[40722832724243] METRIC #228: btc_ptmc_accept = 0.8464817249 | Src: src/btc_mining_engine.c:503 engine_ptmc_swap()
[40722833116073] METRIC #229: btc_ptmc_rep_hot = 4.0000000000 | Src: src/btc_mining_engine.c:503 engine_ptmc_swap()
[40722833545643] METRIC #230: btc_ptmc_rep_cold = 3.0000000000 | Src: src/btc_mining_engine.c:503 engine_ptmc_swap()
[40722833916993] METRIC #231: btc_ptmc_accept = 0.9048374180 | Src: src/btc_mining_engine.c:503 engine_ptmc_swap()
[40722834314913] METRIC #232: btc_ptmc_rep_hot = 5.0000000000 | Src: src/btc_mining_engine.c:503 engine_ptmc_swap()
[40722834644583] METRIC #233: btc_ptmc_rep_cold = 4.0000000000 | Src: src/btc_mining_engine.c:503 engine_ptmc_swap()
[40722835076813] METRIC #234: btc_ptmc_accept = 0.9394130628 | Src: src/btc_mining_engine.c:503 engine_ptmc_swap()
[40722835427703] METRIC #235: btc_ptmc_rep_hot = 6.0000000000 | Src: src/btc_mining_engine.c:503 engine_ptmc_swap()
[40722835775893] METRIC #236: btc_ptmc_rep_cold = 5.0000000000 | Src: src/btc_mining_engine.c:503 engine_ptmc_swap()
[40722836189453] METRIC #237: btc_ptmc_accept = 1.0000000000 | Src: src/btc_mining_engine.c:503 engine_ptmc_swap()
[40722836570663] METRIC #238: btc_ptmc_rep_hot = 7.0000000000 | Src: src/btc_mining_engine.c:503 engine_ptmc_swap()
[40722837067763] METRIC #239: btc_ptmc_rep_cold = 6.0000000000 | Src: src/btc_mining_engine.c:503 engine_ptmc_swap()
[40722837415293] METRIC #240: btc_ptmc_accept = 0.9767452464 | Src: src/btc_mining_engine.c:503 engine_ptmc_swap()
[40722892313785] METRIC #241: btc_block_nonce = 3759307942.0000000000 | Src: src/btc_mining_engine.c:689 btc_mining_thread()
[40722892759494] METRIC #242: btc_best_leading_zeros = 19.0000000000 | Src: src/btc_mining_engine.c:689 btc_mining_thread()
[40722893177774] METRIC #243: btc_block_valid = 0.0000000000 | Src: src/btc_mining_engine.c:689 btc_mining_thread()
[40722894070955] METRIC #244: btc_best_leading_zeros = 19.0000000000 | Src: src/btc_mining_engine.c:690 btc_mining_thread()
[40722895133625] METRIC #245: btc_nx48_csv_saved = 1.0000000000 | Src: src/nx48_btc_controller.c:484 nx48_btc_save_csv()
[40722930642685] METRIC #246: btc_ptmc_rep_hot = 1.0000000000 | Src: src/btc_mining_engine.c:503 engine_ptmc_swap()
[40722931043095] METRIC #247: btc_ptmc_rep_cold = 0.0000000000 | Src: src/btc_mining_engine.c:503 engine_ptmc_swap()
[40722931380125] METRIC #248: btc_ptmc_accept = 0.2635971381 | Src: src/btc_mining_engine.c:503 engine_ptmc_swap()
[40722931761645] METRIC #249: btc_ptmc_rep_hot = 2.0000000000 | Src: src/btc_mining_engine.c:505 engine_ptmc_swap()
[40722932194255] METRIC #250: btc_ptmc_rep_cold = 1.0000000000 | Src: src/btc_mining_engine.c:505 engine_ptmc_swap()
[40722932530485] METRIC #251: btc_ptmc_accept = -0.5133725145 | Src: src/btc_mining_engine.c:505 engine_ptmc_swap()
[40722932868915] METRIC #252: btc_ptmc_rep_hot = 3.0000000000 | Src: src/btc_mining_engine.c:503 engine_ptmc_swap()
[40722933242285] METRIC #253: btc_ptmc_rep_cold = 2.0000000000 | Src: src/btc_mining_engine.c:503 engine_ptmc_swap()
[40722933640335] METRIC #254: btc_ptmc_accept = 1.0000000000 | Src: src/btc_mining_engine.c:503 engine_ptmc_swap()
[40722933964885] METRIC #255: btc_ptmc_rep_hot = 4.0000000000 | Src: src/btc_mining_engine.c:503 engine_ptmc_swap()
[40722934385685] METRIC #256: btc_ptmc_rep_cold = 3.0000000000 | Src: src/btc_mining_engine.c:503 engine_ptmc_swap()
[40722934763056] METRIC #257: btc_ptmc_accept = 1.0000000000 | Src: src/btc_mining_engine.c:503 engine_ptmc_swap()
[40722935098636] METRIC #258: btc_ptmc_rep_hot = 5.0000000000 | Src: src/btc_mining_engine.c:503 engine_ptmc_swap()
[40722935418186] METRIC #259: btc_ptmc_rep_cold = 4.0000000000 | Src: src/btc_mining_engine.c:503 engine_ptmc_swap()
[40722935779185] METRIC #260: btc_ptmc_accept = 1.0000000000 | Src: src/btc_mining_engine.c:503 engine_ptmc_swap()
[40722936152075] METRIC #261: btc_ptmc_rep_hot = 6.0000000000 | Src: src/btc_mining_engine.c:503 engine_ptmc_swap()
[40722936517956] METRIC #262: btc_ptmc_rep_cold = 5.0000000000 | Src: src/btc_mining_engine.c:503 engine_ptmc_swap()
[40722936854196] METRIC #263: btc_ptmc_accept = 1.0000000000 | Src: src/btc_mining_engine.c:503 engine_ptmc_swap()
[40722937193616] METRIC #264: btc_ptmc_rep_hot = 7.0000000000 | Src: src/btc_mining_engine.c:503 engine_ptmc_swap()
[40722937548276] METRIC #265: btc_ptmc_rep_cold = 6.0000000000 | Src: src/btc_mining_engine.c:503 engine_ptmc_swap()
[40722937876386] METRIC #266: btc_ptmc_accept = 1.0000000000 | Src: src/btc_mining_engine.c:503 engine_ptmc_swap()
[40723031617638] METRIC #267: btc_ptmc_rep_hot = 1.0000000000 | Src: src/btc_mining_engine.c:503 engine_ptmc_swap()
[40723032071178] METRIC #268: btc_ptmc_rep_cold = 0.0000000000 | Src: src/btc_mining_engine.c:503 engine_ptmc_swap()
[40723032413928] METRIC #269: btc_ptmc_accept = 1.0000000000 | Src: src/btc_mining_engine.c:503 engine_ptmc_swap()
[40723032801148] METRIC #270: btc_ptmc_rep_hot = 2.0000000000 | Src: src/btc_mining_engine.c:503 engine_ptmc_swap()
[40723033256788] METRIC #271: btc_ptmc_rep_cold = 1.0000000000 | Src: src/btc_mining_engine.c:503 engine_ptmc_swap()
[40723033625588] METRIC #272: btc_ptmc_accept = 1.0000000000 | Src: src/btc_mining_engine.c:503 engine_ptmc_swap()
[40723034079128] METRIC #273: btc_ptmc_rep_hot = 3.0000000000 | Src: src/btc_mining_engine.c:503 engine_ptmc_swap()
[40723034513558] METRIC #274: btc_ptmc_rep_cold = 2.0000000000 | Src: src/btc_mining_engine.c:503 engine_ptmc_swap()
[40723034934298] METRIC #275: btc_ptmc_accept = 1.0000000000 | Src: src/btc_mining_engine.c:503 engine_ptmc_swap()
[40723035378468] METRIC #276: btc_ptmc_rep_hot = 4.0000000000 | Src: src/btc_mining_engine.c:503 engine_ptmc_swap()
[40723035807828] METRIC #277: btc_ptmc_rep_cold = 3.0000000000 | Src: src/btc_mining_engine.c:503 engine_ptmc_swap()
[40723036250608] METRIC #278: btc_ptmc_accept = 1.0000000000 | Src: src/btc_mining_engine.c:503 engine_ptmc_swap()
[40723036688368] METRIC #279: btc_ptmc_rep_hot = 5.0000000000 | Src: src/btc_mining_engine.c:503 engine_ptmc_swap()
[40723037142198] METRIC #280: btc_ptmc_rep_cold = 4.0000000000 | Src: src/btc_mining_engine.c:503 engine_ptmc_swap()
[40723037568688] METRIC #281: btc_ptmc_accept = 1.0000000000 | Src: src/btc_mining_engine.c:503 engine_ptmc_swap()
[40723037995678] METRIC #282: btc_ptmc_rep_hot = 6.0000000000 | Src: src/btc_mining_engine.c:503 engine_ptmc_swap()
[40723038463818] METRIC #283: btc_ptmc_rep_cold = 5.0000000000 | Src: src/btc_mining_engine.c:503 engine_ptmc_swap()
[40723038892128] METRIC #284: btc_ptmc_accept = 1.0000000000 | Src: src/btc_mining_engine.c:503 engine_ptmc_swap()
[40723039356038] METRIC #285: btc_ptmc_rep_hot = 7.0000000000 | Src: src/btc_mining_engine.c:503 engine_ptmc_swap()
[40723039806658] METRIC #286: btc_ptmc_rep_cold = 6.0000000000 | Src: src/btc_mining_engine.c:503 engine_ptmc_swap()
[40723040224718] METRIC #287: btc_ptmc_accept = 1.0000000000 | Src: src/btc_mining_engine.c:503 engine_ptmc_swap()
[40723132906050] METRIC #288: btc_ptmc_rep_hot = 1.0000000000 | Src: src/btc_mining_engine.c:503 engine_ptmc_swap()
[40723133405140] METRIC #289: btc_ptmc_rep_cold = 0.0000000000 | Src: src/btc_mining_engine.c:503 engine_ptmc_swap()
[40723133863370] METRIC #290: btc_ptmc_accept = 1.0000000000 | Src: src/btc_mining_engine.c:503 engine_ptmc_swap()
[40723134319250] METRIC #291: btc_ptmc_rep_hot = 2.0000000000 | Src: src/btc_mining_engine.c:503 engine_ptmc_swap()
[40723134706080] METRIC #292: btc_ptmc_rep_cold = 1.0000000000 | Src: src/btc_mining_engine.c:503 engine_ptmc_swap()
[40723135175340] METRIC #293: btc_ptmc_accept = 0.7165140378 | Src: src/btc_mining_engine.c:503 engine_ptmc_swap()
[40723135611430] METRIC #294: btc_ptmc_rep_hot = 3.0000000000 | Src: src/btc_mining_engine.c:503 engine_ptmc_swap()
[40723136053220] METRIC #295: btc_ptmc_rep_cold = 2.0000000000 | Src: src/btc_mining_engine.c:503 engine_ptmc_swap()
[40723136474080] METRIC #296: btc_ptmc_accept = 1.0000000000 | Src: src/btc_mining_engine.c:503 engine_ptmc_swap()
[40723136910520] METRIC #297: btc_ptmc_rep_hot = 4.0000000000 | Src: src/btc_mining_engine.c:503 engine_ptmc_swap()
[40723137398490] METRIC #298: btc_ptmc_rep_cold = 3.0000000000 | Src: src/btc_mining_engine.c:503 engine_ptmc_swap()
[40723137792630] METRIC #299: btc_ptmc_accept = 0.9048354550 | Src: src/btc_mining_engine.c:503 engine_ptmc_swap()
[40723138267900] METRIC #300: btc_ptmc_rep_hot = 5.0000000000 | Src: src/btc_mining_engine.c:503 engine_ptmc_swap()
[40723138705740] METRIC #301: btc_ptmc_rep_cold = 4.0000000000 | Src: src/btc_mining_engine.c:503 engine_ptmc_swap()
[40723139180660] METRIC #302: btc_ptmc_accept = 1.0000000000 | Src: src/btc_mining_engine.c:503 engine_ptmc_swap()
[40723139608240] METRIC #303: btc_ptmc_rep_hot = 6.0000000000 | Src: src/btc_mining_engine.c:503 engine_ptmc_swap()
[40723140098440] METRIC #304: btc_ptmc_rep_cold = 5.0000000000 | Src: src/btc_mining_engine.c:503 engine_ptmc_swap()
[40723140521560] METRIC #305: btc_ptmc_accept = 0.9642893023 | Src: src/btc_mining_engine.c:503 engine_ptmc_swap()
[40723140957920] METRIC #306: btc_ptmc_rep_hot = 7.0000000000 | Src: src/btc_mining_engine.c:503 engine_ptmc_swap()
[40723141433900] METRIC #307: btc_ptmc_rep_cold = 6.0000000000 | Src: src/btc_mining_engine.c:503 engine_ptmc_swap()
[40723141837700] METRIC #308: btc_ptmc_accept = 0.9767446541 | Src: src/btc_mining_engine.c:503 engine_ptmc_swap()
[40723232912773] METRIC #309: btc_ptmc_rep_hot = 1.0000000000 | Src: src/btc_mining_engine.c:503 engine_ptmc_swap()
[40723233326423] METRIC #310: btc_ptmc_rep_cold = 0.0000000000 | Src: src/btc_mining_engine.c:503 engine_ptmc_swap()
[40723233672753] METRIC #311: btc_ptmc_accept = 0.5136669338 | Src: src/btc_mining_engine.c:503 engine_ptmc_swap()
[40723234043023] METRIC #312: btc_ptmc_rep_hot = 2.0000000000 | Src: src/btc_mining_engine.c:503 engine_ptmc_swap()
[40723234385773] METRIC #313: btc_ptmc_rep_cold = 1.0000000000 | Src: src/btc_mining_engine.c:503 engine_ptmc_swap()
[40723234790723] METRIC #314: btc_ptmc_accept = 1.0000000000 | Src: src/btc_mining_engine.c:503 engine_ptmc_swap()
[40723235214943] METRIC #315: btc_ptmc_rep_hot = 3.0000000000 | Src: src/btc_mining_engine.c:505 engine_ptmc_swap()
[40723235589193] METRIC #316: btc_ptmc_rep_cold = 2.0000000000 | Src: src/btc_mining_engine.c:505 engine_ptmc_swap()
[40723235968533] METRIC #317: btc_ptmc_accept = -0.8464868258 | Src: src/btc_mining_engine.c:505 engine_ptmc_swap()
[40723236347313] METRIC #318: btc_ptmc_rep_hot = 4.0000000000 | Src: src/btc_mining_engine.c:503 engine_ptmc_swap()
[40723236750733] METRIC #319: btc_ptmc_rep_cold = 3.0000000000 | Src: src/btc_mining_engine.c:503 engine_ptmc_swap()
[40723237160703] METRIC #320: btc_ptmc_accept = 1.0000000000 | Src: src/btc_mining_engine.c:503 engine_ptmc_swap()
[40723237551623] METRIC #321: btc_ptmc_rep_hot = 5.0000000000 | Src: src/btc_mining_engine.c:503 engine_ptmc_swap()
[40723237953963] METRIC #322: btc_ptmc_rep_cold = 4.0000000000 | Src: src/btc_mining_engine.c:503 engine_ptmc_swap()
[40723238376273] METRIC #323: btc_ptmc_accept = 1.0000000000 | Src: src/btc_mining_engine.c:503 engine_ptmc_swap()
[40723239029913] METRIC #324: btc_ptmc_rep_hot = 6.0000000000 | Src: src/btc_mining_engine.c:503 engine_ptmc_swap()
[40723239406073] METRIC #325: btc_ptmc_rep_cold = 5.0000000000 | Src: src/btc_mining_engine.c:503 engine_ptmc_swap()
[40723239783523] METRIC #326: btc_ptmc_accept = 1.0000000000 | Src: src/btc_mining_engine.c:503 engine_ptmc_swap()
[40723240227573] METRIC #327: btc_ptmc_rep_hot = 7.0000000000 | Src: src/btc_mining_engine.c:503 engine_ptmc_swap()
[40723240616803] METRIC #328: btc_ptmc_rep_cold = 6.0000000000 | Src: src/btc_mining_engine.c:503 engine_ptmc_swap()
[40723240994503] METRIC #329: btc_ptmc_accept = 1.0000000000 | Src: src/btc_mining_engine.c:503 engine_ptmc_swap()
[40723335522455] METRIC #330: btc_ptmc_rep_hot = 1.0000000000 | Src: src/btc_mining_engine.c:503 engine_ptmc_swap()
[40723335943735] METRIC #331: btc_ptmc_rep_cold = 0.0000000000 | Src: src/btc_mining_engine.c:503 engine_ptmc_swap()
[40723336270285] METRIC #332: btc_ptmc_accept = 1.0000000000 | Src: src/btc_mining_engine.c:503 engine_ptmc_swap()
[40723336721515] METRIC #333: btc_ptmc_rep_hot = 2.0000000000 | Src: src/btc_mining_engine.c:503 engine_ptmc_swap()
[40723337100215] METRIC #334: btc_ptmc_rep_cold = 1.0000000000 | Src: src/btc_mining_engine.c:503 engine_ptmc_swap()
[40723337565465] METRIC #335: btc_ptmc_accept = 1.0000000000 | Src: src/btc_mining_engine.c:503 engine_ptmc_swap()
[40723337955865] METRIC #336: btc_ptmc_rep_hot = 3.0000000000 | Src: src/btc_mining_engine.c:503 engine_ptmc_swap()
[40723338382795] METRIC #337: btc_ptmc_rep_cold = 2.0000000000 | Src: src/btc_mining_engine.c:503 engine_ptmc_swap()
[40723338747245] METRIC #338: btc_ptmc_accept = 1.0000000000 | Src: src/btc_mining_engine.c:503 engine_ptmc_swap()
[40723339197845] METRIC #339: btc_ptmc_rep_hot = 4.0000000000 | Src: src/btc_mining_engine.c:503 engine_ptmc_swap()
[40723339585645] METRIC #340: btc_ptmc_rep_cold = 3.0000000000 | Src: src/btc_mining_engine.c:503 engine_ptmc_swap()
[40723339993935] METRIC #341: btc_ptmc_accept = 1.0000000000 | Src: src/btc_mining_engine.c:503 engine_ptmc_swap()
[40723340355255] METRIC #342: btc_ptmc_rep_hot = 5.0000000000 | Src: src/btc_mining_engine.c:503 engine_ptmc_swap()
[40723340676295] METRIC #343: btc_ptmc_rep_cold = 4.0000000000 | Src: src/btc_mining_engine.c:503 engine_ptmc_swap()
[40723341077785] METRIC #344: btc_ptmc_accept = 1.0000000000 | Src: src/btc_mining_engine.c:503 engine_ptmc_swap()
[40723341441905] METRIC #345: btc_ptmc_rep_hot = 6.0000000000 | Src: src/btc_mining_engine.c:503 engine_ptmc_swap()
[40723341834535] METRIC #346: btc_ptmc_rep_cold = 5.0000000000 | Src: src/btc_mining_engine.c:503 engine_ptmc_swap()
[40723342348115] METRIC #347: btc_ptmc_accept = 1.0000000000 | Src: src/btc_mining_engine.c:503 engine_ptmc_swap()
[40723342772835] METRIC #348: btc_ptmc_rep_hot = 7.0000000000 | Src: src/btc_mining_engine.c:503 engine_ptmc_swap()
[40723343536915] METRIC #349: btc_ptmc_rep_cold = 6.0000000000 | Src: src/btc_mining_engine.c:503 engine_ptmc_swap()
[40723343993265] METRIC #350: btc_ptmc_accept = 1.0000000000 | Src: src/btc_mining_engine.c:503 engine_ptmc_swap()
[40723436114877] METRIC #351: btc_ptmc_rep_hot = 1.0000000000 | Src: src/btc_mining_engine.c:503 engine_ptmc_swap()
[40723436527877] METRIC #352: btc_ptmc_rep_cold = 0.0000000000 | Src: src/btc_mining_engine.c:503 engine_ptmc_swap()
[40723436821507] METRIC #353: btc_ptmc_accept = 1.0000000000 | Src: src/btc_mining_engine.c:503 engine_ptmc_swap()
[40723437402407] METRIC #354: btc_ptmc_rep_hot = 2.0000000000 | Src: src/btc_mining_engine.c:503 engine_ptmc_swap()
[40723437815517] METRIC #355: btc_ptmc_rep_cold = 1.0000000000 | Src: src/btc_mining_engine.c:503 engine_ptmc_swap()
[40723438190507] METRIC #356: btc_ptmc_accept = 1.0000000000 | Src: src/btc_mining_engine.c:503 engine_ptmc_swap()
[40723438617257] METRIC #357: btc_ptmc_rep_hot = 3.0000000000 | Src: src/btc_mining_engine.c:503 engine_ptmc_swap()
[40723439024367] METRIC #358: btc_ptmc_rep_cold = 2.0000000000 | Src: src/btc_mining_engine.c:503 engine_ptmc_swap()
[40723439448717] METRIC #359: btc_ptmc_accept = 0.8464909161 | Src: src/btc_mining_engine.c:503 engine_ptmc_swap()
[40723439845067] METRIC #360: btc_ptmc_rep_hot = 4.0000000000 | Src: src/btc_mining_engine.c:503 engine_ptmc_swap()
[40723440213447] METRIC #361: btc_ptmc_rep_cold = 3.0000000000 | Src: src/btc_mining_engine.c:503 engine_ptmc_swap()
[40723440593857] METRIC #362: btc_ptmc_accept = 0.9048409551 | Src: src/btc_mining_engine.c:503 engine_ptmc_swap()
[40723440979957] METRIC #363: btc_ptmc_rep_hot = 5.0000000000 | Src: src/btc_mining_engine.c:503 engine_ptmc_swap()
[40723441410907] METRIC #364: btc_ptmc_rep_cold = 4.0000000000 | Src: src/btc_mining_engine.c:503 engine_ptmc_swap()
[40723441816077] METRIC #365: btc_ptmc_accept = 1.0000000000 | Src: src/btc_mining_engine.c:503 engine_ptmc_swap()
[40723442251377] METRIC #366: btc_ptmc_rep_hot = 6.0000000000 | Src: src/btc_mining_engine.c:503 engine_ptmc_swap()
[40723442626547] METRIC #367: btc_ptmc_rep_cold = 5.0000000000 | Src: src/btc_mining_engine.c:503 engine_ptmc_swap()
[40723443020937] METRIC #368: btc_ptmc_accept = 0.9642900774 | Src: src/btc_mining_engine.c:503 engine_ptmc_swap()
[40723443447857] METRIC #369: btc_ptmc_rep_hot = 7.0000000000 | Src: src/btc_mining_engine.c:503 engine_ptmc_swap()
[40723443850707] METRIC #370: btc_ptmc_rep_cold = 6.0000000000 | Src: src/btc_mining_engine.c:503 engine_ptmc_swap()
[40723444351567] METRIC #371: btc_ptmc_accept = 0.9767452464 | Src: src/btc_mining_engine.c:503 engine_ptmc_swap()
[40723537122840] METRIC #372: btc_ptmc_rep_hot = 1.0000000000 | Src: src/btc_mining_engine.c:503 engine_ptmc_swap()
[40723537557320] METRIC #373: btc_ptmc_rep_cold = 0.0000000000 | Src: src/btc_mining_engine.c:503 engine_ptmc_swap()
[40723537921190] METRIC #374: btc_ptmc_accept = 1.0000000000 | Src: src/btc_mining_engine.c:503 engine_ptmc_swap()
[40723538358940] METRIC #375: btc_ptmc_rep_hot = 2.0000000000 | Src: src/btc_mining_engine.c:505 engine_ptmc_swap()
[40723538795300] METRIC #376: btc_ptmc_rep_cold = 1.0000000000 | Src: src/btc_mining_engine.c:505 engine_ptmc_swap()
[40723539403720] METRIC #377: btc_ptmc_accept = -0.5134171190 | Src: src/btc_mining_engine.c:505 engine_ptmc_swap()
[40723539967930] METRIC #378: btc_ptmc_rep_hot = 3.0000000000 | Src: src/btc_mining_engine.c:503 engine_ptmc_swap()
[40723540559570] METRIC #379: btc_ptmc_rep_cold = 2.0000000000 | Src: src/btc_mining_engine.c:503 engine_ptmc_swap()
[40723540999770] METRIC #380: btc_ptmc_accept = 1.0000000000 | Src: src/btc_mining_engine.c:503 engine_ptmc_swap()
[40723541464590] METRIC #381: btc_ptmc_rep_hot = 4.0000000000 | Src: src/btc_mining_engine.c:503 engine_ptmc_swap()
[40723541921020] METRIC #382: btc_ptmc_rep_cold = 3.0000000000 | Src: src/btc_mining_engine.c:503 engine_ptmc_swap()
[40723542335900] METRIC #383: btc_ptmc_accept = 1.0000000000 | Src: src/btc_mining_engine.c:503 engine_ptmc_swap()
[40723542774420] METRIC #384: btc_ptmc_rep_hot = 5.0000000000 | Src: src/btc_mining_engine.c:503 engine_ptmc_swap()
[40723543221090] METRIC #385: btc_ptmc_rep_cold = 4.0000000000 | Src: src/btc_mining_engine.c:503 engine_ptmc_swap()
[40723543681380] METRIC #386: btc_ptmc_accept = 1.0000000000 | Src: src/btc_mining_engine.c:503 engine_ptmc_swap()
[40723544144720] METRIC #387: btc_ptmc_rep_hot = 6.0000000000 | Src: src/btc_mining_engine.c:503 engine_ptmc_swap()
[40723544559990] METRIC #388: btc_ptmc_rep_cold = 5.0000000000 | Src: src/btc_mining_engine.c:503 engine_ptmc_swap()
[40723544951750] METRIC #389: btc_ptmc_accept = 1.0000000000 | Src: src/btc_mining_engine.c:503 engine_ptmc_swap()
[40723545354400] METRIC #390: btc_ptmc_rep_hot = 7.0000000000 | Src: src/btc_mining_engine.c:503 engine_ptmc_swap()
[40723545857010] METRIC #391: btc_ptmc_rep_cold = 6.0000000000 | Src: src/btc_mining_engine.c:503 engine_ptmc_swap()
[40723546243900] METRIC #392: btc_ptmc_accept = 1.0000000000 | Src: src/btc_mining_engine.c:503 engine_ptmc_swap()
[40723637300922] METRIC #393: btc_ptmc_rep_hot = 1.0000000000 | Src: src/btc_mining_engine.c:505 engine_ptmc_swap()
[40723637779412] METRIC #394: btc_ptmc_rep_cold = 0.0000000000 | Src: src/btc_mining_engine.c:505 engine_ptmc_swap()
[40723638192472] METRIC #395: btc_ptmc_accept = -0.5134171190 | Src: src/btc_mining_engine.c:505 engine_ptmc_swap()
[40723638577422] METRIC #396: btc_ptmc_rep_hot = 2.0000000000 | Src: src/btc_mining_engine.c:503 engine_ptmc_swap()
[40723638992402] METRIC #397: btc_ptmc_rep_cold = 1.0000000000 | Src: src/btc_mining_engine.c:503 engine_ptmc_swap()
[40723639445472] METRIC #398: btc_ptmc_accept = 1.0000000000 | Src: src/btc_mining_engine.c:503 engine_ptmc_swap()
[40723639939592] METRIC #399: btc_ptmc_rep_hot = 3.0000000000 | Src: src/btc_mining_engine.c:503 engine_ptmc_swap()
[40723640352182] METRIC #400: btc_ptmc_rep_cold = 2.0000000000 | Src: src/btc_mining_engine.c:503 engine_ptmc_swap()
[40723640783822] METRIC #401: btc_ptmc_accept = 1.0000000000 | Src: src/btc_mining_engine.c:503 engine_ptmc_swap()
[40723641168302] METRIC #402: btc_ptmc_rep_hot = 4.0000000000 | Src: src/btc_mining_engine.c:503 engine_ptmc_swap()
[40723641586262] METRIC #403: btc_ptmc_rep_cold = 3.0000000000 | Src: src/btc_mining_engine.c:503 engine_ptmc_swap()
[40723642068392] METRIC #404: btc_ptmc_accept = 1.0000000000 | Src: src/btc_mining_engine.c:503 engine_ptmc_swap()
[40723642541332] METRIC #405: btc_ptmc_rep_hot = 5.0000000000 | Src: src/btc_mining_engine.c:503 engine_ptmc_swap()
[40723642971762] METRIC #406: btc_ptmc_rep_cold = 4.0000000000 | Src: src/btc_mining_engine.c:503 engine_ptmc_swap()
[40723643412812] METRIC #407: btc_ptmc_accept = 1.0000000000 | Src: src/btc_mining_engine.c:503 engine_ptmc_swap()
[40723643910432] METRIC #408: btc_ptmc_rep_hot = 6.0000000000 | Src: src/btc_mining_engine.c:503 engine_ptmc_swap()
[40723644346862] METRIC #409: btc_ptmc_rep_cold = 5.0000000000 | Src: src/btc_mining_engine.c:503 engine_ptmc_swap()
[40723644703612] METRIC #410: btc_ptmc_accept = 1.0000000000 | Src: src/btc_mining_engine.c:503 engine_ptmc_swap()
[40723645091242] METRIC #411: btc_ptmc_rep_hot = 7.0000000000 | Src: src/btc_mining_engine.c:503 engine_ptmc_swap()
[40723645459482] METRIC #412: btc_ptmc_rep_cold = 6.0000000000 | Src: src/btc_mining_engine.c:503 engine_ptmc_swap()
[40723645776672] METRIC #413: btc_ptmc_accept = 1.0000000000 | Src: src/btc_mining_engine.c:503 engine_ptmc_swap()
[40723739997205] METRIC #414: btc_ptmc_rep_hot = 1.0000000000 | Src: src/btc_mining_engine.c:503 engine_ptmc_swap()
[40723740461734] METRIC #415: btc_ptmc_rep_cold = 0.0000000000 | Src: src/btc_mining_engine.c:503 engine_ptmc_swap()
[40723740833404] METRIC #416: btc_ptmc_accept = 1.0000000000 | Src: src/btc_mining_engine.c:503 engine_ptmc_swap()
[40723741251064] METRIC #417: btc_ptmc_rep_hot = 2.0000000000 | Src: src/btc_mining_engine.c:503 engine_ptmc_swap()
[40723741587114] METRIC #418: btc_ptmc_rep_cold = 1.0000000000 | Src: src/btc_mining_engine.c:503 engine_ptmc_swap()
[40723742011275] METRIC #419: btc_ptmc_accept = 1.0000000000 | Src: src/btc_mining_engine.c:503 engine_ptmc_swap()
[40723742431755] METRIC #420: btc_ptmc_rep_hot = 3.0000000000 | Src: src/btc_mining_engine.c:503 engine_ptmc_swap()
[40723742805734] METRIC #421: btc_ptmc_rep_cold = 2.0000000000 | Src: src/btc_mining_engine.c:503 engine_ptmc_swap()
[40723743211314] METRIC #422: btc_ptmc_accept = 1.0000000000 | Src: src/btc_mining_engine.c:503 engine_ptmc_swap()
[40723743659735] METRIC #423: btc_ptmc_rep_hot = 4.0000000000 | Src: src/btc_mining_engine.c:503 engine_ptmc_swap()
[40723744125125] METRIC #424: btc_ptmc_rep_cold = 3.0000000000 | Src: src/btc_mining_engine.c:503 engine_ptmc_swap()
[40723744522975] METRIC #425: btc_ptmc_accept = 1.0000000000 | Src: src/btc_mining_engine.c:503 engine_ptmc_swap()
[40723744905975] METRIC #426: btc_ptmc_rep_hot = 5.0000000000 | Src: src/btc_mining_engine.c:503 engine_ptmc_swap()
[40723745350735] METRIC #427: btc_ptmc_rep_cold = 4.0000000000 | Src: src/btc_mining_engine.c:503 engine_ptmc_swap()
[40723745757935] METRIC #428: btc_ptmc_accept = 1.0000000000 | Src: src/btc_mining_engine.c:503 engine_ptmc_swap()
[40723746205115] METRIC #429: btc_ptmc_rep_hot = 6.0000000000 | Src: src/btc_mining_engine.c:503 engine_ptmc_swap()
[40723746626545] METRIC #430: btc_ptmc_rep_cold = 5.0000000000 | Src: src/btc_mining_engine.c:503 engine_ptmc_swap()
[40723747092335] METRIC #431: btc_ptmc_accept = 1.0000000000 | Src: src/btc_mining_engine.c:503 engine_ptmc_swap()
[40723747516185] METRIC #432: btc_ptmc_rep_hot = 7.0000000000 | Src: src/btc_mining_engine.c:503 engine_ptmc_swap()
[40723747925835] METRIC #433: btc_ptmc_rep_cold = 6.0000000000 | Src: src/btc_mining_engine.c:503 engine_ptmc_swap()
[40723748421365] METRIC #434: btc_ptmc_accept = 1.0000000000 | Src: src/btc_mining_engine.c:503 engine_ptmc_swap()
[40723843790077] METRIC #435: btc_ptmc_rep_hot = 1.0000000000 | Src: src/btc_mining_engine.c:503 engine_ptmc_swap()
[40723844202097] METRIC #436: btc_ptmc_rep_cold = 0.0000000000 | Src: src/btc_mining_engine.c:503 engine_ptmc_swap()
[40723844566287] METRIC #437: btc_ptmc_accept = 1.0000000000 | Src: src/btc_mining_engine.c:503 engine_ptmc_swap()
[40723845107557] METRIC #438: btc_ptmc_rep_hot = 2.0000000000 | Src: src/btc_mining_engine.c:503 engine_ptmc_swap()
[40723845553967] METRIC #439: btc_ptmc_rep_cold = 1.0000000000 | Src: src/btc_mining_engine.c:503 engine_ptmc_swap()
[40723845975717] METRIC #440: btc_ptmc_accept = 1.0000000000 | Src: src/btc_mining_engine.c:503 engine_ptmc_swap()
[40723846450817] METRIC #441: btc_ptmc_rep_hot = 3.0000000000 | Src: src/btc_mining_engine.c:503 engine_ptmc_swap()
[40723846861427] METRIC #442: btc_ptmc_rep_cold = 2.0000000000 | Src: src/btc_mining_engine.c:503 engine_ptmc_swap()
[40723847280967] METRIC #443: btc_ptmc_accept = 1.0000000000 | Src: src/btc_mining_engine.c:503 engine_ptmc_swap()
[40723847618317] METRIC #444: btc_ptmc_rep_hot = 4.0000000000 | Src: src/btc_mining_engine.c:503 engine_ptmc_swap()
[40723847956647] METRIC #445: btc_ptmc_rep_cold = 3.0000000000 | Src: src/btc_mining_engine.c:503 engine_ptmc_swap()
[40723848333787] METRIC #446: btc_ptmc_accept = 1.0000000000 | Src: src/btc_mining_engine.c:503 engine_ptmc_swap()
[40723848708507] METRIC #447: btc_ptmc_rep_hot = 5.0000000000 | Src: src/btc_mining_engine.c:503 engine_ptmc_swap()
[40723849111227] METRIC #448: btc_ptmc_rep_cold = 4.0000000000 | Src: src/btc_mining_engine.c:503 engine_ptmc_swap()
[40723849447107] METRIC #449: btc_ptmc_accept = 1.0000000000 | Src: src/btc_mining_engine.c:503 engine_ptmc_swap()
[40723849790667] METRIC #450: btc_ptmc_rep_hot = 6.0000000000 | Src: src/btc_mining_engine.c:503 engine_ptmc_swap()
[40723850198217] METRIC #451: btc_ptmc_rep_cold = 5.0000000000 | Src: src/btc_mining_engine.c:503 engine_ptmc_swap()
[40723850522957] METRIC #452: btc_ptmc_accept = 1.0000000000 | Src: src/btc_mining_engine.c:503 engine_ptmc_swap()
[40723850883947] METRIC #453: btc_ptmc_rep_hot = 7.0000000000 | Src: src/btc_mining_engine.c:503 engine_ptmc_swap()
[40723851270797] METRIC #454: btc_ptmc_rep_cold = 6.0000000000 | Src: src/btc_mining_engine.c:503 engine_ptmc_swap()
[40723851617517] METRIC #455: btc_ptmc_accept = 1.0000000000 | Src: src/btc_mining_engine.c:503 engine_ptmc_swap()
[40723946450339] METRIC #456: btc_ptmc_rep_hot = 1.0000000000 | Src: src/btc_mining_engine.c:503 engine_ptmc_swap()
[40723946867459] METRIC #457: btc_ptmc_rep_cold = 0.0000000000 | Src: src/btc_mining_engine.c:503 engine_ptmc_swap()
[40723947256729] METRIC #458: btc_ptmc_accept = 1.0000000000 | Src: src/btc_mining_engine.c:503 engine_ptmc_swap()
[40723947653509] METRIC #459: btc_ptmc_rep_hot = 2.0000000000 | Src: src/btc_mining_engine.c:503 engine_ptmc_swap()
[40723947989989] METRIC #460: btc_ptmc_rep_cold = 1.0000000000 | Src: src/btc_mining_engine.c:503 engine_ptmc_swap()
[40723948310949] METRIC #461: btc_ptmc_accept = 1.0000000000 | Src: src/btc_mining_engine.c:503 engine_ptmc_swap()
[40723948628019] METRIC #462: btc_ptmc_rep_hot = 3.0000000000 | Src: src/btc_mining_engine.c:503 engine_ptmc_swap()
[40723948913669] METRIC #463: btc_ptmc_rep_cold = 2.0000000000 | Src: src/btc_mining_engine.c:503 engine_ptmc_swap()
[40723949589029] METRIC #464: btc_ptmc_accept = 1.0000000000 | Src: src/btc_mining_engine.c:503 engine_ptmc_swap()
[40723949975539] METRIC #465: btc_ptmc_rep_hot = 4.0000000000 | Src: src/btc_mining_engine.c:503 engine_ptmc_swap()
[40723950510089] METRIC #466: btc_ptmc_rep_cold = 3.0000000000 | Src: src/btc_mining_engine.c:503 engine_ptmc_swap()
[40723950936409] METRIC #467: btc_ptmc_accept = 1.0000000000 | Src: src/btc_mining_engine.c:503 engine_ptmc_swap()
[40723951469379] METRIC #468: btc_ptmc_rep_hot = 5.0000000000 | Src: src/btc_mining_engine.c:503 engine_ptmc_swap()
[40723951864079] METRIC #469: btc_ptmc_rep_cold = 4.0000000000 | Src: src/btc_mining_engine.c:503 engine_ptmc_swap()
[40723952288419] METRIC #470: btc_ptmc_accept = 1.0000000000 | Src: src/btc_mining_engine.c:503 engine_ptmc_swap()
[40723952672849] METRIC #471: btc_ptmc_rep_hot = 6.0000000000 | Src: src/btc_mining_engine.c:503 engine_ptmc_swap()
[40723953056449] METRIC #472: btc_ptmc_rep_cold = 5.0000000000 | Src: src/btc_mining_engine.c:503 engine_ptmc_swap()
[40723953535639] METRIC #473: btc_ptmc_accept = 1.0000000000 | Src: src/btc_mining_engine.c:503 engine_ptmc_swap()
[40723954012599] METRIC #474: btc_ptmc_rep_hot = 7.0000000000 | Src: src/btc_mining_engine.c:503 engine_ptmc_swap()
[40723954389429] METRIC #475: btc_ptmc_rep_cold = 6.0000000000 | Src: src/btc_mining_engine.c:503 engine_ptmc_swap()
[40723954712719] METRIC #476: btc_ptmc_accept = 1.0000000000 | Src: src/btc_mining_engine.c:503 engine_ptmc_swap()
[40723957716650] METRIC #477: btc_block_nonce = 1826820513.0000000000 | Src: src/btc_mining_engine.c:689 btc_mining_thread()
[40723958214190] METRIC #478: btc_best_leading_zeros = 20.0000000000 | Src: src/btc_mining_engine.c:689 btc_mining_thread()
[40723958620210] METRIC #479: btc_block_valid = 0.0000000000 | Src: src/btc_mining_engine.c:689 btc_mining_thread()
[40723959450780] METRIC #480: btc_best_leading_zeros = 20.0000000000 | Src: src/btc_mining_engine.c:690 btc_mining_thread()
[40723960101930] METRIC #481: btc_nx48_csv_saved = 1.0000000000 | Src: src/nx48_btc_controller.c:484 nx48_btc_save_csv()
[40724046681042] METRIC #482: btc_ptmc_rep_hot = 1.0000000000 | Src: src/btc_mining_engine.c:503 engine_ptmc_swap()
[40724047131882] METRIC #483: btc_ptmc_rep_cold = 0.0000000000 | Src: src/btc_mining_engine.c:503 engine_ptmc_swap()
[40724047469432] METRIC #484: btc_ptmc_accept = 1.0000000000 | Src: src/btc_mining_engine.c:503 engine_ptmc_swap()
[40724047869922] METRIC #485: btc_ptmc_rep_hot = 2.0000000000 | Src: src/btc_mining_engine.c:503 engine_ptmc_swap()
[40724048228872] METRIC #486: btc_ptmc_rep_cold = 1.0000000000 | Src: src/btc_mining_engine.c:503 engine_ptmc_swap()
[40724048628832] METRIC #487: btc_ptmc_accept = 1.0000000000 | Src: src/btc_mining_engine.c:503 engine_ptmc_swap()
[40724049039032] METRIC #488: btc_ptmc_rep_hot = 3.0000000000 | Src: src/btc_mining_engine.c:503 engine_ptmc_swap()
[40724049436982] METRIC #489: btc_ptmc_rep_cold = 2.0000000000 | Src: src/btc_mining_engine.c:503 engine_ptmc_swap()
[40724049869682] METRIC #490: btc_ptmc_accept = 1.0000000000 | Src: src/btc_mining_engine.c:503 engine_ptmc_swap()
[40724050376952] METRIC #491: btc_ptmc_rep_hot = 4.0000000000 | Src: src/btc_mining_engine.c:503 engine_ptmc_swap()
[40724050751232] METRIC #492: btc_ptmc_rep_cold = 3.0000000000 | Src: src/btc_mining_engine.c:503 engine_ptmc_swap()
[40724051072842] METRIC #493: btc_ptmc_accept = 1.0000000000 | Src: src/btc_mining_engine.c:503 engine_ptmc_swap()
[40724051379372] METRIC #494: btc_ptmc_rep_hot = 5.0000000000 | Src: src/btc_mining_engine.c:503 engine_ptmc_swap()
[40724051691452] METRIC #495: btc_ptmc_rep_cold = 4.0000000000 | Src: src/btc_mining_engine.c:503 engine_ptmc_swap()
[40724052106222] METRIC #496: btc_ptmc_accept = 1.0000000000 | Src: src/btc_mining_engine.c:503 engine_ptmc_swap()
[40724052492622] METRIC #497: btc_ptmc_rep_hot = 6.0000000000 | Src: src/btc_mining_engine.c:503 engine_ptmc_swap()
[40724052895752] METRIC #498: btc_ptmc_rep_cold = 5.0000000000 | Src: src/btc_mining_engine.c:503 engine_ptmc_swap()
[40724053363242] METRIC #499: btc_ptmc_accept = 1.0000000000 | Src: src/btc_mining_engine.c:503 engine_ptmc_swap()
[40724053883452] METRIC #500: btc_ptmc_rep_hot = 7.0000000000 | Src: src/btc_mining_engine.c:503 engine_ptmc_swap()
[40724054329042] METRIC #501: btc_ptmc_rep_cold = 6.0000000000 | Src: src/btc_mining_engine.c:503 engine_ptmc_swap()
[40724054748172] METRIC #502: btc_ptmc_accept = 1.0000000000 | Src: src/btc_mining_engine.c:503 engine_ptmc_swap()
[40724119862033] METRIC #503: btc_nx48_disabled = 1.0000000000 | Src: src/btc_mining_engine.c:777 btc_mining_thread()
[40724120399663] METRIC #504: btc_hashrate_mhs = 0.4273324054 | Src: src/btc_mining_engine.c:779 btc_mining_thread()
[40724120822483] METRIC #505: btc_hashrate_thread_id = 0.0000000000 | Src: src/btc_mining_engine.c:779 btc_mining_thread()
[40724121299303] METRIC #506: btc_hashrate_mhs = 0.4275670787 | Src: src/btc_mining_engine.c:779 btc_mining_thread()
[40724121743643] METRIC #507: btc_hashrate_thread_id = 1.0000000000 | Src: src/btc_mining_engine.c:779 btc_mining_thread()
[40724148496244] METRIC #508: btc_ptmc_rep_hot = 1.0000000000 | Src: src/btc_mining_engine.c:503 engine_ptmc_swap()
[40724148891604] METRIC #509: btc_ptmc_rep_cold = 0.0000000000 | Src: src/btc_mining_engine.c:503 engine_ptmc_swap()
[40724149272544] METRIC #510: btc_ptmc_accept = 1.0000000000 | Src: src/btc_mining_engine.c:503 engine_ptmc_swap()
[40724149651634] METRIC #511: btc_ptmc_rep_hot = 2.0000000000 | Src: src/btc_mining_engine.c:505 engine_ptmc_swap()
[40724149979894] METRIC #512: btc_ptmc_rep_cold = 1.0000000000 | Src: src/btc_mining_engine.c:505 engine_ptmc_swap()
[40724150320134] METRIC #513: btc_ptmc_accept = -0.7165624298 | Src: src/btc_mining_engine.c:505 engine_ptmc_swap()
[40724150797174] METRIC #514: btc_ptmc_rep_hot = 3.0000000000 | Src: src/btc_mining_engine.c:503 engine_ptmc_swap()
[40724151177864] METRIC #515: btc_ptmc_rep_cold = 2.0000000000 | Src: src/btc_mining_engine.c:503 engine_ptmc_swap()
[40724151571934] METRIC #516: btc_ptmc_accept = 1.0000000000 | Src: src/btc_mining_engine.c:503 engine_ptmc_swap()
[40724151968974] METRIC #517: btc_ptmc_rep_hot = 4.0000000000 | Src: src/btc_mining_engine.c:503 engine_ptmc_swap()
[40724152419464] METRIC #518: btc_ptmc_rep_cold = 3.0000000000 | Src: src/btc_mining_engine.c:503 engine_ptmc_swap()
[40724152805594] METRIC #519: btc_ptmc_accept = 1.0000000000 | Src: src/btc_mining_engine.c:503 engine_ptmc_swap()
[40724153253624] METRIC #520: btc_ptmc_rep_hot = 5.0000000000 | Src: src/btc_mining_engine.c:503 engine_ptmc_swap()
[40724153652984] METRIC #521: btc_ptmc_rep_cold = 4.0000000000 | Src: src/btc_mining_engine.c:503 engine_ptmc_swap()
[40724154035294] METRIC #522: btc_ptmc_accept = 1.0000000000 | Src: src/btc_mining_engine.c:503 engine_ptmc_swap()
[40724154380834] METRIC #523: btc_ptmc_rep_hot = 6.0000000000 | Src: src/btc_mining_engine.c:503 engine_ptmc_swap()
[40724154727664] METRIC #524: btc_ptmc_rep_cold = 5.0000000000 | Src: src/btc_mining_engine.c:503 engine_ptmc_swap()
[40724155129504] METRIC #525: btc_ptmc_accept = 1.0000000000 | Src: src/btc_mining_engine.c:503 engine_ptmc_swap()
[40724155553084] METRIC #526: btc_ptmc_rep_hot = 7.0000000000 | Src: src/btc_mining_engine.c:503 engine_ptmc_swap()
[40724155877004] METRIC #527: btc_ptmc_rep_cold = 6.0000000000 | Src: src/btc_mining_engine.c:503 engine_ptmc_swap()
[40724156269524] METRIC #528: btc_ptmc_accept = 1.0000000000 | Src: src/btc_mining_engine.c:503 engine_ptmc_swap()
[40724249609616] METRIC #529: btc_ptmc_rep_hot = 1.0000000000 | Src: src/btc_mining_engine.c:503 engine_ptmc_swap()
[40724250092646] METRIC #530: btc_ptmc_rep_cold = 0.0000000000 | Src: src/btc_mining_engine.c:503 engine_ptmc_swap()
[40724250467726] METRIC #531: btc_ptmc_accept = 1.0000000000 | Src: src/btc_mining_engine.c:503 engine_ptmc_swap()
[40724250869786] METRIC #532: btc_ptmc_rep_hot = 2.0000000000 | Src: src/btc_mining_engine.c:503 engine_ptmc_swap()
[40724251265276] METRIC #533: btc_ptmc_rep_cold = 1.0000000000 | Src: src/btc_mining_engine.c:503 engine_ptmc_swap()
[40724251616616] METRIC #534: btc_ptmc_accept = 1.0000000000 | Src: src/btc_mining_engine.c:503 engine_ptmc_swap()
[40724252067146] METRIC #535: btc_ptmc_rep_hot = 3.0000000000 | Src: src/btc_mining_engine.c:503 engine_ptmc_swap()
[40724252459446] METRIC #536: btc_ptmc_rep_cold = 2.0000000000 | Src: src/btc_mining_engine.c:503 engine_ptmc_swap()
[40724252847747] METRIC #537: btc_ptmc_accept = 1.0000000000 | Src: src/btc_mining_engine.c:503 engine_ptmc_swap()
[40724253252957] METRIC #538: btc_ptmc_rep_hot = 4.0000000000 | Src: src/btc_mining_engine.c:503 engine_ptmc_swap()
[40724253657117] METRIC #539: btc_ptmc_rep_cold = 3.0000000000 | Src: src/btc_mining_engine.c:503 engine_ptmc_swap()
[40724254088266] METRIC #540: btc_ptmc_accept = 1.0000000000 | Src: src/btc_mining_engine.c:503 engine_ptmc_swap()
[40724254476367] METRIC #541: btc_ptmc_rep_hot = 5.0000000000 | Src: src/btc_mining_engine.c:503 engine_ptmc_swap()
[40724254869907] METRIC #542: btc_ptmc_rep_cold = 4.0000000000 | Src: src/btc_mining_engine.c:503 engine_ptmc_swap()
[40724255271387] METRIC #543: btc_ptmc_accept = 1.0000000000 | Src: src/btc_mining_engine.c:503 engine_ptmc_swap()
[40724255663077] METRIC #544: btc_ptmc_rep_hot = 6.0000000000 | Src: src/btc_mining_engine.c:503 engine_ptmc_swap()
[40724256165187] METRIC #545: btc_ptmc_rep_cold = 5.0000000000 | Src: src/btc_mining_engine.c:503 engine_ptmc_swap()
[40724256531477] METRIC #546: btc_ptmc_accept = 1.0000000000 | Src: src/btc_mining_engine.c:503 engine_ptmc_swap()
[40724256970127] METRIC #547: btc_ptmc_rep_hot = 7.0000000000 | Src: src/btc_mining_engine.c:503 engine_ptmc_swap()
[40724257412597] METRIC #548: btc_ptmc_rep_cold = 6.0000000000 | Src: src/btc_mining_engine.c:503 engine_ptmc_swap()
[40724257832727] METRIC #549: btc_ptmc_accept = 1.0000000000 | Src: src/btc_mining_engine.c:503 engine_ptmc_swap()
[40724350847109] METRIC #550: btc_ptmc_rep_hot = 1.0000000000 | Src: src/btc_mining_engine.c:503 engine_ptmc_swap()
[40724351480799] METRIC #551: btc_ptmc_rep_cold = 0.0000000000 | Src: src/btc_mining_engine.c:503 engine_ptmc_swap()
[40724352115819] METRIC #552: btc_ptmc_accept = 1.0000000000 | Src: src/btc_mining_engine.c:503 engine_ptmc_swap()
[40724352483059] METRIC #553: btc_ptmc_rep_hot = 2.0000000000 | Src: src/btc_mining_engine.c:503 engine_ptmc_swap()
[40724352963339] METRIC #554: btc_ptmc_rep_cold = 1.0000000000 | Src: src/btc_mining_engine.c:503 engine_ptmc_swap()
[40724353395589] METRIC #555: btc_ptmc_accept = 1.0000000000 | Src: src/btc_mining_engine.c:503 engine_ptmc_swap()
[40724353815359] METRIC #556: btc_ptmc_rep_hot = 3.0000000000 | Src: src/btc_mining_engine.c:503 engine_ptmc_swap()
[40724354444859] METRIC #557: btc_ptmc_rep_cold = 2.0000000000 | Src: src/btc_mining_engine.c:503 engine_ptmc_swap()
[40724355100509] METRIC #558: btc_ptmc_accept = 1.0000000000 | Src: src/btc_mining_engine.c:503 engine_ptmc_swap()
[40724357089139] METRIC #559: btc_ptmc_rep_hot = 4.0000000000 | Src: src/btc_mining_engine.c:503 engine_ptmc_swap()
[40724357490069] METRIC #560: btc_ptmc_rep_cold = 3.0000000000 | Src: src/btc_mining_engine.c:503 engine_ptmc_swap()
[40724357874009] METRIC #561: btc_ptmc_accept = 1.0000000000 | Src: src/btc_mining_engine.c:503 engine_ptmc_swap()
[40724358285559] METRIC #562: btc_ptmc_rep_hot = 5.0000000000 | Src: src/btc_mining_engine.c:503 engine_ptmc_swap()
[40724358668779] METRIC #563: btc_ptmc_rep_cold = 4.0000000000 | Src: src/btc_mining_engine.c:503 engine_ptmc_swap()
[40724359054229] METRIC #564: btc_ptmc_accept = 1.0000000000 | Src: src/btc_mining_engine.c:503 engine_ptmc_swap()
[40724359402799] METRIC #565: btc_ptmc_rep_hot = 6.0000000000 | Src: src/btc_mining_engine.c:503 engine_ptmc_swap()
[40724359775869] METRIC #566: btc_ptmc_rep_cold = 5.0000000000 | Src: src/btc_mining_engine.c:503 engine_ptmc_swap()
[40724360219329] METRIC #567: btc_ptmc_accept = 1.0000000000 | Src: src/btc_mining_engine.c:503 engine_ptmc_swap()
[40724360597349] METRIC #568: btc_ptmc_rep_hot = 7.0000000000 | Src: src/btc_mining_engine.c:503 engine_ptmc_swap()
[40724360902229] METRIC #569: btc_ptmc_rep_cold = 6.0000000000 | Src: src/btc_mining_engine.c:503 engine_ptmc_swap()
[40724361267549] METRIC #570: btc_ptmc_accept = 1.0000000000 | Src: src/btc_mining_engine.c:503 engine_ptmc_swap()
[40724454541151] METRIC #571: btc_ptmc_rep_hot = 1.0000000000 | Src: src/btc_mining_engine.c:503 engine_ptmc_swap()
[40724454960001] METRIC #572: btc_ptmc_rep_cold = 0.0000000000 | Src: src/btc_mining_engine.c:503 engine_ptmc_swap()
[40724455329071] METRIC #573: btc_ptmc_accept = 1.0000000000 | Src: src/btc_mining_engine.c:503 engine_ptmc_swap()
[40724455708051] METRIC #574: btc_ptmc_rep_hot = 2.0000000000 | Src: src/btc_mining_engine.c:503 engine_ptmc_swap()
[40724456059551] METRIC #575: btc_ptmc_rep_cold = 1.0000000000 | Src: src/btc_mining_engine.c:503 engine_ptmc_swap()
[40724456387221] METRIC #576: btc_ptmc_accept = 1.0000000000 | Src: src/btc_mining_engine.c:503 engine_ptmc_swap()
[40724456794551] METRIC #577: btc_ptmc_rep_hot = 3.0000000000 | Src: src/btc_mining_engine.c:503 engine_ptmc_swap()
[40724457179861] METRIC #578: btc_ptmc_rep_cold = 2.0000000000 | Src: src/btc_mining_engine.c:503 engine_ptmc_swap()
[40724457523561] METRIC #579: btc_ptmc_accept = 1.0000000000 | Src: src/btc_mining_engine.c:503 engine_ptmc_swap()
[40724457988831] METRIC #580: btc_ptmc_rep_hot = 4.0000000000 | Src: src/btc_mining_engine.c:503 engine_ptmc_swap()
[40724458397081] METRIC #581: btc_ptmc_rep_cold = 3.0000000000 | Src: src/btc_mining_engine.c:503 engine_ptmc_swap()
[40724458732331] METRIC #582: btc_ptmc_accept = 1.0000000000 | Src: src/btc_mining_engine.c:503 engine_ptmc_swap()
[40724459145251] METRIC #583: btc_ptmc_rep_hot = 5.0000000000 | Src: src/btc_mining_engine.c:503 engine_ptmc_swap()
[40724459578491] METRIC #584: btc_ptmc_rep_cold = 4.0000000000 | Src: src/btc_mining_engine.c:503 engine_ptmc_swap()
[40724459988041] METRIC #585: btc_ptmc_accept = 1.0000000000 | Src: src/btc_mining_engine.c:503 engine_ptmc_swap()
[40724460413211] METRIC #586: btc_ptmc_rep_hot = 6.0000000000 | Src: src/btc_mining_engine.c:503 engine_ptmc_swap()
[40724460769251] METRIC #587: btc_ptmc_rep_cold = 5.0000000000 | Src: src/btc_mining_engine.c:503 engine_ptmc_swap()
[40724461193341] METRIC #588: btc_ptmc_accept = 1.0000000000 | Src: src/btc_mining_engine.c:503 engine_ptmc_swap()
[40724461822921] METRIC #589: btc_ptmc_rep_hot = 7.0000000000 | Src: src/btc_mining_engine.c:503 engine_ptmc_swap()
[40724462362561] METRIC #590: btc_ptmc_rep_cold = 6.0000000000 | Src: src/btc_mining_engine.c:503 engine_ptmc_swap()
[40724462845511] METRIC #591: btc_ptmc_accept = 1.0000000000 | Src: src/btc_mining_engine.c:503 engine_ptmc_swap()
[40724554943614] METRIC #592: btc_ptmc_rep_hot = 1.0000000000 | Src: src/btc_mining_engine.c:505 engine_ptmc_swap()
[40724555489894] METRIC #593: btc_ptmc_rep_cold = 0.0000000000 | Src: src/btc_mining_engine.c:505 engine_ptmc_swap()
[40724555911994] METRIC #594: btc_ptmc_accept = -0.2638029098 | Src: src/btc_mining_engine.c:505 engine_ptmc_swap()
[40724556441844] METRIC #595: btc_ptmc_rep_hot = 2.0000000000 | Src: src/btc_mining_engine.c:503 engine_ptmc_swap()
[40724556829574] METRIC #596: btc_ptmc_rep_cold = 1.0000000000 | Src: src/btc_mining_engine.c:503 engine_ptmc_swap()
[40724557430374] METRIC #597: btc_ptmc_accept = 1.0000000000 | Src: src/btc_mining_engine.c:503 engine_ptmc_swap()
[40724557919054] METRIC #598: btc_ptmc_rep_hot = 3.0000000000 | Src: src/btc_mining_engine.c:503 engine_ptmc_swap()
[40724558350464] METRIC #599: btc_ptmc_rep_cold = 2.0000000000 | Src: src/btc_mining_engine.c:503 engine_ptmc_swap()
[40724558744444] METRIC #600: btc_ptmc_accept = 1.0000000000 | Src: src/btc_mining_engine.c:503 engine_ptmc_swap()
[40724559181794] METRIC #601: btc_ptmc_rep_hot = 4.0000000000 | Src: src/btc_mining_engine.c:503 engine_ptmc_swap()
[40724559570744] METRIC #602: btc_ptmc_rep_cold = 3.0000000000 | Src: src/btc_mining_engine.c:503 engine_ptmc_swap()
[40724559954394] METRIC #603: btc_ptmc_accept = 1.0000000000 | Src: src/btc_mining_engine.c:503 engine_ptmc_swap()
[40724560455264] METRIC #604: btc_ptmc_rep_hot = 5.0000000000 | Src: src/btc_mining_engine.c:503 engine_ptmc_swap()
[40724560875664] METRIC #605: btc_ptmc_rep_cold = 4.0000000000 | Src: src/btc_mining_engine.c:503 engine_ptmc_swap()
[40724561276764] METRIC #606: btc_ptmc_accept = 1.0000000000 | Src: src/btc_mining_engine.c:503 engine_ptmc_swap()
[40724561665984] METRIC #607: btc_ptmc_rep_hot = 6.0000000000 | Src: src/btc_mining_engine.c:503 engine_ptmc_swap()
[40724562179534] METRIC #608: btc_ptmc_rep_cold = 5.0000000000 | Src: src/btc_mining_engine.c:503 engine_ptmc_swap()
[40724562530644] METRIC #609: btc_ptmc_accept = 1.0000000000 | Src: src/btc_mining_engine.c:503 engine_ptmc_swap()
[40724562876154] METRIC #610: btc_ptmc_rep_hot = 7.0000000000 | Src: src/btc_mining_engine.c:503 engine_ptmc_swap()
[40724563215024] METRIC #611: btc_ptmc_rep_cold = 6.0000000000 | Src: src/btc_mining_engine.c:503 engine_ptmc_swap()
[40724563535484] METRIC #612: btc_ptmc_accept = 1.0000000000 | Src: src/btc_mining_engine.c:503 engine_ptmc_swap()
[40724659075676] METRIC #613: btc_ptmc_rep_hot = 1.0000000000 | Src: src/btc_mining_engine.c:503 engine_ptmc_swap()
[40724659537306] METRIC #614: btc_ptmc_rep_cold = 0.0000000000 | Src: src/btc_mining_engine.c:503 engine_ptmc_swap()
[40724659882786] METRIC #615: btc_ptmc_accept = 1.0000000000 | Src: src/btc_mining_engine.c:503 engine_ptmc_swap()
[40724660304726] METRIC #616: btc_ptmc_rep_hot = 2.0000000000 | Src: src/btc_mining_engine.c:505 engine_ptmc_swap()
[40724660664886] METRIC #617: btc_ptmc_rep_cold = 1.0000000000 | Src: src/btc_mining_engine.c:505 engine_ptmc_swap()
[40724661092536] METRIC #618: btc_ptmc_accept = -0.7165485813 | Src: src/btc_mining_engine.c:505 engine_ptmc_swap()
[40724661494716] METRIC #619: btc_ptmc_rep_hot = 3.0000000000 | Src: src/btc_mining_engine.c:503 engine_ptmc_swap()
[40724661873256] METRIC #620: btc_ptmc_rep_cold = 2.0000000000 | Src: src/btc_mining_engine.c:503 engine_ptmc_swap()
[40724662338836] METRIC #621: btc_ptmc_accept = 1.0000000000 | Src: src/btc_mining_engine.c:503 engine_ptmc_swap()
[40724662778886] METRIC #622: btc_ptmc_rep_hot = 4.0000000000 | Src: src/btc_mining_engine.c:503 engine_ptmc_swap()
[40724663178816] METRIC #623: btc_ptmc_rep_cold = 3.0000000000 | Src: src/btc_mining_engine.c:503 engine_ptmc_swap()
[40724663612206] METRIC #624: btc_ptmc_accept = 1.0000000000 | Src: src/btc_mining_engine.c:503 engine_ptmc_swap()
[40724664026056] METRIC #625: btc_ptmc_rep_hot = 5.0000000000 | Src: src/btc_mining_engine.c:503 engine_ptmc_swap()
[40724664432336] METRIC #626: btc_ptmc_rep_cold = 4.0000000000 | Src: src/btc_mining_engine.c:503 engine_ptmc_swap()
[40724664886526] METRIC #627: btc_ptmc_accept = 1.0000000000 | Src: src/btc_mining_engine.c:503 engine_ptmc_swap()
[40724665265066] METRIC #628: btc_ptmc_rep_hot = 6.0000000000 | Src: src/btc_mining_engine.c:503 engine_ptmc_swap()
[40724665683786] METRIC #629: btc_ptmc_rep_cold = 5.0000000000 | Src: src/btc_mining_engine.c:503 engine_ptmc_swap()
[40724666135066] METRIC #630: btc_ptmc_accept = 1.0000000000 | Src: src/btc_mining_engine.c:503 engine_ptmc_swap()
[40724666489616] METRIC #631: btc_ptmc_rep_hot = 7.0000000000 | Src: src/btc_mining_engine.c:503 engine_ptmc_swap()
[40724666913436] METRIC #632: btc_ptmc_rep_cold = 6.0000000000 | Src: src/btc_mining_engine.c:503 engine_ptmc_swap()
[40724667401896] METRIC #633: btc_ptmc_accept = 1.0000000000 | Src: src/btc_mining_engine.c:503 engine_ptmc_swap()
[40724760950868] METRIC #634: btc_ptmc_rep_hot = 1.0000000000 | Src: src/btc_mining_engine.c:505 engine_ptmc_swap()
[40724761364058] METRIC #635: btc_ptmc_rep_cold = 0.0000000000 | Src: src/btc_mining_engine.c:505 engine_ptmc_swap()
[40724761693579] METRIC #636: btc_ptmc_accept = -0.2638029098 | Src: src/btc_mining_engine.c:505 engine_ptmc_swap()
[40724762203689] METRIC #637: btc_ptmc_rep_hot = 2.0000000000 | Src: src/btc_mining_engine.c:503 engine_ptmc_swap()
[40724762615208] METRIC #638: btc_ptmc_rep_cold = 1.0000000000 | Src: src/btc_mining_engine.c:503 engine_ptmc_swap()
[40724762994188] METRIC #639: btc_ptmc_accept = 0.5134727291 | Src: src/btc_mining_engine.c:503 engine_ptmc_swap()
[40724763614549] METRIC #640: btc_ptmc_rep_hot = 3.0000000000 | Src: src/btc_mining_engine.c:503 engine_ptmc_swap()
[40724764074919] METRIC #641: btc_ptmc_rep_cold = 2.0000000000 | Src: src/btc_mining_engine.c:503 engine_ptmc_swap()
[40724764640959] METRIC #642: btc_ptmc_accept = 0.7165507139 | Src: src/btc_mining_engine.c:503 engine_ptmc_swap()
[40724765095029] METRIC #643: btc_ptmc_rep_hot = 4.0000000000 | Src: src/btc_mining_engine.c:505 engine_ptmc_swap()
[40724765459559] METRIC #644: btc_ptmc_rep_cold = 3.0000000000 | Src: src/btc_mining_engine.c:505 engine_ptmc_swap()
[40724765800369] METRIC #645: btc_ptmc_accept = -0.8187387348 | Src: src/btc_mining_engine.c:505 engine_ptmc_swap()
[40724766283109] METRIC #646: btc_ptmc_rep_hot = 5.0000000000 | Src: src/btc_mining_engine.c:503 engine_ptmc_swap()
[40724766640059] METRIC #647: btc_ptmc_rep_cold = 4.0000000000 | Src: src/btc_mining_engine.c:503 engine_ptmc_swap()
[40724767148299] METRIC #648: btc_ptmc_accept = 1.0000000000 | Src: src/btc_mining_engine.c:503 engine_ptmc_swap()
[40724767716939] METRIC #649: btc_ptmc_rep_hot = 6.0000000000 | Src: src/btc_mining_engine.c:503 engine_ptmc_swap()
[40724768205619] METRIC #650: btc_ptmc_rep_cold = 5.0000000000 | Src: src/btc_mining_engine.c:503 engine_ptmc_swap()
[40724768646929] METRIC #651: btc_ptmc_accept = 1.0000000000 | Src: src/btc_mining_engine.c:503 engine_ptmc_swap()
[40724769170269] METRIC #652: btc_ptmc_rep_hot = 7.0000000000 | Src: src/btc_mining_engine.c:503 engine_ptmc_swap()
[40724769622469] METRIC #653: btc_ptmc_rep_cold = 6.0000000000 | Src: src/btc_mining_engine.c:503 engine_ptmc_swap()
[40724770079199] METRIC #654: btc_ptmc_accept = 1.0000000000 | Src: src/btc_mining_engine.c:503 engine_ptmc_swap()
[40724861873431] METRIC #655: btc_ptmc_rep_hot = 1.0000000000 | Src: src/btc_mining_engine.c:503 engine_ptmc_swap()
[40724862370161] METRIC #656: btc_ptmc_rep_cold = 0.0000000000 | Src: src/btc_mining_engine.c:503 engine_ptmc_swap()
[40724862772531] METRIC #657: btc_ptmc_accept = 1.0000000000 | Src: src/btc_mining_engine.c:503 engine_ptmc_swap()
[40724863229801] METRIC #658: btc_ptmc_rep_hot = 2.0000000000 | Src: src/btc_mining_engine.c:503 engine_ptmc_swap()
[40724863577571] METRIC #659: btc_ptmc_rep_cold = 1.0000000000 | Src: src/btc_mining_engine.c:503 engine_ptmc_swap()
[40724863909811] METRIC #660: btc_ptmc_accept = 1.0000000000 | Src: src/btc_mining_engine.c:503 engine_ptmc_swap()
[40724864302381] METRIC #661: btc_ptmc_rep_hot = 3.0000000000 | Src: src/btc_mining_engine.c:503 engine_ptmc_swap()
[40724864731591] METRIC #662: btc_ptmc_rep_cold = 2.0000000000 | Src: src/btc_mining_engine.c:503 engine_ptmc_swap()
[40724865199201] METRIC #663: btc_ptmc_accept = 1.0000000000 | Src: src/btc_mining_engine.c:503 engine_ptmc_swap()
[40724865647061] METRIC #664: btc_ptmc_rep_hot = 4.0000000000 | Src: src/btc_mining_engine.c:503 engine_ptmc_swap()
[40724866100571] METRIC #665: btc_ptmc_rep_cold = 3.0000000000 | Src: src/btc_mining_engine.c:503 engine_ptmc_swap()
[40724866505811] METRIC #666: btc_ptmc_accept = 1.0000000000 | Src: src/btc_mining_engine.c:503 engine_ptmc_swap()
[40724867015261] METRIC #667: btc_ptmc_rep_hot = 5.0000000000 | Src: src/btc_mining_engine.c:503 engine_ptmc_swap()
[40724867506681] METRIC #668: btc_ptmc_rep_cold = 4.0000000000 | Src: src/btc_mining_engine.c:503 engine_ptmc_swap()
[40724867957761] METRIC #669: btc_ptmc_accept = 1.0000000000 | Src: src/btc_mining_engine.c:503 engine_ptmc_swap()
[40724868408831] METRIC #670: btc_ptmc_rep_hot = 6.0000000000 | Src: src/btc_mining_engine.c:503 engine_ptmc_swap()
[40724868838261] METRIC #671: btc_ptmc_rep_cold = 5.0000000000 | Src: src/btc_mining_engine.c:503 engine_ptmc_swap()
[40724869246351] METRIC #672: btc_ptmc_accept = 1.0000000000 | Src: src/btc_mining_engine.c:503 engine_ptmc_swap()
[40724869664001] METRIC #673: btc_ptmc_rep_hot = 7.0000000000 | Src: src/btc_mining_engine.c:503 engine_ptmc_swap()
[40724870166261] METRIC #674: btc_ptmc_rep_cold = 6.0000000000 | Src: src/btc_mining_engine.c:503 engine_ptmc_swap()
[40724870576691] METRIC #675: btc_ptmc_accept = 1.0000000000 | Src: src/btc_mining_engine.c:503 engine_ptmc_swap()
[40724961957093] METRIC #676: btc_ptmc_rep_hot = 1.0000000000 | Src: src/btc_mining_engine.c:503 engine_ptmc_swap()
[40724962357463] METRIC #677: btc_ptmc_rep_cold = 0.0000000000 | Src: src/btc_mining_engine.c:503 engine_ptmc_swap()
[40724962733533] METRIC #678: btc_ptmc_accept = 1.0000000000 | Src: src/btc_mining_engine.c:503 engine_ptmc_swap()
[40724963105853] METRIC #679: btc_ptmc_rep_hot = 2.0000000000 | Src: src/btc_mining_engine.c:503 engine_ptmc_swap()
[40724963436993] METRIC #680: btc_ptmc_rep_cold = 1.0000000000 | Src: src/btc_mining_engine.c:503 engine_ptmc_swap()
[40724963733123] METRIC #681: btc_ptmc_accept = 1.0000000000 | Src: src/btc_mining_engine.c:503 engine_ptmc_swap()
[40724964190513] METRIC #682: btc_ptmc_rep_hot = 3.0000000000 | Src: src/btc_mining_engine.c:503 engine_ptmc_swap()
[40724964541653] METRIC #683: btc_ptmc_rep_cold = 2.0000000000 | Src: src/btc_mining_engine.c:503 engine_ptmc_swap()
[40724964913303] METRIC #684: btc_ptmc_accept = 1.0000000000 | Src: src/btc_mining_engine.c:503 engine_ptmc_swap()
[40724965306653] METRIC #685: btc_ptmc_rep_hot = 4.0000000000 | Src: src/btc_mining_engine.c:503 engine_ptmc_swap()
[40724965618403] METRIC #686: btc_ptmc_rep_cold = 3.0000000000 | Src: src/btc_mining_engine.c:503 engine_ptmc_swap()
[40724965898433] METRIC #687: btc_ptmc_accept = 1.0000000000 | Src: src/btc_mining_engine.c:503 engine_ptmc_swap()
[40724966221043] METRIC #688: btc_ptmc_rep_hot = 5.0000000000 | Src: src/btc_mining_engine.c:503 engine_ptmc_swap()
[40724966529463] METRIC #689: btc_ptmc_rep_cold = 4.0000000000 | Src: src/btc_mining_engine.c:503 engine_ptmc_swap()
[40724966844213] METRIC #690: btc_ptmc_accept = 1.0000000000 | Src: src/btc_mining_engine.c:503 engine_ptmc_swap()
[40724967163303] METRIC #691: btc_ptmc_rep_hot = 6.0000000000 | Src: src/btc_mining_engine.c:503 engine_ptmc_swap()
[40724967548573] METRIC #692: btc_ptmc_rep_cold = 5.0000000000 | Src: src/btc_mining_engine.c:503 engine_ptmc_swap()
[40724967903983] METRIC #693: btc_ptmc_accept = 1.0000000000 | Src: src/btc_mining_engine.c:503 engine_ptmc_swap()
[40724968315913] METRIC #694: btc_ptmc_rep_hot = 7.0000000000 | Src: src/btc_mining_engine.c:503 engine_ptmc_swap()
[40724968693233] METRIC #695: btc_ptmc_rep_cold = 6.0000000000 | Src: src/btc_mining_engine.c:503 engine_ptmc_swap()
[40724969144873] METRIC #696: btc_ptmc_accept = 1.0000000000 | Src: src/btc_mining_engine.c:503 engine_ptmc_swap()
[40725063219576] METRIC #697: btc_ptmc_rep_hot = 1.0000000000 | Src: src/btc_mining_engine.c:505 engine_ptmc_swap()
[40725063686425] METRIC #698: btc_ptmc_rep_cold = 0.0000000000 | Src: src/btc_mining_engine.c:505 engine_ptmc_swap()
[40725064178495] METRIC #699: btc_ptmc_accept = -0.5134171190 | Src: src/btc_mining_engine.c:505 engine_ptmc_swap()
[40725064696676] METRIC #700: btc_ptmc_rep_hot = 2.0000000000 | Src: src/btc_mining_engine.c:505 engine_ptmc_swap()
[40725065100346] METRIC #701: btc_ptmc_rep_cold = 1.0000000000 | Src: src/btc_mining_engine.c:505 engine_ptmc_swap()
[40725065648606] METRIC #702: btc_ptmc_accept = -0.2635513387 | Src: src/btc_mining_engine.c:505 engine_ptmc_swap()
[40725066167106] METRIC #703: btc_ptmc_rep_hot = 3.0000000000 | Src: src/btc_mining_engine.c:503 engine_ptmc_swap()
[40725066561926] METRIC #704: btc_ptmc_rep_cold = 2.0000000000 | Src: src/btc_mining_engine.c:503 engine_ptmc_swap()
[40725066946386] METRIC #705: btc_ptmc_accept = 1.0000000000 | Src: src/btc_mining_engine.c:503 engine_ptmc_swap()
[40725067344816] METRIC #706: btc_ptmc_rep_hot = 4.0000000000 | Src: src/btc_mining_engine.c:503 engine_ptmc_swap()
[40725067739636] METRIC #707: btc_ptmc_rep_cold = 3.0000000000 | Src: src/btc_mining_engine.c:503 engine_ptmc_swap()
[40725068172506] METRIC #708: btc_ptmc_accept = 1.0000000000 | Src: src/btc_mining_engine.c:503 engine_ptmc_swap()
[40725068648566] METRIC #709: btc_ptmc_rep_hot = 5.0000000000 | Src: src/btc_mining_engine.c:503 engine_ptmc_swap()
[40725069205706] METRIC #710: btc_ptmc_rep_cold = 4.0000000000 | Src: src/btc_mining_engine.c:503 engine_ptmc_swap()
[40725069699536] METRIC #711: btc_ptmc_accept = 1.0000000000 | Src: src/btc_mining_engine.c:503 engine_ptmc_swap()
[40725070185336] METRIC #712: btc_ptmc_rep_hot = 6.0000000000 | Src: src/btc_mining_engine.c:503 engine_ptmc_swap()
[40725070565626] METRIC #713: btc_ptmc_rep_cold = 5.0000000000 | Src: src/btc_mining_engine.c:503 engine_ptmc_swap()
[40725070977146] METRIC #714: btc_ptmc_accept = 1.0000000000 | Src: src/btc_mining_engine.c:503 engine_ptmc_swap()
[40725071367366] METRIC #715: btc_ptmc_rep_hot = 7.0000000000 | Src: src/btc_mining_engine.c:503 engine_ptmc_swap()
[40725071790026] METRIC #716: btc_ptmc_rep_cold = 6.0000000000 | Src: src/btc_mining_engine.c:503 engine_ptmc_swap()
[40725072261046] METRIC #717: btc_ptmc_accept = 1.0000000000 | Src: src/btc_mining_engine.c:503 engine_ptmc_swap()
[40725103280926] METRIC #718: btc_nonces_total = 1281536.0000000000 | Src: src/btc_mining_engine.c:914 btc_engine_run()
[40725103765046] METRIC #719: btc_elapsed_s = 3.0010757700 | Src: src/btc_mining_engine.c:915 btc_engine_run()
[40725104246846] METRIC #720: btc_hashrate_mhs_final = 0.4270255396 | Src: src/btc_mining_engine.c:916 btc_engine_run()
[40725104765176] METRIC #721: btc_best_leading_zeros = 20.0000000000 | Src: src/btc_mining_engine.c:917 btc_engine_run()
[40725105193946] METRIC #722: btc_best_nonce_final = 1826820513.0000000000 | Src: src/btc_mining_engine.c:918 btc_engine_run()
[40725105555546] METRIC #723: btc_block_valid = 0.0000000000 | Src: src/btc_mining_engine.c:919 btc_engine_run()
[40725105921607] METRIC #724: btc_hashrate_gate_pass = 1.0000000000 | Src: src/btc_mining_engine.c:926 btc_engine_run()
[40725106364447] METRIC #725: btc_memory_gate_pass = 1.0000000000 | Src: src/btc_mining_engine.c:929 btc_engine_run()
[40725106706936] TEST_END: btc_engine_run | SUCCÈS | Durée: 3004501920 ns (3004.502 ms) | Src: src/btc_mining_engine.c:940 btc_engine_run()
[40725107092786] METRIC #726: btc_nx48_csv_saved = 1.0000000000 | Src: src/nx48_btc_controller.c:484 nx48_btc_save_csv()
[40727102498043] METRIC #727: btc_ram_available_mb_end = 18050.0000000000 | Src: src/btc_mining_engine.c:954 btc_engine_run()
[40727103207133] METRIC #728: btc_nx48_csv_saved = 1.0000000000 | Src: src/nx48_btc_controller.c:484 nx48_btc_save_csv()
[40727103659253] METRIC #729: btc_memory_gate_pass = 1.0000000000 | Src: src/main_btc_mining.c:355 main()
[40727104166983] TEST_END: main_btc_mining | SUCCÈS | Durée: 5001961967 ns (5001.962 ms) | Src: src/main_btc_mining.c:356 main()
[40727104321503] METRIC #730: btc_wallet_destroyed = 1.0000000000 | Src: src/btc_wallet.c:423 btc_wallet_destroy()
