=== LOG FORENSIQUE ULTRA-STRICT v3.0 MODULE btc_qm_engine ===
Timestamp: 117472304161593 ns | PID: 198 | Thread: 140002995571904
Standards: ISO/IEC 27037, NIST SP 800-86, IEEE 1012
=====================================================
[117472304218953] TEST_START: main_btc_mining | Source: src/main_btc_mining.c:207 in main()
[117472304239493] METRIC #1: btc_run_mode_hash = 66.0000000000 | Src: src/main_btc_mining.c:208 main()
[117472304956202] METRIC #2: btc_module_version = 17.0000000000 | Src: src/main_btc_mining.c:210 main()
[117472305079892] METRIC #3: btc_nx48_csv_loaded = 1.0000000000 | Src: src/nx48_btc_controller.c:418 nx48_btc_load_csv()
[117472305149932] METRIC #4: btc_nx48_init_loaded = 1.0000000000 | Src: src/nx48_btc_controller.c:146 nx48_btc_init()
[117472305201232] METRIC #5: btc_nx48_delta_nonce_scale = 14.5551110000 | Src: src/nx48_btc_controller.c:147 nx48_btc_init()
[117472305237222] METRIC #6: btc_nx48_n_replicas_scale = 1.0000000000 | Src: src/nx48_btc_controller.c:148 nx48_btc_init()
[117472305273102] METRIC #7: btc_nx48_swap_temp_scale = 1.0000000000 | Src: src/nx48_btc_controller.c:149 nx48_btc_init()
[117472305303512] METRIC #8: btc_nx48_batch_size_scale = 4.0000000000 | Src: src/nx48_btc_controller.c:150 nx48_btc_init()
[117472305337022] METRIC #9: btc_nx48_exploration_bias = 0.5283850000 | Src: src/nx48_btc_controller.c:151 nx48_btc_init()
[117472305384862] METRIC #10: btc_sha256_self_test_pass = 1.0000000000 | Src: src/sha256_lumvorax.c:396 lv_sha256_self_test()
[117472305430802] METRIC #11: btc_wallet_from_privkey_start = 1.0000000000 | Src: src/btc_wallet.c:356 btc_wallet_from_privkey()
[117472308398332] METRIC #12: btc_wallet_from_privkey_ok = 1.0000000000 | Src: src/btc_wallet.c:407 btc_wallet_from_privkey()
[117472308631902] METRIC #13: btc_wallet_saved_json = 1.0000000000 | Src: src/btc_wallet.c:507 btc_wallet_save_json()
[117472308668962] METRIC #14: btc_sha256_self_test_pass = 1.0000000000 | Src: src/sha256_lumvorax.c:396 lv_sha256_self_test()
[117472308695302] METRIC #15: btc_integrity_gate_pass = 1.0000000000 | Src: src/btc_mining_engine.c:529 btc_engine_run()
[117472308720152] TEST_START: btc_engine_create | Source: src/btc_mining_engine.c:159 in engine_create()
[117472308728652] METRIC #16: btc_n_replicas = 8.0000000000 | Src: src/btc_mining_engine.c:160 engine_create()
[117472308756522] METRIC #17: btc_n_threads = 8.0000000000 | Src: src/btc_mining_engine.c:161 engine_create()
[117472308780312] METRIC #18: btc_batch_size = 256.0000000000 | Src: src/btc_mining_engine.c:162 engine_create()
[117472308804802] METRIC #19: btc_nonce_start = 0.0000000000 | Src: src/btc_mining_engine.c:163 engine_create()
[117472308827382] METRIC #20: btc_nonce_end = 4294967295.0000000000 | Src: src/btc_mining_engine.c:164 engine_create()
[117472308855342] METRIC #21: btc_duration_s = 0.0000000000 | Src: src/btc_mining_engine.c:165 engine_create()
[117472308889372] METRIC #22: btc_replica_idx = 0.0000000000 | Src: src/btc_mining_engine.c:168 engine_create()
[117472308913602] METRIC #23: btc_replica_nonce = 0.0000000000 | Src: src/btc_mining_engine.c:168 engine_create()
[117472308939182] METRIC #24: btc_replica_temp = 1.0000000000 | Src: src/btc_mining_engine.c:168 engine_create()
[117472308971342] METRIC #25: btc_replica_leading = 0.0000000000 | Src: src/btc_mining_engine.c:168 engine_create()
[117472308997072] METRIC #26: btc_replica_idx = 1.0000000000 | Src: src/btc_mining_engine.c:168 engine_create()
[117472309040962] METRIC #27: btc_replica_nonce = 536870911.0000000000 | Src: src/btc_mining_engine.c:168 engine_create()
[117472309072682] METRIC #28: btc_replica_temp = 2.0000000000 | Src: src/btc_mining_engine.c:168 engine_create()
[117472309105832] METRIC #29: btc_replica_leading = 0.0000000000 | Src: src/btc_mining_engine.c:168 engine_create()
[117472309129482] METRIC #30: btc_replica_idx = 2.0000000000 | Src: src/btc_mining_engine.c:168 engine_create()
[117472309151472] METRIC #31: btc_replica_nonce = 1073741822.0000000000 | Src: src/btc_mining_engine.c:168 engine_create()
[117472309174802] METRIC #32: btc_replica_temp = 4.0000000000 | Src: src/btc_mining_engine.c:168 engine_create()
[117472309207222] METRIC #33: btc_replica_leading = 0.0000000000 | Src: src/btc_mining_engine.c:168 engine_create()
[117472309234612] METRIC #34: btc_replica_idx = 3.0000000000 | Src: src/btc_mining_engine.c:168 engine_create()
[117472309258462] METRIC #35: btc_replica_nonce = 1610612733.0000000000 | Src: src/btc_mining_engine.c:168 engine_create()
[117472309291272] METRIC #36: btc_replica_temp = 8.0000000000 | Src: src/btc_mining_engine.c:168 engine_create()
[117472309332912] METRIC #37: btc_replica_leading = 0.0000000000 | Src: src/btc_mining_engine.c:168 engine_create()
[117472309367532] METRIC #38: btc_replica_idx = 4.0000000000 | Src: src/btc_mining_engine.c:168 engine_create()
[117472309400332] METRIC #39: btc_replica_nonce = 2147483644.0000000000 | Src: src/btc_mining_engine.c:168 engine_create()
[117472309432852] METRIC #40: btc_replica_temp = 12.0000000000 | Src: src/btc_mining_engine.c:168 engine_create()
[117472309465162] METRIC #41: btc_replica_leading = 0.0000000000 | Src: src/btc_mining_engine.c:168 engine_create()
[117472309520142] METRIC #42: btc_replica_idx = 5.0000000000 | Src: src/btc_mining_engine.c:168 engine_create()
[117472309553522] METRIC #43: btc_replica_nonce = 2684354555.0000000000 | Src: src/btc_mining_engine.c:168 engine_create()
[117472309587892] METRIC #44: btc_replica_temp = 20.0000000000 | Src: src/btc_mining_engine.c:168 engine_create()
[117472309620742] METRIC #45: btc_replica_leading = 0.0000000000 | Src: src/btc_mining_engine.c:168 engine_create()
[117472309654322] METRIC #46: btc_replica_idx = 6.0000000000 | Src: src/btc_mining_engine.c:168 engine_create()
[117472309684682] METRIC #47: btc_replica_nonce = 3221225466.0000000000 | Src: src/btc_mining_engine.c:168 engine_create()
[117472309718532] METRIC #48: btc_replica_temp = 35.0000000000 | Src: src/btc_mining_engine.c:168 engine_create()
[117472309752672] METRIC #49: btc_replica_leading = 0.0000000000 | Src: src/btc_mining_engine.c:168 engine_create()
[117472309785542] METRIC #50: btc_replica_idx = 7.0000000000 | Src: src/btc_mining_engine.c:168 engine_create()
[117472309817932] METRIC #51: btc_replica_nonce = 3758096377.0000000000 | Src: src/btc_mining_engine.c:168 engine_create()
[117472309851372] METRIC #52: btc_replica_temp = 50.0000000000 | Src: src/btc_mining_engine.c:168 engine_create()
[117472309884662] METRIC #53: btc_replica_leading = 0.0000000000 | Src: src/btc_mining_engine.c:168 engine_create()
[117472309919922] METRIC #54: btc_midstate_applied = 1.0000000000 | Src: src/btc_mining_engine.c:539 btc_engine_run()
[117472310074992] METRIC #55: btc_block_nonce = 464857700.0000000000 | Src: src/btc_mining_engine.c:411 btc_mining_thread()
[117472310191042] METRIC #56: btc_best_leading_zeros = 1.0000000000 | Src: src/btc_mining_engine.c:411 btc_mining_thread()
[117472310231822] METRIC #57: btc_block_valid = 0.0000000000 | Src: src/btc_mining_engine.c:411 btc_mining_thread()
[117472310434072] METRIC #58: btc_threads_launched = 8.0000000000 | Src: src/btc_mining_engine.c:558 btc_engine_run()
[117472481039521] METRIC #59: btc_best_leading_zeros = 1.0000000000 | Src: src/btc_mining_engine.c:412 btc_mining_thread()
[117472481191741] METRIC #60: btc_nx48_csv_saved = 1.0000000000 | Src: src/nx48_btc_controller.c:397 nx48_btc_save_csv()
[117472481262141] METRIC #61: btc_block_nonce = 464395393.0000000000 | Src: src/btc_mining_engine.c:411 btc_mining_thread()
[117472481302501] METRIC #62: btc_best_leading_zeros = 2.0000000000 | Src: src/btc_mining_engine.c:411 btc_mining_thread()
[117472481333551] METRIC #63: btc_block_valid = 0.0000000000 | Src: src/btc_mining_engine.c:411 btc_mining_thread()
[117472481397391] METRIC #64: btc_best_leading_zeros = 2.0000000000 | Src: src/btc_mining_engine.c:412 btc_mining_thread()
[117472481504311] METRIC #65: btc_nx48_csv_saved = 1.0000000000 | Src: src/nx48_btc_controller.c:397 nx48_btc_save_csv()
[117472481562331] METRIC #66: btc_block_nonce = 1795060180.0000000000 | Src: src/btc_mining_engine.c:411 btc_mining_thread()
[117472481659971] METRIC #67: btc_best_leading_zeros = 3.0000000000 | Src: src/btc_mining_engine.c:411 btc_mining_thread()
[117472481698141] METRIC #68: btc_block_valid = 0.0000000000 | Src: src/btc_mining_engine.c:411 btc_mining_thread()
[117472481757441] METRIC #69: btc_best_leading_zeros = 3.0000000000 | Src: src/btc_mining_engine.c:412 btc_mining_thread()
[117472481851451] METRIC #70: btc_nx48_csv_saved = 1.0000000000 | Src: src/nx48_btc_controller.c:397 nx48_btc_save_csv()
[117472481925081] METRIC #71: btc_block_nonce = 1794695132.0000000000 | Src: src/btc_mining_engine.c:411 btc_mining_thread()
[117472481952891] METRIC #72: btc_best_leading_zeros = 4.0000000000 | Src: src/btc_mining_engine.c:411 btc_mining_thread()
[117472481975571] METRIC #73: btc_block_valid = 0.0000000000 | Src: src/btc_mining_engine.c:411 btc_mining_thread()
[117472482375311] METRIC #74: btc_best_leading_zeros = 4.0000000000 | Src: src/btc_mining_engine.c:412 btc_mining_thread()
[117472482466381] METRIC #75: btc_nx48_csv_saved = 1.0000000000 | Src: src/nx48_btc_controller.c:397 nx48_btc_save_csv()
[117472482766061] METRIC #76: btc_block_nonce = 1794526803.0000000000 | Src: src/btc_mining_engine.c:411 btc_mining_thread()
[117472482812141] METRIC #77: btc_best_leading_zeros = 9.0000000000 | Src: src/btc_mining_engine.c:411 btc_mining_thread()
[117472482841641] METRIC #78: btc_block_valid = 0.0000000000 | Src: src/btc_mining_engine.c:411 btc_mining_thread()
[117472482899301] METRIC #79: btc_best_leading_zeros = 9.0000000000 | Src: src/btc_mining_engine.c:412 btc_mining_thread()
[117472483069931] METRIC #80: btc_nx48_csv_saved = 1.0000000000 | Src: src/nx48_btc_controller.c:397 nx48_btc_save_csv()
[117472484565061] METRIC #81: btc_block_nonce = 3472765504.0000000000 | Src: src/btc_mining_engine.c:411 btc_mining_thread()
[117472484642271] METRIC #82: btc_best_leading_zeros = 10.0000000000 | Src: src/btc_mining_engine.c:411 btc_mining_thread()
[117472484672981] METRIC #83: btc_block_valid = 0.0000000000 | Src: src/btc_mining_engine.c:411 btc_mining_thread()
[117472484731761] METRIC #84: btc_best_leading_zeros = 10.0000000000 | Src: src/btc_mining_engine.c:412 btc_mining_thread()
[117472484835981] METRIC #85: btc_nx48_csv_saved = 1.0000000000 | Src: src/nx48_btc_controller.c:397 nx48_btc_save_csv()
[117472486141091] METRIC #86: btc_block_nonce = 2557989602.0000000000 | Src: src/btc_mining_engine.c:411 btc_mining_thread()
[117472486223341] METRIC #87: btc_best_leading_zeros = 11.0000000000 | Src: src/btc_mining_engine.c:411 btc_mining_thread()
[117472486257191] METRIC #88: btc_block_valid = 0.0000000000 | Src: src/btc_mining_engine.c:411 btc_mining_thread()
[117472486327341] METRIC #89: btc_best_leading_zeros = 11.0000000000 | Src: src/btc_mining_engine.c:412 btc_mining_thread()
[117472486427301] METRIC #90: btc_nx48_csv_saved = 1.0000000000 | Src: src/nx48_btc_controller.c:397 nx48_btc_save_csv()
[117472491141131] METRIC #91: btc_block_nonce = 3472845666.0000000000 | Src: src/btc_mining_engine.c:411 btc_mining_thread()
[117472491451761] METRIC #92: btc_best_leading_zeros = 12.0000000000 | Src: src/btc_mining_engine.c:411 btc_mining_thread()
[117472491736331] METRIC #93: btc_block_valid = 0.0000000000 | Src: src/btc_mining_engine.c:411 btc_mining_thread()
[117472492133931] METRIC #94: btc_best_leading_zeros = 12.0000000000 | Src: src/btc_mining_engine.c:412 btc_mining_thread()
[117472495135641] METRIC #95: btc_nx48_csv_saved = 1.0000000000 | Src: src/nx48_btc_controller.c:397 nx48_btc_save_csv()
[117472497041331] METRIC #96: btc_ptmc_rep_hot = 1.0000000000 | Src: src/btc_mining_engine.c:229 engine_ptmc_swap()
[117472497098121] METRIC #97: btc_ptmc_rep_cold = 0.0000000000 | Src: src/btc_mining_engine.c:229 engine_ptmc_swap()
[117472497132541] METRIC #98: btc_ptmc_accept = 1.0000000000 | Src: src/btc_mining_engine.c:229 engine_ptmc_swap()
[117472497166191] METRIC #99: btc_ptmc_rep_hot = 2.0000000000 | Src: src/btc_mining_engine.c:229 engine_ptmc_swap()
[117472497190491] METRIC #100: btc_ptmc_rep_cold = 1.0000000000 | Src: src/btc_mining_engine.c:229 engine_ptmc_swap()
[117472497220581] METRIC #101: btc_ptmc_accept = 0.7165001846 | Src: src/btc_mining_engine.c:229 engine_ptmc_swap()
[117472497252731] METRIC #102: btc_ptmc_rep_hot = 3.0000000000 | Src: src/btc_mining_engine.c:229 engine_ptmc_swap()
[117472497283151] METRIC #103: btc_ptmc_rep_cold = 2.0000000000 | Src: src/btc_mining_engine.c:229 engine_ptmc_swap()
[117472497310321] METRIC #104: btc_ptmc_accept = 1.0000000000 | Src: src/btc_mining_engine.c:229 engine_ptmc_swap()
[117472497338041] METRIC #105: btc_ptmc_rep_hot = 4.0000000000 | Src: src/btc_mining_engine.c:229 engine_ptmc_swap()
[117472497360551] METRIC #106: btc_ptmc_rep_cold = 3.0000000000 | Src: src/btc_mining_engine.c:229 engine_ptmc_swap()
[117472497382951] METRIC #107: btc_ptmc_accept = 1.0000000000 | Src: src/btc_mining_engine.c:229 engine_ptmc_swap()
[117472497408311] METRIC #108: btc_ptmc_rep_hot = 5.0000000000 | Src: src/btc_mining_engine.c:229 engine_ptmc_swap()
[117472497430331] METRIC #109: btc_ptmc_rep_cold = 4.0000000000 | Src: src/btc_mining_engine.c:229 engine_ptmc_swap()
[117472497452561] METRIC #110: btc_ptmc_accept = 0.9394116283 | Src: src/btc_mining_engine.c:229 engine_ptmc_swap()
[117472497476241] METRIC #111: btc_ptmc_rep_hot = 6.0000000000 | Src: src/btc_mining_engine.c:229 engine_ptmc_swap()
[117472497514161] METRIC #112: btc_ptmc_rep_cold = 5.0000000000 | Src: src/btc_mining_engine.c:229 engine_ptmc_swap()
[117472497543571] METRIC #113: btc_ptmc_accept = 1.0000000000 | Src: src/btc_mining_engine.c:229 engine_ptmc_swap()
[117472497577101] METRIC #114: btc_ptmc_rep_hot = 7.0000000000 | Src: src/btc_mining_engine.c:229 engine_ptmc_swap()
[117472497603731] METRIC #115: btc_ptmc_rep_cold = 6.0000000000 | Src: src/btc_mining_engine.c:229 engine_ptmc_swap()
[117472497625951] METRIC #116: btc_ptmc_accept = 1.0000000000 | Src: src/btc_mining_engine.c:229 engine_ptmc_swap()
[117472524172071] METRIC #117: btc_block_nonce = 3545425682.0000000000 | Src: src/btc_mining_engine.c:411 btc_mining_thread()
[117472524261051] METRIC #118: btc_best_leading_zeros = 16.0000000000 | Src: src/btc_mining_engine.c:411 btc_mining_thread()
[117472524287221] METRIC #119: btc_block_valid = 0.0000000000 | Src: src/btc_mining_engine.c:411 btc_mining_thread()
[117472524356981] METRIC #120: btc_best_leading_zeros = 16.0000000000 | Src: src/btc_mining_engine.c:412 btc_mining_thread()
[117472524534141] METRIC #121: btc_nx48_csv_saved = 1.0000000000 | Src: src/nx48_btc_controller.c:397 nx48_btc_save_csv()
[117472598677600] METRIC #122: btc_ptmc_rep_hot = 1.0000000000 | Src: src/btc_mining_engine.c:229 engine_ptmc_swap()
[117472598868660] METRIC #123: btc_ptmc_rep_cold = 0.0000000000 | Src: src/btc_mining_engine.c:229 engine_ptmc_swap()
[117472598984850] METRIC #124: btc_ptmc_accept = 1.0000000000 | Src: src/btc_mining_engine.c:229 engine_ptmc_swap()
[117472599514360] METRIC #125: btc_ptmc_rep_hot = 2.0000000000 | Src: src/btc_mining_engine.c:229 engine_ptmc_swap()
[117472599553670] METRIC #126: btc_ptmc_rep_cold = 1.0000000000 | Src: src/btc_mining_engine.c:229 engine_ptmc_swap()
[117472599591120] METRIC #127: btc_ptmc_accept = 1.0000000000 | Src: src/btc_mining_engine.c:229 engine_ptmc_swap()
[117472599626780] METRIC #128: btc_ptmc_rep_hot = 3.0000000000 | Src: src/btc_mining_engine.c:229 engine_ptmc_swap()
[117472599655050] METRIC #129: btc_ptmc_rep_cold = 2.0000000000 | Src: src/btc_mining_engine.c:229 engine_ptmc_swap()
[117472599685230] METRIC #130: btc_ptmc_accept = 1.0000000000 | Src: src/btc_mining_engine.c:229 engine_ptmc_swap()
[117472599721960] METRIC #131: btc_ptmc_rep_hot = 4.0000000000 | Src: src/btc_mining_engine.c:229 engine_ptmc_swap()
[117472599752440] METRIC #132: btc_ptmc_rep_cold = 3.0000000000 | Src: src/btc_mining_engine.c:229 engine_ptmc_swap()
[117472599782630] METRIC #133: btc_ptmc_accept = 1.0000000000 | Src: src/btc_mining_engine.c:229 engine_ptmc_swap()
[117472599815160] METRIC #134: btc_ptmc_rep_hot = 5.0000000000 | Src: src/btc_mining_engine.c:229 engine_ptmc_swap()
[117472599843570] METRIC #135: btc_ptmc_rep_cold = 4.0000000000 | Src: src/btc_mining_engine.c:229 engine_ptmc_swap()
[117472599882720] METRIC #136: btc_ptmc_accept = 1.0000000000 | Src: src/btc_mining_engine.c:229 engine_ptmc_swap()
[117472599916770] METRIC #137: btc_ptmc_rep_hot = 6.0000000000 | Src: src/btc_mining_engine.c:229 engine_ptmc_swap()
[117472599945620] METRIC #138: btc_ptmc_rep_cold = 5.0000000000 | Src: src/btc_mining_engine.c:229 engine_ptmc_swap()
[117472599974630] METRIC #139: btc_ptmc_accept = 1.0000000000 | Src: src/btc_mining_engine.c:229 engine_ptmc_swap()
[117472600033070] METRIC #140: btc_ptmc_rep_hot = 7.0000000000 | Src: src/btc_mining_engine.c:229 engine_ptmc_swap()
[117472600064490] METRIC #141: btc_ptmc_rep_cold = 6.0000000000 | Src: src/btc_mining_engine.c:229 engine_ptmc_swap()
[117472600092140] METRIC #142: btc_ptmc_accept = 1.0000000000 | Src: src/btc_mining_engine.c:229 engine_ptmc_swap()
[117472689159819] METRIC #143: btc_block_nonce = 117615572.0000000000 | Src: src/btc_mining_engine.c:411 btc_mining_thread()
[117472689300159] METRIC #144: btc_best_leading_zeros = 18.0000000000 | Src: src/btc_mining_engine.c:411 btc_mining_thread()
[117472689339369] METRIC #145: btc_block_valid = 0.0000000000 | Src: src/btc_mining_engine.c:411 btc_mining_thread()
[117472689407969] METRIC #146: btc_best_leading_zeros = 18.0000000000 | Src: src/btc_mining_engine.c:412 btc_mining_thread()
[117472689545029] METRIC #147: btc_nx48_csv_saved = 1.0000000000 | Src: src/nx48_btc_controller.c:397 nx48_btc_save_csv()
[117472700190729] METRIC #148: btc_ptmc_rep_hot = 1.0000000000 | Src: src/btc_mining_engine.c:229 engine_ptmc_swap()
[117472700259519] METRIC #149: btc_ptmc_rep_cold = 0.0000000000 | Src: src/btc_mining_engine.c:229 engine_ptmc_swap()
[117472700297079] METRIC #150: btc_ptmc_accept = 1.0000000000 | Src: src/btc_mining_engine.c:229 engine_ptmc_swap()
[117472700337049] METRIC #151: btc_ptmc_rep_hot = 2.0000000000 | Src: src/btc_mining_engine.c:231 engine_ptmc_swap()
[117472700372369] METRIC #152: btc_ptmc_rep_cold = 1.0000000000 | Src: src/btc_mining_engine.c:231 engine_ptmc_swap()
[117472700432259] METRIC #153: btc_ptmc_accept = -0.3678528374 | Src: src/btc_mining_engine.c:231 engine_ptmc_swap()
[117472700472409] METRIC #154: btc_ptmc_rep_hot = 3.0000000000 | Src: src/btc_mining_engine.c:229 engine_ptmc_swap()
[117472700503739] METRIC #155: btc_ptmc_rep_cold = 2.0000000000 | Src: src/btc_mining_engine.c:229 engine_ptmc_swap()
[117472700532419] METRIC #156: btc_ptmc_accept = 1.0000000000 | Src: src/btc_mining_engine.c:229 engine_ptmc_swap()
[117472700561699] METRIC #157: btc_ptmc_rep_hot = 4.0000000000 | Src: src/btc_mining_engine.c:229 engine_ptmc_swap()
[117472700590189] METRIC #158: btc_ptmc_rep_cold = 3.0000000000 | Src: src/btc_mining_engine.c:229 engine_ptmc_swap()
[117472700619559] METRIC #159: btc_ptmc_accept = 1.0000000000 | Src: src/btc_mining_engine.c:229 engine_ptmc_swap()
[117472700654309] METRIC #160: btc_ptmc_rep_hot = 5.0000000000 | Src: src/btc_mining_engine.c:229 engine_ptmc_swap()
[117472700683049] METRIC #161: btc_ptmc_rep_cold = 4.0000000000 | Src: src/btc_mining_engine.c:229 engine_ptmc_swap()
[117472700714309] METRIC #162: btc_ptmc_accept = 1.0000000000 | Src: src/btc_mining_engine.c:229 engine_ptmc_swap()
[117472700751959] METRIC #163: btc_ptmc_rep_hot = 6.0000000000 | Src: src/btc_mining_engine.c:229 engine_ptmc_swap()
[117472700786329] METRIC #164: btc_ptmc_rep_cold = 5.0000000000 | Src: src/btc_mining_engine.c:229 engine_ptmc_swap()
[117472700821429] METRIC #165: btc_ptmc_accept = 1.0000000000 | Src: src/btc_mining_engine.c:229 engine_ptmc_swap()
[117472700859689] METRIC #166: btc_ptmc_rep_hot = 7.0000000000 | Src: src/btc_mining_engine.c:229 engine_ptmc_swap()
[117472700894439] METRIC #167: btc_ptmc_rep_cold = 6.0000000000 | Src: src/btc_mining_engine.c:229 engine_ptmc_swap()
[117472700928959] METRIC #168: btc_ptmc_accept = 1.0000000000 | Src: src/btc_mining_engine.c:229 engine_ptmc_swap()
[117472806999558] METRIC #169: btc_ptmc_rep_hot = 1.0000000000 | Src: src/btc_mining_engine.c:231 engine_ptmc_swap()
[117472807141668] METRIC #170: btc_ptmc_rep_cold = 0.0000000000 | Src: src/btc_mining_engine.c:231 engine_ptmc_swap()
[117472807198718] METRIC #171: btc_ptmc_accept = -0.1355329307 | Src: src/btc_mining_engine.c:231 engine_ptmc_swap()
[117472807262378] METRIC #172: btc_ptmc_rep_hot = 2.0000000000 | Src: src/btc_mining_engine.c:229 engine_ptmc_swap()
[117472807307508] METRIC #173: btc_ptmc_rep_cold = 1.0000000000 | Src: src/btc_mining_engine.c:229 engine_ptmc_swap()
[117472807337338] METRIC #174: btc_ptmc_accept = 1.0000000000 | Src: src/btc_mining_engine.c:229 engine_ptmc_swap()
[117472807376868] METRIC #175: btc_ptmc_rep_hot = 3.0000000000 | Src: src/btc_mining_engine.c:229 engine_ptmc_swap()
[117472807406168] METRIC #176: btc_ptmc_rep_cold = 2.0000000000 | Src: src/btc_mining_engine.c:229 engine_ptmc_swap()
[117472807436468] METRIC #177: btc_ptmc_accept = 1.0000000000 | Src: src/btc_mining_engine.c:229 engine_ptmc_swap()
[117472807471788] METRIC #178: btc_ptmc_rep_hot = 4.0000000000 | Src: src/btc_mining_engine.c:229 engine_ptmc_swap()
[117472807505298] METRIC #179: btc_ptmc_rep_cold = 3.0000000000 | Src: src/btc_mining_engine.c:229 engine_ptmc_swap()
[117472807539168] METRIC #180: btc_ptmc_accept = 1.0000000000 | Src: src/btc_mining_engine.c:229 engine_ptmc_swap()
[117472808536308] METRIC #181: btc_ptmc_rep_hot = 5.0000000000 | Src: src/btc_mining_engine.c:229 engine_ptmc_swap()
[117472808575328] METRIC #182: btc_ptmc_rep_cold = 4.0000000000 | Src: src/btc_mining_engine.c:229 engine_ptmc_swap()
[117472808606558] METRIC #183: btc_ptmc_accept = 1.0000000000 | Src: src/btc_mining_engine.c:229 engine_ptmc_swap()
[117472808642688] METRIC #184: btc_ptmc_rep_hot = 6.0000000000 | Src: src/btc_mining_engine.c:229 engine_ptmc_swap()
[117472808671168] METRIC #185: btc_ptmc_rep_cold = 5.0000000000 | Src: src/btc_mining_engine.c:229 engine_ptmc_swap()
[117472808700198] METRIC #186: btc_ptmc_accept = 1.0000000000 | Src: src/btc_mining_engine.c:229 engine_ptmc_swap()
[117472808733568] METRIC #187: btc_ptmc_rep_hot = 7.0000000000 | Src: src/btc_mining_engine.c:229 engine_ptmc_swap()
[117472808765598] METRIC #188: btc_ptmc_rep_cold = 6.0000000000 | Src: src/btc_mining_engine.c:229 engine_ptmc_swap()
[117472808796448] METRIC #189: btc_ptmc_accept = 1.0000000000 | Src: src/btc_mining_engine.c:229 engine_ptmc_swap()
[117472913108337] METRIC #190: btc_ptmc_rep_hot = 1.0000000000 | Src: src/btc_mining_engine.c:229 engine_ptmc_swap()
[117472913202717] METRIC #191: btc_ptmc_rep_cold = 0.0000000000 | Src: src/btc_mining_engine.c:229 engine_ptmc_swap()
[117472913240487] METRIC #192: btc_ptmc_accept = 0.5136174742 | Src: src/btc_mining_engine.c:229 engine_ptmc_swap()
[117472913280077] METRIC #193: btc_ptmc_rep_hot = 2.0000000000 | Src: src/btc_mining_engine.c:229 engine_ptmc_swap()
[117472913314577] METRIC #194: btc_ptmc_rep_cold = 1.0000000000 | Src: src/btc_mining_engine.c:229 engine_ptmc_swap()
[117472913346477] METRIC #195: btc_ptmc_accept = 1.0000000000 | Src: src/btc_mining_engine.c:229 engine_ptmc_swap()
[117472913376367] METRIC #196: btc_ptmc_rep_hot = 3.0000000000 | Src: src/btc_mining_engine.c:231 engine_ptmc_swap()
[117472913405457] METRIC #197: btc_ptmc_rep_cold = 2.0000000000 | Src: src/btc_mining_engine.c:231 engine_ptmc_swap()
[117472913466377] METRIC #198: btc_ptmc_accept = -0.8464931860 | Src: src/btc_mining_engine.c:231 engine_ptmc_swap()
[117472913496647] METRIC #199: btc_ptmc_rep_hot = 4.0000000000 | Src: src/btc_mining_engine.c:229 engine_ptmc_swap()
[117472913526567] METRIC #200: btc_ptmc_rep_cold = 3.0000000000 | Src: src/btc_mining_engine.c:229 engine_ptmc_swap()
[117472913555567] METRIC #201: btc_ptmc_accept = 1.0000000000 | Src: src/btc_mining_engine.c:229 engine_ptmc_swap()
[117472913588947] METRIC #202: btc_ptmc_rep_hot = 5.0000000000 | Src: src/btc_mining_engine.c:229 engine_ptmc_swap()
[117472913617837] METRIC #203: btc_ptmc_rep_cold = 4.0000000000 | Src: src/btc_mining_engine.c:229 engine_ptmc_swap()
[117472913647697] METRIC #204: btc_ptmc_accept = 1.0000000000 | Src: src/btc_mining_engine.c:229 engine_ptmc_swap()
[117472913683277] METRIC #205: btc_ptmc_rep_hot = 6.0000000000 | Src: src/btc_mining_engine.c:229 engine_ptmc_swap()
[117472913729377] METRIC #206: btc_ptmc_rep_cold = 5.0000000000 | Src: src/btc_mining_engine.c:229 engine_ptmc_swap()
[117472913764547] METRIC #207: btc_ptmc_accept = 1.0000000000 | Src: src/btc_mining_engine.c:229 engine_ptmc_swap()
[117472913805077] METRIC #208: btc_ptmc_rep_hot = 7.0000000000 | Src: src/btc_mining_engine.c:229 engine_ptmc_swap()
[117472913840567] METRIC #209: btc_ptmc_rep_cold = 6.0000000000 | Src: src/btc_mining_engine.c:229 engine_ptmc_swap()
[117472913869577] METRIC #210: btc_ptmc_accept = 1.0000000000 | Src: src/btc_mining_engine.c:229 engine_ptmc_swap()
[117473014460566] METRIC #211: btc_ptmc_rep_hot = 1.0000000000 | Src: src/btc_mining_engine.c:229 engine_ptmc_swap()
[117473014548076] METRIC #212: btc_ptmc_rep_cold = 0.0000000000 | Src: src/btc_mining_engine.c:229 engine_ptmc_swap()
[117473014580026] METRIC #213: btc_ptmc_accept = 0.0695317437 | Src: src/btc_mining_engine.c:229 engine_ptmc_swap()
[117473014620466] METRIC #214: btc_ptmc_rep_hot = 2.0000000000 | Src: src/btc_mining_engine.c:231 engine_ptmc_swap()
[117473014649966] METRIC #215: btc_ptmc_rep_cold = 1.0000000000 | Src: src/btc_mining_engine.c:231 engine_ptmc_swap()
[117473014679606] METRIC #216: btc_ptmc_accept = -0.2636429336 | Src: src/btc_mining_engine.c:231 engine_ptmc_swap()
[117473014713066] METRIC #217: btc_ptmc_rep_hot = 3.0000000000 | Src: src/btc_mining_engine.c:229 engine_ptmc_swap()
[117473014744026] METRIC #218: btc_ptmc_rep_cold = 2.0000000000 | Src: src/btc_mining_engine.c:229 engine_ptmc_swap()
[117473014774436] METRIC #219: btc_ptmc_accept = 1.0000000000 | Src: src/btc_mining_engine.c:229 engine_ptmc_swap()
[117473014807126] METRIC #220: btc_ptmc_rep_hot = 4.0000000000 | Src: src/btc_mining_engine.c:229 engine_ptmc_swap()
[117473014836316] METRIC #221: btc_ptmc_rep_cold = 3.0000000000 | Src: src/btc_mining_engine.c:229 engine_ptmc_swap()
[117473014865506] METRIC #222: btc_ptmc_accept = 1.0000000000 | Src: src/btc_mining_engine.c:229 engine_ptmc_swap()
[117473014895066] METRIC #223: btc_ptmc_rep_hot = 5.0000000000 | Src: src/btc_mining_engine.c:229 engine_ptmc_swap()
[117473014923886] METRIC #224: btc_ptmc_rep_cold = 4.0000000000 | Src: src/btc_mining_engine.c:229 engine_ptmc_swap()
[117473014950656] METRIC #225: btc_ptmc_accept = 1.0000000000 | Src: src/btc_mining_engine.c:229 engine_ptmc_swap()
[117473014977046] METRIC #226: btc_ptmc_rep_hot = 6.0000000000 | Src: src/btc_mining_engine.c:229 engine_ptmc_swap()
[117473015063536] METRIC #227: btc_ptmc_rep_cold = 5.0000000000 | Src: src/btc_mining_engine.c:229 engine_ptmc_swap()
[117473015101666] METRIC #228: btc_ptmc_accept = 1.0000000000 | Src: src/btc_mining_engine.c:229 engine_ptmc_swap()
[117473015137646] METRIC #229: btc_ptmc_rep_hot = 7.0000000000 | Src: src/btc_mining_engine.c:229 engine_ptmc_swap()
[117473015167736] METRIC #230: btc_ptmc_rep_cold = 6.0000000000 | Src: src/btc_mining_engine.c:229 engine_ptmc_swap()
[117473015198176] METRIC #231: btc_ptmc_accept = 1.0000000000 | Src: src/btc_mining_engine.c:229 engine_ptmc_swap()
[117473118641116] METRIC #232: btc_ptmc_rep_hot = 1.0000000000 | Src: src/btc_mining_engine.c:231 engine_ptmc_swap()
[117473118712626] METRIC #233: btc_ptmc_rep_cold = 0.0000000000 | Src: src/btc_mining_engine.c:231 engine_ptmc_swap()
[117473118741456] METRIC #234: btc_ptmc_accept = -0.2635971381 | Src: src/btc_mining_engine.c:231 engine_ptmc_swap()
[117473118766026] METRIC #235: btc_ptmc_rep_hot = 2.0000000000 | Src: src/btc_mining_engine.c:229 engine_ptmc_swap()
[117473118788646] METRIC #236: btc_ptmc_rep_cold = 1.0000000000 | Src: src/btc_mining_engine.c:229 engine_ptmc_swap()
[117473118835056] METRIC #237: btc_ptmc_accept = 1.0000000000 | Src: src/btc_mining_engine.c:229 engine_ptmc_swap()
[117473118869666] METRIC #238: btc_ptmc_rep_hot = 3.0000000000 | Src: src/btc_mining_engine.c:229 engine_ptmc_swap()
[117473118892696] METRIC #239: btc_ptmc_rep_cold = 2.0000000000 | Src: src/btc_mining_engine.c:229 engine_ptmc_swap()
[117473118915396] METRIC #240: btc_ptmc_accept = 1.0000000000 | Src: src/btc_mining_engine.c:229 engine_ptmc_swap()
[117473118961396] METRIC #241: btc_ptmc_rep_hot = 4.0000000000 | Src: src/btc_mining_engine.c:229 engine_ptmc_swap()
[117473119064516] METRIC #242: btc_ptmc_rep_cold = 3.0000000000 | Src: src/btc_mining_engine.c:229 engine_ptmc_swap()
[117473119115426] METRIC #243: btc_ptmc_accept = 1.0000000000 | Src: src/btc_mining_engine.c:229 engine_ptmc_swap()
[117473119146606] METRIC #244: btc_ptmc_rep_hot = 5.0000000000 | Src: src/btc_mining_engine.c:229 engine_ptmc_swap()
[117473119171036] METRIC #245: btc_ptmc_rep_cold = 4.0000000000 | Src: src/btc_mining_engine.c:229 engine_ptmc_swap()
[117473119193496] METRIC #246: btc_ptmc_accept = 1.0000000000 | Src: src/btc_mining_engine.c:229 engine_ptmc_swap()
[117473119220936] METRIC #247: btc_ptmc_rep_hot = 6.0000000000 | Src: src/btc_mining_engine.c:229 engine_ptmc_swap()
[117473119248916] METRIC #248: btc_ptmc_rep_cold = 5.0000000000 | Src: src/btc_mining_engine.c:229 engine_ptmc_swap()
[117473119272716] METRIC #249: btc_ptmc_accept = 1.0000000000 | Src: src/btc_mining_engine.c:229 engine_ptmc_swap()
[117473119304766] METRIC #250: btc_ptmc_rep_hot = 7.0000000000 | Src: src/btc_mining_engine.c:229 engine_ptmc_swap()
[117473119331096] METRIC #251: btc_ptmc_rep_cold = 6.0000000000 | Src: src/btc_mining_engine.c:229 engine_ptmc_swap()
[117473119353706] METRIC #252: btc_ptmc_accept = 1.0000000000 | Src: src/btc_mining_engine.c:229 engine_ptmc_swap()
[117473154383105] METRIC #253: btc_block_nonce = 3006019882.0000000000 | Src: src/btc_mining_engine.c:411 btc_mining_thread()
[117473154486565] METRIC #254: btc_best_leading_zeros = 19.0000000000 | Src: src/btc_mining_engine.c:411 btc_mining_thread()
[117473154522115] METRIC #255: btc_block_valid = 0.0000000000 | Src: src/btc_mining_engine.c:411 btc_mining_thread()
[117473154588065] METRIC #256: btc_best_leading_zeros = 19.0000000000 | Src: src/btc_mining_engine.c:412 btc_mining_thread()
[117473154714405] METRIC #257: btc_nx48_csv_saved = 1.0000000000 | Src: src/nx48_btc_controller.c:397 nx48_btc_save_csv()
[117473219179895] METRIC #258: btc_ptmc_rep_hot = 1.0000000000 | Src: src/btc_mining_engine.c:229 engine_ptmc_swap()
[117473219270915] METRIC #259: btc_ptmc_rep_cold = 0.0000000000 | Src: src/btc_mining_engine.c:229 engine_ptmc_swap()
[117473219302355] METRIC #260: btc_ptmc_accept = 1.0000000000 | Src: src/btc_mining_engine.c:229 engine_ptmc_swap()
[117473219343185] METRIC #261: btc_ptmc_rep_hot = 2.0000000000 | Src: src/btc_mining_engine.c:229 engine_ptmc_swap()
[117473219383785] METRIC #262: btc_ptmc_rep_cold = 1.0000000000 | Src: src/btc_mining_engine.c:229 engine_ptmc_swap()
[117473219422615] METRIC #263: btc_ptmc_accept = 1.0000000000 | Src: src/btc_mining_engine.c:229 engine_ptmc_swap()
[117473219466185] METRIC #264: btc_ptmc_rep_hot = 3.0000000000 | Src: src/btc_mining_engine.c:229 engine_ptmc_swap()
[117473219496095] METRIC #265: btc_ptmc_rep_cold = 2.0000000000 | Src: src/btc_mining_engine.c:229 engine_ptmc_swap()
[117473219527655] METRIC #266: btc_ptmc_accept = 1.0000000000 | Src: src/btc_mining_engine.c:229 engine_ptmc_swap()
[117473219563275] METRIC #267: btc_ptmc_rep_hot = 4.0000000000 | Src: src/btc_mining_engine.c:229 engine_ptmc_swap()
[117473219592585] METRIC #268: btc_ptmc_rep_cold = 3.0000000000 | Src: src/btc_mining_engine.c:229 engine_ptmc_swap()
[117473219621495] METRIC #269: btc_ptmc_accept = 1.0000000000 | Src: src/btc_mining_engine.c:229 engine_ptmc_swap()
[117473219651745] METRIC #270: btc_ptmc_rep_hot = 5.0000000000 | Src: src/btc_mining_engine.c:229 engine_ptmc_swap()
[117473219681175] METRIC #271: btc_ptmc_rep_cold = 4.0000000000 | Src: src/btc_mining_engine.c:229 engine_ptmc_swap()
[117473219710275] METRIC #272: btc_ptmc_accept = 1.0000000000 | Src: src/btc_mining_engine.c:229 engine_ptmc_swap()
[117473219743585] METRIC #273: btc_ptmc_rep_hot = 6.0000000000 | Src: src/btc_mining_engine.c:229 engine_ptmc_swap()
[117473219772575] METRIC #274: btc_ptmc_rep_cold = 5.0000000000 | Src: src/btc_mining_engine.c:229 engine_ptmc_swap()
[117473219802415] METRIC #275: btc_ptmc_accept = 1.0000000000 | Src: src/btc_mining_engine.c:229 engine_ptmc_swap()
[117473219854915] METRIC #276: btc_ptmc_rep_hot = 7.0000000000 | Src: src/btc_mining_engine.c:229 engine_ptmc_swap()
[117473219893045] METRIC #277: btc_ptmc_rep_cold = 6.0000000000 | Src: src/btc_mining_engine.c:229 engine_ptmc_swap()
[117473219922595] METRIC #278: btc_ptmc_accept = 1.0000000000 | Src: src/btc_mining_engine.c:229 engine_ptmc_swap()
[117473327064604] METRIC #279: btc_ptmc_rep_hot = 1.0000000000 | Src: src/btc_mining_engine.c:229 engine_ptmc_swap()
[117473327291584] METRIC #280: btc_ptmc_rep_cold = 0.0000000000 | Src: src/btc_mining_engine.c:229 engine_ptmc_swap()
[117473327400994] METRIC #281: btc_ptmc_accept = 0.5135063048 | Src: src/btc_mining_engine.c:229 engine_ptmc_swap()
[117473327477064] METRIC #282: btc_ptmc_rep_hot = 2.0000000000 | Src: src/btc_mining_engine.c:229 engine_ptmc_swap()
[117473327503544] METRIC #283: btc_ptmc_rep_cold = 1.0000000000 | Src: src/btc_mining_engine.c:229 engine_ptmc_swap()
[117473327526584] METRIC #284: btc_ptmc_accept = 1.0000000000 | Src: src/btc_mining_engine.c:229 engine_ptmc_swap()
[117473327562634] METRIC #285: btc_ptmc_rep_hot = 3.0000000000 | Src: src/btc_mining_engine.c:229 engine_ptmc_swap()
[117473327585934] METRIC #286: btc_ptmc_rep_cold = 2.0000000000 | Src: src/btc_mining_engine.c:229 engine_ptmc_swap()
[117473327613994] METRIC #287: btc_ptmc_accept = 0.8464702621 | Src: src/btc_mining_engine.c:229 engine_ptmc_swap()
[117473327649204] METRIC #288: btc_ptmc_rep_hot = 4.0000000000 | Src: src/btc_mining_engine.c:229 engine_ptmc_swap()
[117473327682934] METRIC #289: btc_ptmc_rep_cold = 3.0000000000 | Src: src/btc_mining_engine.c:229 engine_ptmc_swap()
[117473327712314] METRIC #290: btc_ptmc_accept = 0.9048330071 | Src: src/btc_mining_engine.c:229 engine_ptmc_swap()
[117473327752804] METRIC #291: btc_ptmc_rep_hot = 5.0000000000 | Src: src/btc_mining_engine.c:229 engine_ptmc_swap()
[117473327775564] METRIC #292: btc_ptmc_rep_cold = 4.0000000000 | Src: src/btc_mining_engine.c:229 engine_ptmc_swap()
[117473327798694] METRIC #293: btc_ptmc_accept = 0.9394112740 | Src: src/btc_mining_engine.c:229 engine_ptmc_swap()
[117473327835654] METRIC #294: btc_ptmc_rep_hot = 6.0000000000 | Src: src/btc_mining_engine.c:229 engine_ptmc_swap()
[117473327865724] METRIC #295: btc_ptmc_rep_cold = 5.0000000000 | Src: src/btc_mining_engine.c:229 engine_ptmc_swap()
[117473327891254] METRIC #296: btc_ptmc_accept = 0.9642889574 | Src: src/btc_mining_engine.c:229 engine_ptmc_swap()
[117473327933034] METRIC #297: btc_ptmc_rep_hot = 7.0000000000 | Src: src/btc_mining_engine.c:229 engine_ptmc_swap()
[117473327961804] METRIC #298: btc_ptmc_rep_cold = 6.0000000000 | Src: src/btc_mining_engine.c:229 engine_ptmc_swap()
[117473327987514] METRIC #299: btc_ptmc_accept = 0.9767447714 | Src: src/btc_mining_engine.c:229 engine_ptmc_swap()
[117473432182203] METRIC #300: btc_ptmc_rep_hot = 1.0000000000 | Src: src/btc_mining_engine.c:231 engine_ptmc_swap()
[117473432274753] METRIC #301: btc_ptmc_rep_cold = 0.0000000000 | Src: src/btc_mining_engine.c:231 engine_ptmc_swap()
[117473432305603] METRIC #302: btc_ptmc_accept = -0.0695919752 | Src: src/btc_mining_engine.c:231 engine_ptmc_swap()
[117473432345863] METRIC #303: btc_ptmc_rep_hot = 2.0000000000 | Src: src/btc_mining_engine.c:229 engine_ptmc_swap()
[117473432375523] METRIC #304: btc_ptmc_rep_cold = 1.0000000000 | Src: src/btc_mining_engine.c:229 engine_ptmc_swap()
[117473432404933] METRIC #305: btc_ptmc_accept = 1.0000000000 | Src: src/btc_mining_engine.c:229 engine_ptmc_swap()
[117473432439733] METRIC #306: btc_ptmc_rep_hot = 3.0000000000 | Src: src/btc_mining_engine.c:229 engine_ptmc_swap()
[117473432468903] METRIC #307: btc_ptmc_rep_cold = 2.0000000000 | Src: src/btc_mining_engine.c:229 engine_ptmc_swap()
[117473432497683] METRIC #308: btc_ptmc_accept = 1.0000000000 | Src: src/btc_mining_engine.c:229 engine_ptmc_swap()
[117473432537983] METRIC #309: btc_ptmc_rep_hot = 4.0000000000 | Src: src/btc_mining_engine.c:229 engine_ptmc_swap()
[117473432764033] METRIC #310: btc_ptmc_rep_cold = 3.0000000000 | Src: src/btc_mining_engine.c:229 engine_ptmc_swap()
[117473432807373] METRIC #311: btc_ptmc_accept = 1.0000000000 | Src: src/btc_mining_engine.c:229 engine_ptmc_swap()
[117473432856123] METRIC #312: btc_ptmc_rep_hot = 5.0000000000 | Src: src/btc_mining_engine.c:229 engine_ptmc_swap()
[117473432890233] METRIC #313: btc_ptmc_rep_cold = 4.0000000000 | Src: src/btc_mining_engine.c:229 engine_ptmc_swap()
[117473432919153] METRIC #314: btc_ptmc_accept = 1.0000000000 | Src: src/btc_mining_engine.c:229 engine_ptmc_swap()
[117473432955773] METRIC #315: btc_ptmc_rep_hot = 6.0000000000 | Src: src/btc_mining_engine.c:229 engine_ptmc_swap()
[117473432987143] METRIC #316: btc_ptmc_rep_cold = 5.0000000000 | Src: src/btc_mining_engine.c:229 engine_ptmc_swap()
[117473433074903] METRIC #317: btc_ptmc_accept = 1.0000000000 | Src: src/btc_mining_engine.c:229 engine_ptmc_swap()
[117473433123233] METRIC #318: btc_ptmc_rep_hot = 7.0000000000 | Src: src/btc_mining_engine.c:229 engine_ptmc_swap()
[117473433155663] METRIC #319: btc_ptmc_rep_cold = 6.0000000000 | Src: src/btc_mining_engine.c:229 engine_ptmc_swap()
[117473433188013] METRIC #320: btc_ptmc_accept = 1.0000000000 | Src: src/btc_mining_engine.c:229 engine_ptmc_swap()
[117473534894482] METRIC #321: btc_ptmc_rep_hot = 1.0000000000 | Src: src/btc_mining_engine.c:229 engine_ptmc_swap()
[117473534995022] METRIC #322: btc_ptmc_rep_cold = 0.0000000000 | Src: src/btc_mining_engine.c:229 engine_ptmc_swap()
[117473535091652] METRIC #323: btc_ptmc_accept = 1.0000000000 | Src: src/btc_mining_engine.c:229 engine_ptmc_swap()
[117473535135512] METRIC #324: btc_ptmc_rep_hot = 2.0000000000 | Src: src/btc_mining_engine.c:229 engine_ptmc_swap()
[117473535204642] METRIC #325: btc_ptmc_rep_cold = 1.0000000000 | Src: src/btc_mining_engine.c:229 engine_ptmc_swap()
[117473535235062] METRIC #326: btc_ptmc_accept = 1.0000000000 | Src: src/btc_mining_engine.c:229 engine_ptmc_swap()
[117473535271162] METRIC #327: btc_ptmc_rep_hot = 3.0000000000 | Src: src/btc_mining_engine.c:229 engine_ptmc_swap()
[117473535298822] METRIC #328: btc_ptmc_rep_cold = 2.0000000000 | Src: src/btc_mining_engine.c:229 engine_ptmc_swap()
[117473535329612] METRIC #329: btc_ptmc_accept = 1.0000000000 | Src: src/btc_mining_engine.c:229 engine_ptmc_swap()
[117473535364442] METRIC #330: btc_ptmc_rep_hot = 4.0000000000 | Src: src/btc_mining_engine.c:229 engine_ptmc_swap()
[117473535393652] METRIC #331: btc_ptmc_rep_cold = 3.0000000000 | Src: src/btc_mining_engine.c:229 engine_ptmc_swap()
[117473535423412] METRIC #332: btc_ptmc_accept = 1.0000000000 | Src: src/btc_mining_engine.c:229 engine_ptmc_swap()
[117473535455892] METRIC #333: btc_ptmc_rep_hot = 5.0000000000 | Src: src/btc_mining_engine.c:229 engine_ptmc_swap()
[117473535485132] METRIC #334: btc_ptmc_rep_cold = 4.0000000000 | Src: src/btc_mining_engine.c:229 engine_ptmc_swap()
[117473535514172] METRIC #335: btc_ptmc_accept = 1.0000000000 | Src: src/btc_mining_engine.c:229 engine_ptmc_swap()
[117473535601922] METRIC #336: btc_ptmc_rep_hot = 6.0000000000 | Src: src/btc_mining_engine.c:229 engine_ptmc_swap()
[117473535634982] METRIC #337: btc_ptmc_rep_cold = 5.0000000000 | Src: src/btc_mining_engine.c:229 engine_ptmc_swap()
[117473535664932] METRIC #338: btc_ptmc_accept = 1.0000000000 | Src: src/btc_mining_engine.c:229 engine_ptmc_swap()
[117473535701562] METRIC #339: btc_ptmc_rep_hot = 7.0000000000 | Src: src/btc_mining_engine.c:229 engine_ptmc_swap()
[117473535729512] METRIC #340: btc_ptmc_rep_cold = 6.0000000000 | Src: src/btc_mining_engine.c:229 engine_ptmc_swap()
[117473535759332] METRIC #341: btc_ptmc_accept = 1.0000000000 | Src: src/btc_mining_engine.c:229 engine_ptmc_swap()
[117473637457361] METRIC #342: btc_ptmc_rep_hot = 1.0000000000 | Src: src/btc_mining_engine.c:229 engine_ptmc_swap()
[117473637551171] METRIC #343: btc_ptmc_rep_cold = 0.0000000000 | Src: src/btc_mining_engine.c:229 engine_ptmc_swap()
[117473637583151] METRIC #344: btc_ptmc_accept = 1.0000000000 | Src: src/btc_mining_engine.c:229 engine_ptmc_swap()
[117473637622321] METRIC #345: btc_ptmc_rep_hot = 2.0000000000 | Src: src/btc_mining_engine.c:229 engine_ptmc_swap()
[117473637667821] METRIC #346: btc_ptmc_rep_cold = 1.0000000000 | Src: src/btc_mining_engine.c:229 engine_ptmc_swap()
[117473637710431] METRIC #347: btc_ptmc_accept = 1.0000000000 | Src: src/btc_mining_engine.c:229 engine_ptmc_swap()
[117473637756361] METRIC #348: btc_ptmc_rep_hot = 3.0000000000 | Src: src/btc_mining_engine.c:229 engine_ptmc_swap()
[117473637798781] METRIC #349: btc_ptmc_rep_cold = 2.0000000000 | Src: src/btc_mining_engine.c:229 engine_ptmc_swap()
[117473637828461] METRIC #350: btc_ptmc_accept = 1.0000000000 | Src: src/btc_mining_engine.c:229 engine_ptmc_swap()
[117473637864451] METRIC #351: btc_ptmc_rep_hot = 4.0000000000 | Src: src/btc_mining_engine.c:229 engine_ptmc_swap()
[117473637892971] METRIC #352: btc_ptmc_rep_cold = 3.0000000000 | Src: src/btc_mining_engine.c:229 engine_ptmc_swap()
[117473637922351] METRIC #353: btc_ptmc_accept = 1.0000000000 | Src: src/btc_mining_engine.c:229 engine_ptmc_swap()
[117473637955591] METRIC #354: btc_ptmc_rep_hot = 5.0000000000 | Src: src/btc_mining_engine.c:229 engine_ptmc_swap()
[117473637986381] METRIC #355: btc_ptmc_rep_cold = 4.0000000000 | Src: src/btc_mining_engine.c:229 engine_ptmc_swap()
[117473638029681] METRIC #356: btc_ptmc_accept = 1.0000000000 | Src: src/btc_mining_engine.c:229 engine_ptmc_swap()
[117473638061901] METRIC #357: btc_ptmc_rep_hot = 6.0000000000 | Src: src/btc_mining_engine.c:229 engine_ptmc_swap()
[117473638093341] METRIC #358: btc_ptmc_rep_cold = 5.0000000000 | Src: src/btc_mining_engine.c:229 engine_ptmc_swap()
[117473638122851] METRIC #359: btc_ptmc_accept = 1.0000000000 | Src: src/btc_mining_engine.c:229 engine_ptmc_swap()
[117473638156371] METRIC #360: btc_ptmc_rep_hot = 7.0000000000 | Src: src/btc_mining_engine.c:229 engine_ptmc_swap()
[117473638185041] METRIC #361: btc_ptmc_rep_cold = 6.0000000000 | Src: src/btc_mining_engine.c:229 engine_ptmc_swap()
[117473638214671] METRIC #362: btc_ptmc_accept = 1.0000000000 | Src: src/btc_mining_engine.c:229 engine_ptmc_swap()
[117473749898981] METRIC #363: btc_ptmc_rep_hot = 1.0000000000 | Src: src/btc_mining_engine.c:229 engine_ptmc_swap()
[117473749991611] METRIC #364: btc_ptmc_rep_cold = 0.0000000000 | Src: src/btc_mining_engine.c:229 engine_ptmc_swap()
[117473750037061] METRIC #365: btc_ptmc_accept = 0.5135063048 | Src: src/btc_mining_engine.c:229 engine_ptmc_swap()
[117473750073321] METRIC #366: btc_ptmc_rep_hot = 2.0000000000 | Src: src/btc_mining_engine.c:229 engine_ptmc_swap()
[117473750103531] METRIC #367: btc_ptmc_rep_cold = 1.0000000000 | Src: src/btc_mining_engine.c:229 engine_ptmc_swap()
[117473750131671] METRIC #368: btc_ptmc_accept = 1.0000000000 | Src: src/btc_mining_engine.c:229 engine_ptmc_swap()
[117473751234640] METRIC #369: btc_ptmc_rep_hot = 3.0000000000 | Src: src/btc_mining_engine.c:229 engine_ptmc_swap()
[117473751347240] METRIC #370: btc_ptmc_rep_cold = 2.0000000000 | Src: src/btc_mining_engine.c:229 engine_ptmc_swap()
[117473751377540] METRIC #371: btc_ptmc_accept = 1.0000000000 | Src: src/btc_mining_engine.c:229 engine_ptmc_swap()
[117473751418130] METRIC #372: btc_ptmc_rep_hot = 4.0000000000 | Src: src/btc_mining_engine.c:229 engine_ptmc_swap()
[117473751447360] METRIC #373: btc_ptmc_rep_cold = 3.0000000000 | Src: src/btc_mining_engine.c:229 engine_ptmc_swap()
[117473751484360] METRIC #374: btc_ptmc_accept = 1.0000000000 | Src: src/btc_mining_engine.c:229 engine_ptmc_swap()
[117473751527630] METRIC #375: btc_ptmc_rep_hot = 5.0000000000 | Src: src/btc_mining_engine.c:229 engine_ptmc_swap()
[117473751557350] METRIC #376: btc_ptmc_rep_cold = 4.0000000000 | Src: src/btc_mining_engine.c:229 engine_ptmc_swap()
[117473751587320] METRIC #377: btc_ptmc_accept = 1.0000000000 | Src: src/btc_mining_engine.c:229 engine_ptmc_swap()
[117473751616470] METRIC #378: btc_ptmc_rep_hot = 6.0000000000 | Src: src/btc_mining_engine.c:229 engine_ptmc_swap()
[117473751644510] METRIC #379: btc_ptmc_rep_cold = 5.0000000000 | Src: src/btc_mining_engine.c:229 engine_ptmc_swap()
[117473751674000] METRIC #380: btc_ptmc_accept = 1.0000000000 | Src: src/btc_mining_engine.c:229 engine_ptmc_swap()
[117473751721500] METRIC #381: btc_ptmc_rep_hot = 7.0000000000 | Src: src/btc_mining_engine.c:229 engine_ptmc_swap()
[117473751758620] METRIC #382: btc_ptmc_rep_cold = 6.0000000000 | Src: src/btc_mining_engine.c:229 engine_ptmc_swap()
[117473751788790] METRIC #383: btc_ptmc_accept = 1.0000000000 | Src: src/btc_mining_engine.c:229 engine_ptmc_swap()
[117473850854520] METRIC #384: btc_ptmc_rep_hot = 1.0000000000 | Src: src/btc_mining_engine.c:229 engine_ptmc_swap()
[117473850951750] METRIC #385: btc_ptmc_rep_cold = 0.0000000000 | Src: src/btc_mining_engine.c:229 engine_ptmc_swap()
[117473850997770] METRIC #386: btc_ptmc_accept = 1.0000000000 | Src: src/btc_mining_engine.c:229 engine_ptmc_swap()
[117473851061140] METRIC #387: btc_ptmc_rep_hot = 2.0000000000 | Src: src/btc_mining_engine.c:229 engine_ptmc_swap()
[117473851091230] METRIC #388: btc_ptmc_rep_cold = 1.0000000000 | Src: src/btc_mining_engine.c:229 engine_ptmc_swap()
[117473851121040] METRIC #389: btc_ptmc_accept = 1.0000000000 | Src: src/btc_mining_engine.c:229 engine_ptmc_swap()
[117473851164560] METRIC #390: btc_ptmc_rep_hot = 3.0000000000 | Src: src/btc_mining_engine.c:229 engine_ptmc_swap()
[117473851193910] METRIC #391: btc_ptmc_rep_cold = 2.0000000000 | Src: src/btc_mining_engine.c:229 engine_ptmc_swap()
[117473851222260] METRIC #392: btc_ptmc_accept = 1.0000000000 | Src: src/btc_mining_engine.c:229 engine_ptmc_swap()
[117473851267210] METRIC #393: btc_ptmc_rep_hot = 4.0000000000 | Src: src/btc_mining_engine.c:229 engine_ptmc_swap()
[117473851300500] METRIC #394: btc_ptmc_rep_cold = 3.0000000000 | Src: src/btc_mining_engine.c:229 engine_ptmc_swap()
[117473851332270] METRIC #395: btc_ptmc_accept = 1.0000000000 | Src: src/btc_mining_engine.c:229 engine_ptmc_swap()
[117473851365520] METRIC #396: btc_ptmc_rep_hot = 5.0000000000 | Src: src/btc_mining_engine.c:229 engine_ptmc_swap()
[117473851396620] METRIC #397: btc_ptmc_rep_cold = 4.0000000000 | Src: src/btc_mining_engine.c:229 engine_ptmc_swap()
[117473851424120] METRIC #398: btc_ptmc_accept = 1.0000000000 | Src: src/btc_mining_engine.c:229 engine_ptmc_swap()
[117473851456770] METRIC #399: btc_ptmc_rep_hot = 6.0000000000 | Src: src/btc_mining_engine.c:229 engine_ptmc_swap()
[117473851487950] METRIC #400: btc_ptmc_rep_cold = 5.0000000000 | Src: src/btc_mining_engine.c:229 engine_ptmc_swap()
[117473851517740] METRIC #401: btc_ptmc_accept = 1.0000000000 | Src: src/btc_mining_engine.c:229 engine_ptmc_swap()
[117473851548040] METRIC #402: btc_ptmc_rep_hot = 7.0000000000 | Src: src/btc_mining_engine.c:229 engine_ptmc_swap()
[117473851579680] METRIC #403: btc_ptmc_rep_cold = 6.0000000000 | Src: src/btc_mining_engine.c:229 engine_ptmc_swap()
[117473851611570] METRIC #404: btc_ptmc_accept = 1.0000000000 | Src: src/btc_mining_engine.c:229 engine_ptmc_swap()
[117473956313039] METRIC #405: btc_ptmc_rep_hot = 1.0000000000 | Src: src/btc_mining_engine.c:229 engine_ptmc_swap()
[117473956408639] METRIC #406: btc_ptmc_rep_cold = 0.0000000000 | Src: src/btc_mining_engine.c:229 engine_ptmc_swap()
[117473956445439] METRIC #407: btc_ptmc_accept = 1.0000000000 | Src: src/btc_mining_engine.c:229 engine_ptmc_swap()
[117473956493659] METRIC #408: btc_ptmc_rep_hot = 2.0000000000 | Src: src/btc_mining_engine.c:229 engine_ptmc_swap()
[117473956527589] METRIC #409: btc_ptmc_rep_cold = 1.0000000000 | Src: src/btc_mining_engine.c:229 engine_ptmc_swap()
[117473956559209] METRIC #410: btc_ptmc_accept = 1.0000000000 | Src: src/btc_mining_engine.c:229 engine_ptmc_swap()
[117473956594139] METRIC #411: btc_ptmc_rep_hot = 3.0000000000 | Src: src/btc_mining_engine.c:229 engine_ptmc_swap()
[117473956623219] METRIC #412: btc_ptmc_rep_cold = 2.0000000000 | Src: src/btc_mining_engine.c:229 engine_ptmc_swap()
[117473956652339] METRIC #413: btc_ptmc_accept = 1.0000000000 | Src: src/btc_mining_engine.c:229 engine_ptmc_swap()
[117473956721709] METRIC #414: btc_ptmc_rep_hot = 4.0000000000 | Src: src/btc_mining_engine.c:229 engine_ptmc_swap()
[117473956751099] METRIC #415: btc_ptmc_rep_cold = 3.0000000000 | Src: src/btc_mining_engine.c:229 engine_ptmc_swap()
[117473956787609] METRIC #416: btc_ptmc_accept = 1.0000000000 | Src: src/btc_mining_engine.c:229 engine_ptmc_swap()
[117473956834769] METRIC #417: btc_ptmc_rep_hot = 5.0000000000 | Src: src/btc_mining_engine.c:229 engine_ptmc_swap()
[117473956865029] METRIC #418: btc_ptmc_rep_cold = 4.0000000000 | Src: src/btc_mining_engine.c:229 engine_ptmc_swap()
[117473956894749] METRIC #419: btc_ptmc_accept = 1.0000000000 | Src: src/btc_mining_engine.c:229 engine_ptmc_swap()
[117473956932559] METRIC #420: btc_ptmc_rep_hot = 6.0000000000 | Src: src/btc_mining_engine.c:229 engine_ptmc_swap()
[117473956962929] METRIC #421: btc_ptmc_rep_cold = 5.0000000000 | Src: src/btc_mining_engine.c:229 engine_ptmc_swap()
[117473956991889] METRIC #422: btc_ptmc_accept = 1.0000000000 | Src: src/btc_mining_engine.c:229 engine_ptmc_swap()
[117473958048079] METRIC #423: btc_ptmc_rep_hot = 7.0000000000 | Src: src/btc_mining_engine.c:229 engine_ptmc_swap()
[117473958080279] METRIC #424: btc_ptmc_rep_cold = 6.0000000000 | Src: src/btc_mining_engine.c:229 engine_ptmc_swap()
[117473958110409] METRIC #425: btc_ptmc_accept = 1.0000000000 | Src: src/btc_mining_engine.c:229 engine_ptmc_swap()
[117474060217398] METRIC #426: btc_ptmc_rep_hot = 1.0000000000 | Src: src/btc_mining_engine.c:231 engine_ptmc_swap()
[117474060317148] METRIC #427: btc_ptmc_rep_cold = 0.0000000000 | Src: src/btc_mining_engine.c:231 engine_ptmc_swap()
[117474060355438] METRIC #428: btc_ptmc_accept = -0.5135063048 | Src: src/btc_mining_engine.c:231 engine_ptmc_swap()
[117474060396448] METRIC #429: btc_ptmc_rep_hot = 2.0000000000 | Src: src/btc_mining_engine.c:231 engine_ptmc_swap()
[117474060427348] METRIC #430: btc_ptmc_rep_cold = 1.0000000000 | Src: src/btc_mining_engine.c:231 engine_ptmc_swap()
[117474060457638] METRIC #431: btc_ptmc_accept = -0.7164924961 | Src: src/btc_mining_engine.c:231 engine_ptmc_swap()
[117474060492428] METRIC #432: btc_ptmc_rep_hot = 3.0000000000 | Src: src/btc_mining_engine.c:229 engine_ptmc_swap()
[117474060524588] METRIC #433: btc_ptmc_rep_cold = 2.0000000000 | Src: src/btc_mining_engine.c:229 engine_ptmc_swap()
[117474060555118] METRIC #434: btc_ptmc_accept = 1.0000000000 | Src: src/btc_mining_engine.c:229 engine_ptmc_swap()
[117474060591888] METRIC #435: btc_ptmc_rep_hot = 4.0000000000 | Src: src/btc_mining_engine.c:229 engine_ptmc_swap()
[117474060623088] METRIC #436: btc_ptmc_rep_cold = 3.0000000000 | Src: src/btc_mining_engine.c:229 engine_ptmc_swap()
[117474060655588] METRIC #437: btc_ptmc_accept = 1.0000000000 | Src: src/btc_mining_engine.c:229 engine_ptmc_swap()
[117474060689288] METRIC #438: btc_ptmc_rep_hot = 5.0000000000 | Src: src/btc_mining_engine.c:229 engine_ptmc_swap()
[117474060714528] METRIC #439: btc_ptmc_rep_cold = 4.0000000000 | Src: src/btc_mining_engine.c:229 engine_ptmc_swap()
[117474060739768] METRIC #440: btc_ptmc_accept = 1.0000000000 | Src: src/btc_mining_engine.c:229 engine_ptmc_swap()
[117474060764258] METRIC #441: btc_ptmc_rep_hot = 6.0000000000 | Src: src/btc_mining_engine.c:229 engine_ptmc_swap()
[117474060788108] METRIC #442: btc_ptmc_rep_cold = 5.0000000000 | Src: src/btc_mining_engine.c:229 engine_ptmc_swap()
[117474060812328] METRIC #443: btc_ptmc_accept = 1.0000000000 | Src: src/btc_mining_engine.c:229 engine_ptmc_swap()
[117474060836608] METRIC #444: btc_ptmc_rep_hot = 7.0000000000 | Src: src/btc_mining_engine.c:229 engine_ptmc_swap()
[117474060860518] METRIC #445: btc_ptmc_rep_cold = 6.0000000000 | Src: src/btc_mining_engine.c:229 engine_ptmc_swap()
[117474060884638] METRIC #446: btc_ptmc_accept = 1.0000000000 | Src: src/btc_mining_engine.c:229 engine_ptmc_swap()
[117474161422487] METRIC #447: btc_ptmc_rep_hot = 1.0000000000 | Src: src/btc_mining_engine.c:229 engine_ptmc_swap()
[117474161514937] METRIC #448: btc_ptmc_rep_cold = 0.0000000000 | Src: src/btc_mining_engine.c:229 engine_ptmc_swap()
[117474161550007] METRIC #449: btc_ptmc_accept = 1.0000000000 | Src: src/btc_mining_engine.c:229 engine_ptmc_swap()
[117474161589067] METRIC #450: btc_ptmc_rep_hot = 2.0000000000 | Src: src/btc_mining_engine.c:229 engine_ptmc_swap()
[117474161633927] METRIC #451: btc_ptmc_rep_cold = 1.0000000000 | Src: src/btc_mining_engine.c:229 engine_ptmc_swap()
[117474161672917] METRIC #452: btc_ptmc_accept = 1.0000000000 | Src: src/btc_mining_engine.c:229 engine_ptmc_swap()
[117474161713067] METRIC #453: btc_ptmc_rep_hot = 3.0000000000 | Src: src/btc_mining_engine.c:229 engine_ptmc_swap()
[117474161745037] METRIC #454: btc_ptmc_rep_cold = 2.0000000000 | Src: src/btc_mining_engine.c:229 engine_ptmc_swap()
[117474161776667] METRIC #455: btc_ptmc_accept = 1.0000000000 | Src: src/btc_mining_engine.c:229 engine_ptmc_swap()
[117474161810167] METRIC #456: btc_ptmc_rep_hot = 4.0000000000 | Src: src/btc_mining_engine.c:229 engine_ptmc_swap()
[117474161842547] METRIC #457: btc_ptmc_rep_cold = 3.0000000000 | Src: src/btc_mining_engine.c:229 engine_ptmc_swap()
[117474161873597] METRIC #458: btc_ptmc_accept = 1.0000000000 | Src: src/btc_mining_engine.c:229 engine_ptmc_swap()
[117474161929667] METRIC #459: btc_ptmc_rep_hot = 5.0000000000 | Src: src/btc_mining_engine.c:229 engine_ptmc_swap()
[117474161962457] METRIC #460: btc_ptmc_rep_cold = 4.0000000000 | Src: src/btc_mining_engine.c:229 engine_ptmc_swap()
[117474161991947] METRIC #461: btc_ptmc_accept = 1.0000000000 | Src: src/btc_mining_engine.c:229 engine_ptmc_swap()
[117474162087697] METRIC #462: btc_ptmc_rep_hot = 6.0000000000 | Src: src/btc_mining_engine.c:229 engine_ptmc_swap()
[117474162120327] METRIC #463: btc_ptmc_rep_cold = 5.0000000000 | Src: src/btc_mining_engine.c:229 engine_ptmc_swap()
[117474162149487] METRIC #464: btc_ptmc_accept = 1.0000000000 | Src: src/btc_mining_engine.c:229 engine_ptmc_swap()
[117474162187227] METRIC #465: btc_ptmc_rep_hot = 7.0000000000 | Src: src/btc_mining_engine.c:229 engine_ptmc_swap()
[117474162220167] METRIC #466: btc_ptmc_rep_cold = 6.0000000000 | Src: src/btc_mining_engine.c:229 engine_ptmc_swap()
[117474162252097] METRIC #467: btc_ptmc_accept = 1.0000000000 | Src: src/btc_mining_engine.c:229 engine_ptmc_swap()
[117474267099246] METRIC #468: btc_ptmc_rep_hot = 1.0000000000 | Src: src/btc_mining_engine.c:231 engine_ptmc_swap()
[117474267194246] METRIC #469: btc_ptmc_rep_cold = 0.0000000000 | Src: src/btc_mining_engine.c:231 engine_ptmc_swap()
[117474267226146] METRIC #470: btc_ptmc_accept = -0.5136669338 | Src: src/btc_mining_engine.c:231 engine_ptmc_swap()
[117474267271366] METRIC #471: btc_ptmc_rep_hot = 2.0000000000 | Src: src/btc_mining_engine.c:229 engine_ptmc_swap()
[117474267302586] METRIC #472: btc_ptmc_rep_cold = 1.0000000000 | Src: src/btc_mining_engine.c:229 engine_ptmc_swap()
[117474267331716] METRIC #473: btc_ptmc_accept = 1.0000000000 | Src: src/btc_mining_engine.c:229 engine_ptmc_swap()
[117474267365436] METRIC #474: btc_ptmc_rep_hot = 3.0000000000 | Src: src/btc_mining_engine.c:229 engine_ptmc_swap()
[117474267407756] METRIC #475: btc_ptmc_rep_cold = 2.0000000000 | Src: src/btc_mining_engine.c:229 engine_ptmc_swap()
[117474267448866] METRIC #476: btc_ptmc_accept = 1.0000000000 | Src: src/btc_mining_engine.c:229 engine_ptmc_swap()
[117474267485216] METRIC #477: btc_ptmc_rep_hot = 4.0000000000 | Src: src/btc_mining_engine.c:229 engine_ptmc_swap()
[117474267512666] METRIC #478: btc_ptmc_rep_cold = 3.0000000000 | Src: src/btc_mining_engine.c:229 engine_ptmc_swap()
[117474267540546] METRIC #479: btc_ptmc_accept = 1.0000000000 | Src: src/btc_mining_engine.c:229 engine_ptmc_swap()
[117474267582866] METRIC #480: btc_ptmc_rep_hot = 5.0000000000 | Src: src/btc_mining_engine.c:229 engine_ptmc_swap()
[117474267611966] METRIC #481: btc_ptmc_rep_cold = 4.0000000000 | Src: src/btc_mining_engine.c:229 engine_ptmc_swap()
[117474267643236] METRIC #482: btc_ptmc_accept = 1.0000000000 | Src: src/btc_mining_engine.c:229 engine_ptmc_swap()
[117474267677246] METRIC #483: btc_ptmc_rep_hot = 6.0000000000 | Src: src/btc_mining_engine.c:229 engine_ptmc_swap()
[117474267707906] METRIC #484: btc_ptmc_rep_cold = 5.0000000000 | Src: src/btc_mining_engine.c:229 engine_ptmc_swap()
[117474267739626] METRIC #485: btc_ptmc_accept = 1.0000000000 | Src: src/btc_mining_engine.c:229 engine_ptmc_swap()
[117474267785316] METRIC #486: btc_ptmc_rep_hot = 7.0000000000 | Src: src/btc_mining_engine.c:229 engine_ptmc_swap()
[117474267821516] METRIC #487: btc_ptmc_rep_cold = 6.0000000000 | Src: src/btc_mining_engine.c:229 engine_ptmc_swap()
[117474267852626] METRIC #488: btc_ptmc_accept = 1.0000000000 | Src: src/btc_mining_engine.c:229 engine_ptmc_swap()
[117474311190386] METRIC #489: btc_hashrate_mhs = 0.8529653582 | Src: src/btc_mining_engine.c:480 btc_mining_thread()
[117474311283026] METRIC #490: btc_hashrate_thread_id = 3.0000000000 | Src: src/btc_mining_engine.c:480 btc_mining_thread()
[117474311865096] METRIC #491: btc_hashrate_mhs = 0.8531867929 | Src: src/btc_mining_engine.c:480 btc_mining_thread()
[117474311983196] METRIC #492: btc_hashrate_thread_id = 6.0000000000 | Src: src/btc_mining_engine.c:480 btc_mining_thread()
[117474312641956] METRIC #493: btc_hashrate_mhs = 0.8533669212 | Src: src/btc_mining_engine.c:480 btc_mining_thread()
[117474312686526] METRIC #494: btc_hashrate_thread_id = 4.0000000000 | Src: src/btc_mining_engine.c:480 btc_mining_thread()
[117474313750516] METRIC #495: btc_hashrate_mhs = 0.8534058405 | Src: src/btc_mining_engine.c:480 btc_mining_thread()
[117474313804876] METRIC #496: btc_hashrate_thread_id = 1.0000000000 | Src: src/btc_mining_engine.c:480 btc_mining_thread()
[117474314864946] METRIC #497: btc_hashrate_mhs = 0.8534420876 | Src: src/btc_mining_engine.c:480 btc_mining_thread()
[117474314953466] METRIC #498: btc_hashrate_thread_id = 7.0000000000 | Src: src/btc_mining_engine.c:480 btc_mining_thread()
[117474315047886] METRIC #499: btc_nx48_delta_nonce_old = 14.5551110000 | Src: src/nx48_btc_controller.c:362 nx48_btc_update()
[117474315100446] METRIC #500: btc_nx48_delta_nonce_new = 13.7977689649 | Src: src/nx48_btc_controller.c:362 nx48_btc_update()
[117474315132646] METRIC #501: btc_nx48_batch_old = 4.0000000000 | Src: src/nx48_btc_controller.c:362 nx48_btc_update()
[117474315166996] METRIC #502: btc_nx48_batch_new = 4.0000000000 | Src: src/nx48_btc_controller.c:362 nx48_btc_update()
[117474315191926] METRIC #503: btc_nx48_loss = 0.6931471806 | Src: src/nx48_btc_controller.c:363 nx48_btc_update()
[117474315217146] METRIC #504: btc_nx48_grad_norm = 0.7400133479 | Src: src/nx48_btc_controller.c:364 nx48_btc_update()
[117474315248506] METRIC #505: btc_nx48_update_count = 220.0000000000 | Src: src/nx48_btc_controller.c:365 nx48_btc_update()
[117474315285616] METRIC #506: btc_nx48_exploration_bias = 0.5683850000 | Src: src/nx48_btc_controller.c:366 nx48_btc_update()
[117474315317336] METRIC #507: btc_hashrate_mhs = 0.8539274824 | Src: src/btc_mining_engine.c:480 btc_mining_thread()
[117474315349246] METRIC #508: btc_hashrate_thread_id = 0.0000000000 | Src: src/btc_mining_engine.c:480 btc_mining_thread()
[117474316551566] METRIC #509: btc_hashrate_mhs = 0.8537455886 | Src: src/btc_mining_engine.c:480 btc_mining_thread()
[117474316626126] METRIC #510: btc_hashrate_thread_id = 5.0000000000 | Src: src/btc_mining_engine.c:480 btc_mining_thread()
[117474318223626] METRIC #511: btc_hashrate_mhs = 0.8540539864 | Src: src/btc_mining_engine.c:480 btc_mining_thread()
[117474318277446] METRIC #512: btc_hashrate_thread_id = 2.0000000000 | Src: src/btc_mining_engine.c:480 btc_mining_thread()
