=== LOG FORENSIQUE ULTRA-STRICT v3.0 MODULE btc_qm_engine ===
Timestamp: 16494904609211 ns | PID: 3813 | Thread: 140455270509760
Standards: ISO/IEC 27037, NIST SP 800-86, IEEE 1012
=====================================================
[16494904931311] TEST_START: main_btc_mining | Source: src/main_btc_mining.c:208 in main()
[16494905181591] METRIC #1: btc_run_mode_hash = 66.0000000000 | Src: src/main_btc_mining.c:210 main()
[16494905651171] METRIC #2: btc_module_version = 17.0000000000 | Src: src/main_btc_mining.c:211 main()
[16494906758780] METRIC #3: btc_nx48_init_loaded = 0.0000000000 | Src: src/nx48_btc_controller.c:158 nx48_btc_init()
[16494907222210] METRIC #4: btc_nx48_delta_nonce_scale = 1.0000000000 | Src: src/nx48_btc_controller.c:159 nx48_btc_init()
[16494907682760] METRIC #5: btc_nx48_n_replicas_scale = 1.0000000000 | Src: src/nx48_btc_controller.c:160 nx48_btc_init()
[16494908187800] METRIC #6: btc_nx48_swap_temp_scale = 1.0000000000 | Src: src/nx48_btc_controller.c:161 nx48_btc_init()
[16494908583300] METRIC #7: btc_nx48_batch_size_scale = 1.0000000000 | Src: src/nx48_btc_controller.c:162 nx48_btc_init()
[16494909047050] METRIC #8: btc_nx48_exploration_bias = 0.5000000000 | Src: src/nx48_btc_controller.c:163 nx48_btc_init()
[16494909530850] METRIC #9: btc_nx48_neuron_count = 2.0000000000 | Src: src/nx48_btc_controller.c:164 nx48_btc_init()
[16494910147250] METRIC #10: btc_sha256_self_test_pass = 1.0000000000 | Src: src/sha256_lumvorax.c:396 lv_sha256_self_test()
[16494910700710] METRIC #11: btc_wallet_from_privkey_start = 1.0000000000 | Src: src/btc_wallet.c:356 btc_wallet_from_privkey()
[16494916347550] METRIC #12: btc_wallet_from_privkey_ok = 1.0000000000 | Src: src/btc_wallet.c:407 btc_wallet_from_privkey()
[16494917496350] METRIC #13: btc_wallet_saved_json = 1.0000000000 | Src: src/btc_wallet.c:507 btc_wallet_save_json()
[16494918176850] METRIC #14: btc_sha256_self_test_pass = 1.0000000000 | Src: src/sha256_lumvorax.c:396 lv_sha256_self_test()
[16494918722530] METRIC #15: btc_integrity_gate_pass = 1.0000000000 | Src: src/btc_mining_engine.c:817 btc_engine_run()
[16494920213050] METRIC #16: btc_ram_available_mb_start = 22587.0000000000 | Src: src/btc_mining_engine.c:857 btc_engine_run()
[16494920744470] TEST_START: btc_engine_create | Source: src/btc_mining_engine.c:422 in engine_create()
[16494920929100] METRIC #17: btc_n_replicas = 8.0000000000 | Src: src/btc_mining_engine.c:423 engine_create()
[16494921473850] METRIC #18: btc_n_threads = 2.0000000000 | Src: src/btc_mining_engine.c:424 engine_create()
[16494921955650] METRIC #19: btc_batch_size = 512.0000000000 | Src: src/btc_mining_engine.c:425 engine_create()
[16494922436110] METRIC #20: btc_nonce_start = 0.0000000000 | Src: src/btc_mining_engine.c:426 engine_create()
[16494922929070] METRIC #21: btc_nonce_end = 4294967295.0000000000 | Src: src/btc_mining_engine.c:427 engine_create()
[16494923374580] METRIC #22: btc_duration_s = 2.0000000000 | Src: src/btc_mining_engine.c:428 engine_create()
[16494923827520] METRIC #23: btc_replica_idx = 0.0000000000 | Src: src/btc_mining_engine.c:432 engine_create()
[16494924314760] METRIC #24: btc_replica_nonce = 0.0000000000 | Src: src/btc_mining_engine.c:432 engine_create()
[16494925122140] METRIC #25: btc_replica_temp = 1.0000000000 | Src: src/btc_mining_engine.c:432 engine_create()
[16494925625890] METRIC #26: btc_replica_leading = 0.0000000000 | Src: src/btc_mining_engine.c:432 engine_create()
[16494926244530] METRIC #27: btc_replica_idx = 1.0000000000 | Src: src/btc_mining_engine.c:432 engine_create()
[16494926762290] METRIC #28: btc_replica_nonce = 536870911.0000000000 | Src: src/btc_mining_engine.c:432 engine_create()
[16494927236470] METRIC #29: btc_replica_temp = 2.0000000000 | Src: src/btc_mining_engine.c:432 engine_create()
[16494927850439] METRIC #30: btc_replica_leading = 0.0000000000 | Src: src/btc_mining_engine.c:432 engine_create()
[16494928408549] METRIC #31: btc_replica_idx = 2.0000000000 | Src: src/btc_mining_engine.c:432 engine_create()
[16494928888739] METRIC #32: btc_replica_nonce = 1073741822.0000000000 | Src: src/btc_mining_engine.c:432 engine_create()
[16494929385309] METRIC #33: btc_replica_temp = 4.0000000000 | Src: src/btc_mining_engine.c:432 engine_create()
[16494929801079] METRIC #34: btc_replica_leading = 0.0000000000 | Src: src/btc_mining_engine.c:432 engine_create()
[16494930265819] METRIC #35: btc_replica_idx = 3.0000000000 | Src: src/btc_mining_engine.c:432 engine_create()
[16494930694569] METRIC #36: btc_replica_nonce = 1610612733.0000000000 | Src: src/btc_mining_engine.c:432 engine_create()
[16494931178899] METRIC #37: btc_replica_temp = 8.0000000000 | Src: src/btc_mining_engine.c:432 engine_create()
[16494931609239] METRIC #38: btc_replica_leading = 0.0000000000 | Src: src/btc_mining_engine.c:432 engine_create()
[16494932076899] METRIC #39: btc_replica_idx = 4.0000000000 | Src: src/btc_mining_engine.c:432 engine_create()
[16494932493989] METRIC #40: btc_replica_nonce = 2147483644.0000000000 | Src: src/btc_mining_engine.c:432 engine_create()
[16494932922609] METRIC #41: btc_replica_temp = 12.0000000000 | Src: src/btc_mining_engine.c:432 engine_create()
[16494933444959] METRIC #42: btc_replica_leading = 0.0000000000 | Src: src/btc_mining_engine.c:432 engine_create()
[16494934066649] METRIC #43: btc_replica_idx = 5.0000000000 | Src: src/btc_mining_engine.c:432 engine_create()
[16494934565779] METRIC #44: btc_replica_nonce = 2684354555.0000000000 | Src: src/btc_mining_engine.c:432 engine_create()
[16494935147909] METRIC #45: btc_replica_temp = 20.0000000000 | Src: src/btc_mining_engine.c:432 engine_create()
[16494935655719] METRIC #46: btc_replica_leading = 0.0000000000 | Src: src/btc_mining_engine.c:432 engine_create()
[16494936209749] METRIC #47: btc_replica_idx = 6.0000000000 | Src: src/btc_mining_engine.c:432 engine_create()
[16494936733869] METRIC #48: btc_replica_nonce = 3221225466.0000000000 | Src: src/btc_mining_engine.c:432 engine_create()
[16494937290499] METRIC #49: btc_replica_temp = 35.0000000000 | Src: src/btc_mining_engine.c:432 engine_create()
[16494937765579] METRIC #50: btc_replica_leading = 0.0000000000 | Src: src/btc_mining_engine.c:432 engine_create()
[16494938502719] METRIC #51: btc_replica_idx = 7.0000000000 | Src: src/btc_mining_engine.c:432 engine_create()
[16494939027699] METRIC #52: btc_replica_nonce = 3758096377.0000000000 | Src: src/btc_mining_engine.c:432 engine_create()
[16494939599409] METRIC #53: btc_replica_temp = 50.0000000000 | Src: src/btc_mining_engine.c:432 engine_create()
[16494940188699] METRIC #54: btc_replica_leading = 0.0000000000 | Src: src/btc_mining_engine.c:432 engine_create()
[16494940682229] METRIC #55: btc_midstate_applied = 1.0000000000 | Src: src/btc_mining_engine.c:872 btc_engine_run()
[16494941878609] METRIC #56: btc_block_nonce = 2647131671.0000000000 | Src: src/btc_mining_engine.c:678 btc_mining_thread()
[16494942763869] METRIC #57: btc_best_leading_zeros = 4.0000000000 | Src: src/btc_mining_engine.c:678 btc_mining_thread()
[16494943388239] METRIC #58: btc_block_valid = 0.0000000000 | Src: src/btc_mining_engine.c:678 btc_mining_thread()
[16494943955629] METRIC #59: btc_threads_launched = 2.0000000000 | Src: src/btc_mining_engine.c:891 btc_engine_run()
[16494944698849] METRIC #60: btc_best_leading_zeros = 4.0000000000 | Src: src/btc_mining_engine.c:680 btc_mining_thread()
[16494945551559] METRIC #61: btc_nx48_csv_saved = 1.0000000000 | Src: src/nx48_btc_controller.c:479 nx48_btc_save_csv()
[16494946234789] METRIC #62: btc_block_nonce = 99885611.0000000000 | Src: src/btc_mining_engine.c:678 btc_mining_thread()
[16494946857779] METRIC #63: btc_best_leading_zeros = 8.0000000000 | Src: src/btc_mining_engine.c:678 btc_mining_thread()
[16494947365849] METRIC #64: btc_block_valid = 0.0000000000 | Src: src/btc_mining_engine.c:678 btc_mining_thread()
[16494948324299] METRIC #65: btc_best_leading_zeros = 8.0000000000 | Src: src/btc_mining_engine.c:680 btc_mining_thread()
[16494949123029] METRIC #66: btc_nx48_csv_saved = 1.0000000000 | Src: src/nx48_btc_controller.c:479 nx48_btc_save_csv()
[16494949645518] METRIC #67: btc_block_nonce = 2647121558.0000000000 | Src: src/btc_mining_engine.c:678 btc_mining_thread()
[16494950163448] METRIC #68: btc_best_leading_zeros = 9.0000000000 | Src: src/btc_mining_engine.c:678 btc_mining_thread()
[16494950638548] METRIC #69: btc_block_valid = 0.0000000000 | Src: src/btc_mining_engine.c:678 btc_mining_thread()
[16494951565398] METRIC #70: btc_best_leading_zeros = 9.0000000000 | Src: src/btc_mining_engine.c:680 btc_mining_thread()
[16494952323738] METRIC #71: btc_nx48_csv_saved = 1.0000000000 | Src: src/nx48_btc_controller.c:479 nx48_btc_save_csv()
[16494955365608] METRIC #72: btc_block_nonce = 1145121546.0000000000 | Src: src/btc_mining_engine.c:678 btc_mining_thread()
[16494955872488] METRIC #73: btc_best_leading_zeros = 10.0000000000 | Src: src/btc_mining_engine.c:678 btc_mining_thread()
[16494956570388] METRIC #74: btc_block_valid = 0.0000000000 | Src: src/btc_mining_engine.c:678 btc_mining_thread()
[16494957587298] METRIC #75: btc_best_leading_zeros = 10.0000000000 | Src: src/btc_mining_engine.c:680 btc_mining_thread()
[16494958442298] METRIC #76: btc_nx48_csv_saved = 1.0000000000 | Src: src/nx48_btc_controller.c:479 nx48_btc_save_csv()
[16494959029918] METRIC #77: btc_block_nonce = 386173916.0000000000 | Src: src/btc_mining_engine.c:678 btc_mining_thread()
[16494959446488] METRIC #78: btc_best_leading_zeros = 11.0000000000 | Src: src/btc_mining_engine.c:678 btc_mining_thread()
[16494959963648] METRIC #79: btc_block_valid = 0.0000000000 | Src: src/btc_mining_engine.c:678 btc_mining_thread()
[16494960844498] METRIC #80: btc_best_leading_zeros = 11.0000000000 | Src: src/btc_mining_engine.c:680 btc_mining_thread()
[16494961569548] METRIC #81: btc_nx48_csv_saved = 1.0000000000 | Src: src/nx48_btc_controller.c:479 nx48_btc_save_csv()
[16494994194167] METRIC #82: btc_block_nonce = 386146903.0000000000 | Src: src/btc_mining_engine.c:678 btc_mining_thread()
[16494994737357] METRIC #83: btc_best_leading_zeros = 12.0000000000 | Src: src/btc_mining_engine.c:678 btc_mining_thread()
[16494995416207] METRIC #84: btc_block_valid = 0.0000000000 | Src: src/btc_mining_engine.c:678 btc_mining_thread()
[16494996457416] METRIC #85: btc_best_leading_zeros = 12.0000000000 | Src: src/btc_mining_engine.c:680 btc_mining_thread()
[16494997344836] METRIC #86: btc_nx48_csv_saved = 1.0000000000 | Src: src/nx48_btc_controller.c:479 nx48_btc_save_csv()
[16495015112036] METRIC #87: btc_block_nonce = 1145131529.0000000000 | Src: src/btc_mining_engine.c:678 btc_mining_thread()
[16495015703176] METRIC #88: btc_best_leading_zeros = 16.0000000000 | Src: src/btc_mining_engine.c:678 btc_mining_thread()
[16495016238456] METRIC #89: btc_block_valid = 0.0000000000 | Src: src/btc_mining_engine.c:678 btc_mining_thread()
[16495017324646] METRIC #90: btc_best_leading_zeros = 16.0000000000 | Src: src/btc_mining_engine.c:680 btc_mining_thread()
[16495018412255] METRIC #91: btc_nx48_csv_saved = 1.0000000000 | Src: src/nx48_btc_controller.c:479 nx48_btc_save_csv()
[16495044803914] METRIC #92: btc_ptmc_rep_hot = 1.0000000000 | Src: src/btc_mining_engine.c:494 engine_ptmc_swap()
[16495045359094] METRIC #93: btc_ptmc_rep_cold = 0.0000000000 | Src: src/btc_mining_engine.c:494 engine_ptmc_swap()
[16495045783854] METRIC #94: btc_ptmc_accept = -0.2635971381 | Src: src/btc_mining_engine.c:494 engine_ptmc_swap()
[16495046312014] METRIC #95: btc_ptmc_rep_hot = 2.0000000000 | Src: src/btc_mining_engine.c:492 engine_ptmc_swap()
[16495046837814] METRIC #96: btc_ptmc_rep_cold = 1.0000000000 | Src: src/btc_mining_engine.c:492 engine_ptmc_swap()
[16495047417324] METRIC #97: btc_ptmc_accept = 1.0000000000 | Src: src/btc_mining_engine.c:492 engine_ptmc_swap()
[16495047969614] METRIC #98: btc_ptmc_rep_hot = 3.0000000000 | Src: src/btc_mining_engine.c:492 engine_ptmc_swap()
[16495048536224] METRIC #99: btc_ptmc_rep_cold = 2.0000000000 | Src: src/btc_mining_engine.c:492 engine_ptmc_swap()
[16495048968094] METRIC #100: btc_ptmc_accept = 1.0000000000 | Src: src/btc_mining_engine.c:492 engine_ptmc_swap()
[16495049366164] METRIC #101: btc_ptmc_rep_hot = 4.0000000000 | Src: src/btc_mining_engine.c:492 engine_ptmc_swap()
[16495049720644] METRIC #102: btc_ptmc_rep_cold = 3.0000000000 | Src: src/btc_mining_engine.c:492 engine_ptmc_swap()
[16495050271174] METRIC #103: btc_ptmc_accept = 1.0000000000 | Src: src/btc_mining_engine.c:492 engine_ptmc_swap()
[16495050565204] METRIC #104: btc_ptmc_rep_hot = 5.0000000000 | Src: src/btc_mining_engine.c:492 engine_ptmc_swap()
[16495050853654] METRIC #105: btc_ptmc_rep_cold = 4.0000000000 | Src: src/btc_mining_engine.c:492 engine_ptmc_swap()
[16495051178144] METRIC #106: btc_ptmc_accept = 1.0000000000 | Src: src/btc_mining_engine.c:492 engine_ptmc_swap()
[16495051473454] METRIC #107: btc_ptmc_rep_hot = 6.0000000000 | Src: src/btc_mining_engine.c:492 engine_ptmc_swap()
[16495051807534] METRIC #108: btc_ptmc_rep_cold = 5.0000000000 | Src: src/btc_mining_engine.c:492 engine_ptmc_swap()
[16495052146824] METRIC #109: btc_ptmc_accept = 1.0000000000 | Src: src/btc_mining_engine.c:492 engine_ptmc_swap()
[16495052614624] METRIC #110: btc_block_nonce = 386157943.0000000000 | Src: src/btc_mining_engine.c:678 btc_mining_thread()
[16495053197944] METRIC #111: btc_best_leading_zeros = 19.0000000000 | Src: src/btc_mining_engine.c:678 btc_mining_thread()
[16495053731694] METRIC #112: btc_block_valid = 0.0000000000 | Src: src/btc_mining_engine.c:678 btc_mining_thread()
[16495054382624] METRIC #113: btc_ptmc_rep_hot = 7.0000000000 | Src: src/btc_mining_engine.c:492 engine_ptmc_swap()
[16495055147844] METRIC #114: btc_best_leading_zeros = 19.0000000000 | Src: src/btc_mining_engine.c:680 btc_mining_thread()
[16495055740074] METRIC #115: btc_ptmc_rep_cold = 6.0000000000 | Src: src/btc_mining_engine.c:492 engine_ptmc_swap()
[16495056414824] METRIC #116: btc_ptmc_accept = 1.0000000000 | Src: src/btc_mining_engine.c:492 engine_ptmc_swap()
[16495057012764] METRIC #117: btc_nx48_csv_saved = 1.0000000000 | Src: src/nx48_btc_controller.c:479 nx48_btc_save_csv()
[16495144829990] METRIC #118: btc_ptmc_rep_hot = 1.0000000000 | Src: src/btc_mining_engine.c:492 engine_ptmc_swap()
[16495145489940] METRIC #119: btc_ptmc_rep_cold = 0.0000000000 | Src: src/btc_mining_engine.c:492 engine_ptmc_swap()
[16495146040710] METRIC #120: btc_ptmc_accept = 1.0000000000 | Src: src/btc_mining_engine.c:492 engine_ptmc_swap()
[16495146658650] METRIC #121: btc_ptmc_rep_hot = 2.0000000000 | Src: src/btc_mining_engine.c:492 engine_ptmc_swap()
[16495147112470] METRIC #122: btc_ptmc_rep_cold = 1.0000000000 | Src: src/btc_mining_engine.c:492 engine_ptmc_swap()
[16495147603320] METRIC #123: btc_ptmc_accept = 1.0000000000 | Src: src/btc_mining_engine.c:492 engine_ptmc_swap()
[16495148322790] METRIC #124: btc_ptmc_rep_hot = 3.0000000000 | Src: src/btc_mining_engine.c:492 engine_ptmc_swap()
[16495148777220] METRIC #125: btc_ptmc_rep_cold = 2.0000000000 | Src: src/btc_mining_engine.c:492 engine_ptmc_swap()
[16495149300820] METRIC #126: btc_ptmc_accept = 1.0000000000 | Src: src/btc_mining_engine.c:492 engine_ptmc_swap()
[16495149822620] METRIC #127: btc_ptmc_rep_hot = 4.0000000000 | Src: src/btc_mining_engine.c:492 engine_ptmc_swap()
[16495150345760] METRIC #128: btc_ptmc_rep_cold = 3.0000000000 | Src: src/btc_mining_engine.c:492 engine_ptmc_swap()
[16495150839400] METRIC #129: btc_ptmc_accept = 1.0000000000 | Src: src/btc_mining_engine.c:492 engine_ptmc_swap()
[16495151375150] METRIC #130: btc_ptmc_rep_hot = 5.0000000000 | Src: src/btc_mining_engine.c:492 engine_ptmc_swap()
[16495151857500] METRIC #131: btc_ptmc_rep_cold = 4.0000000000 | Src: src/btc_mining_engine.c:492 engine_ptmc_swap()
[16495152402770] METRIC #132: btc_ptmc_accept = 1.0000000000 | Src: src/btc_mining_engine.c:492 engine_ptmc_swap()
[16495152864309] METRIC #133: btc_ptmc_rep_hot = 6.0000000000 | Src: src/btc_mining_engine.c:492 engine_ptmc_swap()
[16495153362239] METRIC #134: btc_ptmc_rep_cold = 5.0000000000 | Src: src/btc_mining_engine.c:492 engine_ptmc_swap()
[16495153842129] METRIC #135: btc_ptmc_accept = 1.0000000000 | Src: src/btc_mining_engine.c:492 engine_ptmc_swap()
[16495154386149] METRIC #136: btc_ptmc_rep_hot = 7.0000000000 | Src: src/btc_mining_engine.c:492 engine_ptmc_swap()
[16495154880619] METRIC #137: btc_ptmc_rep_cold = 6.0000000000 | Src: src/btc_mining_engine.c:492 engine_ptmc_swap()
[16495155376809] METRIC #138: btc_ptmc_accept = 1.0000000000 | Src: src/btc_mining_engine.c:492 engine_ptmc_swap()
[16495246881285] METRIC #139: btc_ptmc_rep_hot = 1.0000000000 | Src: src/btc_mining_engine.c:492 engine_ptmc_swap()
[16495247427805] METRIC #140: btc_ptmc_rep_cold = 0.0000000000 | Src: src/btc_mining_engine.c:492 engine_ptmc_swap()
[16495247914435] METRIC #141: btc_ptmc_accept = 1.0000000000 | Src: src/btc_mining_engine.c:492 engine_ptmc_swap()
[16495248444815] METRIC #142: btc_ptmc_rep_hot = 2.0000000000 | Src: src/btc_mining_engine.c:492 engine_ptmc_swap()
[16495248921645] METRIC #143: btc_ptmc_rep_cold = 1.0000000000 | Src: src/btc_mining_engine.c:492 engine_ptmc_swap()
[16495249406415] METRIC #144: btc_ptmc_accept = 1.0000000000 | Src: src/btc_mining_engine.c:492 engine_ptmc_swap()
[16495249945805] METRIC #145: btc_ptmc_rep_hot = 3.0000000000 | Src: src/btc_mining_engine.c:492 engine_ptmc_swap()
[16495250449465] METRIC #146: btc_ptmc_rep_cold = 2.0000000000 | Src: src/btc_mining_engine.c:492 engine_ptmc_swap()
[16495250930195] METRIC #147: btc_ptmc_accept = 1.0000000000 | Src: src/btc_mining_engine.c:492 engine_ptmc_swap()
[16495251468595] METRIC #148: btc_ptmc_rep_hot = 4.0000000000 | Src: src/btc_mining_engine.c:492 engine_ptmc_swap()
[16495251963235] METRIC #149: btc_ptmc_rep_cold = 3.0000000000 | Src: src/btc_mining_engine.c:492 engine_ptmc_swap()
[16495252510475] METRIC #150: btc_ptmc_accept = 1.0000000000 | Src: src/btc_mining_engine.c:492 engine_ptmc_swap()
[16495253031765] METRIC #151: btc_ptmc_rep_hot = 5.0000000000 | Src: src/btc_mining_engine.c:492 engine_ptmc_swap()
[16495253541115] METRIC #152: btc_ptmc_rep_cold = 4.0000000000 | Src: src/btc_mining_engine.c:492 engine_ptmc_swap()
[16495254079815] METRIC #153: btc_ptmc_accept = 1.0000000000 | Src: src/btc_mining_engine.c:492 engine_ptmc_swap()
[16495254611765] METRIC #154: btc_ptmc_rep_hot = 6.0000000000 | Src: src/btc_mining_engine.c:492 engine_ptmc_swap()
[16495255170315] METRIC #155: btc_ptmc_rep_cold = 5.0000000000 | Src: src/btc_mining_engine.c:492 engine_ptmc_swap()
[16495255602705] METRIC #156: btc_ptmc_accept = 1.0000000000 | Src: src/btc_mining_engine.c:492 engine_ptmc_swap()
[16495256130105] METRIC #157: btc_ptmc_rep_hot = 7.0000000000 | Src: src/btc_mining_engine.c:492 engine_ptmc_swap()
[16495256574915] METRIC #158: btc_ptmc_rep_cold = 6.0000000000 | Src: src/btc_mining_engine.c:492 engine_ptmc_swap()
[16495257088335] METRIC #159: btc_ptmc_accept = 1.0000000000 | Src: src/btc_mining_engine.c:492 engine_ptmc_swap()
[16495353294901] METRIC #160: btc_ptmc_rep_hot = 1.0000000000 | Src: src/btc_mining_engine.c:492 engine_ptmc_swap()
[16495353857461] METRIC #161: btc_ptmc_rep_cold = 0.0000000000 | Src: src/btc_mining_engine.c:492 engine_ptmc_swap()
[16495354456621] METRIC #162: btc_ptmc_accept = 0.5136669338 | Src: src/btc_mining_engine.c:492 engine_ptmc_swap()
[16495355202811] METRIC #163: btc_ptmc_rep_hot = 2.0000000000 | Src: src/btc_mining_engine.c:494 engine_ptmc_swap()
[16495355731300] METRIC #164: btc_ptmc_rep_cold = 1.0000000000 | Src: src/btc_mining_engine.c:494 engine_ptmc_swap()
[16495356270161] METRIC #165: btc_ptmc_accept = -0.2636225532 | Src: src/btc_mining_engine.c:494 engine_ptmc_swap()
[16495356812361] METRIC #166: btc_ptmc_rep_hot = 3.0000000000 | Src: src/btc_mining_engine.c:492 engine_ptmc_swap()
[16495357428761] METRIC #167: btc_ptmc_rep_cold = 2.0000000000 | Src: src/btc_mining_engine.c:492 engine_ptmc_swap()
[16495357964431] METRIC #168: btc_ptmc_accept = 1.0000000000 | Src: src/btc_mining_engine.c:492 engine_ptmc_swap()
[16495358494870] METRIC #169: btc_ptmc_rep_hot = 4.0000000000 | Src: src/btc_mining_engine.c:492 engine_ptmc_swap()
[16495359007280] METRIC #170: btc_ptmc_rep_cold = 3.0000000000 | Src: src/btc_mining_engine.c:492 engine_ptmc_swap()
[16495359579920] METRIC #171: btc_ptmc_accept = 1.0000000000 | Src: src/btc_mining_engine.c:492 engine_ptmc_swap()
[16495360099650] METRIC #172: btc_ptmc_rep_hot = 5.0000000000 | Src: src/btc_mining_engine.c:492 engine_ptmc_swap()
[16495360594890] METRIC #173: btc_ptmc_rep_cold = 4.0000000000 | Src: src/btc_mining_engine.c:492 engine_ptmc_swap()
[16495361191050] METRIC #174: btc_ptmc_accept = 1.0000000000 | Src: src/btc_mining_engine.c:492 engine_ptmc_swap()
[16495361715930] METRIC #175: btc_ptmc_rep_hot = 6.0000000000 | Src: src/btc_mining_engine.c:492 engine_ptmc_swap()
[16495362241030] METRIC #176: btc_ptmc_rep_cold = 5.0000000000 | Src: src/btc_mining_engine.c:492 engine_ptmc_swap()
[16495363170360] METRIC #177: btc_ptmc_accept = 1.0000000000 | Src: src/btc_mining_engine.c:492 engine_ptmc_swap()
[16495363707550] METRIC #178: btc_ptmc_rep_hot = 7.0000000000 | Src: src/btc_mining_engine.c:492 engine_ptmc_swap()
[16495364263700] METRIC #179: btc_ptmc_rep_cold = 6.0000000000 | Src: src/btc_mining_engine.c:492 engine_ptmc_swap()
[16495364784640] METRIC #180: btc_ptmc_accept = 1.0000000000 | Src: src/btc_mining_engine.c:492 engine_ptmc_swap()
[16495453877156] METRIC #181: btc_ptmc_rep_hot = 1.0000000000 | Src: src/btc_mining_engine.c:494 engine_ptmc_swap()
[16495454530816] METRIC #182: btc_ptmc_rep_cold = 0.0000000000 | Src: src/btc_mining_engine.c:494 engine_ptmc_swap()
[16495455083796] METRIC #183: btc_ptmc_accept = -0.0695919752 | Src: src/btc_mining_engine.c:494 engine_ptmc_swap()
[16495455617466] METRIC #184: btc_ptmc_rep_hot = 2.0000000000 | Src: src/btc_mining_engine.c:492 engine_ptmc_swap()
[16495456070686] METRIC #185: btc_ptmc_rep_cold = 1.0000000000 | Src: src/btc_mining_engine.c:492 engine_ptmc_swap()
[16495456535126] METRIC #186: btc_ptmc_accept = 0.7165701146 | Src: src/btc_mining_engine.c:492 engine_ptmc_swap()
[16495457143546] METRIC #187: btc_ptmc_rep_hot = 3.0000000000 | Src: src/btc_mining_engine.c:494 engine_ptmc_swap()
[16495457597066] METRIC #188: btc_ptmc_rep_cold = 2.0000000000 | Src: src/btc_mining_engine.c:494 engine_ptmc_swap()
[16495457980816] METRIC #189: btc_ptmc_accept = -0.8464931860 | Src: src/btc_mining_engine.c:494 engine_ptmc_swap()
[16495458400616] METRIC #190: btc_ptmc_rep_hot = 4.0000000000 | Src: src/btc_mining_engine.c:492 engine_ptmc_swap()
[16495458689916] METRIC #191: btc_ptmc_rep_cold = 3.0000000000 | Src: src/btc_mining_engine.c:492 engine_ptmc_swap()
[16495458978256] METRIC #192: btc_ptmc_accept = 1.0000000000 | Src: src/btc_mining_engine.c:492 engine_ptmc_swap()
[16495459285336] METRIC #193: btc_ptmc_rep_hot = 5.0000000000 | Src: src/btc_mining_engine.c:492 engine_ptmc_swap()
[16495459556686] METRIC #194: btc_ptmc_rep_cold = 4.0000000000 | Src: src/btc_mining_engine.c:492 engine_ptmc_swap()
[16495459868326] METRIC #195: btc_ptmc_accept = 1.0000000000 | Src: src/btc_mining_engine.c:492 engine_ptmc_swap()
[16495460187516] METRIC #196: btc_ptmc_rep_hot = 6.0000000000 | Src: src/btc_mining_engine.c:492 engine_ptmc_swap()
[16495460517736] METRIC #197: btc_ptmc_rep_cold = 5.0000000000 | Src: src/btc_mining_engine.c:492 engine_ptmc_swap()
[16495460803836] METRIC #198: btc_ptmc_accept = 1.0000000000 | Src: src/btc_mining_engine.c:492 engine_ptmc_swap()
[16495461119706] METRIC #199: btc_ptmc_rep_hot = 7.0000000000 | Src: src/btc_mining_engine.c:492 engine_ptmc_swap()
[16495461459796] METRIC #200: btc_ptmc_rep_cold = 6.0000000000 | Src: src/btc_mining_engine.c:492 engine_ptmc_swap()
[16495461746576] METRIC #201: btc_ptmc_accept = 1.0000000000 | Src: src/btc_mining_engine.c:492 engine_ptmc_swap()
[16495554556002] METRIC #202: btc_ptmc_rep_hot = 1.0000000000 | Src: src/btc_mining_engine.c:492 engine_ptmc_swap()
[16495555150082] METRIC #203: btc_ptmc_rep_cold = 0.0000000000 | Src: src/btc_mining_engine.c:492 engine_ptmc_swap()
[16495555635952] METRIC #204: btc_ptmc_accept = 1.0000000000 | Src: src/btc_mining_engine.c:492 engine_ptmc_swap()
[16495556247022] METRIC #205: btc_ptmc_rep_hot = 2.0000000000 | Src: src/btc_mining_engine.c:492 engine_ptmc_swap()
[16495556733032] METRIC #206: btc_ptmc_rep_cold = 1.0000000000 | Src: src/btc_mining_engine.c:492 engine_ptmc_swap()
[16495557359202] METRIC #207: btc_ptmc_accept = 1.0000000000 | Src: src/btc_mining_engine.c:492 engine_ptmc_swap()
[16495557933982] METRIC #208: btc_ptmc_rep_hot = 3.0000000000 | Src: src/btc_mining_engine.c:492 engine_ptmc_swap()
[16495558385612] METRIC #209: btc_ptmc_rep_cold = 2.0000000000 | Src: src/btc_mining_engine.c:492 engine_ptmc_swap()
[16495558762912] METRIC #210: btc_ptmc_accept = 1.0000000000 | Src: src/btc_mining_engine.c:492 engine_ptmc_swap()
[16495559154712] METRIC #211: btc_ptmc_rep_hot = 4.0000000000 | Src: src/btc_mining_engine.c:492 engine_ptmc_swap()
[16495559517102] METRIC #212: btc_ptmc_rep_cold = 3.0000000000 | Src: src/btc_mining_engine.c:492 engine_ptmc_swap()
[16495559881752] METRIC #213: btc_ptmc_accept = 1.0000000000 | Src: src/btc_mining_engine.c:492 engine_ptmc_swap()
[16495560261392] METRIC #214: btc_ptmc_rep_hot = 5.0000000000 | Src: src/btc_mining_engine.c:492 engine_ptmc_swap()
[16495560627522] METRIC #215: btc_ptmc_rep_cold = 4.0000000000 | Src: src/btc_mining_engine.c:492 engine_ptmc_swap()
[16495560992372] METRIC #216: btc_ptmc_accept = 1.0000000000 | Src: src/btc_mining_engine.c:492 engine_ptmc_swap()
[16495561363651] METRIC #217: btc_ptmc_rep_hot = 6.0000000000 | Src: src/btc_mining_engine.c:492 engine_ptmc_swap()
[16495561740631] METRIC #218: btc_ptmc_rep_cold = 5.0000000000 | Src: src/btc_mining_engine.c:492 engine_ptmc_swap()
[16495562121521] METRIC #219: btc_ptmc_accept = 1.0000000000 | Src: src/btc_mining_engine.c:492 engine_ptmc_swap()
[16495562485631] METRIC #220: btc_ptmc_rep_hot = 7.0000000000 | Src: src/btc_mining_engine.c:492 engine_ptmc_swap()
[16495562850731] METRIC #221: btc_ptmc_rep_cold = 6.0000000000 | Src: src/btc_mining_engine.c:492 engine_ptmc_swap()
[16495563229161] METRIC #222: btc_ptmc_accept = 1.0000000000 | Src: src/btc_mining_engine.c:492 engine_ptmc_swap()
[16495655749077] METRIC #223: btc_ptmc_rep_hot = 1.0000000000 | Src: src/btc_mining_engine.c:492 engine_ptmc_swap()
[16495656395117] METRIC #224: btc_ptmc_rep_cold = 0.0000000000 | Src: src/btc_mining_engine.c:492 engine_ptmc_swap()
[16495656895917] METRIC #225: btc_ptmc_accept = 1.0000000000 | Src: src/btc_mining_engine.c:492 engine_ptmc_swap()
[16495657519567] METRIC #226: btc_ptmc_rep_hot = 2.0000000000 | Src: src/btc_mining_engine.c:492 engine_ptmc_swap()
[16495658060117] METRIC #227: btc_ptmc_rep_cold = 1.0000000000 | Src: src/btc_mining_engine.c:492 engine_ptmc_swap()
[16495658493577] METRIC #228: btc_ptmc_accept = 0.7165313106 | Src: src/btc_mining_engine.c:492 engine_ptmc_swap()
[16495658894367] METRIC #229: btc_ptmc_rep_hot = 3.0000000000 | Src: src/btc_mining_engine.c:492 engine_ptmc_swap()
[16495659491037] METRIC #230: btc_ptmc_rep_cold = 2.0000000000 | Src: src/btc_mining_engine.c:492 engine_ptmc_swap()
[16495659947937] METRIC #231: btc_ptmc_accept = 0.8464817249 | Src: src/btc_mining_engine.c:492 engine_ptmc_swap()
[16495660769057] METRIC #232: btc_ptmc_rep_hot = 4.0000000000 | Src: src/btc_mining_engine.c:492 engine_ptmc_swap()
[16495661259957] METRIC #233: btc_ptmc_rep_cold = 3.0000000000 | Src: src/btc_mining_engine.c:492 engine_ptmc_swap()
[16495661768987] METRIC #234: btc_ptmc_accept = 0.9048374180 | Src: src/btc_mining_engine.c:492 engine_ptmc_swap()
[16495662262327] METRIC #235: btc_ptmc_rep_hot = 5.0000000000 | Src: src/btc_mining_engine.c:494 engine_ptmc_swap()
[16495662723287] METRIC #236: btc_ptmc_rep_cold = 4.0000000000 | Src: src/btc_mining_engine.c:494 engine_ptmc_swap()
[16495663327967] METRIC #237: btc_ptmc_accept = -0.9394130628 | Src: src/btc_mining_engine.c:494 engine_ptmc_swap()
[16495663854077] METRIC #238: btc_ptmc_rep_hot = 6.0000000000 | Src: src/btc_mining_engine.c:492 engine_ptmc_swap()
[16495664410117] METRIC #239: btc_ptmc_rep_cold = 5.0000000000 | Src: src/btc_mining_engine.c:492 engine_ptmc_swap()
[16495664892967] METRIC #240: btc_ptmc_accept = 1.0000000000 | Src: src/btc_mining_engine.c:492 engine_ptmc_swap()
[16495665368267] METRIC #241: btc_ptmc_rep_hot = 7.0000000000 | Src: src/btc_mining_engine.c:492 engine_ptmc_swap()
[16495665869177] METRIC #242: btc_ptmc_rep_cold = 6.0000000000 | Src: src/btc_mining_engine.c:492 engine_ptmc_swap()
[16495666471467] METRIC #243: btc_ptmc_accept = 1.0000000000 | Src: src/btc_mining_engine.c:492 engine_ptmc_swap()
[16495757712743] METRIC #244: btc_ptmc_rep_hot = 1.0000000000 | Src: src/btc_mining_engine.c:492 engine_ptmc_swap()
[16495758300543] METRIC #245: btc_ptmc_rep_cold = 0.0000000000 | Src: src/btc_mining_engine.c:492 engine_ptmc_swap()
[16495758698473] METRIC #246: btc_ptmc_accept = 1.0000000000 | Src: src/btc_mining_engine.c:492 engine_ptmc_swap()
[16495759237443] METRIC #247: btc_ptmc_rep_hot = 2.0000000000 | Src: src/btc_mining_engine.c:492 engine_ptmc_swap()
[16495759640783] METRIC #248: btc_ptmc_rep_cold = 1.0000000000 | Src: src/btc_mining_engine.c:492 engine_ptmc_swap()
[16495760063913] METRIC #249: btc_ptmc_accept = 1.0000000000 | Src: src/btc_mining_engine.c:492 engine_ptmc_swap()
[16495760547673] METRIC #250: btc_ptmc_rep_hot = 3.0000000000 | Src: src/btc_mining_engine.c:492 engine_ptmc_swap()
[16495761004593] METRIC #251: btc_ptmc_rep_cold = 2.0000000000 | Src: src/btc_mining_engine.c:492 engine_ptmc_swap()
[16495761507183] METRIC #252: btc_ptmc_accept = 1.0000000000 | Src: src/btc_mining_engine.c:492 engine_ptmc_swap()
[16495762124713] METRIC #253: btc_ptmc_rep_hot = 4.0000000000 | Src: src/btc_mining_engine.c:492 engine_ptmc_swap()
[16495762591303] METRIC #254: btc_ptmc_rep_cold = 3.0000000000 | Src: src/btc_mining_engine.c:492 engine_ptmc_swap()
[16495763134443] METRIC #255: btc_ptmc_accept = 1.0000000000 | Src: src/btc_mining_engine.c:492 engine_ptmc_swap()
[16495763830683] METRIC #256: btc_ptmc_rep_hot = 5.0000000000 | Src: src/btc_mining_engine.c:492 engine_ptmc_swap()
[16495764289862] METRIC #257: btc_ptmc_rep_cold = 4.0000000000 | Src: src/btc_mining_engine.c:492 engine_ptmc_swap()
[16495764752072] METRIC #258: btc_ptmc_accept = 1.0000000000 | Src: src/btc_mining_engine.c:492 engine_ptmc_swap()
[16495765280222] METRIC #259: btc_ptmc_rep_hot = 6.0000000000 | Src: src/btc_mining_engine.c:492 engine_ptmc_swap()
[16495765860342] METRIC #260: btc_ptmc_rep_cold = 5.0000000000 | Src: src/btc_mining_engine.c:492 engine_ptmc_swap()
[16495766626422] METRIC #261: btc_ptmc_accept = 1.0000000000 | Src: src/btc_mining_engine.c:492 engine_ptmc_swap()
[16495767140662] METRIC #262: btc_ptmc_rep_hot = 7.0000000000 | Src: src/btc_mining_engine.c:492 engine_ptmc_swap()
[16495767597172] METRIC #263: btc_ptmc_rep_cold = 6.0000000000 | Src: src/btc_mining_engine.c:492 engine_ptmc_swap()
[16495768322472] METRIC #264: btc_ptmc_accept = 1.0000000000 | Src: src/btc_mining_engine.c:492 engine_ptmc_swap()
[16495858697858] METRIC #265: btc_ptmc_rep_hot = 1.0000000000 | Src: src/btc_mining_engine.c:492 engine_ptmc_swap()
[16495859352878] METRIC #266: btc_ptmc_rep_cold = 0.0000000000 | Src: src/btc_mining_engine.c:492 engine_ptmc_swap()
[16495859832498] METRIC #267: btc_ptmc_accept = 1.0000000000 | Src: src/btc_mining_engine.c:492 engine_ptmc_swap()
[16495860463178] METRIC #268: btc_ptmc_rep_hot = 2.0000000000 | Src: src/btc_mining_engine.c:494 engine_ptmc_swap()
[16495860925648] METRIC #269: btc_ptmc_rep_cold = 1.0000000000 | Src: src/btc_mining_engine.c:494 engine_ptmc_swap()
[16495861553138] METRIC #270: btc_ptmc_accept = -0.3678196603 | Src: src/btc_mining_engine.c:494 engine_ptmc_swap()
[16495862200488] METRIC #271: btc_ptmc_rep_hot = 3.0000000000 | Src: src/btc_mining_engine.c:492 engine_ptmc_swap()
[16495862665468] METRIC #272: btc_ptmc_rep_cold = 2.0000000000 | Src: src/btc_mining_engine.c:492 engine_ptmc_swap()
[16495863142508] METRIC #273: btc_ptmc_accept = 1.0000000000 | Src: src/btc_mining_engine.c:492 engine_ptmc_swap()
[16495863618388] METRIC #274: btc_ptmc_rep_hot = 4.0000000000 | Src: src/btc_mining_engine.c:492 engine_ptmc_swap()
[16495864151128] METRIC #275: btc_ptmc_rep_cold = 3.0000000000 | Src: src/btc_mining_engine.c:492 engine_ptmc_swap()
[16495864630608] METRIC #276: btc_ptmc_accept = 1.0000000000 | Src: src/btc_mining_engine.c:492 engine_ptmc_swap()
[16495865130998] METRIC #277: btc_ptmc_rep_hot = 5.0000000000 | Src: src/btc_mining_engine.c:492 engine_ptmc_swap()
[16495865652648] METRIC #278: btc_ptmc_rep_cold = 4.0000000000 | Src: src/btc_mining_engine.c:492 engine_ptmc_swap()
[16495866417198] METRIC #279: btc_ptmc_accept = 1.0000000000 | Src: src/btc_mining_engine.c:492 engine_ptmc_swap()
[16495866899838] METRIC #280: btc_ptmc_rep_hot = 6.0000000000 | Src: src/btc_mining_engine.c:492 engine_ptmc_swap()
[16495867371708] METRIC #281: btc_ptmc_rep_cold = 5.0000000000 | Src: src/btc_mining_engine.c:492 engine_ptmc_swap()
[16495867780058] METRIC #282: btc_ptmc_accept = 1.0000000000 | Src: src/btc_mining_engine.c:492 engine_ptmc_swap()
[16495868315938] METRIC #283: btc_ptmc_rep_hot = 7.0000000000 | Src: src/btc_mining_engine.c:492 engine_ptmc_swap()
[16495868846718] METRIC #284: btc_ptmc_rep_cold = 6.0000000000 | Src: src/btc_mining_engine.c:492 engine_ptmc_swap()
[16495869455008] METRIC #285: btc_ptmc_accept = 1.0000000000 | Src: src/btc_mining_engine.c:492 engine_ptmc_swap()
[16495959054894] METRIC #286: btc_ptmc_rep_hot = 1.0000000000 | Src: src/btc_mining_engine.c:492 engine_ptmc_swap()
[16495959561464] METRIC #287: btc_ptmc_rep_cold = 0.0000000000 | Src: src/btc_mining_engine.c:492 engine_ptmc_swap()
[16495959990614] METRIC #288: btc_ptmc_accept = 1.0000000000 | Src: src/btc_mining_engine.c:492 engine_ptmc_swap()
[16495960524054] METRIC #289: btc_ptmc_rep_hot = 2.0000000000 | Src: src/btc_mining_engine.c:492 engine_ptmc_swap()
[16495961161194] METRIC #290: btc_ptmc_rep_cold = 1.0000000000 | Src: src/btc_mining_engine.c:492 engine_ptmc_swap()
[16495961639884] METRIC #291: btc_ptmc_accept = 1.0000000000 | Src: src/btc_mining_engine.c:492 engine_ptmc_swap()
[16495962280924] METRIC #292: btc_ptmc_rep_hot = 3.0000000000 | Src: src/btc_mining_engine.c:492 engine_ptmc_swap()
[16495962786694] METRIC #293: btc_ptmc_rep_cold = 2.0000000000 | Src: src/btc_mining_engine.c:492 engine_ptmc_swap()
[16495963314814] METRIC #294: btc_ptmc_accept = 1.0000000000 | Src: src/btc_mining_engine.c:492 engine_ptmc_swap()
[16495963762044] METRIC #295: btc_ptmc_rep_hot = 4.0000000000 | Src: src/btc_mining_engine.c:492 engine_ptmc_swap()
[16495964319714] METRIC #296: btc_ptmc_rep_cold = 3.0000000000 | Src: src/btc_mining_engine.c:492 engine_ptmc_swap()
[16495964811614] METRIC #297: btc_ptmc_accept = 1.0000000000 | Src: src/btc_mining_engine.c:492 engine_ptmc_swap()
[16495965332074] METRIC #298: btc_ptmc_rep_hot = 5.0000000000 | Src: src/btc_mining_engine.c:492 engine_ptmc_swap()
[16495965852234] METRIC #299: btc_ptmc_rep_cold = 4.0000000000 | Src: src/btc_mining_engine.c:492 engine_ptmc_swap()
[16495966655054] METRIC #300: btc_ptmc_accept = 1.0000000000 | Src: src/btc_mining_engine.c:492 engine_ptmc_swap()
[16495967319193] METRIC #301: btc_ptmc_rep_hot = 6.0000000000 | Src: src/btc_mining_engine.c:492 engine_ptmc_swap()
[16495967881863] METRIC #302: btc_ptmc_rep_cold = 5.0000000000 | Src: src/btc_mining_engine.c:492 engine_ptmc_swap()
[16495968452503] METRIC #303: btc_ptmc_accept = 1.0000000000 | Src: src/btc_mining_engine.c:492 engine_ptmc_swap()
[16495968913893] METRIC #304: btc_ptmc_rep_hot = 7.0000000000 | Src: src/btc_mining_engine.c:492 engine_ptmc_swap()
[16495969329593] METRIC #305: btc_ptmc_rep_cold = 6.0000000000 | Src: src/btc_mining_engine.c:492 engine_ptmc_swap()
[16495969815593] METRIC #306: btc_ptmc_accept = 1.0000000000 | Src: src/btc_mining_engine.c:492 engine_ptmc_swap()
[16496060352529] METRIC #307: btc_ptmc_rep_hot = 1.0000000000 | Src: src/btc_mining_engine.c:492 engine_ptmc_swap()
[16496060954559] METRIC #308: btc_ptmc_rep_cold = 0.0000000000 | Src: src/btc_mining_engine.c:492 engine_ptmc_swap()
[16496061479629] METRIC #309: btc_ptmc_accept = 0.2638537189 | Src: src/btc_mining_engine.c:492 engine_ptmc_swap()
[16496062146429] METRIC #310: btc_ptmc_rep_hot = 2.0000000000 | Src: src/btc_mining_engine.c:492 engine_ptmc_swap()
[16496062649599] METRIC #311: btc_ptmc_rep_cold = 1.0000000000 | Src: src/btc_mining_engine.c:492 engine_ptmc_swap()
[16496063156209] METRIC #312: btc_ptmc_accept = 1.0000000000 | Src: src/btc_mining_engine.c:492 engine_ptmc_swap()
[16496063664599] METRIC #313: btc_ptmc_rep_hot = 3.0000000000 | Src: src/btc_mining_engine.c:492 engine_ptmc_swap()
[16496064284189] METRIC #314: btc_ptmc_rep_cold = 2.0000000000 | Src: src/btc_mining_engine.c:492 engine_ptmc_swap()
[16496064834479] METRIC #315: btc_ptmc_accept = 1.0000000000 | Src: src/btc_mining_engine.c:492 engine_ptmc_swap()
[16496065342719] METRIC #316: btc_ptmc_rep_hot = 4.0000000000 | Src: src/btc_mining_engine.c:492 engine_ptmc_swap()
[16496065847389] METRIC #317: btc_ptmc_rep_cold = 3.0000000000 | Src: src/btc_mining_engine.c:492 engine_ptmc_swap()
[16496066523109] METRIC #318: btc_ptmc_accept = 1.0000000000 | Src: src/btc_mining_engine.c:492 engine_ptmc_swap()
[16496067101409] METRIC #319: btc_ptmc_rep_hot = 5.0000000000 | Src: src/btc_mining_engine.c:492 engine_ptmc_swap()
[16496067609059] METRIC #320: btc_ptmc_rep_cold = 4.0000000000 | Src: src/btc_mining_engine.c:492 engine_ptmc_swap()
[16496068168419] METRIC #321: btc_ptmc_accept = 1.0000000000 | Src: src/btc_mining_engine.c:492 engine_ptmc_swap()
[16496068678839] METRIC #322: btc_ptmc_rep_hot = 6.0000000000 | Src: src/btc_mining_engine.c:492 engine_ptmc_swap()
[16496069171569] METRIC #323: btc_ptmc_rep_cold = 5.0000000000 | Src: src/btc_mining_engine.c:492 engine_ptmc_swap()
[16496069726399] METRIC #324: btc_ptmc_accept = 1.0000000000 | Src: src/btc_mining_engine.c:492 engine_ptmc_swap()
[16496070313699] METRIC #325: btc_ptmc_rep_hot = 7.0000000000 | Src: src/btc_mining_engine.c:492 engine_ptmc_swap()
[16496070832049] METRIC #326: btc_ptmc_rep_cold = 6.0000000000 | Src: src/btc_mining_engine.c:492 engine_ptmc_swap()
[16496071379129] METRIC #327: btc_ptmc_accept = 1.0000000000 | Src: src/btc_mining_engine.c:492 engine_ptmc_swap()
[16496162282085] METRIC #328: btc_ptmc_rep_hot = 1.0000000000 | Src: src/btc_mining_engine.c:492 engine_ptmc_swap()
[16496162967525] METRIC #329: btc_ptmc_rep_cold = 0.0000000000 | Src: src/btc_mining_engine.c:492 engine_ptmc_swap()
[16496163559635] METRIC #330: btc_ptmc_accept = 1.0000000000 | Src: src/btc_mining_engine.c:492 engine_ptmc_swap()
[16496164127645] METRIC #331: btc_ptmc_rep_hot = 2.0000000000 | Src: src/btc_mining_engine.c:492 engine_ptmc_swap()
[16496164693435] METRIC #332: btc_ptmc_rep_cold = 1.0000000000 | Src: src/btc_mining_engine.c:492 engine_ptmc_swap()
[16496165426545] METRIC #333: btc_ptmc_accept = 0.5134727291 | Src: src/btc_mining_engine.c:492 engine_ptmc_swap()
[16496166106265] METRIC #334: btc_ptmc_rep_hot = 3.0000000000 | Src: src/btc_mining_engine.c:492 engine_ptmc_swap()
[16496166769705] METRIC #335: btc_ptmc_rep_cold = 2.0000000000 | Src: src/btc_mining_engine.c:492 engine_ptmc_swap()
[16496167285315] METRIC #336: btc_ptmc_accept = 0.7165507139 | Src: src/btc_mining_engine.c:492 engine_ptmc_swap()
[16496167726485] METRIC #337: btc_ptmc_rep_hot = 4.0000000000 | Src: src/btc_mining_engine.c:494 engine_ptmc_swap()
[16496168321175] METRIC #338: btc_ptmc_rep_cold = 3.0000000000 | Src: src/btc_mining_engine.c:494 engine_ptmc_swap()
[16496168845865] METRIC #339: btc_ptmc_accept = -0.8187387348 | Src: src/btc_mining_engine.c:494 engine_ptmc_swap()
[16496169361255] METRIC #340: btc_ptmc_rep_hot = 5.0000000000 | Src: src/btc_mining_engine.c:492 engine_ptmc_swap()
[16496169879905] METRIC #341: btc_ptmc_rep_cold = 4.0000000000 | Src: src/btc_mining_engine.c:492 engine_ptmc_swap()
[16496170397855] METRIC #342: btc_ptmc_accept = 1.0000000000 | Src: src/btc_mining_engine.c:492 engine_ptmc_swap()
[16496170882545] METRIC #343: btc_ptmc_rep_hot = 6.0000000000 | Src: src/btc_mining_engine.c:492 engine_ptmc_swap()
[16496171461815] METRIC #344: btc_ptmc_rep_cold = 5.0000000000 | Src: src/btc_mining_engine.c:492 engine_ptmc_swap()
[16496171905795] METRIC #345: btc_ptmc_accept = 1.0000000000 | Src: src/btc_mining_engine.c:492 engine_ptmc_swap()
[16496172787705] METRIC #346: btc_ptmc_rep_hot = 7.0000000000 | Src: src/btc_mining_engine.c:492 engine_ptmc_swap()
[16496173231994] METRIC #347: btc_ptmc_rep_cold = 6.0000000000 | Src: src/btc_mining_engine.c:492 engine_ptmc_swap()
[16496173677514] METRIC #348: btc_ptmc_accept = 1.0000000000 | Src: src/btc_mining_engine.c:492 engine_ptmc_swap()
[16496265738070] METRIC #349: btc_ptmc_rep_hot = 1.0000000000 | Src: src/btc_mining_engine.c:492 engine_ptmc_swap()
[16496266368480] METRIC #350: btc_ptmc_rep_cold = 0.0000000000 | Src: src/btc_mining_engine.c:492 engine_ptmc_swap()
[16496266863500] METRIC #351: btc_ptmc_accept = 1.0000000000 | Src: src/btc_mining_engine.c:492 engine_ptmc_swap()
[16496267446860] METRIC #352: btc_ptmc_rep_hot = 2.0000000000 | Src: src/btc_mining_engine.c:492 engine_ptmc_swap()
[16496267924860] METRIC #353: btc_ptmc_rep_cold = 1.0000000000 | Src: src/btc_mining_engine.c:492 engine_ptmc_swap()
[16496268438790] METRIC #354: btc_ptmc_accept = 1.0000000000 | Src: src/btc_mining_engine.c:492 engine_ptmc_swap()
[16496269076990] METRIC #355: btc_ptmc_rep_hot = 3.0000000000 | Src: src/btc_mining_engine.c:492 engine_ptmc_swap()
[16496269615940] METRIC #356: btc_ptmc_rep_cold = 2.0000000000 | Src: src/btc_mining_engine.c:492 engine_ptmc_swap()
[16496270190450] METRIC #357: btc_ptmc_accept = 1.0000000000 | Src: src/btc_mining_engine.c:492 engine_ptmc_swap()
[16496270733320] METRIC #358: btc_ptmc_rep_hot = 4.0000000000 | Src: src/btc_mining_engine.c:492 engine_ptmc_swap()
[16496271273840] METRIC #359: btc_ptmc_rep_cold = 3.0000000000 | Src: src/btc_mining_engine.c:492 engine_ptmc_swap()
[16496271759000] METRIC #360: btc_ptmc_accept = 1.0000000000 | Src: src/btc_mining_engine.c:492 engine_ptmc_swap()
[16496272318630] METRIC #361: btc_ptmc_rep_hot = 5.0000000000 | Src: src/btc_mining_engine.c:492 engine_ptmc_swap()
[16496272810020] METRIC #362: btc_ptmc_rep_cold = 4.0000000000 | Src: src/btc_mining_engine.c:492 engine_ptmc_swap()
[16496273353190] METRIC #363: btc_ptmc_accept = 1.0000000000 | Src: src/btc_mining_engine.c:492 engine_ptmc_swap()
[16496273831520] METRIC #364: btc_ptmc_rep_hot = 6.0000000000 | Src: src/btc_mining_engine.c:492 engine_ptmc_swap()
[16496274437720] METRIC #365: btc_ptmc_rep_cold = 5.0000000000 | Src: src/btc_mining_engine.c:492 engine_ptmc_swap()
[16496274965500] METRIC #366: btc_ptmc_accept = 1.0000000000 | Src: src/btc_mining_engine.c:492 engine_ptmc_swap()
[16496275443740] METRIC #367: btc_ptmc_rep_hot = 7.0000000000 | Src: src/btc_mining_engine.c:492 engine_ptmc_swap()
[16496275999940] METRIC #368: btc_ptmc_rep_cold = 6.0000000000 | Src: src/btc_mining_engine.c:492 engine_ptmc_swap()
[16496276575550] METRIC #369: btc_ptmc_accept = 1.0000000000 | Src: src/btc_mining_engine.c:492 engine_ptmc_swap()
[16496366081836] METRIC #370: btc_ptmc_rep_hot = 1.0000000000 | Src: src/btc_mining_engine.c:492 engine_ptmc_swap()
[16496366628616] METRIC #371: btc_ptmc_rep_cold = 0.0000000000 | Src: src/btc_mining_engine.c:492 engine_ptmc_swap()
[16496367122486] METRIC #372: btc_ptmc_accept = 1.0000000000 | Src: src/btc_mining_engine.c:492 engine_ptmc_swap()
[16496367669516] METRIC #373: btc_ptmc_rep_hot = 2.0000000000 | Src: src/btc_mining_engine.c:492 engine_ptmc_swap()
[16496368190346] METRIC #374: btc_ptmc_rep_cold = 1.0000000000 | Src: src/btc_mining_engine.c:492 engine_ptmc_swap()
[16496368721786] METRIC #375: btc_ptmc_accept = 1.0000000000 | Src: src/btc_mining_engine.c:492 engine_ptmc_swap()
[16496369385646] METRIC #376: btc_ptmc_rep_hot = 3.0000000000 | Src: src/btc_mining_engine.c:492 engine_ptmc_swap()
[16496369921936] METRIC #377: btc_ptmc_rep_cold = 2.0000000000 | Src: src/btc_mining_engine.c:492 engine_ptmc_swap()
[16496370555206] METRIC #378: btc_ptmc_accept = 1.0000000000 | Src: src/btc_mining_engine.c:492 engine_ptmc_swap()
[16496371224656] METRIC #379: btc_ptmc_rep_hot = 4.0000000000 | Src: src/btc_mining_engine.c:492 engine_ptmc_swap()
[16496371730296] METRIC #380: btc_ptmc_rep_cold = 3.0000000000 | Src: src/btc_mining_engine.c:492 engine_ptmc_swap()
[16496372292796] METRIC #381: btc_ptmc_accept = 1.0000000000 | Src: src/btc_mining_engine.c:492 engine_ptmc_swap()
[16496372795486] METRIC #382: btc_ptmc_rep_hot = 5.0000000000 | Src: src/btc_mining_engine.c:492 engine_ptmc_swap()
[16496373372186] METRIC #383: btc_ptmc_rep_cold = 4.0000000000 | Src: src/btc_mining_engine.c:492 engine_ptmc_swap()
[16496374011106] METRIC #384: btc_ptmc_accept = 1.0000000000 | Src: src/btc_mining_engine.c:492 engine_ptmc_swap()
[16496374587416] METRIC #385: btc_ptmc_rep_hot = 6.0000000000 | Src: src/btc_mining_engine.c:492 engine_ptmc_swap()
[16496375118346] METRIC #386: btc_ptmc_rep_cold = 5.0000000000 | Src: src/btc_mining_engine.c:492 engine_ptmc_swap()
[16496375596836] METRIC #387: btc_ptmc_accept = 1.0000000000 | Src: src/btc_mining_engine.c:492 engine_ptmc_swap()
[16496376120305] METRIC #388: btc_ptmc_rep_hot = 7.0000000000 | Src: src/btc_mining_engine.c:492 engine_ptmc_swap()
[16496376622805] METRIC #389: btc_ptmc_rep_cold = 6.0000000000 | Src: src/btc_mining_engine.c:492 engine_ptmc_swap()
[16496377191305] METRIC #390: btc_ptmc_accept = 1.0000000000 | Src: src/btc_mining_engine.c:492 engine_ptmc_swap()
[16496466891521] METRIC #391: btc_ptmc_rep_hot = 1.0000000000 | Src: src/btc_mining_engine.c:492 engine_ptmc_swap()
[16496467372451] METRIC #392: btc_ptmc_rep_cold = 0.0000000000 | Src: src/btc_mining_engine.c:492 engine_ptmc_swap()
[16496467900061] METRIC #393: btc_ptmc_accept = 1.0000000000 | Src: src/btc_mining_engine.c:492 engine_ptmc_swap()
[16496468497621] METRIC #394: btc_ptmc_rep_hot = 2.0000000000 | Src: src/btc_mining_engine.c:492 engine_ptmc_swap()
[16496468935591] METRIC #395: btc_ptmc_rep_cold = 1.0000000000 | Src: src/btc_mining_engine.c:492 engine_ptmc_swap()
[16496469738701] METRIC #396: btc_ptmc_accept = 1.0000000000 | Src: src/btc_mining_engine.c:492 engine_ptmc_swap()
[16496470383551] METRIC #397: btc_ptmc_rep_hot = 3.0000000000 | Src: src/btc_mining_engine.c:492 engine_ptmc_swap()
[16496470894301] METRIC #398: btc_ptmc_rep_cold = 2.0000000000 | Src: src/btc_mining_engine.c:492 engine_ptmc_swap()
[16496471387991] METRIC #399: btc_ptmc_accept = 1.0000000000 | Src: src/btc_mining_engine.c:492 engine_ptmc_swap()
[16496471872321] METRIC #400: btc_ptmc_rep_hot = 4.0000000000 | Src: src/btc_mining_engine.c:492 engine_ptmc_swap()
[16496472471011] METRIC #401: btc_ptmc_rep_cold = 3.0000000000 | Src: src/btc_mining_engine.c:492 engine_ptmc_swap()
[16496472966421] METRIC #402: btc_ptmc_accept = 1.0000000000 | Src: src/btc_mining_engine.c:492 engine_ptmc_swap()
[16496473467521] METRIC #403: btc_ptmc_rep_hot = 5.0000000000 | Src: src/btc_mining_engine.c:492 engine_ptmc_swap()
[16496473955741] METRIC #404: btc_ptmc_rep_cold = 4.0000000000 | Src: src/btc_mining_engine.c:492 engine_ptmc_swap()
[16496474519351] METRIC #405: btc_ptmc_accept = 1.0000000000 | Src: src/btc_mining_engine.c:492 engine_ptmc_swap()
[16496475078741] METRIC #406: btc_ptmc_rep_hot = 6.0000000000 | Src: src/btc_mining_engine.c:492 engine_ptmc_swap()
[16496475695801] METRIC #407: btc_ptmc_rep_cold = 5.0000000000 | Src: src/btc_mining_engine.c:492 engine_ptmc_swap()
[16496476307211] METRIC #408: btc_ptmc_accept = 1.0000000000 | Src: src/btc_mining_engine.c:492 engine_ptmc_swap()
[16496476787251] METRIC #409: btc_ptmc_rep_hot = 7.0000000000 | Src: src/btc_mining_engine.c:492 engine_ptmc_swap()
[16496477300221] METRIC #410: btc_ptmc_rep_cold = 6.0000000000 | Src: src/btc_mining_engine.c:492 engine_ptmc_swap()
[16496477824991] METRIC #411: btc_ptmc_accept = 1.0000000000 | Src: src/btc_mining_engine.c:492 engine_ptmc_swap()
[16496567544437] METRIC #412: btc_ptmc_rep_hot = 1.0000000000 | Src: src/btc_mining_engine.c:494 engine_ptmc_swap()
[16496568231147] METRIC #413: btc_ptmc_rep_cold = 0.0000000000 | Src: src/btc_mining_engine.c:494 engine_ptmc_swap()
[16496568775647] METRIC #414: btc_ptmc_accept = -0.2636887251 | Src: src/btc_mining_engine.c:494 engine_ptmc_swap()
[16496569360167] METRIC #415: btc_ptmc_rep_hot = 2.0000000000 | Src: src/btc_mining_engine.c:492 engine_ptmc_swap()
[16496569867077] METRIC #416: btc_ptmc_rep_cold = 1.0000000000 | Src: src/btc_mining_engine.c:492 engine_ptmc_swap()
[16496570444717] METRIC #417: btc_ptmc_accept = 0.7164924961 | Src: src/btc_mining_engine.c:492 engine_ptmc_swap()
[16496571094747] METRIC #418: btc_ptmc_rep_hot = 3.0000000000 | Src: src/btc_mining_engine.c:492 engine_ptmc_swap()
[16496571613377] METRIC #419: btc_ptmc_rep_cold = 2.0000000000 | Src: src/btc_mining_engine.c:492 engine_ptmc_swap()
[16496572249487] METRIC #420: btc_ptmc_accept = 0.8464702621 | Src: src/btc_mining_engine.c:492 engine_ptmc_swap()
[16496572803237] METRIC #421: btc_ptmc_rep_hot = 4.0000000000 | Src: src/btc_mining_engine.c:492 engine_ptmc_swap()
[16496573360147] METRIC #422: btc_ptmc_rep_cold = 3.0000000000 | Src: src/btc_mining_engine.c:492 engine_ptmc_swap()
[16496573900887] METRIC #423: btc_ptmc_accept = 0.9048330071 | Src: src/btc_mining_engine.c:492 engine_ptmc_swap()
[16496574593827] METRIC #424: btc_ptmc_rep_hot = 5.0000000000 | Src: src/btc_mining_engine.c:492 engine_ptmc_swap()
[16496575149917] METRIC #425: btc_ptmc_rep_cold = 4.0000000000 | Src: src/btc_mining_engine.c:492 engine_ptmc_swap()
[16496575714807] METRIC #426: btc_ptmc_accept = 0.9394112740 | Src: src/btc_mining_engine.c:492 engine_ptmc_swap()
[16496576329017] METRIC #427: btc_ptmc_rep_hot = 6.0000000000 | Src: src/btc_mining_engine.c:492 engine_ptmc_swap()
[16496576864267] METRIC #428: btc_ptmc_rep_cold = 5.0000000000 | Src: src/btc_mining_engine.c:492 engine_ptmc_swap()
[16496577374977] METRIC #429: btc_ptmc_accept = 0.9642889574 | Src: src/btc_mining_engine.c:492 engine_ptmc_swap()
[16496577904947] METRIC #430: btc_ptmc_rep_hot = 7.0000000000 | Src: src/btc_mining_engine.c:492 engine_ptmc_swap()
[16496578508297] METRIC #431: btc_ptmc_rep_cold = 6.0000000000 | Src: src/btc_mining_engine.c:492 engine_ptmc_swap()
[16496579114846] METRIC #432: btc_ptmc_accept = 0.9767447714 | Src: src/btc_mining_engine.c:492 engine_ptmc_swap()
[16496670593692] METRIC #433: btc_ptmc_rep_hot = 1.0000000000 | Src: src/btc_mining_engine.c:492 engine_ptmc_swap()
[16496671126822] METRIC #434: btc_ptmc_rep_cold = 0.0000000000 | Src: src/btc_mining_engine.c:492 engine_ptmc_swap()
[16496671571572] METRIC #435: btc_ptmc_accept = 1.0000000000 | Src: src/btc_mining_engine.c:492 engine_ptmc_swap()
[16496672173752] METRIC #436: btc_ptmc_rep_hot = 2.0000000000 | Src: src/btc_mining_engine.c:492 engine_ptmc_swap()
[16496672693942] METRIC #437: btc_ptmc_rep_cold = 1.0000000000 | Src: src/btc_mining_engine.c:492 engine_ptmc_swap()
[16496673295522] METRIC #438: btc_ptmc_accept = 0.7165140378 | Src: src/btc_mining_engine.c:492 engine_ptmc_swap()
[16496673867352] METRIC #439: btc_ptmc_rep_hot = 3.0000000000 | Src: src/btc_mining_engine.c:492 engine_ptmc_swap()
[16496674348442] METRIC #440: btc_ptmc_rep_cold = 2.0000000000 | Src: src/btc_mining_engine.c:492 engine_ptmc_swap()
[16496674825392] METRIC #441: btc_ptmc_accept = 0.8464766237 | Src: src/btc_mining_engine.c:492 engine_ptmc_swap()
[16496675436082] METRIC #442: btc_ptmc_rep_hot = 4.0000000000 | Src: src/btc_mining_engine.c:494 engine_ptmc_swap()
[16496675949202] METRIC #443: btc_ptmc_rep_cold = 3.0000000000 | Src: src/btc_mining_engine.c:494 engine_ptmc_swap()
[16496676480992] METRIC #444: btc_ptmc_accept = -0.9048354550 | Src: src/btc_mining_engine.c:494 engine_ptmc_swap()
[16496677137322] METRIC #445: btc_ptmc_rep_hot = 5.0000000000 | Src: src/btc_mining_engine.c:492 engine_ptmc_swap()
[16496677654862] METRIC #446: btc_ptmc_rep_cold = 4.0000000000 | Src: src/btc_mining_engine.c:492 engine_ptmc_swap()
[16496678444832] METRIC #447: btc_ptmc_accept = 1.0000000000 | Src: src/btc_mining_engine.c:492 engine_ptmc_swap()
[16496678947812] METRIC #448: btc_ptmc_rep_hot = 6.0000000000 | Src: src/btc_mining_engine.c:492 engine_ptmc_swap()
[16496679547462] METRIC #449: btc_ptmc_rep_cold = 5.0000000000 | Src: src/btc_mining_engine.c:492 engine_ptmc_swap()
[16496680066542] METRIC #450: btc_ptmc_accept = 1.0000000000 | Src: src/btc_mining_engine.c:492 engine_ptmc_swap()
[16496680552742] METRIC #451: btc_ptmc_rep_hot = 7.0000000000 | Src: src/btc_mining_engine.c:492 engine_ptmc_swap()
[16496681427502] METRIC #452: btc_ptmc_rep_cold = 6.0000000000 | Src: src/btc_mining_engine.c:492 engine_ptmc_swap()
[16496682188792] METRIC #453: btc_ptmc_accept = 1.0000000000 | Src: src/btc_mining_engine.c:492 engine_ptmc_swap()
[16496771494458] METRIC #454: btc_ptmc_rep_hot = 1.0000000000 | Src: src/btc_mining_engine.c:492 engine_ptmc_swap()
[16496772101888] METRIC #455: btc_ptmc_rep_cold = 0.0000000000 | Src: src/btc_mining_engine.c:492 engine_ptmc_swap()
[16496772613738] METRIC #456: btc_ptmc_accept = 1.0000000000 | Src: src/btc_mining_engine.c:492 engine_ptmc_swap()
[16496773176598] METRIC #457: btc_ptmc_rep_hot = 2.0000000000 | Src: src/btc_mining_engine.c:492 engine_ptmc_swap()
[16496773611778] METRIC #458: btc_ptmc_rep_cold = 1.0000000000 | Src: src/btc_mining_engine.c:492 engine_ptmc_swap()
[16496774220128] METRIC #459: btc_ptmc_accept = 1.0000000000 | Src: src/btc_mining_engine.c:492 engine_ptmc_swap()
[16496774811738] METRIC #460: btc_ptmc_rep_hot = 3.0000000000 | Src: src/btc_mining_engine.c:492 engine_ptmc_swap()
[16496775421028] METRIC #461: btc_ptmc_rep_cold = 2.0000000000 | Src: src/btc_mining_engine.c:492 engine_ptmc_swap()
[16496775901588] METRIC #462: btc_ptmc_accept = 1.0000000000 | Src: src/btc_mining_engine.c:492 engine_ptmc_swap()
[16496776428918] METRIC #463: btc_ptmc_rep_hot = 4.0000000000 | Src: src/btc_mining_engine.c:492 engine_ptmc_swap()
[16496776932868] METRIC #464: btc_ptmc_rep_cold = 3.0000000000 | Src: src/btc_mining_engine.c:492 engine_ptmc_swap()
[16496777425378] METRIC #465: btc_ptmc_accept = 1.0000000000 | Src: src/btc_mining_engine.c:492 engine_ptmc_swap()
[16496777908648] METRIC #466: btc_ptmc_rep_hot = 5.0000000000 | Src: src/btc_mining_engine.c:492 engine_ptmc_swap()
[16496778685648] METRIC #467: btc_ptmc_rep_cold = 4.0000000000 | Src: src/btc_mining_engine.c:492 engine_ptmc_swap()
[16496779324858] METRIC #468: btc_ptmc_accept = 1.0000000000 | Src: src/btc_mining_engine.c:492 engine_ptmc_swap()
[16496779763978] METRIC #469: btc_ptmc_rep_hot = 6.0000000000 | Src: src/btc_mining_engine.c:492 engine_ptmc_swap()
[16496780433268] METRIC #470: btc_ptmc_rep_cold = 5.0000000000 | Src: src/btc_mining_engine.c:492 engine_ptmc_swap()
[16496780892508] METRIC #471: btc_ptmc_accept = 1.0000000000 | Src: src/btc_mining_engine.c:492 engine_ptmc_swap()
[16496781390778] METRIC #472: btc_ptmc_rep_hot = 7.0000000000 | Src: src/btc_mining_engine.c:492 engine_ptmc_swap()
[16496781854508] METRIC #473: btc_ptmc_rep_cold = 6.0000000000 | Src: src/btc_mining_engine.c:492 engine_ptmc_swap()
[16496782301988] METRIC #474: btc_ptmc_accept = 1.0000000000 | Src: src/btc_mining_engine.c:492 engine_ptmc_swap()
[16496872276574] METRIC #475: btc_ptmc_rep_hot = 1.0000000000 | Src: src/btc_mining_engine.c:492 engine_ptmc_swap()
[16496872824454] METRIC #476: btc_ptmc_rep_cold = 0.0000000000 | Src: src/btc_mining_engine.c:492 engine_ptmc_swap()
[16496873336594] METRIC #477: btc_ptmc_accept = 1.0000000000 | Src: src/btc_mining_engine.c:492 engine_ptmc_swap()
[16496873846784] METRIC #478: btc_ptmc_rep_hot = 2.0000000000 | Src: src/btc_mining_engine.c:492 engine_ptmc_swap()
[16496874278184] METRIC #479: btc_ptmc_rep_cold = 1.0000000000 | Src: src/btc_mining_engine.c:492 engine_ptmc_swap()
[16496874679294] METRIC #480: btc_ptmc_accept = 1.0000000000 | Src: src/btc_mining_engine.c:492 engine_ptmc_swap()
[16496875186473] METRIC #481: btc_ptmc_rep_hot = 3.0000000000 | Src: src/btc_mining_engine.c:492 engine_ptmc_swap()
[16496875725773] METRIC #482: btc_ptmc_rep_cold = 2.0000000000 | Src: src/btc_mining_engine.c:492 engine_ptmc_swap()
[16496876361163] METRIC #483: btc_ptmc_accept = 1.0000000000 | Src: src/btc_mining_engine.c:492 engine_ptmc_swap()
[16496876864633] METRIC #484: btc_ptmc_rep_hot = 4.0000000000 | Src: src/btc_mining_engine.c:492 engine_ptmc_swap()
[16496877389663] METRIC #485: btc_ptmc_rep_cold = 3.0000000000 | Src: src/btc_mining_engine.c:492 engine_ptmc_swap()
[16496877910933] METRIC #486: btc_ptmc_accept = 1.0000000000 | Src: src/btc_mining_engine.c:492 engine_ptmc_swap()
[16496878426983] METRIC #487: btc_ptmc_rep_hot = 5.0000000000 | Src: src/btc_mining_engine.c:492 engine_ptmc_swap()
[16496879021243] METRIC #488: btc_ptmc_rep_cold = 4.0000000000 | Src: src/btc_mining_engine.c:492 engine_ptmc_swap()
[16496879522843] METRIC #489: btc_ptmc_accept = 1.0000000000 | Src: src/btc_mining_engine.c:492 engine_ptmc_swap()
[16496880110953] METRIC #490: btc_ptmc_rep_hot = 6.0000000000 | Src: src/btc_mining_engine.c:492 engine_ptmc_swap()
[16496880610943] METRIC #491: btc_ptmc_rep_cold = 5.0000000000 | Src: src/btc_mining_engine.c:492 engine_ptmc_swap()
[16496881191643] METRIC #492: btc_ptmc_accept = 1.0000000000 | Src: src/btc_mining_engine.c:492 engine_ptmc_swap()
[16496881686983] METRIC #493: btc_ptmc_rep_hot = 7.0000000000 | Src: src/btc_mining_engine.c:492 engine_ptmc_swap()
[16496882233373] METRIC #494: btc_ptmc_rep_cold = 6.0000000000 | Src: src/btc_mining_engine.c:492 engine_ptmc_swap()
[16496882750363] METRIC #495: btc_ptmc_accept = 1.0000000000 | Src: src/btc_mining_engine.c:492 engine_ptmc_swap()
[16496922949111] METRIC #496: btc_nonces_total = 671232.0000000000 | Src: src/btc_mining_engine.c:903 btc_engine_run()
[16496923516461] METRIC #497: btc_elapsed_s = 2.0022047110 | Src: src/btc_mining_engine.c:904 btc_engine_run()
[16496924053721] METRIC #498: btc_hashrate_mhs_final = 0.3352464392 | Src: src/btc_mining_engine.c:905 btc_engine_run()
[16496924540541] METRIC #499: btc_best_leading_zeros = 19.0000000000 | Src: src/btc_mining_engine.c:906 btc_engine_run()
[16496925105111] METRIC #500: btc_best_nonce_final = 386157943.0000000000 | Src: src/btc_mining_engine.c:907 btc_engine_run()
[16496925625711] METRIC #501: btc_block_valid = 0.0000000000 | Src: src/btc_mining_engine.c:908 btc_engine_run()
[16496926030811] METRIC #502: btc_hashrate_gate_pass = 1.0000000000 | Src: src/btc_mining_engine.c:915 btc_engine_run()
[16496926411021] METRIC #503: btc_memory_gate_pass = 1.0000000000 | Src: src/btc_mining_engine.c:918 btc_engine_run()
[16496926934231] TEST_END: btc_engine_run | SUCCÈS | Durée: 2006189761 ns (2006.190 ms) | Src: src/btc_mining_engine.c:929 btc_engine_run()
[16496927472001] METRIC #504: btc_nx48_csv_saved = 1.0000000000 | Src: src/nx48_btc_controller.c:479 nx48_btc_save_csv()
[16499921534320] METRIC #505: btc_ram_available_mb_end = 22576.0000000000 | Src: src/btc_mining_engine.c:943 btc_engine_run()
[16499922379020] METRIC #506: btc_nx48_csv_saved = 1.0000000000 | Src: src/nx48_btc_controller.c:479 nx48_btc_save_csv()
[16499922773470] METRIC #507: btc_memory_gate_pass = 1.0000000000 | Src: src/main_btc_mining.c:355 main()
[16499923255310] TEST_END: main_btc_mining | SUCCÈS | Durée: 5002510840 ns (5002.511 ms) | Src: src/main_btc_mining.c:356 main()
[16499923392690] METRIC #508: btc_wallet_destroyed = 1.0000000000 | Src: src/btc_wallet.c:423 btc_wallet_destroy()
