=== LOG FORENSIQUE ULTRA-STRICT v3.0 MODULE btc_qm_engine ===
Timestamp: 41023739379943 ns | PID: 1316 | Thread: 140263718857984
Standards: ISO/IEC 27037, NIST SP 800-86, IEEE 1012
=====================================================
[41023739629993] TEST_START: main_btc_mining | Source: src/main_btc_mining.c:208 in main()
[41023739753013] METRIC #1: btc_run_mode_hash = 66.0000000000 | Src: src/main_btc_mining.c:209 main()
[41023740164053] METRIC #2: btc_module_version = 17.0000000000 | Src: src/main_btc_mining.c:211 main()
[41023740722893] METRIC #3: btc_nx48_csv_loaded_c43_dual = 1.0000000000 | Src: src/nx48_btc_controller.c:538 nx48_btc_load_csv()
[41023741070253] METRIC #4: btc_nx48_csv_loaded = 1.0000000000 | Src: src/nx48_btc_controller.c:540 nx48_btc_load_csv()
[41023741356923] METRIC #5: btc_nx48_best_leading_loaded = 28.0000000000 | Src: src/nx48_btc_controller.c:541 nx48_btc_load_csv()
[41023741855903] METRIC #6: btc_nx48_init_loaded = 1.0000000000 | Src: src/nx48_btc_controller.c:163 nx48_btc_init()
[41023742202723] METRIC #7: btc_nx48_delta_nonce_scale = 49.7927220000 | Src: src/nx48_btc_controller.c:164 nx48_btc_init()
[41023742558993] METRIC #8: btc_nx48_n_replicas_scale = 1.0000000000 | Src: src/nx48_btc_controller.c:165 nx48_btc_init()
[41023742938033] METRIC #9: btc_nx48_swap_temp_scale = 1.0000000000 | Src: src/nx48_btc_controller.c:166 nx48_btc_init()
[41023743329153] METRIC #10: btc_nx48_batch_size_scale = 4.0000000000 | Src: src/nx48_btc_controller.c:167 nx48_btc_init()
[41023743671163] METRIC #11: btc_nx48_exploration_bias = 0.8930620000 | Src: src/nx48_btc_controller.c:168 nx48_btc_init()
[41023743991223] METRIC #12: btc_nx48_neuron_count = 2.0000000000 | Src: src/nx48_btc_controller.c:169 nx48_btc_init()
[41023744489393] METRIC #13: btc_sha256_self_test_pass = 1.0000000000 | Src: src/sha256_lumvorax.c:396 lv_sha256_self_test()
[41023744874273] METRIC #14: btc_wallet_create_start = 1.0000000000 | Src: src/btc_wallet.c:296 btc_wallet_create()
[41023749172823] METRIC #15: btc_wallet_created = 1.0000000000 | Src: src/btc_wallet.c:343 btc_wallet_create()
[41023749533423] METRIC #16: btc_wallet_create_ns = 4298470.0000000000 | Src: src/btc_wallet.c:344 btc_wallet_create()
[41023749882473] METRIC #17: btc_wallet_network = 1.0000000000 | Src: src/btc_wallet.c:345 btc_wallet_create()
[41023750712513] METRIC #18: btc_wallet_saved_json = 1.0000000000 | Src: src/btc_wallet.c:507 btc_wallet_save_json()
[41023751113363] METRIC #19: btc_sha256_self_test_pass = 1.0000000000 | Src: src/sha256_lumvorax.c:396 lv_sha256_self_test()
[41023751432743] METRIC #20: btc_integrity_gate_pass = 1.0000000000 | Src: src/btc_mining_engine.c:828 btc_engine_run()
[41023752508213] METRIC #21: btc_ram_available_mb_start = 19624.0000000000 | Src: src/btc_mining_engine.c:868 btc_engine_run()
[41023752933153] TEST_START: btc_engine_create | Source: src/btc_mining_engine.c:433 in engine_create()
[41023753112973] METRIC #22: btc_n_replicas = 8.0000000000 | Src: src/btc_mining_engine.c:434 engine_create()
[41023753528473] METRIC #23: btc_n_threads = 1.0000000000 | Src: src/btc_mining_engine.c:435 engine_create()
[41023753941373] METRIC #24: btc_batch_size = 512.0000000000 | Src: src/btc_mining_engine.c:436 engine_create()
[41023754321933] METRIC #25: btc_nonce_start = 0.0000000000 | Src: src/btc_mining_engine.c:437 engine_create()
[41023754661493] METRIC #26: btc_nonce_end = 4294967295.0000000000 | Src: src/btc_mining_engine.c:438 engine_create()
[41023755079083] METRIC #27: btc_duration_s = 1.0000000000 | Src: src/btc_mining_engine.c:439 engine_create()
[41023755471333] METRIC #28: btc_replica_idx = 0.0000000000 | Src: src/btc_mining_engine.c:442 engine_create()
[41023755874063] METRIC #29: btc_replica_nonce = 0.0000000000 | Src: src/btc_mining_engine.c:442 engine_create()
[41023756274853] METRIC #30: btc_replica_temp = 1.0000000000 | Src: src/btc_mining_engine.c:442 engine_create()
[41023756704633] METRIC #31: btc_replica_leading = 0.0000000000 | Src: src/btc_mining_engine.c:442 engine_create()
[41023757051833] METRIC #32: btc_replica_idx = 1.0000000000 | Src: src/btc_mining_engine.c:442 engine_create()
[41023757444093] METRIC #33: btc_replica_nonce = 536870911.0000000000 | Src: src/btc_mining_engine.c:442 engine_create()
[41023757870733] METRIC #34: btc_replica_temp = 2.0000000000 | Src: src/btc_mining_engine.c:442 engine_create()
[41023758324213] METRIC #35: btc_replica_leading = 0.0000000000 | Src: src/btc_mining_engine.c:442 engine_create()
[41023758697123] METRIC #36: btc_replica_idx = 2.0000000000 | Src: src/btc_mining_engine.c:442 engine_create()
[41023759043093] METRIC #37: btc_replica_nonce = 1073741822.0000000000 | Src: src/btc_mining_engine.c:442 engine_create()
[41023759344153] METRIC #38: btc_replica_temp = 4.0000000000 | Src: src/btc_mining_engine.c:442 engine_create()
[41023759644213] METRIC #39: btc_replica_leading = 0.0000000000 | Src: src/btc_mining_engine.c:442 engine_create()
[41023759976043] METRIC #40: btc_replica_idx = 3.0000000000 | Src: src/btc_mining_engine.c:442 engine_create()
[41023760440323] METRIC #41: btc_replica_nonce = 1610612733.0000000000 | Src: src/btc_mining_engine.c:442 engine_create()
[41023760894663] METRIC #42: btc_replica_temp = 8.0000000000 | Src: src/btc_mining_engine.c:442 engine_create()
[41023761394283] METRIC #43: btc_replica_leading = 0.0000000000 | Src: src/btc_mining_engine.c:442 engine_create()
[41023761887973] METRIC #44: btc_replica_idx = 4.0000000000 | Src: src/btc_mining_engine.c:442 engine_create()
[41023762203593] METRIC #45: btc_replica_nonce = 2147483644.0000000000 | Src: src/btc_mining_engine.c:442 engine_create()
[41023762521183] METRIC #46: btc_replica_temp = 12.0000000000 | Src: src/btc_mining_engine.c:442 engine_create()
[41023762821563] METRIC #47: btc_replica_leading = 0.0000000000 | Src: src/btc_mining_engine.c:442 engine_create()
[41023763263623] METRIC #48: btc_replica_idx = 5.0000000000 | Src: src/btc_mining_engine.c:442 engine_create()
[41023763600923] METRIC #49: btc_replica_nonce = 2684354555.0000000000 | Src: src/btc_mining_engine.c:442 engine_create()
[41023763914893] METRIC #50: btc_replica_temp = 20.0000000000 | Src: src/btc_mining_engine.c:442 engine_create()
[41023764259183] METRIC #51: btc_replica_leading = 0.0000000000 | Src: src/btc_mining_engine.c:442 engine_create()
[41023764603763] METRIC #52: btc_replica_idx = 6.0000000000 | Src: src/btc_mining_engine.c:442 engine_create()
[41023764947063] METRIC #53: btc_replica_nonce = 3221225466.0000000000 | Src: src/btc_mining_engine.c:442 engine_create()
[41023765367633] METRIC #54: btc_replica_temp = 35.0000000000 | Src: src/btc_mining_engine.c:442 engine_create()
[41023765693073] METRIC #55: btc_replica_leading = 0.0000000000 | Src: src/btc_mining_engine.c:442 engine_create()
[41023765997973] METRIC #56: btc_replica_idx = 7.0000000000 | Src: src/btc_mining_engine.c:442 engine_create()
[41023766293153] METRIC #57: btc_replica_nonce = 3758096377.0000000000 | Src: src/btc_mining_engine.c:442 engine_create()
[41023766595573] METRIC #58: btc_replica_temp = 50.0000000000 | Src: src/btc_mining_engine.c:442 engine_create()
[41023766894363] METRIC #59: btc_replica_leading = 0.0000000000 | Src: src/btc_mining_engine.c:442 engine_create()
[41023767215273] METRIC #60: btc_midstate_applied = 1.0000000000 | Src: src/btc_mining_engine.c:883 btc_engine_run()
[41023767835313] METRIC #61: btc_threads_launched = 1.0000000000 | Src: src/btc_mining_engine.c:902 btc_engine_run()
[41023768349163] METRIC #62: btc_block_nonce = 4072586440.0000000000 | Src: src/btc_mining_engine.c:689 btc_mining_thread()
[41023768806303] METRIC #63: btc_best_leading_zeros = 3.0000000000 | Src: src/btc_mining_engine.c:689 btc_mining_thread()
[41023769127793] METRIC #64: btc_block_valid = 0.0000000000 | Src: src/btc_mining_engine.c:689 btc_mining_thread()
[41023769739103] METRIC #65: btc_best_leading_zeros = 3.0000000000 | Src: src/btc_mining_engine.c:690 btc_mining_thread()
[41023770319813] METRIC #66: btc_nx48_csv_saved = 1.0000000000 | Src: src/nx48_btc_controller.c:484 nx48_btc_save_csv()
[41023770703783] METRIC #67: btc_block_nonce = 3761224883.0000000000 | Src: src/btc_mining_engine.c:689 btc_mining_thread()
[41023771039033] METRIC #68: btc_best_leading_zeros = 4.0000000000 | Src: src/btc_mining_engine.c:689 btc_mining_thread()
[41023771360513] METRIC #69: btc_block_valid = 0.0000000000 | Src: src/btc_mining_engine.c:689 btc_mining_thread()
[41023772100573] METRIC #70: btc_best_leading_zeros = 4.0000000000 | Src: src/btc_mining_engine.c:690 btc_mining_thread()
[41023772787533] METRIC #71: btc_nx48_csv_saved = 1.0000000000 | Src: src/nx48_btc_controller.c:484 nx48_btc_save_csv()
[41023773600773] METRIC #72: btc_block_nonce = 3762028007.0000000000 | Src: src/btc_mining_engine.c:689 btc_mining_thread()
[41023773909783] METRIC #73: btc_best_leading_zeros = 9.0000000000 | Src: src/btc_mining_engine.c:689 btc_mining_thread()
[41023774276613] METRIC #74: btc_block_valid = 0.0000000000 | Src: src/btc_mining_engine.c:689 btc_mining_thread()
[41023774847773] METRIC #75: btc_best_leading_zeros = 9.0000000000 | Src: src/btc_mining_engine.c:690 btc_mining_thread()
[41023775416703] METRIC #76: btc_nx48_csv_saved = 1.0000000000 | Src: src/nx48_btc_controller.c:484 nx48_btc_save_csv()
[41023778470824] METRIC #77: btc_block_nonce = 262494892.0000000000 | Src: src/btc_mining_engine.c:689 btc_mining_thread()
[41023778885673] METRIC #78: btc_best_leading_zeros = 12.0000000000 | Src: src/btc_mining_engine.c:689 btc_mining_thread()
[41023779310463] METRIC #79: btc_block_valid = 0.0000000000 | Src: src/btc_mining_engine.c:689 btc_mining_thread()
[41023780051993] METRIC #80: btc_best_leading_zeros = 12.0000000000 | Src: src/btc_mining_engine.c:690 btc_mining_thread()
[41023780646963] METRIC #81: btc_nx48_csv_saved = 1.0000000000 | Src: src/nx48_btc_controller.c:484 nx48_btc_save_csv()
[41023869794254] METRIC #82: btc_ptmc_rep_hot = 1.0000000000 | Src: src/btc_mining_engine.c:505 engine_ptmc_swap()
[41023870259094] METRIC #83: btc_ptmc_rep_cold = 0.0000000000 | Src: src/btc_mining_engine.c:505 engine_ptmc_swap()
[41023870662524] METRIC #84: btc_ptmc_accept = -0.2635971381 | Src: src/btc_mining_engine.c:505 engine_ptmc_swap()
[41023871308164] METRIC #85: btc_ptmc_rep_hot = 2.0000000000 | Src: src/btc_mining_engine.c:503 engine_ptmc_swap()
[41023871731724] METRIC #86: btc_ptmc_rep_cold = 1.0000000000 | Src: src/btc_mining_engine.c:503 engine_ptmc_swap()
[41023872224304] METRIC #87: btc_ptmc_accept = 1.0000000000 | Src: src/btc_mining_engine.c:503 engine_ptmc_swap()
[41023872644125] METRIC #88: btc_ptmc_rep_hot = 3.0000000000 | Src: src/btc_mining_engine.c:503 engine_ptmc_swap()
[41023873110225] METRIC #89: btc_ptmc_rep_cold = 2.0000000000 | Src: src/btc_mining_engine.c:503 engine_ptmc_swap()
[41023873574045] METRIC #90: btc_ptmc_accept = 1.0000000000 | Src: src/btc_mining_engine.c:503 engine_ptmc_swap()
[41023874545694] METRIC #91: btc_ptmc_rep_hot = 4.0000000000 | Src: src/btc_mining_engine.c:503 engine_ptmc_swap()
[41023874940014] METRIC #92: btc_ptmc_rep_cold = 3.0000000000 | Src: src/btc_mining_engine.c:503 engine_ptmc_swap()
[41023875333724] METRIC #93: btc_ptmc_accept = 1.0000000000 | Src: src/btc_mining_engine.c:503 engine_ptmc_swap()
[41023875751535] METRIC #94: btc_ptmc_rep_hot = 5.0000000000 | Src: src/btc_mining_engine.c:503 engine_ptmc_swap()
[41023876323925] METRIC #95: btc_ptmc_rep_cold = 4.0000000000 | Src: src/btc_mining_engine.c:503 engine_ptmc_swap()
[41023876662344] METRIC #96: btc_ptmc_accept = 1.0000000000 | Src: src/btc_mining_engine.c:503 engine_ptmc_swap()
[41023876981804] METRIC #97: btc_ptmc_rep_hot = 6.0000000000 | Src: src/btc_mining_engine.c:503 engine_ptmc_swap()
[41023877367395] METRIC #98: btc_ptmc_rep_cold = 5.0000000000 | Src: src/btc_mining_engine.c:503 engine_ptmc_swap()
[41023877678515] METRIC #99: btc_ptmc_accept = 1.0000000000 | Src: src/btc_mining_engine.c:503 engine_ptmc_swap()
[41023877978955] METRIC #100: btc_ptmc_rep_hot = 7.0000000000 | Src: src/btc_mining_engine.c:503 engine_ptmc_swap()
[41023878282955] METRIC #101: btc_ptmc_rep_cold = 6.0000000000 | Src: src/btc_mining_engine.c:503 engine_ptmc_swap()
[41023878600925] METRIC #102: btc_ptmc_accept = 1.0000000000 | Src: src/btc_mining_engine.c:503 engine_ptmc_swap()
[41023898773235] METRIC #103: btc_block_nonce = 3025099960.0000000000 | Src: src/btc_mining_engine.c:689 btc_mining_thread()
[41023899310035] METRIC #104: btc_best_leading_zeros = 17.0000000000 | Src: src/btc_mining_engine.c:689 btc_mining_thread()
[41023899744675] METRIC #105: btc_block_valid = 0.0000000000 | Src: src/btc_mining_engine.c:689 btc_mining_thread()
[41023900744455] METRIC #106: btc_best_leading_zeros = 17.0000000000 | Src: src/btc_mining_engine.c:690 btc_mining_thread()
[41023901597645] METRIC #107: btc_nx48_csv_saved = 1.0000000000 | Src: src/nx48_btc_controller.c:484 nx48_btc_save_csv()
[41023913152775] METRIC #108: btc_block_nonce = 616449529.0000000000 | Src: src/btc_mining_engine.c:689 btc_mining_thread()
[41023913631585] METRIC #109: btc_best_leading_zeros = 18.0000000000 | Src: src/btc_mining_engine.c:689 btc_mining_thread()
[41023914089715] METRIC #110: btc_block_valid = 0.0000000000 | Src: src/btc_mining_engine.c:689 btc_mining_thread()
[41023914994335] METRIC #111: btc_best_leading_zeros = 18.0000000000 | Src: src/btc_mining_engine.c:690 btc_mining_thread()
[41023915799625] METRIC #112: btc_nx48_csv_saved = 1.0000000000 | Src: src/nx48_btc_controller.c:484 nx48_btc_save_csv()
[41023927355635] METRIC #113: btc_block_nonce = 1755232099.0000000000 | Src: src/btc_mining_engine.c:689 btc_mining_thread()
[41023927848375] METRIC #114: btc_best_leading_zeros = 20.0000000000 | Src: src/btc_mining_engine.c:689 btc_mining_thread()
[41023928335715] METRIC #115: btc_block_valid = 0.0000000000 | Src: src/btc_mining_engine.c:689 btc_mining_thread()
[41023929202165] METRIC #116: btc_best_leading_zeros = 20.0000000000 | Src: src/btc_mining_engine.c:690 btc_mining_thread()
[41023929775765] METRIC #117: btc_nx48_csv_saved = 1.0000000000 | Src: src/nx48_btc_controller.c:484 nx48_btc_save_csv()
[41023971656655] METRIC #118: btc_ptmc_rep_hot = 1.0000000000 | Src: src/btc_mining_engine.c:503 engine_ptmc_swap()
[41023972307585] METRIC #119: btc_ptmc_rep_cold = 0.0000000000 | Src: src/btc_mining_engine.c:503 engine_ptmc_swap()
[41023972806606] METRIC #120: btc_ptmc_accept = 1.0000000000 | Src: src/btc_mining_engine.c:503 engine_ptmc_swap()
[41023973297116] METRIC #121: btc_ptmc_rep_hot = 2.0000000000 | Src: src/btc_mining_engine.c:503 engine_ptmc_swap()
[41023973716506] METRIC #122: btc_ptmc_rep_cold = 1.0000000000 | Src: src/btc_mining_engine.c:503 engine_ptmc_swap()
[41023974495776] METRIC #123: btc_ptmc_accept = 1.0000000000 | Src: src/btc_mining_engine.c:503 engine_ptmc_swap()
[41023975615806] METRIC #124: btc_ptmc_rep_hot = 3.0000000000 | Src: src/btc_mining_engine.c:503 engine_ptmc_swap()
[41023976283086] METRIC #125: btc_ptmc_rep_cold = 2.0000000000 | Src: src/btc_mining_engine.c:503 engine_ptmc_swap()
[41023976738066] METRIC #126: btc_ptmc_accept = 1.0000000000 | Src: src/btc_mining_engine.c:503 engine_ptmc_swap()
[41023977226976] METRIC #127: btc_ptmc_rep_hot = 4.0000000000 | Src: src/btc_mining_engine.c:503 engine_ptmc_swap()
[41023977752796] METRIC #128: btc_ptmc_rep_cold = 3.0000000000 | Src: src/btc_mining_engine.c:503 engine_ptmc_swap()
[41023978214616] METRIC #129: btc_ptmc_accept = 1.0000000000 | Src: src/btc_mining_engine.c:503 engine_ptmc_swap()
[41023978599546] METRIC #130: btc_ptmc_rep_hot = 5.0000000000 | Src: src/btc_mining_engine.c:503 engine_ptmc_swap()
[41023979052396] METRIC #131: btc_ptmc_rep_cold = 4.0000000000 | Src: src/btc_mining_engine.c:503 engine_ptmc_swap()
[41023979484916] METRIC #132: btc_ptmc_accept = 1.0000000000 | Src: src/btc_mining_engine.c:503 engine_ptmc_swap()
[41023979914386] METRIC #133: btc_ptmc_rep_hot = 6.0000000000 | Src: src/btc_mining_engine.c:503 engine_ptmc_swap()
[41023980342946] METRIC #134: btc_ptmc_rep_cold = 5.0000000000 | Src: src/btc_mining_engine.c:503 engine_ptmc_swap()
[41023980717806] METRIC #135: btc_ptmc_accept = 1.0000000000 | Src: src/btc_mining_engine.c:503 engine_ptmc_swap()
[41023981578406] METRIC #136: btc_ptmc_rep_hot = 7.0000000000 | Src: src/btc_mining_engine.c:503 engine_ptmc_swap()
[41023981986186] METRIC #137: btc_ptmc_rep_cold = 6.0000000000 | Src: src/btc_mining_engine.c:503 engine_ptmc_swap()
[41023982476676] METRIC #138: btc_ptmc_accept = 1.0000000000 | Src: src/btc_mining_engine.c:503 engine_ptmc_swap()
[41024072385947] METRIC #139: btc_ptmc_rep_hot = 1.0000000000 | Src: src/btc_mining_engine.c:503 engine_ptmc_swap()
[41024072972427] METRIC #140: btc_ptmc_rep_cold = 0.0000000000 | Src: src/btc_mining_engine.c:503 engine_ptmc_swap()
[41024073512607] METRIC #141: btc_ptmc_accept = 1.0000000000 | Src: src/btc_mining_engine.c:503 engine_ptmc_swap()
[41024073928287] METRIC #142: btc_ptmc_rep_hot = 2.0000000000 | Src: src/btc_mining_engine.c:503 engine_ptmc_swap()
[41024074347947] METRIC #143: btc_ptmc_rep_cold = 1.0000000000 | Src: src/btc_mining_engine.c:503 engine_ptmc_swap()
[41024074723227] METRIC #144: btc_ptmc_accept = 1.0000000000 | Src: src/btc_mining_engine.c:503 engine_ptmc_swap()
[41024075147727] METRIC #145: btc_ptmc_rep_hot = 3.0000000000 | Src: src/btc_mining_engine.c:503 engine_ptmc_swap()
[41024075530417] METRIC #146: btc_ptmc_rep_cold = 2.0000000000 | Src: src/btc_mining_engine.c:503 engine_ptmc_swap()
[41024075917067] METRIC #147: btc_ptmc_accept = 1.0000000000 | Src: src/btc_mining_engine.c:503 engine_ptmc_swap()
[41024076425687] METRIC #148: btc_ptmc_rep_hot = 4.0000000000 | Src: src/btc_mining_engine.c:503 engine_ptmc_swap()
[41024076796387] METRIC #149: btc_ptmc_rep_cold = 3.0000000000 | Src: src/btc_mining_engine.c:503 engine_ptmc_swap()
[41024077206707] METRIC #150: btc_ptmc_accept = 1.0000000000 | Src: src/btc_mining_engine.c:503 engine_ptmc_swap()
[41024077521697] METRIC #151: btc_ptmc_rep_hot = 5.0000000000 | Src: src/btc_mining_engine.c:503 engine_ptmc_swap()
[41024077844937] METRIC #152: btc_ptmc_rep_cold = 4.0000000000 | Src: src/btc_mining_engine.c:503 engine_ptmc_swap()
[41024078186257] METRIC #153: btc_ptmc_accept = 1.0000000000 | Src: src/btc_mining_engine.c:503 engine_ptmc_swap()
[41024078607387] METRIC #154: btc_ptmc_rep_hot = 6.0000000000 | Src: src/btc_mining_engine.c:503 engine_ptmc_swap()
[41024078999347] METRIC #155: btc_ptmc_rep_cold = 5.0000000000 | Src: src/btc_mining_engine.c:503 engine_ptmc_swap()
[41024079499917] METRIC #156: btc_ptmc_accept = 1.0000000000 | Src: src/btc_mining_engine.c:503 engine_ptmc_swap()
[41024079931547] METRIC #157: btc_ptmc_rep_hot = 7.0000000000 | Src: src/btc_mining_engine.c:503 engine_ptmc_swap()
[41024080381017] METRIC #158: btc_ptmc_rep_cold = 6.0000000000 | Src: src/btc_mining_engine.c:503 engine_ptmc_swap()
[41024080775897] METRIC #159: btc_ptmc_accept = 1.0000000000 | Src: src/btc_mining_engine.c:503 engine_ptmc_swap()
[41024173908478] METRIC #160: btc_ptmc_rep_hot = 1.0000000000 | Src: src/btc_mining_engine.c:505 engine_ptmc_swap()
[41024174818758] METRIC #161: btc_ptmc_rep_cold = 0.0000000000 | Src: src/btc_mining_engine.c:505 engine_ptmc_swap()
[41024175285298] METRIC #162: btc_ptmc_accept = -0.0696187850 | Src: src/btc_mining_engine.c:505 engine_ptmc_swap()
[41024175681908] METRIC #163: btc_ptmc_rep_hot = 2.0000000000 | Src: src/btc_mining_engine.c:503 engine_ptmc_swap()
[41024176078278] METRIC #164: btc_ptmc_rep_cold = 1.0000000000 | Src: src/btc_mining_engine.c:503 engine_ptmc_swap()
[41024176583678] METRIC #165: btc_ptmc_accept = 1.0000000000 | Src: src/btc_mining_engine.c:503 engine_ptmc_swap()
[41024177013308] METRIC #166: btc_ptmc_rep_hot = 3.0000000000 | Src: src/btc_mining_engine.c:503 engine_ptmc_swap()
[41024177499698] METRIC #167: btc_ptmc_rep_cold = 2.0000000000 | Src: src/btc_mining_engine.c:503 engine_ptmc_swap()
[41024177948648] METRIC #168: btc_ptmc_accept = 1.0000000000 | Src: src/btc_mining_engine.c:503 engine_ptmc_swap()
[41024178397918] METRIC #169: btc_ptmc_rep_hot = 4.0000000000 | Src: src/btc_mining_engine.c:503 engine_ptmc_swap()
[41024178869858] METRIC #170: btc_ptmc_rep_cold = 3.0000000000 | Src: src/btc_mining_engine.c:503 engine_ptmc_swap()
[41024179315978] METRIC #171: btc_ptmc_accept = 1.0000000000 | Src: src/btc_mining_engine.c:503 engine_ptmc_swap()
[41024179728468] METRIC #172: btc_ptmc_rep_hot = 5.0000000000 | Src: src/btc_mining_engine.c:503 engine_ptmc_swap()
[41024180222038] METRIC #173: btc_ptmc_rep_cold = 4.0000000000 | Src: src/btc_mining_engine.c:503 engine_ptmc_swap()
[41024180670148] METRIC #174: btc_ptmc_accept = 1.0000000000 | Src: src/btc_mining_engine.c:503 engine_ptmc_swap()
[41024181125388] METRIC #175: btc_ptmc_rep_hot = 6.0000000000 | Src: src/btc_mining_engine.c:503 engine_ptmc_swap()
[41024181572938] METRIC #176: btc_ptmc_rep_cold = 5.0000000000 | Src: src/btc_mining_engine.c:503 engine_ptmc_swap()
[41024182011978] METRIC #177: btc_ptmc_accept = 1.0000000000 | Src: src/btc_mining_engine.c:503 engine_ptmc_swap()
[41024182460528] METRIC #178: btc_ptmc_rep_hot = 7.0000000000 | Src: src/btc_mining_engine.c:503 engine_ptmc_swap()
[41024182940108] METRIC #179: btc_ptmc_rep_cold = 6.0000000000 | Src: src/btc_mining_engine.c:503 engine_ptmc_swap()
[41024183383088] METRIC #180: btc_ptmc_accept = 1.0000000000 | Src: src/btc_mining_engine.c:503 engine_ptmc_swap()
[41024275732079] METRIC #181: btc_ptmc_rep_hot = 1.0000000000 | Src: src/btc_mining_engine.c:505 engine_ptmc_swap()
[41024276361239] METRIC #182: btc_ptmc_rep_cold = 0.0000000000 | Src: src/btc_mining_engine.c:505 engine_ptmc_swap()
[41024276784909] METRIC #183: btc_ptmc_accept = -0.5136174742 | Src: src/btc_mining_engine.c:505 engine_ptmc_swap()
[41024277237679] METRIC #184: btc_ptmc_rep_hot = 2.0000000000 | Src: src/btc_mining_engine.c:503 engine_ptmc_swap()
[41024277595579] METRIC #185: btc_ptmc_rep_cold = 1.0000000000 | Src: src/btc_mining_engine.c:503 engine_ptmc_swap()
[41024278067279] METRIC #186: btc_ptmc_accept = 1.0000000000 | Src: src/btc_mining_engine.c:503 engine_ptmc_swap()
[41024278442759] METRIC #187: btc_ptmc_rep_hot = 3.0000000000 | Src: src/btc_mining_engine.c:503 engine_ptmc_swap()
[41024278829659] METRIC #188: btc_ptmc_rep_cold = 2.0000000000 | Src: src/btc_mining_engine.c:503 engine_ptmc_swap()
[41024279347829] METRIC #189: btc_ptmc_accept = 1.0000000000 | Src: src/btc_mining_engine.c:503 engine_ptmc_swap()
[41024279746459] METRIC #190: btc_ptmc_rep_hot = 4.0000000000 | Src: src/btc_mining_engine.c:503 engine_ptmc_swap()
[41024280170619] METRIC #191: btc_ptmc_rep_cold = 3.0000000000 | Src: src/btc_mining_engine.c:503 engine_ptmc_swap()
[41024280604719] METRIC #192: btc_ptmc_accept = 1.0000000000 | Src: src/btc_mining_engine.c:503 engine_ptmc_swap()
[41024281069969] METRIC #193: btc_ptmc_rep_hot = 5.0000000000 | Src: src/btc_mining_engine.c:503 engine_ptmc_swap()
[41024281523649] METRIC #194: btc_ptmc_rep_cold = 4.0000000000 | Src: src/btc_mining_engine.c:503 engine_ptmc_swap()
[41024281953699] METRIC #195: btc_ptmc_accept = 1.0000000000 | Src: src/btc_mining_engine.c:503 engine_ptmc_swap()
[41024282378829] METRIC #196: btc_ptmc_rep_hot = 6.0000000000 | Src: src/btc_mining_engine.c:503 engine_ptmc_swap()
[41024282829009] METRIC #197: btc_ptmc_rep_cold = 5.0000000000 | Src: src/btc_mining_engine.c:503 engine_ptmc_swap()
[41024283262929] METRIC #198: btc_ptmc_accept = 1.0000000000 | Src: src/btc_mining_engine.c:503 engine_ptmc_swap()
[41024283663559] METRIC #199: btc_ptmc_rep_hot = 7.0000000000 | Src: src/btc_mining_engine.c:503 engine_ptmc_swap()
[41024284123279] METRIC #200: btc_ptmc_rep_cold = 6.0000000000 | Src: src/btc_mining_engine.c:503 engine_ptmc_swap()
[41024284604739] METRIC #201: btc_ptmc_accept = 1.0000000000 | Src: src/btc_mining_engine.c:503 engine_ptmc_swap()
[41024379856800] METRIC #202: btc_ptmc_rep_hot = 1.0000000000 | Src: src/btc_mining_engine.c:503 engine_ptmc_swap()
[41024380384260] METRIC #203: btc_ptmc_rep_cold = 0.0000000000 | Src: src/btc_mining_engine.c:503 engine_ptmc_swap()
[41024380752250] METRIC #204: btc_ptmc_accept = 0.2636887251 | Src: src/btc_mining_engine.c:503 engine_ptmc_swap()
[41024381207600] METRIC #205: btc_ptmc_rep_hot = 2.0000000000 | Src: src/btc_mining_engine.c:503 engine_ptmc_swap()
[41024381582670] METRIC #206: btc_ptmc_rep_cold = 1.0000000000 | Src: src/btc_mining_engine.c:503 engine_ptmc_swap()
[41024381989020] METRIC #207: btc_ptmc_accept = 0.5134617158 | Src: src/btc_mining_engine.c:503 engine_ptmc_swap()
[41024382456040] METRIC #208: btc_ptmc_rep_hot = 3.0000000000 | Src: src/btc_mining_engine.c:503 engine_ptmc_swap()
[41024382903530] METRIC #209: btc_ptmc_rep_cold = 2.0000000000 | Src: src/btc_mining_engine.c:503 engine_ptmc_swap()
[41024383324290] METRIC #210: btc_ptmc_accept = 0.7165468710 | Src: src/btc_mining_engine.c:503 engine_ptmc_swap()
[41024383705840] METRIC #211: btc_ptmc_rep_hot = 4.0000000000 | Src: src/btc_mining_engine.c:503 engine_ptmc_swap()
[41024384092210] METRIC #212: btc_ptmc_rep_cold = 3.0000000000 | Src: src/btc_mining_engine.c:503 engine_ptmc_swap()
[41024384444380] METRIC #213: btc_ptmc_accept = 0.8187371539 | Src: src/btc_mining_engine.c:503 engine_ptmc_swap()
[41024384799420] METRIC #214: btc_ptmc_rep_hot = 5.0000000000 | Src: src/btc_mining_engine.c:503 engine_ptmc_swap()
[41024385367350] METRIC #215: btc_ptmc_rep_cold = 4.0000000000 | Src: src/btc_mining_engine.c:503 engine_ptmc_swap()
[41024385858180] METRIC #216: btc_ptmc_accept = 0.8824995977 | Src: src/btc_mining_engine.c:503 engine_ptmc_swap()
[41024386296430] METRIC #217: btc_ptmc_rep_hot = 6.0000000000 | Src: src/btc_mining_engine.c:503 engine_ptmc_swap()
[41024386664680] METRIC #218: btc_ptmc_rep_cold = 5.0000000000 | Src: src/btc_mining_engine.c:503 engine_ptmc_swap()
[41024387029250] METRIC #219: btc_ptmc_accept = 0.9298553534 | Src: src/btc_mining_engine.c:503 engine_ptmc_swap()
[41024387501700] METRIC #220: btc_ptmc_rep_hot = 7.0000000000 | Src: src/btc_mining_engine.c:503 engine_ptmc_swap()
[41024388778020] METRIC #221: btc_ptmc_rep_cold = 6.0000000000 | Src: src/btc_mining_engine.c:503 engine_ptmc_swap()
[41024389185640] METRIC #222: btc_ptmc_accept = 0.9540312765 | Src: src/btc_mining_engine.c:503 engine_ptmc_swap()
[41024481047581] METRIC #223: btc_ptmc_rep_hot = 1.0000000000 | Src: src/btc_mining_engine.c:505 engine_ptmc_swap()
[41024481638981] METRIC #224: btc_ptmc_rep_cold = 0.0000000000 | Src: src/btc_mining_engine.c:505 engine_ptmc_swap()
[41024482251491] METRIC #225: btc_ptmc_accept = -0.2635971381 | Src: src/btc_mining_engine.c:505 engine_ptmc_swap()
[41024482696001] METRIC #226: btc_ptmc_rep_hot = 2.0000000000 | Src: src/btc_mining_engine.c:503 engine_ptmc_swap()
[41024483138391] METRIC #227: btc_ptmc_rep_cold = 1.0000000000 | Src: src/btc_mining_engine.c:503 engine_ptmc_swap()
[41024484541641] METRIC #228: btc_ptmc_accept = 1.0000000000 | Src: src/btc_mining_engine.c:503 engine_ptmc_swap()
[41024485603961] METRIC #229: btc_ptmc_rep_hot = 3.0000000000 | Src: src/btc_mining_engine.c:503 engine_ptmc_swap()
[41024486026181] METRIC #230: btc_ptmc_rep_cold = 2.0000000000 | Src: src/btc_mining_engine.c:503 engine_ptmc_swap()
[41024486378391] METRIC #231: btc_ptmc_accept = 1.0000000000 | Src: src/btc_mining_engine.c:503 engine_ptmc_swap()
[41024486777511] METRIC #232: btc_ptmc_rep_hot = 4.0000000000 | Src: src/btc_mining_engine.c:503 engine_ptmc_swap()
[41024487286251] METRIC #233: btc_ptmc_rep_cold = 3.0000000000 | Src: src/btc_mining_engine.c:503 engine_ptmc_swap()
[41024487725811] METRIC #234: btc_ptmc_accept = 1.0000000000 | Src: src/btc_mining_engine.c:503 engine_ptmc_swap()
[41024488193221] METRIC #235: btc_ptmc_rep_hot = 5.0000000000 | Src: src/btc_mining_engine.c:503 engine_ptmc_swap()
[41024488608331] METRIC #236: btc_ptmc_rep_cold = 4.0000000000 | Src: src/btc_mining_engine.c:503 engine_ptmc_swap()
[41024489055021] METRIC #237: btc_ptmc_accept = 1.0000000000 | Src: src/btc_mining_engine.c:503 engine_ptmc_swap()
[41024489491341] METRIC #238: btc_ptmc_rep_hot = 6.0000000000 | Src: src/btc_mining_engine.c:503 engine_ptmc_swap()
[41024489874741] METRIC #239: btc_ptmc_rep_cold = 5.0000000000 | Src: src/btc_mining_engine.c:503 engine_ptmc_swap()
[41024490310271] METRIC #240: btc_ptmc_accept = 1.0000000000 | Src: src/btc_mining_engine.c:503 engine_ptmc_swap()
[41024490676671] METRIC #241: btc_ptmc_rep_hot = 7.0000000000 | Src: src/btc_mining_engine.c:503 engine_ptmc_swap()
[41024491599811] METRIC #242: btc_ptmc_rep_cold = 6.0000000000 | Src: src/btc_mining_engine.c:503 engine_ptmc_swap()
[41024491994841] METRIC #243: btc_ptmc_accept = 1.0000000000 | Src: src/btc_mining_engine.c:503 engine_ptmc_swap()
[41024583686682] METRIC #244: btc_ptmc_rep_hot = 1.0000000000 | Src: src/btc_mining_engine.c:503 engine_ptmc_swap()
[41024584249192] METRIC #245: btc_ptmc_rep_cold = 0.0000000000 | Src: src/btc_mining_engine.c:503 engine_ptmc_swap()
[41024584645492] METRIC #246: btc_ptmc_accept = 1.0000000000 | Src: src/btc_mining_engine.c:503 engine_ptmc_swap()
[41024585178232] METRIC #247: btc_ptmc_rep_hot = 2.0000000000 | Src: src/btc_mining_engine.c:503 engine_ptmc_swap()
[41024585630682] METRIC #248: btc_ptmc_rep_cold = 1.0000000000 | Src: src/btc_mining_engine.c:503 engine_ptmc_swap()
[41024586051902] METRIC #249: btc_ptmc_accept = 1.0000000000 | Src: src/btc_mining_engine.c:503 engine_ptmc_swap()
[41024586469592] METRIC #250: btc_ptmc_rep_hot = 3.0000000000 | Src: src/btc_mining_engine.c:503 engine_ptmc_swap()
[41024587066282] METRIC #251: btc_ptmc_rep_cold = 2.0000000000 | Src: src/btc_mining_engine.c:503 engine_ptmc_swap()
[41024587521352] METRIC #252: btc_ptmc_accept = 1.0000000000 | Src: src/btc_mining_engine.c:503 engine_ptmc_swap()
[41024587884652] METRIC #253: btc_ptmc_rep_hot = 4.0000000000 | Src: src/btc_mining_engine.c:503 engine_ptmc_swap()
[41024588352462] METRIC #254: btc_ptmc_rep_cold = 3.0000000000 | Src: src/btc_mining_engine.c:503 engine_ptmc_swap()
[41024588711752] METRIC #255: btc_ptmc_accept = 1.0000000000 | Src: src/btc_mining_engine.c:503 engine_ptmc_swap()
[41024589126062] METRIC #256: btc_ptmc_rep_hot = 5.0000000000 | Src: src/btc_mining_engine.c:503 engine_ptmc_swap()
[41024589511572] METRIC #257: btc_ptmc_rep_cold = 4.0000000000 | Src: src/btc_mining_engine.c:503 engine_ptmc_swap()
[41024589935672] METRIC #258: btc_ptmc_accept = 1.0000000000 | Src: src/btc_mining_engine.c:503 engine_ptmc_swap()
[41024590320852] METRIC #259: btc_ptmc_rep_hot = 6.0000000000 | Src: src/btc_mining_engine.c:503 engine_ptmc_swap()
[41024590834412] METRIC #260: btc_ptmc_rep_cold = 5.0000000000 | Src: src/btc_mining_engine.c:503 engine_ptmc_swap()
[41024591227972] METRIC #261: btc_ptmc_accept = 1.0000000000 | Src: src/btc_mining_engine.c:503 engine_ptmc_swap()
[41024591605242] METRIC #262: btc_ptmc_rep_hot = 7.0000000000 | Src: src/btc_mining_engine.c:503 engine_ptmc_swap()
[41024591980062] METRIC #263: btc_ptmc_rep_cold = 6.0000000000 | Src: src/btc_mining_engine.c:503 engine_ptmc_swap()
[41024592398762] METRIC #264: btc_ptmc_accept = 1.0000000000 | Src: src/btc_mining_engine.c:503 engine_ptmc_swap()
[41024685876463] METRIC #265: btc_ptmc_rep_hot = 1.0000000000 | Src: src/btc_mining_engine.c:503 engine_ptmc_swap()
[41024686550453] METRIC #266: btc_ptmc_rep_cold = 0.0000000000 | Src: src/btc_mining_engine.c:503 engine_ptmc_swap()
[41024686955933] METRIC #267: btc_ptmc_accept = 0.5135063048 | Src: src/btc_mining_engine.c:503 engine_ptmc_swap()
[41024687367393] METRIC #268: btc_ptmc_rep_hot = 2.0000000000 | Src: src/btc_mining_engine.c:503 engine_ptmc_swap()
[41024687705903] METRIC #269: btc_ptmc_rep_cold = 1.0000000000 | Src: src/btc_mining_engine.c:503 engine_ptmc_swap()
[41024688122063] METRIC #270: btc_ptmc_accept = 0.7164924961 | Src: src/btc_mining_engine.c:503 engine_ptmc_swap()
[41024688545783] METRIC #271: btc_ptmc_rep_hot = 3.0000000000 | Src: src/btc_mining_engine.c:503 engine_ptmc_swap()
[41024688989613] METRIC #272: btc_ptmc_rep_cold = 2.0000000000 | Src: src/btc_mining_engine.c:503 engine_ptmc_swap()
[41024689461343] METRIC #273: btc_ptmc_accept = 0.8464702621 | Src: src/btc_mining_engine.c:503 engine_ptmc_swap()
[41024689834923] METRIC #274: btc_ptmc_rep_hot = 4.0000000000 | Src: src/btc_mining_engine.c:503 engine_ptmc_swap()
[41024690314883] METRIC #275: btc_ptmc_rep_cold = 3.0000000000 | Src: src/btc_mining_engine.c:503 engine_ptmc_swap()
[41024690824753] METRIC #276: btc_ptmc_accept = 0.9048330071 | Src: src/btc_mining_engine.c:503 engine_ptmc_swap()
[41024691372023] METRIC #277: btc_ptmc_rep_hot = 5.0000000000 | Src: src/btc_mining_engine.c:503 engine_ptmc_swap()
[41024691698993] METRIC #278: btc_ptmc_rep_cold = 4.0000000000 | Src: src/btc_mining_engine.c:503 engine_ptmc_swap()
[41024692263103] METRIC #279: btc_ptmc_accept = 1.0000000000 | Src: src/btc_mining_engine.c:503 engine_ptmc_swap()
[41024692696053] METRIC #280: btc_ptmc_rep_hot = 6.0000000000 | Src: src/btc_mining_engine.c:503 engine_ptmc_swap()
[41024693141813] METRIC #281: btc_ptmc_rep_cold = 5.0000000000 | Src: src/btc_mining_engine.c:503 engine_ptmc_swap()
[41024693503613] METRIC #282: btc_ptmc_accept = 0.9642889574 | Src: src/btc_mining_engine.c:503 engine_ptmc_swap()
[41024693847343] METRIC #283: btc_ptmc_rep_hot = 7.0000000000 | Src: src/btc_mining_engine.c:503 engine_ptmc_swap()
[41024694356643] METRIC #284: btc_ptmc_rep_cold = 6.0000000000 | Src: src/btc_mining_engine.c:503 engine_ptmc_swap()
[41024694674043] METRIC #285: btc_ptmc_accept = 0.9767447714 | Src: src/btc_mining_engine.c:503 engine_ptmc_swap()
[41024755727024] METRIC #286: btc_nonces_total = 552960.0000000000 | Src: src/btc_mining_engine.c:914 btc_engine_run()
[41024756231964] METRIC #287: btc_elapsed_s = 1.0027933310 | Src: src/btc_mining_engine.c:915 btc_engine_run()
[41024756621024] METRIC #288: btc_hashrate_mhs_final = 0.5514197023 | Src: src/btc_mining_engine.c:916 btc_engine_run()
[41024757087954] METRIC #289: btc_best_leading_zeros = 20.0000000000 | Src: src/btc_mining_engine.c:917 btc_engine_run()
[41024757465824] METRIC #290: btc_best_nonce_final = 1755232099.0000000000 | Src: src/btc_mining_engine.c:918 btc_engine_run()
[41024757863014] METRIC #291: btc_block_valid = 0.0000000000 | Src: src/btc_mining_engine.c:919 btc_engine_run()
[41024758161934] METRIC #292: btc_hashrate_gate_pass = 1.0000000000 | Src: src/btc_mining_engine.c:926 btc_engine_run()
[41024758457824] METRIC #293: btc_memory_gate_pass = 1.0000000000 | Src: src/btc_mining_engine.c:929 btc_engine_run()
[41024758812194] TEST_END: btc_engine_run | SUCCÈS | Durée: 1005879041 ns (1005.879 ms) | Src: src/btc_mining_engine.c:940 btc_engine_run()
[41024759207754] METRIC #294: btc_nx48_csv_saved = 1.0000000000 | Src: src/nx48_btc_controller.c:484 nx48_btc_save_csv()
[41028753350996] METRIC #295: btc_ram_available_mb_end = 19875.0000000000 | Src: src/btc_mining_engine.c:954 btc_engine_run()
[41028754096116] METRIC #296: btc_nx48_csv_saved = 1.0000000000 | Src: src/nx48_btc_controller.c:484 nx48_btc_save_csv()
[41028754425876] METRIC #297: btc_memory_gate_pass = 1.0000000000 | Src: src/main_btc_mining.c:355 main()
[41028754735786] TEST_END: main_btc_mining | SUCCÈS | Durée: 5001802633 ns (5001.803 ms) | Src: src/main_btc_mining.c:356 main()
[41028754853766] METRIC #298: btc_wallet_destroyed = 1.0000000000 | Src: src/btc_wallet.c:423 btc_wallet_destroy()
