=== LOG FORENSIQUE ULTRA-STRICT v3.0 MODULE btc_qm_engine ===
Timestamp: 1939397197935 ns | PID: 1447 | Thread: 140528962592000
Standards: ISO/IEC 27037, NIST SP 800-86, IEEE 1012
=====================================================
[1939397243105] TEST_START: main_btc_mining | Source: src/main_btc_mining.c:208 in main()
[1939397260595] METRIC #1: btc_run_mode_hash = 66.0000000000 | Src: src/main_btc_mining.c:209 main()
[1939397292445] METRIC #2: btc_module_version = 17.0000000000 | Src: src/main_btc_mining.c:211 main()
[1939397355355] METRIC #3: btc_nx48_csv_loaded_c42 = 1.0000000000 | Src: src/nx48_btc_controller.c:489 nx48_btc_load_csv()
[1939397380835] METRIC #4: btc_nx48_csv_loaded = 1.0000000000 | Src: src/nx48_btc_controller.c:491 nx48_btc_load_csv()
[1939397403115] METRIC #5: btc_nx48_best_leading_loaded = 28.0000000000 | Src: src/nx48_btc_controller.c:492 nx48_btc_load_csv()
[1939397451165] METRIC #6: btc_nx48_init_loaded = 1.0000000000 | Src: src/nx48_btc_controller.c:155 nx48_btc_init()
[1939397476365] METRIC #7: btc_nx48_delta_nonce_scale = 50.0000000000 | Src: src/nx48_btc_controller.c:156 nx48_btc_init()
[1939397501515] METRIC #8: btc_nx48_n_replicas_scale = 1.0000000000 | Src: src/nx48_btc_controller.c:157 nx48_btc_init()
[1939397525235] METRIC #9: btc_nx48_swap_temp_scale = 1.0000000000 | Src: src/nx48_btc_controller.c:158 nx48_btc_init()
[1939397547725] METRIC #10: btc_nx48_batch_size_scale = 4.0000000000 | Src: src/nx48_btc_controller.c:159 nx48_btc_init()
[1939397570305] METRIC #11: btc_nx48_exploration_bias = 0.9989760000 | Src: src/nx48_btc_controller.c:160 nx48_btc_init()
[1939397603906] METRIC #12: btc_sha256_self_test_pass = 1.0000000000 | Src: src/sha256_lumvorax.c:396 lv_sha256_self_test()
[1939397639246] METRIC #13: btc_wallet_from_privkey_start = 1.0000000000 | Src: src/btc_wallet.c:356 btc_wallet_from_privkey()
[1939400453217] METRIC #14: btc_wallet_from_privkey_ok = 1.0000000000 | Src: src/btc_wallet.c:407 btc_wallet_from_privkey()
[1939400607457] METRIC #15: btc_wallet_saved_json = 1.0000000000 | Src: src/btc_wallet.c:507 btc_wallet_save_json()
[1939400639577] METRIC #16: btc_sha256_self_test_pass = 1.0000000000 | Src: src/sha256_lumvorax.c:396 lv_sha256_self_test()
[1939400665627] METRIC #17: btc_integrity_gate_pass = 1.0000000000 | Src: src/btc_mining_engine.c:734 btc_engine_run()
[1939400809437] METRIC #18: btc_ram_available_mb_start = 39247.0000000000 | Src: src/btc_mining_engine.c:761 btc_engine_run()
[1939400843677] TEST_START: btc_engine_create | Source: src/btc_mining_engine.c:344 in engine_create()
[1939400853977] METRIC #19: btc_n_replicas = 8.0000000000 | Src: src/btc_mining_engine.c:345 engine_create()
[1939400884837] METRIC #20: btc_n_threads = 6.0000000000 | Src: src/btc_mining_engine.c:346 engine_create()
[1939400909997] METRIC #21: btc_batch_size = 512.0000000000 | Src: src/btc_mining_engine.c:347 engine_create()
[1939400935917] METRIC #22: btc_nonce_start = 0.0000000000 | Src: src/btc_mining_engine.c:348 engine_create()
[1939400960597] METRIC #23: btc_nonce_end = 4294967295.0000000000 | Src: src/btc_mining_engine.c:349 engine_create()
[1939400992187] METRIC #24: btc_duration_s = 0.0000000000 | Src: src/btc_mining_engine.c:350 engine_create()
[1939401030777] METRIC #25: btc_replica_idx = 0.0000000000 | Src: src/btc_mining_engine.c:353 engine_create()
[1939401054057] METRIC #26: btc_replica_nonce = 0.0000000000 | Src: src/btc_mining_engine.c:353 engine_create()
[1939401078487] METRIC #27: btc_replica_temp = 1.0000000000 | Src: src/btc_mining_engine.c:353 engine_create()
[1939401097637] METRIC #28: btc_replica_leading = 0.0000000000 | Src: src/btc_mining_engine.c:353 engine_create()
[1939401117147] METRIC #29: btc_replica_idx = 1.0000000000 | Src: src/btc_mining_engine.c:353 engine_create()
[1939401142737] METRIC #30: btc_replica_nonce = 536870911.0000000000 | Src: src/btc_mining_engine.c:353 engine_create()
[1939401168247] METRIC #31: btc_replica_temp = 2.0000000000 | Src: src/btc_mining_engine.c:353 engine_create()
[1939401193587] METRIC #32: btc_replica_leading = 0.0000000000 | Src: src/btc_mining_engine.c:353 engine_create()
[1939401227547] METRIC #33: btc_replica_idx = 2.0000000000 | Src: src/btc_mining_engine.c:353 engine_create()
[1939401255157] METRIC #34: btc_replica_nonce = 1073741822.0000000000 | Src: src/btc_mining_engine.c:353 engine_create()
[1939401277157] METRIC #35: btc_replica_temp = 4.0000000000 | Src: src/btc_mining_engine.c:353 engine_create()
[1939401296117] METRIC #36: btc_replica_leading = 0.0000000000 | Src: src/btc_mining_engine.c:353 engine_create()
[1939401319147] METRIC #37: btc_replica_idx = 3.0000000000 | Src: src/btc_mining_engine.c:353 engine_create()
[1939401338757] METRIC #38: btc_replica_nonce = 1610612733.0000000000 | Src: src/btc_mining_engine.c:353 engine_create()
[1939401358307] METRIC #39: btc_replica_temp = 8.0000000000 | Src: src/btc_mining_engine.c:353 engine_create()
[1939401377287] METRIC #40: btc_replica_leading = 0.0000000000 | Src: src/btc_mining_engine.c:353 engine_create()
[1939401396037] METRIC #41: btc_replica_idx = 4.0000000000 | Src: src/btc_mining_engine.c:353 engine_create()
[1939401414827] METRIC #42: btc_replica_nonce = 2147483644.0000000000 | Src: src/btc_mining_engine.c:353 engine_create()
[1939401448067] METRIC #43: btc_replica_temp = 12.0000000000 | Src: src/btc_mining_engine.c:353 engine_create()
[1939401467277] METRIC #44: btc_replica_leading = 0.0000000000 | Src: src/btc_mining_engine.c:353 engine_create()
[1939401486027] METRIC #45: btc_replica_idx = 5.0000000000 | Src: src/btc_mining_engine.c:353 engine_create()
[1939401504747] METRIC #46: btc_replica_nonce = 2684354555.0000000000 | Src: src/btc_mining_engine.c:353 engine_create()
[1939401524107] METRIC #47: btc_replica_temp = 20.0000000000 | Src: src/btc_mining_engine.c:353 engine_create()
[1939401543217] METRIC #48: btc_replica_leading = 0.0000000000 | Src: src/btc_mining_engine.c:353 engine_create()
[1939401561947] METRIC #49: btc_replica_idx = 6.0000000000 | Src: src/btc_mining_engine.c:353 engine_create()
[1939401580717] METRIC #50: btc_replica_nonce = 3221225466.0000000000 | Src: src/btc_mining_engine.c:353 engine_create()
[1939401600137] METRIC #51: btc_replica_temp = 35.0000000000 | Src: src/btc_mining_engine.c:353 engine_create()
[1939401619177] METRIC #52: btc_replica_leading = 0.0000000000 | Src: src/btc_mining_engine.c:353 engine_create()
[1939401637937] METRIC #53: btc_replica_idx = 7.0000000000 | Src: src/btc_mining_engine.c:353 engine_create()
[1939401656667] METRIC #54: btc_replica_nonce = 3758096377.0000000000 | Src: src/btc_mining_engine.c:353 engine_create()
[1939401676097] METRIC #55: btc_replica_temp = 50.0000000000 | Src: src/btc_mining_engine.c:353 engine_create()
[1939401695117] METRIC #56: btc_replica_leading = 0.0000000000 | Src: src/btc_mining_engine.c:353 engine_create()
[1939401715557] METRIC #57: btc_midstate_applied = 1.0000000000 | Src: src/btc_mining_engine.c:776 btc_engine_run()
[1939401843347] METRIC #58: btc_block_nonce = 3501122732.0000000000 | Src: src/btc_mining_engine.c:599 btc_mining_thread()
[1939402243288] METRIC #59: btc_best_leading_zeros = 1.0000000000 | Src: src/btc_mining_engine.c:599 btc_mining_thread()
[1939402271398] METRIC #60: btc_block_valid = 0.0000000000 | Src: src/btc_mining_engine.c:599 btc_mining_thread()
[1939402328718] METRIC #61: btc_threads_launched = 6.0000000000 | Src: src/btc_mining_engine.c:795 btc_engine_run()
[1939402870438] METRIC #62: btc_best_leading_zeros = 1.0000000000 | Src: src/btc_mining_engine.c:600 btc_mining_thread()
[1939403017738] METRIC #63: btc_nx48_csv_saved = 1.0000000000 | Src: src/nx48_btc_controller.c:449 nx48_btc_save_csv()
[1939403056728] METRIC #64: btc_block_nonce = 13315463.0000000000 | Src: src/btc_mining_engine.c:599 btc_mining_thread()
[1939403083698] METRIC #65: btc_best_leading_zeros = 4.0000000000 | Src: src/btc_mining_engine.c:599 btc_mining_thread()
[1939403109968] METRIC #66: btc_block_valid = 0.0000000000 | Src: src/btc_mining_engine.c:599 btc_mining_thread()
[1939403161858] METRIC #67: btc_best_leading_zeros = 4.0000000000 | Src: src/btc_mining_engine.c:600 btc_mining_thread()
[1939403247418] METRIC #68: btc_nx48_csv_saved = 1.0000000000 | Src: src/nx48_btc_controller.c:449 nx48_btc_save_csv()
[1939403277328] METRIC #69: btc_block_nonce = 1226285996.0000000000 | Src: src/btc_mining_engine.c:599 btc_mining_thread()
[1939403306378] METRIC #70: btc_best_leading_zeros = 8.0000000000 | Src: src/btc_mining_engine.c:599 btc_mining_thread()
[1939403335848] METRIC #71: btc_block_valid = 0.0000000000 | Src: src/btc_mining_engine.c:599 btc_mining_thread()
[1939403386848] METRIC #72: btc_best_leading_zeros = 8.0000000000 | Src: src/btc_mining_engine.c:600 btc_mining_thread()
[1939403464308] METRIC #73: btc_nx48_csv_saved = 1.0000000000 | Src: src/nx48_btc_controller.c:449 nx48_btc_save_csv()
[1939404662269] METRIC #74: btc_block_nonce = 190297134.0000000000 | Src: src/btc_mining_engine.c:599 btc_mining_thread()
[1939404713769] METRIC #75: btc_best_leading_zeros = 12.0000000000 | Src: src/btc_mining_engine.c:599 btc_mining_thread()
[1939404749879] METRIC #76: btc_block_valid = 0.0000000000 | Src: src/btc_mining_engine.c:599 btc_mining_thread()
[1939404791159] METRIC #77: btc_best_leading_zeros = 12.0000000000 | Src: src/btc_mining_engine.c:600 btc_mining_thread()
[1939404871869] METRIC #78: btc_nx48_csv_saved = 1.0000000000 | Src: src/nx48_btc_controller.c:449 nx48_btc_save_csv()
[1939423057386] METRIC #79: btc_block_nonce = 1986372148.0000000000 | Src: src/btc_mining_engine.c:599 btc_mining_thread()
[1939423208896] METRIC #80: btc_best_leading_zeros = 19.0000000000 | Src: src/btc_mining_engine.c:599 btc_mining_thread()
[1939423235206] METRIC #81: btc_block_valid = 0.0000000000 | Src: src/btc_mining_engine.c:599 btc_mining_thread()
[1939423294236] METRIC #82: btc_best_leading_zeros = 19.0000000000 | Src: src/btc_mining_engine.c:600 btc_mining_thread()
[1939423413566] METRIC #83: btc_nx48_csv_saved = 1.0000000000 | Src: src/nx48_btc_controller.c:449 nx48_btc_save_csv()
[1939509604033] METRIC #84: btc_ptmc_rep_hot = 1.0000000000 | Src: src/btc_mining_engine.c:414 engine_ptmc_swap()
[1939509742953] METRIC #85: btc_ptmc_rep_cold = 0.0000000000 | Src: src/btc_mining_engine.c:414 engine_ptmc_swap()
[1939509769673] METRIC #86: btc_ptmc_accept = 1.0000000000 | Src: src/btc_mining_engine.c:414 engine_ptmc_swap()
[1939509798163] METRIC #87: btc_ptmc_rep_hot = 2.0000000000 | Src: src/btc_mining_engine.c:414 engine_ptmc_swap()
[1939509822383] METRIC #88: btc_ptmc_rep_cold = 1.0000000000 | Src: src/btc_mining_engine.c:414 engine_ptmc_swap()
[1939509846563] METRIC #89: btc_ptmc_accept = 0.5133725145 | Src: src/btc_mining_engine.c:414 engine_ptmc_swap()
[1939510758204] METRIC #90: btc_ptmc_rep_hot = 3.0000000000 | Src: src/btc_mining_engine.c:416 engine_ptmc_swap()
[1939510786044] METRIC #91: btc_ptmc_rep_cold = 2.0000000000 | Src: src/btc_mining_engine.c:416 engine_ptmc_swap()
[1939514042245] METRIC #92: btc_ptmc_accept = -0.7165157484 | Src: src/btc_mining_engine.c:416 engine_ptmc_swap()
[1939514079165] METRIC #93: btc_ptmc_rep_hot = 4.0000000000 | Src: src/btc_mining_engine.c:414 engine_ptmc_swap()
[1939514103195] METRIC #94: btc_ptmc_rep_cold = 3.0000000000 | Src: src/btc_mining_engine.c:414 engine_ptmc_swap()
[1939514126485] METRIC #95: btc_ptmc_accept = 1.0000000000 | Src: src/btc_mining_engine.c:414 engine_ptmc_swap()
[1939514160805] METRIC #96: btc_ptmc_rep_hot = 5.0000000000 | Src: src/btc_mining_engine.c:414 engine_ptmc_swap()
[1939514186445] METRIC #97: btc_ptmc_rep_cold = 4.0000000000 | Src: src/btc_mining_engine.c:414 engine_ptmc_swap()
[1939514211555] METRIC #98: btc_ptmc_accept = 1.0000000000 | Src: src/btc_mining_engine.c:414 engine_ptmc_swap()
[1939514241885] METRIC #99: btc_ptmc_rep_hot = 6.0000000000 | Src: src/btc_mining_engine.c:414 engine_ptmc_swap()
[1939514266665] METRIC #100: btc_ptmc_rep_cold = 5.0000000000 | Src: src/btc_mining_engine.c:414 engine_ptmc_swap()
[1939514291005] METRIC #101: btc_ptmc_accept = 1.0000000000 | Src: src/btc_mining_engine.c:414 engine_ptmc_swap()
[1939514315455] METRIC #102: btc_ptmc_rep_hot = 7.0000000000 | Src: src/btc_mining_engine.c:414 engine_ptmc_swap()
[1939514339635] METRIC #103: btc_ptmc_rep_cold = 6.0000000000 | Src: src/btc_mining_engine.c:414 engine_ptmc_swap()
[1939514378635] METRIC #104: btc_ptmc_accept = 1.0000000000 | Src: src/btc_mining_engine.c:414 engine_ptmc_swap()
[1939612644737] METRIC #105: btc_block_nonce = 3346435497.0000000000 | Src: src/btc_mining_engine.c:599 btc_mining_thread()
[1939612761067] METRIC #106: btc_best_leading_zeros = 20.0000000000 | Src: src/btc_mining_engine.c:599 btc_mining_thread()
[1939612786887] METRIC #107: btc_block_valid = 0.0000000000 | Src: src/btc_mining_engine.c:599 btc_mining_thread()
[1939612847807] METRIC #108: btc_best_leading_zeros = 20.0000000000 | Src: src/btc_mining_engine.c:600 btc_mining_thread()
[1939612985137] METRIC #109: btc_nx48_csv_saved = 1.0000000000 | Src: src/nx48_btc_controller.c:449 nx48_btc_save_csv()
[1939621780151] METRIC #110: btc_ptmc_rep_hot = 1.0000000000 | Src: src/btc_mining_engine.c:414 engine_ptmc_swap()
[1939621869691] METRIC #111: btc_ptmc_rep_cold = 0.0000000000 | Src: src/btc_mining_engine.c:414 engine_ptmc_swap()
[1939621896001] METRIC #112: btc_ptmc_accept = 1.0000000000 | Src: src/btc_mining_engine.c:414 engine_ptmc_swap()
[1939621922291] METRIC #113: btc_ptmc_rep_hot = 2.0000000000 | Src: src/btc_mining_engine.c:416 engine_ptmc_swap()
[1939621946911] METRIC #114: btc_ptmc_rep_cold = 1.0000000000 | Src: src/btc_mining_engine.c:416 engine_ptmc_swap()
[1939621970961] METRIC #115: btc_ptmc_accept = -0.7164924961 | Src: src/btc_mining_engine.c:416 engine_ptmc_swap()
[1939622015351] METRIC #116: btc_ptmc_rep_hot = 3.0000000000 | Src: src/btc_mining_engine.c:414 engine_ptmc_swap()
[1939622070911] METRIC #117: btc_ptmc_rep_cold = 2.0000000000 | Src: src/btc_mining_engine.c:414 engine_ptmc_swap()
[1939622094931] METRIC #118: btc_ptmc_accept = 1.0000000000 | Src: src/btc_mining_engine.c:414 engine_ptmc_swap()
[1939622122241] METRIC #119: btc_ptmc_rep_hot = 4.0000000000 | Src: src/btc_mining_engine.c:414 engine_ptmc_swap()
[1939622142161] METRIC #120: btc_ptmc_rep_cold = 3.0000000000 | Src: src/btc_mining_engine.c:414 engine_ptmc_swap()
[1939622160221] METRIC #121: btc_ptmc_accept = 1.0000000000 | Src: src/btc_mining_engine.c:414 engine_ptmc_swap()
[1939622178721] METRIC #122: btc_ptmc_rep_hot = 5.0000000000 | Src: src/btc_mining_engine.c:414 engine_ptmc_swap()
[1939622196621] METRIC #123: btc_ptmc_rep_cold = 4.0000000000 | Src: src/btc_mining_engine.c:414 engine_ptmc_swap()
[1939622214641] METRIC #124: btc_ptmc_accept = 0.9394112740 | Src: src/btc_mining_engine.c:414 engine_ptmc_swap()
[1939622241861] METRIC #125: btc_ptmc_rep_hot = 6.0000000000 | Src: src/btc_mining_engine.c:414 engine_ptmc_swap()
[1939622267081] METRIC #126: btc_ptmc_rep_cold = 5.0000000000 | Src: src/btc_mining_engine.c:414 engine_ptmc_swap()
[1939622289571] METRIC #127: btc_ptmc_accept = 0.9642889574 | Src: src/btc_mining_engine.c:414 engine_ptmc_swap()
[1939622315911] METRIC #128: btc_ptmc_rep_hot = 7.0000000000 | Src: src/btc_mining_engine.c:414 engine_ptmc_swap()
[1939622335491] METRIC #129: btc_ptmc_rep_cold = 6.0000000000 | Src: src/btc_mining_engine.c:414 engine_ptmc_swap()
[1939622353541] METRIC #130: btc_ptmc_accept = 0.9767447714 | Src: src/btc_mining_engine.c:414 engine_ptmc_swap()
[1939723723784] METRIC #131: btc_ptmc_rep_hot = 1.0000000000 | Src: src/btc_mining_engine.c:414 engine_ptmc_swap()
[1939723808704] METRIC #132: btc_ptmc_rep_cold = 0.0000000000 | Src: src/btc_mining_engine.c:414 engine_ptmc_swap()
[1939723829124] METRIC #133: btc_ptmc_accept = 1.0000000000 | Src: src/btc_mining_engine.c:414 engine_ptmc_swap()
[1939723854864] METRIC #134: btc_ptmc_rep_hot = 2.0000000000 | Src: src/btc_mining_engine.c:414 engine_ptmc_swap()
[1939723880144] METRIC #135: btc_ptmc_rep_cold = 1.0000000000 | Src: src/btc_mining_engine.c:414 engine_ptmc_swap()
[1939723903334] METRIC #136: btc_ptmc_accept = 0.7165140378 | Src: src/btc_mining_engine.c:414 engine_ptmc_swap()
[1939723931504] METRIC #137: btc_ptmc_rep_hot = 3.0000000000 | Src: src/btc_mining_engine.c:414 engine_ptmc_swap()
[1939723950334] METRIC #138: btc_ptmc_rep_cold = 2.0000000000 | Src: src/btc_mining_engine.c:414 engine_ptmc_swap()
[1939723984134] METRIC #139: btc_ptmc_accept = 1.0000000000 | Src: src/btc_mining_engine.c:414 engine_ptmc_swap()
[1939750608856] METRIC #140: btc_ptmc_rep_hot = 4.0000000000 | Src: src/btc_mining_engine.c:414 engine_ptmc_swap()
[1939750642036] METRIC #141: btc_ptmc_rep_cold = 3.0000000000 | Src: src/btc_mining_engine.c:414 engine_ptmc_swap()
[1939750667206] METRIC #142: btc_ptmc_accept = 1.0000000000 | Src: src/btc_mining_engine.c:414 engine_ptmc_swap()
[1939750700926] METRIC #143: btc_ptmc_rep_hot = 5.0000000000 | Src: src/btc_mining_engine.c:414 engine_ptmc_swap()
[1939750725246] METRIC #144: btc_ptmc_rep_cold = 4.0000000000 | Src: src/btc_mining_engine.c:414 engine_ptmc_swap()
[1939750749716] METRIC #145: btc_ptmc_accept = 0.9394122667 | Src: src/btc_mining_engine.c:414 engine_ptmc_swap()
[1939750778306] METRIC #146: btc_ptmc_rep_hot = 6.0000000000 | Src: src/btc_mining_engine.c:414 engine_ptmc_swap()
[1939750802376] METRIC #147: btc_ptmc_rep_cold = 5.0000000000 | Src: src/btc_mining_engine.c:414 engine_ptmc_swap()
[1939750825986] METRIC #148: btc_ptmc_accept = 0.9642893023 | Src: src/btc_mining_engine.c:414 engine_ptmc_swap()
[1939750850586] METRIC #149: btc_ptmc_rep_hot = 7.0000000000 | Src: src/btc_mining_engine.c:414 engine_ptmc_swap()
[1939750874716] METRIC #150: btc_ptmc_rep_cold = 6.0000000000 | Src: src/btc_mining_engine.c:414 engine_ptmc_swap()
[1939750898826] METRIC #151: btc_ptmc_accept = 1.0000000000 | Src: src/btc_mining_engine.c:414 engine_ptmc_swap()
[1939827449518] METRIC #152: btc_ptmc_rep_hot = 1.0000000000 | Src: src/btc_mining_engine.c:416 engine_ptmc_swap()
[1939827532518] METRIC #153: btc_ptmc_rep_cold = 0.0000000000 | Src: src/btc_mining_engine.c:416 engine_ptmc_swap()
[1939827552448] METRIC #154: btc_ptmc_accept = -0.0696187850 | Src: src/btc_mining_engine.c:416 engine_ptmc_swap()
[1939827572758] METRIC #155: btc_ptmc_rep_hot = 2.0000000000 | Src: src/btc_mining_engine.c:414 engine_ptmc_swap()
[1939827591078] METRIC #156: btc_ptmc_rep_cold = 1.0000000000 | Src: src/btc_mining_engine.c:414 engine_ptmc_swap()
[1939827609308] METRIC #157: btc_ptmc_accept = 1.0000000000 | Src: src/btc_mining_engine.c:414 engine_ptmc_swap()
[1939827627478] METRIC #158: btc_ptmc_rep_hot = 3.0000000000 | Src: src/btc_mining_engine.c:414 engine_ptmc_swap()
[1939827645508] METRIC #159: btc_ptmc_rep_cold = 2.0000000000 | Src: src/btc_mining_engine.c:414 engine_ptmc_swap()
[1939827663568] METRIC #160: btc_ptmc_accept = 1.0000000000 | Src: src/btc_mining_engine.c:414 engine_ptmc_swap()
[1939827694698] METRIC #161: btc_ptmc_rep_hot = 4.0000000000 | Src: src/btc_mining_engine.c:414 engine_ptmc_swap()
[1939827739348] METRIC #162: btc_ptmc_rep_cold = 3.0000000000 | Src: src/btc_mining_engine.c:414 engine_ptmc_swap()
[1939827757718] METRIC #163: btc_ptmc_accept = 1.0000000000 | Src: src/btc_mining_engine.c:414 engine_ptmc_swap()
[1939827775868] METRIC #164: btc_ptmc_rep_hot = 5.0000000000 | Src: src/btc_mining_engine.c:414 engine_ptmc_swap()
[1939827793968] METRIC #165: btc_ptmc_rep_cold = 4.0000000000 | Src: src/btc_mining_engine.c:414 engine_ptmc_swap()
[1939827812028] METRIC #166: btc_ptmc_accept = 1.0000000000 | Src: src/btc_mining_engine.c:414 engine_ptmc_swap()
[1939827830198] METRIC #167: btc_ptmc_rep_hot = 6.0000000000 | Src: src/btc_mining_engine.c:414 engine_ptmc_swap()
[1939827848178] METRIC #168: btc_ptmc_rep_cold = 5.0000000000 | Src: src/btc_mining_engine.c:414 engine_ptmc_swap()
[1939827866228] METRIC #169: btc_ptmc_accept = 1.0000000000 | Src: src/btc_mining_engine.c:414 engine_ptmc_swap()
[1939827884268] METRIC #170: btc_ptmc_rep_hot = 7.0000000000 | Src: src/btc_mining_engine.c:414 engine_ptmc_swap()
[1939827902168] METRIC #171: btc_ptmc_rep_cold = 6.0000000000 | Src: src/btc_mining_engine.c:414 engine_ptmc_swap()
[1939827920128] METRIC #172: btc_ptmc_accept = 1.0000000000 | Src: src/btc_mining_engine.c:414 engine_ptmc_swap()
[1939961494674] METRIC #173: btc_ptmc_rep_hot = 1.0000000000 | Src: src/btc_mining_engine.c:414 engine_ptmc_swap()
[1939961582544] METRIC #174: btc_ptmc_rep_cold = 0.0000000000 | Src: src/btc_mining_engine.c:414 engine_ptmc_swap()
[1939961616805] METRIC #175: btc_ptmc_accept = 0.5136174742 | Src: src/btc_mining_engine.c:414 engine_ptmc_swap()
[1939961651195] METRIC #176: btc_ptmc_rep_hot = 2.0000000000 | Src: src/btc_mining_engine.c:414 engine_ptmc_swap()
[1939961675305] METRIC #177: btc_ptmc_rep_cold = 1.0000000000 | Src: src/btc_mining_engine.c:414 engine_ptmc_swap()
[1939961699325] METRIC #178: btc_ptmc_accept = 0.7165701146 | Src: src/btc_mining_engine.c:414 engine_ptmc_swap()
[1939961734915] METRIC #179: btc_ptmc_rep_hot = 3.0000000000 | Src: src/btc_mining_engine.c:414 engine_ptmc_swap()
[1939961759025] METRIC #180: btc_ptmc_rep_cold = 2.0000000000 | Src: src/btc_mining_engine.c:414 engine_ptmc_swap()
[1939961783045] METRIC #181: btc_ptmc_accept = 0.7165507139 | Src: src/btc_mining_engine.c:414 engine_ptmc_swap()
[1939961813525] METRIC #182: btc_ptmc_rep_hot = 4.0000000000 | Src: src/btc_mining_engine.c:414 engine_ptmc_swap()
[1939961837805] METRIC #183: btc_ptmc_rep_cold = 3.0000000000 | Src: src/btc_mining_engine.c:414 engine_ptmc_swap()
[1939961862025] METRIC #184: btc_ptmc_accept = 0.9048418286 | Src: src/btc_mining_engine.c:414 engine_ptmc_swap()
[1939961892185] METRIC #185: btc_ptmc_rep_hot = 5.0000000000 | Src: src/btc_mining_engine.c:414 engine_ptmc_swap()
[1939961915905] METRIC #186: btc_ptmc_rep_cold = 4.0000000000 | Src: src/btc_mining_engine.c:414 engine_ptmc_swap()
[1939961938935] METRIC #187: btc_ptmc_accept = 0.9394148515 | Src: src/btc_mining_engine.c:414 engine_ptmc_swap()
[1939961963865] METRIC #188: btc_ptmc_rep_hot = 6.0000000000 | Src: src/btc_mining_engine.c:414 engine_ptmc_swap()
[1939961989245] METRIC #189: btc_ptmc_rep_cold = 5.0000000000 | Src: src/btc_mining_engine.c:414 engine_ptmc_swap()
[1939962037225] METRIC #190: btc_ptmc_accept = 0.9642902005 | Src: src/btc_mining_engine.c:414 engine_ptmc_swap()
[1939962064495] METRIC #191: btc_ptmc_rep_hot = 7.0000000000 | Src: src/btc_mining_engine.c:414 engine_ptmc_swap()
[1939962088645] METRIC #192: btc_ptmc_rep_cold = 6.0000000000 | Src: src/btc_mining_engine.c:414 engine_ptmc_swap()
[1939962112915] METRIC #193: btc_ptmc_accept = 0.9540308635 | Src: src/btc_mining_engine.c:414 engine_ptmc_swap()
