=== LOG FORENSIQUE ULTRA-STRICT v3.0 MODULE btc_qm_engine ===
Timestamp: 15887864460587 ns | PID: 2752 | Thread: 140250005929152
Standards: ISO/IEC 27037, NIST SP 800-86, IEEE 1012
=====================================================
[15887864787787] TEST_START: main_btc_mining | Source: src/main_btc_mining.c:208 in main()
[15887864952357] METRIC #1: btc_run_mode_hash = 66.0000000000 | Src: src/main_btc_mining.c:210 main()
[15888021289878] METRIC #2: btc_module_version = 17.0000000000 | Src: src/main_btc_mining.c:211 main()
[15888022517468] METRIC #3: btc_nx48_init_loaded = 0.0000000000 | Src: src/nx48_btc_controller.c:158 nx48_btc_init()
[15888022963888] METRIC #4: btc_nx48_delta_nonce_scale = 1.0000000000 | Src: src/nx48_btc_controller.c:159 nx48_btc_init()
[15888023489008] METRIC #5: btc_nx48_n_replicas_scale = 1.0000000000 | Src: src/nx48_btc_controller.c:160 nx48_btc_init()
[15888023949868] METRIC #6: btc_nx48_swap_temp_scale = 1.0000000000 | Src: src/nx48_btc_controller.c:161 nx48_btc_init()
[15888024421148] METRIC #7: btc_nx48_batch_size_scale = 1.0000000000 | Src: src/nx48_btc_controller.c:162 nx48_btc_init()
[15888024865008] METRIC #8: btc_nx48_exploration_bias = 0.5000000000 | Src: src/nx48_btc_controller.c:163 nx48_btc_init()
[15888025325818] METRIC #9: btc_nx48_neuron_count = 2.0000000000 | Src: src/nx48_btc_controller.c:164 nx48_btc_init()
[15888025920548] METRIC #10: btc_sha256_self_test_pass = 1.0000000000 | Src: src/sha256_lumvorax.c:396 lv_sha256_self_test()
[15888026442368] METRIC #11: btc_wallet_from_privkey_start = 1.0000000000 | Src: src/btc_wallet.c:356 btc_wallet_from_privkey()
[15888031975278] METRIC #12: btc_wallet_from_privkey_ok = 1.0000000000 | Src: src/btc_wallet.c:407 btc_wallet_from_privkey()
[15888033350668] METRIC #13: btc_wallet_saved_json = 1.0000000000 | Src: src/btc_wallet.c:507 btc_wallet_save_json()
[15888034018518] METRIC #14: btc_sha256_self_test_pass = 1.0000000000 | Src: src/sha256_lumvorax.c:396 lv_sha256_self_test()
[15888034475668] METRIC #15: btc_integrity_gate_pass = 1.0000000000 | Src: src/btc_mining_engine.c:814 btc_engine_run()
[15888035827828] METRIC #16: btc_ram_available_mb_start = 18994.0000000000 | Src: src/btc_mining_engine.c:854 btc_engine_run()
[15888036318408] TEST_START: btc_engine_create | Source: src/btc_mining_engine.c:422 in engine_create()
[15888036460668] METRIC #17: btc_n_replicas = 8.0000000000 | Src: src/btc_mining_engine.c:423 engine_create()
[15888036863808] METRIC #18: btc_n_threads = 2.0000000000 | Src: src/btc_mining_engine.c:424 engine_create()
[15888037316878] METRIC #19: btc_batch_size = 512.0000000000 | Src: src/btc_mining_engine.c:425 engine_create()
[15888037691348] METRIC #20: btc_nonce_start = 0.0000000000 | Src: src/btc_mining_engine.c:426 engine_create()
[15888038105828] METRIC #21: btc_nonce_end = 4294967295.0000000000 | Src: src/btc_mining_engine.c:427 engine_create()
[15888038494878] METRIC #22: btc_duration_s = 2.0000000000 | Src: src/btc_mining_engine.c:428 engine_create()
[15888038873568] METRIC #23: btc_replica_idx = 0.0000000000 | Src: src/btc_mining_engine.c:432 engine_create()
[15888039259818] METRIC #24: btc_replica_nonce = 0.0000000000 | Src: src/btc_mining_engine.c:432 engine_create()
[15888039659498] METRIC #25: btc_replica_temp = 1.0000000000 | Src: src/btc_mining_engine.c:432 engine_create()
[15888040089748] METRIC #26: btc_replica_leading = 0.0000000000 | Src: src/btc_mining_engine.c:432 engine_create()
[15888040516138] METRIC #27: btc_replica_idx = 1.0000000000 | Src: src/btc_mining_engine.c:432 engine_create()
[15888040939068] METRIC #28: btc_replica_nonce = 536870911.0000000000 | Src: src/btc_mining_engine.c:432 engine_create()
[15888041413728] METRIC #29: btc_replica_temp = 2.0000000000 | Src: src/btc_mining_engine.c:432 engine_create()
[15888041808368] METRIC #30: btc_replica_leading = 0.0000000000 | Src: src/btc_mining_engine.c:432 engine_create()
[15888042239268] METRIC #31: btc_replica_idx = 2.0000000000 | Src: src/btc_mining_engine.c:432 engine_create()
[15888042669408] METRIC #32: btc_replica_nonce = 1073741822.0000000000 | Src: src/btc_mining_engine.c:432 engine_create()
[15888043317548] METRIC #33: btc_replica_temp = 4.0000000000 | Src: src/btc_mining_engine.c:432 engine_create()
[15888043791438] METRIC #34: btc_replica_leading = 0.0000000000 | Src: src/btc_mining_engine.c:432 engine_create()
[15888044689778] METRIC #35: btc_replica_idx = 3.0000000000 | Src: src/btc_mining_engine.c:432 engine_create()
[15888045163658] METRIC #36: btc_replica_nonce = 1610612733.0000000000 | Src: src/btc_mining_engine.c:432 engine_create()
[15888045588818] METRIC #37: btc_replica_temp = 8.0000000000 | Src: src/btc_mining_engine.c:432 engine_create()
[15888046111008] METRIC #38: btc_replica_leading = 0.0000000000 | Src: src/btc_mining_engine.c:432 engine_create()
[15888046605438] METRIC #39: btc_replica_idx = 4.0000000000 | Src: src/btc_mining_engine.c:432 engine_create()
[15888047111088] METRIC #40: btc_replica_nonce = 2147483644.0000000000 | Src: src/btc_mining_engine.c:432 engine_create()
[15888047577238] METRIC #41: btc_replica_temp = 12.0000000000 | Src: src/btc_mining_engine.c:432 engine_create()
[15888048116398] METRIC #42: btc_replica_leading = 0.0000000000 | Src: src/btc_mining_engine.c:432 engine_create()
[15888048579128] METRIC #43: btc_replica_idx = 5.0000000000 | Src: src/btc_mining_engine.c:432 engine_create()
[15888049076418] METRIC #44: btc_replica_nonce = 2684354555.0000000000 | Src: src/btc_mining_engine.c:432 engine_create()
[15888049573568] METRIC #45: btc_replica_temp = 20.0000000000 | Src: src/btc_mining_engine.c:432 engine_create()
[15888050093528] METRIC #46: btc_replica_leading = 0.0000000000 | Src: src/btc_mining_engine.c:432 engine_create()
[15888050622538] METRIC #47: btc_replica_idx = 6.0000000000 | Src: src/btc_mining_engine.c:432 engine_create()
[15888051139148] METRIC #48: btc_replica_nonce = 3221225466.0000000000 | Src: src/btc_mining_engine.c:432 engine_create()
[15888051651268] METRIC #49: btc_replica_temp = 35.0000000000 | Src: src/btc_mining_engine.c:432 engine_create()
[15888052239138] METRIC #50: btc_replica_leading = 0.0000000000 | Src: src/btc_mining_engine.c:432 engine_create()
[15888052741678] METRIC #51: btc_replica_idx = 7.0000000000 | Src: src/btc_mining_engine.c:432 engine_create()
[15888053349978] METRIC #52: btc_replica_nonce = 3758096377.0000000000 | Src: src/btc_mining_engine.c:432 engine_create()
[15888053876798] METRIC #53: btc_replica_temp = 50.0000000000 | Src: src/btc_mining_engine.c:432 engine_create()
[15888054508778] METRIC #54: btc_replica_leading = 0.0000000000 | Src: src/btc_mining_engine.c:432 engine_create()
[15888055058038] METRIC #55: btc_midstate_applied = 1.0000000000 | Src: src/btc_mining_engine.c:869 btc_engine_run()
[15888056253338] METRIC #56: btc_block_nonce = 3702933076.0000000000 | Src: src/btc_mining_engine.c:677 btc_mining_thread()
[15888057452748] METRIC #57: btc_best_leading_zeros = 1.0000000000 | Src: src/btc_mining_engine.c:677 btc_mining_thread()
[15888058109958] METRIC #58: btc_block_valid = 0.0000000000 | Src: src/btc_mining_engine.c:677 btc_mining_thread()
[15888058729198] METRIC #59: btc_threads_launched = 2.0000000000 | Src: src/btc_mining_engine.c:888 btc_engine_run()
[15888199553969] METRIC #60: btc_best_leading_zeros = 1.0000000000 | Src: src/btc_mining_engine.c:679 btc_mining_thread()
[15888200473529] METRIC #61: btc_nx48_csv_saved = 1.0000000000 | Src: src/nx48_btc_controller.c:479 nx48_btc_save_csv()
[15888200990909] METRIC #62: btc_block_nonce = 3702900731.0000000000 | Src: src/btc_mining_engine.c:677 btc_mining_thread()
[15888201549269] METRIC #63: btc_best_leading_zeros = 2.0000000000 | Src: src/btc_mining_engine.c:677 btc_mining_thread()
[15888202016089] METRIC #64: btc_block_valid = 0.0000000000 | Src: src/btc_mining_engine.c:677 btc_mining_thread()
[15888203058489] METRIC #65: btc_best_leading_zeros = 2.0000000000 | Src: src/btc_mining_engine.c:679 btc_mining_thread()
[15888203795939] METRIC #66: btc_nx48_csv_saved = 1.0000000000 | Src: src/nx48_btc_controller.c:479 nx48_btc_save_csv()
[15888204312969] METRIC #67: btc_block_nonce = 1280327360.0000000000 | Src: src/btc_mining_engine.c:677 btc_mining_thread()
[15888204764779] METRIC #68: btc_best_leading_zeros = 4.0000000000 | Src: src/btc_mining_engine.c:677 btc_mining_thread()
[15888205244759] METRIC #69: btc_block_valid = 0.0000000000 | Src: src/btc_mining_engine.c:677 btc_mining_thread()
[15888206314419] METRIC #70: btc_best_leading_zeros = 4.0000000000 | Src: src/btc_mining_engine.c:679 btc_mining_thread()
[15888207151439] METRIC #71: btc_nx48_csv_saved = 1.0000000000 | Src: src/nx48_btc_controller.c:479 nx48_btc_save_csv()
[15888209286769] METRIC #72: btc_block_nonce = 3301575141.0000000000 | Src: src/btc_mining_engine.c:677 btc_mining_thread()
[15888209768209] METRIC #73: btc_best_leading_zeros = 9.0000000000 | Src: src/btc_mining_engine.c:677 btc_mining_thread()
[15888210234099] METRIC #74: btc_block_valid = 0.0000000000 | Src: src/btc_mining_engine.c:677 btc_mining_thread()
[15888211261249] METRIC #75: btc_best_leading_zeros = 9.0000000000 | Src: src/btc_mining_engine.c:679 btc_mining_thread()
[15888212010479] METRIC #76: btc_nx48_csv_saved = 1.0000000000 | Src: src/nx48_btc_controller.c:479 nx48_btc_save_csv()
[15888214231839] METRIC #77: btc_ptmc_rep_hot = 1.0000000000 | Src: src/btc_mining_engine.c:492 engine_ptmc_swap()
[15888214773559] METRIC #78: btc_ptmc_rep_cold = 0.0000000000 | Src: src/btc_mining_engine.c:492 engine_ptmc_swap()
[15888215269139] METRIC #79: btc_ptmc_accept = 1.0000000000 | Src: src/btc_mining_engine.c:492 engine_ptmc_swap()
[15888215714170] METRIC #80: btc_ptmc_rep_hot = 2.0000000000 | Src: src/btc_mining_engine.c:492 engine_ptmc_swap()
[15888216223190] METRIC #81: btc_ptmc_rep_cold = 1.0000000000 | Src: src/btc_mining_engine.c:492 engine_ptmc_swap()
[15888216729689] METRIC #82: btc_ptmc_accept = 1.0000000000 | Src: src/btc_mining_engine.c:492 engine_ptmc_swap()
[15888217421180] METRIC #83: btc_ptmc_rep_hot = 3.0000000000 | Src: src/btc_mining_engine.c:492 engine_ptmc_swap()
[15888217885470] METRIC #84: btc_ptmc_rep_cold = 2.0000000000 | Src: src/btc_mining_engine.c:492 engine_ptmc_swap()
[15888218315330] METRIC #85: btc_ptmc_accept = 1.0000000000 | Src: src/btc_mining_engine.c:492 engine_ptmc_swap()
[15888218741850] METRIC #86: btc_ptmc_rep_hot = 4.0000000000 | Src: src/btc_mining_engine.c:492 engine_ptmc_swap()
[15888219304159] METRIC #87: btc_ptmc_rep_cold = 3.0000000000 | Src: src/btc_mining_engine.c:492 engine_ptmc_swap()
[15888219766849] METRIC #88: btc_ptmc_accept = 1.0000000000 | Src: src/btc_mining_engine.c:492 engine_ptmc_swap()
[15888220205399] METRIC #89: btc_ptmc_rep_hot = 5.0000000000 | Src: src/btc_mining_engine.c:492 engine_ptmc_swap()
[15888220649750] METRIC #90: btc_ptmc_rep_cold = 4.0000000000 | Src: src/btc_mining_engine.c:492 engine_ptmc_swap()
[15888221158120] METRIC #91: btc_ptmc_accept = 1.0000000000 | Src: src/btc_mining_engine.c:492 engine_ptmc_swap()
[15888221749100] METRIC #92: btc_block_nonce = 203572169.0000000000 | Src: src/btc_mining_engine.c:677 btc_mining_thread()
[15888222467580] METRIC #93: btc_best_leading_zeros = 12.0000000000 | Src: src/btc_mining_engine.c:677 btc_mining_thread()
[15888222967870] METRIC #94: btc_block_valid = 0.0000000000 | Src: src/btc_mining_engine.c:677 btc_mining_thread()
[15888223499700] METRIC #95: btc_ptmc_rep_hot = 6.0000000000 | Src: src/btc_mining_engine.c:492 engine_ptmc_swap()
[15888224279190] METRIC #96: btc_best_leading_zeros = 12.0000000000 | Src: src/btc_mining_engine.c:679 btc_mining_thread()
[15888224881990] METRIC #97: btc_ptmc_rep_cold = 5.0000000000 | Src: src/btc_mining_engine.c:492 engine_ptmc_swap()
[15888225494700] METRIC #98: btc_ptmc_accept = 1.0000000000 | Src: src/btc_mining_engine.c:492 engine_ptmc_swap()
[15888225985930] METRIC #99: btc_nx48_csv_saved = 1.0000000000 | Src: src/nx48_btc_controller.c:479 nx48_btc_save_csv()
[15888226485470] METRIC #100: btc_ptmc_rep_hot = 7.0000000000 | Src: src/btc_mining_engine.c:492 engine_ptmc_swap()
[15888227113150] METRIC #101: btc_ptmc_rep_cold = 6.0000000000 | Src: src/btc_mining_engine.c:492 engine_ptmc_swap()
[15888227611730] METRIC #102: btc_ptmc_accept = 1.0000000000 | Src: src/btc_mining_engine.c:492 engine_ptmc_swap()
[15888317942310] METRIC #103: btc_ptmc_rep_hot = 1.0000000000 | Src: src/btc_mining_engine.c:492 engine_ptmc_swap()
[15888318481990] METRIC #104: btc_ptmc_rep_cold = 0.0000000000 | Src: src/btc_mining_engine.c:492 engine_ptmc_swap()
[15888318937970] METRIC #105: btc_ptmc_accept = 1.0000000000 | Src: src/btc_mining_engine.c:492 engine_ptmc_swap()
[15888319714500] METRIC #106: btc_ptmc_rep_hot = 2.0000000000 | Src: src/btc_mining_engine.c:492 engine_ptmc_swap()
[15888320297010] METRIC #107: btc_ptmc_rep_cold = 1.0000000000 | Src: src/btc_mining_engine.c:492 engine_ptmc_swap()
[15888320959320] METRIC #108: btc_ptmc_accept = 1.0000000000 | Src: src/btc_mining_engine.c:492 engine_ptmc_swap()
[15888321533570] METRIC #109: btc_ptmc_rep_hot = 3.0000000000 | Src: src/btc_mining_engine.c:492 engine_ptmc_swap()
[15888322064450] METRIC #110: btc_ptmc_rep_cold = 2.0000000000 | Src: src/btc_mining_engine.c:492 engine_ptmc_swap()
[15888322521300] METRIC #111: btc_ptmc_accept = 1.0000000000 | Src: src/btc_mining_engine.c:492 engine_ptmc_swap()
[15888322962630] METRIC #112: btc_ptmc_rep_hot = 4.0000000000 | Src: src/btc_mining_engine.c:492 engine_ptmc_swap()
[15888323480060] METRIC #113: btc_ptmc_rep_cold = 3.0000000000 | Src: src/btc_mining_engine.c:492 engine_ptmc_swap()
[15888323996500] METRIC #114: btc_ptmc_accept = 1.0000000000 | Src: src/btc_mining_engine.c:492 engine_ptmc_swap()
[15888325305520] METRIC #115: btc_ptmc_rep_hot = 5.0000000000 | Src: src/btc_mining_engine.c:492 engine_ptmc_swap()
[15888325734290] METRIC #116: btc_ptmc_rep_cold = 4.0000000000 | Src: src/btc_mining_engine.c:492 engine_ptmc_swap()
[15888326244900] METRIC #117: btc_ptmc_accept = 1.0000000000 | Src: src/btc_mining_engine.c:492 engine_ptmc_swap()
[15888326701150] METRIC #118: btc_ptmc_rep_hot = 6.0000000000 | Src: src/btc_mining_engine.c:492 engine_ptmc_swap()
[15888327227430] METRIC #119: btc_ptmc_rep_cold = 5.0000000000 | Src: src/btc_mining_engine.c:492 engine_ptmc_swap()
[15888327691500] METRIC #120: btc_ptmc_accept = 1.0000000000 | Src: src/btc_mining_engine.c:492 engine_ptmc_swap()
[15888328148950] METRIC #121: btc_ptmc_rep_hot = 7.0000000000 | Src: src/btc_mining_engine.c:492 engine_ptmc_swap()
[15888328752590] METRIC #122: btc_ptmc_rep_cold = 6.0000000000 | Src: src/btc_mining_engine.c:492 engine_ptmc_swap()
[15888329190890] METRIC #123: btc_ptmc_accept = 1.0000000000 | Src: src/btc_mining_engine.c:492 engine_ptmc_swap()
[15888420284611] METRIC #124: btc_ptmc_rep_hot = 1.0000000000 | Src: src/btc_mining_engine.c:494 engine_ptmc_swap()
[15888420828311] METRIC #125: btc_ptmc_rep_cold = 0.0000000000 | Src: src/btc_mining_engine.c:494 engine_ptmc_swap()
[15888421331761] METRIC #126: btc_ptmc_accept = -0.5136174742 | Src: src/btc_mining_engine.c:494 engine_ptmc_swap()
[15888421966701] METRIC #127: btc_ptmc_rep_hot = 2.0000000000 | Src: src/btc_mining_engine.c:492 engine_ptmc_swap()
[15888422567721] METRIC #128: btc_ptmc_rep_cold = 1.0000000000 | Src: src/btc_mining_engine.c:492 engine_ptmc_swap()
[15888422977761] METRIC #129: btc_ptmc_accept = 1.0000000000 | Src: src/btc_mining_engine.c:492 engine_ptmc_swap()
[15888423481401] METRIC #130: btc_ptmc_rep_hot = 3.0000000000 | Src: src/btc_mining_engine.c:492 engine_ptmc_swap()
[15888423939101] METRIC #131: btc_ptmc_rep_cold = 2.0000000000 | Src: src/btc_mining_engine.c:492 engine_ptmc_swap()
[15888424497171] METRIC #132: btc_ptmc_accept = 1.0000000000 | Src: src/btc_mining_engine.c:492 engine_ptmc_swap()
[15888424957311] METRIC #133: btc_ptmc_rep_hot = 4.0000000000 | Src: src/btc_mining_engine.c:492 engine_ptmc_swap()
[15888425433751] METRIC #134: btc_ptmc_rep_cold = 3.0000000000 | Src: src/btc_mining_engine.c:492 engine_ptmc_swap()
[15888425830991] METRIC #135: btc_ptmc_accept = 1.0000000000 | Src: src/btc_mining_engine.c:492 engine_ptmc_swap()
[15888426278921] METRIC #136: btc_ptmc_rep_hot = 5.0000000000 | Src: src/btc_mining_engine.c:492 engine_ptmc_swap()
[15888426709401] METRIC #137: btc_ptmc_rep_cold = 4.0000000000 | Src: src/btc_mining_engine.c:492 engine_ptmc_swap()
[15888427197901] METRIC #138: btc_ptmc_accept = 1.0000000000 | Src: src/btc_mining_engine.c:492 engine_ptmc_swap()
[15888427662401] METRIC #139: btc_ptmc_rep_hot = 6.0000000000 | Src: src/btc_mining_engine.c:492 engine_ptmc_swap()
[15888428172971] METRIC #140: btc_ptmc_rep_cold = 5.0000000000 | Src: src/btc_mining_engine.c:492 engine_ptmc_swap()
[15888428832181] METRIC #141: btc_ptmc_accept = 1.0000000000 | Src: src/btc_mining_engine.c:492 engine_ptmc_swap()
[15888429300421] METRIC #142: btc_ptmc_rep_hot = 7.0000000000 | Src: src/btc_mining_engine.c:492 engine_ptmc_swap()
[15888429715151] METRIC #143: btc_ptmc_rep_cold = 6.0000000000 | Src: src/btc_mining_engine.c:492 engine_ptmc_swap()
[15888430262631] METRIC #144: btc_ptmc_accept = 1.0000000000 | Src: src/btc_mining_engine.c:492 engine_ptmc_swap()
[15888524402372] METRIC #145: btc_ptmc_rep_hot = 1.0000000000 | Src: src/btc_mining_engine.c:494 engine_ptmc_swap()
[15888524931522] METRIC #146: btc_ptmc_rep_cold = 0.0000000000 | Src: src/btc_mining_engine.c:494 engine_ptmc_swap()
[15888525583062] METRIC #147: btc_ptmc_accept = -0.0696187850 | Src: src/btc_mining_engine.c:494 engine_ptmc_swap()
[15888526230002] METRIC #148: btc_ptmc_rep_hot = 2.0000000000 | Src: src/btc_mining_engine.c:494 engine_ptmc_swap()
[15888526749552] METRIC #149: btc_ptmc_rep_cold = 1.0000000000 | Src: src/btc_mining_engine.c:494 engine_ptmc_swap()
[15888527192682] METRIC #150: btc_ptmc_accept = -0.7165485813 | Src: src/btc_mining_engine.c:494 engine_ptmc_swap()
[15888527629922] METRIC #151: btc_ptmc_rep_hot = 3.0000000000 | Src: src/btc_mining_engine.c:492 engine_ptmc_swap()
[15888528102222] METRIC #152: btc_ptmc_rep_cold = 2.0000000000 | Src: src/btc_mining_engine.c:492 engine_ptmc_swap()
[15888528444832] METRIC #153: btc_ptmc_accept = 1.0000000000 | Src: src/btc_mining_engine.c:492 engine_ptmc_swap()
[15888528831212] METRIC #154: btc_ptmc_rep_hot = 4.0000000000 | Src: src/btc_mining_engine.c:492 engine_ptmc_swap()
[15888529224632] METRIC #155: btc_ptmc_rep_cold = 3.0000000000 | Src: src/btc_mining_engine.c:492 engine_ptmc_swap()
[15888529568932] METRIC #156: btc_ptmc_accept = 1.0000000000 | Src: src/btc_mining_engine.c:492 engine_ptmc_swap()
[15888529897652] METRIC #157: btc_ptmc_rep_hot = 5.0000000000 | Src: src/btc_mining_engine.c:492 engine_ptmc_swap()
[15888530349392] METRIC #158: btc_ptmc_rep_cold = 4.0000000000 | Src: src/btc_mining_engine.c:492 engine_ptmc_swap()
[15888530928562] METRIC #159: btc_ptmc_accept = 1.0000000000 | Src: src/btc_mining_engine.c:492 engine_ptmc_swap()
[15888531411242] METRIC #160: btc_ptmc_rep_hot = 6.0000000000 | Src: src/btc_mining_engine.c:492 engine_ptmc_swap()
[15888531778662] METRIC #161: btc_ptmc_rep_cold = 5.0000000000 | Src: src/btc_mining_engine.c:492 engine_ptmc_swap()
[15888532305882] METRIC #162: btc_ptmc_accept = 1.0000000000 | Src: src/btc_mining_engine.c:492 engine_ptmc_swap()
[15888532736552] METRIC #163: btc_ptmc_rep_hot = 7.0000000000 | Src: src/btc_mining_engine.c:492 engine_ptmc_swap()
[15888533168132] METRIC #164: btc_ptmc_rep_cold = 6.0000000000 | Src: src/btc_mining_engine.c:492 engine_ptmc_swap()
[15888533528622] METRIC #165: btc_ptmc_accept = 1.0000000000 | Src: src/btc_mining_engine.c:492 engine_ptmc_swap()
[15888624694203] METRIC #166: btc_ptmc_rep_hot = 1.0000000000 | Src: src/btc_mining_engine.c:492 engine_ptmc_swap()
[15888625357943] METRIC #167: btc_ptmc_rep_cold = 0.0000000000 | Src: src/btc_mining_engine.c:492 engine_ptmc_swap()
[15888625769013] METRIC #168: btc_ptmc_accept = 1.0000000000 | Src: src/btc_mining_engine.c:492 engine_ptmc_swap()
[15888626189543] METRIC #169: btc_ptmc_rep_hot = 2.0000000000 | Src: src/btc_mining_engine.c:494 engine_ptmc_swap()
[15888626625263] METRIC #170: btc_ptmc_rep_cold = 1.0000000000 | Src: src/btc_mining_engine.c:494 engine_ptmc_swap()
[15888627113773] METRIC #171: btc_ptmc_accept = -0.7165701146 | Src: src/btc_mining_engine.c:494 engine_ptmc_swap()
[15888627633113] METRIC #172: btc_ptmc_rep_hot = 3.0000000000 | Src: src/btc_mining_engine.c:492 engine_ptmc_swap()
[15888628175523] METRIC #173: btc_ptmc_rep_cold = 2.0000000000 | Src: src/btc_mining_engine.c:492 engine_ptmc_swap()
[15888628677563] METRIC #174: btc_ptmc_accept = 1.0000000000 | Src: src/btc_mining_engine.c:492 engine_ptmc_swap()
[15888629206953] METRIC #175: btc_ptmc_rep_hot = 4.0000000000 | Src: src/btc_mining_engine.c:492 engine_ptmc_swap()
[15888629715423] METRIC #176: btc_ptmc_rep_cold = 3.0000000000 | Src: src/btc_mining_engine.c:492 engine_ptmc_swap()
[15888630237603] METRIC #177: btc_ptmc_accept = 1.0000000000 | Src: src/btc_mining_engine.c:492 engine_ptmc_swap()
[15888630730873] METRIC #178: btc_ptmc_rep_hot = 5.0000000000 | Src: src/btc_mining_engine.c:492 engine_ptmc_swap()
[15888631277643] METRIC #179: btc_ptmc_rep_cold = 4.0000000000 | Src: src/btc_mining_engine.c:492 engine_ptmc_swap()
[15888631718893] METRIC #180: btc_ptmc_accept = 1.0000000000 | Src: src/btc_mining_engine.c:492 engine_ptmc_swap()
[15888632178683] METRIC #181: btc_ptmc_rep_hot = 6.0000000000 | Src: src/btc_mining_engine.c:492 engine_ptmc_swap()
[15888632618843] METRIC #182: btc_ptmc_rep_cold = 5.0000000000 | Src: src/btc_mining_engine.c:492 engine_ptmc_swap()
[15888633082063] METRIC #183: btc_ptmc_accept = 1.0000000000 | Src: src/btc_mining_engine.c:492 engine_ptmc_swap()
[15888633566053] METRIC #184: btc_ptmc_rep_hot = 7.0000000000 | Src: src/btc_mining_engine.c:492 engine_ptmc_swap()
[15888634073363] METRIC #185: btc_ptmc_rep_cold = 6.0000000000 | Src: src/btc_mining_engine.c:492 engine_ptmc_swap()
[15888634527723] METRIC #186: btc_ptmc_accept = 1.0000000000 | Src: src/btc_mining_engine.c:492 engine_ptmc_swap()
[15888721818834] METRIC #187: btc_block_nonce = 1562304168.0000000000 | Src: src/btc_mining_engine.c:677 btc_mining_thread()
[15888722242174] METRIC #188: btc_best_leading_zeros = 16.0000000000 | Src: src/btc_mining_engine.c:677 btc_mining_thread()
[15888722634104] METRIC #189: btc_block_valid = 0.0000000000 | Src: src/btc_mining_engine.c:677 btc_mining_thread()
[15888723366854] METRIC #190: btc_best_leading_zeros = 16.0000000000 | Src: src/btc_mining_engine.c:679 btc_mining_thread()
[15888724083444] METRIC #191: btc_nx48_csv_saved = 1.0000000000 | Src: src/nx48_btc_controller.c:479 nx48_btc_save_csv()
[15888725244574] METRIC #192: btc_ptmc_rep_hot = 1.0000000000 | Src: src/btc_mining_engine.c:492 engine_ptmc_swap()
[15888725704894] METRIC #193: btc_ptmc_rep_cold = 0.0000000000 | Src: src/btc_mining_engine.c:492 engine_ptmc_swap()
[15888726242984] METRIC #194: btc_ptmc_accept = 1.0000000000 | Src: src/btc_mining_engine.c:492 engine_ptmc_swap()
[15888726788374] METRIC #195: btc_ptmc_rep_hot = 2.0000000000 | Src: src/btc_mining_engine.c:492 engine_ptmc_swap()
[15888727373184] METRIC #196: btc_ptmc_rep_cold = 1.0000000000 | Src: src/btc_mining_engine.c:492 engine_ptmc_swap()
[15888727870114] METRIC #197: btc_ptmc_accept = 0.7165624298 | Src: src/btc_mining_engine.c:492 engine_ptmc_swap()
[15888728436914] METRIC #198: btc_ptmc_rep_hot = 3.0000000000 | Src: src/btc_mining_engine.c:492 engine_ptmc_swap()
[15888728755544] METRIC #199: btc_ptmc_rep_cold = 2.0000000000 | Src: src/btc_mining_engine.c:492 engine_ptmc_swap()
[15888729083374] METRIC #200: btc_ptmc_accept = 0.8464909161 | Src: src/btc_mining_engine.c:492 engine_ptmc_swap()
[15888729370514] METRIC #201: btc_ptmc_rep_hot = 4.0000000000 | Src: src/btc_mining_engine.c:492 engine_ptmc_swap()
[15888729653344] METRIC #202: btc_ptmc_rep_cold = 3.0000000000 | Src: src/btc_mining_engine.c:492 engine_ptmc_swap()
[15888729983544] METRIC #203: btc_ptmc_accept = 0.9048409551 | Src: src/btc_mining_engine.c:492 engine_ptmc_swap()
[15888730467184] METRIC #204: btc_ptmc_rep_hot = 5.0000000000 | Src: src/btc_mining_engine.c:492 engine_ptmc_swap()
[15888730835954] METRIC #205: btc_ptmc_rep_cold = 4.0000000000 | Src: src/btc_mining_engine.c:492 engine_ptmc_swap()
[15888731159934] METRIC #206: btc_ptmc_accept = 0.9394144973 | Src: src/btc_mining_engine.c:492 engine_ptmc_swap()
[15888731487774] METRIC #207: btc_ptmc_rep_hot = 6.0000000000 | Src: src/btc_mining_engine.c:494 engine_ptmc_swap()
[15888731781174] METRIC #208: btc_ptmc_rep_cold = 5.0000000000 | Src: src/btc_mining_engine.c:494 engine_ptmc_swap()
[15888732134464] METRIC #209: btc_ptmc_accept = -0.9642900774 | Src: src/btc_mining_engine.c:494 engine_ptmc_swap()
[15888732475214] METRIC #210: btc_ptmc_rep_hot = 7.0000000000 | Src: src/btc_mining_engine.c:492 engine_ptmc_swap()
[15888732765894] METRIC #211: btc_ptmc_rep_cold = 6.0000000000 | Src: src/btc_mining_engine.c:492 engine_ptmc_swap()
[15888733093294] METRIC #212: btc_ptmc_accept = 1.0000000000 | Src: src/btc_mining_engine.c:492 engine_ptmc_swap()
[15888817624085] METRIC #213: btc_block_nonce = 2772869959.0000000000 | Src: src/btc_mining_engine.c:677 btc_mining_thread()
[15888818193715] METRIC #214: btc_best_leading_zeros = 20.0000000000 | Src: src/btc_mining_engine.c:677 btc_mining_thread()
[15888818654175] METRIC #215: btc_block_valid = 0.0000000000 | Src: src/btc_mining_engine.c:677 btc_mining_thread()
[15888819725404] METRIC #216: btc_best_leading_zeros = 20.0000000000 | Src: src/btc_mining_engine.c:679 btc_mining_thread()
[15888820595485] METRIC #217: btc_nx48_csv_saved = 1.0000000000 | Src: src/nx48_btc_controller.c:479 nx48_btc_save_csv()
[15888825809305] METRIC #218: btc_ptmc_rep_hot = 1.0000000000 | Src: src/btc_mining_engine.c:494 engine_ptmc_swap()
[15888826346505] METRIC #219: btc_ptmc_rep_cold = 0.0000000000 | Src: src/btc_mining_engine.c:494 engine_ptmc_swap()
[15888826788535] METRIC #220: btc_ptmc_accept = -0.5134171190 | Src: src/btc_mining_engine.c:494 engine_ptmc_swap()
[15888827304295] METRIC #221: btc_ptmc_rep_hot = 2.0000000000 | Src: src/btc_mining_engine.c:492 engine_ptmc_swap()
[15888827763985] METRIC #222: btc_ptmc_rep_cold = 1.0000000000 | Src: src/btc_mining_engine.c:492 engine_ptmc_swap()
[15888828235255] METRIC #223: btc_ptmc_accept = 0.7165313106 | Src: src/btc_mining_engine.c:492 engine_ptmc_swap()
[15888828730135] METRIC #224: btc_ptmc_rep_hot = 3.0000000000 | Src: src/btc_mining_engine.c:492 engine_ptmc_swap()
[15888829321225] METRIC #225: btc_ptmc_rep_cold = 2.0000000000 | Src: src/btc_mining_engine.c:492 engine_ptmc_swap()
[15888829783245] METRIC #226: btc_ptmc_accept = 0.8464817249 | Src: src/btc_mining_engine.c:492 engine_ptmc_swap()
[15888830290475] METRIC #227: btc_ptmc_rep_hot = 4.0000000000 | Src: src/btc_mining_engine.c:492 engine_ptmc_swap()
[15888830950955] METRIC #228: btc_ptmc_rep_cold = 3.0000000000 | Src: src/btc_mining_engine.c:492 engine_ptmc_swap()
[15888831461475] METRIC #229: btc_ptmc_accept = 0.9048374180 | Src: src/btc_mining_engine.c:492 engine_ptmc_swap()
[15888831916785] METRIC #230: btc_ptmc_rep_hot = 5.0000000000 | Src: src/btc_mining_engine.c:492 engine_ptmc_swap()
[15888832476175] METRIC #231: btc_ptmc_rep_cold = 4.0000000000 | Src: src/btc_mining_engine.c:492 engine_ptmc_swap()
[15888832929125] METRIC #232: btc_ptmc_accept = 1.0000000000 | Src: src/btc_mining_engine.c:492 engine_ptmc_swap()
[15888833466515] METRIC #233: btc_ptmc_rep_hot = 6.0000000000 | Src: src/btc_mining_engine.c:492 engine_ptmc_swap()
[15888834074315] METRIC #234: btc_ptmc_rep_cold = 5.0000000000 | Src: src/btc_mining_engine.c:492 engine_ptmc_swap()
[15888834629975] METRIC #235: btc_ptmc_accept = 0.9642895790 | Src: src/btc_mining_engine.c:492 engine_ptmc_swap()
[15888835152945] METRIC #236: btc_ptmc_rep_hot = 7.0000000000 | Src: src/btc_mining_engine.c:492 engine_ptmc_swap()
[15888835605265] METRIC #237: btc_ptmc_rep_cold = 6.0000000000 | Src: src/btc_mining_engine.c:492 engine_ptmc_swap()
[15888836148735] METRIC #238: btc_ptmc_accept = 0.9767452464 | Src: src/btc_mining_engine.c:492 engine_ptmc_swap()
[15888927533815] METRIC #239: btc_ptmc_rep_hot = 1.0000000000 | Src: src/btc_mining_engine.c:492 engine_ptmc_swap()
[15888928162215] METRIC #240: btc_ptmc_rep_cold = 0.0000000000 | Src: src/btc_mining_engine.c:492 engine_ptmc_swap()
[15888928612665] METRIC #241: btc_ptmc_accept = 1.0000000000 | Src: src/btc_mining_engine.c:492 engine_ptmc_swap()
[15888929110725] METRIC #242: btc_ptmc_rep_hot = 2.0000000000 | Src: src/btc_mining_engine.c:492 engine_ptmc_swap()
[15888930350895] METRIC #243: btc_ptmc_rep_cold = 1.0000000000 | Src: src/btc_mining_engine.c:492 engine_ptmc_swap()
[15888930982185] METRIC #244: btc_ptmc_accept = 1.0000000000 | Src: src/btc_mining_engine.c:492 engine_ptmc_swap()
[15888931542655] METRIC #245: btc_ptmc_rep_hot = 3.0000000000 | Src: src/btc_mining_engine.c:492 engine_ptmc_swap()
[15888932224356] METRIC #246: btc_ptmc_rep_cold = 2.0000000000 | Src: src/btc_mining_engine.c:492 engine_ptmc_swap()
[15888932709205] METRIC #247: btc_ptmc_accept = 1.0000000000 | Src: src/btc_mining_engine.c:492 engine_ptmc_swap()
[15888933177265] METRIC #248: btc_ptmc_rep_hot = 4.0000000000 | Src: src/btc_mining_engine.c:492 engine_ptmc_swap()
[15888933569125] METRIC #249: btc_ptmc_rep_cold = 3.0000000000 | Src: src/btc_mining_engine.c:492 engine_ptmc_swap()
[15888934133315] METRIC #250: btc_ptmc_accept = 1.0000000000 | Src: src/btc_mining_engine.c:492 engine_ptmc_swap()
[15888934663965] METRIC #251: btc_ptmc_rep_hot = 5.0000000000 | Src: src/btc_mining_engine.c:492 engine_ptmc_swap()
[15888935219105] METRIC #252: btc_ptmc_rep_cold = 4.0000000000 | Src: src/btc_mining_engine.c:492 engine_ptmc_swap()
[15888935701965] METRIC #253: btc_ptmc_accept = 1.0000000000 | Src: src/btc_mining_engine.c:492 engine_ptmc_swap()
[15888936284105] METRIC #254: btc_ptmc_rep_hot = 6.0000000000 | Src: src/btc_mining_engine.c:492 engine_ptmc_swap()
[15888936707686] METRIC #255: btc_ptmc_rep_cold = 5.0000000000 | Src: src/btc_mining_engine.c:492 engine_ptmc_swap()
[15888937170956] METRIC #256: btc_ptmc_accept = 1.0000000000 | Src: src/btc_mining_engine.c:492 engine_ptmc_swap()
[15888937591715] METRIC #257: btc_ptmc_rep_hot = 7.0000000000 | Src: src/btc_mining_engine.c:492 engine_ptmc_swap()
[15888938011155] METRIC #258: btc_ptmc_rep_cold = 6.0000000000 | Src: src/btc_mining_engine.c:492 engine_ptmc_swap()
[15888938463736] METRIC #259: btc_ptmc_accept = 1.0000000000 | Src: src/btc_mining_engine.c:492 engine_ptmc_swap()
[15889027838076] METRIC #260: btc_ptmc_rep_hot = 1.0000000000 | Src: src/btc_mining_engine.c:494 engine_ptmc_swap()
[15889028421496] METRIC #261: btc_ptmc_rep_cold = 0.0000000000 | Src: src/btc_mining_engine.c:494 engine_ptmc_swap()
[15889028852096] METRIC #262: btc_ptmc_accept = -0.1354058228 | Src: src/btc_mining_engine.c:494 engine_ptmc_swap()
[15889029412826] METRIC #263: btc_ptmc_rep_hot = 2.0000000000 | Src: src/btc_mining_engine.c:492 engine_ptmc_swap()
[15889029822186] METRIC #264: btc_ptmc_rep_cold = 1.0000000000 | Src: src/btc_mining_engine.c:492 engine_ptmc_swap()
[15889030344036] METRIC #265: btc_ptmc_accept = 1.0000000000 | Src: src/btc_mining_engine.c:492 engine_ptmc_swap()
[15889030947816] METRIC #266: btc_ptmc_rep_hot = 3.0000000000 | Src: src/btc_mining_engine.c:492 engine_ptmc_swap()
[15889031397486] METRIC #267: btc_ptmc_rep_cold = 2.0000000000 | Src: src/btc_mining_engine.c:492 engine_ptmc_swap()
[15889031831766] METRIC #268: btc_ptmc_accept = 1.0000000000 | Src: src/btc_mining_engine.c:492 engine_ptmc_swap()
[15889032317336] METRIC #269: btc_ptmc_rep_hot = 4.0000000000 | Src: src/btc_mining_engine.c:492 engine_ptmc_swap()
[15889032775646] METRIC #270: btc_ptmc_rep_cold = 3.0000000000 | Src: src/btc_mining_engine.c:492 engine_ptmc_swap()
[15889033315866] METRIC #271: btc_ptmc_accept = 1.0000000000 | Src: src/btc_mining_engine.c:492 engine_ptmc_swap()
[15889033784596] METRIC #272: btc_ptmc_rep_hot = 5.0000000000 | Src: src/btc_mining_engine.c:492 engine_ptmc_swap()
[15889034453766] METRIC #273: btc_ptmc_rep_cold = 4.0000000000 | Src: src/btc_mining_engine.c:492 engine_ptmc_swap()
[15889034958756] METRIC #274: btc_ptmc_accept = 1.0000000000 | Src: src/btc_mining_engine.c:492 engine_ptmc_swap()
[15889035413716] METRIC #275: btc_ptmc_rep_hot = 6.0000000000 | Src: src/btc_mining_engine.c:492 engine_ptmc_swap()
[15889035866246] METRIC #276: btc_ptmc_rep_cold = 5.0000000000 | Src: src/btc_mining_engine.c:492 engine_ptmc_swap()
[15889036363916] METRIC #277: btc_ptmc_accept = 1.0000000000 | Src: src/btc_mining_engine.c:492 engine_ptmc_swap()
[15889036766136] METRIC #278: btc_ptmc_rep_hot = 7.0000000000 | Src: src/btc_mining_engine.c:492 engine_ptmc_swap()
[15889037219756] METRIC #279: btc_ptmc_rep_cold = 6.0000000000 | Src: src/btc_mining_engine.c:492 engine_ptmc_swap()
[15889037685676] METRIC #280: btc_ptmc_accept = 1.0000000000 | Src: src/btc_mining_engine.c:492 engine_ptmc_swap()
[15889128189897] METRIC #281: btc_ptmc_rep_hot = 1.0000000000 | Src: src/btc_mining_engine.c:492 engine_ptmc_swap()
[15889128738607] METRIC #282: btc_ptmc_rep_cold = 0.0000000000 | Src: src/btc_mining_engine.c:492 engine_ptmc_swap()
[15889129239777] METRIC #283: btc_ptmc_accept = 0.2638029098 | Src: src/btc_mining_engine.c:492 engine_ptmc_swap()
[15889130031937] METRIC #284: btc_ptmc_rep_hot = 2.0000000000 | Src: src/btc_mining_engine.c:492 engine_ptmc_swap()
[15889130529717] METRIC #285: btc_ptmc_rep_cold = 1.0000000000 | Src: src/btc_mining_engine.c:492 engine_ptmc_swap()
[15889130971467] METRIC #286: btc_ptmc_accept = 1.0000000000 | Src: src/btc_mining_engine.c:492 engine_ptmc_swap()
[15889132131077] METRIC #287: btc_ptmc_rep_hot = 3.0000000000 | Src: src/btc_mining_engine.c:492 engine_ptmc_swap()
[15889132682427] METRIC #288: btc_ptmc_rep_cold = 2.0000000000 | Src: src/btc_mining_engine.c:492 engine_ptmc_swap()
[15889133238027] METRIC #289: btc_ptmc_accept = 1.0000000000 | Src: src/btc_mining_engine.c:492 engine_ptmc_swap()
[15889133818107] METRIC #290: btc_ptmc_rep_hot = 4.0000000000 | Src: src/btc_mining_engine.c:492 engine_ptmc_swap()
[15889134409467] METRIC #291: btc_ptmc_rep_cold = 3.0000000000 | Src: src/btc_mining_engine.c:492 engine_ptmc_swap()
[15889134939627] METRIC #292: btc_ptmc_accept = 1.0000000000 | Src: src/btc_mining_engine.c:492 engine_ptmc_swap()
[15889135434487] METRIC #293: btc_ptmc_rep_hot = 5.0000000000 | Src: src/btc_mining_engine.c:492 engine_ptmc_swap()
[15889135886757] METRIC #294: btc_ptmc_rep_cold = 4.0000000000 | Src: src/btc_mining_engine.c:492 engine_ptmc_swap()
[15889136344977] METRIC #295: btc_ptmc_accept = 1.0000000000 | Src: src/btc_mining_engine.c:492 engine_ptmc_swap()
[15889136744437] METRIC #296: btc_ptmc_rep_hot = 6.0000000000 | Src: src/btc_mining_engine.c:492 engine_ptmc_swap()
[15889137145697] METRIC #297: btc_ptmc_rep_cold = 5.0000000000 | Src: src/btc_mining_engine.c:492 engine_ptmc_swap()
[15889137538447] METRIC #298: btc_ptmc_accept = 1.0000000000 | Src: src/btc_mining_engine.c:492 engine_ptmc_swap()
[15889138108597] METRIC #299: btc_ptmc_rep_hot = 7.0000000000 | Src: src/btc_mining_engine.c:492 engine_ptmc_swap()
[15889139283297] METRIC #300: btc_ptmc_rep_cold = 6.0000000000 | Src: src/btc_mining_engine.c:492 engine_ptmc_swap()
[15889139938857] METRIC #301: btc_ptmc_accept = 1.0000000000 | Src: src/btc_mining_engine.c:492 engine_ptmc_swap()
[15889230113468] METRIC #302: btc_ptmc_rep_hot = 1.0000000000 | Src: src/btc_mining_engine.c:492 engine_ptmc_swap()
[15889230756598] METRIC #303: btc_ptmc_rep_cold = 0.0000000000 | Src: src/btc_mining_engine.c:492 engine_ptmc_swap()
[15889231319648] METRIC #304: btc_ptmc_accept = 1.0000000000 | Src: src/btc_mining_engine.c:492 engine_ptmc_swap()
[15889231872708] METRIC #305: btc_ptmc_rep_hot = 2.0000000000 | Src: src/btc_mining_engine.c:492 engine_ptmc_swap()
[15889232408488] METRIC #306: btc_ptmc_rep_cold = 1.0000000000 | Src: src/btc_mining_engine.c:492 engine_ptmc_swap()
[15889232942498] METRIC #307: btc_ptmc_accept = 1.0000000000 | Src: src/btc_mining_engine.c:492 engine_ptmc_swap()
[15889233447028] METRIC #308: btc_ptmc_rep_hot = 3.0000000000 | Src: src/btc_mining_engine.c:492 engine_ptmc_swap()
[15889233851058] METRIC #309: btc_ptmc_rep_cold = 2.0000000000 | Src: src/btc_mining_engine.c:492 engine_ptmc_swap()
[15889234304868] METRIC #310: btc_ptmc_accept = 1.0000000000 | Src: src/btc_mining_engine.c:492 engine_ptmc_swap()
[15889234658558] METRIC #311: btc_ptmc_rep_hot = 4.0000000000 | Src: src/btc_mining_engine.c:492 engine_ptmc_swap()
[15889235027128] METRIC #312: btc_ptmc_rep_cold = 3.0000000000 | Src: src/btc_mining_engine.c:492 engine_ptmc_swap()
[15889235387058] METRIC #313: btc_ptmc_accept = 1.0000000000 | Src: src/btc_mining_engine.c:492 engine_ptmc_swap()
[15889235758808] METRIC #314: btc_ptmc_rep_hot = 5.0000000000 | Src: src/btc_mining_engine.c:492 engine_ptmc_swap()
[15889236143908] METRIC #315: btc_ptmc_rep_cold = 4.0000000000 | Src: src/btc_mining_engine.c:492 engine_ptmc_swap()
[15889236508418] METRIC #316: btc_ptmc_accept = 1.0000000000 | Src: src/btc_mining_engine.c:492 engine_ptmc_swap()
[15889236867358] METRIC #317: btc_ptmc_rep_hot = 6.0000000000 | Src: src/btc_mining_engine.c:492 engine_ptmc_swap()
[15889237245798] METRIC #318: btc_ptmc_rep_cold = 5.0000000000 | Src: src/btc_mining_engine.c:492 engine_ptmc_swap()
[15889237607358] METRIC #319: btc_ptmc_accept = 1.0000000000 | Src: src/btc_mining_engine.c:492 engine_ptmc_swap()
[15889237961788] METRIC #320: btc_ptmc_rep_hot = 7.0000000000 | Src: src/btc_mining_engine.c:492 engine_ptmc_swap()
[15889238330048] METRIC #321: btc_ptmc_rep_cold = 6.0000000000 | Src: src/btc_mining_engine.c:492 engine_ptmc_swap()
[15889238690028] METRIC #322: btc_ptmc_accept = 1.0000000000 | Src: src/btc_mining_engine.c:492 engine_ptmc_swap()
[15889331093149] METRIC #323: btc_ptmc_rep_hot = 1.0000000000 | Src: src/btc_mining_engine.c:492 engine_ptmc_swap()
[15889331656139] METRIC #324: btc_ptmc_rep_cold = 0.0000000000 | Src: src/btc_mining_engine.c:492 engine_ptmc_swap()
[15889332221919] METRIC #325: btc_ptmc_accept = 0.5136174742 | Src: src/btc_mining_engine.c:492 engine_ptmc_swap()
[15889332783619] METRIC #326: btc_ptmc_rep_hot = 2.0000000000 | Src: src/btc_mining_engine.c:492 engine_ptmc_swap()
[15889333242919] METRIC #327: btc_ptmc_rep_cold = 1.0000000000 | Src: src/btc_mining_engine.c:492 engine_ptmc_swap()
[15889333660419] METRIC #328: btc_ptmc_accept = 0.7165701146 | Src: src/btc_mining_engine.c:492 engine_ptmc_swap()
[15889334105629] METRIC #329: btc_ptmc_rep_hot = 3.0000000000 | Src: src/btc_mining_engine.c:492 engine_ptmc_swap()
[15889334536649] METRIC #330: btc_ptmc_rep_cold = 2.0000000000 | Src: src/btc_mining_engine.c:492 engine_ptmc_swap()
[15889334968989] METRIC #331: btc_ptmc_accept = 1.0000000000 | Src: src/btc_mining_engine.c:492 engine_ptmc_swap()
[15889335507419] METRIC #332: btc_ptmc_rep_hot = 4.0000000000 | Src: src/btc_mining_engine.c:492 engine_ptmc_swap()
[15889335929439] METRIC #333: btc_ptmc_rep_cold = 3.0000000000 | Src: src/btc_mining_engine.c:492 engine_ptmc_swap()
[15889336452839] METRIC #334: btc_ptmc_accept = 0.9048418286 | Src: src/btc_mining_engine.c:492 engine_ptmc_swap()
[15889336876919] METRIC #335: btc_ptmc_rep_hot = 5.0000000000 | Src: src/btc_mining_engine.c:494 engine_ptmc_swap()
[15889337504809] METRIC #336: btc_ptmc_rep_cold = 4.0000000000 | Src: src/btc_mining_engine.c:494 engine_ptmc_swap()
[15889337963909] METRIC #337: btc_ptmc_accept = -0.9394148515 | Src: src/btc_mining_engine.c:494 engine_ptmc_swap()
[15889338458499] METRIC #338: btc_ptmc_rep_hot = 6.0000000000 | Src: src/btc_mining_engine.c:492 engine_ptmc_swap()
[15889338996479] METRIC #339: btc_ptmc_rep_cold = 5.0000000000 | Src: src/btc_mining_engine.c:492 engine_ptmc_swap()
[15889339473999] METRIC #340: btc_ptmc_accept = 1.0000000000 | Src: src/btc_mining_engine.c:492 engine_ptmc_swap()
[15889339931479] METRIC #341: btc_ptmc_rep_hot = 7.0000000000 | Src: src/btc_mining_engine.c:492 engine_ptmc_swap()
[15889340504989] METRIC #342: btc_ptmc_rep_cold = 6.0000000000 | Src: src/btc_mining_engine.c:492 engine_ptmc_swap()
[15889341065179] METRIC #343: btc_ptmc_accept = 1.0000000000 | Src: src/btc_mining_engine.c:492 engine_ptmc_swap()
[15889433661670] METRIC #344: btc_ptmc_rep_hot = 1.0000000000 | Src: src/btc_mining_engine.c:492 engine_ptmc_swap()
[15889434237070] METRIC #345: btc_ptmc_rep_cold = 0.0000000000 | Src: src/btc_mining_engine.c:492 engine_ptmc_swap()
[15889434712480] METRIC #346: btc_ptmc_accept = 0.5135063048 | Src: src/btc_mining_engine.c:492 engine_ptmc_swap()
[15889435324280] METRIC #347: btc_ptmc_rep_hot = 2.0000000000 | Src: src/btc_mining_engine.c:492 engine_ptmc_swap()
[15889435788040] METRIC #348: btc_ptmc_rep_cold = 1.0000000000 | Src: src/btc_mining_engine.c:492 engine_ptmc_swap()
[15889436313690] METRIC #349: btc_ptmc_accept = 1.0000000000 | Src: src/btc_mining_engine.c:492 engine_ptmc_swap()
[15889436862920] METRIC #350: btc_ptmc_rep_hot = 3.0000000000 | Src: src/btc_mining_engine.c:492 engine_ptmc_swap()
[15889437354750] METRIC #351: btc_ptmc_rep_cold = 2.0000000000 | Src: src/btc_mining_engine.c:492 engine_ptmc_swap()
[15889437865330] METRIC #352: btc_ptmc_accept = 0.8464909161 | Src: src/btc_mining_engine.c:492 engine_ptmc_swap()
[15889438389510] METRIC #353: btc_ptmc_rep_hot = 4.0000000000 | Src: src/btc_mining_engine.c:492 engine_ptmc_swap()
[15889438955260] METRIC #354: btc_ptmc_rep_cold = 3.0000000000 | Src: src/btc_mining_engine.c:492 engine_ptmc_swap()
[15889439485220] METRIC #355: btc_ptmc_accept = 1.0000000000 | Src: src/btc_mining_engine.c:492 engine_ptmc_swap()
[15889440211950] METRIC #356: btc_ptmc_rep_hot = 5.0000000000 | Src: src/btc_mining_engine.c:492 engine_ptmc_swap()
[15889440675410] METRIC #357: btc_ptmc_rep_cold = 4.0000000000 | Src: src/btc_mining_engine.c:492 engine_ptmc_swap()
[15889441206600] METRIC #358: btc_ptmc_accept = 0.9394144973 | Src: src/btc_mining_engine.c:492 engine_ptmc_swap()
[15889441679480] METRIC #359: btc_ptmc_rep_hot = 6.0000000000 | Src: src/btc_mining_engine.c:492 engine_ptmc_swap()
[15889442205580] METRIC #360: btc_ptmc_rep_cold = 5.0000000000 | Src: src/btc_mining_engine.c:492 engine_ptmc_swap()
[15889442666510] METRIC #361: btc_ptmc_accept = 0.9642900774 | Src: src/btc_mining_engine.c:492 engine_ptmc_swap()
[15889443179530] METRIC #362: btc_ptmc_rep_hot = 7.0000000000 | Src: src/btc_mining_engine.c:492 engine_ptmc_swap()
[15889443658050] METRIC #363: btc_ptmc_rep_cold = 6.0000000000 | Src: src/btc_mining_engine.c:492 engine_ptmc_swap()
[15889444180470] METRIC #364: btc_ptmc_accept = 0.9767452464 | Src: src/btc_mining_engine.c:492 engine_ptmc_swap()
[15889534357461] METRIC #365: btc_ptmc_rep_hot = 1.0000000000 | Src: src/btc_mining_engine.c:492 engine_ptmc_swap()
[15889534982590] METRIC #366: btc_ptmc_rep_cold = 0.0000000000 | Src: src/btc_mining_engine.c:492 engine_ptmc_swap()
[15889535580331] METRIC #367: btc_ptmc_accept = 1.0000000000 | Src: src/btc_mining_engine.c:492 engine_ptmc_swap()
[15889536114861] METRIC #368: btc_ptmc_rep_hot = 2.0000000000 | Src: src/btc_mining_engine.c:492 engine_ptmc_swap()
[15889536631761] METRIC #369: btc_ptmc_rep_cold = 1.0000000000 | Src: src/btc_mining_engine.c:492 engine_ptmc_swap()
[15889537143731] METRIC #370: btc_ptmc_accept = 1.0000000000 | Src: src/btc_mining_engine.c:492 engine_ptmc_swap()
[15889537739720] METRIC #371: btc_ptmc_rep_hot = 3.0000000000 | Src: src/btc_mining_engine.c:492 engine_ptmc_swap()
[15889538279020] METRIC #372: btc_ptmc_rep_cold = 2.0000000000 | Src: src/btc_mining_engine.c:492 engine_ptmc_swap()
[15889538795741] METRIC #373: btc_ptmc_accept = 1.0000000000 | Src: src/btc_mining_engine.c:492 engine_ptmc_swap()
[15889539435101] METRIC #374: btc_ptmc_rep_hot = 4.0000000000 | Src: src/btc_mining_engine.c:492 engine_ptmc_swap()
[15889539935701] METRIC #375: btc_ptmc_rep_cold = 3.0000000000 | Src: src/btc_mining_engine.c:492 engine_ptmc_swap()
[15889540496001] METRIC #376: btc_ptmc_accept = 1.0000000000 | Src: src/btc_mining_engine.c:492 engine_ptmc_swap()
[15889540920781] METRIC #377: btc_ptmc_rep_hot = 5.0000000000 | Src: src/btc_mining_engine.c:492 engine_ptmc_swap()
[15889541425881] METRIC #378: btc_ptmc_rep_cold = 4.0000000000 | Src: src/btc_mining_engine.c:492 engine_ptmc_swap()
[15889541934941] METRIC #379: btc_ptmc_accept = 1.0000000000 | Src: src/btc_mining_engine.c:492 engine_ptmc_swap()
[15889542572721] METRIC #380: btc_ptmc_rep_hot = 6.0000000000 | Src: src/btc_mining_engine.c:492 engine_ptmc_swap()
[15889543178971] METRIC #381: btc_ptmc_rep_cold = 5.0000000000 | Src: src/btc_mining_engine.c:492 engine_ptmc_swap()
[15889543709921] METRIC #382: btc_ptmc_accept = 1.0000000000 | Src: src/btc_mining_engine.c:492 engine_ptmc_swap()
[15889544216211] METRIC #383: btc_ptmc_rep_hot = 7.0000000000 | Src: src/btc_mining_engine.c:492 engine_ptmc_swap()
[15889544694801] METRIC #384: btc_ptmc_rep_cold = 6.0000000000 | Src: src/btc_mining_engine.c:492 engine_ptmc_swap()
[15889545270971] METRIC #385: btc_ptmc_accept = 1.0000000000 | Src: src/btc_mining_engine.c:492 engine_ptmc_swap()
[15889634987741] METRIC #386: btc_ptmc_rep_hot = 1.0000000000 | Src: src/btc_mining_engine.c:494 engine_ptmc_swap()
[15889635628091] METRIC #387: btc_ptmc_rep_cold = 0.0000000000 | Src: src/btc_mining_engine.c:494 engine_ptmc_swap()
[15889636190411] METRIC #388: btc_ptmc_accept = -0.2635971381 | Src: src/btc_mining_engine.c:494 engine_ptmc_swap()
[15889636743191] METRIC #389: btc_ptmc_rep_hot = 2.0000000000 | Src: src/btc_mining_engine.c:492 engine_ptmc_swap()
[15889637278591] METRIC #390: btc_ptmc_rep_cold = 1.0000000000 | Src: src/btc_mining_engine.c:492 engine_ptmc_swap()
[15889637789401] METRIC #391: btc_ptmc_accept = 1.0000000000 | Src: src/btc_mining_engine.c:492 engine_ptmc_swap()
[15889638519311] METRIC #392: btc_ptmc_rep_hot = 3.0000000000 | Src: src/btc_mining_engine.c:492 engine_ptmc_swap()
[15889639081151] METRIC #393: btc_ptmc_rep_cold = 2.0000000000 | Src: src/btc_mining_engine.c:492 engine_ptmc_swap()
[15889639666641] METRIC #394: btc_ptmc_accept = 1.0000000000 | Src: src/btc_mining_engine.c:492 engine_ptmc_swap()
[15889640311581] METRIC #395: btc_ptmc_rep_hot = 4.0000000000 | Src: src/btc_mining_engine.c:492 engine_ptmc_swap()
[15889640798971] METRIC #396: btc_ptmc_rep_cold = 3.0000000000 | Src: src/btc_mining_engine.c:492 engine_ptmc_swap()
[15889641352641] METRIC #397: btc_ptmc_accept = 1.0000000000 | Src: src/btc_mining_engine.c:492 engine_ptmc_swap()
[15889641889511] METRIC #398: btc_ptmc_rep_hot = 5.0000000000 | Src: src/btc_mining_engine.c:492 engine_ptmc_swap()
[15889642306781] METRIC #399: btc_ptmc_rep_cold = 4.0000000000 | Src: src/btc_mining_engine.c:492 engine_ptmc_swap()
[15889642756631] METRIC #400: btc_ptmc_accept = 1.0000000000 | Src: src/btc_mining_engine.c:492 engine_ptmc_swap()
[15889643415621] METRIC #401: btc_ptmc_rep_hot = 6.0000000000 | Src: src/btc_mining_engine.c:492 engine_ptmc_swap()
[15889643871001] METRIC #402: btc_ptmc_rep_cold = 5.0000000000 | Src: src/btc_mining_engine.c:492 engine_ptmc_swap()
[15889644481811] METRIC #403: btc_ptmc_accept = 1.0000000000 | Src: src/btc_mining_engine.c:492 engine_ptmc_swap()
[15889644931151] METRIC #404: btc_ptmc_rep_hot = 7.0000000000 | Src: src/btc_mining_engine.c:492 engine_ptmc_swap()
[15889645531711] METRIC #405: btc_ptmc_rep_cold = 6.0000000000 | Src: src/btc_mining_engine.c:492 engine_ptmc_swap()
[15889645962811] METRIC #406: btc_ptmc_accept = 1.0000000000 | Src: src/btc_mining_engine.c:492 engine_ptmc_swap()
[15889735786562] METRIC #407: btc_ptmc_rep_hot = 1.0000000000 | Src: src/btc_mining_engine.c:492 engine_ptmc_swap()
[15889736385942] METRIC #408: btc_ptmc_rep_cold = 0.0000000000 | Src: src/btc_mining_engine.c:492 engine_ptmc_swap()
[15889736888512] METRIC #409: btc_ptmc_accept = 1.0000000000 | Src: src/btc_mining_engine.c:492 engine_ptmc_swap()
[15889737453312] METRIC #410: btc_ptmc_rep_hot = 2.0000000000 | Src: src/btc_mining_engine.c:494 engine_ptmc_swap()
[15889737955592] METRIC #411: btc_ptmc_rep_cold = 1.0000000000 | Src: src/btc_mining_engine.c:494 engine_ptmc_swap()
[15889738470962] METRIC #412: btc_ptmc_accept = -0.3678196603 | Src: src/btc_mining_engine.c:494 engine_ptmc_swap()
[15889739082812] METRIC #413: btc_ptmc_rep_hot = 3.0000000000 | Src: src/btc_mining_engine.c:492 engine_ptmc_swap()
[15889739654712] METRIC #414: btc_ptmc_rep_cold = 2.0000000000 | Src: src/btc_mining_engine.c:492 engine_ptmc_swap()
[15889740327622] METRIC #415: btc_ptmc_accept = 1.0000000000 | Src: src/btc_mining_engine.c:492 engine_ptmc_swap()
[15889740824152] METRIC #416: btc_ptmc_rep_hot = 4.0000000000 | Src: src/btc_mining_engine.c:492 engine_ptmc_swap()
[15889741438312] METRIC #417: btc_ptmc_rep_cold = 3.0000000000 | Src: src/btc_mining_engine.c:492 engine_ptmc_swap()
[15889741953752] METRIC #418: btc_ptmc_accept = 1.0000000000 | Src: src/btc_mining_engine.c:492 engine_ptmc_swap()
[15889742484492] METRIC #419: btc_ptmc_rep_hot = 5.0000000000 | Src: src/btc_mining_engine.c:492 engine_ptmc_swap()
[15889743126602] METRIC #420: btc_ptmc_rep_cold = 4.0000000000 | Src: src/btc_mining_engine.c:492 engine_ptmc_swap()
[15889743669762] METRIC #421: btc_ptmc_accept = 1.0000000000 | Src: src/btc_mining_engine.c:492 engine_ptmc_swap()
[15889744174972] METRIC #422: btc_ptmc_rep_hot = 6.0000000000 | Src: src/btc_mining_engine.c:492 engine_ptmc_swap()
[15889744664562] METRIC #423: btc_ptmc_rep_cold = 5.0000000000 | Src: src/btc_mining_engine.c:492 engine_ptmc_swap()
[15889745187682] METRIC #424: btc_ptmc_accept = 1.0000000000 | Src: src/btc_mining_engine.c:492 engine_ptmc_swap()
[15889745731512] METRIC #425: btc_ptmc_rep_hot = 7.0000000000 | Src: src/btc_mining_engine.c:492 engine_ptmc_swap()
[15889746142052] METRIC #426: btc_ptmc_rep_cold = 6.0000000000 | Src: src/btc_mining_engine.c:492 engine_ptmc_swap()
[15889746506762] METRIC #427: btc_ptmc_accept = 1.0000000000 | Src: src/btc_mining_engine.c:492 engine_ptmc_swap()
[15889836549763] METRIC #428: btc_ptmc_rep_hot = 1.0000000000 | Src: src/btc_mining_engine.c:492 engine_ptmc_swap()
[15889837249113] METRIC #429: btc_ptmc_rep_cold = 0.0000000000 | Src: src/btc_mining_engine.c:492 engine_ptmc_swap()
[15889837880393] METRIC #430: btc_ptmc_accept = 1.0000000000 | Src: src/btc_mining_engine.c:492 engine_ptmc_swap()
[15889838574273] METRIC #431: btc_ptmc_rep_hot = 2.0000000000 | Src: src/btc_mining_engine.c:492 engine_ptmc_swap()
[15889839204643] METRIC #432: btc_ptmc_rep_cold = 1.0000000000 | Src: src/btc_mining_engine.c:492 engine_ptmc_swap()
[15889839687273] METRIC #433: btc_ptmc_accept = 1.0000000000 | Src: src/btc_mining_engine.c:492 engine_ptmc_swap()
[15889840428013] METRIC #434: btc_ptmc_rep_hot = 3.0000000000 | Src: src/btc_mining_engine.c:492 engine_ptmc_swap()
[15889841610513] METRIC #435: btc_ptmc_rep_cold = 2.0000000000 | Src: src/btc_mining_engine.c:492 engine_ptmc_swap()
[15889842182433] METRIC #436: btc_ptmc_accept = 1.0000000000 | Src: src/btc_mining_engine.c:492 engine_ptmc_swap()
[15889842694193] METRIC #437: btc_ptmc_rep_hot = 4.0000000000 | Src: src/btc_mining_engine.c:492 engine_ptmc_swap()
[15889845092753] METRIC #438: btc_ptmc_rep_cold = 3.0000000000 | Src: src/btc_mining_engine.c:492 engine_ptmc_swap()
[15889845583203] METRIC #439: btc_ptmc_accept = 1.0000000000 | Src: src/btc_mining_engine.c:492 engine_ptmc_swap()
[15889846055773] METRIC #440: btc_ptmc_rep_hot = 5.0000000000 | Src: src/btc_mining_engine.c:492 engine_ptmc_swap()
[15889846613163] METRIC #441: btc_ptmc_rep_cold = 4.0000000000 | Src: src/btc_mining_engine.c:492 engine_ptmc_swap()
[15889847152953] METRIC #442: btc_ptmc_accept = 1.0000000000 | Src: src/btc_mining_engine.c:492 engine_ptmc_swap()
[15889847599253] METRIC #443: btc_ptmc_rep_hot = 6.0000000000 | Src: src/btc_mining_engine.c:492 engine_ptmc_swap()
[15889848119953] METRIC #444: btc_ptmc_rep_cold = 5.0000000000 | Src: src/btc_mining_engine.c:492 engine_ptmc_swap()
[15889848574453] METRIC #445: btc_ptmc_accept = 1.0000000000 | Src: src/btc_mining_engine.c:492 engine_ptmc_swap()
[15889849096573] METRIC #446: btc_ptmc_rep_hot = 7.0000000000 | Src: src/btc_mining_engine.c:492 engine_ptmc_swap()
[15889849644513] METRIC #447: btc_ptmc_rep_cold = 6.0000000000 | Src: src/btc_mining_engine.c:492 engine_ptmc_swap()
[15889851456183] METRIC #448: btc_ptmc_accept = 1.0000000000 | Src: src/btc_mining_engine.c:492 engine_ptmc_swap()
[15889937864524] METRIC #449: btc_ptmc_rep_hot = 1.0000000000 | Src: src/btc_mining_engine.c:492 engine_ptmc_swap()
[15889938447814] METRIC #450: btc_ptmc_rep_cold = 0.0000000000 | Src: src/btc_mining_engine.c:492 engine_ptmc_swap()
[15889938966654] METRIC #451: btc_ptmc_accept = 1.0000000000 | Src: src/btc_mining_engine.c:492 engine_ptmc_swap()
[15889939444144] METRIC #452: btc_ptmc_rep_hot = 2.0000000000 | Src: src/btc_mining_engine.c:492 engine_ptmc_swap()
[15889939916994] METRIC #453: btc_ptmc_rep_cold = 1.0000000000 | Src: src/btc_mining_engine.c:492 engine_ptmc_swap()
[15889940474174] METRIC #454: btc_ptmc_accept = 1.0000000000 | Src: src/btc_mining_engine.c:492 engine_ptmc_swap()
[15889941107314] METRIC #455: btc_ptmc_rep_hot = 3.0000000000 | Src: src/btc_mining_engine.c:492 engine_ptmc_swap()
[15889941639404] METRIC #456: btc_ptmc_rep_cold = 2.0000000000 | Src: src/btc_mining_engine.c:492 engine_ptmc_swap()
[15889942097484] METRIC #457: btc_ptmc_accept = 1.0000000000 | Src: src/btc_mining_engine.c:492 engine_ptmc_swap()
[15889942519574] METRIC #458: btc_ptmc_rep_hot = 4.0000000000 | Src: src/btc_mining_engine.c:492 engine_ptmc_swap()
[15889943008164] METRIC #459: btc_ptmc_rep_cold = 3.0000000000 | Src: src/btc_mining_engine.c:492 engine_ptmc_swap()
[15889943604364] METRIC #460: btc_ptmc_accept = 1.0000000000 | Src: src/btc_mining_engine.c:492 engine_ptmc_swap()
[15889944077734] METRIC #461: btc_ptmc_rep_hot = 5.0000000000 | Src: src/btc_mining_engine.c:492 engine_ptmc_swap()
[15889944534394] METRIC #462: btc_ptmc_rep_cold = 4.0000000000 | Src: src/btc_mining_engine.c:492 engine_ptmc_swap()
[15889944968614] METRIC #463: btc_ptmc_accept = 1.0000000000 | Src: src/btc_mining_engine.c:492 engine_ptmc_swap()
[15889945433194] METRIC #464: btc_ptmc_rep_hot = 6.0000000000 | Src: src/btc_mining_engine.c:492 engine_ptmc_swap()
[15889945933654] METRIC #465: btc_ptmc_rep_cold = 5.0000000000 | Src: src/btc_mining_engine.c:492 engine_ptmc_swap()
[15889946443884] METRIC #466: btc_ptmc_accept = 1.0000000000 | Src: src/btc_mining_engine.c:492 engine_ptmc_swap()
[15889946868104] METRIC #467: btc_ptmc_rep_hot = 7.0000000000 | Src: src/btc_mining_engine.c:492 engine_ptmc_swap()
[15889947441824] METRIC #468: btc_ptmc_rep_cold = 6.0000000000 | Src: src/btc_mining_engine.c:492 engine_ptmc_swap()
[15889948007714] METRIC #469: btc_ptmc_accept = 1.0000000000 | Src: src/btc_mining_engine.c:492 engine_ptmc_swap()
[15890037543395] METRIC #470: btc_nonces_total = 677888.0000000000 | Src: src/btc_mining_engine.c:900 btc_engine_run()
[15890038091185] METRIC #471: btc_elapsed_s = 2.0012248870 | Src: src/btc_mining_engine.c:901 btc_engine_run()
[15890038585575] METRIC #472: btc_hashrate_mhs_final = 0.3387365430 | Src: src/btc_mining_engine.c:902 btc_engine_run()
[15890039078065] METRIC #473: btc_best_leading_zeros = 20.0000000000 | Src: src/btc_mining_engine.c:903 btc_engine_run()
[15890039530595] METRIC #474: btc_best_nonce_final = 2772869959.0000000000 | Src: src/btc_mining_engine.c:904 btc_engine_run()
[15890039978835] METRIC #475: btc_block_valid = 0.0000000000 | Src: src/btc_mining_engine.c:905 btc_engine_run()
[15890040478125] METRIC #476: btc_hashrate_gate_pass = 1.0000000000 | Src: src/btc_mining_engine.c:912 btc_engine_run()
[15890040882645] METRIC #477: btc_memory_gate_pass = 1.0000000000 | Src: src/btc_mining_engine.c:915 btc_engine_run()
[15890041421975] TEST_END: btc_engine_run | SUCCÈS | Durée: 2005103567 ns (2005.104 ms) | Src: src/btc_mining_engine.c:926 btc_engine_run()
[15890041981865] METRIC #478: btc_nx48_csv_saved = 1.0000000000 | Src: src/nx48_btc_controller.c:479 nx48_btc_save_csv()
[15893036957310] METRIC #479: btc_ram_available_mb_end = 18988.0000000000 | Src: src/btc_mining_engine.c:940 btc_engine_run()
[15893037854480] METRIC #480: btc_nx48_csv_saved = 1.0000000000 | Src: src/nx48_btc_controller.c:479 nx48_btc_save_csv()
[15893038395540] METRIC #481: btc_memory_gate_pass = 1.0000000000 | Src: src/main_btc_mining.c:355 main()
[15893038969950] TEST_END: main_btc_mining | SUCCÈS | Durée: 5002651542 ns (5002.652 ms) | Src: src/main_btc_mining.c:356 main()
[15893039206780] METRIC #482: btc_wallet_destroyed = 1.0000000000 | Src: src/btc_wallet.c:423 btc_wallet_destroy()
