=== LOG FORENSIQUE ULTRA-STRICT v3.0 MODULE btc_qm_engine ===
Timestamp: 124568152938800 ns | PID: 440 | Thread: 140664624053504
Standards: ISO/IEC 27037, NIST SP 800-86, IEEE 1012
=====================================================
[124568153072590] TEST_START: main_btc_mining | Source: src/main_btc_mining.c:208 in main()
[124568153091470] METRIC #1: btc_run_mode_hash = 66.0000000000 | Src: src/main_btc_mining.c:209 main()
[124568227348660] METRIC #2: btc_module_version = 17.0000000000 | Src: src/main_btc_mining.c:211 main()
[124568228313049] METRIC #3: btc_nx48_csv_loaded_c42 = 1.0000000000 | Src: src/nx48_btc_controller.c:489 nx48_btc_load_csv()
[124568228341559] METRIC #4: btc_nx48_csv_loaded = 1.0000000000 | Src: src/nx48_btc_controller.c:491 nx48_btc_load_csv()
[124568228360829] METRIC #5: btc_nx48_best_leading_loaded = 28.0000000000 | Src: src/nx48_btc_controller.c:492 nx48_btc_load_csv()
[124568228408709] METRIC #6: btc_nx48_init_loaded = 1.0000000000 | Src: src/nx48_btc_controller.c:155 nx48_btc_init()
[124568228428109] METRIC #7: btc_nx48_delta_nonce_scale = 50.0000000000 | Src: src/nx48_btc_controller.c:156 nx48_btc_init()
[124568228447059] METRIC #8: btc_nx48_n_replicas_scale = 1.0000000000 | Src: src/nx48_btc_controller.c:157 nx48_btc_init()
[124568228465459] METRIC #9: btc_nx48_swap_temp_scale = 1.0000000000 | Src: src/nx48_btc_controller.c:158 nx48_btc_init()
[124568228483539] METRIC #10: btc_nx48_batch_size_scale = 4.0000000000 | Src: src/nx48_btc_controller.c:159 nx48_btc_init()
[124568228502979] METRIC #11: btc_nx48_exploration_bias = 0.9989760000 | Src: src/nx48_btc_controller.c:160 nx48_btc_init()
[124568228562939] METRIC #12: btc_sha256_self_test_pass = 1.0000000000 | Src: src/sha256_lumvorax.c:396 lv_sha256_self_test()
[124568228615139] METRIC #13: btc_wallet_from_privkey_start = 1.0000000000 | Src: src/btc_wallet.c:356 btc_wallet_from_privkey()
[124568235514755] METRIC #14: btc_wallet_from_privkey_ok = 1.0000000000 | Src: src/btc_wallet.c:407 btc_wallet_from_privkey()
[124568236417784] METRIC #15: btc_wallet_saved_json = 1.0000000000 | Src: src/btc_wallet.c:507 btc_wallet_save_json()
[124568236465194] METRIC #16: btc_sha256_self_test_pass = 1.0000000000 | Src: src/sha256_lumvorax.c:396 lv_sha256_self_test()
[124568236491434] METRIC #17: btc_integrity_gate_pass = 1.0000000000 | Src: src/btc_mining_engine.c:734 btc_engine_run()
[124568236647654] METRIC #18: btc_ram_available_mb_start = 11395.0000000000 | Src: src/btc_mining_engine.c:761 btc_engine_run()
[124568236681344] TEST_START: btc_engine_create | Source: src/btc_mining_engine.c:344 in engine_create()
[124568236691624] METRIC #19: btc_n_replicas = 8.0000000000 | Src: src/btc_mining_engine.c:345 engine_create()
[124568236720094] METRIC #20: btc_n_threads = 6.0000000000 | Src: src/btc_mining_engine.c:346 engine_create()
[124568236739974] METRIC #21: btc_batch_size = 512.0000000000 | Src: src/btc_mining_engine.c:347 engine_create()
[124568236759474] METRIC #22: btc_nonce_start = 0.0000000000 | Src: src/btc_mining_engine.c:348 engine_create()
[124568236778394] METRIC #23: btc_nonce_end = 4294967295.0000000000 | Src: src/btc_mining_engine.c:349 engine_create()
[124568236797984] METRIC #24: btc_duration_s = 0.0000000000 | Src: src/btc_mining_engine.c:350 engine_create()
[124568236816934] METRIC #25: btc_replica_idx = 0.0000000000 | Src: src/btc_mining_engine.c:353 engine_create()
[124568236835754] METRIC #26: btc_replica_nonce = 0.0000000000 | Src: src/btc_mining_engine.c:353 engine_create()
[124568236854494] METRIC #27: btc_replica_temp = 1.0000000000 | Src: src/btc_mining_engine.c:353 engine_create()
[124568236873254] METRIC #28: btc_replica_leading = 0.0000000000 | Src: src/btc_mining_engine.c:353 engine_create()
[124568236892224] METRIC #29: btc_replica_idx = 1.0000000000 | Src: src/btc_mining_engine.c:353 engine_create()
[124568236911024] METRIC #30: btc_replica_nonce = 536870911.0000000000 | Src: src/btc_mining_engine.c:353 engine_create()
[124568236930574] METRIC #31: btc_replica_temp = 2.0000000000 | Src: src/btc_mining_engine.c:353 engine_create()
[124568236958304] METRIC #32: btc_replica_leading = 0.0000000000 | Src: src/btc_mining_engine.c:353 engine_create()
[124568236984144] METRIC #33: btc_replica_idx = 2.0000000000 | Src: src/btc_mining_engine.c:353 engine_create()
[124568239337322] METRIC #34: btc_replica_nonce = 1073741822.0000000000 | Src: src/btc_mining_engine.c:353 engine_create()
[124568239441772] METRIC #35: btc_replica_temp = 4.0000000000 | Src: src/btc_mining_engine.c:353 engine_create()
[124568239470402] METRIC #36: btc_replica_leading = 0.0000000000 | Src: src/btc_mining_engine.c:353 engine_create()
[124568239495922] METRIC #37: btc_replica_idx = 3.0000000000 | Src: src/btc_mining_engine.c:353 engine_create()
[124568239519722] METRIC #38: btc_replica_nonce = 1610612733.0000000000 | Src: src/btc_mining_engine.c:353 engine_create()
[124568239544972] METRIC #39: btc_replica_temp = 8.0000000000 | Src: src/btc_mining_engine.c:353 engine_create()
[124568239570132] METRIC #40: btc_replica_leading = 0.0000000000 | Src: src/btc_mining_engine.c:353 engine_create()
[124568239595332] METRIC #41: btc_replica_idx = 4.0000000000 | Src: src/btc_mining_engine.c:353 engine_create()
[124568239639202] METRIC #42: btc_replica_nonce = 2147483644.0000000000 | Src: src/btc_mining_engine.c:353 engine_create()
[124568239659072] METRIC #43: btc_replica_temp = 12.0000000000 | Src: src/btc_mining_engine.c:353 engine_create()
[124568239679252] METRIC #44: btc_replica_leading = 0.0000000000 | Src: src/btc_mining_engine.c:353 engine_create()
[124568239703602] METRIC #45: btc_replica_idx = 5.0000000000 | Src: src/btc_mining_engine.c:353 engine_create()
[124568239727552] METRIC #46: btc_replica_nonce = 2684354555.0000000000 | Src: src/btc_mining_engine.c:353 engine_create()
[124568239752572] METRIC #47: btc_replica_temp = 20.0000000000 | Src: src/btc_mining_engine.c:353 engine_create()
[124568239777662] METRIC #48: btc_replica_leading = 0.0000000000 | Src: src/btc_mining_engine.c:353 engine_create()
[124568239801692] METRIC #49: btc_replica_idx = 6.0000000000 | Src: src/btc_mining_engine.c:353 engine_create()
[124568239825482] METRIC #50: btc_replica_nonce = 3221225466.0000000000 | Src: src/btc_mining_engine.c:353 engine_create()
[124568239850582] METRIC #51: btc_replica_temp = 35.0000000000 | Src: src/btc_mining_engine.c:353 engine_create()
[124568239873082] METRIC #52: btc_replica_leading = 0.0000000000 | Src: src/btc_mining_engine.c:353 engine_create()
[124568239891952] METRIC #53: btc_replica_idx = 7.0000000000 | Src: src/btc_mining_engine.c:353 engine_create()
[124568239910612] METRIC #54: btc_replica_nonce = 3758096377.0000000000 | Src: src/btc_mining_engine.c:353 engine_create()
[124568239929982] METRIC #55: btc_replica_temp = 50.0000000000 | Src: src/btc_mining_engine.c:353 engine_create()
[124568239948812] METRIC #56: btc_replica_leading = 0.0000000000 | Src: src/btc_mining_engine.c:353 engine_create()
[124568239968862] METRIC #57: btc_midstate_applied = 1.0000000000 | Src: src/btc_mining_engine.c:776 btc_engine_run()
[124568242059760] METRIC #58: btc_block_nonce = 54773664.0000000000 | Src: src/btc_mining_engine.c:599 btc_mining_thread()
[124568242121930] METRIC #59: btc_best_leading_zeros = 2.0000000000 | Src: src/btc_mining_engine.c:599 btc_mining_thread()
[124568242142570] METRIC #60: btc_block_valid = 0.0000000000 | Src: src/btc_mining_engine.c:599 btc_mining_thread()
[124568243367819] METRIC #61: btc_threads_launched = 6.0000000000 | Src: src/btc_mining_engine.c:795 btc_engine_run()
[124568243447459] METRIC #62: btc_best_leading_zeros = 2.0000000000 | Src: src/btc_mining_engine.c:600 btc_mining_thread()
[124568243559609] METRIC #63: btc_nx48_csv_saved = 1.0000000000 | Src: src/nx48_btc_controller.c:449 nx48_btc_save_csv()
[124568243615939] METRIC #64: btc_block_nonce = 2912863540.0000000000 | Src: src/btc_mining_engine.c:599 btc_mining_thread()
[124568243641379] METRIC #65: btc_best_leading_zeros = 3.0000000000 | Src: src/btc_mining_engine.c:599 btc_mining_thread()
[124568243664859] METRIC #66: btc_block_valid = 0.0000000000 | Src: src/btc_mining_engine.c:599 btc_mining_thread()
[124568243726369] METRIC #67: btc_best_leading_zeros = 3.0000000000 | Src: src/btc_mining_engine.c:600 btc_mining_thread()
[124568243805979] METRIC #68: btc_nx48_csv_saved = 1.0000000000 | Src: src/nx48_btc_controller.c:449 nx48_btc_save_csv()
[124568243834399] METRIC #69: btc_block_nonce = 4275553877.0000000000 | Src: src/btc_mining_engine.c:599 btc_mining_thread()
[124568243859509] METRIC #70: btc_best_leading_zeros = 4.0000000000 | Src: src/btc_mining_engine.c:599 btc_mining_thread()
[124568243883569] METRIC #71: btc_block_valid = 0.0000000000 | Src: src/btc_mining_engine.c:599 btc_mining_thread()
[124568243932599] METRIC #72: btc_best_leading_zeros = 4.0000000000 | Src: src/btc_mining_engine.c:600 btc_mining_thread()
[124568244049099] METRIC #73: btc_nx48_csv_saved = 1.0000000000 | Src: src/nx48_btc_controller.c:449 nx48_btc_save_csv()
[124568247375477] METRIC #74: btc_block_nonce = 3889856305.0000000000 | Src: src/btc_mining_engine.c:599 btc_mining_thread()
[124568247480117] METRIC #75: btc_best_leading_zeros = 9.0000000000 | Src: src/btc_mining_engine.c:599 btc_mining_thread()
[124568247506417] METRIC #76: btc_block_valid = 0.0000000000 | Src: src/btc_mining_engine.c:599 btc_mining_thread()
[124568247562087] METRIC #77: btc_best_leading_zeros = 9.0000000000 | Src: src/btc_mining_engine.c:600 btc_mining_thread()
[124568247669666] METRIC #78: btc_nx48_csv_saved = 1.0000000000 | Src: src/nx48_btc_controller.c:449 nx48_btc_save_csv()
[124568248587946] METRIC #79: btc_block_nonce = 3271615095.0000000000 | Src: src/btc_mining_engine.c:599 btc_mining_thread()
[124568248634886] METRIC #80: btc_best_leading_zeros = 12.0000000000 | Src: src/btc_mining_engine.c:599 btc_mining_thread()
[124568248661236] METRIC #81: btc_block_valid = 0.0000000000 | Src: src/btc_mining_engine.c:599 btc_mining_thread()
[124568248717276] METRIC #82: btc_best_leading_zeros = 12.0000000000 | Src: src/btc_mining_engine.c:600 btc_mining_thread()
[124568248805806] METRIC #83: btc_nx48_csv_saved = 1.0000000000 | Src: src/nx48_btc_controller.c:449 nx48_btc_save_csv()
[124568353686426] METRIC #84: btc_ptmc_rep_hot = 1.0000000000 | Src: src/btc_mining_engine.c:414 engine_ptmc_swap()
[124568353774256] METRIC #85: btc_ptmc_rep_cold = 0.0000000000 | Src: src/btc_mining_engine.c:414 engine_ptmc_swap()
[124568353801816] METRIC #86: btc_ptmc_accept = 1.0000000000 | Src: src/btc_mining_engine.c:414 engine_ptmc_swap()
[124568353827636] METRIC #87: btc_ptmc_rep_hot = 2.0000000000 | Src: src/btc_mining_engine.c:414 engine_ptmc_swap()
[124568353852196] METRIC #88: btc_ptmc_rep_cold = 1.0000000000 | Src: src/btc_mining_engine.c:414 engine_ptmc_swap()
[124568353877136] METRIC #89: btc_ptmc_accept = 1.0000000000 | Src: src/btc_mining_engine.c:414 engine_ptmc_swap()
[124568353900886] METRIC #90: btc_ptmc_rep_hot = 3.0000000000 | Src: src/btc_mining_engine.c:414 engine_ptmc_swap()
[124568353939045] METRIC #91: btc_ptmc_rep_cold = 2.0000000000 | Src: src/btc_mining_engine.c:414 engine_ptmc_swap()
[124568353962145] METRIC #92: btc_ptmc_accept = 1.0000000000 | Src: src/btc_mining_engine.c:414 engine_ptmc_swap()
[124568353984395] METRIC #93: btc_ptmc_rep_hot = 4.0000000000 | Src: src/btc_mining_engine.c:414 engine_ptmc_swap()
[124568354065425] METRIC #94: btc_ptmc_rep_cold = 3.0000000000 | Src: src/btc_mining_engine.c:414 engine_ptmc_swap()
[124568354090215] METRIC #95: btc_ptmc_accept = 1.0000000000 | Src: src/btc_mining_engine.c:414 engine_ptmc_swap()
[124568354112725] METRIC #96: btc_ptmc_rep_hot = 5.0000000000 | Src: src/btc_mining_engine.c:414 engine_ptmc_swap()
[124568354135275] METRIC #97: btc_ptmc_rep_cold = 4.0000000000 | Src: src/btc_mining_engine.c:414 engine_ptmc_swap()
[124568354157945] METRIC #98: btc_ptmc_accept = 1.0000000000 | Src: src/btc_mining_engine.c:414 engine_ptmc_swap()
[124568354180755] METRIC #99: btc_ptmc_rep_hot = 6.0000000000 | Src: src/btc_mining_engine.c:414 engine_ptmc_swap()
[124568354202925] METRIC #100: btc_ptmc_rep_cold = 5.0000000000 | Src: src/btc_mining_engine.c:414 engine_ptmc_swap()
[124568354224965] METRIC #101: btc_ptmc_accept = 1.0000000000 | Src: src/btc_mining_engine.c:414 engine_ptmc_swap()
[124568354258435] METRIC #102: btc_ptmc_rep_hot = 7.0000000000 | Src: src/btc_mining_engine.c:414 engine_ptmc_swap()
[124568354299535] METRIC #103: btc_ptmc_rep_cold = 6.0000000000 | Src: src/btc_mining_engine.c:414 engine_ptmc_swap()
[124568354321855] METRIC #104: btc_ptmc_accept = 1.0000000000 | Src: src/btc_mining_engine.c:414 engine_ptmc_swap()
[124568364689478] METRIC #105: btc_block_nonce = 1384918345.0000000000 | Src: src/btc_mining_engine.c:599 btc_mining_thread()
[124568364818968] METRIC #106: btc_best_leading_zeros = 19.0000000000 | Src: src/btc_mining_engine.c:599 btc_mining_thread()
[124568364846578] METRIC #107: btc_block_valid = 0.0000000000 | Src: src/btc_mining_engine.c:599 btc_mining_thread()
[124568364911238] METRIC #108: btc_best_leading_zeros = 19.0000000000 | Src: src/btc_mining_engine.c:600 btc_mining_thread()
[124568366472607] METRIC #109: btc_nx48_csv_saved = 1.0000000000 | Src: src/nx48_btc_controller.c:449 nx48_btc_save_csv()
[124568428194666] METRIC #110: btc_block_nonce = 3867598502.0000000000 | Src: src/btc_mining_engine.c:599 btc_mining_thread()
[124568428276756] METRIC #111: btc_best_leading_zeros = 20.0000000000 | Src: src/btc_mining_engine.c:599 btc_mining_thread()
[124568428321076] METRIC #112: btc_block_valid = 0.0000000000 | Src: src/btc_mining_engine.c:599 btc_mining_thread()
[124568428375796] METRIC #113: btc_best_leading_zeros = 20.0000000000 | Src: src/btc_mining_engine.c:600 btc_mining_thread()
[124568428504416] METRIC #114: btc_nx48_csv_saved = 1.0000000000 | Src: src/nx48_btc_controller.c:449 nx48_btc_save_csv()
[124568463285772] METRIC #115: btc_ptmc_rep_hot = 1.0000000000 | Src: src/btc_mining_engine.c:416 engine_ptmc_swap()
[124568463367082] METRIC #116: btc_ptmc_rep_cold = 0.0000000000 | Src: src/btc_mining_engine.c:416 engine_ptmc_swap()
[124568463392772] METRIC #117: btc_ptmc_accept = -0.2636887251 | Src: src/btc_mining_engine.c:416 engine_ptmc_swap()
[124568463423592] METRIC #118: btc_ptmc_rep_hot = 2.0000000000 | Src: src/btc_mining_engine.c:414 engine_ptmc_swap()
[124568463447262] METRIC #119: btc_ptmc_rep_cold = 1.0000000000 | Src: src/btc_mining_engine.c:414 engine_ptmc_swap()
[124568463469382] METRIC #120: btc_ptmc_accept = 1.0000000000 | Src: src/btc_mining_engine.c:414 engine_ptmc_swap()
[124568463494842] METRIC #121: btc_ptmc_rep_hot = 3.0000000000 | Src: src/btc_mining_engine.c:414 engine_ptmc_swap()
[124568463518262] METRIC #122: btc_ptmc_rep_cold = 2.0000000000 | Src: src/btc_mining_engine.c:414 engine_ptmc_swap()
[124568463541272] METRIC #123: btc_ptmc_accept = 1.0000000000 | Src: src/btc_mining_engine.c:414 engine_ptmc_swap()
[124568463565032] METRIC #124: btc_ptmc_rep_hot = 4.0000000000 | Src: src/btc_mining_engine.c:414 engine_ptmc_swap()
[124568463589492] METRIC #125: btc_ptmc_rep_cold = 3.0000000000 | Src: src/btc_mining_engine.c:414 engine_ptmc_swap()
[124568463613362] METRIC #126: btc_ptmc_accept = 1.0000000000 | Src: src/btc_mining_engine.c:414 engine_ptmc_swap()
[124568463637332] METRIC #127: btc_ptmc_rep_hot = 5.0000000000 | Src: src/btc_mining_engine.c:414 engine_ptmc_swap()
[124568463661242] METRIC #128: btc_ptmc_rep_cold = 4.0000000000 | Src: src/btc_mining_engine.c:414 engine_ptmc_swap()
[124568463684742] METRIC #129: btc_ptmc_accept = 1.0000000000 | Src: src/btc_mining_engine.c:414 engine_ptmc_swap()
[124568463713012] METRIC #130: btc_ptmc_rep_hot = 6.0000000000 | Src: src/btc_mining_engine.c:414 engine_ptmc_swap()
[124568463736542] METRIC #131: btc_ptmc_rep_cold = 5.0000000000 | Src: src/btc_mining_engine.c:414 engine_ptmc_swap()
[124568463760142] METRIC #132: btc_ptmc_accept = 1.0000000000 | Src: src/btc_mining_engine.c:414 engine_ptmc_swap()
[124568463786952] METRIC #133: btc_ptmc_rep_hot = 7.0000000000 | Src: src/btc_mining_engine.c:414 engine_ptmc_swap()
[124568463810732] METRIC #134: btc_ptmc_rep_cold = 6.0000000000 | Src: src/btc_mining_engine.c:414 engine_ptmc_swap()
[124568463834452] METRIC #135: btc_ptmc_accept = 1.0000000000 | Src: src/btc_mining_engine.c:414 engine_ptmc_swap()
[124568569328602] METRIC #136: btc_ptmc_rep_hot = 1.0000000000 | Src: src/btc_mining_engine.c:414 engine_ptmc_swap()
[124568569688501] METRIC #137: btc_ptmc_rep_cold = 0.0000000000 | Src: src/btc_mining_engine.c:414 engine_ptmc_swap()
[124568569708621] METRIC #138: btc_ptmc_accept = 0.0695919752 | Src: src/btc_mining_engine.c:414 engine_ptmc_swap()
[124568569735341] METRIC #139: btc_ptmc_rep_hot = 2.0000000000 | Src: src/btc_mining_engine.c:414 engine_ptmc_swap()
[124568569754081] METRIC #140: btc_ptmc_rep_cold = 1.0000000000 | Src: src/btc_mining_engine.c:414 engine_ptmc_swap()
[124568569772281] METRIC #141: btc_ptmc_accept = 1.0000000000 | Src: src/btc_mining_engine.c:414 engine_ptmc_swap()
[124568569795361] METRIC #142: btc_ptmc_rep_hot = 3.0000000000 | Src: src/btc_mining_engine.c:416 engine_ptmc_swap()
[124568569813481] METRIC #143: btc_ptmc_rep_cold = 2.0000000000 | Src: src/btc_mining_engine.c:416 engine_ptmc_swap()
[124568569831601] METRIC #144: btc_ptmc_accept = -0.5134047430 | Src: src/btc_mining_engine.c:416 engine_ptmc_swap()
[124568569850001] METRIC #145: btc_ptmc_rep_hot = 4.0000000000 | Src: src/btc_mining_engine.c:414 engine_ptmc_swap()
[124568569868151] METRIC #146: btc_ptmc_rep_cold = 3.0000000000 | Src: src/btc_mining_engine.c:414 engine_ptmc_swap()
[124568569886051] METRIC #147: btc_ptmc_accept = 1.0000000000 | Src: src/btc_mining_engine.c:414 engine_ptmc_swap()
[124568569904161] METRIC #148: btc_ptmc_rep_hot = 5.0000000000 | Src: src/btc_mining_engine.c:414 engine_ptmc_swap()
[124568569922221] METRIC #149: btc_ptmc_rep_cold = 4.0000000000 | Src: src/btc_mining_engine.c:414 engine_ptmc_swap()
[124568569940191] METRIC #150: btc_ptmc_accept = 1.0000000000 | Src: src/btc_mining_engine.c:414 engine_ptmc_swap()
[124568569958381] METRIC #151: btc_ptmc_rep_hot = 6.0000000000 | Src: src/btc_mining_engine.c:414 engine_ptmc_swap()
[124568569976271] METRIC #152: btc_ptmc_rep_cold = 5.0000000000 | Src: src/btc_mining_engine.c:414 engine_ptmc_swap()
[124568569994111] METRIC #153: btc_ptmc_accept = 1.0000000000 | Src: src/btc_mining_engine.c:414 engine_ptmc_swap()
[124568570123301] METRIC #154: btc_ptmc_rep_hot = 7.0000000000 | Src: src/btc_mining_engine.c:414 engine_ptmc_swap()
[124568570146271] METRIC #155: btc_ptmc_rep_cold = 6.0000000000 | Src: src/btc_mining_engine.c:414 engine_ptmc_swap()
[124568570164611] METRIC #156: btc_ptmc_accept = 1.0000000000 | Src: src/btc_mining_engine.c:414 engine_ptmc_swap()
[124568674130181] METRIC #157: btc_ptmc_rep_hot = 1.0000000000 | Src: src/btc_mining_engine.c:414 engine_ptmc_swap()
[124568674205201] METRIC #158: btc_ptmc_rep_cold = 0.0000000000 | Src: src/btc_mining_engine.c:414 engine_ptmc_swap()
[124568674813421] METRIC #159: btc_ptmc_accept = 1.0000000000 | Src: src/btc_mining_engine.c:414 engine_ptmc_swap()
[124568675132701] METRIC #160: btc_ptmc_rep_hot = 2.0000000000 | Src: src/btc_mining_engine.c:414 engine_ptmc_swap()
[124568675164081] METRIC #161: btc_ptmc_rep_cold = 1.0000000000 | Src: src/btc_mining_engine.c:414 engine_ptmc_swap()
[124568675188391] METRIC #162: btc_ptmc_accept = 1.0000000000 | Src: src/btc_mining_engine.c:414 engine_ptmc_swap()
[124568675212141] METRIC #163: btc_ptmc_rep_hot = 3.0000000000 | Src: src/btc_mining_engine.c:414 engine_ptmc_swap()
[124568675235511] METRIC #164: btc_ptmc_rep_cold = 2.0000000000 | Src: src/btc_mining_engine.c:414 engine_ptmc_swap()
[124568675259071] METRIC #165: btc_ptmc_accept = 1.0000000000 | Src: src/btc_mining_engine.c:414 engine_ptmc_swap()
[124568676394060] METRIC #166: btc_ptmc_rep_hot = 4.0000000000 | Src: src/btc_mining_engine.c:414 engine_ptmc_swap()
[124568676433350] METRIC #167: btc_ptmc_rep_cold = 3.0000000000 | Src: src/btc_mining_engine.c:414 engine_ptmc_swap()
[124568676458250] METRIC #168: btc_ptmc_accept = 1.0000000000 | Src: src/btc_mining_engine.c:414 engine_ptmc_swap()
[124568676492630] METRIC #169: btc_ptmc_rep_hot = 5.0000000000 | Src: src/btc_mining_engine.c:414 engine_ptmc_swap()
[124568676516160] METRIC #170: btc_ptmc_rep_cold = 4.0000000000 | Src: src/btc_mining_engine.c:414 engine_ptmc_swap()
[124568676547650] METRIC #171: btc_ptmc_accept = 1.0000000000 | Src: src/btc_mining_engine.c:414 engine_ptmc_swap()
[124568676582780] METRIC #172: btc_ptmc_rep_hot = 6.0000000000 | Src: src/btc_mining_engine.c:414 engine_ptmc_swap()
[124568676604830] METRIC #173: btc_ptmc_rep_cold = 5.0000000000 | Src: src/btc_mining_engine.c:414 engine_ptmc_swap()
[124568676626950] METRIC #174: btc_ptmc_accept = 1.0000000000 | Src: src/btc_mining_engine.c:414 engine_ptmc_swap()
[124568676652050] METRIC #175: btc_ptmc_rep_hot = 7.0000000000 | Src: src/btc_mining_engine.c:414 engine_ptmc_swap()
[124568676674970] METRIC #176: btc_ptmc_rep_cold = 6.0000000000 | Src: src/btc_mining_engine.c:414 engine_ptmc_swap()
[124568676697900] METRIC #177: btc_ptmc_accept = 1.0000000000 | Src: src/btc_mining_engine.c:414 engine_ptmc_swap()
[124568777411913] METRIC #178: btc_ptmc_rep_hot = 1.0000000000 | Src: src/btc_mining_engine.c:414 engine_ptmc_swap()
[124568777499442] METRIC #179: btc_ptmc_rep_cold = 0.0000000000 | Src: src/btc_mining_engine.c:414 engine_ptmc_swap()
[124568777525522] METRIC #180: btc_ptmc_accept = 1.0000000000 | Src: src/btc_mining_engine.c:414 engine_ptmc_swap()
[124568777550792] METRIC #181: btc_ptmc_rep_hot = 2.0000000000 | Src: src/btc_mining_engine.c:414 engine_ptmc_swap()
[124568777576802] METRIC #182: btc_ptmc_rep_cold = 1.0000000000 | Src: src/btc_mining_engine.c:414 engine_ptmc_swap()
[124568777602562] METRIC #183: btc_ptmc_accept = 1.0000000000 | Src: src/btc_mining_engine.c:414 engine_ptmc_swap()
[124568777628642] METRIC #184: btc_ptmc_rep_hot = 3.0000000000 | Src: src/btc_mining_engine.c:414 engine_ptmc_swap()
[124568777654382] METRIC #185: btc_ptmc_rep_cold = 2.0000000000 | Src: src/btc_mining_engine.c:414 engine_ptmc_swap()
[124568777679992] METRIC #186: btc_ptmc_accept = 1.0000000000 | Src: src/btc_mining_engine.c:414 engine_ptmc_swap()
[124568777709532] METRIC #187: btc_ptmc_rep_hot = 4.0000000000 | Src: src/btc_mining_engine.c:414 engine_ptmc_swap()
[124568777733272] METRIC #188: btc_ptmc_rep_cold = 3.0000000000 | Src: src/btc_mining_engine.c:414 engine_ptmc_swap()
[124568777779112] METRIC #189: btc_ptmc_accept = 1.0000000000 | Src: src/btc_mining_engine.c:414 engine_ptmc_swap()
[124568777811602] METRIC #190: btc_ptmc_rep_hot = 5.0000000000 | Src: src/btc_mining_engine.c:414 engine_ptmc_swap()
[124568777837082] METRIC #191: btc_ptmc_rep_cold = 4.0000000000 | Src: src/btc_mining_engine.c:414 engine_ptmc_swap()
[124568777861992] METRIC #192: btc_ptmc_accept = 1.0000000000 | Src: src/btc_mining_engine.c:414 engine_ptmc_swap()
[124568777898602] METRIC #193: btc_ptmc_rep_hot = 6.0000000000 | Src: src/btc_mining_engine.c:414 engine_ptmc_swap()
[124568777923792] METRIC #194: btc_ptmc_rep_cold = 5.0000000000 | Src: src/btc_mining_engine.c:414 engine_ptmc_swap()
[124568777948462] METRIC #195: btc_ptmc_accept = 1.0000000000 | Src: src/btc_mining_engine.c:414 engine_ptmc_swap()
[124568777972662] METRIC #196: btc_ptmc_rep_hot = 7.0000000000 | Src: src/btc_mining_engine.c:414 engine_ptmc_swap()
[124568777999292] METRIC #197: btc_ptmc_rep_cold = 6.0000000000 | Src: src/btc_mining_engine.c:414 engine_ptmc_swap()
[124568778081782] METRIC #198: btc_ptmc_accept = 1.0000000000 | Src: src/btc_mining_engine.c:414 engine_ptmc_swap()
[124568887314469] METRIC #199: btc_ptmc_rep_hot = 1.0000000000 | Src: src/btc_mining_engine.c:414 engine_ptmc_swap()
[124568887393179] METRIC #200: btc_ptmc_rep_cold = 0.0000000000 | Src: src/btc_mining_engine.c:414 engine_ptmc_swap()
[124568887419309] METRIC #201: btc_ptmc_accept = 1.0000000000 | Src: src/btc_mining_engine.c:414 engine_ptmc_swap()
[124568887443879] METRIC #202: btc_ptmc_rep_hot = 2.0000000000 | Src: src/btc_mining_engine.c:414 engine_ptmc_swap()
[124568887466939] METRIC #203: btc_ptmc_rep_cold = 1.0000000000 | Src: src/btc_mining_engine.c:414 engine_ptmc_swap()
[124568887516609] METRIC #204: btc_ptmc_accept = 1.0000000000 | Src: src/btc_mining_engine.c:414 engine_ptmc_swap()
[124568887545329] METRIC #205: btc_ptmc_rep_hot = 3.0000000000 | Src: src/btc_mining_engine.c:414 engine_ptmc_swap()
[124568887575899] METRIC #206: btc_ptmc_rep_cold = 2.0000000000 | Src: src/btc_mining_engine.c:414 engine_ptmc_swap()
[124568887602399] METRIC #207: btc_ptmc_accept = 1.0000000000 | Src: src/btc_mining_engine.c:414 engine_ptmc_swap()
[124568887626049] METRIC #208: btc_ptmc_rep_hot = 4.0000000000 | Src: src/btc_mining_engine.c:414 engine_ptmc_swap()
[124568887649869] METRIC #209: btc_ptmc_rep_cold = 3.0000000000 | Src: src/btc_mining_engine.c:414 engine_ptmc_swap()
[124568887673779] METRIC #210: btc_ptmc_accept = 1.0000000000 | Src: src/btc_mining_engine.c:414 engine_ptmc_swap()
[124568887704739] METRIC #211: btc_ptmc_rep_hot = 5.0000000000 | Src: src/btc_mining_engine.c:414 engine_ptmc_swap()
[124568887728379] METRIC #212: btc_ptmc_rep_cold = 4.0000000000 | Src: src/btc_mining_engine.c:414 engine_ptmc_swap()
[124568887751999] METRIC #213: btc_ptmc_accept = 1.0000000000 | Src: src/btc_mining_engine.c:414 engine_ptmc_swap()
[124568887782389] METRIC #214: btc_ptmc_rep_hot = 6.0000000000 | Src: src/btc_mining_engine.c:414 engine_ptmc_swap()
[124568887805439] METRIC #215: btc_ptmc_rep_cold = 5.0000000000 | Src: src/btc_mining_engine.c:414 engine_ptmc_swap()
[124568887826589] METRIC #216: btc_ptmc_accept = 1.0000000000 | Src: src/btc_mining_engine.c:414 engine_ptmc_swap()
[124568887852749] METRIC #217: btc_ptmc_rep_hot = 7.0000000000 | Src: src/btc_mining_engine.c:414 engine_ptmc_swap()
[124568887872759] METRIC #218: btc_ptmc_rep_cold = 6.0000000000 | Src: src/btc_mining_engine.c:414 engine_ptmc_swap()
[124568887893239] METRIC #219: btc_ptmc_accept = 1.0000000000 | Src: src/btc_mining_engine.c:414 engine_ptmc_swap()
[124569015654603] METRIC #220: btc_ptmc_rep_hot = 1.0000000000 | Src: src/btc_mining_engine.c:414 engine_ptmc_swap()
[124569015731203] METRIC #221: btc_ptmc_rep_cold = 0.0000000000 | Src: src/btc_mining_engine.c:414 engine_ptmc_swap()
[124569015758833] METRIC #222: btc_ptmc_accept = 1.0000000000 | Src: src/btc_mining_engine.c:414 engine_ptmc_swap()
[124569015784503] METRIC #223: btc_ptmc_rep_hot = 2.0000000000 | Src: src/btc_mining_engine.c:414 engine_ptmc_swap()
[124569015809643] METRIC #224: btc_ptmc_rep_cold = 1.0000000000 | Src: src/btc_mining_engine.c:414 engine_ptmc_swap()
[124569015835333] METRIC #225: btc_ptmc_accept = 1.0000000000 | Src: src/btc_mining_engine.c:414 engine_ptmc_swap()
[124569016592493] METRIC #226: btc_ptmc_rep_hot = 3.0000000000 | Src: src/btc_mining_engine.c:414 engine_ptmc_swap()
[124569016623653] METRIC #227: btc_ptmc_rep_cold = 2.0000000000 | Src: src/btc_mining_engine.c:414 engine_ptmc_swap()
[124569016649323] METRIC #228: btc_ptmc_accept = 1.0000000000 | Src: src/btc_mining_engine.c:414 engine_ptmc_swap()
[124569016682163] METRIC #229: btc_ptmc_rep_hot = 4.0000000000 | Src: src/btc_mining_engine.c:414 engine_ptmc_swap()
[124569016707293] METRIC #230: btc_ptmc_rep_cold = 3.0000000000 | Src: src/btc_mining_engine.c:414 engine_ptmc_swap()
[124569016732023] METRIC #231: btc_ptmc_accept = 1.0000000000 | Src: src/btc_mining_engine.c:414 engine_ptmc_swap()
[124569016757283] METRIC #232: btc_ptmc_rep_hot = 5.0000000000 | Src: src/btc_mining_engine.c:414 engine_ptmc_swap()
[124569016782083] METRIC #233: btc_ptmc_rep_cold = 4.0000000000 | Src: src/btc_mining_engine.c:414 engine_ptmc_swap()
[124569016807013] METRIC #234: btc_ptmc_accept = 1.0000000000 | Src: src/btc_mining_engine.c:414 engine_ptmc_swap()
[124569016832003] METRIC #235: btc_ptmc_rep_hot = 6.0000000000 | Src: src/btc_mining_engine.c:414 engine_ptmc_swap()
[124569016856862] METRIC #236: btc_ptmc_rep_cold = 5.0000000000 | Src: src/btc_mining_engine.c:414 engine_ptmc_swap()
[124569016881902] METRIC #237: btc_ptmc_accept = 1.0000000000 | Src: src/btc_mining_engine.c:414 engine_ptmc_swap()
[124569016906752] METRIC #238: btc_ptmc_rep_hot = 7.0000000000 | Src: src/btc_mining_engine.c:414 engine_ptmc_swap()
[124569016932092] METRIC #239: btc_ptmc_rep_cold = 6.0000000000 | Src: src/btc_mining_engine.c:414 engine_ptmc_swap()
[124569016956952] METRIC #240: btc_ptmc_accept = 1.0000000000 | Src: src/btc_mining_engine.c:414 engine_ptmc_swap()
[124569151477083] METRIC #241: btc_ptmc_rep_hot = 1.0000000000 | Src: src/btc_mining_engine.c:414 engine_ptmc_swap()
[124569151597722] METRIC #242: btc_ptmc_rep_cold = 0.0000000000 | Src: src/btc_mining_engine.c:414 engine_ptmc_swap()
[124569151631252] METRIC #243: btc_ptmc_accept = 1.0000000000 | Src: src/btc_mining_engine.c:414 engine_ptmc_swap()
[124569155330920] METRIC #244: btc_ptmc_rep_hot = 2.0000000000 | Src: src/btc_mining_engine.c:414 engine_ptmc_swap()
[124569155392730] METRIC #245: btc_ptmc_rep_cold = 1.0000000000 | Src: src/btc_mining_engine.c:414 engine_ptmc_swap()
[124569155418250] METRIC #246: btc_ptmc_accept = 0.7165001846 | Src: src/btc_mining_engine.c:414 engine_ptmc_swap()
[124569155449810] METRIC #247: btc_ptmc_rep_hot = 3.0000000000 | Src: src/btc_mining_engine.c:414 engine_ptmc_swap()
[124569155473990] METRIC #248: btc_ptmc_rep_cold = 2.0000000000 | Src: src/btc_mining_engine.c:414 engine_ptmc_swap()
[124569155497670] METRIC #249: btc_ptmc_accept = 1.0000000000 | Src: src/btc_mining_engine.c:414 engine_ptmc_swap()
[124569155523770] METRIC #250: btc_ptmc_rep_hot = 4.0000000000 | Src: src/btc_mining_engine.c:414 engine_ptmc_swap()
[124569155546280] METRIC #251: btc_ptmc_rep_cold = 3.0000000000 | Src: src/btc_mining_engine.c:414 engine_ptmc_swap()
[124569155568770] METRIC #252: btc_ptmc_accept = 1.0000000000 | Src: src/btc_mining_engine.c:414 engine_ptmc_swap()
[124569155592400] METRIC #253: btc_ptmc_rep_hot = 5.0000000000 | Src: src/btc_mining_engine.c:414 engine_ptmc_swap()
[124569155614940] METRIC #254: btc_ptmc_rep_cold = 4.0000000000 | Src: src/btc_mining_engine.c:414 engine_ptmc_swap()
[124569155636970] METRIC #255: btc_ptmc_accept = 0.9394116283 | Src: src/btc_mining_engine.c:414 engine_ptmc_swap()
[124569155666190] METRIC #256: btc_ptmc_rep_hot = 6.0000000000 | Src: src/btc_mining_engine.c:414 engine_ptmc_swap()
[124569155690120] METRIC #257: btc_ptmc_rep_cold = 5.0000000000 | Src: src/btc_mining_engine.c:414 engine_ptmc_swap()
[124569155714390] METRIC #258: btc_ptmc_accept = 0.9642890805 | Src: src/btc_mining_engine.c:414 engine_ptmc_swap()
[124569155737900] METRIC #259: btc_ptmc_rep_hot = 7.0000000000 | Src: src/btc_mining_engine.c:414 engine_ptmc_swap()
[124569155761740] METRIC #260: btc_ptmc_rep_cold = 6.0000000000 | Src: src/btc_mining_engine.c:414 engine_ptmc_swap()
[124569155785110] METRIC #261: btc_ptmc_accept = 0.9767450351 | Src: src/btc_mining_engine.c:414 engine_ptmc_swap()
[124569252362135] METRIC #262: btc_ptmc_rep_hot = 1.0000000000 | Src: src/btc_mining_engine.c:414 engine_ptmc_swap()
[124569252436055] METRIC #263: btc_ptmc_rep_cold = 0.0000000000 | Src: src/btc_mining_engine.c:414 engine_ptmc_swap()
[124569252462855] METRIC #264: btc_ptmc_accept = 1.0000000000 | Src: src/btc_mining_engine.c:414 engine_ptmc_swap()
[124569252492615] METRIC #265: btc_ptmc_rep_hot = 2.0000000000 | Src: src/btc_mining_engine.c:414 engine_ptmc_swap()
[124569252517035] METRIC #266: btc_ptmc_rep_cold = 1.0000000000 | Src: src/btc_mining_engine.c:414 engine_ptmc_swap()
[124569252541025] METRIC #267: btc_ptmc_accept = 1.0000000000 | Src: src/btc_mining_engine.c:414 engine_ptmc_swap()
[124569252566525] METRIC #268: btc_ptmc_rep_hot = 3.0000000000 | Src: src/btc_mining_engine.c:414 engine_ptmc_swap()
[124569252590545] METRIC #269: btc_ptmc_rep_cold = 2.0000000000 | Src: src/btc_mining_engine.c:414 engine_ptmc_swap()
[124569252614615] METRIC #270: btc_ptmc_accept = 0.8464702621 | Src: src/btc_mining_engine.c:414 engine_ptmc_swap()
[124569255905123] METRIC #271: btc_ptmc_rep_hot = 4.0000000000 | Src: src/btc_mining_engine.c:414 engine_ptmc_swap()
[124569255966843] METRIC #272: btc_ptmc_rep_cold = 3.0000000000 | Src: src/btc_mining_engine.c:414 engine_ptmc_swap()
[124569255992453] METRIC #273: btc_ptmc_accept = 0.8187227707 | Src: src/btc_mining_engine.c:414 engine_ptmc_swap()
[124569256033803] METRIC #274: btc_ptmc_rep_hot = 5.0000000000 | Src: src/btc_mining_engine.c:414 engine_ptmc_swap()
[124569256058053] METRIC #275: btc_ptmc_rep_cold = 4.0000000000 | Src: src/btc_mining_engine.c:414 engine_ptmc_swap()
[124569256093793] METRIC #276: btc_ptmc_accept = 0.9394112740 | Src: src/btc_mining_engine.c:414 engine_ptmc_swap()
[124569256129383] METRIC #277: btc_ptmc_rep_hot = 6.0000000000 | Src: src/btc_mining_engine.c:414 engine_ptmc_swap()
[124569256152853] METRIC #278: btc_ptmc_rep_cold = 5.0000000000 | Src: src/btc_mining_engine.c:414 engine_ptmc_swap()
[124569256176283] METRIC #279: btc_ptmc_accept = 0.9298531933 | Src: src/btc_mining_engine.c:414 engine_ptmc_swap()
[124569256200142] METRIC #280: btc_ptmc_rep_hot = 7.0000000000 | Src: src/btc_mining_engine.c:414 engine_ptmc_swap()
[124569256223682] METRIC #281: btc_ptmc_rep_cold = 6.0000000000 | Src: src/btc_mining_engine.c:414 engine_ptmc_swap()
[124569256247072] METRIC #282: btc_ptmc_accept = 0.9767447714 | Src: src/btc_mining_engine.c:414 engine_ptmc_swap()
[124569373141874] METRIC #283: btc_ptmc_rep_hot = 1.0000000000 | Src: src/btc_mining_engine.c:414 engine_ptmc_swap()
[124569373231014] METRIC #284: btc_ptmc_rep_cold = 0.0000000000 | Src: src/btc_mining_engine.c:414 engine_ptmc_swap()
[124569373258284] METRIC #285: btc_ptmc_accept = 1.0000000000 | Src: src/btc_mining_engine.c:414 engine_ptmc_swap()
[124569373294754] METRIC #286: btc_ptmc_rep_hot = 2.0000000000 | Src: src/btc_mining_engine.c:414 engine_ptmc_swap()
[124569373352854] METRIC #287: btc_ptmc_rep_cold = 1.0000000000 | Src: src/btc_mining_engine.c:414 engine_ptmc_swap()
[124569373378624] METRIC #288: btc_ptmc_accept = 1.0000000000 | Src: src/btc_mining_engine.c:414 engine_ptmc_swap()
[124569373412464] METRIC #289: btc_ptmc_rep_hot = 3.0000000000 | Src: src/btc_mining_engine.c:414 engine_ptmc_swap()
[124569373437734] METRIC #290: btc_ptmc_rep_cold = 2.0000000000 | Src: src/btc_mining_engine.c:414 engine_ptmc_swap()
[124569373462594] METRIC #291: btc_ptmc_accept = 1.0000000000 | Src: src/btc_mining_engine.c:414 engine_ptmc_swap()
[124569373497014] METRIC #292: btc_ptmc_rep_hot = 4.0000000000 | Src: src/btc_mining_engine.c:414 engine_ptmc_swap()
[124569373522204] METRIC #293: btc_ptmc_rep_cold = 3.0000000000 | Src: src/btc_mining_engine.c:414 engine_ptmc_swap()
[124569373547024] METRIC #294: btc_ptmc_accept = 1.0000000000 | Src: src/btc_mining_engine.c:414 engine_ptmc_swap()
[124569373578684] METRIC #295: btc_ptmc_rep_hot = 5.0000000000 | Src: src/btc_mining_engine.c:414 engine_ptmc_swap()
[124569373603994] METRIC #296: btc_ptmc_rep_cold = 4.0000000000 | Src: src/btc_mining_engine.c:414 engine_ptmc_swap()
[124569373629174] METRIC #297: btc_ptmc_accept = 1.0000000000 | Src: src/btc_mining_engine.c:414 engine_ptmc_swap()
[124569373653124] METRIC #298: btc_ptmc_rep_hot = 6.0000000000 | Src: src/btc_mining_engine.c:414 engine_ptmc_swap()
[124569373678084] METRIC #299: btc_ptmc_rep_cold = 5.0000000000 | Src: src/btc_mining_engine.c:414 engine_ptmc_swap()
[124569373702624] METRIC #300: btc_ptmc_accept = 1.0000000000 | Src: src/btc_mining_engine.c:414 engine_ptmc_swap()
[124569373727954] METRIC #301: btc_ptmc_rep_hot = 7.0000000000 | Src: src/btc_mining_engine.c:414 engine_ptmc_swap()
[124569373752494] METRIC #302: btc_ptmc_rep_cold = 6.0000000000 | Src: src/btc_mining_engine.c:414 engine_ptmc_swap()
[124569373777054] METRIC #303: btc_ptmc_accept = 1.0000000000 | Src: src/btc_mining_engine.c:414 engine_ptmc_swap()
[124569500543559] METRIC #304: btc_ptmc_rep_hot = 1.0000000000 | Src: src/btc_mining_engine.c:414 engine_ptmc_swap()
[124569500626199] METRIC #305: btc_ptmc_rep_cold = 0.0000000000 | Src: src/btc_mining_engine.c:414 engine_ptmc_swap()
[124569500651159] METRIC #306: btc_ptmc_accept = 1.0000000000 | Src: src/btc_mining_engine.c:414 engine_ptmc_swap()
[124569500673989] METRIC #307: btc_ptmc_rep_hot = 2.0000000000 | Src: src/btc_mining_engine.c:414 engine_ptmc_swap()
[124569500695979] METRIC #308: btc_ptmc_rep_cold = 1.0000000000 | Src: src/btc_mining_engine.c:414 engine_ptmc_swap()
[124569500717439] METRIC #309: btc_ptmc_accept = 1.0000000000 | Src: src/btc_mining_engine.c:414 engine_ptmc_swap()
[124569500738659] METRIC #310: btc_ptmc_rep_hot = 3.0000000000 | Src: src/btc_mining_engine.c:414 engine_ptmc_swap()
[124569500770169] METRIC #311: btc_ptmc_rep_cold = 2.0000000000 | Src: src/btc_mining_engine.c:414 engine_ptmc_swap()
[124569500799719] METRIC #312: btc_ptmc_accept = 1.0000000000 | Src: src/btc_mining_engine.c:414 engine_ptmc_swap()
[124569500822399] METRIC #313: btc_ptmc_rep_hot = 4.0000000000 | Src: src/btc_mining_engine.c:414 engine_ptmc_swap()
[124569500844529] METRIC #314: btc_ptmc_rep_cold = 3.0000000000 | Src: src/btc_mining_engine.c:414 engine_ptmc_swap()
[124569500866539] METRIC #315: btc_ptmc_accept = 1.0000000000 | Src: src/btc_mining_engine.c:414 engine_ptmc_swap()
[124569500888909] METRIC #316: btc_ptmc_rep_hot = 5.0000000000 | Src: src/btc_mining_engine.c:414 engine_ptmc_swap()
[124569500911599] METRIC #317: btc_ptmc_rep_cold = 4.0000000000 | Src: src/btc_mining_engine.c:414 engine_ptmc_swap()
[124569500934909] METRIC #318: btc_ptmc_accept = 1.0000000000 | Src: src/btc_mining_engine.c:414 engine_ptmc_swap()
[124569500957059] METRIC #319: btc_ptmc_rep_hot = 6.0000000000 | Src: src/btc_mining_engine.c:414 engine_ptmc_swap()
[124569500981069] METRIC #320: btc_ptmc_rep_cold = 5.0000000000 | Src: src/btc_mining_engine.c:414 engine_ptmc_swap()
[124569523267814] METRIC #321: btc_ptmc_accept = 1.0000000000 | Src: src/btc_mining_engine.c:414 engine_ptmc_swap()
[124569523335894] METRIC #322: btc_ptmc_rep_hot = 7.0000000000 | Src: src/btc_mining_engine.c:414 engine_ptmc_swap()
[124569523356914] METRIC #323: btc_ptmc_rep_cold = 6.0000000000 | Src: src/btc_mining_engine.c:414 engine_ptmc_swap()
[124569523376474] METRIC #324: btc_ptmc_accept = 1.0000000000 | Src: src/btc_mining_engine.c:414 engine_ptmc_swap()
[124569609402577] METRIC #325: btc_ptmc_rep_hot = 1.0000000000 | Src: src/btc_mining_engine.c:414 engine_ptmc_swap()
[124569609491946] METRIC #326: btc_ptmc_rep_cold = 0.0000000000 | Src: src/btc_mining_engine.c:414 engine_ptmc_swap()
[124569609516736] METRIC #327: btc_ptmc_accept = 1.0000000000 | Src: src/btc_mining_engine.c:414 engine_ptmc_swap()
[124569609539126] METRIC #328: btc_ptmc_rep_hot = 2.0000000000 | Src: src/btc_mining_engine.c:414 engine_ptmc_swap()
[124569609561206] METRIC #329: btc_ptmc_rep_cold = 1.0000000000 | Src: src/btc_mining_engine.c:414 engine_ptmc_swap()
[124569609583326] METRIC #330: btc_ptmc_accept = 1.0000000000 | Src: src/btc_mining_engine.c:414 engine_ptmc_swap()
[124569609612696] METRIC #331: btc_ptmc_rep_hot = 3.0000000000 | Src: src/btc_mining_engine.c:414 engine_ptmc_swap()
[124569610166226] METRIC #332: btc_ptmc_rep_cold = 2.0000000000 | Src: src/btc_mining_engine.c:414 engine_ptmc_swap()
[124569610195966] METRIC #333: btc_ptmc_accept = 1.0000000000 | Src: src/btc_mining_engine.c:414 engine_ptmc_swap()
[124569610220116] METRIC #334: btc_ptmc_rep_hot = 4.0000000000 | Src: src/btc_mining_engine.c:414 engine_ptmc_swap()
[124569610242756] METRIC #335: btc_ptmc_rep_cold = 3.0000000000 | Src: src/btc_mining_engine.c:414 engine_ptmc_swap()
[124569610265546] METRIC #336: btc_ptmc_accept = 1.0000000000 | Src: src/btc_mining_engine.c:414 engine_ptmc_swap()
[124569610293436] METRIC #337: btc_ptmc_rep_hot = 5.0000000000 | Src: src/btc_mining_engine.c:414 engine_ptmc_swap()
[124569610316856] METRIC #338: btc_ptmc_rep_cold = 4.0000000000 | Src: src/btc_mining_engine.c:414 engine_ptmc_swap()
[124569610341626] METRIC #339: btc_ptmc_accept = 1.0000000000 | Src: src/btc_mining_engine.c:414 engine_ptmc_swap()
[124569610364416] METRIC #340: btc_ptmc_rep_hot = 6.0000000000 | Src: src/btc_mining_engine.c:414 engine_ptmc_swap()
[124569610386986] METRIC #341: btc_ptmc_rep_cold = 5.0000000000 | Src: src/btc_mining_engine.c:414 engine_ptmc_swap()
[124569610408926] METRIC #342: btc_ptmc_accept = 1.0000000000 | Src: src/btc_mining_engine.c:414 engine_ptmc_swap()
[124569610431466] METRIC #343: btc_ptmc_rep_hot = 7.0000000000 | Src: src/btc_mining_engine.c:414 engine_ptmc_swap()
[124569610453946] METRIC #344: btc_ptmc_rep_cold = 6.0000000000 | Src: src/btc_mining_engine.c:414 engine_ptmc_swap()
[124569610476526] METRIC #345: btc_ptmc_accept = 1.0000000000 | Src: src/btc_mining_engine.c:414 engine_ptmc_swap()
[124569716780475] METRIC #346: btc_ptmc_rep_hot = 1.0000000000 | Src: src/btc_mining_engine.c:414 engine_ptmc_swap()
[124569716861005] METRIC #347: btc_ptmc_rep_cold = 0.0000000000 | Src: src/btc_mining_engine.c:414 engine_ptmc_swap()
[124569716881415] METRIC #348: btc_ptmc_accept = 1.0000000000 | Src: src/btc_mining_engine.c:414 engine_ptmc_swap()
[124569716900505] METRIC #349: btc_ptmc_rep_hot = 2.0000000000 | Src: src/btc_mining_engine.c:414 engine_ptmc_swap()
[124569716919055] METRIC #350: btc_ptmc_rep_cold = 1.0000000000 | Src: src/btc_mining_engine.c:414 engine_ptmc_swap()
[124569716937435] METRIC #351: btc_ptmc_accept = 1.0000000000 | Src: src/btc_mining_engine.c:414 engine_ptmc_swap()
[124569716962635] METRIC #352: btc_ptmc_rep_hot = 3.0000000000 | Src: src/btc_mining_engine.c:414 engine_ptmc_swap()
[124569716980775] METRIC #353: btc_ptmc_rep_cold = 2.0000000000 | Src: src/btc_mining_engine.c:414 engine_ptmc_swap()
[124569716999254] METRIC #354: btc_ptmc_accept = 1.0000000000 | Src: src/btc_mining_engine.c:414 engine_ptmc_swap()
[124569717080204] METRIC #355: btc_ptmc_rep_hot = 4.0000000000 | Src: src/btc_mining_engine.c:414 engine_ptmc_swap()
[124569717098724] METRIC #356: btc_ptmc_rep_cold = 3.0000000000 | Src: src/btc_mining_engine.c:414 engine_ptmc_swap()
[124569717117114] METRIC #357: btc_ptmc_accept = 1.0000000000 | Src: src/btc_mining_engine.c:414 engine_ptmc_swap()
[124569717141824] METRIC #358: btc_ptmc_rep_hot = 5.0000000000 | Src: src/btc_mining_engine.c:414 engine_ptmc_swap()
[124569717159824] METRIC #359: btc_ptmc_rep_cold = 4.0000000000 | Src: src/btc_mining_engine.c:414 engine_ptmc_swap()
[124569717178204] METRIC #360: btc_ptmc_accept = 1.0000000000 | Src: src/btc_mining_engine.c:414 engine_ptmc_swap()
[124569717196454] METRIC #361: btc_ptmc_rep_hot = 6.0000000000 | Src: src/btc_mining_engine.c:414 engine_ptmc_swap()
[124569717214574] METRIC #362: btc_ptmc_rep_cold = 5.0000000000 | Src: src/btc_mining_engine.c:414 engine_ptmc_swap()
[124569717232884] METRIC #363: btc_ptmc_accept = 1.0000000000 | Src: src/btc_mining_engine.c:414 engine_ptmc_swap()
[124569717250944] METRIC #364: btc_ptmc_rep_hot = 7.0000000000 | Src: src/btc_mining_engine.c:414 engine_ptmc_swap()
[124569717273874] METRIC #365: btc_ptmc_rep_cold = 6.0000000000 | Src: src/btc_mining_engine.c:414 engine_ptmc_swap()
[124569717298214] METRIC #366: btc_ptmc_accept = 1.0000000000 | Src: src/btc_mining_engine.c:414 engine_ptmc_swap()
[124569829802639] METRIC #367: btc_ptmc_rep_hot = 1.0000000000 | Src: src/btc_mining_engine.c:414 engine_ptmc_swap()
[124569829885239] METRIC #368: btc_ptmc_rep_cold = 0.0000000000 | Src: src/btc_mining_engine.c:414 engine_ptmc_swap()
[124569829912149] METRIC #369: btc_ptmc_accept = 1.0000000000 | Src: src/btc_mining_engine.c:414 engine_ptmc_swap()
[124569829939389] METRIC #370: btc_ptmc_rep_hot = 2.0000000000 | Src: src/btc_mining_engine.c:414 engine_ptmc_swap()
[124569829964539] METRIC #371: btc_ptmc_rep_cold = 1.0000000000 | Src: src/btc_mining_engine.c:414 engine_ptmc_swap()
[124569829989399] METRIC #372: btc_ptmc_accept = 0.7165313106 | Src: src/btc_mining_engine.c:414 engine_ptmc_swap()
[124569830035399] METRIC #373: btc_ptmc_rep_hot = 3.0000000000 | Src: src/btc_mining_engine.c:414 engine_ptmc_swap()
[124569830060389] METRIC #374: btc_ptmc_rep_cold = 2.0000000000 | Src: src/btc_mining_engine.c:414 engine_ptmc_swap()
[124569830085399] METRIC #375: btc_ptmc_accept = 0.8464817249 | Src: src/btc_mining_engine.c:414 engine_ptmc_swap()
[124569830139889] METRIC #376: btc_ptmc_rep_hot = 4.0000000000 | Src: src/btc_mining_engine.c:414 engine_ptmc_swap()
[124569830164719] METRIC #377: btc_ptmc_rep_cold = 3.0000000000 | Src: src/btc_mining_engine.c:414 engine_ptmc_swap()
[124569830189319] METRIC #378: btc_ptmc_accept = 1.0000000000 | Src: src/btc_mining_engine.c:414 engine_ptmc_swap()
[124569830218049] METRIC #379: btc_ptmc_rep_hot = 5.0000000000 | Src: src/btc_mining_engine.c:414 engine_ptmc_swap()
[124569830242729] METRIC #380: btc_ptmc_rep_cold = 4.0000000000 | Src: src/btc_mining_engine.c:414 engine_ptmc_swap()
[124569830274279] METRIC #381: btc_ptmc_accept = 0.9394130628 | Src: src/btc_mining_engine.c:414 engine_ptmc_swap()
[124569830302479] METRIC #382: btc_ptmc_rep_hot = 6.0000000000 | Src: src/btc_mining_engine.c:414 engine_ptmc_swap()
[124569830327049] METRIC #383: btc_ptmc_rep_cold = 5.0000000000 | Src: src/btc_mining_engine.c:414 engine_ptmc_swap()
[124569830351699] METRIC #384: btc_ptmc_accept = 0.9642895790 | Src: src/btc_mining_engine.c:414 engine_ptmc_swap()
[124569830376639] METRIC #385: btc_ptmc_rep_hot = 7.0000000000 | Src: src/btc_mining_engine.c:414 engine_ptmc_swap()
[124569830401279] METRIC #386: btc_ptmc_rep_cold = 6.0000000000 | Src: src/btc_mining_engine.c:414 engine_ptmc_swap()
[124569830425839] METRIC #387: btc_ptmc_accept = 0.9767452464 | Src: src/btc_mining_engine.c:414 engine_ptmc_swap()
[124569934215709] METRIC #388: btc_ptmc_rep_hot = 1.0000000000 | Src: src/btc_mining_engine.c:416 engine_ptmc_swap()
[124569934327569] METRIC #389: btc_ptmc_rep_cold = 0.0000000000 | Src: src/btc_mining_engine.c:416 engine_ptmc_swap()
[124569934375229] METRIC #390: btc_ptmc_accept = -0.2635971381 | Src: src/btc_mining_engine.c:416 engine_ptmc_swap()
[124569934402319] METRIC #391: btc_ptmc_rep_hot = 2.0000000000 | Src: src/btc_mining_engine.c:414 engine_ptmc_swap()
[124569934445839] METRIC #392: btc_ptmc_rep_cold = 1.0000000000 | Src: src/btc_mining_engine.c:414 engine_ptmc_swap()
[124569934471409] METRIC #393: btc_ptmc_accept = 1.0000000000 | Src: src/btc_mining_engine.c:414 engine_ptmc_swap()
[124569934496649] METRIC #394: btc_ptmc_rep_hot = 3.0000000000 | Src: src/btc_mining_engine.c:414 engine_ptmc_swap()
[124569934540139] METRIC #395: btc_ptmc_rep_cold = 2.0000000000 | Src: src/btc_mining_engine.c:414 engine_ptmc_swap()
[124569934564979] METRIC #396: btc_ptmc_accept = 1.0000000000 | Src: src/btc_mining_engine.c:414 engine_ptmc_swap()
[124569934607549] METRIC #397: btc_ptmc_rep_hot = 4.0000000000 | Src: src/btc_mining_engine.c:414 engine_ptmc_swap()
[124569934632569] METRIC #398: btc_ptmc_rep_cold = 3.0000000000 | Src: src/btc_mining_engine.c:414 engine_ptmc_swap()
[124569934657429] METRIC #399: btc_ptmc_accept = 1.0000000000 | Src: src/btc_mining_engine.c:414 engine_ptmc_swap()
[124569934705319] METRIC #400: btc_ptmc_rep_hot = 5.0000000000 | Src: src/btc_mining_engine.c:414 engine_ptmc_swap()
[124569934729849] METRIC #401: btc_ptmc_rep_cold = 4.0000000000 | Src: src/btc_mining_engine.c:414 engine_ptmc_swap()
[124569934754749] METRIC #402: btc_ptmc_accept = 1.0000000000 | Src: src/btc_mining_engine.c:414 engine_ptmc_swap()
[124569934800269] METRIC #403: btc_ptmc_rep_hot = 6.0000000000 | Src: src/btc_mining_engine.c:414 engine_ptmc_swap()
[124569934825329] METRIC #404: btc_ptmc_rep_cold = 5.0000000000 | Src: src/btc_mining_engine.c:414 engine_ptmc_swap()
[124569934868179] METRIC #405: btc_ptmc_accept = 1.0000000000 | Src: src/btc_mining_engine.c:414 engine_ptmc_swap()
[124569934893359] METRIC #406: btc_ptmc_rep_hot = 7.0000000000 | Src: src/btc_mining_engine.c:414 engine_ptmc_swap()
[124569934918069] METRIC #407: btc_ptmc_rep_cold = 6.0000000000 | Src: src/btc_mining_engine.c:414 engine_ptmc_swap()
[124569934960409] METRIC #408: btc_ptmc_accept = 1.0000000000 | Src: src/btc_mining_engine.c:414 engine_ptmc_swap()
[124570043887796] METRIC #409: btc_ptmc_rep_hot = 1.0000000000 | Src: src/btc_mining_engine.c:414 engine_ptmc_swap()
[124570043973716] METRIC #410: btc_ptmc_rep_cold = 0.0000000000 | Src: src/btc_mining_engine.c:414 engine_ptmc_swap()
[124570044000836] METRIC #411: btc_ptmc_accept = 1.0000000000 | Src: src/btc_mining_engine.c:414 engine_ptmc_swap()
[124570044039936] METRIC #412: btc_ptmc_rep_hot = 2.0000000000 | Src: src/btc_mining_engine.c:414 engine_ptmc_swap()
[124570044065296] METRIC #413: btc_ptmc_rep_cold = 1.0000000000 | Src: src/btc_mining_engine.c:414 engine_ptmc_swap()
[124570044090446] METRIC #414: btc_ptmc_accept = 1.0000000000 | Src: src/btc_mining_engine.c:414 engine_ptmc_swap()
[124570044144706] METRIC #415: btc_ptmc_rep_hot = 3.0000000000 | Src: src/btc_mining_engine.c:414 engine_ptmc_swap()
[124570044188946] METRIC #416: btc_ptmc_rep_cold = 2.0000000000 | Src: src/btc_mining_engine.c:414 engine_ptmc_swap()
[124570044225346] METRIC #417: btc_ptmc_accept = 1.0000000000 | Src: src/btc_mining_engine.c:414 engine_ptmc_swap()
[124570044253846] METRIC #418: btc_ptmc_rep_hot = 4.0000000000 | Src: src/btc_mining_engine.c:414 engine_ptmc_swap()
[124570044282676] METRIC #419: btc_ptmc_rep_cold = 3.0000000000 | Src: src/btc_mining_engine.c:414 engine_ptmc_swap()
[124570044307726] METRIC #420: btc_ptmc_accept = 1.0000000000 | Src: src/btc_mining_engine.c:414 engine_ptmc_swap()
[124570044396436] METRIC #421: btc_ptmc_rep_hot = 5.0000000000 | Src: src/btc_mining_engine.c:414 engine_ptmc_swap()
[124570044425446] METRIC #422: btc_ptmc_rep_cold = 4.0000000000 | Src: src/btc_mining_engine.c:414 engine_ptmc_swap()
[124570044450286] METRIC #423: btc_ptmc_accept = 1.0000000000 | Src: src/btc_mining_engine.c:414 engine_ptmc_swap()
[124570044482696] METRIC #424: btc_ptmc_rep_hot = 6.0000000000 | Src: src/btc_mining_engine.c:414 engine_ptmc_swap()
[124570044507966] METRIC #425: btc_ptmc_rep_cold = 5.0000000000 | Src: src/btc_mining_engine.c:414 engine_ptmc_swap()
[124570044532416] METRIC #426: btc_ptmc_accept = 1.0000000000 | Src: src/btc_mining_engine.c:414 engine_ptmc_swap()
[124570044562266] METRIC #427: btc_ptmc_rep_hot = 7.0000000000 | Src: src/btc_mining_engine.c:414 engine_ptmc_swap()
[124570044587226] METRIC #428: btc_ptmc_rep_cold = 6.0000000000 | Src: src/btc_mining_engine.c:414 engine_ptmc_swap()
[124570044612236] METRIC #429: btc_ptmc_accept = 1.0000000000 | Src: src/btc_mining_engine.c:414 engine_ptmc_swap()
