=== LOG FORENSIQUE ULTRA-STRICT v3.0 MODULE btc_qm_engine ===
Timestamp: 63468026927013 ns | PID: 1907 | Thread: 140296140979392
Standards: ISO/IEC 27037, NIST SP 800-86, IEEE 1012
=====================================================
[63468027231013] TEST_START: main_btc_mining | Source: src/main_btc_mining.c:162 in main()
[63468027381483] METRIC #1: btc_run_mode_hash = 66.0000000000 | Src: src/main_btc_mining.c:164 main()
[63468027754543] METRIC #2: btc_module_version = 17.0000000000 | Src: src/main_btc_mining.c:165 main()
[63468028372723] METRIC #3: btc_nx48_csv_loaded = 1.0000000000 | Src: src/nx48_btc_controller.c:272 nx48_btc_load_csv()
[63468028726083] METRIC #4: btc_nx48_init_loaded = 1.0000000000 | Src: src/nx48_btc_controller.c:83 nx48_btc_init()
[63468029147903] METRIC #5: btc_nx48_delta_nonce_scale = 1.0000000000 | Src: src/nx48_btc_controller.c:84 nx48_btc_init()
[63468029517453] METRIC #6: btc_nx48_n_replicas_scale = 1.0000000000 | Src: src/nx48_btc_controller.c:85 nx48_btc_init()
[63468029890963] METRIC #7: btc_nx48_swap_temp_scale = 1.0000000000 | Src: src/nx48_btc_controller.c:86 nx48_btc_init()
[63468030338453] METRIC #8: btc_nx48_batch_size_scale = 1.0000000000 | Src: src/nx48_btc_controller.c:87 nx48_btc_init()
[63468030680073] METRIC #9: btc_nx48_exploration_bias = 0.5000000000 | Src: src/nx48_btc_controller.c:88 nx48_btc_init()
[63468031267213] METRIC #10: btc_sha256_self_test_pass = 1.0000000000 | Src: src/sha256_lumvorax.c:350 lv_sha256_self_test()
[63468031859173] METRIC #11: btc_wallet_create_start = 1.0000000000 | Src: src/btc_wallet.c:296 btc_wallet_create()
[63468037215943] METRIC #12: btc_wallet_created = 1.0000000000 | Src: src/btc_wallet.c:343 btc_wallet_create()
[63468037657183] METRIC #13: btc_wallet_create_ns = 5356550.0000000000 | Src: src/btc_wallet.c:344 btc_wallet_create()
[63468038241573] METRIC #14: btc_wallet_network = 1.0000000000 | Src: src/btc_wallet.c:345 btc_wallet_create()
[63468039162493] METRIC #15: btc_wallet_saved_json = 1.0000000000 | Src: src/btc_wallet.c:507 btc_wallet_save_json()
[63468039742163] METRIC #16: btc_sha256_self_test_pass = 1.0000000000 | Src: src/sha256_lumvorax.c:350 lv_sha256_self_test()
[63468040219373] METRIC #17: btc_integrity_gate_pass = 1.0000000000 | Src: src/btc_mining_engine.c:414 btc_engine_run()
[63468040676823] TEST_START: btc_engine_create | Source: src/btc_mining_engine.c:153 in engine_create()
[63468040861333] METRIC #18: btc_n_replicas = 8.0000000000 | Src: src/btc_mining_engine.c:154 engine_create()
[63468041349873] METRIC #19: btc_n_threads = 4.0000000000 | Src: src/btc_mining_engine.c:155 engine_create()
[63468041748104] METRIC #20: btc_batch_size = 256.0000000000 | Src: src/btc_mining_engine.c:156 engine_create()
[63468042151634] METRIC #21: btc_nonce_start = 0.0000000000 | Src: src/btc_mining_engine.c:157 engine_create()
[63468042543594] METRIC #22: btc_nonce_end = 4294967295.0000000000 | Src: src/btc_mining_engine.c:158 engine_create()
[63468042940493] METRIC #23: btc_duration_s = 10.0000000000 | Src: src/btc_mining_engine.c:159 engine_create()
[63468043388614] METRIC #24: btc_replica_idx = 0.0000000000 | Src: src/btc_mining_engine.c:163 engine_create()
[63468043787194] METRIC #25: btc_replica_nonce = 0.0000000000 | Src: src/btc_mining_engine.c:163 engine_create()
[63468044209794] METRIC #26: btc_replica_temp = 1.0000000000 | Src: src/btc_mining_engine.c:163 engine_create()
[63468044613064] METRIC #27: btc_replica_leading = 0.0000000000 | Src: src/btc_mining_engine.c:163 engine_create()
[63468045054944] METRIC #28: btc_replica_idx = 1.0000000000 | Src: src/btc_mining_engine.c:163 engine_create()
[63468045505464] METRIC #29: btc_replica_nonce = 536870911.0000000000 | Src: src/btc_mining_engine.c:163 engine_create()
[63468045992324] METRIC #30: btc_replica_temp = 2.0000000000 | Src: src/btc_mining_engine.c:163 engine_create()
[63468046475764] METRIC #31: btc_replica_leading = 0.0000000000 | Src: src/btc_mining_engine.c:163 engine_create()
[63468046863964] METRIC #32: btc_replica_idx = 2.0000000000 | Src: src/btc_mining_engine.c:163 engine_create()
[63468047380724] METRIC #33: btc_replica_nonce = 1073741822.0000000000 | Src: src/btc_mining_engine.c:163 engine_create()
[63468047823924] METRIC #34: btc_replica_temp = 4.0000000000 | Src: src/btc_mining_engine.c:163 engine_create()
[63468048288864] METRIC #35: btc_replica_leading = 0.0000000000 | Src: src/btc_mining_engine.c:163 engine_create()
[63468048756274] METRIC #36: btc_replica_idx = 3.0000000000 | Src: src/btc_mining_engine.c:163 engine_create()
[63468049213454] METRIC #37: btc_replica_nonce = 1610612733.0000000000 | Src: src/btc_mining_engine.c:163 engine_create()
[63468049604164] METRIC #38: btc_replica_temp = 8.0000000000 | Src: src/btc_mining_engine.c:163 engine_create()
[63468049990794] METRIC #39: btc_replica_leading = 0.0000000000 | Src: src/btc_mining_engine.c:163 engine_create()
[63468050396534] METRIC #40: btc_replica_idx = 4.0000000000 | Src: src/btc_mining_engine.c:163 engine_create()
[63468050750664] METRIC #41: btc_replica_nonce = 2147483644.0000000000 | Src: src/btc_mining_engine.c:163 engine_create()
[63468051144034] METRIC #42: btc_replica_temp = 12.0000000000 | Src: src/btc_mining_engine.c:163 engine_create()
[63468051625714] METRIC #43: btc_replica_leading = 0.0000000000 | Src: src/btc_mining_engine.c:163 engine_create()
[63468052071344] METRIC #44: btc_replica_idx = 5.0000000000 | Src: src/btc_mining_engine.c:163 engine_create()
[63468052493474] METRIC #45: btc_replica_nonce = 2684354555.0000000000 | Src: src/btc_mining_engine.c:163 engine_create()
[63468052911634] METRIC #46: btc_replica_temp = 20.0000000000 | Src: src/btc_mining_engine.c:163 engine_create()
[63468053317574] METRIC #47: btc_replica_leading = 0.0000000000 | Src: src/btc_mining_engine.c:163 engine_create()
[63468053695804] METRIC #48: btc_replica_idx = 6.0000000000 | Src: src/btc_mining_engine.c:163 engine_create()
[63468054136454] METRIC #49: btc_replica_nonce = 3221225466.0000000000 | Src: src/btc_mining_engine.c:163 engine_create()
[63468054555424] METRIC #50: btc_replica_temp = 35.0000000000 | Src: src/btc_mining_engine.c:163 engine_create()
[63468054949864] METRIC #51: btc_replica_leading = 0.0000000000 | Src: src/btc_mining_engine.c:163 engine_create()
[63468055457824] METRIC #52: btc_replica_idx = 7.0000000000 | Src: src/btc_mining_engine.c:163 engine_create()
[63468055842874] METRIC #53: btc_replica_nonce = 3758096377.0000000000 | Src: src/btc_mining_engine.c:163 engine_create()
[63468056260174] METRIC #54: btc_replica_temp = 50.0000000000 | Src: src/btc_mining_engine.c:163 engine_create()
[63468056680674] METRIC #55: btc_replica_leading = 0.0000000000 | Src: src/btc_mining_engine.c:163 engine_create()
[63468057102834] METRIC #56: btc_midstate_applied = 1.0000000000 | Src: src/btc_mining_engine.c:424 btc_engine_run()
[63468058144934] METRIC #57: btc_block_nonce = 1076453647.0000000000 | Src: src/btc_mining_engine.c:307 btc_mining_thread()
[63468058873844] METRIC #58: btc_best_leading_zeros = 3.0000000000 | Src: src/btc_mining_engine.c:307 btc_mining_thread()
[63468059464894] METRIC #59: btc_block_valid = 0.0000000000 | Src: src/btc_mining_engine.c:307 btc_mining_thread()
[63468059867774] METRIC #60: btc_threads_launched = 4.0000000000 | Src: src/btc_mining_engine.c:443 btc_engine_run()
[63468060517614] METRIC #61: btc_best_leading_zeros = 3.0000000000 | Src: src/btc_mining_engine.c:309 btc_mining_thread()
[63468060984294] METRIC #62: btc_block_nonce = 2255560524.0000000000 | Src: src/btc_mining_engine.c:307 btc_mining_thread()
[63468061653114] METRIC #63: btc_best_leading_zeros = 4.0000000000 | Src: src/btc_mining_engine.c:307 btc_mining_thread()
[63468062053354] METRIC #64: btc_block_valid = 0.0000000000 | Src: src/btc_mining_engine.c:307 btc_mining_thread()
[63468062854774] METRIC #65: btc_best_leading_zeros = 4.0000000000 | Src: src/btc_mining_engine.c:309 btc_mining_thread()
[63468063532644] METRIC #66: btc_block_nonce = 2323927933.0000000000 | Src: src/btc_mining_engine.c:307 btc_mining_thread()
[63468064727924] METRIC #67: btc_best_leading_zeros = 9.0000000000 | Src: src/btc_mining_engine.c:307 btc_mining_thread()
[63468065406584] METRIC #68: btc_block_valid = 0.0000000000 | Src: src/btc_mining_engine.c:307 btc_mining_thread()
[63468067037874] METRIC #69: btc_best_leading_zeros = 9.0000000000 | Src: src/btc_mining_engine.c:309 btc_mining_thread()
[63468067636234] METRIC #70: btc_block_nonce = 593683569.0000000000 | Src: src/btc_mining_engine.c:307 btc_mining_thread()
[63468068293514] METRIC #71: btc_best_leading_zeros = 11.0000000000 | Src: src/btc_mining_engine.c:307 btc_mining_thread()
[63468068814834] METRIC #72: btc_block_valid = 0.0000000000 | Src: src/btc_mining_engine.c:307 btc_mining_thread()
[63468069906554] METRIC #73: btc_best_leading_zeros = 11.0000000000 | Src: src/btc_mining_engine.c:309 btc_mining_thread()
[63468083382104] METRIC #74: btc_block_nonce = 2889978362.0000000000 | Src: src/btc_mining_engine.c:307 btc_mining_thread()
[63468084148304] METRIC #75: btc_best_leading_zeros = 12.0000000000 | Src: src/btc_mining_engine.c:307 btc_mining_thread()
[63468084675694] METRIC #76: btc_block_valid = 0.0000000000 | Src: src/btc_mining_engine.c:307 btc_mining_thread()
[63468086176704] METRIC #77: btc_best_leading_zeros = 12.0000000000 | Src: src/btc_mining_engine.c:309 btc_mining_thread()
[63468367533177] METRIC #78: btc_block_nonce = 2024021543.0000000000 | Src: src/btc_mining_engine.c:307 btc_mining_thread()
[63468368268247] METRIC #79: btc_best_leading_zeros = 17.0000000000 | Src: src/btc_mining_engine.c:307 btc_mining_thread()
[63468368730027] METRIC #80: btc_block_valid = 0.0000000000 | Src: src/btc_mining_engine.c:307 btc_mining_thread()
[63468369810107] METRIC #81: btc_best_leading_zeros = 17.0000000000 | Src: src/btc_mining_engine.c:309 btc_mining_thread()
[63468560860889] METRIC #82: btc_ptmc_rep_hot = 1.0000000000 | Src: src/btc_mining_engine.c:202 engine_ptmc_swap()
[63468561587309] METRIC #83: btc_ptmc_rep_cold = 0.0000000000 | Src: src/btc_mining_engine.c:202 engine_ptmc_swap()
[63468562179449] METRIC #84: btc_ptmc_accept = 1.0000000000 | Src: src/btc_mining_engine.c:202 engine_ptmc_swap()
[63468562998949] METRIC #85: btc_ptmc_rep_hot = 2.0000000000 | Src: src/btc_mining_engine.c:202 engine_ptmc_swap()
[63468563567599] METRIC #86: btc_ptmc_rep_cold = 1.0000000000 | Src: src/btc_mining_engine.c:202 engine_ptmc_swap()
[63468564104129] METRIC #87: btc_ptmc_accept = 1.0000000000 | Src: src/btc_mining_engine.c:202 engine_ptmc_swap()
[63468564729479] METRIC #88: btc_ptmc_rep_hot = 3.0000000000 | Src: src/btc_mining_engine.c:202 engine_ptmc_swap()
[63468565358939] METRIC #89: btc_ptmc_rep_cold = 2.0000000000 | Src: src/btc_mining_engine.c:202 engine_ptmc_swap()
[63468565885209] METRIC #90: btc_ptmc_accept = 1.0000000000 | Src: src/btc_mining_engine.c:202 engine_ptmc_swap()
[63468566505439] METRIC #91: btc_ptmc_rep_hot = 4.0000000000 | Src: src/btc_mining_engine.c:202 engine_ptmc_swap()
[63468567110079] METRIC #92: btc_ptmc_rep_cold = 3.0000000000 | Src: src/btc_mining_engine.c:202 engine_ptmc_swap()
[63468567714889] METRIC #93: btc_ptmc_accept = 1.0000000000 | Src: src/btc_mining_engine.c:202 engine_ptmc_swap()
[63468568420529] METRIC #94: btc_ptmc_rep_hot = 5.0000000000 | Src: src/btc_mining_engine.c:202 engine_ptmc_swap()
[63468569356499] METRIC #95: btc_ptmc_rep_cold = 4.0000000000 | Src: src/btc_mining_engine.c:202 engine_ptmc_swap()
[63468570555839] METRIC #96: btc_ptmc_accept = 1.0000000000 | Src: src/btc_mining_engine.c:202 engine_ptmc_swap()
[63468571430739] METRIC #97: btc_ptmc_rep_hot = 6.0000000000 | Src: src/btc_mining_engine.c:202 engine_ptmc_swap()
[63468572375669] METRIC #98: btc_ptmc_rep_cold = 5.0000000000 | Src: src/btc_mining_engine.c:202 engine_ptmc_swap()
[63468573203179] METRIC #99: btc_ptmc_accept = 1.0000000000 | Src: src/btc_mining_engine.c:202 engine_ptmc_swap()
[63468573939749] METRIC #100: btc_ptmc_rep_hot = 7.0000000000 | Src: src/btc_mining_engine.c:202 engine_ptmc_swap()
[63468574800689] METRIC #101: btc_ptmc_rep_cold = 6.0000000000 | Src: src/btc_mining_engine.c:202 engine_ptmc_swap()
[63468575620949] METRIC #102: btc_ptmc_accept = 1.0000000000 | Src: src/btc_mining_engine.c:202 engine_ptmc_swap()
[63468647854419] METRIC #103: btc_block_nonce = 403827911.0000000000 | Src: src/btc_mining_engine.c:307 btc_mining_thread()
[63468648497689] METRIC #104: btc_best_leading_zeros = 19.0000000000 | Src: src/btc_mining_engine.c:307 btc_mining_thread()
[63468649144710] METRIC #105: btc_block_valid = 0.0000000000 | Src: src/btc_mining_engine.c:307 btc_mining_thread()
[63468650432060] METRIC #106: btc_best_leading_zeros = 19.0000000000 | Src: src/btc_mining_engine.c:309 btc_mining_thread()
[63469064701334] METRIC #107: btc_ptmc_rep_hot = 1.0000000000 | Src: src/btc_mining_engine.c:202 engine_ptmc_swap()
[63469065315754] METRIC #108: btc_ptmc_rep_cold = 0.0000000000 | Src: src/btc_mining_engine.c:202 engine_ptmc_swap()
[63469065808134] METRIC #109: btc_ptmc_accept = 1.0000000000 | Src: src/btc_mining_engine.c:202 engine_ptmc_swap()
[63469066334424] METRIC #110: btc_ptmc_rep_hot = 2.0000000000 | Src: src/btc_mining_engine.c:202 engine_ptmc_swap()
[63469066729284] METRIC #111: btc_ptmc_rep_cold = 1.0000000000 | Src: src/btc_mining_engine.c:202 engine_ptmc_swap()
[63469067218374] METRIC #112: btc_ptmc_accept = 1.0000000000 | Src: src/btc_mining_engine.c:202 engine_ptmc_swap()
[63469067723914] METRIC #113: btc_ptmc_rep_hot = 3.0000000000 | Src: src/btc_mining_engine.c:202 engine_ptmc_swap()
[63469068270854] METRIC #114: btc_ptmc_rep_cold = 2.0000000000 | Src: src/btc_mining_engine.c:202 engine_ptmc_swap()
[63469068656144] METRIC #115: btc_ptmc_accept = 0.6065306597 | Src: src/btc_mining_engine.c:202 engine_ptmc_swap()
[63469069339204] METRIC #116: btc_ptmc_rep_hot = 4.0000000000 | Src: src/btc_mining_engine.c:202 engine_ptmc_swap()
[63469069802334] METRIC #117: btc_ptmc_rep_cold = 3.0000000000 | Src: src/btc_mining_engine.c:202 engine_ptmc_swap()
[63469070211874] METRIC #118: btc_ptmc_accept = 1.0000000000 | Src: src/btc_mining_engine.c:202 engine_ptmc_swap()
[63469070630024] METRIC #119: btc_ptmc_rep_hot = 5.0000000000 | Src: src/btc_mining_engine.c:202 engine_ptmc_swap()
[63469071266184] METRIC #120: btc_ptmc_rep_cold = 4.0000000000 | Src: src/btc_mining_engine.c:202 engine_ptmc_swap()
[63469071951874] METRIC #121: btc_ptmc_accept = 1.0000000000 | Src: src/btc_mining_engine.c:202 engine_ptmc_swap()
[63469072715024] METRIC #122: btc_ptmc_rep_hot = 6.0000000000 | Src: src/btc_mining_engine.c:202 engine_ptmc_swap()
[63469073416544] METRIC #123: btc_ptmc_rep_cold = 5.0000000000 | Src: src/btc_mining_engine.c:202 engine_ptmc_swap()
[63469074065154] METRIC #124: btc_ptmc_accept = 1.0000000000 | Src: src/btc_mining_engine.c:202 engine_ptmc_swap()
[63469074680054] METRIC #125: btc_ptmc_rep_hot = 7.0000000000 | Src: src/btc_mining_engine.c:202 engine_ptmc_swap()
[63469075277304] METRIC #126: btc_ptmc_rep_cold = 6.0000000000 | Src: src/btc_mining_engine.c:202 engine_ptmc_swap()
[63469075841674] METRIC #127: btc_ptmc_accept = 1.0000000000 | Src: src/btc_mining_engine.c:202 engine_ptmc_swap()
[63469565050268] METRIC #128: btc_ptmc_rep_hot = 1.0000000000 | Src: src/btc_mining_engine.c:202 engine_ptmc_swap()
[63469565860899] METRIC #129: btc_ptmc_rep_cold = 0.0000000000 | Src: src/btc_mining_engine.c:202 engine_ptmc_swap()
[63469566543679] METRIC #130: btc_ptmc_accept = 1.0000000000 | Src: src/btc_mining_engine.c:202 engine_ptmc_swap()
[63469567173589] METRIC #131: btc_ptmc_rep_hot = 2.0000000000 | Src: src/btc_mining_engine.c:202 engine_ptmc_swap()
[63469567669619] METRIC #132: btc_ptmc_rep_cold = 1.0000000000 | Src: src/btc_mining_engine.c:202 engine_ptmc_swap()
[63469568190619] METRIC #133: btc_ptmc_accept = 1.0000000000 | Src: src/btc_mining_engine.c:202 engine_ptmc_swap()
[63469568803239] METRIC #134: btc_ptmc_rep_hot = 3.0000000000 | Src: src/btc_mining_engine.c:202 engine_ptmc_swap()
[63469569228029] METRIC #135: btc_ptmc_rep_cold = 2.0000000000 | Src: src/btc_mining_engine.c:202 engine_ptmc_swap()
[63469569612729] METRIC #136: btc_ptmc_accept = 1.0000000000 | Src: src/btc_mining_engine.c:202 engine_ptmc_swap()
[63469570107999] METRIC #137: btc_ptmc_rep_hot = 4.0000000000 | Src: src/btc_mining_engine.c:202 engine_ptmc_swap()
[63469570540939] METRIC #138: btc_ptmc_rep_cold = 3.0000000000 | Src: src/btc_mining_engine.c:202 engine_ptmc_swap()
[63469571172719] METRIC #139: btc_ptmc_accept = 0.9048374180 | Src: src/btc_mining_engine.c:202 engine_ptmc_swap()
[63469571610469] METRIC #140: btc_ptmc_rep_hot = 5.0000000000 | Src: src/btc_mining_engine.c:202 engine_ptmc_swap()
[63469572035089] METRIC #141: btc_ptmc_rep_cold = 4.0000000000 | Src: src/btc_mining_engine.c:202 engine_ptmc_swap()
[63469572880769] METRIC #142: btc_ptmc_accept = 0.9394130628 | Src: src/btc_mining_engine.c:202 engine_ptmc_swap()
[63469573586059] METRIC #143: btc_ptmc_rep_hot = 6.0000000000 | Src: src/btc_mining_engine.c:202 engine_ptmc_swap()
[63469574338979] METRIC #144: btc_ptmc_rep_cold = 5.0000000000 | Src: src/btc_mining_engine.c:202 engine_ptmc_swap()
[63469575111579] METRIC #145: btc_ptmc_accept = 0.9642895790 | Src: src/btc_mining_engine.c:202 engine_ptmc_swap()
[63469575944009] METRIC #146: btc_ptmc_rep_hot = 7.0000000000 | Src: src/btc_mining_engine.c:202 engine_ptmc_swap()
[63469576666369] METRIC #147: btc_ptmc_rep_cold = 6.0000000000 | Src: src/btc_mining_engine.c:202 engine_ptmc_swap()
[63469577556589] METRIC #148: btc_ptmc_accept = 0.9767452464 | Src: src/btc_mining_engine.c:202 engine_ptmc_swap()
[63470059108883] METRIC #149: btc_hashrate_mhs = 0.3944449277 | Src: src/btc_mining_engine.c:367 btc_mining_thread()
[63470059960113] METRIC #150: btc_hashrate_thread_id = 1.0000000000 | Src: src/btc_mining_engine.c:367 btc_mining_thread()
[63470060561353] METRIC #151: btc_nx48_delta_nonce_old = 1.0000000000 | Src: src/nx48_btc_controller.c:218 nx48_btc_update()
[63470060995993] METRIC #152: btc_nx48_delta_nonce_new = 0.9500000000 | Src: src/nx48_btc_controller.c:218 nx48_btc_update()
[63470061470623] METRIC #153: btc_nx48_batch_old = 1.0000000000 | Src: src/nx48_btc_controller.c:218 nx48_btc_update()
[63470061909993] METRIC #154: btc_nx48_batch_new = 1.0500000000 | Src: src/nx48_btc_controller.c:218 nx48_btc_update()
[63470062422203] METRIC #155: btc_nx48_loss = 0.6931471806 | Src: src/nx48_btc_controller.c:219 nx48_btc_update()
[63470062922484] METRIC #156: btc_nx48_grad_norm = 0.1751592512 | Src: src/nx48_btc_controller.c:220 nx48_btc_update()
[63470063674423] METRIC #157: btc_nx48_update_count = 1.0000000000 | Src: src/nx48_btc_controller.c:221 nx48_btc_update()
[63470064428043] METRIC #158: btc_nx48_exploration_bias = 0.4700000000 | Src: src/nx48_btc_controller.c:222 nx48_btc_update()
[63470064986433] METRIC #159: btc_hashrate_mhs = 0.3941778836 | Src: src/btc_mining_engine.c:367 btc_mining_thread()
[63470065694183] METRIC #160: btc_hashrate_mhs = 0.3943579736 | Src: src/btc_mining_engine.c:367 btc_mining_thread()
[63470066272723] METRIC #161: btc_hashrate_thread_id = 3.0000000000 | Src: src/btc_mining_engine.c:367 btc_mining_thread()
[63470066818343] METRIC #162: btc_hashrate_thread_id = 0.0000000000 | Src: src/btc_mining_engine.c:367 btc_mining_thread()
[63470067434223] METRIC #163: btc_hashrate_mhs = 0.3944720478 | Src: src/btc_mining_engine.c:367 btc_mining_thread()
[63470068058994] METRIC #164: btc_hashrate_thread_id = 2.0000000000 | Src: src/btc_mining_engine.c:367 btc_mining_thread()
[63470071901094] METRIC #165: btc_ptmc_rep_hot = 1.0000000000 | Src: src/btc_mining_engine.c:202 engine_ptmc_swap()
[63470072428544] METRIC #166: btc_ptmc_rep_cold = 0.0000000000 | Src: src/btc_mining_engine.c:202 engine_ptmc_swap()
[63470072975734] METRIC #167: btc_ptmc_accept = 1.0000000000 | Src: src/btc_mining_engine.c:202 engine_ptmc_swap()
[63470073685223] METRIC #168: btc_ptmc_rep_hot = 3.0000000000 | Src: src/btc_mining_engine.c:202 engine_ptmc_swap()
[63470074273323] METRIC #169: btc_ptmc_rep_cold = 2.0000000000 | Src: src/btc_mining_engine.c:202 engine_ptmc_swap()
[63470074700894] METRIC #170: btc_ptmc_accept = 1.0000000000 | Src: src/btc_mining_engine.c:202 engine_ptmc_swap()
[63470075317494] METRIC #171: btc_ptmc_rep_hot = 4.0000000000 | Src: src/btc_mining_engine.c:202 engine_ptmc_swap()
[63470075787714] METRIC #172: btc_ptmc_rep_cold = 3.0000000000 | Src: src/btc_mining_engine.c:202 engine_ptmc_swap()
[63470076345974] METRIC #173: btc_ptmc_accept = 0.8187307531 | Src: src/btc_mining_engine.c:202 engine_ptmc_swap()
[63470076854054] METRIC #174: btc_ptmc_rep_hot = 5.0000000000 | Src: src/btc_mining_engine.c:202 engine_ptmc_swap()
[63470077757644] METRIC #175: btc_ptmc_rep_cold = 4.0000000000 | Src: src/btc_mining_engine.c:202 engine_ptmc_swap()
[63470078952274] METRIC #176: btc_ptmc_accept = 0.8824969026 | Src: src/btc_mining_engine.c:202 engine_ptmc_swap()
[63470079958094] METRIC #177: btc_ptmc_rep_hot = 6.0000000000 | Src: src/btc_mining_engine.c:202 engine_ptmc_swap()
[63470080706354] METRIC #178: btc_ptmc_rep_cold = 5.0000000000 | Src: src/btc_mining_engine.c:202 engine_ptmc_swap()
[63470081281064] METRIC #179: btc_ptmc_accept = 0.9298543921 | Src: src/btc_mining_engine.c:202 engine_ptmc_swap()
[63470081847824] METRIC #180: btc_ptmc_rep_hot = 7.0000000000 | Src: src/btc_mining_engine.c:202 engine_ptmc_swap()
[63470082441154] METRIC #181: btc_ptmc_rep_cold = 6.0000000000 | Src: src/btc_mining_engine.c:202 engine_ptmc_swap()
[63470082948354] METRIC #182: btc_ptmc_accept = 0.9767452464 | Src: src/btc_mining_engine.c:202 engine_ptmc_swap()
[63470576810089] METRIC #183: btc_ptmc_rep_hot = 2.0000000000 | Src: src/btc_mining_engine.c:202 engine_ptmc_swap()
[63470577398968] METRIC #184: btc_ptmc_rep_cold = 1.0000000000 | Src: src/btc_mining_engine.c:202 engine_ptmc_swap()
[63470577810978] METRIC #185: btc_ptmc_accept = 1.0000000000 | Src: src/btc_mining_engine.c:202 engine_ptmc_swap()
[63470578304148] METRIC #186: btc_ptmc_rep_hot = 3.0000000000 | Src: src/btc_mining_engine.c:202 engine_ptmc_swap()
[63470578816339] METRIC #187: btc_ptmc_rep_cold = 2.0000000000 | Src: src/btc_mining_engine.c:202 engine_ptmc_swap()
[63470579377839] METRIC #188: btc_ptmc_accept = 1.0000000000 | Src: src/btc_mining_engine.c:202 engine_ptmc_swap()
[63470580038199] METRIC #189: btc_ptmc_rep_hot = 4.0000000000 | Src: src/btc_mining_engine.c:202 engine_ptmc_swap()
[63470580776909] METRIC #190: btc_ptmc_rep_cold = 3.0000000000 | Src: src/btc_mining_engine.c:202 engine_ptmc_swap()
[63470581466109] METRIC #191: btc_ptmc_accept = 1.0000000000 | Src: src/btc_mining_engine.c:202 engine_ptmc_swap()
[63470582348239] METRIC #192: btc_ptmc_rep_hot = 5.0000000000 | Src: src/btc_mining_engine.c:202 engine_ptmc_swap()
[63470583320419] METRIC #193: btc_ptmc_rep_cold = 4.0000000000 | Src: src/btc_mining_engine.c:202 engine_ptmc_swap()
[63470584357189] METRIC #194: btc_ptmc_accept = 1.0000000000 | Src: src/btc_mining_engine.c:202 engine_ptmc_swap()
[63470585233619] METRIC #195: btc_ptmc_rep_hot = 6.0000000000 | Src: src/btc_mining_engine.c:202 engine_ptmc_swap()
[63470585900059] METRIC #196: btc_ptmc_rep_cold = 5.0000000000 | Src: src/btc_mining_engine.c:202 engine_ptmc_swap()
[63470586584299] METRIC #197: btc_ptmc_accept = 1.0000000000 | Src: src/btc_mining_engine.c:202 engine_ptmc_swap()
[63470587246799] METRIC #198: btc_ptmc_rep_hot = 7.0000000000 | Src: src/btc_mining_engine.c:202 engine_ptmc_swap()
[63470587938079] METRIC #199: btc_ptmc_rep_cold = 6.0000000000 | Src: src/btc_mining_engine.c:202 engine_ptmc_swap()
[63470588866369] METRIC #200: btc_ptmc_accept = 1.0000000000 | Src: src/btc_mining_engine.c:202 engine_ptmc_swap()
[63471078210583] METRIC #201: btc_ptmc_rep_hot = 1.0000000000 | Src: src/btc_mining_engine.c:202 engine_ptmc_swap()
[63471078915943] METRIC #202: btc_ptmc_rep_cold = 0.0000000000 | Src: src/btc_mining_engine.c:202 engine_ptmc_swap()
[63471079534403] METRIC #203: btc_ptmc_accept = 1.0000000000 | Src: src/btc_mining_engine.c:202 engine_ptmc_swap()
[63471080187563] METRIC #204: btc_ptmc_rep_hot = 2.0000000000 | Src: src/btc_mining_engine.c:202 engine_ptmc_swap()
[63471080807543] METRIC #205: btc_ptmc_rep_cold = 1.0000000000 | Src: src/btc_mining_engine.c:202 engine_ptmc_swap()
[63471081262013] METRIC #206: btc_ptmc_accept = 1.0000000000 | Src: src/btc_mining_engine.c:202 engine_ptmc_swap()
[63471081808053] METRIC #207: btc_ptmc_rep_hot = 3.0000000000 | Src: src/btc_mining_engine.c:202 engine_ptmc_swap()
[63471082300363] METRIC #208: btc_ptmc_rep_cold = 2.0000000000 | Src: src/btc_mining_engine.c:202 engine_ptmc_swap()
[63471082686393] METRIC #209: btc_ptmc_accept = 1.0000000000 | Src: src/btc_mining_engine.c:202 engine_ptmc_swap()
[63471083210763] METRIC #210: btc_ptmc_rep_hot = 4.0000000000 | Src: src/btc_mining_engine.c:202 engine_ptmc_swap()
[63471083716933] METRIC #211: btc_ptmc_rep_cold = 3.0000000000 | Src: src/btc_mining_engine.c:202 engine_ptmc_swap()
[63471084214143] METRIC #212: btc_ptmc_accept = 1.0000000000 | Src: src/btc_mining_engine.c:202 engine_ptmc_swap()
[63471084763373] METRIC #213: btc_ptmc_rep_hot = 5.0000000000 | Src: src/btc_mining_engine.c:202 engine_ptmc_swap()
[63471085517083] METRIC #214: btc_ptmc_rep_cold = 4.0000000000 | Src: src/btc_mining_engine.c:202 engine_ptmc_swap()
[63471086358703] METRIC #215: btc_ptmc_accept = 1.0000000000 | Src: src/btc_mining_engine.c:202 engine_ptmc_swap()
[63471087423543] METRIC #216: btc_ptmc_rep_hot = 6.0000000000 | Src: src/btc_mining_engine.c:202 engine_ptmc_swap()
[63471088726343] METRIC #217: btc_ptmc_rep_cold = 5.0000000000 | Src: src/btc_mining_engine.c:202 engine_ptmc_swap()
[63471089801823] METRIC #218: btc_ptmc_accept = 1.0000000000 | Src: src/btc_mining_engine.c:202 engine_ptmc_swap()
[63471090655673] METRIC #219: btc_ptmc_rep_hot = 7.0000000000 | Src: src/btc_mining_engine.c:202 engine_ptmc_swap()
[63471091665623] METRIC #220: btc_ptmc_rep_cold = 6.0000000000 | Src: src/btc_mining_engine.c:202 engine_ptmc_swap()
[63471092493564] METRIC #221: btc_ptmc_accept = 1.0000000000 | Src: src/btc_mining_engine.c:202 engine_ptmc_swap()
[63471169448284] METRIC #222: btc_block_nonce = 3649356111.0000000000 | Src: src/btc_mining_engine.c:307 btc_mining_thread()
[63471170268064] METRIC #223: btc_best_leading_zeros = 20.0000000000 | Src: src/btc_mining_engine.c:307 btc_mining_thread()
[63471170926034] METRIC #224: btc_block_valid = 0.0000000000 | Src: src/btc_mining_engine.c:307 btc_mining_thread()
[63471172121534] METRIC #225: btc_best_leading_zeros = 20.0000000000 | Src: src/btc_mining_engine.c:309 btc_mining_thread()
[63471582849768] METRIC #226: btc_ptmc_rep_hot = 1.0000000000 | Src: src/btc_mining_engine.c:202 engine_ptmc_swap()
[63471583597108] METRIC #227: btc_ptmc_rep_cold = 0.0000000000 | Src: src/btc_mining_engine.c:202 engine_ptmc_swap()
[63471584218118] METRIC #228: btc_ptmc_accept = 1.0000000000 | Src: src/btc_mining_engine.c:202 engine_ptmc_swap()
[63471584827848] METRIC #229: btc_ptmc_rep_hot = 2.0000000000 | Src: src/btc_mining_engine.c:202 engine_ptmc_swap()
[63471585389328] METRIC #230: btc_ptmc_rep_cold = 1.0000000000 | Src: src/btc_mining_engine.c:202 engine_ptmc_swap()
[63471585791958] METRIC #231: btc_ptmc_accept = 1.0000000000 | Src: src/btc_mining_engine.c:202 engine_ptmc_swap()
[63471586426008] METRIC #232: btc_ptmc_rep_hot = 3.0000000000 | Src: src/btc_mining_engine.c:202 engine_ptmc_swap()
[63471586854548] METRIC #233: btc_ptmc_rep_cold = 2.0000000000 | Src: src/btc_mining_engine.c:202 engine_ptmc_swap()
[63471587299448] METRIC #234: btc_ptmc_accept = 1.0000000000 | Src: src/btc_mining_engine.c:202 engine_ptmc_swap()
[63471587904898] METRIC #235: btc_ptmc_rep_hot = 4.0000000000 | Src: src/btc_mining_engine.c:202 engine_ptmc_swap()
[63471588492968] METRIC #236: btc_ptmc_rep_cold = 3.0000000000 | Src: src/btc_mining_engine.c:202 engine_ptmc_swap()
[63471588975418] METRIC #237: btc_ptmc_accept = 1.0000000000 | Src: src/btc_mining_engine.c:202 engine_ptmc_swap()
[63471589521988] METRIC #238: btc_ptmc_rep_hot = 5.0000000000 | Src: src/btc_mining_engine.c:202 engine_ptmc_swap()
[63471590325198] METRIC #239: btc_ptmc_rep_cold = 4.0000000000 | Src: src/btc_mining_engine.c:202 engine_ptmc_swap()
[63471591225238] METRIC #240: btc_ptmc_accept = 1.0000000000 | Src: src/btc_mining_engine.c:202 engine_ptmc_swap()
[63471592284028] METRIC #241: btc_ptmc_rep_hot = 6.0000000000 | Src: src/btc_mining_engine.c:202 engine_ptmc_swap()
[63471593540068] METRIC #242: btc_ptmc_rep_cold = 5.0000000000 | Src: src/btc_mining_engine.c:202 engine_ptmc_swap()
[63471594320598] METRIC #243: btc_ptmc_accept = 1.0000000000 | Src: src/btc_mining_engine.c:202 engine_ptmc_swap()
[63471595330548] METRIC #244: btc_ptmc_rep_hot = 7.0000000000 | Src: src/btc_mining_engine.c:202 engine_ptmc_swap()
[63471596291008] METRIC #245: btc_ptmc_rep_cold = 6.0000000000 | Src: src/btc_mining_engine.c:202 engine_ptmc_swap()
[63471596955068] METRIC #246: btc_ptmc_accept = 1.0000000000 | Src: src/btc_mining_engine.c:202 engine_ptmc_swap()
[63472060664373] METRIC #247: btc_nx48_delta_nonce_old = 0.9500000000 | Src: src/nx48_btc_controller.c:218 nx48_btc_update()
[63472061344593] METRIC #248: btc_nx48_delta_nonce_new = 0.9500000000 | Src: src/nx48_btc_controller.c:218 nx48_btc_update()
[63472061824353] METRIC #249: btc_nx48_batch_old = 1.0500000000 | Src: src/nx48_btc_controller.c:218 nx48_btc_update()
[63472062273393] METRIC #250: btc_nx48_batch_new = 1.1025000000 | Src: src/nx48_btc_controller.c:218 nx48_btc_update()
[63472062749803] METRIC #251: btc_nx48_loss = 0.6930301029 | Src: src/nx48_btc_controller.c:219 nx48_btc_update()
[63472063220723] METRIC #252: btc_nx48_grad_norm = 0.2247810545 | Src: src/nx48_btc_controller.c:220 nx48_btc_update()
[63472063672893] METRIC #253: btc_nx48_update_count = 2.0000000000 | Src: src/nx48_btc_controller.c:221 nx48_btc_update()
[63472064141693] METRIC #254: btc_nx48_exploration_bias = 0.4700000000 | Src: src/nx48_btc_controller.c:222 nx48_btc_update()
[63472064581573] METRIC #255: btc_hashrate_mhs = 0.3973857400 | Src: src/btc_mining_engine.c:367 btc_mining_thread()
[63472064994763] METRIC #256: btc_hashrate_thread_id = 0.0000000000 | Src: src/btc_mining_engine.c:367 btc_mining_thread()
[63472065517533] METRIC #257: btc_hashrate_mhs = 0.3974993734 | Src: src/btc_mining_engine.c:367 btc_mining_thread()
[63472066089203] METRIC #258: btc_hashrate_thread_id = 2.0000000000 | Src: src/btc_mining_engine.c:367 btc_mining_thread()
[63472066599773] METRIC #259: btc_hashrate_mhs = 0.3974399627 | Src: src/btc_mining_engine.c:367 btc_mining_thread()
[63472067196613] METRIC #260: btc_hashrate_thread_id = 3.0000000000 | Src: src/btc_mining_engine.c:367 btc_mining_thread()
[63472067736793] METRIC #261: btc_hashrate_mhs = 0.3973917182 | Src: src/btc_mining_engine.c:367 btc_mining_thread()
[63472068527933] METRIC #262: btc_hashrate_thread_id = 1.0000000000 | Src: src/btc_mining_engine.c:367 btc_mining_thread()
[63472083563623] METRIC #263: btc_ptmc_rep_hot = 2.0000000000 | Src: src/btc_mining_engine.c:202 engine_ptmc_swap()
[63472084055513] METRIC #264: btc_ptmc_rep_cold = 1.0000000000 | Src: src/btc_mining_engine.c:202 engine_ptmc_swap()
[63472084427493] METRIC #265: btc_ptmc_accept = 1.0000000000 | Src: src/btc_mining_engine.c:202 engine_ptmc_swap()
[63472084905673] METRIC #266: btc_ptmc_rep_hot = 3.0000000000 | Src: src/btc_mining_engine.c:202 engine_ptmc_swap()
[63472085305033] METRIC #267: btc_ptmc_rep_cold = 2.0000000000 | Src: src/btc_mining_engine.c:202 engine_ptmc_swap()
[63472085677503] METRIC #268: btc_ptmc_accept = 0.8464817249 | Src: src/btc_mining_engine.c:202 engine_ptmc_swap()
[63472086206873] METRIC #269: btc_ptmc_rep_hot = 4.0000000000 | Src: src/btc_mining_engine.c:202 engine_ptmc_swap()
[63472086769973] METRIC #270: btc_ptmc_rep_cold = 3.0000000000 | Src: src/btc_mining_engine.c:202 engine_ptmc_swap()
[63472087333703] METRIC #271: btc_ptmc_accept = 0.9048374180 | Src: src/btc_mining_engine.c:202 engine_ptmc_swap()
[63472087994653] METRIC #272: btc_ptmc_rep_hot = 5.0000000000 | Src: src/btc_mining_engine.c:202 engine_ptmc_swap()
[63472088994813] METRIC #273: btc_ptmc_rep_cold = 4.0000000000 | Src: src/btc_mining_engine.c:202 engine_ptmc_swap()
[63472089975083] METRIC #274: btc_ptmc_accept = 0.8290291182 | Src: src/btc_mining_engine.c:202 engine_ptmc_swap()
[63472090707463] METRIC #275: btc_ptmc_rep_hot = 6.0000000000 | Src: src/btc_mining_engine.c:202 engine_ptmc_swap()
[63472091389483] METRIC #276: btc_ptmc_rep_cold = 5.0000000000 | Src: src/btc_mining_engine.c:202 engine_ptmc_swap()
[63472092213843] METRIC #277: btc_ptmc_accept = 0.8966489003 | Src: src/btc_mining_engine.c:202 engine_ptmc_swap()
[63472093006733] METRIC #278: btc_ptmc_rep_hot = 7.0000000000 | Src: src/btc_mining_engine.c:202 engine_ptmc_swap()
[63472093730423] METRIC #279: btc_ptmc_rep_cold = 6.0000000000 | Src: src/btc_mining_engine.c:202 engine_ptmc_swap()
[63472094525523] METRIC #280: btc_ptmc_accept = 0.9318455142 | Src: src/btc_mining_engine.c:202 engine_ptmc_swap()
[63472586687178] METRIC #281: btc_ptmc_rep_hot = 1.0000000000 | Src: src/btc_mining_engine.c:202 engine_ptmc_swap()
[63472587408788] METRIC #282: btc_ptmc_rep_cold = 0.0000000000 | Src: src/btc_mining_engine.c:202 engine_ptmc_swap()
[63472587955438] METRIC #283: btc_ptmc_accept = 1.0000000000 | Src: src/btc_mining_engine.c:202 engine_ptmc_swap()
[63472588668318] METRIC #284: btc_ptmc_rep_hot = 2.0000000000 | Src: src/btc_mining_engine.c:202 engine_ptmc_swap()
[63472589187828] METRIC #285: btc_ptmc_rep_cold = 1.0000000000 | Src: src/btc_mining_engine.c:202 engine_ptmc_swap()
[63472589606568] METRIC #286: btc_ptmc_accept = 0.7165313106 | Src: src/btc_mining_engine.c:202 engine_ptmc_swap()
[63472590199358] METRIC #287: btc_ptmc_rep_hot = 3.0000000000 | Src: src/btc_mining_engine.c:202 engine_ptmc_swap()
[63472590581518] METRIC #288: btc_ptmc_rep_cold = 2.0000000000 | Src: src/btc_mining_engine.c:202 engine_ptmc_swap()
[63472590948988] METRIC #289: btc_ptmc_accept = 0.6065306597 | Src: src/btc_mining_engine.c:202 engine_ptmc_swap()
[63472591459028] METRIC #290: btc_ptmc_rep_hot = 5.0000000000 | Src: src/btc_mining_engine.c:202 engine_ptmc_swap()
[63472592168798] METRIC #291: btc_ptmc_rep_cold = 4.0000000000 | Src: src/btc_mining_engine.c:202 engine_ptmc_swap()
[63472592898868] METRIC #292: btc_ptmc_accept = 1.0000000000 | Src: src/btc_mining_engine.c:202 engine_ptmc_swap()
[63472593785048] METRIC #293: btc_ptmc_rep_hot = 6.0000000000 | Src: src/btc_mining_engine.c:202 engine_ptmc_swap()
[63472594562428] METRIC #294: btc_ptmc_rep_cold = 5.0000000000 | Src: src/btc_mining_engine.c:202 engine_ptmc_swap()
[63472595681978] METRIC #295: btc_ptmc_accept = 1.0000000000 | Src: src/btc_mining_engine.c:202 engine_ptmc_swap()
[63472596739918] METRIC #296: btc_ptmc_rep_hot = 7.0000000000 | Src: src/btc_mining_engine.c:202 engine_ptmc_swap()
[63472597469768] METRIC #297: btc_ptmc_rep_cold = 6.0000000000 | Src: src/btc_mining_engine.c:202 engine_ptmc_swap()
[63472598390728] METRIC #298: btc_ptmc_accept = 1.0000000000 | Src: src/btc_mining_engine.c:202 engine_ptmc_swap()
[63473090783443] METRIC #299: btc_ptmc_rep_hot = 2.0000000000 | Src: src/btc_mining_engine.c:202 engine_ptmc_swap()
[63473091343393] METRIC #300: btc_ptmc_rep_cold = 1.0000000000 | Src: src/btc_mining_engine.c:202 engine_ptmc_swap()
[63473091745383] METRIC #301: btc_ptmc_accept = 1.0000000000 | Src: src/btc_mining_engine.c:202 engine_ptmc_swap()
[63473092345123] METRIC #302: btc_ptmc_rep_hot = 3.0000000000 | Src: src/btc_mining_engine.c:202 engine_ptmc_swap()
[63473092781873] METRIC #303: btc_ptmc_rep_cold = 2.0000000000 | Src: src/btc_mining_engine.c:202 engine_ptmc_swap()
[63473093245343] METRIC #304: btc_ptmc_accept = 1.0000000000 | Src: src/btc_mining_engine.c:202 engine_ptmc_swap()
[63473093821673] METRIC #305: btc_ptmc_rep_hot = 4.0000000000 | Src: src/btc_mining_engine.c:202 engine_ptmc_swap()
[63473094436213] METRIC #306: btc_ptmc_rep_cold = 3.0000000000 | Src: src/btc_mining_engine.c:202 engine_ptmc_swap()
[63473094977613] METRIC #307: btc_ptmc_accept = 0.6703200460 | Src: src/btc_mining_engine.c:202 engine_ptmc_swap()
[63473095592633] METRIC #308: btc_ptmc_rep_hot = 5.0000000000 | Src: src/btc_mining_engine.c:202 engine_ptmc_swap()
[63473096524843] METRIC #309: btc_ptmc_rep_cold = 4.0000000000 | Src: src/btc_mining_engine.c:202 engine_ptmc_swap()
[63473097278233] METRIC #310: btc_ptmc_accept = 0.7788007831 | Src: src/btc_mining_engine.c:202 engine_ptmc_swap()
[63473098153183] METRIC #311: btc_ptmc_rep_hot = 7.0000000000 | Src: src/btc_mining_engine.c:202 engine_ptmc_swap()
[63473099211043] METRIC #312: btc_ptmc_rep_cold = 6.0000000000 | Src: src/btc_mining_engine.c:202 engine_ptmc_swap()
[63473100229723] METRIC #313: btc_ptmc_accept = 0.9318455142 | Src: src/btc_mining_engine.c:202 engine_ptmc_swap()
[63473592176268] METRIC #314: btc_ptmc_rep_hot = 1.0000000000 | Src: src/btc_mining_engine.c:202 engine_ptmc_swap()
[63473592796898] METRIC #315: btc_ptmc_rep_cold = 0.0000000000 | Src: src/btc_mining_engine.c:202 engine_ptmc_swap()
[63473593304338] METRIC #316: btc_ptmc_accept = 1.0000000000 | Src: src/btc_mining_engine.c:202 engine_ptmc_swap()
[63473593848968] METRIC #317: btc_ptmc_rep_hot = 2.0000000000 | Src: src/btc_mining_engine.c:202 engine_ptmc_swap()
[63473594280818] METRIC #318: btc_ptmc_rep_cold = 1.0000000000 | Src: src/btc_mining_engine.c:202 engine_ptmc_swap()
[63473594689968] METRIC #319: btc_ptmc_accept = 1.0000000000 | Src: src/btc_mining_engine.c:202 engine_ptmc_swap()
[63473595302458] METRIC #320: btc_ptmc_rep_hot = 3.0000000000 | Src: src/btc_mining_engine.c:202 engine_ptmc_swap()
[63473595808758] METRIC #321: btc_ptmc_rep_cold = 2.0000000000 | Src: src/btc_mining_engine.c:202 engine_ptmc_swap()
[63473596366058] METRIC #322: btc_ptmc_accept = 1.0000000000 | Src: src/btc_mining_engine.c:202 engine_ptmc_swap()
[63473596917438] METRIC #323: btc_ptmc_rep_hot = 4.0000000000 | Src: src/btc_mining_engine.c:202 engine_ptmc_swap()
[63473597581678] METRIC #324: btc_ptmc_rep_cold = 3.0000000000 | Src: src/btc_mining_engine.c:202 engine_ptmc_swap()
[63473598129968] METRIC #325: btc_ptmc_accept = 1.0000000000 | Src: src/btc_mining_engine.c:202 engine_ptmc_swap()
[63473598681098] METRIC #326: btc_ptmc_rep_hot = 5.0000000000 | Src: src/btc_mining_engine.c:202 engine_ptmc_swap()
[63473599694428] METRIC #327: btc_ptmc_rep_cold = 4.0000000000 | Src: src/btc_mining_engine.c:202 engine_ptmc_swap()
[63473600674888] METRIC #328: btc_ptmc_accept = 1.0000000000 | Src: src/btc_mining_engine.c:202 engine_ptmc_swap()
[63473601527278] METRIC #329: btc_ptmc_rep_hot = 6.0000000000 | Src: src/btc_mining_engine.c:202 engine_ptmc_swap()
[63473602322418] METRIC #330: btc_ptmc_rep_cold = 5.0000000000 | Src: src/btc_mining_engine.c:202 engine_ptmc_swap()
[63473603264008] METRIC #331: btc_ptmc_accept = 1.0000000000 | Src: src/btc_mining_engine.c:202 engine_ptmc_swap()
[63473603921978] METRIC #332: btc_ptmc_rep_hot = 7.0000000000 | Src: src/btc_mining_engine.c:202 engine_ptmc_swap()
[63473604874148] METRIC #333: btc_ptmc_rep_cold = 6.0000000000 | Src: src/btc_mining_engine.c:202 engine_ptmc_swap()
[63473605736798] METRIC #334: btc_ptmc_accept = 1.0000000000 | Src: src/btc_mining_engine.c:202 engine_ptmc_swap()
[63474062654182] METRIC #335: btc_hashrate_mhs = 0.3978419272 | Src: src/btc_mining_engine.c:367 btc_mining_thread()
[63474063222332] METRIC #336: btc_hashrate_thread_id = 3.0000000000 | Src: src/btc_mining_engine.c:367 btc_mining_thread()
[63474063736902] METRIC #337: btc_hashrate_mhs = 0.3978753896 | Src: src/btc_mining_engine.c:367 btc_mining_thread()
[63474064305942] METRIC #338: btc_hashrate_thread_id = 2.0000000000 | Src: src/btc_mining_engine.c:367 btc_mining_thread()
[63474064888372] METRIC #339: btc_nx48_delta_nonce_old = 0.9500000000 | Src: src/nx48_btc_controller.c:218 nx48_btc_update()
[63474065508202] METRIC #340: btc_hashrate_mhs = 0.3978948986 | Src: src/btc_mining_engine.c:367 btc_mining_thread()
[63474066079162] METRIC #341: btc_hashrate_thread_id = 1.0000000000 | Src: src/btc_mining_engine.c:367 btc_mining_thread()
[63474066743312] METRIC #342: btc_nx48_delta_nonce_new = 0.9500000000 | Src: src/nx48_btc_controller.c:218 nx48_btc_update()
[63474067792792] METRIC #343: btc_nx48_batch_old = 1.1025000000 | Src: src/nx48_btc_controller.c:218 nx48_btc_update()
[63474068555872] METRIC #344: btc_nx48_batch_new = 1.1576250000 | Src: src/nx48_btc_controller.c:218 nx48_btc_update()
[63474069202692] METRIC #345: btc_nx48_loss = 0.6928067434 | Src: src/nx48_btc_controller.c:219 nx48_btc_update()
[63474069993852] METRIC #346: btc_nx48_grad_norm = 0.2150009620 | Src: src/nx48_btc_controller.c:220 nx48_btc_update()
[63474070757252] METRIC #347: btc_nx48_update_count = 3.0000000000 | Src: src/nx48_btc_controller.c:221 nx48_btc_update()
[63474071626132] METRIC #348: btc_nx48_exploration_bias = 0.4700000000 | Src: src/nx48_btc_controller.c:222 nx48_btc_update()
[63474072287732] METRIC #349: btc_hashrate_mhs = 0.3979366016 | Src: src/btc_mining_engine.c:367 btc_mining_thread()
[63474073149722] METRIC #350: btc_hashrate_thread_id = 0.0000000000 | Src: src/btc_mining_engine.c:367 btc_mining_thread()
[63474092647893] METRIC #351: btc_ptmc_rep_hot = 1.0000000000 | Src: src/btc_mining_engine.c:202 engine_ptmc_swap()
[63474093370603] METRIC #352: btc_ptmc_rep_cold = 0.0000000000 | Src: src/btc_mining_engine.c:202 engine_ptmc_swap()
[63474093879103] METRIC #353: btc_ptmc_accept = 1.0000000000 | Src: src/btc_mining_engine.c:202 engine_ptmc_swap()
[63474094457773] METRIC #354: btc_ptmc_rep_hot = 2.0000000000 | Src: src/btc_mining_engine.c:202 engine_ptmc_swap()
[63474094895523] METRIC #355: btc_ptmc_rep_cold = 1.0000000000 | Src: src/btc_mining_engine.c:202 engine_ptmc_swap()
[63474095365513] METRIC #356: btc_ptmc_accept = 1.0000000000 | Src: src/btc_mining_engine.c:202 engine_ptmc_swap()
[63474095887533] METRIC #357: btc_ptmc_rep_hot = 3.0000000000 | Src: src/btc_mining_engine.c:202 engine_ptmc_swap()
[63474096421013] METRIC #358: btc_ptmc_rep_cold = 2.0000000000 | Src: src/btc_mining_engine.c:202 engine_ptmc_swap()
[63474096838213] METRIC #359: btc_ptmc_accept = 0.8464817249 | Src: src/btc_mining_engine.c:202 engine_ptmc_swap()
[63474097487023] METRIC #360: btc_ptmc_rep_hot = 4.0000000000 | Src: src/btc_mining_engine.c:202 engine_ptmc_swap()
[63474098171523] METRIC #361: btc_ptmc_rep_cold = 3.0000000000 | Src: src/btc_mining_engine.c:202 engine_ptmc_swap()
[63474098660103] METRIC #362: btc_ptmc_accept = 1.0000000000 | Src: src/btc_mining_engine.c:202 engine_ptmc_swap()
[63474099263243] METRIC #363: btc_ptmc_rep_hot = 5.0000000000 | Src: src/btc_mining_engine.c:202 engine_ptmc_swap()
[63474100066643] METRIC #364: btc_ptmc_rep_cold = 4.0000000000 | Src: src/btc_mining_engine.c:202 engine_ptmc_swap()
[63474100802263] METRIC #365: btc_ptmc_accept = 0.9394130628 | Src: src/btc_mining_engine.c:202 engine_ptmc_swap()
[63474101757233] METRIC #366: btc_ptmc_rep_hot = 6.0000000000 | Src: src/btc_mining_engine.c:202 engine_ptmc_swap()
[63474102421213] METRIC #367: btc_ptmc_rep_cold = 5.0000000000 | Src: src/btc_mining_engine.c:202 engine_ptmc_swap()
[63474103225263] METRIC #368: btc_ptmc_accept = 1.0000000000 | Src: src/btc_mining_engine.c:202 engine_ptmc_swap()
[63474103991343] METRIC #369: btc_ptmc_rep_hot = 7.0000000000 | Src: src/btc_mining_engine.c:202 engine_ptmc_swap()
[63474105288073] METRIC #370: btc_ptmc_rep_cold = 6.0000000000 | Src: src/btc_mining_engine.c:202 engine_ptmc_swap()
[63474106049873] METRIC #371: btc_ptmc_accept = 0.9767452464 | Src: src/btc_mining_engine.c:202 engine_ptmc_swap()
[63474594161927] METRIC #372: btc_ptmc_rep_hot = 1.0000000000 | Src: src/btc_mining_engine.c:202 engine_ptmc_swap()
[63474594893517] METRIC #373: btc_ptmc_rep_cold = 0.0000000000 | Src: src/btc_mining_engine.c:202 engine_ptmc_swap()
[63474595467987] METRIC #374: btc_ptmc_accept = 1.0000000000 | Src: src/btc_mining_engine.c:202 engine_ptmc_swap()
[63474596124237] METRIC #375: btc_ptmc_rep_hot = 2.0000000000 | Src: src/btc_mining_engine.c:202 engine_ptmc_swap()
[63474596686647] METRIC #376: btc_ptmc_rep_cold = 1.0000000000 | Src: src/btc_mining_engine.c:202 engine_ptmc_swap()
[63474597190757] METRIC #377: btc_ptmc_accept = 1.0000000000 | Src: src/btc_mining_engine.c:202 engine_ptmc_swap()
[63474597809917] METRIC #378: btc_ptmc_rep_hot = 3.0000000000 | Src: src/btc_mining_engine.c:202 engine_ptmc_swap()
[63474598328917] METRIC #379: btc_ptmc_rep_cold = 2.0000000000 | Src: src/btc_mining_engine.c:202 engine_ptmc_swap()
[63474598722157] METRIC #380: btc_ptmc_accept = 1.0000000000 | Src: src/btc_mining_engine.c:202 engine_ptmc_swap()
[63474599408327] METRIC #381: btc_ptmc_rep_hot = 4.0000000000 | Src: src/btc_mining_engine.c:202 engine_ptmc_swap()
[63474600046468] METRIC #382: btc_ptmc_rep_cold = 3.0000000000 | Src: src/btc_mining_engine.c:202 engine_ptmc_swap()
[63474600652127] METRIC #383: btc_ptmc_accept = 0.4493289641 | Src: src/btc_mining_engine.c:202 engine_ptmc_swap()
[63474601341477] METRIC #384: btc_ptmc_rep_hot = 5.0000000000 | Src: src/btc_mining_engine.c:202 engine_ptmc_swap()
[63474602401088] METRIC #385: btc_ptmc_rep_cold = 4.0000000000 | Src: src/btc_mining_engine.c:202 engine_ptmc_swap()
[63474603190808] METRIC #386: btc_ptmc_accept = 0.7316156289 | Src: src/btc_mining_engine.c:202 engine_ptmc_swap()
[63474603995878] METRIC #387: btc_ptmc_rep_hot = 6.0000000000 | Src: src/btc_mining_engine.c:202 engine_ptmc_swap()
[63474605151408] METRIC #388: btc_ptmc_rep_cold = 5.0000000000 | Src: src/btc_mining_engine.c:202 engine_ptmc_swap()
[63474606105747] METRIC #389: btc_ptmc_accept = 0.7475836371 | Src: src/btc_mining_engine.c:202 engine_ptmc_swap()
[63474606816908] METRIC #390: btc_ptmc_rep_hot = 7.0000000000 | Src: src/btc_mining_engine.c:202 engine_ptmc_swap()
[63474607872068] METRIC #391: btc_ptmc_rep_cold = 6.0000000000 | Src: src/btc_mining_engine.c:202 engine_ptmc_swap()
[63474609255258] METRIC #392: btc_ptmc_accept = 0.8481431213 | Src: src/btc_mining_engine.c:202 engine_ptmc_swap()
[63475095643942] METRIC #393: btc_ptmc_rep_hot = 2.0000000000 | Src: src/btc_mining_engine.c:202 engine_ptmc_swap()
[63475096231812] METRIC #394: btc_ptmc_rep_cold = 1.0000000000 | Src: src/btc_mining_engine.c:202 engine_ptmc_swap()
[63475096702082] METRIC #395: btc_ptmc_accept = 1.0000000000 | Src: src/btc_mining_engine.c:202 engine_ptmc_swap()
[63475097320752] METRIC #396: btc_ptmc_rep_hot = 3.0000000000 | Src: src/btc_mining_engine.c:202 engine_ptmc_swap()
[63475097843122] METRIC #397: btc_ptmc_rep_cold = 2.0000000000 | Src: src/btc_mining_engine.c:202 engine_ptmc_swap()
[63475098348752] METRIC #398: btc_ptmc_accept = 1.0000000000 | Src: src/btc_mining_engine.c:202 engine_ptmc_swap()
[63475098848112] METRIC #399: btc_ptmc_rep_hot = 4.0000000000 | Src: src/btc_mining_engine.c:202 engine_ptmc_swap()
[63475099348762] METRIC #400: btc_ptmc_rep_cold = 3.0000000000 | Src: src/btc_mining_engine.c:202 engine_ptmc_swap()
[63475099996542] METRIC #401: btc_ptmc_accept = 1.0000000000 | Src: src/btc_mining_engine.c:202 engine_ptmc_swap()
[63475100619362] METRIC #402: btc_ptmc_rep_hot = 5.0000000000 | Src: src/btc_mining_engine.c:202 engine_ptmc_swap()
[63475101265402] METRIC #403: btc_ptmc_rep_cold = 4.0000000000 | Src: src/btc_mining_engine.c:202 engine_ptmc_swap()
[63475102174772] METRIC #404: btc_ptmc_accept = 1.0000000000 | Src: src/btc_mining_engine.c:202 engine_ptmc_swap()
[63475102898552] METRIC #405: btc_ptmc_rep_hot = 6.0000000000 | Src: src/btc_mining_engine.c:202 engine_ptmc_swap()
[63475103919882] METRIC #406: btc_ptmc_rep_cold = 5.0000000000 | Src: src/btc_mining_engine.c:202 engine_ptmc_swap()
[63475104703392] METRIC #407: btc_ptmc_accept = 1.0000000000 | Src: src/btc_mining_engine.c:202 engine_ptmc_swap()
[63475105730972] METRIC #408: btc_ptmc_rep_hot = 7.0000000000 | Src: src/btc_mining_engine.c:202 engine_ptmc_swap()
[63475106566482] METRIC #409: btc_ptmc_rep_cold = 6.0000000000 | Src: src/btc_mining_engine.c:202 engine_ptmc_swap()
[63475107569762] METRIC #410: btc_ptmc_accept = 1.0000000000 | Src: src/btc_mining_engine.c:202 engine_ptmc_swap()
[63475598473457] METRIC #411: btc_ptmc_rep_hot = 2.0000000000 | Src: src/btc_mining_engine.c:202 engine_ptmc_swap()
[63475599103237] METRIC #412: btc_ptmc_rep_cold = 1.0000000000 | Src: src/btc_mining_engine.c:202 engine_ptmc_swap()
[63475599560397] METRIC #413: btc_ptmc_accept = 1.0000000000 | Src: src/btc_mining_engine.c:202 engine_ptmc_swap()
[63475600156947] METRIC #414: btc_ptmc_rep_hot = 3.0000000000 | Src: src/btc_mining_engine.c:202 engine_ptmc_swap()
[63475600595407] METRIC #415: btc_ptmc_rep_cold = 2.0000000000 | Src: src/btc_mining_engine.c:202 engine_ptmc_swap()
[63475601010327] METRIC #416: btc_ptmc_accept = 1.0000000000 | Src: src/btc_mining_engine.c:202 engine_ptmc_swap()
[63475601553987] METRIC #417: btc_ptmc_rep_hot = 4.0000000000 | Src: src/btc_mining_engine.c:202 engine_ptmc_swap()
[63475602004147] METRIC #418: btc_ptmc_rep_cold = 3.0000000000 | Src: src/btc_mining_engine.c:202 engine_ptmc_swap()
[63475602497607] METRIC #419: btc_ptmc_accept = 1.0000000000 | Src: src/btc_mining_engine.c:202 engine_ptmc_swap()
[63475603177677] METRIC #420: btc_ptmc_rep_hot = 5.0000000000 | Src: src/btc_mining_engine.c:202 engine_ptmc_swap()
[63475603996507] METRIC #421: btc_ptmc_rep_cold = 4.0000000000 | Src: src/btc_mining_engine.c:202 engine_ptmc_swap()
[63475604827947] METRIC #422: btc_ptmc_accept = 1.0000000000 | Src: src/btc_mining_engine.c:202 engine_ptmc_swap()
[63475605734437] METRIC #423: btc_ptmc_rep_hot = 6.0000000000 | Src: src/btc_mining_engine.c:202 engine_ptmc_swap()
[63475606697257] METRIC #424: btc_ptmc_rep_cold = 5.0000000000 | Src: src/btc_mining_engine.c:202 engine_ptmc_swap()
[63475607807037] METRIC #425: btc_ptmc_accept = 1.0000000000 | Src: src/btc_mining_engine.c:202 engine_ptmc_swap()
[63475608670677] METRIC #426: btc_ptmc_rep_hot = 7.0000000000 | Src: src/btc_mining_engine.c:202 engine_ptmc_swap()
[63475609326987] METRIC #427: btc_ptmc_rep_cold = 6.0000000000 | Src: src/btc_mining_engine.c:202 engine_ptmc_swap()
[63475609947017] METRIC #428: btc_ptmc_accept = 1.0000000000 | Src: src/btc_mining_engine.c:202 engine_ptmc_swap()
[63476063626211] METRIC #429: btc_nx48_delta_nonce_old = 0.9500000000 | Src: src/nx48_btc_controller.c:218 nx48_btc_update()
[63476064291601] METRIC #430: btc_nx48_delta_nonce_new = 0.9500000000 | Src: src/nx48_btc_controller.c:218 nx48_btc_update()
[63476064738332] METRIC #431: btc_nx48_batch_old = 1.1576250000 | Src: src/nx48_btc_controller.c:218 nx48_btc_update()
[63476065165482] METRIC #432: btc_nx48_batch_new = 1.2155062500 | Src: src/nx48_btc_controller.c:218 nx48_btc_update()
[63476065624972] METRIC #433: btc_nx48_loss = 0.6925983632 | Src: src/nx48_btc_controller.c:219 nx48_btc_update()
[63476066064431] METRIC #434: btc_nx48_grad_norm = 0.2104922201 | Src: src/nx48_btc_controller.c:220 nx48_btc_update()
[63476066507422] METRIC #435: btc_nx48_update_count = 4.0000000000 | Src: src/nx48_btc_controller.c:221 nx48_btc_update()
[63476067094262] METRIC #436: btc_nx48_exploration_bias = 0.4700000000 | Src: src/nx48_btc_controller.c:222 nx48_btc_update()
[63476067510882] METRIC #437: btc_hashrate_mhs = 0.3990015728 | Src: src/btc_mining_engine.c:367 btc_mining_thread()
[63476067962602] METRIC #438: btc_hashrate_thread_id = 0.0000000000 | Src: src/btc_mining_engine.c:367 btc_mining_thread()
[63476068513102] METRIC #439: btc_hashrate_mhs = 0.3990330228 | Src: src/btc_mining_engine.c:367 btc_mining_thread()
[63476069102992] METRIC #440: btc_hashrate_thread_id = 3.0000000000 | Src: src/btc_mining_engine.c:367 btc_mining_thread()
[63476069559762] METRIC #441: btc_hashrate_mhs = 0.3990973032 | Src: src/btc_mining_engine.c:367 btc_mining_thread()
[63476070093052] METRIC #442: btc_hashrate_thread_id = 1.0000000000 | Src: src/btc_mining_engine.c:367 btc_mining_thread()
[63476070732782] METRIC #443: btc_hashrate_mhs = 0.3990654708 | Src: src/btc_mining_engine.c:367 btc_mining_thread()
[63476071360022] METRIC #444: btc_hashrate_thread_id = 2.0000000000 | Src: src/btc_mining_engine.c:367 btc_mining_thread()
[63476101088832] METRIC #445: btc_ptmc_rep_hot = 2.0000000000 | Src: src/btc_mining_engine.c:202 engine_ptmc_swap()
[63476101650982] METRIC #446: btc_ptmc_rep_cold = 1.0000000000 | Src: src/btc_mining_engine.c:202 engine_ptmc_swap()
[63476102154862] METRIC #447: btc_ptmc_accept = 1.0000000000 | Src: src/btc_mining_engine.c:202 engine_ptmc_swap()
[63476102778322] METRIC #448: btc_ptmc_rep_hot = 3.0000000000 | Src: src/btc_mining_engine.c:202 engine_ptmc_swap()
[63476103333712] METRIC #449: btc_ptmc_rep_cold = 2.0000000000 | Src: src/btc_mining_engine.c:202 engine_ptmc_swap()
[63476103735222] METRIC #450: btc_ptmc_accept = 1.0000000000 | Src: src/btc_mining_engine.c:202 engine_ptmc_swap()
[63476104261342] METRIC #451: btc_ptmc_rep_hot = 4.0000000000 | Src: src/btc_mining_engine.c:202 engine_ptmc_swap()
[63476104878732] METRIC #452: btc_ptmc_rep_cold = 3.0000000000 | Src: src/btc_mining_engine.c:202 engine_ptmc_swap()
[63476105557912] METRIC #453: btc_ptmc_accept = 1.0000000000 | Src: src/btc_mining_engine.c:202 engine_ptmc_swap()
[63476106337382] METRIC #454: btc_ptmc_rep_hot = 5.0000000000 | Src: src/btc_mining_engine.c:202 engine_ptmc_swap()
[63476107465942] METRIC #455: btc_ptmc_rep_cold = 4.0000000000 | Src: src/btc_mining_engine.c:202 engine_ptmc_swap()
[63476108731912] METRIC #456: btc_ptmc_accept = 1.0000000000 | Src: src/btc_mining_engine.c:202 engine_ptmc_swap()
[63476109805492] METRIC #457: btc_ptmc_rep_hot = 6.0000000000 | Src: src/btc_mining_engine.c:202 engine_ptmc_swap()
[63476110677552] METRIC #458: btc_ptmc_rep_cold = 5.0000000000 | Src: src/btc_mining_engine.c:202 engine_ptmc_swap()
[63476111602962] METRIC #459: btc_ptmc_accept = 1.0000000000 | Src: src/btc_mining_engine.c:202 engine_ptmc_swap()
[63476112517742] METRIC #460: btc_ptmc_rep_hot = 7.0000000000 | Src: src/btc_mining_engine.c:202 engine_ptmc_swap()
[63476113288312] METRIC #461: btc_ptmc_rep_cold = 6.0000000000 | Src: src/btc_mining_engine.c:202 engine_ptmc_swap()
[63476113975192] METRIC #462: btc_ptmc_accept = 1.0000000000 | Src: src/btc_mining_engine.c:202 engine_ptmc_swap()
[63476602893077] METRIC #463: btc_ptmc_rep_hot = 1.0000000000 | Src: src/btc_mining_engine.c:202 engine_ptmc_swap()
[63476603708937] METRIC #464: btc_ptmc_rep_cold = 0.0000000000 | Src: src/btc_mining_engine.c:202 engine_ptmc_swap()
[63476604170607] METRIC #465: btc_ptmc_accept = 1.0000000000 | Src: src/btc_mining_engine.c:202 engine_ptmc_swap()
[63476604685587] METRIC #466: btc_ptmc_rep_hot = 2.0000000000 | Src: src/btc_mining_engine.c:202 engine_ptmc_swap()
[63476605286817] METRIC #467: btc_ptmc_rep_cold = 1.0000000000 | Src: src/btc_mining_engine.c:202 engine_ptmc_swap()
[63476605761247] METRIC #468: btc_ptmc_accept = 0.5134171190 | Src: src/btc_mining_engine.c:202 engine_ptmc_swap()
[63476606457177] METRIC #469: btc_ptmc_rep_hot = 3.0000000000 | Src: src/btc_mining_engine.c:202 engine_ptmc_swap()
[63476607166867] METRIC #470: btc_ptmc_rep_cold = 2.0000000000 | Src: src/btc_mining_engine.c:202 engine_ptmc_swap()
[63476609254467] METRIC #471: btc_ptmc_accept = 1.0000000000 | Src: src/btc_mining_engine.c:202 engine_ptmc_swap()
[63476609972607] METRIC #472: btc_ptmc_rep_hot = 4.0000000000 | Src: src/btc_mining_engine.c:202 engine_ptmc_swap()
[63476610689807] METRIC #473: btc_ptmc_rep_cold = 3.0000000000 | Src: src/btc_mining_engine.c:202 engine_ptmc_swap()
[63476611373107] METRIC #474: btc_ptmc_accept = 1.0000000000 | Src: src/btc_mining_engine.c:202 engine_ptmc_swap()
[63476611975347] METRIC #475: btc_ptmc_rep_hot = 5.0000000000 | Src: src/btc_mining_engine.c:202 engine_ptmc_swap()
[63476612662947] METRIC #476: btc_ptmc_rep_cold = 4.0000000000 | Src: src/btc_mining_engine.c:202 engine_ptmc_swap()
[63476613536677] METRIC #477: btc_ptmc_accept = 0.8290291182 | Src: src/btc_mining_engine.c:202 engine_ptmc_swap()
[63476614373627] METRIC #478: btc_ptmc_rep_hot = 6.0000000000 | Src: src/btc_mining_engine.c:202 engine_ptmc_swap()
[63476615427207] METRIC #479: btc_ptmc_rep_cold = 5.0000000000 | Src: src/btc_mining_engine.c:202 engine_ptmc_swap()
[63476616341617] METRIC #480: btc_ptmc_accept = 0.8966489003 | Src: src/btc_mining_engine.c:202 engine_ptmc_swap()
[63476617071237] METRIC #481: btc_ptmc_rep_hot = 7.0000000000 | Src: src/btc_mining_engine.c:202 engine_ptmc_swap()
[63476617744467] METRIC #482: btc_ptmc_rep_cold = 6.0000000000 | Src: src/btc_mining_engine.c:202 engine_ptmc_swap()
[63476618635057] METRIC #483: btc_ptmc_accept = 0.9318455142 | Src: src/btc_mining_engine.c:202 engine_ptmc_swap()
[63477107289941] METRIC #484: btc_ptmc_rep_hot = 1.0000000000 | Src: src/btc_mining_engine.c:202 engine_ptmc_swap()
[63477107995491] METRIC #485: btc_ptmc_rep_cold = 0.0000000000 | Src: src/btc_mining_engine.c:202 engine_ptmc_swap()
[63477108678181] METRIC #486: btc_ptmc_accept = 1.0000000000 | Src: src/btc_mining_engine.c:202 engine_ptmc_swap()
[63477109450161] METRIC #487: btc_ptmc_rep_hot = 2.0000000000 | Src: src/btc_mining_engine.c:202 engine_ptmc_swap()
[63477109883101] METRIC #488: btc_ptmc_rep_cold = 1.0000000000 | Src: src/btc_mining_engine.c:202 engine_ptmc_swap()
[63477110379491] METRIC #489: btc_ptmc_accept = 1.0000000000 | Src: src/btc_mining_engine.c:202 engine_ptmc_swap()
[63477111255051] METRIC #490: btc_ptmc_rep_hot = 4.0000000000 | Src: src/btc_mining_engine.c:202 engine_ptmc_swap()
[63477111760501] METRIC #491: btc_ptmc_rep_cold = 3.0000000000 | Src: src/btc_mining_engine.c:202 engine_ptmc_swap()
[63477112648211] METRIC #492: btc_ptmc_accept = 0.9048374180 | Src: src/btc_mining_engine.c:202 engine_ptmc_swap()
[63477113497581] METRIC #493: btc_ptmc_rep_hot = 5.0000000000 | Src: src/btc_mining_engine.c:202 engine_ptmc_swap()
[63477114457181] METRIC #494: btc_ptmc_rep_cold = 4.0000000000 | Src: src/btc_mining_engine.c:202 engine_ptmc_swap()
[63477115635842] METRIC #495: btc_ptmc_accept = 0.9394130628 | Src: src/btc_mining_engine.c:202 engine_ptmc_swap()
[63477116619412] METRIC #496: btc_ptmc_rep_hot = 6.0000000000 | Src: src/btc_mining_engine.c:202 engine_ptmc_swap()
[63477117447252] METRIC #497: btc_ptmc_rep_cold = 5.0000000000 | Src: src/btc_mining_engine.c:202 engine_ptmc_swap()
[63477118254052] METRIC #498: btc_ptmc_accept = 0.9642895790 | Src: src/btc_mining_engine.c:202 engine_ptmc_swap()
[63477118929572] METRIC #499: btc_ptmc_rep_hot = 7.0000000000 | Src: src/btc_mining_engine.c:202 engine_ptmc_swap()
[63477119832751] METRIC #500: btc_ptmc_rep_cold = 6.0000000000 | Src: src/btc_mining_engine.c:202 engine_ptmc_swap()
[63477120807982] METRIC #501: btc_ptmc_accept = 1.0000000000 | Src: src/btc_mining_engine.c:202 engine_ptmc_swap()
[63477607799706] METRIC #502: btc_ptmc_rep_hot = 1.0000000000 | Src: src/btc_mining_engine.c:202 engine_ptmc_swap()
[63477608437766] METRIC #503: btc_ptmc_rep_cold = 0.0000000000 | Src: src/btc_mining_engine.c:202 engine_ptmc_swap()
[63477609144656] METRIC #504: btc_ptmc_accept = 1.0000000000 | Src: src/btc_mining_engine.c:202 engine_ptmc_swap()
[63477609883326] METRIC #505: btc_ptmc_rep_hot = 2.0000000000 | Src: src/btc_mining_engine.c:202 engine_ptmc_swap()
[63477610403536] METRIC #506: btc_ptmc_rep_cold = 1.0000000000 | Src: src/btc_mining_engine.c:202 engine_ptmc_swap()
[63477610847736] METRIC #507: btc_ptmc_accept = 1.0000000000 | Src: src/btc_mining_engine.c:202 engine_ptmc_swap()
[63477611470466] METRIC #508: btc_ptmc_rep_hot = 3.0000000000 | Src: src/btc_mining_engine.c:202 engine_ptmc_swap()
[63477611922096] METRIC #509: btc_ptmc_rep_cold = 2.0000000000 | Src: src/btc_mining_engine.c:202 engine_ptmc_swap()
[63477612371826] METRIC #510: btc_ptmc_accept = 1.0000000000 | Src: src/btc_mining_engine.c:202 engine_ptmc_swap()
[63477612941666] METRIC #511: btc_ptmc_rep_hot = 4.0000000000 | Src: src/btc_mining_engine.c:202 engine_ptmc_swap()
[63477613451786] METRIC #512: btc_ptmc_rep_cold = 3.0000000000 | Src: src/btc_mining_engine.c:202 engine_ptmc_swap()
[63477614118426] METRIC #513: btc_ptmc_accept = 1.0000000000 | Src: src/btc_mining_engine.c:202 engine_ptmc_swap()
[63477614642416] METRIC #514: btc_ptmc_rep_hot = 5.0000000000 | Src: src/btc_mining_engine.c:202 engine_ptmc_swap()
[63477615163116] METRIC #515: btc_ptmc_rep_cold = 4.0000000000 | Src: src/btc_mining_engine.c:202 engine_ptmc_swap()
[63477615658346] METRIC #516: btc_ptmc_accept = 1.0000000000 | Src: src/btc_mining_engine.c:202 engine_ptmc_swap()
[63477616651786] METRIC #517: btc_ptmc_rep_hot = 6.0000000000 | Src: src/btc_mining_engine.c:202 engine_ptmc_swap()
[63477617461406] METRIC #518: btc_ptmc_rep_cold = 5.0000000000 | Src: src/btc_mining_engine.c:202 engine_ptmc_swap()
[63477617959396] METRIC #519: btc_ptmc_accept = 1.0000000000 | Src: src/btc_mining_engine.c:202 engine_ptmc_swap()
[63477618555736] METRIC #520: btc_ptmc_rep_hot = 7.0000000000 | Src: src/btc_mining_engine.c:202 engine_ptmc_swap()
[63477619091526] METRIC #521: btc_ptmc_rep_cold = 6.0000000000 | Src: src/btc_mining_engine.c:202 engine_ptmc_swap()
[63477619593716] METRIC #522: btc_ptmc_accept = 1.0000000000 | Src: src/btc_mining_engine.c:202 engine_ptmc_swap()
[63478043865510] METRIC #523: btc_nonces_total = 3986087.0000000000 | Src: src/btc_mining_engine.c:455 btc_engine_run()
[63478044303870] METRIC #524: btc_elapsed_s = 10.0031884470 | Src: src/btc_mining_engine.c:456 btc_engine_run()
[63478044651970] METRIC #525: btc_hashrate_mhs_final = 0.3984816462 | Src: src/btc_mining_engine.c:457 btc_engine_run()
[63478044979440] METRIC #526: btc_best_leading_zeros = 20.0000000000 | Src: src/btc_mining_engine.c:458 btc_engine_run()
[63478045352940] METRIC #527: btc_best_nonce_final = 3649356111.0000000000 | Src: src/btc_mining_engine.c:459 btc_engine_run()
[63478045675090] METRIC #528: btc_block_valid = 0.0000000000 | Src: src/btc_mining_engine.c:460 btc_engine_run()
[63478046016770] METRIC #529: btc_hashrate_gate_pass = 0.0000000000 | Src: src/btc_mining_engine.c:464 btc_engine_run()
[63478046707690] METRIC #530: btc_memory_gate_pass = 1.0000000000 | Src: src/btc_mining_engine.c:469 btc_engine_run()
[63478047155470] TEST_END: btc_engine_run | ÉCHEC | Durée: 10006478647 ns (10006.479 ms) | Src: src/btc_mining_engine.c:480 btc_engine_run()
[63478047617880] METRIC #531: btc_nx48_csv_saved = 1.0000000000 | Src: src/nx48_btc_controller.c:251 nx48_btc_save_csv()
[63478048301600] METRIC #532: btc_nx48_csv_saved = 1.0000000000 | Src: src/nx48_btc_controller.c:251 nx48_btc_save_csv()
[63478048693470] METRIC #533: btc_memory_gate_pass = 1.0000000000 | Src: src/main_btc_mining.c:271 main()
[63478049088330] TEST_END: main_btc_mining | SUCCÈS | Durée: 10008411507 ns (10008.412 ms) | Src: src/main_btc_mining.c:272 main()
[63478049246490] METRIC #534: btc_wallet_destroyed = 1.0000000000 | Src: src/btc_wallet.c:423 btc_wallet_destroy()
