=== LOG FORENSIQUE ULTRA-STRICT v3.0 MODULE btc_qm_engine ===
Timestamp: 40727136792394 ns | PID: 1173 | Thread: 140397627534592
Standards: ISO/IEC 27037, NIST SP 800-86, IEEE 1012
=====================================================
[40727136977164] TEST_START: main_btc_mining | Source: src/main_btc_mining.c:208 in main()
[40727137108204] METRIC #1: btc_run_mode_hash = 66.0000000000 | Src: src/main_btc_mining.c:209 main()
[40727137434464] METRIC #2: btc_module_version = 17.0000000000 | Src: src/main_btc_mining.c:211 main()
[40727138144424] METRIC #3: btc_nx48_init_loaded = 0.0000000000 | Src: src/nx48_btc_controller.c:163 nx48_btc_init()
[40727138502764] METRIC #4: btc_nx48_delta_nonce_scale = 1.0000000000 | Src: src/nx48_btc_controller.c:164 nx48_btc_init()
[40727138796214] METRIC #5: btc_nx48_n_replicas_scale = 1.0000000000 | Src: src/nx48_btc_controller.c:165 nx48_btc_init()
[40727139092084] METRIC #6: btc_nx48_swap_temp_scale = 1.0000000000 | Src: src/nx48_btc_controller.c:166 nx48_btc_init()
[40727139389444] METRIC #7: btc_nx48_batch_size_scale = 1.0000000000 | Src: src/nx48_btc_controller.c:167 nx48_btc_init()
[40727139696594] METRIC #8: btc_nx48_exploration_bias = 0.5000000000 | Src: src/nx48_btc_controller.c:168 nx48_btc_init()
[40727140020634] METRIC #9: btc_nx48_neuron_count = 2.0000000000 | Src: src/nx48_btc_controller.c:169 nx48_btc_init()
[40727140423834] METRIC #10: btc_sha256_self_test_pass = 1.0000000000 | Src: src/sha256_lumvorax.c:396 lv_sha256_self_test()
[40727140792424] METRIC #11: btc_wallet_create_start = 1.0000000000 | Src: src/btc_wallet.c:296 btc_wallet_create()
[40727144809334] METRIC #12: btc_wallet_created = 1.0000000000 | Src: src/btc_wallet.c:343 btc_wallet_create()
[40727145183554] METRIC #13: btc_wallet_create_ns = 4016730.0000000000 | Src: src/btc_wallet.c:344 btc_wallet_create()
[40727145521424] METRIC #14: btc_wallet_network = 1.0000000000 | Src: src/btc_wallet.c:345 btc_wallet_create()
[40727146235124] METRIC #15: btc_wallet_saved_json = 1.0000000000 | Src: src/btc_wallet.c:507 btc_wallet_save_json()
[40727146595744] METRIC #16: btc_sha256_self_test_pass = 1.0000000000 | Src: src/sha256_lumvorax.c:396 lv_sha256_self_test()
[40727146880304] METRIC #17: btc_integrity_gate_pass = 1.0000000000 | Src: src/btc_mining_engine.c:828 btc_engine_run()
[40727148089284] METRIC #18: btc_ram_available_mb_start = 18050.0000000000 | Src: src/btc_mining_engine.c:868 btc_engine_run()
[40727148454954] TEST_START: btc_engine_create | Source: src/btc_mining_engine.c:433 in engine_create()
[40727148592314] METRIC #19: btc_n_replicas = 8.0000000000 | Src: src/btc_mining_engine.c:434 engine_create()
[40727148911054] METRIC #20: btc_n_threads = 2.0000000000 | Src: src/btc_mining_engine.c:435 engine_create()
[40727149844944] METRIC #21: btc_batch_size = 512.0000000000 | Src: src/btc_mining_engine.c:436 engine_create()
[40727150341524] METRIC #22: btc_nonce_start = 0.0000000000 | Src: src/btc_mining_engine.c:437 engine_create()
[40727150724354] METRIC #23: btc_nonce_end = 4294967295.0000000000 | Src: src/btc_mining_engine.c:438 engine_create()
[40727151101604] METRIC #24: btc_duration_s = 3.0000000000 | Src: src/btc_mining_engine.c:439 engine_create()
[40727151464664] METRIC #25: btc_replica_idx = 0.0000000000 | Src: src/btc_mining_engine.c:442 engine_create()
[40727151838754] METRIC #26: btc_replica_nonce = 0.0000000000 | Src: src/btc_mining_engine.c:442 engine_create()
[40727152322754] METRIC #27: btc_replica_temp = 1.0000000000 | Src: src/btc_mining_engine.c:442 engine_create()
[40727152689404] METRIC #28: btc_replica_leading = 0.0000000000 | Src: src/btc_mining_engine.c:442 engine_create()
[40727153169934] METRIC #29: btc_replica_idx = 1.0000000000 | Src: src/btc_mining_engine.c:442 engine_create()
[40727153557124] METRIC #30: btc_replica_nonce = 536870911.0000000000 | Src: src/btc_mining_engine.c:442 engine_create()
[40727153942164] METRIC #31: btc_replica_temp = 2.0000000000 | Src: src/btc_mining_engine.c:442 engine_create()
[40727154285454] METRIC #32: btc_replica_leading = 0.0000000000 | Src: src/btc_mining_engine.c:442 engine_create()
[40727154666494] METRIC #33: btc_replica_idx = 2.0000000000 | Src: src/btc_mining_engine.c:442 engine_create()
[40727155078454] METRIC #34: btc_replica_nonce = 1073741822.0000000000 | Src: src/btc_mining_engine.c:442 engine_create()
[40727155410734] METRIC #35: btc_replica_temp = 4.0000000000 | Src: src/btc_mining_engine.c:442 engine_create()
[40727155741834] METRIC #36: btc_replica_leading = 0.0000000000 | Src: src/btc_mining_engine.c:442 engine_create()
[40727156121344] METRIC #37: btc_replica_idx = 3.0000000000 | Src: src/btc_mining_engine.c:442 engine_create()
[40727156524504] METRIC #38: btc_replica_nonce = 1610612733.0000000000 | Src: src/btc_mining_engine.c:442 engine_create()
[40727156865934] METRIC #39: btc_replica_temp = 8.0000000000 | Src: src/btc_mining_engine.c:442 engine_create()
[40727157288764] METRIC #40: btc_replica_leading = 0.0000000000 | Src: src/btc_mining_engine.c:442 engine_create()
[40727157635644] METRIC #41: btc_replica_idx = 4.0000000000 | Src: src/btc_mining_engine.c:442 engine_create()
[40727158041025] METRIC #42: btc_replica_nonce = 2147483644.0000000000 | Src: src/btc_mining_engine.c:442 engine_create()
[40727158385504] METRIC #43: btc_replica_temp = 12.0000000000 | Src: src/btc_mining_engine.c:442 engine_create()
[40727158758814] METRIC #44: btc_replica_leading = 0.0000000000 | Src: src/btc_mining_engine.c:442 engine_create()
[40727159192004] METRIC #45: btc_replica_idx = 5.0000000000 | Src: src/btc_mining_engine.c:442 engine_create()
[40727159546815] METRIC #46: btc_replica_nonce = 2684354555.0000000000 | Src: src/btc_mining_engine.c:442 engine_create()
[40727159898515] METRIC #47: btc_replica_temp = 20.0000000000 | Src: src/btc_mining_engine.c:442 engine_create()
[40727160269875] METRIC #48: btc_replica_leading = 0.0000000000 | Src: src/btc_mining_engine.c:442 engine_create()
[40727160621155] METRIC #49: btc_replica_idx = 6.0000000000 | Src: src/btc_mining_engine.c:442 engine_create()
[40727160997624] METRIC #50: btc_replica_nonce = 3221225466.0000000000 | Src: src/btc_mining_engine.c:442 engine_create()
[40727161431945] METRIC #51: btc_replica_temp = 35.0000000000 | Src: src/btc_mining_engine.c:442 engine_create()
[40727161839755] METRIC #52: btc_replica_leading = 0.0000000000 | Src: src/btc_mining_engine.c:442 engine_create()
[40727162184675] METRIC #53: btc_replica_idx = 7.0000000000 | Src: src/btc_mining_engine.c:442 engine_create()
[40727162515795] METRIC #54: btc_replica_nonce = 3758096377.0000000000 | Src: src/btc_mining_engine.c:442 engine_create()
[40727162851915] METRIC #55: btc_replica_temp = 50.0000000000 | Src: src/btc_mining_engine.c:442 engine_create()
[40727163212505] METRIC #56: btc_replica_leading = 0.0000000000 | Src: src/btc_mining_engine.c:442 engine_create()
[40727163607805] METRIC #57: btc_midstate_applied = 1.0000000000 | Src: src/btc_mining_engine.c:883 btc_engine_run()
[40727164467365] METRIC #58: btc_block_nonce = 4284093423.0000000000 | Src: src/btc_mining_engine.c:689 btc_mining_thread()
[40727165433785] METRIC #59: btc_best_leading_zeros = 4.0000000000 | Src: src/btc_mining_engine.c:689 btc_mining_thread()
[40727166189715] METRIC #60: btc_block_valid = 0.0000000000 | Src: src/btc_mining_engine.c:689 btc_mining_thread()
[40727166705825] METRIC #61: btc_threads_launched = 2.0000000000 | Src: src/btc_mining_engine.c:902 btc_engine_run()
[40727167262165] METRIC #62: btc_best_leading_zeros = 4.0000000000 | Src: src/btc_mining_engine.c:690 btc_mining_thread()
[40727168058775] METRIC #63: btc_nx48_csv_saved = 1.0000000000 | Src: src/nx48_btc_controller.c:484 nx48_btc_save_csv()
[40727168505405] METRIC #64: btc_block_nonce = 536873517.0000000000 | Src: src/btc_mining_engine.c:689 btc_mining_thread()
[40727169045745] METRIC #65: btc_best_leading_zeros = 9.0000000000 | Src: src/btc_mining_engine.c:689 btc_mining_thread()
[40727169514425] METRIC #66: btc_block_valid = 0.0000000000 | Src: src/btc_mining_engine.c:689 btc_mining_thread()
[40727170374085] METRIC #67: btc_best_leading_zeros = 9.0000000000 | Src: src/btc_mining_engine.c:690 btc_mining_thread()
[40727171073545] METRIC #68: btc_nx48_csv_saved = 1.0000000000 | Src: src/nx48_btc_controller.c:484 nx48_btc_save_csv()
[40727171690875] METRIC #69: btc_block_nonce = 4284088855.0000000000 | Src: src/btc_mining_engine.c:689 btc_mining_thread()
[40727172082465] METRIC #70: btc_best_leading_zeros = 10.0000000000 | Src: src/btc_mining_engine.c:689 btc_mining_thread()
[40727172477145] METRIC #71: btc_block_valid = 0.0000000000 | Src: src/btc_mining_engine.c:689 btc_mining_thread()
[40727173405425] METRIC #72: btc_best_leading_zeros = 10.0000000000 | Src: src/btc_mining_engine.c:690 btc_mining_thread()
[40727174569935] METRIC #73: btc_nx48_csv_saved = 1.0000000000 | Src: src/nx48_btc_controller.c:484 nx48_btc_save_csv()
[40727175112935] METRIC #74: btc_block_nonce = 536878713.0000000000 | Src: src/btc_mining_engine.c:689 btc_mining_thread()
[40727175538055] METRIC #75: btc_best_leading_zeros = 11.0000000000 | Src: src/btc_mining_engine.c:689 btc_mining_thread()
[40727175920235] METRIC #76: btc_block_valid = 0.0000000000 | Src: src/btc_mining_engine.c:689 btc_mining_thread()
[40727176968405] METRIC #77: btc_best_leading_zeros = 11.0000000000 | Src: src/btc_mining_engine.c:690 btc_mining_thread()
[40727177860435] METRIC #78: btc_nx48_csv_saved = 1.0000000000 | Src: src/nx48_btc_controller.c:484 nx48_btc_save_csv()
[40727217236026] METRIC #79: btc_block_nonce = 536889743.0000000000 | Src: src/btc_mining_engine.c:689 btc_mining_thread()
[40727217664506] METRIC #80: btc_best_leading_zeros = 12.0000000000 | Src: src/btc_mining_engine.c:689 btc_mining_thread()
[40727218093926] METRIC #81: btc_block_valid = 0.0000000000 | Src: src/btc_mining_engine.c:689 btc_mining_thread()
[40727218983966] METRIC #82: btc_best_leading_zeros = 12.0000000000 | Src: src/btc_mining_engine.c:690 btc_mining_thread()
[40727219670966] METRIC #83: btc_nx48_csv_saved = 1.0000000000 | Src: src/nx48_btc_controller.c:484 nx48_btc_save_csv()
[40727230988776] METRIC #84: btc_block_nonce = 536916333.0000000000 | Src: src/btc_mining_engine.c:689 btc_mining_thread()
[40727231478046] METRIC #85: btc_best_leading_zeros = 16.0000000000 | Src: src/btc_mining_engine.c:689 btc_mining_thread()
[40727231976186] METRIC #86: btc_block_valid = 0.0000000000 | Src: src/btc_mining_engine.c:689 btc_mining_thread()
[40727232855156] METRIC #87: btc_best_leading_zeros = 16.0000000000 | Src: src/btc_mining_engine.c:690 btc_mining_thread()
[40727233587606] METRIC #88: btc_nx48_csv_saved = 1.0000000000 | Src: src/nx48_btc_controller.c:484 nx48_btc_save_csv()
[40727265064307] METRIC #89: btc_ptmc_rep_hot = 1.0000000000 | Src: src/btc_mining_engine.c:505 engine_ptmc_swap()
[40727265499507] METRIC #90: btc_ptmc_rep_cold = 0.0000000000 | Src: src/btc_mining_engine.c:505 engine_ptmc_swap()
[40727265834837] METRIC #91: btc_ptmc_accept = -0.2635971381 | Src: src/btc_mining_engine.c:505 engine_ptmc_swap()
[40727266266077] METRIC #92: btc_ptmc_rep_hot = 2.0000000000 | Src: src/btc_mining_engine.c:503 engine_ptmc_swap()
[40727266628307] METRIC #93: btc_ptmc_rep_cold = 1.0000000000 | Src: src/btc_mining_engine.c:503 engine_ptmc_swap()
[40727266962547] METRIC #94: btc_ptmc_accept = 1.0000000000 | Src: src/btc_mining_engine.c:503 engine_ptmc_swap()
[40727267414447] METRIC #95: btc_ptmc_rep_hot = 3.0000000000 | Src: src/btc_mining_engine.c:503 engine_ptmc_swap()
[40727267819147] METRIC #96: btc_ptmc_rep_cold = 2.0000000000 | Src: src/btc_mining_engine.c:503 engine_ptmc_swap()
[40727268322577] METRIC #97: btc_ptmc_accept = 1.0000000000 | Src: src/btc_mining_engine.c:503 engine_ptmc_swap()
[40727268746597] METRIC #98: btc_ptmc_rep_hot = 4.0000000000 | Src: src/btc_mining_engine.c:503 engine_ptmc_swap()
[40727269227027] METRIC #99: btc_ptmc_rep_cold = 3.0000000000 | Src: src/btc_mining_engine.c:503 engine_ptmc_swap()
[40727269664307] METRIC #100: btc_ptmc_accept = 1.0000000000 | Src: src/btc_mining_engine.c:503 engine_ptmc_swap()
[40727270052277] METRIC #101: btc_ptmc_rep_hot = 5.0000000000 | Src: src/btc_mining_engine.c:503 engine_ptmc_swap()
[40727270459357] METRIC #102: btc_ptmc_rep_cold = 4.0000000000 | Src: src/btc_mining_engine.c:503 engine_ptmc_swap()
[40727270965087] METRIC #103: btc_ptmc_accept = 1.0000000000 | Src: src/btc_mining_engine.c:503 engine_ptmc_swap()
[40727271345707] METRIC #104: btc_ptmc_rep_hot = 6.0000000000 | Src: src/btc_mining_engine.c:503 engine_ptmc_swap()
[40727271773157] METRIC #105: btc_ptmc_rep_cold = 5.0000000000 | Src: src/btc_mining_engine.c:503 engine_ptmc_swap()
[40727272238327] METRIC #106: btc_ptmc_accept = 1.0000000000 | Src: src/btc_mining_engine.c:503 engine_ptmc_swap()
[40727272658087] METRIC #107: btc_ptmc_rep_hot = 7.0000000000 | Src: src/btc_mining_engine.c:503 engine_ptmc_swap()
[40727273043717] METRIC #108: btc_ptmc_rep_cold = 6.0000000000 | Src: src/btc_mining_engine.c:503 engine_ptmc_swap()
[40727273424567] METRIC #109: btc_ptmc_accept = 1.0000000000 | Src: src/btc_mining_engine.c:503 engine_ptmc_swap()
[40727311527338] METRIC #110: btc_block_nonce = 1414816337.0000000000 | Src: src/btc_mining_engine.c:689 btc_mining_thread()
[40727311905478] METRIC #111: btc_best_leading_zeros = 18.0000000000 | Src: src/btc_mining_engine.c:689 btc_mining_thread()
[40727312340398] METRIC #112: btc_block_valid = 0.0000000000 | Src: src/btc_mining_engine.c:689 btc_mining_thread()
[40727313269118] METRIC #113: btc_best_leading_zeros = 18.0000000000 | Src: src/btc_mining_engine.c:690 btc_mining_thread()
[40727313844168] METRIC #114: btc_nx48_csv_saved = 1.0000000000 | Src: src/nx48_btc_controller.c:484 nx48_btc_save_csv()
[40727365545869] METRIC #115: btc_ptmc_rep_hot = 1.0000000000 | Src: src/btc_mining_engine.c:503 engine_ptmc_swap()
[40727365962819] METRIC #116: btc_ptmc_rep_cold = 0.0000000000 | Src: src/btc_mining_engine.c:503 engine_ptmc_swap()
[40727366432839] METRIC #117: btc_ptmc_accept = 1.0000000000 | Src: src/btc_mining_engine.c:503 engine_ptmc_swap()
[40727366872719] METRIC #118: btc_ptmc_rep_hot = 2.0000000000 | Src: src/btc_mining_engine.c:503 engine_ptmc_swap()
[40727367327549] METRIC #119: btc_ptmc_rep_cold = 1.0000000000 | Src: src/btc_mining_engine.c:503 engine_ptmc_swap()
[40727367710369] METRIC #120: btc_ptmc_accept = 1.0000000000 | Src: src/btc_mining_engine.c:503 engine_ptmc_swap()
[40727368142689] METRIC #121: btc_ptmc_rep_hot = 3.0000000000 | Src: src/btc_mining_engine.c:503 engine_ptmc_swap()
[40727368557269] METRIC #122: btc_ptmc_rep_cold = 2.0000000000 | Src: src/btc_mining_engine.c:503 engine_ptmc_swap()
[40727369067109] METRIC #123: btc_ptmc_accept = 1.0000000000 | Src: src/btc_mining_engine.c:503 engine_ptmc_swap()
[40727369465629] METRIC #124: btc_ptmc_rep_hot = 4.0000000000 | Src: src/btc_mining_engine.c:503 engine_ptmc_swap()
[40727369901649] METRIC #125: btc_ptmc_rep_cold = 3.0000000000 | Src: src/btc_mining_engine.c:503 engine_ptmc_swap()
[40727370329379] METRIC #126: btc_ptmc_accept = 1.0000000000 | Src: src/btc_mining_engine.c:503 engine_ptmc_swap()
[40727370757589] METRIC #127: btc_ptmc_rep_hot = 5.0000000000 | Src: src/btc_mining_engine.c:503 engine_ptmc_swap()
[40727371190779] METRIC #128: btc_ptmc_rep_cold = 4.0000000000 | Src: src/btc_mining_engine.c:503 engine_ptmc_swap()
[40727371581289] METRIC #129: btc_ptmc_accept = 1.0000000000 | Src: src/btc_mining_engine.c:503 engine_ptmc_swap()
[40727371960979] METRIC #130: btc_ptmc_rep_hot = 6.0000000000 | Src: src/btc_mining_engine.c:503 engine_ptmc_swap()
[40727372339579] METRIC #131: btc_ptmc_rep_cold = 5.0000000000 | Src: src/btc_mining_engine.c:503 engine_ptmc_swap()
[40727372713400] METRIC #132: btc_ptmc_accept = 1.0000000000 | Src: src/btc_mining_engine.c:503 engine_ptmc_swap()
[40727373141100] METRIC #133: btc_ptmc_rep_hot = 7.0000000000 | Src: src/btc_mining_engine.c:503 engine_ptmc_swap()
[40727373515290] METRIC #134: btc_ptmc_rep_cold = 6.0000000000 | Src: src/btc_mining_engine.c:503 engine_ptmc_swap()
[40727373890499] METRIC #135: btc_ptmc_accept = 1.0000000000 | Src: src/btc_mining_engine.c:503 engine_ptmc_swap()
[40727469084862] METRIC #136: btc_ptmc_rep_hot = 1.0000000000 | Src: src/btc_mining_engine.c:503 engine_ptmc_swap()
[40727469883212] METRIC #137: btc_ptmc_rep_cold = 0.0000000000 | Src: src/btc_mining_engine.c:503 engine_ptmc_swap()
[40727470230542] METRIC #138: btc_ptmc_accept = 1.0000000000 | Src: src/btc_mining_engine.c:503 engine_ptmc_swap()
[40727470662832] METRIC #139: btc_ptmc_rep_hot = 2.0000000000 | Src: src/btc_mining_engine.c:503 engine_ptmc_swap()
[40727471105622] METRIC #140: btc_ptmc_rep_cold = 1.0000000000 | Src: src/btc_mining_engine.c:503 engine_ptmc_swap()
[40727471558762] METRIC #141: btc_ptmc_accept = 0.7165140378 | Src: src/btc_mining_engine.c:503 engine_ptmc_swap()
[40727471973302] METRIC #142: btc_ptmc_rep_hot = 3.0000000000 | Src: src/btc_mining_engine.c:503 engine_ptmc_swap()
[40727472415242] METRIC #143: btc_ptmc_rep_cold = 2.0000000000 | Src: src/btc_mining_engine.c:503 engine_ptmc_swap()
[40727472813772] METRIC #144: btc_ptmc_accept = 0.8464766237 | Src: src/btc_mining_engine.c:503 engine_ptmc_swap()
[40727473251582] METRIC #145: btc_ptmc_rep_hot = 4.0000000000 | Src: src/btc_mining_engine.c:503 engine_ptmc_swap()
[40727473655132] METRIC #146: btc_ptmc_rep_cold = 3.0000000000 | Src: src/btc_mining_engine.c:503 engine_ptmc_swap()
[40727474029272] METRIC #147: btc_ptmc_accept = 0.9048354550 | Src: src/btc_mining_engine.c:503 engine_ptmc_swap()
[40727474487852] METRIC #148: btc_ptmc_rep_hot = 5.0000000000 | Src: src/btc_mining_engine.c:503 engine_ptmc_swap()
[40727474807722] METRIC #149: btc_ptmc_rep_cold = 4.0000000000 | Src: src/btc_mining_engine.c:503 engine_ptmc_swap()
[40727475205162] METRIC #150: btc_ptmc_accept = 0.9394122667 | Src: src/btc_mining_engine.c:503 engine_ptmc_swap()
[40727475565832] METRIC #151: btc_ptmc_rep_hot = 6.0000000000 | Src: src/btc_mining_engine.c:503 engine_ptmc_swap()
[40727475934852] METRIC #152: btc_ptmc_rep_cold = 5.0000000000 | Src: src/btc_mining_engine.c:503 engine_ptmc_swap()
[40727476353022] METRIC #153: btc_ptmc_accept = 0.9642893023 | Src: src/btc_mining_engine.c:503 engine_ptmc_swap()
[40727476823422] METRIC #154: btc_block_nonce = 536934640.0000000000 | Src: src/btc_mining_engine.c:689 btc_mining_thread()
[40727477275612] METRIC #155: btc_best_leading_zeros = 19.0000000000 | Src: src/btc_mining_engine.c:689 btc_mining_thread()
[40727477672992] METRIC #156: btc_block_valid = 0.0000000000 | Src: src/btc_mining_engine.c:689 btc_mining_thread()
[40727478168472] METRIC #157: btc_ptmc_rep_hot = 7.0000000000 | Src: src/btc_mining_engine.c:503 engine_ptmc_swap()
[40727478705032] METRIC #158: btc_ptmc_rep_cold = 6.0000000000 | Src: src/btc_mining_engine.c:503 engine_ptmc_swap()
[40727479218762] METRIC #159: btc_ptmc_accept = 0.9767446541 | Src: src/btc_mining_engine.c:503 engine_ptmc_swap()
[40727479683702] METRIC #160: btc_best_leading_zeros = 19.0000000000 | Src: src/btc_mining_engine.c:690 btc_mining_thread()
[40727480545552] METRIC #161: btc_nx48_csv_saved = 1.0000000000 | Src: src/nx48_btc_controller.c:484 nx48_btc_save_csv()
[40727569609864] METRIC #162: btc_ptmc_rep_hot = 1.0000000000 | Src: src/btc_mining_engine.c:505 engine_ptmc_swap()
[40727570231534] METRIC #163: btc_ptmc_rep_cold = 0.0000000000 | Src: src/btc_mining_engine.c:505 engine_ptmc_swap()
[40727570614684] METRIC #164: btc_ptmc_accept = -0.5136669338 | Src: src/btc_mining_engine.c:505 engine_ptmc_swap()
[40727571061474] METRIC #165: btc_ptmc_rep_hot = 2.0000000000 | Src: src/btc_mining_engine.c:503 engine_ptmc_swap()
[40727571402194] METRIC #166: btc_ptmc_rep_cold = 1.0000000000 | Src: src/btc_mining_engine.c:503 engine_ptmc_swap()
[40727571752334] METRIC #167: btc_ptmc_accept = 0.7165485813 | Src: src/btc_mining_engine.c:503 engine_ptmc_swap()
[40727572165334] METRIC #168: btc_ptmc_rep_hot = 3.0000000000 | Src: src/btc_mining_engine.c:503 engine_ptmc_swap()
[40727572536424] METRIC #169: btc_ptmc_rep_cold = 2.0000000000 | Src: src/btc_mining_engine.c:503 engine_ptmc_swap()
[40727572874534] METRIC #170: btc_ptmc_accept = 0.8464868258 | Src: src/btc_mining_engine.c:503 engine_ptmc_swap()
[40727573269604] METRIC #171: btc_ptmc_rep_hot = 4.0000000000 | Src: src/btc_mining_engine.c:503 engine_ptmc_swap()
[40727573608454] METRIC #172: btc_ptmc_rep_cold = 3.0000000000 | Src: src/btc_mining_engine.c:503 engine_ptmc_swap()
[40727573958064] METRIC #173: btc_ptmc_accept = 0.9048393810 | Src: src/btc_mining_engine.c:503 engine_ptmc_swap()
[40727574444014] METRIC #174: btc_ptmc_rep_hot = 5.0000000000 | Src: src/btc_mining_engine.c:503 engine_ptmc_swap()
[40727574863764] METRIC #175: btc_ptmc_rep_cold = 4.0000000000 | Src: src/btc_mining_engine.c:503 engine_ptmc_swap()
[40727575277804] METRIC #176: btc_ptmc_accept = 0.9394138589 | Src: src/btc_mining_engine.c:503 engine_ptmc_swap()
[40727575660254] METRIC #177: btc_ptmc_rep_hot = 6.0000000000 | Src: src/btc_mining_engine.c:503 engine_ptmc_swap()
[40727576138854] METRIC #178: btc_ptmc_rep_cold = 5.0000000000 | Src: src/btc_mining_engine.c:503 engine_ptmc_swap()
[40727576632814] METRIC #179: btc_ptmc_accept = 0.9642898556 | Src: src/btc_mining_engine.c:503 engine_ptmc_swap()
[40727577235054] METRIC #180: btc_ptmc_rep_hot = 7.0000000000 | Src: src/btc_mining_engine.c:503 engine_ptmc_swap()
[40727577679904] METRIC #181: btc_ptmc_rep_cold = 6.0000000000 | Src: src/btc_mining_engine.c:503 engine_ptmc_swap()
[40727578156214] METRIC #182: btc_ptmc_accept = 1.0000000000 | Src: src/btc_mining_engine.c:503 engine_ptmc_swap()
[40727670824016] METRIC #183: btc_ptmc_rep_hot = 1.0000000000 | Src: src/btc_mining_engine.c:505 engine_ptmc_swap()
[40727671335026] METRIC #184: btc_ptmc_rep_cold = 0.0000000000 | Src: src/btc_mining_engine.c:505 engine_ptmc_swap()
[40727671800016] METRIC #185: btc_ptmc_accept = -0.0695919752 | Src: src/btc_mining_engine.c:505 engine_ptmc_swap()
[40727672333386] METRIC #186: btc_ptmc_rep_hot = 2.0000000000 | Src: src/btc_mining_engine.c:503 engine_ptmc_swap()
[40727672744926] METRIC #187: btc_ptmc_rep_cold = 1.0000000000 | Src: src/btc_mining_engine.c:503 engine_ptmc_swap()
[40727673188126] METRIC #188: btc_ptmc_accept = 1.0000000000 | Src: src/btc_mining_engine.c:503 engine_ptmc_swap()
[40727673794567] METRIC #189: btc_ptmc_rep_hot = 3.0000000000 | Src: src/btc_mining_engine.c:503 engine_ptmc_swap()
[40727674240477] METRIC #190: btc_ptmc_rep_cold = 2.0000000000 | Src: src/btc_mining_engine.c:503 engine_ptmc_swap()
[40727675016466] METRIC #191: btc_ptmc_accept = 1.0000000000 | Src: src/btc_mining_engine.c:503 engine_ptmc_swap()
[40727675480897] METRIC #192: btc_ptmc_rep_hot = 4.0000000000 | Src: src/btc_mining_engine.c:503 engine_ptmc_swap()
[40727675824577] METRIC #193: btc_ptmc_rep_cold = 3.0000000000 | Src: src/btc_mining_engine.c:503 engine_ptmc_swap()
[40727676230587] METRIC #194: btc_ptmc_accept = 1.0000000000 | Src: src/btc_mining_engine.c:503 engine_ptmc_swap()
[40727676630727] METRIC #195: btc_ptmc_rep_hot = 5.0000000000 | Src: src/btc_mining_engine.c:503 engine_ptmc_swap()
[40727677122747] METRIC #196: btc_ptmc_rep_cold = 4.0000000000 | Src: src/btc_mining_engine.c:503 engine_ptmc_swap()
[40727677551457] METRIC #197: btc_ptmc_accept = 1.0000000000 | Src: src/btc_mining_engine.c:503 engine_ptmc_swap()
[40727677980277] METRIC #198: btc_ptmc_rep_hot = 6.0000000000 | Src: src/btc_mining_engine.c:503 engine_ptmc_swap()
[40727678378317] METRIC #199: btc_ptmc_rep_cold = 5.0000000000 | Src: src/btc_mining_engine.c:503 engine_ptmc_swap()
[40727678781967] METRIC #200: btc_ptmc_accept = 1.0000000000 | Src: src/btc_mining_engine.c:503 engine_ptmc_swap()
[40727679316837] METRIC #201: btc_ptmc_rep_hot = 7.0000000000 | Src: src/btc_mining_engine.c:503 engine_ptmc_swap()
[40727679741227] METRIC #202: btc_ptmc_rep_cold = 6.0000000000 | Src: src/btc_mining_engine.c:503 engine_ptmc_swap()
[40727680182987] METRIC #203: btc_ptmc_accept = 1.0000000000 | Src: src/btc_mining_engine.c:503 engine_ptmc_swap()
[40727771383769] METRIC #204: btc_ptmc_rep_hot = 1.0000000000 | Src: src/btc_mining_engine.c:503 engine_ptmc_swap()
[40727771905159] METRIC #205: btc_ptmc_rep_cold = 0.0000000000 | Src: src/btc_mining_engine.c:503 engine_ptmc_swap()
[40727772420309] METRIC #206: btc_ptmc_accept = 1.0000000000 | Src: src/btc_mining_engine.c:503 engine_ptmc_swap()
[40727772942819] METRIC #207: btc_ptmc_rep_hot = 2.0000000000 | Src: src/btc_mining_engine.c:503 engine_ptmc_swap()
[40727773424179] METRIC #208: btc_ptmc_rep_cold = 1.0000000000 | Src: src/btc_mining_engine.c:503 engine_ptmc_swap()
[40727773831959] METRIC #209: btc_ptmc_accept = 1.0000000000 | Src: src/btc_mining_engine.c:503 engine_ptmc_swap()
[40727774351799] METRIC #210: btc_ptmc_rep_hot = 3.0000000000 | Src: src/btc_mining_engine.c:503 engine_ptmc_swap()
[40727774783189] METRIC #211: btc_ptmc_rep_cold = 2.0000000000 | Src: src/btc_mining_engine.c:503 engine_ptmc_swap()
[40727775215199] METRIC #212: btc_ptmc_accept = 1.0000000000 | Src: src/btc_mining_engine.c:503 engine_ptmc_swap()
[40727775635099] METRIC #213: btc_ptmc_rep_hot = 4.0000000000 | Src: src/btc_mining_engine.c:503 engine_ptmc_swap()
[40727776165849] METRIC #214: btc_ptmc_rep_cold = 3.0000000000 | Src: src/btc_mining_engine.c:503 engine_ptmc_swap()
[40727776611069] METRIC #215: btc_ptmc_accept = 1.0000000000 | Src: src/btc_mining_engine.c:503 engine_ptmc_swap()
[40727777063759] METRIC #216: btc_ptmc_rep_hot = 5.0000000000 | Src: src/btc_mining_engine.c:503 engine_ptmc_swap()
[40727777439959] METRIC #217: btc_ptmc_rep_cold = 4.0000000000 | Src: src/btc_mining_engine.c:503 engine_ptmc_swap()
[40727777752169] METRIC #218: btc_ptmc_accept = 1.0000000000 | Src: src/btc_mining_engine.c:503 engine_ptmc_swap()
[40727778150909] METRIC #219: btc_ptmc_rep_hot = 6.0000000000 | Src: src/btc_mining_engine.c:503 engine_ptmc_swap()
[40727778616609] METRIC #220: btc_ptmc_rep_cold = 5.0000000000 | Src: src/btc_mining_engine.c:503 engine_ptmc_swap()
[40727779044489] METRIC #221: btc_ptmc_accept = 1.0000000000 | Src: src/btc_mining_engine.c:503 engine_ptmc_swap()
[40727779463929] METRIC #222: btc_ptmc_rep_hot = 7.0000000000 | Src: src/btc_mining_engine.c:503 engine_ptmc_swap()
[40727779940009] METRIC #223: btc_ptmc_rep_cold = 6.0000000000 | Src: src/btc_mining_engine.c:503 engine_ptmc_swap()
[40727780320749] METRIC #224: btc_ptmc_accept = 1.0000000000 | Src: src/btc_mining_engine.c:503 engine_ptmc_swap()
[40727873223411] METRIC #225: btc_ptmc_rep_hot = 1.0000000000 | Src: src/btc_mining_engine.c:503 engine_ptmc_swap()
[40727873717191] METRIC #226: btc_ptmc_rep_cold = 0.0000000000 | Src: src/btc_mining_engine.c:503 engine_ptmc_swap()
[40727874130701] METRIC #227: btc_ptmc_accept = 1.0000000000 | Src: src/btc_mining_engine.c:503 engine_ptmc_swap()
[40727874587221] METRIC #228: btc_ptmc_rep_hot = 2.0000000000 | Src: src/btc_mining_engine.c:505 engine_ptmc_swap()
[40727875053521] METRIC #229: btc_ptmc_rep_cold = 1.0000000000 | Src: src/btc_mining_engine.c:505 engine_ptmc_swap()
[40727875491961] METRIC #230: btc_ptmc_accept = -0.7165313106 | Src: src/btc_mining_engine.c:505 engine_ptmc_swap()
[40727875961501] METRIC #231: btc_ptmc_rep_hot = 3.0000000000 | Src: src/btc_mining_engine.c:503 engine_ptmc_swap()
[40727876440411] METRIC #232: btc_ptmc_rep_cold = 2.0000000000 | Src: src/btc_mining_engine.c:503 engine_ptmc_swap()
[40727876870141] METRIC #233: btc_ptmc_accept = 1.0000000000 | Src: src/btc_mining_engine.c:503 engine_ptmc_swap()
[40727877299661] METRIC #234: btc_ptmc_rep_hot = 4.0000000000 | Src: src/btc_mining_engine.c:503 engine_ptmc_swap()
[40727877767881] METRIC #235: btc_ptmc_rep_cold = 3.0000000000 | Src: src/btc_mining_engine.c:503 engine_ptmc_swap()
[40727879423641] METRIC #236: btc_ptmc_accept = 1.0000000000 | Src: src/btc_mining_engine.c:503 engine_ptmc_swap()
[40727879900611] METRIC #237: btc_ptmc_rep_hot = 5.0000000000 | Src: src/btc_mining_engine.c:503 engine_ptmc_swap()
[40727880276001] METRIC #238: btc_ptmc_rep_cold = 4.0000000000 | Src: src/btc_mining_engine.c:503 engine_ptmc_swap()
[40727882156221] METRIC #239: btc_ptmc_accept = 1.0000000000 | Src: src/btc_mining_engine.c:503 engine_ptmc_swap()
[40727882674391] METRIC #240: btc_ptmc_rep_hot = 6.0000000000 | Src: src/btc_mining_engine.c:503 engine_ptmc_swap()
[40727883100661] METRIC #241: btc_ptmc_rep_cold = 5.0000000000 | Src: src/btc_mining_engine.c:503 engine_ptmc_swap()
[40727883435671] METRIC #242: btc_ptmc_accept = 1.0000000000 | Src: src/btc_mining_engine.c:503 engine_ptmc_swap()
[40727883805411] METRIC #243: btc_ptmc_rep_hot = 7.0000000000 | Src: src/btc_mining_engine.c:503 engine_ptmc_swap()
[40727884192631] METRIC #244: btc_ptmc_rep_cold = 6.0000000000 | Src: src/btc_mining_engine.c:503 engine_ptmc_swap()
[40727884585861] METRIC #245: btc_ptmc_accept = 1.0000000000 | Src: src/btc_mining_engine.c:503 engine_ptmc_swap()
[40727975442574] METRIC #246: btc_ptmc_rep_hot = 1.0000000000 | Src: src/btc_mining_engine.c:503 engine_ptmc_swap()
[40727975975334] METRIC #247: btc_ptmc_rep_cold = 0.0000000000 | Src: src/btc_mining_engine.c:503 engine_ptmc_swap()
[40727976440514] METRIC #248: btc_ptmc_accept = 1.0000000000 | Src: src/btc_mining_engine.c:503 engine_ptmc_swap()
[40727976912304] METRIC #249: btc_ptmc_rep_hot = 2.0000000000 | Src: src/btc_mining_engine.c:503 engine_ptmc_swap()
[40727977348654] METRIC #250: btc_ptmc_rep_cold = 1.0000000000 | Src: src/btc_mining_engine.c:503 engine_ptmc_swap()
[40727977783004] METRIC #251: btc_ptmc_accept = 1.0000000000 | Src: src/btc_mining_engine.c:503 engine_ptmc_swap()
[40727978267314] METRIC #252: btc_ptmc_rep_hot = 3.0000000000 | Src: src/btc_mining_engine.c:503 engine_ptmc_swap()
[40727978715614] METRIC #253: btc_ptmc_rep_cold = 2.0000000000 | Src: src/btc_mining_engine.c:503 engine_ptmc_swap()
[40727979214364] METRIC #254: btc_ptmc_accept = 1.0000000000 | Src: src/btc_mining_engine.c:503 engine_ptmc_swap()
[40727979603754] METRIC #255: btc_ptmc_rep_hot = 4.0000000000 | Src: src/btc_mining_engine.c:503 engine_ptmc_swap()
[40727980057264] METRIC #256: btc_ptmc_rep_cold = 3.0000000000 | Src: src/btc_mining_engine.c:503 engine_ptmc_swap()
[40727980390844] METRIC #257: btc_ptmc_accept = 1.0000000000 | Src: src/btc_mining_engine.c:503 engine_ptmc_swap()
[40727980712374] METRIC #258: btc_ptmc_rep_hot = 5.0000000000 | Src: src/btc_mining_engine.c:503 engine_ptmc_swap()
[40727981121274] METRIC #259: btc_ptmc_rep_cold = 4.0000000000 | Src: src/btc_mining_engine.c:503 engine_ptmc_swap()
[40727981570314] METRIC #260: btc_ptmc_accept = 1.0000000000 | Src: src/btc_mining_engine.c:503 engine_ptmc_swap()
[40727982016784] METRIC #261: btc_ptmc_rep_hot = 6.0000000000 | Src: src/btc_mining_engine.c:503 engine_ptmc_swap()
[40727982547654] METRIC #262: btc_ptmc_rep_cold = 5.0000000000 | Src: src/btc_mining_engine.c:503 engine_ptmc_swap()
[40727982982964] METRIC #263: btc_ptmc_accept = 1.0000000000 | Src: src/btc_mining_engine.c:503 engine_ptmc_swap()
[40727983415154] METRIC #264: btc_ptmc_rep_hot = 7.0000000000 | Src: src/btc_mining_engine.c:503 engine_ptmc_swap()
[40727983798144] METRIC #265: btc_ptmc_rep_cold = 6.0000000000 | Src: src/btc_mining_engine.c:503 engine_ptmc_swap()
[40727984226224] METRIC #266: btc_ptmc_accept = 1.0000000000 | Src: src/btc_mining_engine.c:503 engine_ptmc_swap()
[40728076374586] METRIC #267: btc_ptmc_rep_hot = 1.0000000000 | Src: src/btc_mining_engine.c:505 engine_ptmc_swap()
[40728076832436] METRIC #268: btc_ptmc_rep_cold = 0.0000000000 | Src: src/btc_mining_engine.c:505 engine_ptmc_swap()
[40728077280206] METRIC #269: btc_ptmc_accept = -0.5135063048 | Src: src/btc_mining_engine.c:505 engine_ptmc_swap()
[40728077723486] METRIC #270: btc_ptmc_rep_hot = 2.0000000000 | Src: src/btc_mining_engine.c:503 engine_ptmc_swap()
[40728078101606] METRIC #271: btc_ptmc_rep_cold = 1.0000000000 | Src: src/btc_mining_engine.c:503 engine_ptmc_swap()
[40728078431006] METRIC #272: btc_ptmc_accept = 1.0000000000 | Src: src/btc_mining_engine.c:503 engine_ptmc_swap()
[40728078848036] METRIC #273: btc_ptmc_rep_hot = 3.0000000000 | Src: src/btc_mining_engine.c:503 engine_ptmc_swap()
[40728079334406] METRIC #274: btc_ptmc_rep_cold = 2.0000000000 | Src: src/btc_mining_engine.c:503 engine_ptmc_swap()
[40728079755136] METRIC #275: btc_ptmc_accept = 1.0000000000 | Src: src/btc_mining_engine.c:503 engine_ptmc_swap()
[40728080102256] METRIC #276: btc_ptmc_rep_hot = 4.0000000000 | Src: src/btc_mining_engine.c:503 engine_ptmc_swap()
[40728080425046] METRIC #277: btc_ptmc_rep_cold = 3.0000000000 | Src: src/btc_mining_engine.c:503 engine_ptmc_swap()
[40728080823716] METRIC #278: btc_ptmc_accept = 1.0000000000 | Src: src/btc_mining_engine.c:503 engine_ptmc_swap()
[40728081244836] METRIC #279: btc_ptmc_rep_hot = 5.0000000000 | Src: src/btc_mining_engine.c:503 engine_ptmc_swap()
[40728081625296] METRIC #280: btc_ptmc_rep_cold = 4.0000000000 | Src: src/btc_mining_engine.c:503 engine_ptmc_swap()
[40728082000106] METRIC #281: btc_ptmc_accept = 1.0000000000 | Src: src/btc_mining_engine.c:503 engine_ptmc_swap()
[40728082457776] METRIC #282: btc_ptmc_rep_hot = 6.0000000000 | Src: src/btc_mining_engine.c:503 engine_ptmc_swap()
[40728082894306] METRIC #283: btc_ptmc_rep_cold = 5.0000000000 | Src: src/btc_mining_engine.c:503 engine_ptmc_swap()
[40728083356756] METRIC #284: btc_ptmc_accept = 1.0000000000 | Src: src/btc_mining_engine.c:503 engine_ptmc_swap()
[40728083788836] METRIC #285: btc_ptmc_rep_hot = 7.0000000000 | Src: src/btc_mining_engine.c:503 engine_ptmc_swap()
[40728084213836] METRIC #286: btc_ptmc_rep_cold = 6.0000000000 | Src: src/btc_mining_engine.c:503 engine_ptmc_swap()
[40728084645776] METRIC #287: btc_ptmc_accept = 1.0000000000 | Src: src/btc_mining_engine.c:503 engine_ptmc_swap()
[40728177861948] METRIC #288: btc_ptmc_rep_hot = 1.0000000000 | Src: src/btc_mining_engine.c:503 engine_ptmc_swap()
[40728178441348] METRIC #289: btc_ptmc_rep_cold = 0.0000000000 | Src: src/btc_mining_engine.c:503 engine_ptmc_swap()
[40728178985508] METRIC #290: btc_ptmc_accept = 0.5136174742 | Src: src/btc_mining_engine.c:503 engine_ptmc_swap()
[40728179529058] METRIC #291: btc_ptmc_rep_hot = 2.0000000000 | Src: src/btc_mining_engine.c:503 engine_ptmc_swap()
[40728179922958] METRIC #292: btc_ptmc_rep_cold = 1.0000000000 | Src: src/btc_mining_engine.c:503 engine_ptmc_swap()
[40728180484308] METRIC #293: btc_ptmc_accept = 1.0000000000 | Src: src/btc_mining_engine.c:503 engine_ptmc_swap()
[40728180925378] METRIC #294: btc_ptmc_rep_hot = 3.0000000000 | Src: src/btc_mining_engine.c:503 engine_ptmc_swap()
[40728181368798] METRIC #295: btc_ptmc_rep_cold = 2.0000000000 | Src: src/btc_mining_engine.c:503 engine_ptmc_swap()
[40728181795738] METRIC #296: btc_ptmc_accept = 0.8464766237 | Src: src/btc_mining_engine.c:503 engine_ptmc_swap()
[40728182219388] METRIC #297: btc_ptmc_rep_hot = 4.0000000000 | Src: src/btc_mining_engine.c:503 engine_ptmc_swap()
[40728182781448] METRIC #298: btc_ptmc_rep_cold = 3.0000000000 | Src: src/btc_mining_engine.c:503 engine_ptmc_swap()
[40728183252988] METRIC #299: btc_ptmc_accept = 0.9048354550 | Src: src/btc_mining_engine.c:503 engine_ptmc_swap()
[40728183691528] METRIC #300: btc_ptmc_rep_hot = 5.0000000000 | Src: src/btc_mining_engine.c:503 engine_ptmc_swap()
[40728184198768] METRIC #301: btc_ptmc_rep_cold = 4.0000000000 | Src: src/btc_mining_engine.c:503 engine_ptmc_swap()
[40728184699888] METRIC #302: btc_ptmc_accept = 0.9394122667 | Src: src/btc_mining_engine.c:503 engine_ptmc_swap()
[40728185095498] METRIC #303: btc_ptmc_rep_hot = 6.0000000000 | Src: src/btc_mining_engine.c:503 engine_ptmc_swap()
[40728185491268] METRIC #304: btc_ptmc_rep_cold = 5.0000000000 | Src: src/btc_mining_engine.c:503 engine_ptmc_swap()
[40728185882578] METRIC #305: btc_ptmc_accept = 0.9642893023 | Src: src/btc_mining_engine.c:503 engine_ptmc_swap()
[40728186288718] METRIC #306: btc_ptmc_rep_hot = 7.0000000000 | Src: src/btc_mining_engine.c:503 engine_ptmc_swap()
[40728186623078] METRIC #307: btc_ptmc_rep_cold = 6.0000000000 | Src: src/btc_mining_engine.c:503 engine_ptmc_swap()
[40728186998398] METRIC #308: btc_ptmc_accept = 0.9767446541 | Src: src/btc_mining_engine.c:503 engine_ptmc_swap()
[40728280262841] METRIC #309: btc_ptmc_rep_hot = 1.0000000000 | Src: src/btc_mining_engine.c:503 engine_ptmc_swap()
[40728280790991] METRIC #310: btc_ptmc_rep_cold = 0.0000000000 | Src: src/btc_mining_engine.c:503 engine_ptmc_swap()
[40728281224071] METRIC #311: btc_ptmc_accept = 1.0000000000 | Src: src/btc_mining_engine.c:503 engine_ptmc_swap()
[40728281710871] METRIC #312: btc_ptmc_rep_hot = 2.0000000000 | Src: src/btc_mining_engine.c:503 engine_ptmc_swap()
[40728282174031] METRIC #313: btc_ptmc_rep_cold = 1.0000000000 | Src: src/btc_mining_engine.c:503 engine_ptmc_swap()
[40728282615361] METRIC #314: btc_ptmc_accept = 1.0000000000 | Src: src/btc_mining_engine.c:503 engine_ptmc_swap()
[40728283108541] METRIC #315: btc_ptmc_rep_hot = 3.0000000000 | Src: src/btc_mining_engine.c:503 engine_ptmc_swap()
[40728283541971] METRIC #316: btc_ptmc_rep_cold = 2.0000000000 | Src: src/btc_mining_engine.c:503 engine_ptmc_swap()
[40728283965301] METRIC #317: btc_ptmc_accept = 1.0000000000 | Src: src/btc_mining_engine.c:503 engine_ptmc_swap()
[40728284426251] METRIC #318: btc_ptmc_rep_hot = 4.0000000000 | Src: src/btc_mining_engine.c:503 engine_ptmc_swap()
[40728284852671] METRIC #319: btc_ptmc_rep_cold = 3.0000000000 | Src: src/btc_mining_engine.c:503 engine_ptmc_swap()
[40728285384511] METRIC #320: btc_ptmc_accept = 1.0000000000 | Src: src/btc_mining_engine.c:503 engine_ptmc_swap()
[40728285813671] METRIC #321: btc_ptmc_rep_hot = 5.0000000000 | Src: src/btc_mining_engine.c:503 engine_ptmc_swap()
[40728286280681] METRIC #322: btc_ptmc_rep_cold = 4.0000000000 | Src: src/btc_mining_engine.c:503 engine_ptmc_swap()
[40728286699751] METRIC #323: btc_ptmc_accept = 1.0000000000 | Src: src/btc_mining_engine.c:503 engine_ptmc_swap()
[40728287130371] METRIC #324: btc_ptmc_rep_hot = 6.0000000000 | Src: src/btc_mining_engine.c:503 engine_ptmc_swap()
[40728287561111] METRIC #325: btc_ptmc_rep_cold = 5.0000000000 | Src: src/btc_mining_engine.c:503 engine_ptmc_swap()
[40728287986231] METRIC #326: btc_ptmc_accept = 1.0000000000 | Src: src/btc_mining_engine.c:503 engine_ptmc_swap()
[40728288508711] METRIC #327: btc_ptmc_rep_hot = 7.0000000000 | Src: src/btc_mining_engine.c:503 engine_ptmc_swap()
[40728288930341] METRIC #328: btc_ptmc_rep_cold = 6.0000000000 | Src: src/btc_mining_engine.c:503 engine_ptmc_swap()
[40728289327551] METRIC #329: btc_ptmc_accept = 1.0000000000 | Src: src/btc_mining_engine.c:503 engine_ptmc_swap()
[40728383092033] METRIC #330: btc_ptmc_rep_hot = 1.0000000000 | Src: src/btc_mining_engine.c:503 engine_ptmc_swap()
[40728383597683] METRIC #331: btc_ptmc_rep_cold = 0.0000000000 | Src: src/btc_mining_engine.c:503 engine_ptmc_swap()
[40728384036763] METRIC #332: btc_ptmc_accept = 1.0000000000 | Src: src/btc_mining_engine.c:503 engine_ptmc_swap()
[40728384487193] METRIC #333: btc_ptmc_rep_hot = 2.0000000000 | Src: src/btc_mining_engine.c:503 engine_ptmc_swap()
[40728384922883] METRIC #334: btc_ptmc_rep_cold = 1.0000000000 | Src: src/btc_mining_engine.c:503 engine_ptmc_swap()
[40728385437373] METRIC #335: btc_ptmc_accept = 1.0000000000 | Src: src/btc_mining_engine.c:503 engine_ptmc_swap()
[40728385915023] METRIC #336: btc_ptmc_rep_hot = 3.0000000000 | Src: src/btc_mining_engine.c:503 engine_ptmc_swap()
[40728386504793] METRIC #337: btc_ptmc_rep_cold = 2.0000000000 | Src: src/btc_mining_engine.c:503 engine_ptmc_swap()
[40728386927603] METRIC #338: btc_ptmc_accept = 1.0000000000 | Src: src/btc_mining_engine.c:503 engine_ptmc_swap()
[40728387401483] METRIC #339: btc_ptmc_rep_hot = 4.0000000000 | Src: src/btc_mining_engine.c:503 engine_ptmc_swap()
[40728387824773] METRIC #340: btc_ptmc_rep_cold = 3.0000000000 | Src: src/btc_mining_engine.c:503 engine_ptmc_swap()
[40728388313243] METRIC #341: btc_ptmc_accept = 1.0000000000 | Src: src/btc_mining_engine.c:503 engine_ptmc_swap()
[40728388722683] METRIC #342: btc_ptmc_rep_hot = 5.0000000000 | Src: src/btc_mining_engine.c:503 engine_ptmc_swap()
[40728389191323] METRIC #343: btc_ptmc_rep_cold = 4.0000000000 | Src: src/btc_mining_engine.c:503 engine_ptmc_swap()
[40728389620683] METRIC #344: btc_ptmc_accept = 1.0000000000 | Src: src/btc_mining_engine.c:503 engine_ptmc_swap()
[40728390106513] METRIC #345: btc_ptmc_rep_hot = 6.0000000000 | Src: src/btc_mining_engine.c:503 engine_ptmc_swap()
[40728390530373] METRIC #346: btc_ptmc_rep_cold = 5.0000000000 | Src: src/btc_mining_engine.c:503 engine_ptmc_swap()
[40728390956443] METRIC #347: btc_ptmc_accept = 1.0000000000 | Src: src/btc_mining_engine.c:503 engine_ptmc_swap()
[40728391381273] METRIC #348: btc_ptmc_rep_hot = 7.0000000000 | Src: src/btc_mining_engine.c:503 engine_ptmc_swap()
[40728391822423] METRIC #349: btc_ptmc_rep_cold = 6.0000000000 | Src: src/btc_mining_engine.c:503 engine_ptmc_swap()
[40728392293293] METRIC #350: btc_ptmc_accept = 1.0000000000 | Src: src/btc_mining_engine.c:503 engine_ptmc_swap()
[40728483268095] METRIC #351: btc_ptmc_rep_hot = 1.0000000000 | Src: src/btc_mining_engine.c:503 engine_ptmc_swap()
[40728483727685] METRIC #352: btc_ptmc_rep_cold = 0.0000000000 | Src: src/btc_mining_engine.c:503 engine_ptmc_swap()
[40728484116085] METRIC #353: btc_ptmc_accept = 1.0000000000 | Src: src/btc_mining_engine.c:503 engine_ptmc_swap()
[40728484560745] METRIC #354: btc_ptmc_rep_hot = 2.0000000000 | Src: src/btc_mining_engine.c:503 engine_ptmc_swap()
[40728484966615] METRIC #355: btc_ptmc_rep_cold = 1.0000000000 | Src: src/btc_mining_engine.c:503 engine_ptmc_swap()
[40728485405835] METRIC #356: btc_ptmc_accept = 1.0000000000 | Src: src/btc_mining_engine.c:503 engine_ptmc_swap()
[40728485868865] METRIC #357: btc_ptmc_rep_hot = 3.0000000000 | Src: src/btc_mining_engine.c:503 engine_ptmc_swap()
[40728486287255] METRIC #358: btc_ptmc_rep_cold = 2.0000000000 | Src: src/btc_mining_engine.c:503 engine_ptmc_swap()
[40728486656655] METRIC #359: btc_ptmc_accept = 1.0000000000 | Src: src/btc_mining_engine.c:503 engine_ptmc_swap()
[40728487072445] METRIC #360: btc_ptmc_rep_hot = 4.0000000000 | Src: src/btc_mining_engine.c:503 engine_ptmc_swap()
[40728487520975] METRIC #361: btc_ptmc_rep_cold = 3.0000000000 | Src: src/btc_mining_engine.c:503 engine_ptmc_swap()
[40728487953295] METRIC #362: btc_ptmc_accept = 1.0000000000 | Src: src/btc_mining_engine.c:503 engine_ptmc_swap()
[40728488423215] METRIC #363: btc_ptmc_rep_hot = 5.0000000000 | Src: src/btc_mining_engine.c:503 engine_ptmc_swap()
[40728488870596] METRIC #364: btc_ptmc_rep_cold = 4.0000000000 | Src: src/btc_mining_engine.c:503 engine_ptmc_swap()
[40728489377156] METRIC #365: btc_ptmc_accept = 1.0000000000 | Src: src/btc_mining_engine.c:503 engine_ptmc_swap()
[40728490321736] METRIC #366: btc_ptmc_rep_hot = 6.0000000000 | Src: src/btc_mining_engine.c:503 engine_ptmc_swap()
[40728490726516] METRIC #367: btc_ptmc_rep_cold = 5.0000000000 | Src: src/btc_mining_engine.c:503 engine_ptmc_swap()
[40728491221886] METRIC #368: btc_ptmc_accept = 1.0000000000 | Src: src/btc_mining_engine.c:503 engine_ptmc_swap()
[40728491691776] METRIC #369: btc_ptmc_rep_hot = 7.0000000000 | Src: src/btc_mining_engine.c:503 engine_ptmc_swap()
[40728492341096] METRIC #370: btc_ptmc_rep_cold = 6.0000000000 | Src: src/btc_mining_engine.c:503 engine_ptmc_swap()
[40728492718576] METRIC #371: btc_ptmc_accept = 1.0000000000 | Src: src/btc_mining_engine.c:503 engine_ptmc_swap()
[40728583921278] METRIC #372: btc_ptmc_rep_hot = 1.0000000000 | Src: src/btc_mining_engine.c:503 engine_ptmc_swap()
[40728584372258] METRIC #373: btc_ptmc_rep_cold = 0.0000000000 | Src: src/btc_mining_engine.c:503 engine_ptmc_swap()
[40728584746658] METRIC #374: btc_ptmc_accept = 1.0000000000 | Src: src/btc_mining_engine.c:503 engine_ptmc_swap()
[40728585218998] METRIC #375: btc_ptmc_rep_hot = 2.0000000000 | Src: src/btc_mining_engine.c:503 engine_ptmc_swap()
[40728585587758] METRIC #376: btc_ptmc_rep_cold = 1.0000000000 | Src: src/btc_mining_engine.c:503 engine_ptmc_swap()
[40728585973958] METRIC #377: btc_ptmc_accept = 0.7165313106 | Src: src/btc_mining_engine.c:503 engine_ptmc_swap()
[40728586472158] METRIC #378: btc_ptmc_rep_hot = 3.0000000000 | Src: src/btc_mining_engine.c:503 engine_ptmc_swap()
[40728587135198] METRIC #379: btc_ptmc_rep_cold = 2.0000000000 | Src: src/btc_mining_engine.c:503 engine_ptmc_swap()
[40728587514478] METRIC #380: btc_ptmc_accept = 0.8464817249 | Src: src/btc_mining_engine.c:503 engine_ptmc_swap()
[40728587906588] METRIC #381: btc_ptmc_rep_hot = 4.0000000000 | Src: src/btc_mining_engine.c:503 engine_ptmc_swap()
[40728588407288] METRIC #382: btc_ptmc_rep_cold = 3.0000000000 | Src: src/btc_mining_engine.c:503 engine_ptmc_swap()
[40728588841058] METRIC #383: btc_ptmc_accept = 1.0000000000 | Src: src/btc_mining_engine.c:503 engine_ptmc_swap()
[40728589324838] METRIC #384: btc_ptmc_rep_hot = 5.0000000000 | Src: src/btc_mining_engine.c:503 engine_ptmc_swap()
[40728589772868] METRIC #385: btc_ptmc_rep_cold = 4.0000000000 | Src: src/btc_mining_engine.c:503 engine_ptmc_swap()
[40728590239208] METRIC #386: btc_ptmc_accept = 0.9394130628 | Src: src/btc_mining_engine.c:503 engine_ptmc_swap()
[40728590666738] METRIC #387: btc_ptmc_rep_hot = 6.0000000000 | Src: src/btc_mining_engine.c:503 engine_ptmc_swap()
[40728591121148] METRIC #388: btc_ptmc_rep_cold = 5.0000000000 | Src: src/btc_mining_engine.c:503 engine_ptmc_swap()
[40728591569998] METRIC #389: btc_ptmc_accept = 0.9642895790 | Src: src/btc_mining_engine.c:503 engine_ptmc_swap()
[40728591953788] METRIC #390: btc_ptmc_rep_hot = 7.0000000000 | Src: src/btc_mining_engine.c:503 engine_ptmc_swap()
[40728592344178] METRIC #391: btc_ptmc_rep_cold = 6.0000000000 | Src: src/btc_mining_engine.c:503 engine_ptmc_swap()
[40728592687198] METRIC #392: btc_ptmc_accept = 0.9767452464 | Src: src/btc_mining_engine.c:503 engine_ptmc_swap()
[40728685739900] METRIC #393: btc_ptmc_rep_hot = 1.0000000000 | Src: src/btc_mining_engine.c:503 engine_ptmc_swap()
[40728686218250] METRIC #394: btc_ptmc_rep_cold = 0.0000000000 | Src: src/btc_mining_engine.c:503 engine_ptmc_swap()
[40728686574100] METRIC #395: btc_ptmc_accept = 1.0000000000 | Src: src/btc_mining_engine.c:503 engine_ptmc_swap()
[40728686989600] METRIC #396: btc_ptmc_rep_hot = 2.0000000000 | Src: src/btc_mining_engine.c:503 engine_ptmc_swap()
[40728687435300] METRIC #397: btc_ptmc_rep_cold = 1.0000000000 | Src: src/btc_mining_engine.c:503 engine_ptmc_swap()
[40728687826600] METRIC #398: btc_ptmc_accept = 1.0000000000 | Src: src/btc_mining_engine.c:503 engine_ptmc_swap()
[40728688209530] METRIC #399: btc_ptmc_rep_hot = 3.0000000000 | Src: src/btc_mining_engine.c:503 engine_ptmc_swap()
[40728688551180] METRIC #400: btc_ptmc_rep_cold = 2.0000000000 | Src: src/btc_mining_engine.c:503 engine_ptmc_swap()
[40728688946780] METRIC #401: btc_ptmc_accept = 1.0000000000 | Src: src/btc_mining_engine.c:503 engine_ptmc_swap()
[40728689311370] METRIC #402: btc_ptmc_rep_hot = 4.0000000000 | Src: src/btc_mining_engine.c:503 engine_ptmc_swap()
[40728689643240] METRIC #403: btc_ptmc_rep_cold = 3.0000000000 | Src: src/btc_mining_engine.c:503 engine_ptmc_swap()
[40728690160160] METRIC #404: btc_ptmc_accept = 1.0000000000 | Src: src/btc_mining_engine.c:503 engine_ptmc_swap()
[40728690704230] METRIC #405: btc_ptmc_rep_hot = 5.0000000000 | Src: src/btc_mining_engine.c:503 engine_ptmc_swap()
[40728691161680] METRIC #406: btc_ptmc_rep_cold = 4.0000000000 | Src: src/btc_mining_engine.c:503 engine_ptmc_swap()
[40728691578840] METRIC #407: btc_ptmc_accept = 1.0000000000 | Src: src/btc_mining_engine.c:503 engine_ptmc_swap()
[40728691920680] METRIC #408: btc_ptmc_rep_hot = 6.0000000000 | Src: src/btc_mining_engine.c:503 engine_ptmc_swap()
[40728692245200] METRIC #409: btc_ptmc_rep_cold = 5.0000000000 | Src: src/btc_mining_engine.c:503 engine_ptmc_swap()
[40728692562040] METRIC #410: btc_ptmc_accept = 1.0000000000 | Src: src/btc_mining_engine.c:503 engine_ptmc_swap()
[40728693010680] METRIC #411: btc_ptmc_rep_hot = 7.0000000000 | Src: src/btc_mining_engine.c:503 engine_ptmc_swap()
[40728693431490] METRIC #412: btc_ptmc_rep_cold = 6.0000000000 | Src: src/btc_mining_engine.c:503 engine_ptmc_swap()
[40728693858800] METRIC #413: btc_ptmc_accept = 1.0000000000 | Src: src/btc_mining_engine.c:503 engine_ptmc_swap()
[40728785752982] METRIC #414: btc_ptmc_rep_hot = 1.0000000000 | Src: src/btc_mining_engine.c:503 engine_ptmc_swap()
[40728786249272] METRIC #415: btc_ptmc_rep_cold = 0.0000000000 | Src: src/btc_mining_engine.c:503 engine_ptmc_swap()
[40728786589452] METRIC #416: btc_ptmc_accept = 0.2636887251 | Src: src/btc_mining_engine.c:503 engine_ptmc_swap()
[40728786966112] METRIC #417: btc_ptmc_rep_hot = 2.0000000000 | Src: src/btc_mining_engine.c:503 engine_ptmc_swap()
[40728787412642] METRIC #418: btc_ptmc_rep_cold = 1.0000000000 | Src: src/btc_mining_engine.c:503 engine_ptmc_swap()
[40728787780942] METRIC #419: btc_ptmc_accept = 0.7164924961 | Src: src/btc_mining_engine.c:503 engine_ptmc_swap()
[40728788372902] METRIC #420: btc_ptmc_rep_hot = 3.0000000000 | Src: src/btc_mining_engine.c:503 engine_ptmc_swap()
[40728788837382] METRIC #421: btc_ptmc_rep_cold = 2.0000000000 | Src: src/btc_mining_engine.c:503 engine_ptmc_swap()
[40728789334962] METRIC #422: btc_ptmc_accept = 0.7165119046 | Src: src/btc_mining_engine.c:503 engine_ptmc_swap()
[40728789737382] METRIC #423: btc_ptmc_rep_hot = 4.0000000000 | Src: src/btc_mining_engine.c:503 engine_ptmc_swap()
[40728790214282] METRIC #424: btc_ptmc_rep_cold = 3.0000000000 | Src: src/btc_mining_engine.c:503 engine_ptmc_swap()
[40728790659282] METRIC #425: btc_ptmc_accept = 0.8187227707 | Src: src/btc_mining_engine.c:503 engine_ptmc_swap()
[40728791128773] METRIC #426: btc_ptmc_rep_hot = 5.0000000000 | Src: src/btc_mining_engine.c:503 engine_ptmc_swap()
[40728791544413] METRIC #427: btc_ptmc_rep_cold = 4.0000000000 | Src: src/btc_mining_engine.c:503 engine_ptmc_swap()
[40728791955213] METRIC #428: btc_ptmc_accept = 0.8824935417 | Src: src/btc_mining_engine.c:503 engine_ptmc_swap()
[40728792344693] METRIC #429: btc_ptmc_rep_hot = 6.0000000000 | Src: src/btc_mining_engine.c:503 engine_ptmc_swap()
[40728792694253] METRIC #430: btc_ptmc_rep_cold = 5.0000000000 | Src: src/btc_mining_engine.c:503 engine_ptmc_swap()
[40728793068433] METRIC #431: btc_ptmc_accept = 0.9642889574 | Src: src/btc_mining_engine.c:503 engine_ptmc_swap()
[40728793528453] METRIC #432: btc_ptmc_rep_hot = 7.0000000000 | Src: src/btc_mining_engine.c:503 engine_ptmc_swap()
[40728793947463] METRIC #433: btc_ptmc_rep_cold = 6.0000000000 | Src: src/btc_mining_engine.c:503 engine_ptmc_swap()
[40728794370813] METRIC #434: btc_ptmc_accept = 0.9540303485 | Src: src/btc_mining_engine.c:503 engine_ptmc_swap()
[40728885803975] METRIC #435: btc_ptmc_rep_hot = 1.0000000000 | Src: src/btc_mining_engine.c:503 engine_ptmc_swap()
[40728886293625] METRIC #436: btc_ptmc_rep_cold = 0.0000000000 | Src: src/btc_mining_engine.c:503 engine_ptmc_swap()
[40728886639815] METRIC #437: btc_ptmc_accept = 1.0000000000 | Src: src/btc_mining_engine.c:503 engine_ptmc_swap()
[40728887025905] METRIC #438: btc_ptmc_rep_hot = 2.0000000000 | Src: src/btc_mining_engine.c:505 engine_ptmc_swap()
[40728887358395] METRIC #439: btc_ptmc_rep_cold = 1.0000000000 | Src: src/btc_mining_engine.c:505 engine_ptmc_swap()
[40728887658365] METRIC #440: btc_ptmc_accept = -0.7165140378 | Src: src/btc_mining_engine.c:505 engine_ptmc_swap()
[40728888102755] METRIC #441: btc_ptmc_rep_hot = 3.0000000000 | Src: src/btc_mining_engine.c:503 engine_ptmc_swap()
[40728888498535] METRIC #442: btc_ptmc_rep_cold = 2.0000000000 | Src: src/btc_mining_engine.c:503 engine_ptmc_swap()
[40728888894975] METRIC #443: btc_ptmc_accept = 1.0000000000 | Src: src/btc_mining_engine.c:503 engine_ptmc_swap()
[40728889242885] METRIC #444: btc_ptmc_rep_hot = 4.0000000000 | Src: src/btc_mining_engine.c:503 engine_ptmc_swap()
[40728889585175] METRIC #445: btc_ptmc_rep_cold = 3.0000000000 | Src: src/btc_mining_engine.c:503 engine_ptmc_swap()
[40728889940195] METRIC #446: btc_ptmc_accept = 1.0000000000 | Src: src/btc_mining_engine.c:503 engine_ptmc_swap()
[40728890426425] METRIC #447: btc_ptmc_rep_hot = 5.0000000000 | Src: src/btc_mining_engine.c:503 engine_ptmc_swap()
[40728890799285] METRIC #448: btc_ptmc_rep_cold = 4.0000000000 | Src: src/btc_mining_engine.c:503 engine_ptmc_swap()
[40728891181155] METRIC #449: btc_ptmc_accept = 1.0000000000 | Src: src/btc_mining_engine.c:503 engine_ptmc_swap()
[40728891668085] METRIC #450: btc_ptmc_rep_hot = 6.0000000000 | Src: src/btc_mining_engine.c:503 engine_ptmc_swap()
[40728892054175] METRIC #451: btc_ptmc_rep_cold = 5.0000000000 | Src: src/btc_mining_engine.c:503 engine_ptmc_swap()
[40728892426705] METRIC #452: btc_ptmc_accept = 1.0000000000 | Src: src/btc_mining_engine.c:503 engine_ptmc_swap()
[40728892802125] METRIC #453: btc_ptmc_rep_hot = 7.0000000000 | Src: src/btc_mining_engine.c:503 engine_ptmc_swap()
[40728893247045] METRIC #454: btc_ptmc_rep_cold = 6.0000000000 | Src: src/btc_mining_engine.c:503 engine_ptmc_swap()
[40728893700435] METRIC #455: btc_ptmc_accept = 1.0000000000 | Src: src/btc_mining_engine.c:503 engine_ptmc_swap()
[40728985825177] METRIC #456: btc_ptmc_rep_hot = 1.0000000000 | Src: src/btc_mining_engine.c:505 engine_ptmc_swap()
[40728986326577] METRIC #457: btc_ptmc_rep_cold = 0.0000000000 | Src: src/btc_mining_engine.c:505 engine_ptmc_swap()
[40728986680727] METRIC #458: btc_ptmc_accept = -0.2638537189 | Src: src/btc_mining_engine.c:505 engine_ptmc_swap()
[40728987144557] METRIC #459: btc_ptmc_rep_hot = 2.0000000000 | Src: src/btc_mining_engine.c:503 engine_ptmc_swap()
[40728987528717] METRIC #460: btc_ptmc_rep_cold = 1.0000000000 | Src: src/btc_mining_engine.c:503 engine_ptmc_swap()
[40728987937587] METRIC #461: btc_ptmc_accept = 0.5134418693 | Src: src/btc_mining_engine.c:503 engine_ptmc_swap()
[40728988382987] METRIC #462: btc_ptmc_rep_hot = 3.0000000000 | Src: src/btc_mining_engine.c:503 engine_ptmc_swap()
[40728988777357] METRIC #463: btc_ptmc_rep_cold = 2.0000000000 | Src: src/btc_mining_engine.c:503 engine_ptmc_swap()
[40728989167277] METRIC #464: btc_ptmc_accept = 0.7165399462 | Src: src/btc_mining_engine.c:503 engine_ptmc_swap()
[40728989543757] METRIC #465: btc_ptmc_rep_hot = 4.0000000000 | Src: src/btc_mining_engine.c:503 engine_ptmc_swap()
[40728989947727] METRIC #466: btc_ptmc_rep_cold = 3.0000000000 | Src: src/btc_mining_engine.c:503 engine_ptmc_swap()
[40728990362967] METRIC #467: btc_ptmc_accept = 0.9048393810 | Src: src/btc_mining_engine.c:503 engine_ptmc_swap()
[40728990788737] METRIC #468: btc_ptmc_rep_hot = 5.0000000000 | Src: src/btc_mining_engine.c:503 engine_ptmc_swap()
[40728991135067] METRIC #469: btc_ptmc_rep_cold = 4.0000000000 | Src: src/btc_mining_engine.c:503 engine_ptmc_swap()
[40728991476017] METRIC #470: btc_ptmc_accept = 0.8824983983 | Src: src/btc_mining_engine.c:503 engine_ptmc_swap()
[40728991822477] METRIC #471: btc_ptmc_rep_hot = 6.0000000000 | Src: src/btc_mining_engine.c:503 engine_ptmc_swap()
[40728992222987] METRIC #472: btc_ptmc_rep_cold = 5.0000000000 | Src: src/btc_mining_engine.c:503 engine_ptmc_swap()
[40728992570157] METRIC #473: btc_ptmc_accept = 1.0000000000 | Src: src/btc_mining_engine.c:503 engine_ptmc_swap()
[40728992914367] METRIC #474: btc_ptmc_rep_hot = 7.0000000000 | Src: src/btc_mining_engine.c:503 engine_ptmc_swap()
[40728993448217] METRIC #475: btc_ptmc_rep_cold = 6.0000000000 | Src: src/btc_mining_engine.c:503 engine_ptmc_swap()
[40728993821347] METRIC #476: btc_ptmc_accept = 0.9540303485 | Src: src/btc_mining_engine.c:503 engine_ptmc_swap()
[40729087593119] METRIC #477: btc_ptmc_rep_hot = 1.0000000000 | Src: src/btc_mining_engine.c:503 engine_ptmc_swap()
[40729088102979] METRIC #478: btc_ptmc_rep_cold = 0.0000000000 | Src: src/btc_mining_engine.c:503 engine_ptmc_swap()
[40729088447619] METRIC #479: btc_ptmc_accept = 1.0000000000 | Src: src/btc_mining_engine.c:503 engine_ptmc_swap()
[40729088895989] METRIC #480: btc_ptmc_rep_hot = 2.0000000000 | Src: src/btc_mining_engine.c:503 engine_ptmc_swap()
[40729089325729] METRIC #481: btc_ptmc_rep_cold = 1.0000000000 | Src: src/btc_mining_engine.c:503 engine_ptmc_swap()
[40729089709589] METRIC #482: btc_ptmc_accept = 0.7165701146 | Src: src/btc_mining_engine.c:503 engine_ptmc_swap()
[40729090147459] METRIC #483: btc_ptmc_rep_hot = 3.0000000000 | Src: src/btc_mining_engine.c:503 engine_ptmc_swap()
[40729090572879] METRIC #484: btc_ptmc_rep_cold = 2.0000000000 | Src: src/btc_mining_engine.c:503 engine_ptmc_swap()
[40729091067819] METRIC #485: btc_ptmc_accept = 1.0000000000 | Src: src/btc_mining_engine.c:503 engine_ptmc_swap()
[40729091568209] METRIC #486: btc_ptmc_rep_hot = 4.0000000000 | Src: src/btc_mining_engine.c:503 engine_ptmc_swap()
[40729091998439] METRIC #487: btc_ptmc_rep_cold = 3.0000000000 | Src: src/btc_mining_engine.c:503 engine_ptmc_swap()
[40729092438029] METRIC #488: btc_ptmc_accept = 0.9048418286 | Src: src/btc_mining_engine.c:503 engine_ptmc_swap()
[40729092853429] METRIC #489: btc_ptmc_rep_hot = 5.0000000000 | Src: src/btc_mining_engine.c:503 engine_ptmc_swap()
[40729093232659] METRIC #490: btc_ptmc_rep_cold = 4.0000000000 | Src: src/btc_mining_engine.c:503 engine_ptmc_swap()
[40729093621739] METRIC #491: btc_ptmc_accept = 1.0000000000 | Src: src/btc_mining_engine.c:503 engine_ptmc_swap()
[40729093997340] METRIC #492: btc_ptmc_rep_hot = 6.0000000000 | Src: src/btc_mining_engine.c:503 engine_ptmc_swap()
[40729094388860] METRIC #493: btc_ptmc_rep_cold = 5.0000000000 | Src: src/btc_mining_engine.c:503 engine_ptmc_swap()
[40729094823199] METRIC #494: btc_ptmc_accept = 0.9642902005 | Src: src/btc_mining_engine.c:503 engine_ptmc_swap()
[40729095312900] METRIC #495: btc_ptmc_rep_hot = 7.0000000000 | Src: src/btc_mining_engine.c:503 engine_ptmc_swap()
[40729095754900] METRIC #496: btc_ptmc_rep_cold = 6.0000000000 | Src: src/btc_mining_engine.c:503 engine_ptmc_swap()
[40729096219280] METRIC #497: btc_ptmc_accept = 1.0000000000 | Src: src/btc_mining_engine.c:503 engine_ptmc_swap()
[40729165748531] METRIC #498: btc_hashrate_mhs = 0.4302015642 | Src: src/btc_mining_engine.c:779 btc_mining_thread()
[40729166354671] METRIC #499: btc_hashrate_thread_id = 1.0000000000 | Src: src/btc_mining_engine.c:779 btc_mining_thread()
[40729167342901] METRIC #500: btc_nx48_delta_nonce_old = 1.0000000000 | Src: src/nx48_btc_controller.c:428 nx48_btc_update()
[40729167786241] METRIC #501: btc_nx48_delta_nonce_new = 1.2305497433 | Src: src/nx48_btc_controller.c:428 nx48_btc_update()
[40729168231041] METRIC #502: btc_nx48_batch_old = 1.0000000000 | Src: src/nx48_btc_controller.c:428 nx48_btc_update()
[40729168629671] METRIC #503: btc_nx48_batch_new = 1.0999693570 | Src: src/nx48_btc_controller.c:428 nx48_btc_update()
[40729169026411] METRIC #504: btc_nx48_loss = 0.8417557026 | Src: src/nx48_btc_controller.c:429 nx48_btc_update()
[40729169445281] METRIC #505: btc_nx48_grad_norm = 0.8783514450 | Src: src/nx48_btc_controller.c:430 nx48_btc_update()
[40729169820231] METRIC #506: btc_nx48_update_count = 1.0000000000 | Src: src/nx48_btc_controller.c:431 nx48_btc_update()
[40729170185481] METRIC #507: btc_nx48_exploration_bias = 0.4800000000 | Src: src/nx48_btc_controller.c:432 nx48_btc_update()
[40729170522851] METRIC #508: btc_nx48_dual_blend = 0.2000000000 | Src: src/nx48_btc_controller.c:433 nx48_btc_update()
[40729170857161] METRIC #509: btc_hashrate_mhs = 0.4303400036 | Src: src/btc_mining_engine.c:779 btc_mining_thread()
[40729171228251] METRIC #510: btc_hashrate_thread_id = 0.0000000000 | Src: src/btc_mining_engine.c:779 btc_mining_thread()
[40729187677712] METRIC #511: btc_ptmc_rep_hot = 1.0000000000 | Src: src/btc_mining_engine.c:503 engine_ptmc_swap()
[40729188178772] METRIC #512: btc_ptmc_rep_cold = 0.0000000000 | Src: src/btc_mining_engine.c:503 engine_ptmc_swap()
[40729188557622] METRIC #513: btc_ptmc_accept = 1.0000000000 | Src: src/btc_mining_engine.c:503 engine_ptmc_swap()
[40729188989402] METRIC #514: btc_ptmc_rep_hot = 2.0000000000 | Src: src/btc_mining_engine.c:503 engine_ptmc_swap()
[40729189401862] METRIC #515: btc_ptmc_rep_cold = 1.0000000000 | Src: src/btc_mining_engine.c:503 engine_ptmc_swap()
[40729189772562] METRIC #516: btc_ptmc_accept = 1.0000000000 | Src: src/btc_mining_engine.c:503 engine_ptmc_swap()
[40729190287962] METRIC #517: btc_ptmc_rep_hot = 3.0000000000 | Src: src/btc_mining_engine.c:503 engine_ptmc_swap()
[40729190631182] METRIC #518: btc_ptmc_rep_cold = 2.0000000000 | Src: src/btc_mining_engine.c:503 engine_ptmc_swap()
[40729190991342] METRIC #519: btc_ptmc_accept = 1.0000000000 | Src: src/btc_mining_engine.c:503 engine_ptmc_swap()
[40729191388632] METRIC #520: btc_ptmc_rep_hot = 4.0000000000 | Src: src/btc_mining_engine.c:503 engine_ptmc_swap()
[40729191725512] METRIC #521: btc_ptmc_rep_cold = 3.0000000000 | Src: src/btc_mining_engine.c:503 engine_ptmc_swap()
[40729192195342] METRIC #522: btc_ptmc_accept = 1.0000000000 | Src: src/btc_mining_engine.c:503 engine_ptmc_swap()
[40729192548942] METRIC #523: btc_ptmc_rep_hot = 5.0000000000 | Src: src/btc_mining_engine.c:503 engine_ptmc_swap()
[40729192921492] METRIC #524: btc_ptmc_rep_cold = 4.0000000000 | Src: src/btc_mining_engine.c:503 engine_ptmc_swap()
[40729193301222] METRIC #525: btc_ptmc_accept = 1.0000000000 | Src: src/btc_mining_engine.c:503 engine_ptmc_swap()
[40729193636252] METRIC #526: btc_ptmc_rep_hot = 6.0000000000 | Src: src/btc_mining_engine.c:503 engine_ptmc_swap()
[40729194007032] METRIC #527: btc_ptmc_rep_cold = 5.0000000000 | Src: src/btc_mining_engine.c:503 engine_ptmc_swap()
[40729194491292] METRIC #528: btc_ptmc_accept = 1.0000000000 | Src: src/btc_mining_engine.c:503 engine_ptmc_swap()
[40729194912442] METRIC #529: btc_ptmc_rep_hot = 7.0000000000 | Src: src/btc_mining_engine.c:503 engine_ptmc_swap()
[40729195357292] METRIC #530: btc_ptmc_rep_cold = 6.0000000000 | Src: src/btc_mining_engine.c:503 engine_ptmc_swap()
[40729195754182] METRIC #531: btc_ptmc_accept = 1.0000000000 | Src: src/btc_mining_engine.c:503 engine_ptmc_swap()
[40729291917634] METRIC #532: btc_ptmc_rep_hot = 1.0000000000 | Src: src/btc_mining_engine.c:505 engine_ptmc_swap()
[40729292367434] METRIC #533: btc_ptmc_rep_cold = 0.0000000000 | Src: src/btc_mining_engine.c:505 engine_ptmc_swap()
[40729292790254] METRIC #534: btc_ptmc_accept = -0.2635971381 | Src: src/btc_mining_engine.c:505 engine_ptmc_swap()
[40729293214454] METRIC #535: btc_ptmc_rep_hot = 2.0000000000 | Src: src/btc_mining_engine.c:503 engine_ptmc_swap()
[40729293567624] METRIC #536: btc_ptmc_rep_cold = 1.0000000000 | Src: src/btc_mining_engine.c:503 engine_ptmc_swap()
[40729293901034] METRIC #537: btc_ptmc_accept = 1.0000000000 | Src: src/btc_mining_engine.c:503 engine_ptmc_swap()
[40729294283124] METRIC #538: btc_ptmc_rep_hot = 3.0000000000 | Src: src/btc_mining_engine.c:503 engine_ptmc_swap()
[40729294668244] METRIC #539: btc_ptmc_rep_cold = 2.0000000000 | Src: src/btc_mining_engine.c:503 engine_ptmc_swap()
[40729295112774] METRIC #540: btc_ptmc_accept = 1.0000000000 | Src: src/btc_mining_engine.c:503 engine_ptmc_swap()
[40729295505374] METRIC #541: btc_ptmc_rep_hot = 4.0000000000 | Src: src/btc_mining_engine.c:503 engine_ptmc_swap()
[40729295877534] METRIC #542: btc_ptmc_rep_cold = 3.0000000000 | Src: src/btc_mining_engine.c:503 engine_ptmc_swap()
[40729296291184] METRIC #543: btc_ptmc_accept = 1.0000000000 | Src: src/btc_mining_engine.c:503 engine_ptmc_swap()
[40729296669234] METRIC #544: btc_ptmc_rep_hot = 5.0000000000 | Src: src/btc_mining_engine.c:503 engine_ptmc_swap()
[40729297202714] METRIC #545: btc_ptmc_rep_cold = 4.0000000000 | Src: src/btc_mining_engine.c:503 engine_ptmc_swap()
[40729297612074] METRIC #546: btc_ptmc_accept = 1.0000000000 | Src: src/btc_mining_engine.c:503 engine_ptmc_swap()
[40729298068994] METRIC #547: btc_ptmc_rep_hot = 6.0000000000 | Src: src/btc_mining_engine.c:503 engine_ptmc_swap()
[40729298601844] METRIC #548: btc_ptmc_rep_cold = 5.0000000000 | Src: src/btc_mining_engine.c:503 engine_ptmc_swap()
[40729299056984] METRIC #549: btc_ptmc_accept = 1.0000000000 | Src: src/btc_mining_engine.c:503 engine_ptmc_swap()
[40729299467964] METRIC #550: btc_ptmc_rep_hot = 7.0000000000 | Src: src/btc_mining_engine.c:503 engine_ptmc_swap()
[40729299893344] METRIC #551: btc_ptmc_rep_cold = 6.0000000000 | Src: src/btc_mining_engine.c:503 engine_ptmc_swap()
[40729300319784] METRIC #552: btc_ptmc_accept = 1.0000000000 | Src: src/btc_mining_engine.c:503 engine_ptmc_swap()
[40729393149796] METRIC #553: btc_ptmc_rep_hot = 1.0000000000 | Src: src/btc_mining_engine.c:503 engine_ptmc_swap()
[40729393613806] METRIC #554: btc_ptmc_rep_cold = 0.0000000000 | Src: src/btc_mining_engine.c:503 engine_ptmc_swap()
[40729394007136] METRIC #555: btc_ptmc_accept = 1.0000000000 | Src: src/btc_mining_engine.c:503 engine_ptmc_swap()
[40729394404046] METRIC #556: btc_ptmc_rep_hot = 2.0000000000 | Src: src/btc_mining_engine.c:503 engine_ptmc_swap()
[40729394818137] METRIC #557: btc_ptmc_rep_cold = 1.0000000000 | Src: src/btc_mining_engine.c:503 engine_ptmc_swap()
[40729395255717] METRIC #558: btc_ptmc_accept = 1.0000000000 | Src: src/btc_mining_engine.c:503 engine_ptmc_swap()
[40729395706266] METRIC #559: btc_ptmc_rep_hot = 3.0000000000 | Src: src/btc_mining_engine.c:503 engine_ptmc_swap()
[40729396115756] METRIC #560: btc_ptmc_rep_cold = 2.0000000000 | Src: src/btc_mining_engine.c:503 engine_ptmc_swap()
[40729396547377] METRIC #561: btc_ptmc_accept = 1.0000000000 | Src: src/btc_mining_engine.c:503 engine_ptmc_swap()
[40729396984817] METRIC #562: btc_ptmc_rep_hot = 4.0000000000 | Src: src/btc_mining_engine.c:503 engine_ptmc_swap()
[40729397438817] METRIC #563: btc_ptmc_rep_cold = 3.0000000000 | Src: src/btc_mining_engine.c:503 engine_ptmc_swap()
[40729397810427] METRIC #564: btc_ptmc_accept = 1.0000000000 | Src: src/btc_mining_engine.c:503 engine_ptmc_swap()
[40729398235417] METRIC #565: btc_ptmc_rep_hot = 5.0000000000 | Src: src/btc_mining_engine.c:503 engine_ptmc_swap()
[40729398663207] METRIC #566: btc_ptmc_rep_cold = 4.0000000000 | Src: src/btc_mining_engine.c:503 engine_ptmc_swap()
[40729399153217] METRIC #567: btc_ptmc_accept = 1.0000000000 | Src: src/btc_mining_engine.c:503 engine_ptmc_swap()
[40729399553757] METRIC #568: btc_ptmc_rep_hot = 6.0000000000 | Src: src/btc_mining_engine.c:503 engine_ptmc_swap()
[40729399961977] METRIC #569: btc_ptmc_rep_cold = 5.0000000000 | Src: src/btc_mining_engine.c:503 engine_ptmc_swap()
[40729400395747] METRIC #570: btc_ptmc_accept = 1.0000000000 | Src: src/btc_mining_engine.c:503 engine_ptmc_swap()
[40729400812507] METRIC #571: btc_ptmc_rep_hot = 7.0000000000 | Src: src/btc_mining_engine.c:503 engine_ptmc_swap()
[40729401266827] METRIC #572: btc_ptmc_rep_cold = 6.0000000000 | Src: src/btc_mining_engine.c:503 engine_ptmc_swap()
[40729401633247] METRIC #573: btc_ptmc_accept = 1.0000000000 | Src: src/btc_mining_engine.c:503 engine_ptmc_swap()
[40729495872829] METRIC #574: btc_ptmc_rep_hot = 1.0000000000 | Src: src/btc_mining_engine.c:503 engine_ptmc_swap()
[40729496321889] METRIC #575: btc_ptmc_rep_cold = 0.0000000000 | Src: src/btc_mining_engine.c:503 engine_ptmc_swap()
[40729496711649] METRIC #576: btc_ptmc_accept = 1.0000000000 | Src: src/btc_mining_engine.c:503 engine_ptmc_swap()
[40729497172139] METRIC #577: btc_ptmc_rep_hot = 2.0000000000 | Src: src/btc_mining_engine.c:503 engine_ptmc_swap()
[40729497606099] METRIC #578: btc_ptmc_rep_cold = 1.0000000000 | Src: src/btc_mining_engine.c:503 engine_ptmc_swap()
[40729497986539] METRIC #579: btc_ptmc_accept = 0.7164924961 | Src: src/btc_mining_engine.c:503 engine_ptmc_swap()
[40729498415949] METRIC #580: btc_ptmc_rep_hot = 3.0000000000 | Src: src/btc_mining_engine.c:503 engine_ptmc_swap()
[40729498856199] METRIC #581: btc_ptmc_rep_cold = 2.0000000000 | Src: src/btc_mining_engine.c:503 engine_ptmc_swap()
[40729499369689] METRIC #582: btc_ptmc_accept = 1.0000000000 | Src: src/btc_mining_engine.c:503 engine_ptmc_swap()
[40729500089569] METRIC #583: btc_ptmc_rep_hot = 4.0000000000 | Src: src/btc_mining_engine.c:503 engine_ptmc_swap()
[40729500682689] METRIC #584: btc_ptmc_rep_cold = 3.0000000000 | Src: src/btc_mining_engine.c:503 engine_ptmc_swap()
[40729501168569] METRIC #585: btc_ptmc_accept = 1.0000000000 | Src: src/btc_mining_engine.c:503 engine_ptmc_swap()
[40729501671969] METRIC #586: btc_ptmc_rep_hot = 5.0000000000 | Src: src/btc_mining_engine.c:503 engine_ptmc_swap()
[40729502148229] METRIC #587: btc_ptmc_rep_cold = 4.0000000000 | Src: src/btc_mining_engine.c:503 engine_ptmc_swap()
[40729502578029] METRIC #588: btc_ptmc_accept = 0.9394112740 | Src: src/btc_mining_engine.c:503 engine_ptmc_swap()
[40729503137119] METRIC #589: btc_ptmc_rep_hot = 6.0000000000 | Src: src/btc_mining_engine.c:503 engine_ptmc_swap()
[40729503559069] METRIC #590: btc_ptmc_rep_cold = 5.0000000000 | Src: src/btc_mining_engine.c:503 engine_ptmc_swap()
[40729503986229] METRIC #591: btc_ptmc_accept = 0.9642889574 | Src: src/btc_mining_engine.c:503 engine_ptmc_swap()
[40729504375249] METRIC #592: btc_ptmc_rep_hot = 7.0000000000 | Src: src/btc_mining_engine.c:503 engine_ptmc_swap()
[40729504806669] METRIC #593: btc_ptmc_rep_cold = 6.0000000000 | Src: src/btc_mining_engine.c:503 engine_ptmc_swap()
[40729505288729] METRIC #594: btc_ptmc_accept = 0.9767447714 | Src: src/btc_mining_engine.c:503 engine_ptmc_swap()
[40729595974731] METRIC #595: btc_ptmc_rep_hot = 1.0000000000 | Src: src/btc_mining_engine.c:503 engine_ptmc_swap()
[40729596440091] METRIC #596: btc_ptmc_rep_cold = 0.0000000000 | Src: src/btc_mining_engine.c:503 engine_ptmc_swap()
[40729596798101] METRIC #597: btc_ptmc_accept = 1.0000000000 | Src: src/btc_mining_engine.c:503 engine_ptmc_swap()
[40729597279051] METRIC #598: btc_ptmc_rep_hot = 2.0000000000 | Src: src/btc_mining_engine.c:503 engine_ptmc_swap()
[40729597666531] METRIC #599: btc_ptmc_rep_cold = 1.0000000000 | Src: src/btc_mining_engine.c:503 engine_ptmc_swap()
[40729598089801] METRIC #600: btc_ptmc_accept = 1.0000000000 | Src: src/btc_mining_engine.c:503 engine_ptmc_swap()
[40729598501891] METRIC #601: btc_ptmc_rep_hot = 3.0000000000 | Src: src/btc_mining_engine.c:503 engine_ptmc_swap()
[40729598926711] METRIC #602: btc_ptmc_rep_cold = 2.0000000000 | Src: src/btc_mining_engine.c:503 engine_ptmc_swap()
[40729599332411] METRIC #603: btc_ptmc_accept = 1.0000000000 | Src: src/btc_mining_engine.c:503 engine_ptmc_swap()
[40729599783131] METRIC #604: btc_ptmc_rep_hot = 4.0000000000 | Src: src/btc_mining_engine.c:503 engine_ptmc_swap()
[40729600228571] METRIC #605: btc_ptmc_rep_cold = 3.0000000000 | Src: src/btc_mining_engine.c:503 engine_ptmc_swap()
[40729600646091] METRIC #606: btc_ptmc_accept = 1.0000000000 | Src: src/btc_mining_engine.c:503 engine_ptmc_swap()
[40729601122371] METRIC #607: btc_ptmc_rep_hot = 5.0000000000 | Src: src/btc_mining_engine.c:503 engine_ptmc_swap()
[40729601545491] METRIC #608: btc_ptmc_rep_cold = 4.0000000000 | Src: src/btc_mining_engine.c:503 engine_ptmc_swap()
[40729601908971] METRIC #609: btc_ptmc_accept = 1.0000000000 | Src: src/btc_mining_engine.c:503 engine_ptmc_swap()
[40729602326211] METRIC #610: btc_ptmc_rep_hot = 6.0000000000 | Src: src/btc_mining_engine.c:503 engine_ptmc_swap()
[40729602734601] METRIC #611: btc_ptmc_rep_cold = 5.0000000000 | Src: src/btc_mining_engine.c:503 engine_ptmc_swap()
[40729603146481] METRIC #612: btc_ptmc_accept = 1.0000000000 | Src: src/btc_mining_engine.c:503 engine_ptmc_swap()
[40729603504791] METRIC #613: btc_ptmc_rep_hot = 7.0000000000 | Src: src/btc_mining_engine.c:503 engine_ptmc_swap()
[40729603880001] METRIC #614: btc_ptmc_rep_cold = 6.0000000000 | Src: src/btc_mining_engine.c:503 engine_ptmc_swap()
[40729604287251] METRIC #615: btc_ptmc_accept = 1.0000000000 | Src: src/btc_mining_engine.c:503 engine_ptmc_swap()
[40729698085264] METRIC #616: btc_ptmc_rep_hot = 1.0000000000 | Src: src/btc_mining_engine.c:503 engine_ptmc_swap()
[40729698466804] METRIC #617: btc_ptmc_rep_cold = 0.0000000000 | Src: src/btc_mining_engine.c:503 engine_ptmc_swap()
[40729698782264] METRIC #618: btc_ptmc_accept = 1.0000000000 | Src: src/btc_mining_engine.c:503 engine_ptmc_swap()
[40729699203774] METRIC #619: btc_ptmc_rep_hot = 2.0000000000 | Src: src/btc_mining_engine.c:503 engine_ptmc_swap()
[40729699538134] METRIC #620: btc_ptmc_rep_cold = 1.0000000000 | Src: src/btc_mining_engine.c:503 engine_ptmc_swap()
[40729699841024] METRIC #621: btc_ptmc_accept = 1.0000000000 | Src: src/btc_mining_engine.c:503 engine_ptmc_swap()
[40729700337584] METRIC #622: btc_ptmc_rep_hot = 3.0000000000 | Src: src/btc_mining_engine.c:503 engine_ptmc_swap()
[40729700727714] METRIC #623: btc_ptmc_rep_cold = 2.0000000000 | Src: src/btc_mining_engine.c:503 engine_ptmc_swap()
[40729701179984] METRIC #624: btc_ptmc_accept = 0.8464868258 | Src: src/btc_mining_engine.c:503 engine_ptmc_swap()
[40729701521634] METRIC #625: btc_ptmc_rep_hot = 4.0000000000 | Src: src/btc_mining_engine.c:503 engine_ptmc_swap()
[40729701868494] METRIC #626: btc_ptmc_rep_cold = 3.0000000000 | Src: src/btc_mining_engine.c:503 engine_ptmc_swap()
[40729702309334] METRIC #627: btc_ptmc_accept = 0.9048393810 | Src: src/btc_mining_engine.c:503 engine_ptmc_swap()
[40729702715684] METRIC #628: btc_ptmc_rep_hot = 5.0000000000 | Src: src/btc_mining_engine.c:503 engine_ptmc_swap()
[40729703109324] METRIC #629: btc_ptmc_rep_cold = 4.0000000000 | Src: src/btc_mining_engine.c:503 engine_ptmc_swap()
[40729703487534] METRIC #630: btc_ptmc_accept = 0.9394138589 | Src: src/btc_mining_engine.c:503 engine_ptmc_swap()
[40729703991494] METRIC #631: btc_ptmc_rep_hot = 6.0000000000 | Src: src/btc_mining_engine.c:503 engine_ptmc_swap()
[40729704415124] METRIC #632: btc_ptmc_rep_cold = 5.0000000000 | Src: src/btc_mining_engine.c:503 engine_ptmc_swap()
[40729704816684] METRIC #633: btc_ptmc_accept = 1.0000000000 | Src: src/btc_mining_engine.c:503 engine_ptmc_swap()
[40729705363434] METRIC #634: btc_ptmc_rep_hot = 7.0000000000 | Src: src/btc_mining_engine.c:503 engine_ptmc_swap()
[40729705741734] METRIC #635: btc_ptmc_rep_cold = 6.0000000000 | Src: src/btc_mining_engine.c:503 engine_ptmc_swap()
[40729706192234] METRIC #636: btc_ptmc_accept = 0.9767447714 | Src: src/btc_mining_engine.c:503 engine_ptmc_swap()
[40729798475996] METRIC #637: btc_ptmc_rep_hot = 1.0000000000 | Src: src/btc_mining_engine.c:503 engine_ptmc_swap()
[40729798884326] METRIC #638: btc_ptmc_rep_cold = 0.0000000000 | Src: src/btc_mining_engine.c:503 engine_ptmc_swap()
[40729799239546] METRIC #639: btc_ptmc_accept = 1.0000000000 | Src: src/btc_mining_engine.c:503 engine_ptmc_swap()
[40729799602086] METRIC #640: btc_ptmc_rep_hot = 2.0000000000 | Src: src/btc_mining_engine.c:503 engine_ptmc_swap()
[40729799944626] METRIC #641: btc_ptmc_rep_cold = 1.0000000000 | Src: src/btc_mining_engine.c:503 engine_ptmc_swap()
[40729800334196] METRIC #642: btc_ptmc_accept = 1.0000000000 | Src: src/btc_mining_engine.c:503 engine_ptmc_swap()
[40729800684946] METRIC #643: btc_ptmc_rep_hot = 3.0000000000 | Src: src/btc_mining_engine.c:503 engine_ptmc_swap()
[40729800984776] METRIC #644: btc_ptmc_rep_cold = 2.0000000000 | Src: src/btc_mining_engine.c:503 engine_ptmc_swap()
[40729801364886] METRIC #645: btc_ptmc_accept = 1.0000000000 | Src: src/btc_mining_engine.c:503 engine_ptmc_swap()
[40729801666256] METRIC #646: btc_ptmc_rep_hot = 4.0000000000 | Src: src/btc_mining_engine.c:503 engine_ptmc_swap()
[40729801962656] METRIC #647: btc_ptmc_rep_cold = 3.0000000000 | Src: src/btc_mining_engine.c:503 engine_ptmc_swap()
[40729802326966] METRIC #648: btc_ptmc_accept = 1.0000000000 | Src: src/btc_mining_engine.c:503 engine_ptmc_swap()
[40729802650416] METRIC #649: btc_ptmc_rep_hot = 5.0000000000 | Src: src/btc_mining_engine.c:503 engine_ptmc_swap()
[40729803070266] METRIC #650: btc_ptmc_rep_cold = 4.0000000000 | Src: src/btc_mining_engine.c:503 engine_ptmc_swap()
[40729803429666] METRIC #651: btc_ptmc_accept = 1.0000000000 | Src: src/btc_mining_engine.c:503 engine_ptmc_swap()
[40729803752606] METRIC #652: btc_ptmc_rep_hot = 6.0000000000 | Src: src/btc_mining_engine.c:503 engine_ptmc_swap()
[40729804095846] METRIC #653: btc_ptmc_rep_cold = 5.0000000000 | Src: src/btc_mining_engine.c:503 engine_ptmc_swap()
[40729804402446] METRIC #654: btc_ptmc_accept = 1.0000000000 | Src: src/btc_mining_engine.c:503 engine_ptmc_swap()
[40729804686236] METRIC #655: btc_ptmc_rep_hot = 7.0000000000 | Src: src/btc_mining_engine.c:503 engine_ptmc_swap()
[40729804989446] METRIC #656: btc_ptmc_rep_cold = 6.0000000000 | Src: src/btc_mining_engine.c:503 engine_ptmc_swap()
[40729805397986] METRIC #657: btc_ptmc_accept = 1.0000000000 | Src: src/btc_mining_engine.c:503 engine_ptmc_swap()
[40729900128708] METRIC #658: btc_ptmc_rep_hot = 1.0000000000 | Src: src/btc_mining_engine.c:503 engine_ptmc_swap()
[40729900598738] METRIC #659: btc_ptmc_rep_cold = 0.0000000000 | Src: src/btc_mining_engine.c:503 engine_ptmc_swap()
[40729901525858] METRIC #660: btc_ptmc_accept = 1.0000000000 | Src: src/btc_mining_engine.c:503 engine_ptmc_swap()
[40729902074738] METRIC #661: btc_ptmc_rep_hot = 2.0000000000 | Src: src/btc_mining_engine.c:503 engine_ptmc_swap()
[40729902526638] METRIC #662: btc_ptmc_rep_cold = 1.0000000000 | Src: src/btc_mining_engine.c:503 engine_ptmc_swap()
[40729902957978] METRIC #663: btc_ptmc_accept = 1.0000000000 | Src: src/btc_mining_engine.c:503 engine_ptmc_swap()
[40729903458588] METRIC #664: btc_ptmc_rep_hot = 3.0000000000 | Src: src/btc_mining_engine.c:503 engine_ptmc_swap()
[40729903879848] METRIC #665: btc_ptmc_rep_cold = 2.0000000000 | Src: src/btc_mining_engine.c:503 engine_ptmc_swap()
[40729904358238] METRIC #666: btc_ptmc_accept = 1.0000000000 | Src: src/btc_mining_engine.c:503 engine_ptmc_swap()
[40729904771368] METRIC #667: btc_ptmc_rep_hot = 4.0000000000 | Src: src/btc_mining_engine.c:503 engine_ptmc_swap()
[40729905348078] METRIC #668: btc_ptmc_rep_cold = 3.0000000000 | Src: src/btc_mining_engine.c:503 engine_ptmc_swap()
[40729905844888] METRIC #669: btc_ptmc_accept = 1.0000000000 | Src: src/btc_mining_engine.c:503 engine_ptmc_swap()
[40729906226318] METRIC #670: btc_ptmc_rep_hot = 5.0000000000 | Src: src/btc_mining_engine.c:503 engine_ptmc_swap()
[40729906595408] METRIC #671: btc_ptmc_rep_cold = 4.0000000000 | Src: src/btc_mining_engine.c:503 engine_ptmc_swap()
[40729906975068] METRIC #672: btc_ptmc_accept = 1.0000000000 | Src: src/btc_mining_engine.c:503 engine_ptmc_swap()
[40729907376898] METRIC #673: btc_ptmc_rep_hot = 6.0000000000 | Src: src/btc_mining_engine.c:503 engine_ptmc_swap()
[40729907795578] METRIC #674: btc_ptmc_rep_cold = 5.0000000000 | Src: src/btc_mining_engine.c:503 engine_ptmc_swap()
[40729908279628] METRIC #675: btc_ptmc_accept = 1.0000000000 | Src: src/btc_mining_engine.c:503 engine_ptmc_swap()
[40729908685978] METRIC #676: btc_ptmc_rep_hot = 7.0000000000 | Src: src/btc_mining_engine.c:503 engine_ptmc_swap()
[40729909134608] METRIC #677: btc_ptmc_rep_cold = 6.0000000000 | Src: src/btc_mining_engine.c:503 engine_ptmc_swap()
[40729909654328] METRIC #678: btc_ptmc_accept = 1.0000000000 | Src: src/btc_mining_engine.c:503 engine_ptmc_swap()
[40730000163291] METRIC #679: btc_ptmc_rep_hot = 1.0000000000 | Src: src/btc_mining_engine.c:503 engine_ptmc_swap()
[40730000614400] METRIC #680: btc_ptmc_rep_cold = 0.0000000000 | Src: src/btc_mining_engine.c:503 engine_ptmc_swap()
[40730001114440] METRIC #681: btc_ptmc_accept = 1.0000000000 | Src: src/btc_mining_engine.c:503 engine_ptmc_swap()
[40730001518611] METRIC #682: btc_ptmc_rep_hot = 2.0000000000 | Src: src/btc_mining_engine.c:503 engine_ptmc_swap()
[40730001900551] METRIC #683: btc_ptmc_rep_cold = 1.0000000000 | Src: src/btc_mining_engine.c:503 engine_ptmc_swap()
[40730002332471] METRIC #684: btc_ptmc_accept = 0.7165313106 | Src: src/btc_mining_engine.c:503 engine_ptmc_swap()
[40730002795081] METRIC #685: btc_ptmc_rep_hot = 3.0000000000 | Src: src/btc_mining_engine.c:503 engine_ptmc_swap()
[40730003331491] METRIC #686: btc_ptmc_rep_cold = 2.0000000000 | Src: src/btc_mining_engine.c:503 engine_ptmc_swap()
[40730003759581] METRIC #687: btc_ptmc_accept = 1.0000000000 | Src: src/btc_mining_engine.c:503 engine_ptmc_swap()
[40730004247481] METRIC #688: btc_ptmc_rep_hot = 4.0000000000 | Src: src/btc_mining_engine.c:503 engine_ptmc_swap()
[40730004693221] METRIC #689: btc_ptmc_rep_cold = 3.0000000000 | Src: src/btc_mining_engine.c:503 engine_ptmc_swap()
[40730005093541] METRIC #690: btc_ptmc_accept = 0.9048374180 | Src: src/btc_mining_engine.c:503 engine_ptmc_swap()
[40730005451241] METRIC #691: btc_ptmc_rep_hot = 5.0000000000 | Src: src/btc_mining_engine.c:503 engine_ptmc_swap()
[40730005819631] METRIC #692: btc_ptmc_rep_cold = 4.0000000000 | Src: src/btc_mining_engine.c:503 engine_ptmc_swap()
[40730006310471] METRIC #693: btc_ptmc_accept = 1.0000000000 | Src: src/btc_mining_engine.c:503 engine_ptmc_swap()
[40730006712721] METRIC #694: btc_ptmc_rep_hot = 6.0000000000 | Src: src/btc_mining_engine.c:503 engine_ptmc_swap()
[40730007163651] METRIC #695: btc_ptmc_rep_cold = 5.0000000000 | Src: src/btc_mining_engine.c:503 engine_ptmc_swap()
[40730007533471] METRIC #696: btc_ptmc_accept = 0.9642895790 | Src: src/btc_mining_engine.c:503 engine_ptmc_swap()
[40730007917171] METRIC #697: btc_ptmc_rep_hot = 7.0000000000 | Src: src/btc_mining_engine.c:503 engine_ptmc_swap()
[40730008394451] METRIC #698: btc_ptmc_rep_cold = 6.0000000000 | Src: src/btc_mining_engine.c:503 engine_ptmc_swap()
[40730008805831] METRIC #699: btc_ptmc_accept = 0.9767452464 | Src: src/btc_mining_engine.c:503 engine_ptmc_swap()
[40730100965493] METRIC #700: btc_ptmc_rep_hot = 1.0000000000 | Src: src/btc_mining_engine.c:503 engine_ptmc_swap()
[40730101449853] METRIC #701: btc_ptmc_rep_cold = 0.0000000000 | Src: src/btc_mining_engine.c:503 engine_ptmc_swap()
[40730101806733] METRIC #702: btc_ptmc_accept = 1.0000000000 | Src: src/btc_mining_engine.c:503 engine_ptmc_swap()
[40730102254813] METRIC #703: btc_ptmc_rep_hot = 2.0000000000 | Src: src/btc_mining_engine.c:505 engine_ptmc_swap()
[40730102663273] METRIC #704: btc_ptmc_rep_cold = 1.0000000000 | Src: src/btc_mining_engine.c:505 engine_ptmc_swap()
[40730103141563] METRIC #705: btc_ptmc_accept = -0.5133725145 | Src: src/btc_mining_engine.c:505 engine_ptmc_swap()
[40730103658193] METRIC #706: btc_ptmc_rep_hot = 3.0000000000 | Src: src/btc_mining_engine.c:503 engine_ptmc_swap()
[40730104111763] METRIC #707: btc_ptmc_rep_cold = 2.0000000000 | Src: src/btc_mining_engine.c:503 engine_ptmc_swap()
[40730104521113] METRIC #708: btc_ptmc_accept = 0.8464725326 | Src: src/btc_mining_engine.c:503 engine_ptmc_swap()
[40730104941843] METRIC #709: btc_ptmc_rep_hot = 4.0000000000 | Src: src/btc_mining_engine.c:503 engine_ptmc_swap()
[40730105460083] METRIC #710: btc_ptmc_rep_cold = 3.0000000000 | Src: src/btc_mining_engine.c:503 engine_ptmc_swap()
[40730105842643] METRIC #711: btc_ptmc_accept = 1.0000000000 | Src: src/btc_mining_engine.c:503 engine_ptmc_swap()
[40730106247973] METRIC #712: btc_ptmc_rep_hot = 5.0000000000 | Src: src/btc_mining_engine.c:503 engine_ptmc_swap()
[40730106612593] METRIC #713: btc_ptmc_rep_cold = 4.0000000000 | Src: src/btc_mining_engine.c:503 engine_ptmc_swap()
[40730106985863] METRIC #714: btc_ptmc_accept = 0.9394116283 | Src: src/btc_mining_engine.c:503 engine_ptmc_swap()
[40730107401153] METRIC #715: btc_ptmc_rep_hot = 6.0000000000 | Src: src/btc_mining_engine.c:503 engine_ptmc_swap()
[40730107770783] METRIC #716: btc_ptmc_rep_cold = 5.0000000000 | Src: src/btc_mining_engine.c:503 engine_ptmc_swap()
[40730108166693] METRIC #717: btc_ptmc_accept = 0.9642890805 | Src: src/btc_mining_engine.c:503 engine_ptmc_swap()
[40730108546073] METRIC #718: btc_ptmc_rep_hot = 7.0000000000 | Src: src/btc_mining_engine.c:503 engine_ptmc_swap()
[40730108922113] METRIC #719: btc_ptmc_rep_cold = 6.0000000000 | Src: src/btc_mining_engine.c:503 engine_ptmc_swap()
[40730109303783] METRIC #720: btc_ptmc_accept = 1.0000000000 | Src: src/btc_mining_engine.c:503 engine_ptmc_swap()
[40730149115834] METRIC #721: btc_nonces_total = 1288913.0000000000 | Src: src/btc_mining_engine.c:914 btc_engine_run()
[40730149458044] METRIC #722: btc_elapsed_s = 3.0006609700 | Src: src/btc_mining_engine.c:915 btc_engine_run()
[40730149761744] METRIC #723: btc_hashrate_mhs_final = 0.4295430283 | Src: src/btc_mining_engine.c:916 btc_engine_run()
[40730150107004] METRIC #724: btc_best_leading_zeros = 19.0000000000 | Src: src/btc_mining_engine.c:917 btc_engine_run()
[40730150413344] METRIC #725: btc_best_nonce_final = 536934640.0000000000 | Src: src/btc_mining_engine.c:918 btc_engine_run()
[40730150748414] METRIC #726: btc_block_valid = 0.0000000000 | Src: src/btc_mining_engine.c:919 btc_engine_run()
[40730151194044] METRIC #727: btc_hashrate_gate_pass = 1.0000000000 | Src: src/btc_mining_engine.c:926 btc_engine_run()
[40730151584054] METRIC #728: btc_memory_gate_pass = 1.0000000000 | Src: src/btc_mining_engine.c:929 btc_engine_run()
[40730152039894] TEST_END: btc_engine_run | SUCCÈS | Durée: 3003584940 ns (3003.585 ms) | Src: src/btc_mining_engine.c:940 btc_engine_run()
[40730152436014] METRIC #729: btc_nx48_csv_saved = 1.0000000000 | Src: src/nx48_btc_controller.c:484 nx48_btc_save_csv()
[40732148706660] METRIC #730: btc_ram_available_mb_end = 18177.0000000000 | Src: src/btc_mining_engine.c:954 btc_engine_run()
[40732149325820] METRIC #731: btc_nx48_csv_saved = 1.0000000000 | Src: src/nx48_btc_controller.c:484 nx48_btc_save_csv()
[40732149638110] METRIC #732: btc_memory_gate_pass = 1.0000000000 | Src: src/main_btc_mining.c:355 main()
[40732149944960] TEST_END: main_btc_mining | SUCCÈS | Durée: 5001490006 ns (5001.490 ms) | Src: src/main_btc_mining.c:356 main()
[40732150114060] METRIC #733: btc_wallet_destroyed = 1.0000000000 | Src: src/btc_wallet.c:423 btc_wallet_destroy()
