event,timestamp_utc,timestamp_ns,pid,detail,value
INIT,2026-04-15T15:32:38Z,15887862736137,2752,activation,100PCT_INCONDITIONNELLE
INIT,2026-04-15T15:32:38Z,15887862736137,2752,modules_reels,ultra_forensic_logger_v3+memory_tracker
INIT,2026-04-15T15:32:38Z,15887862736137,2752,version,3.0_cycle17_NL03_NV01_NV02_AC01_NANO_ANOMALY_FIX_RAM01
HW_SAMPLE,2026-04-15T15:32:38Z,15887862736137,2752,init:cpu_delta_pct,0.0000
HW_SAMPLE,2026-04-15T15:32:38Z,15887862736137,2752,init:mem_used_pct,70.4602
HW_SAMPLE,2026-04-15T15:32:38Z,15887862736137,2752,init:mem_total_kb,65847776
HW_SAMPLE,2026-04-15T15:32:38Z,15887862736137,2752,init:mem_avail_kb,19451292
HW_SAMPLE,2026-04-15T15:32:38Z,15887862736137,2752,init:vm_rss_kb,3808
HW_SAMPLE,2026-04-15T15:32:38Z,15887862736137,2752,init:vm_peak_kb,14724
MODULE_START,2026-04-15T15:32:38Z,15887864787787,2752,btc_qm_engine,main_btc_mining
METRIC,2026-04-15T15:32:38Z,15887864952357,2752,btc_qm_engine:btc_run_mode_hash,66.0000000000
METRIC,2026-04-15T15:32:38Z,15888021289878,2752,btc_qm_engine:btc_module_version,17.0000000000
METRIC,2026-04-15T15:32:38Z,15888022517468,2752,btc_qm_engine:btc_nx48_init_loaded,0.0000000000
METRIC,2026-04-15T15:32:38Z,15888022963888,2752,btc_qm_engine:btc_nx48_delta_nonce_scale,1.0000000000
METRIC,2026-04-15T15:32:38Z,15888023489008,2752,btc_qm_engine:btc_nx48_n_replicas_scale,1.0000000000
METRIC,2026-04-15T15:32:38Z,15888023949868,2752,btc_qm_engine:btc_nx48_swap_temp_scale,1.0000000000
METRIC,2026-04-15T15:32:38Z,15888024421148,2752,btc_qm_engine:btc_nx48_batch_size_scale,1.0000000000
METRIC,2026-04-15T15:32:38Z,15888024865008,2752,btc_qm_engine:btc_nx48_exploration_bias,0.5000000000
METRIC,2026-04-15T15:32:38Z,15888025325818,2752,btc_qm_engine:btc_nx48_neuron_count,2.0000000000
METRIC,2026-04-15T15:32:38Z,15888025920548,2752,btc_qm_engine:btc_sha256_self_test_pass,1.0000000000
METRIC,2026-04-15T15:32:38Z,15888026442368,2752,btc_qm_engine:btc_wallet_from_privkey_start,1.0000000000
METRIC,2026-04-15T15:32:38Z,15888031975278,2752,btc_qm_engine:btc_wallet_from_privkey_ok,1.0000000000
METRIC,2026-04-15T15:32:38Z,15888033350668,2752,btc_qm_engine:btc_wallet_saved_json,1.0000000000
METRIC,2026-04-15T15:32:38Z,15888034018518,2752,btc_qm_engine:btc_sha256_self_test_pass,1.0000000000
METRIC,2026-04-15T15:32:38Z,15888034475668,2752,btc_qm_engine:btc_integrity_gate_pass,1.0000000000
METRIC,2026-04-15T15:32:38Z,15888035827828,2752,btc_qm_engine:btc_ram_available_mb_start,18994.0000000000
MODULE_START,2026-04-15T15:32:38Z,15888036318408,2752,btc_qm_engine,btc_engine_create
METRIC,2026-04-15T15:32:38Z,15888036460668,2752,btc_qm_engine:btc_n_replicas,8.0000000000
METRIC,2026-04-15T15:32:38Z,15888036863808,2752,btc_qm_engine:btc_n_threads,2.0000000000
METRIC,2026-04-15T15:32:38Z,15888037316878,2752,btc_qm_engine:btc_batch_size,512.0000000000
METRIC,2026-04-15T15:32:38Z,15888037691348,2752,btc_qm_engine:btc_nonce_start,0.0000000000
METRIC,2026-04-15T15:32:38Z,15888038105828,2752,btc_qm_engine:btc_nonce_end,4294967295.0000000000
METRIC,2026-04-15T15:32:38Z,15888038494878,2752,btc_qm_engine:btc_duration_s,2.0000000000
METRIC,2026-04-15T15:32:38Z,15888038873568,2752,btc_qm_engine:btc_replica_idx,0.0000000000
METRIC,2026-04-15T15:32:38Z,15888039259818,2752,btc_qm_engine:btc_replica_nonce,0.0000000000
METRIC,2026-04-15T15:32:38Z,15888039659498,2752,btc_qm_engine:btc_replica_temp,1.0000000000
METRIC,2026-04-15T15:32:38Z,15888040089748,2752,btc_qm_engine:btc_replica_leading,0.0000000000
METRIC,2026-04-15T15:32:38Z,15888040516138,2752,btc_qm_engine:btc_replica_idx,1.0000000000
METRIC,2026-04-15T15:32:38Z,15888040939068,2752,btc_qm_engine:btc_replica_nonce,536870911.0000000000
METRIC,2026-04-15T15:32:38Z,15888041413728,2752,btc_qm_engine:btc_replica_temp,2.0000000000
METRIC,2026-04-15T15:32:38Z,15888041808368,2752,btc_qm_engine:btc_replica_leading,0.0000000000
METRIC,2026-04-15T15:32:38Z,15888042239268,2752,btc_qm_engine:btc_replica_idx,2.0000000000
METRIC,2026-04-15T15:32:38Z,15888042669408,2752,btc_qm_engine:btc_replica_nonce,1073741822.0000000000
METRIC,2026-04-15T15:32:38Z,15888043317548,2752,btc_qm_engine:btc_replica_temp,4.0000000000
METRIC,2026-04-15T15:32:38Z,15888043791438,2752,btc_qm_engine:btc_replica_leading,0.0000000000
METRIC,2026-04-15T15:32:38Z,15888044689778,2752,btc_qm_engine:btc_replica_idx,3.0000000000
METRIC,2026-04-15T15:32:38Z,15888045163658,2752,btc_qm_engine:btc_replica_nonce,1610612733.0000000000
METRIC,2026-04-15T15:32:38Z,15888045588818,2752,btc_qm_engine:btc_replica_temp,8.0000000000
METRIC,2026-04-15T15:32:38Z,15888046111008,2752,btc_qm_engine:btc_replica_leading,0.0000000000
METRIC,2026-04-15T15:32:38Z,15888046605438,2752,btc_qm_engine:btc_replica_idx,4.0000000000
METRIC,2026-04-15T15:32:38Z,15888047111088,2752,btc_qm_engine:btc_replica_nonce,2147483644.0000000000
METRIC,2026-04-15T15:32:38Z,15888047577238,2752,btc_qm_engine:btc_replica_temp,12.0000000000
METRIC,2026-04-15T15:32:38Z,15888048116398,2752,btc_qm_engine:btc_replica_leading,0.0000000000
METRIC,2026-04-15T15:32:38Z,15888048579128,2752,btc_qm_engine:btc_replica_idx,5.0000000000
METRIC,2026-04-15T15:32:38Z,15888049076418,2752,btc_qm_engine:btc_replica_nonce,2684354555.0000000000
METRIC,2026-04-15T15:32:38Z,15888049573568,2752,btc_qm_engine:btc_replica_temp,20.0000000000
METRIC,2026-04-15T15:32:38Z,15888050093528,2752,btc_qm_engine:btc_replica_leading,0.0000000000
METRIC,2026-04-15T15:32:38Z,15888050622538,2752,btc_qm_engine:btc_replica_idx,6.0000000000
METRIC,2026-04-15T15:32:38Z,15888051139148,2752,btc_qm_engine:btc_replica_nonce,3221225466.0000000000
METRIC,2026-04-15T15:32:38Z,15888051651268,2752,btc_qm_engine:btc_replica_temp,35.0000000000
METRIC,2026-04-15T15:32:38Z,15888052239138,2752,btc_qm_engine:btc_replica_leading,0.0000000000
METRIC,2026-04-15T15:32:38Z,15888052741678,2752,btc_qm_engine:btc_replica_idx,7.0000000000
METRIC,2026-04-15T15:32:38Z,15888053349978,2752,btc_qm_engine:btc_replica_nonce,3758096377.0000000000
METRIC,2026-04-15T15:32:38Z,15888053876798,2752,btc_qm_engine:btc_replica_temp,50.0000000000
METRIC,2026-04-15T15:32:38Z,15888054508778,2752,btc_qm_engine:btc_replica_leading,0.0000000000
METRIC,2026-04-15T15:32:38Z,15888055058038,2752,btc_qm_engine:btc_midstate_applied,1.0000000000
THREAD,2026-04-15T15:32:38Z,15888055986978,2752,btc_qm_engine:btc_mining_worker_START,140249988196032
METRIC,2026-04-15T15:32:38Z,15888056253338,2752,btc_qm_engine:btc_block_nonce,3702933076.0000000000
THREAD,2026-04-15T15:32:38Z,15888056634098,2752,btc_qm_engine:btc_mining_worker_START,140249979803328
METRIC,2026-04-15T15:32:38Z,15888057452748,2752,btc_qm_engine:btc_best_leading_zeros,1.0000000000
METRIC,2026-04-15T15:32:38Z,15888058109958,2752,btc_qm_engine:btc_block_valid,0.0000000000
METRIC,2026-04-15T15:32:38Z,15888058729198,2752,btc_qm_engine:btc_threads_launched,2.0000000000
ANOMALY,2026-04-15T15:32:38Z,15888059373538,2752,btc_qm_engine:btc_near_miss_or_valid,1.0000000000
METRIC,2026-04-15T15:32:38Z,15888199553969,2752,btc_qm_engine:btc_best_leading_zeros,1.0000000000
METRIC,2026-04-15T15:32:38Z,15888200473529,2752,btc_qm_engine:btc_nx48_csv_saved,1.0000000000
METRIC,2026-04-15T15:32:38Z,15888200990909,2752,btc_qm_engine:btc_block_nonce,3702900731.0000000000
METRIC,2026-04-15T15:32:38Z,15888201549269,2752,btc_qm_engine:btc_best_leading_zeros,2.0000000000
METRIC,2026-04-15T15:32:38Z,15888202016089,2752,btc_qm_engine:btc_block_valid,0.0000000000
ANOMALY,2026-04-15T15:32:38Z,15888202531339,2752,btc_qm_engine:btc_near_miss_or_valid,2.0000000000
METRIC,2026-04-15T15:32:38Z,15888203058489,2752,btc_qm_engine:btc_best_leading_zeros,2.0000000000
METRIC,2026-04-15T15:32:38Z,15888203795939,2752,btc_qm_engine:btc_nx48_csv_saved,1.0000000000
METRIC,2026-04-15T15:32:38Z,15888204312969,2752,btc_qm_engine:btc_block_nonce,1280327360.0000000000
METRIC,2026-04-15T15:32:38Z,15888204764779,2752,btc_qm_engine:btc_best_leading_zeros,4.0000000000
METRIC,2026-04-15T15:32:38Z,15888205244759,2752,btc_qm_engine:btc_block_valid,0.0000000000
ANOMALY,2026-04-15T15:32:38Z,15888205654529,2752,btc_qm_engine:btc_near_miss_or_valid,4.0000000000
METRIC,2026-04-15T15:32:38Z,15888206314419,2752,btc_qm_engine:btc_best_leading_zeros,4.0000000000
METRIC,2026-04-15T15:32:38Z,15888207151439,2752,btc_qm_engine:btc_nx48_csv_saved,1.0000000000
METRIC,2026-04-15T15:32:38Z,15888209286769,2752,btc_qm_engine:btc_block_nonce,3301575141.0000000000
METRIC,2026-04-15T15:32:38Z,15888209768209,2752,btc_qm_engine:btc_best_leading_zeros,9.0000000000
METRIC,2026-04-15T15:32:38Z,15888210234099,2752,btc_qm_engine:btc_block_valid,0.0000000000
ANOMALY,2026-04-15T15:32:38Z,15888210727349,2752,btc_qm_engine:btc_near_miss_or_valid,9.0000000000
METRIC,2026-04-15T15:32:38Z,15888211261249,2752,btc_qm_engine:btc_best_leading_zeros,9.0000000000
METRIC,2026-04-15T15:32:38Z,15888212010479,2752,btc_qm_engine:btc_nx48_csv_saved,1.0000000000
METRIC,2026-04-15T15:32:38Z,15888214231839,2752,btc_qm_engine:btc_ptmc_rep_hot,1.0000000000
METRIC,2026-04-15T15:32:38Z,15888214773559,2752,btc_qm_engine:btc_ptmc_rep_cold,0.0000000000
METRIC,2026-04-15T15:32:38Z,15888215269139,2752,btc_qm_engine:btc_ptmc_accept,1.0000000000
METRIC,2026-04-15T15:32:38Z,15888215714170,2752,btc_qm_engine:btc_ptmc_rep_hot,2.0000000000
METRIC,2026-04-15T15:32:38Z,15888216223190,2752,btc_qm_engine:btc_ptmc_rep_cold,1.0000000000
METRIC,2026-04-15T15:32:38Z,15888216729689,2752,btc_qm_engine:btc_ptmc_accept,1.0000000000
METRIC,2026-04-15T15:32:38Z,15888217421180,2752,btc_qm_engine:btc_ptmc_rep_hot,3.0000000000
METRIC,2026-04-15T15:32:38Z,15888217885470,2752,btc_qm_engine:btc_ptmc_rep_cold,2.0000000000
METRIC,2026-04-15T15:32:38Z,15888218315330,2752,btc_qm_engine:btc_ptmc_accept,1.0000000000
METRIC,2026-04-15T15:32:38Z,15888218741850,2752,btc_qm_engine:btc_ptmc_rep_hot,4.0000000000
METRIC,2026-04-15T15:32:38Z,15888219304159,2752,btc_qm_engine:btc_ptmc_rep_cold,3.0000000000
METRIC,2026-04-15T15:32:38Z,15888219766849,2752,btc_qm_engine:btc_ptmc_accept,1.0000000000
METRIC,2026-04-15T15:32:38Z,15888220205399,2752,btc_qm_engine:btc_ptmc_rep_hot,5.0000000000
METRIC,2026-04-15T15:32:38Z,15888220649750,2752,btc_qm_engine:btc_ptmc_rep_cold,4.0000000000
METRIC,2026-04-15T15:32:38Z,15888221158120,2752,btc_qm_engine:btc_ptmc_accept,1.0000000000
METRIC,2026-04-15T15:32:38Z,15888221749100,2752,btc_qm_engine:btc_block_nonce,203572169.0000000000
METRIC,2026-04-15T15:32:38Z,15888222467580,2752,btc_qm_engine:btc_best_leading_zeros,12.0000000000
METRIC,2026-04-15T15:32:38Z,15888222967870,2752,btc_qm_engine:btc_block_valid,0.0000000000
ANOMALY,2026-04-15T15:32:38Z,15888223471450,2752,btc_qm_engine:btc_near_miss_or_valid,12.0000000000
METRIC,2026-04-15T15:32:38Z,15888223499700,2752,btc_qm_engine:btc_ptmc_rep_hot,6.0000000000
METRIC,2026-04-15T15:32:38Z,15888224279190,2752,btc_qm_engine:btc_best_leading_zeros,12.0000000000
METRIC,2026-04-15T15:32:38Z,15888224881990,2752,btc_qm_engine:btc_ptmc_rep_cold,5.0000000000
METRIC,2026-04-15T15:32:38Z,15888225494700,2752,btc_qm_engine:btc_ptmc_accept,1.0000000000
METRIC,2026-04-15T15:32:38Z,15888225985930,2752,btc_qm_engine:btc_nx48_csv_saved,1.0000000000
METRIC,2026-04-15T15:32:38Z,15888226485470,2752,btc_qm_engine:btc_ptmc_rep_hot,7.0000000000
METRIC,2026-04-15T15:32:38Z,15888227113150,2752,btc_qm_engine:btc_ptmc_rep_cold,6.0000000000
METRIC,2026-04-15T15:32:38Z,15888227611730,2752,btc_qm_engine:btc_ptmc_accept,1.0000000000
METRIC,2026-04-15T15:32:38Z,15888317942310,2752,btc_qm_engine:btc_ptmc_rep_hot,1.0000000000
METRIC,2026-04-15T15:32:38Z,15888318481990,2752,btc_qm_engine:btc_ptmc_rep_cold,0.0000000000
METRIC,2026-04-15T15:32:38Z,15888318937970,2752,btc_qm_engine:btc_ptmc_accept,1.0000000000
METRIC,2026-04-15T15:32:38Z,15888319714500,2752,btc_qm_engine:btc_ptmc_rep_hot,2.0000000000
METRIC,2026-04-15T15:32:38Z,15888320297010,2752,btc_qm_engine:btc_ptmc_rep_cold,1.0000000000
METRIC,2026-04-15T15:32:38Z,15888320959320,2752,btc_qm_engine:btc_ptmc_accept,1.0000000000
METRIC,2026-04-15T15:32:38Z,15888321533570,2752,btc_qm_engine:btc_ptmc_rep_hot,3.0000000000
METRIC,2026-04-15T15:32:38Z,15888322064450,2752,btc_qm_engine:btc_ptmc_rep_cold,2.0000000000
METRIC,2026-04-15T15:32:38Z,15888322521300,2752,btc_qm_engine:btc_ptmc_accept,1.0000000000
METRIC,2026-04-15T15:32:38Z,15888322962630,2752,btc_qm_engine:btc_ptmc_rep_hot,4.0000000000
METRIC,2026-04-15T15:32:38Z,15888323480060,2752,btc_qm_engine:btc_ptmc_rep_cold,3.0000000000
METRIC,2026-04-15T15:32:38Z,15888323996500,2752,btc_qm_engine:btc_ptmc_accept,1.0000000000
METRIC,2026-04-15T15:32:38Z,15888325305520,2752,btc_qm_engine:btc_ptmc_rep_hot,5.0000000000
METRIC,2026-04-15T15:32:38Z,15888325734290,2752,btc_qm_engine:btc_ptmc_rep_cold,4.0000000000
METRIC,2026-04-15T15:32:38Z,15888326244900,2752,btc_qm_engine:btc_ptmc_accept,1.0000000000
METRIC,2026-04-15T15:32:38Z,15888326701150,2752,btc_qm_engine:btc_ptmc_rep_hot,6.0000000000
METRIC,2026-04-15T15:32:38Z,15888327227430,2752,btc_qm_engine:btc_ptmc_rep_cold,5.0000000000
METRIC,2026-04-15T15:32:38Z,15888327691500,2752,btc_qm_engine:btc_ptmc_accept,1.0000000000
METRIC,2026-04-15T15:32:38Z,15888328148950,2752,btc_qm_engine:btc_ptmc_rep_hot,7.0000000000
METRIC,2026-04-15T15:32:38Z,15888328752590,2752,btc_qm_engine:btc_ptmc_rep_cold,6.0000000000
METRIC,2026-04-15T15:32:38Z,15888329190890,2752,btc_qm_engine:btc_ptmc_accept,1.0000000000
METRIC,2026-04-15T15:32:38Z,15888420284611,2752,btc_qm_engine:btc_ptmc_rep_hot,1.0000000000
METRIC,2026-04-15T15:32:38Z,15888420828311,2752,btc_qm_engine:btc_ptmc_rep_cold,0.0000000000
METRIC,2026-04-15T15:32:38Z,15888421331761,2752,btc_qm_engine:btc_ptmc_accept,-0.5136174742
METRIC,2026-04-15T15:32:38Z,15888421966701,2752,btc_qm_engine:btc_ptmc_rep_hot,2.0000000000
METRIC,2026-04-15T15:32:38Z,15888422567721,2752,btc_qm_engine:btc_ptmc_rep_cold,1.0000000000
METRIC,2026-04-15T15:32:38Z,15888422977761,2752,btc_qm_engine:btc_ptmc_accept,1.0000000000
METRIC,2026-04-15T15:32:38Z,15888423481401,2752,btc_qm_engine:btc_ptmc_rep_hot,3.0000000000
METRIC,2026-04-15T15:32:38Z,15888423939101,2752,btc_qm_engine:btc_ptmc_rep_cold,2.0000000000
METRIC,2026-04-15T15:32:38Z,15888424497171,2752,btc_qm_engine:btc_ptmc_accept,1.0000000000
METRIC,2026-04-15T15:32:38Z,15888424957311,2752,btc_qm_engine:btc_ptmc_rep_hot,4.0000000000
METRIC,2026-04-15T15:32:38Z,15888425433751,2752,btc_qm_engine:btc_ptmc_rep_cold,3.0000000000
METRIC,2026-04-15T15:32:38Z,15888425830991,2752,btc_qm_engine:btc_ptmc_accept,1.0000000000
METRIC,2026-04-15T15:32:38Z,15888426278921,2752,btc_qm_engine:btc_ptmc_rep_hot,5.0000000000
METRIC,2026-04-15T15:32:38Z,15888426709401,2752,btc_qm_engine:btc_ptmc_rep_cold,4.0000000000
METRIC,2026-04-15T15:32:38Z,15888427197901,2752,btc_qm_engine:btc_ptmc_accept,1.0000000000
METRIC,2026-04-15T15:32:38Z,15888427662401,2752,btc_qm_engine:btc_ptmc_rep_hot,6.0000000000
METRIC,2026-04-15T15:32:38Z,15888428172971,2752,btc_qm_engine:btc_ptmc_rep_cold,5.0000000000
METRIC,2026-04-15T15:32:38Z,15888428832181,2752,btc_qm_engine:btc_ptmc_accept,1.0000000000
METRIC,2026-04-15T15:32:38Z,15888429300421,2752,btc_qm_engine:btc_ptmc_rep_hot,7.0000000000
METRIC,2026-04-15T15:32:38Z,15888429715151,2752,btc_qm_engine:btc_ptmc_rep_cold,6.0000000000
METRIC,2026-04-15T15:32:38Z,15888430262631,2752,btc_qm_engine:btc_ptmc_accept,1.0000000000
METRIC,2026-04-15T15:32:38Z,15888524402372,2752,btc_qm_engine:btc_ptmc_rep_hot,1.0000000000
METRIC,2026-04-15T15:32:38Z,15888524931522,2752,btc_qm_engine:btc_ptmc_rep_cold,0.0000000000
METRIC,2026-04-15T15:32:38Z,15888525583062,2752,btc_qm_engine:btc_ptmc_accept,-0.0696187850
METRIC,2026-04-15T15:32:38Z,15888526230002,2752,btc_qm_engine:btc_ptmc_rep_hot,2.0000000000
METRIC,2026-04-15T15:32:38Z,15888526749552,2752,btc_qm_engine:btc_ptmc_rep_cold,1.0000000000
METRIC,2026-04-15T15:32:38Z,15888527192682,2752,btc_qm_engine:btc_ptmc_accept,-0.7165485813
METRIC,2026-04-15T15:32:38Z,15888527629922,2752,btc_qm_engine:btc_ptmc_rep_hot,3.0000000000
METRIC,2026-04-15T15:32:38Z,15888528102222,2752,btc_qm_engine:btc_ptmc_rep_cold,2.0000000000
METRIC,2026-04-15T15:32:38Z,15888528444832,2752,btc_qm_engine:btc_ptmc_accept,1.0000000000
METRIC,2026-04-15T15:32:38Z,15888528831212,2752,btc_qm_engine:btc_ptmc_rep_hot,4.0000000000
METRIC,2026-04-15T15:32:38Z,15888529224632,2752,btc_qm_engine:btc_ptmc_rep_cold,3.0000000000
METRIC,2026-04-15T15:32:38Z,15888529568932,2752,btc_qm_engine:btc_ptmc_accept,1.0000000000
METRIC,2026-04-15T15:32:38Z,15888529897652,2752,btc_qm_engine:btc_ptmc_rep_hot,5.0000000000
METRIC,2026-04-15T15:32:38Z,15888530349392,2752,btc_qm_engine:btc_ptmc_rep_cold,4.0000000000
METRIC,2026-04-15T15:32:38Z,15888530928562,2752,btc_qm_engine:btc_ptmc_accept,1.0000000000
METRIC,2026-04-15T15:32:38Z,15888531411242,2752,btc_qm_engine:btc_ptmc_rep_hot,6.0000000000
METRIC,2026-04-15T15:32:38Z,15888531778662,2752,btc_qm_engine:btc_ptmc_rep_cold,5.0000000000
METRIC,2026-04-15T15:32:38Z,15888532305882,2752,btc_qm_engine:btc_ptmc_accept,1.0000000000
METRIC,2026-04-15T15:32:38Z,15888532736552,2752,btc_qm_engine:btc_ptmc_rep_hot,7.0000000000
METRIC,2026-04-15T15:32:38Z,15888533168132,2752,btc_qm_engine:btc_ptmc_rep_cold,6.0000000000
METRIC,2026-04-15T15:32:38Z,15888533528622,2752,btc_qm_engine:btc_ptmc_accept,1.0000000000
METRIC,2026-04-15T15:32:38Z,15888624694203,2752,btc_qm_engine:btc_ptmc_rep_hot,1.0000000000
METRIC,2026-04-15T15:32:38Z,15888625357943,2752,btc_qm_engine:btc_ptmc_rep_cold,0.0000000000
METRIC,2026-04-15T15:32:38Z,15888625769013,2752,btc_qm_engine:btc_ptmc_accept,1.0000000000
METRIC,2026-04-15T15:32:38Z,15888626189543,2752,btc_qm_engine:btc_ptmc_rep_hot,2.0000000000
METRIC,2026-04-15T15:32:38Z,15888626625263,2752,btc_qm_engine:btc_ptmc_rep_cold,1.0000000000
METRIC,2026-04-15T15:32:38Z,15888627113773,2752,btc_qm_engine:btc_ptmc_accept,-0.7165701146
METRIC,2026-04-15T15:32:38Z,15888627633113,2752,btc_qm_engine:btc_ptmc_rep_hot,3.0000000000
METRIC,2026-04-15T15:32:38Z,15888628175523,2752,btc_qm_engine:btc_ptmc_rep_cold,2.0000000000
METRIC,2026-04-15T15:32:38Z,15888628677563,2752,btc_qm_engine:btc_ptmc_accept,1.0000000000
METRIC,2026-04-15T15:32:38Z,15888629206953,2752,btc_qm_engine:btc_ptmc_rep_hot,4.0000000000
METRIC,2026-04-15T15:32:38Z,15888629715423,2752,btc_qm_engine:btc_ptmc_rep_cold,3.0000000000
METRIC,2026-04-15T15:32:38Z,15888630237603,2752,btc_qm_engine:btc_ptmc_accept,1.0000000000
METRIC,2026-04-15T15:32:38Z,15888630730873,2752,btc_qm_engine:btc_ptmc_rep_hot,5.0000000000
METRIC,2026-04-15T15:32:38Z,15888631277643,2752,btc_qm_engine:btc_ptmc_rep_cold,4.0000000000
METRIC,2026-04-15T15:32:38Z,15888631718893,2752,btc_qm_engine:btc_ptmc_accept,1.0000000000
METRIC,2026-04-15T15:32:38Z,15888632178683,2752,btc_qm_engine:btc_ptmc_rep_hot,6.0000000000
METRIC,2026-04-15T15:32:38Z,15888632618843,2752,btc_qm_engine:btc_ptmc_rep_cold,5.0000000000
METRIC,2026-04-15T15:32:38Z,15888633082063,2752,btc_qm_engine:btc_ptmc_accept,1.0000000000
METRIC,2026-04-15T15:32:38Z,15888633566053,2752,btc_qm_engine:btc_ptmc_rep_hot,7.0000000000
METRIC,2026-04-15T15:32:38Z,15888634073363,2752,btc_qm_engine:btc_ptmc_rep_cold,6.0000000000
METRIC,2026-04-15T15:32:38Z,15888634527723,2752,btc_qm_engine:btc_ptmc_accept,1.0000000000
METRIC,2026-04-15T15:32:38Z,15888721818834,2752,btc_qm_engine:btc_block_nonce,1562304168.0000000000
METRIC,2026-04-15T15:32:38Z,15888722242174,2752,btc_qm_engine:btc_best_leading_zeros,16.0000000000
METRIC,2026-04-15T15:32:38Z,15888722634104,2752,btc_qm_engine:btc_block_valid,0.0000000000
ANOMALY,2026-04-15T15:32:38Z,15888722948534,2752,btc_qm_engine:btc_near_miss_or_valid,16.0000000000
METRIC,2026-04-15T15:32:38Z,15888723366854,2752,btc_qm_engine:btc_best_leading_zeros,16.0000000000
METRIC,2026-04-15T15:32:38Z,15888724083444,2752,btc_qm_engine:btc_nx48_csv_saved,1.0000000000
METRIC,2026-04-15T15:32:38Z,15888725244574,2752,btc_qm_engine:btc_ptmc_rep_hot,1.0000000000
METRIC,2026-04-15T15:32:38Z,15888725704894,2752,btc_qm_engine:btc_ptmc_rep_cold,0.0000000000
METRIC,2026-04-15T15:32:38Z,15888726242984,2752,btc_qm_engine:btc_ptmc_accept,1.0000000000
METRIC,2026-04-15T15:32:38Z,15888726788374,2752,btc_qm_engine:btc_ptmc_rep_hot,2.0000000000
METRIC,2026-04-15T15:32:38Z,15888727373184,2752,btc_qm_engine:btc_ptmc_rep_cold,1.0000000000
METRIC,2026-04-15T15:32:38Z,15888727870114,2752,btc_qm_engine:btc_ptmc_accept,0.7165624298
METRIC,2026-04-15T15:32:38Z,15888728436914,2752,btc_qm_engine:btc_ptmc_rep_hot,3.0000000000
METRIC,2026-04-15T15:32:38Z,15888728755544,2752,btc_qm_engine:btc_ptmc_rep_cold,2.0000000000
METRIC,2026-04-15T15:32:38Z,15888729083374,2752,btc_qm_engine:btc_ptmc_accept,0.8464909161
METRIC,2026-04-15T15:32:38Z,15888729370514,2752,btc_qm_engine:btc_ptmc_rep_hot,4.0000000000
METRIC,2026-04-15T15:32:38Z,15888729653344,2752,btc_qm_engine:btc_ptmc_rep_cold,3.0000000000
METRIC,2026-04-15T15:32:38Z,15888729983544,2752,btc_qm_engine:btc_ptmc_accept,0.9048409551
METRIC,2026-04-15T15:32:38Z,15888730467184,2752,btc_qm_engine:btc_ptmc_rep_hot,5.0000000000
METRIC,2026-04-15T15:32:38Z,15888730835954,2752,btc_qm_engine:btc_ptmc_rep_cold,4.0000000000
METRIC,2026-04-15T15:32:38Z,15888731159934,2752,btc_qm_engine:btc_ptmc_accept,0.9394144973
METRIC,2026-04-15T15:32:38Z,15888731487774,2752,btc_qm_engine:btc_ptmc_rep_hot,6.0000000000
METRIC,2026-04-15T15:32:38Z,15888731781174,2752,btc_qm_engine:btc_ptmc_rep_cold,5.0000000000
METRIC,2026-04-15T15:32:38Z,15888732134464,2752,btc_qm_engine:btc_ptmc_accept,-0.9642900774
METRIC,2026-04-15T15:32:38Z,15888732475214,2752,btc_qm_engine:btc_ptmc_rep_hot,7.0000000000
METRIC,2026-04-15T15:32:38Z,15888732765894,2752,btc_qm_engine:btc_ptmc_rep_cold,6.0000000000
METRIC,2026-04-15T15:32:38Z,15888733093294,2752,btc_qm_engine:btc_ptmc_accept,1.0000000000
METRIC,2026-04-15T15:32:39Z,15888817624085,2752,btc_qm_engine:btc_block_nonce,2772869959.0000000000
METRIC,2026-04-15T15:32:39Z,15888818193715,2752,btc_qm_engine:btc_best_leading_zeros,20.0000000000
METRIC,2026-04-15T15:32:39Z,15888818654175,2752,btc_qm_engine:btc_block_valid,0.0000000000
ANOMALY,2026-04-15T15:32:39Z,15888819180344,2752,btc_qm_engine:btc_near_miss_or_valid,20.0000000000
METRIC,2026-04-15T15:32:39Z,15888819725404,2752,btc_qm_engine:btc_best_leading_zeros,20.0000000000
METRIC,2026-04-15T15:32:39Z,15888820595485,2752,btc_qm_engine:btc_nx48_csv_saved,1.0000000000
METRIC,2026-04-15T15:32:39Z,15888825809305,2752,btc_qm_engine:btc_ptmc_rep_hot,1.0000000000
METRIC,2026-04-15T15:32:39Z,15888826346505,2752,btc_qm_engine:btc_ptmc_rep_cold,0.0000000000
METRIC,2026-04-15T15:32:39Z,15888826788535,2752,btc_qm_engine:btc_ptmc_accept,-0.5134171190
METRIC,2026-04-15T15:32:39Z,15888827304295,2752,btc_qm_engine:btc_ptmc_rep_hot,2.0000000000
METRIC,2026-04-15T15:32:39Z,15888827763985,2752,btc_qm_engine:btc_ptmc_rep_cold,1.0000000000
METRIC,2026-04-15T15:32:39Z,15888828235255,2752,btc_qm_engine:btc_ptmc_accept,0.7165313106
METRIC,2026-04-15T15:32:39Z,15888828730135,2752,btc_qm_engine:btc_ptmc_rep_hot,3.0000000000
METRIC,2026-04-15T15:32:39Z,15888829321225,2752,btc_qm_engine:btc_ptmc_rep_cold,2.0000000000
METRIC,2026-04-15T15:32:39Z,15888829783245,2752,btc_qm_engine:btc_ptmc_accept,0.8464817249
METRIC,2026-04-15T15:32:39Z,15888830290475,2752,btc_qm_engine:btc_ptmc_rep_hot,4.0000000000
METRIC,2026-04-15T15:32:39Z,15888830950955,2752,btc_qm_engine:btc_ptmc_rep_cold,3.0000000000
METRIC,2026-04-15T15:32:39Z,15888831461475,2752,btc_qm_engine:btc_ptmc_accept,0.9048374180
METRIC,2026-04-15T15:32:39Z,15888831916785,2752,btc_qm_engine:btc_ptmc_rep_hot,5.0000000000
METRIC,2026-04-15T15:32:39Z,15888832476175,2752,btc_qm_engine:btc_ptmc_rep_cold,4.0000000000
METRIC,2026-04-15T15:32:39Z,15888832929125,2752,btc_qm_engine:btc_ptmc_accept,1.0000000000
METRIC,2026-04-15T15:32:39Z,15888833466515,2752,btc_qm_engine:btc_ptmc_rep_hot,6.0000000000
METRIC,2026-04-15T15:32:39Z,15888834074315,2752,btc_qm_engine:btc_ptmc_rep_cold,5.0000000000
METRIC,2026-04-15T15:32:39Z,15888834629975,2752,btc_qm_engine:btc_ptmc_accept,0.9642895790
METRIC,2026-04-15T15:32:39Z,15888835152945,2752,btc_qm_engine:btc_ptmc_rep_hot,7.0000000000
METRIC,2026-04-15T15:32:39Z,15888835605265,2752,btc_qm_engine:btc_ptmc_rep_cold,6.0000000000
METRIC,2026-04-15T15:32:39Z,15888836148735,2752,btc_qm_engine:btc_ptmc_accept,0.9767452464
METRIC,2026-04-15T15:32:39Z,15888927533815,2752,btc_qm_engine:btc_ptmc_rep_hot,1.0000000000
METRIC,2026-04-15T15:32:39Z,15888928162215,2752,btc_qm_engine:btc_ptmc_rep_cold,0.0000000000
METRIC,2026-04-15T15:32:39Z,15888928612665,2752,btc_qm_engine:btc_ptmc_accept,1.0000000000
METRIC,2026-04-15T15:32:39Z,15888929110725,2752,btc_qm_engine:btc_ptmc_rep_hot,2.0000000000
METRIC,2026-04-15T15:32:39Z,15888930350895,2752,btc_qm_engine:btc_ptmc_rep_cold,1.0000000000
METRIC,2026-04-15T15:32:39Z,15888930982185,2752,btc_qm_engine:btc_ptmc_accept,1.0000000000
METRIC,2026-04-15T15:32:39Z,15888931542655,2752,btc_qm_engine:btc_ptmc_rep_hot,3.0000000000
METRIC,2026-04-15T15:32:39Z,15888932224356,2752,btc_qm_engine:btc_ptmc_rep_cold,2.0000000000
METRIC,2026-04-15T15:32:39Z,15888932709205,2752,btc_qm_engine:btc_ptmc_accept,1.0000000000
METRIC,2026-04-15T15:32:39Z,15888933177265,2752,btc_qm_engine:btc_ptmc_rep_hot,4.0000000000
METRIC,2026-04-15T15:32:39Z,15888933569125,2752,btc_qm_engine:btc_ptmc_rep_cold,3.0000000000
METRIC,2026-04-15T15:32:39Z,15888934133315,2752,btc_qm_engine:btc_ptmc_accept,1.0000000000
METRIC,2026-04-15T15:32:39Z,15888934663965,2752,btc_qm_engine:btc_ptmc_rep_hot,5.0000000000
METRIC,2026-04-15T15:32:39Z,15888935219105,2752,btc_qm_engine:btc_ptmc_rep_cold,4.0000000000
METRIC,2026-04-15T15:32:39Z,15888935701965,2752,btc_qm_engine:btc_ptmc_accept,1.0000000000
METRIC,2026-04-15T15:32:39Z,15888936284105,2752,btc_qm_engine:btc_ptmc_rep_hot,6.0000000000
METRIC,2026-04-15T15:32:39Z,15888936707686,2752,btc_qm_engine:btc_ptmc_rep_cold,5.0000000000
METRIC,2026-04-15T15:32:39Z,15888937170956,2752,btc_qm_engine:btc_ptmc_accept,1.0000000000
METRIC,2026-04-15T15:32:39Z,15888937591715,2752,btc_qm_engine:btc_ptmc_rep_hot,7.0000000000
METRIC,2026-04-15T15:32:39Z,15888938011155,2752,btc_qm_engine:btc_ptmc_rep_cold,6.0000000000
METRIC,2026-04-15T15:32:39Z,15888938463736,2752,btc_qm_engine:btc_ptmc_accept,1.0000000000
METRIC,2026-04-15T15:32:39Z,15889027838076,2752,btc_qm_engine:btc_ptmc_rep_hot,1.0000000000
METRIC,2026-04-15T15:32:39Z,15889028421496,2752,btc_qm_engine:btc_ptmc_rep_cold,0.0000000000
METRIC,2026-04-15T15:32:39Z,15889028852096,2752,btc_qm_engine:btc_ptmc_accept,-0.1354058228
METRIC,2026-04-15T15:32:39Z,15889029412826,2752,btc_qm_engine:btc_ptmc_rep_hot,2.0000000000
METRIC,2026-04-15T15:32:39Z,15889029822186,2752,btc_qm_engine:btc_ptmc_rep_cold,1.0000000000
METRIC,2026-04-15T15:32:39Z,15889030344036,2752,btc_qm_engine:btc_ptmc_accept,1.0000000000
METRIC,2026-04-15T15:32:39Z,15889030947816,2752,btc_qm_engine:btc_ptmc_rep_hot,3.0000000000
METRIC,2026-04-15T15:32:39Z,15889031397486,2752,btc_qm_engine:btc_ptmc_rep_cold,2.0000000000
METRIC,2026-04-15T15:32:39Z,15889031831766,2752,btc_qm_engine:btc_ptmc_accept,1.0000000000
METRIC,2026-04-15T15:32:39Z,15889032317336,2752,btc_qm_engine:btc_ptmc_rep_hot,4.0000000000
METRIC,2026-04-15T15:32:39Z,15889032775646,2752,btc_qm_engine:btc_ptmc_rep_cold,3.0000000000
METRIC,2026-04-15T15:32:39Z,15889033315866,2752,btc_qm_engine:btc_ptmc_accept,1.0000000000
METRIC,2026-04-15T15:32:39Z,15889033784596,2752,btc_qm_engine:btc_ptmc_rep_hot,5.0000000000
METRIC,2026-04-15T15:32:39Z,15889034453766,2752,btc_qm_engine:btc_ptmc_rep_cold,4.0000000000
METRIC,2026-04-15T15:32:39Z,15889034958756,2752,btc_qm_engine:btc_ptmc_accept,1.0000000000
METRIC,2026-04-15T15:32:39Z,15889035413716,2752,btc_qm_engine:btc_ptmc_rep_hot,6.0000000000
METRIC,2026-04-15T15:32:39Z,15889035866246,2752,btc_qm_engine:btc_ptmc_rep_cold,5.0000000000
METRIC,2026-04-15T15:32:39Z,15889036363916,2752,btc_qm_engine:btc_ptmc_accept,1.0000000000
METRIC,2026-04-15T15:32:39Z,15889036766136,2752,btc_qm_engine:btc_ptmc_rep_hot,7.0000000000
METRIC,2026-04-15T15:32:39Z,15889037219756,2752,btc_qm_engine:btc_ptmc_rep_cold,6.0000000000
METRIC,2026-04-15T15:32:39Z,15889037685676,2752,btc_qm_engine:btc_ptmc_accept,1.0000000000
METRIC,2026-04-15T15:32:39Z,15889128189897,2752,btc_qm_engine:btc_ptmc_rep_hot,1.0000000000
METRIC,2026-04-15T15:32:39Z,15889128738607,2752,btc_qm_engine:btc_ptmc_rep_cold,0.0000000000
METRIC,2026-04-15T15:32:39Z,15889129239777,2752,btc_qm_engine:btc_ptmc_accept,0.2638029098
METRIC,2026-04-15T15:32:39Z,15889130031937,2752,btc_qm_engine:btc_ptmc_rep_hot,2.0000000000
METRIC,2026-04-15T15:32:39Z,15889130529717,2752,btc_qm_engine:btc_ptmc_rep_cold,1.0000000000
METRIC,2026-04-15T15:32:39Z,15889130971467,2752,btc_qm_engine:btc_ptmc_accept,1.0000000000
METRIC,2026-04-15T15:32:39Z,15889132131077,2752,btc_qm_engine:btc_ptmc_rep_hot,3.0000000000
METRIC,2026-04-15T15:32:39Z,15889132682427,2752,btc_qm_engine:btc_ptmc_rep_cold,2.0000000000
METRIC,2026-04-15T15:32:39Z,15889133238027,2752,btc_qm_engine:btc_ptmc_accept,1.0000000000
METRIC,2026-04-15T15:32:39Z,15889133818107,2752,btc_qm_engine:btc_ptmc_rep_hot,4.0000000000
METRIC,2026-04-15T15:32:39Z,15889134409467,2752,btc_qm_engine:btc_ptmc_rep_cold,3.0000000000
METRIC,2026-04-15T15:32:39Z,15889134939627,2752,btc_qm_engine:btc_ptmc_accept,1.0000000000
METRIC,2026-04-15T15:32:39Z,15889135434487,2752,btc_qm_engine:btc_ptmc_rep_hot,5.0000000000
METRIC,2026-04-15T15:32:39Z,15889135886757,2752,btc_qm_engine:btc_ptmc_rep_cold,4.0000000000
METRIC,2026-04-15T15:32:39Z,15889136344977,2752,btc_qm_engine:btc_ptmc_accept,1.0000000000
METRIC,2026-04-15T15:32:39Z,15889136744437,2752,btc_qm_engine:btc_ptmc_rep_hot,6.0000000000
METRIC,2026-04-15T15:32:39Z,15889137145697,2752,btc_qm_engine:btc_ptmc_rep_cold,5.0000000000
METRIC,2026-04-15T15:32:39Z,15889137538447,2752,btc_qm_engine:btc_ptmc_accept,1.0000000000
METRIC,2026-04-15T15:32:39Z,15889138108597,2752,btc_qm_engine:btc_ptmc_rep_hot,7.0000000000
METRIC,2026-04-15T15:32:39Z,15889139283297,2752,btc_qm_engine:btc_ptmc_rep_cold,6.0000000000
METRIC,2026-04-15T15:32:39Z,15889139938857,2752,btc_qm_engine:btc_ptmc_accept,1.0000000000
METRIC,2026-04-15T15:32:39Z,15889230113468,2752,btc_qm_engine:btc_ptmc_rep_hot,1.0000000000
METRIC,2026-04-15T15:32:39Z,15889230756598,2752,btc_qm_engine:btc_ptmc_rep_cold,0.0000000000
METRIC,2026-04-15T15:32:39Z,15889231319648,2752,btc_qm_engine:btc_ptmc_accept,1.0000000000
METRIC,2026-04-15T15:32:39Z,15889231872708,2752,btc_qm_engine:btc_ptmc_rep_hot,2.0000000000
METRIC,2026-04-15T15:32:39Z,15889232408488,2752,btc_qm_engine:btc_ptmc_rep_cold,1.0000000000
METRIC,2026-04-15T15:32:39Z,15889232942498,2752,btc_qm_engine:btc_ptmc_accept,1.0000000000
METRIC,2026-04-15T15:32:39Z,15889233447028,2752,btc_qm_engine:btc_ptmc_rep_hot,3.0000000000
METRIC,2026-04-15T15:32:39Z,15889233851058,2752,btc_qm_engine:btc_ptmc_rep_cold,2.0000000000
METRIC,2026-04-15T15:32:39Z,15889234304868,2752,btc_qm_engine:btc_ptmc_accept,1.0000000000
METRIC,2026-04-15T15:32:39Z,15889234658558,2752,btc_qm_engine:btc_ptmc_rep_hot,4.0000000000
METRIC,2026-04-15T15:32:39Z,15889235027128,2752,btc_qm_engine:btc_ptmc_rep_cold,3.0000000000
METRIC,2026-04-15T15:32:39Z,15889235387058,2752,btc_qm_engine:btc_ptmc_accept,1.0000000000
METRIC,2026-04-15T15:32:39Z,15889235758808,2752,btc_qm_engine:btc_ptmc_rep_hot,5.0000000000
METRIC,2026-04-15T15:32:39Z,15889236143908,2752,btc_qm_engine:btc_ptmc_rep_cold,4.0000000000
METRIC,2026-04-15T15:32:39Z,15889236508418,2752,btc_qm_engine:btc_ptmc_accept,1.0000000000
METRIC,2026-04-15T15:32:39Z,15889236867358,2752,btc_qm_engine:btc_ptmc_rep_hot,6.0000000000
METRIC,2026-04-15T15:32:39Z,15889237245798,2752,btc_qm_engine:btc_ptmc_rep_cold,5.0000000000
METRIC,2026-04-15T15:32:39Z,15889237607358,2752,btc_qm_engine:btc_ptmc_accept,1.0000000000
METRIC,2026-04-15T15:32:39Z,15889237961788,2752,btc_qm_engine:btc_ptmc_rep_hot,7.0000000000
METRIC,2026-04-15T15:32:39Z,15889238330048,2752,btc_qm_engine:btc_ptmc_rep_cold,6.0000000000
METRIC,2026-04-15T15:32:39Z,15889238690028,2752,btc_qm_engine:btc_ptmc_accept,1.0000000000
METRIC,2026-04-15T15:32:39Z,15889331093149,2752,btc_qm_engine:btc_ptmc_rep_hot,1.0000000000
METRIC,2026-04-15T15:32:39Z,15889331656139,2752,btc_qm_engine:btc_ptmc_rep_cold,0.0000000000
METRIC,2026-04-15T15:32:39Z,15889332221919,2752,btc_qm_engine:btc_ptmc_accept,0.5136174742
METRIC,2026-04-15T15:32:39Z,15889332783619,2752,btc_qm_engine:btc_ptmc_rep_hot,2.0000000000
METRIC,2026-04-15T15:32:39Z,15889333242919,2752,btc_qm_engine:btc_ptmc_rep_cold,1.0000000000
METRIC,2026-04-15T15:32:39Z,15889333660419,2752,btc_qm_engine:btc_ptmc_accept,0.7165701146
METRIC,2026-04-15T15:32:39Z,15889334105629,2752,btc_qm_engine:btc_ptmc_rep_hot,3.0000000000
METRIC,2026-04-15T15:32:39Z,15889334536649,2752,btc_qm_engine:btc_ptmc_rep_cold,2.0000000000
METRIC,2026-04-15T15:32:39Z,15889334968989,2752,btc_qm_engine:btc_ptmc_accept,1.0000000000
METRIC,2026-04-15T15:32:39Z,15889335507419,2752,btc_qm_engine:btc_ptmc_rep_hot,4.0000000000
METRIC,2026-04-15T15:32:39Z,15889335929439,2752,btc_qm_engine:btc_ptmc_rep_cold,3.0000000000
METRIC,2026-04-15T15:32:39Z,15889336452839,2752,btc_qm_engine:btc_ptmc_accept,0.9048418286
METRIC,2026-04-15T15:32:39Z,15889336876919,2752,btc_qm_engine:btc_ptmc_rep_hot,5.0000000000
METRIC,2026-04-15T15:32:39Z,15889337504809,2752,btc_qm_engine:btc_ptmc_rep_cold,4.0000000000
METRIC,2026-04-15T15:32:39Z,15889337963909,2752,btc_qm_engine:btc_ptmc_accept,-0.9394148515
METRIC,2026-04-15T15:32:39Z,15889338458499,2752,btc_qm_engine:btc_ptmc_rep_hot,6.0000000000
METRIC,2026-04-15T15:32:39Z,15889338996479,2752,btc_qm_engine:btc_ptmc_rep_cold,5.0000000000
METRIC,2026-04-15T15:32:39Z,15889339473999,2752,btc_qm_engine:btc_ptmc_accept,1.0000000000
METRIC,2026-04-15T15:32:39Z,15889339931479,2752,btc_qm_engine:btc_ptmc_rep_hot,7.0000000000
METRIC,2026-04-15T15:32:39Z,15889340504989,2752,btc_qm_engine:btc_ptmc_rep_cold,6.0000000000
METRIC,2026-04-15T15:32:39Z,15889341065179,2752,btc_qm_engine:btc_ptmc_accept,1.0000000000
METRIC,2026-04-15T15:32:39Z,15889433661670,2752,btc_qm_engine:btc_ptmc_rep_hot,1.0000000000
METRIC,2026-04-15T15:32:39Z,15889434237070,2752,btc_qm_engine:btc_ptmc_rep_cold,0.0000000000
METRIC,2026-04-15T15:32:39Z,15889434712480,2752,btc_qm_engine:btc_ptmc_accept,0.5135063048
METRIC,2026-04-15T15:32:39Z,15889435324280,2752,btc_qm_engine:btc_ptmc_rep_hot,2.0000000000
METRIC,2026-04-15T15:32:39Z,15889435788040,2752,btc_qm_engine:btc_ptmc_rep_cold,1.0000000000
METRIC,2026-04-15T15:32:39Z,15889436313690,2752,btc_qm_engine:btc_ptmc_accept,1.0000000000
METRIC,2026-04-15T15:32:39Z,15889436862920,2752,btc_qm_engine:btc_ptmc_rep_hot,3.0000000000
METRIC,2026-04-15T15:32:39Z,15889437354750,2752,btc_qm_engine:btc_ptmc_rep_cold,2.0000000000
METRIC,2026-04-15T15:32:39Z,15889437865330,2752,btc_qm_engine:btc_ptmc_accept,0.8464909161
METRIC,2026-04-15T15:32:39Z,15889438389510,2752,btc_qm_engine:btc_ptmc_rep_hot,4.0000000000
METRIC,2026-04-15T15:32:39Z,15889438955260,2752,btc_qm_engine:btc_ptmc_rep_cold,3.0000000000
METRIC,2026-04-15T15:32:39Z,15889439485220,2752,btc_qm_engine:btc_ptmc_accept,1.0000000000
METRIC,2026-04-15T15:32:39Z,15889440211950,2752,btc_qm_engine:btc_ptmc_rep_hot,5.0000000000
METRIC,2026-04-15T15:32:39Z,15889440675410,2752,btc_qm_engine:btc_ptmc_rep_cold,4.0000000000
METRIC,2026-04-15T15:32:39Z,15889441206600,2752,btc_qm_engine:btc_ptmc_accept,0.9394144973
METRIC,2026-04-15T15:32:39Z,15889441679480,2752,btc_qm_engine:btc_ptmc_rep_hot,6.0000000000
METRIC,2026-04-15T15:32:39Z,15889442205580,2752,btc_qm_engine:btc_ptmc_rep_cold,5.0000000000
METRIC,2026-04-15T15:32:39Z,15889442666510,2752,btc_qm_engine:btc_ptmc_accept,0.9642900774
METRIC,2026-04-15T15:32:39Z,15889443179530,2752,btc_qm_engine:btc_ptmc_rep_hot,7.0000000000
METRIC,2026-04-15T15:32:39Z,15889443658050,2752,btc_qm_engine:btc_ptmc_rep_cold,6.0000000000
METRIC,2026-04-15T15:32:39Z,15889444180470,2752,btc_qm_engine:btc_ptmc_accept,0.9767452464
METRIC,2026-04-15T15:32:39Z,15889534357461,2752,btc_qm_engine:btc_ptmc_rep_hot,1.0000000000
METRIC,2026-04-15T15:32:39Z,15889534982590,2752,btc_qm_engine:btc_ptmc_rep_cold,0.0000000000
METRIC,2026-04-15T15:32:39Z,15889535580331,2752,btc_qm_engine:btc_ptmc_accept,1.0000000000
METRIC,2026-04-15T15:32:39Z,15889536114861,2752,btc_qm_engine:btc_ptmc_rep_hot,2.0000000000
METRIC,2026-04-15T15:32:39Z,15889536631761,2752,btc_qm_engine:btc_ptmc_rep_cold,1.0000000000
METRIC,2026-04-15T15:32:39Z,15889537143731,2752,btc_qm_engine:btc_ptmc_accept,1.0000000000
METRIC,2026-04-15T15:32:39Z,15889537739720,2752,btc_qm_engine:btc_ptmc_rep_hot,3.0000000000
METRIC,2026-04-15T15:32:39Z,15889538279020,2752,btc_qm_engine:btc_ptmc_rep_cold,2.0000000000
METRIC,2026-04-15T15:32:39Z,15889538795741,2752,btc_qm_engine:btc_ptmc_accept,1.0000000000
METRIC,2026-04-15T15:32:39Z,15889539435101,2752,btc_qm_engine:btc_ptmc_rep_hot,4.0000000000
METRIC,2026-04-15T15:32:39Z,15889539935701,2752,btc_qm_engine:btc_ptmc_rep_cold,3.0000000000
METRIC,2026-04-15T15:32:39Z,15889540496001,2752,btc_qm_engine:btc_ptmc_accept,1.0000000000
METRIC,2026-04-15T15:32:39Z,15889540920781,2752,btc_qm_engine:btc_ptmc_rep_hot,5.0000000000
METRIC,2026-04-15T15:32:39Z,15889541425881,2752,btc_qm_engine:btc_ptmc_rep_cold,4.0000000000
METRIC,2026-04-15T15:32:39Z,15889541934941,2752,btc_qm_engine:btc_ptmc_accept,1.0000000000
METRIC,2026-04-15T15:32:39Z,15889542572721,2752,btc_qm_engine:btc_ptmc_rep_hot,6.0000000000
METRIC,2026-04-15T15:32:39Z,15889543178971,2752,btc_qm_engine:btc_ptmc_rep_cold,5.0000000000
METRIC,2026-04-15T15:32:39Z,15889543709921,2752,btc_qm_engine:btc_ptmc_accept,1.0000000000
METRIC,2026-04-15T15:32:39Z,15889544216211,2752,btc_qm_engine:btc_ptmc_rep_hot,7.0000000000
METRIC,2026-04-15T15:32:39Z,15889544694801,2752,btc_qm_engine:btc_ptmc_rep_cold,6.0000000000
METRIC,2026-04-15T15:32:39Z,15889545270971,2752,btc_qm_engine:btc_ptmc_accept,1.0000000000
METRIC,2026-04-15T15:32:39Z,15889634987741,2752,btc_qm_engine:btc_ptmc_rep_hot,1.0000000000
METRIC,2026-04-15T15:32:39Z,15889635628091,2752,btc_qm_engine:btc_ptmc_rep_cold,0.0000000000
METRIC,2026-04-15T15:32:39Z,15889636190411,2752,btc_qm_engine:btc_ptmc_accept,-0.2635971381
METRIC,2026-04-15T15:32:39Z,15889636743191,2752,btc_qm_engine:btc_ptmc_rep_hot,2.0000000000
METRIC,2026-04-15T15:32:39Z,15889637278591,2752,btc_qm_engine:btc_ptmc_rep_cold,1.0000000000
METRIC,2026-04-15T15:32:39Z,15889637789401,2752,btc_qm_engine:btc_ptmc_accept,1.0000000000
METRIC,2026-04-15T15:32:39Z,15889638519311,2752,btc_qm_engine:btc_ptmc_rep_hot,3.0000000000
METRIC,2026-04-15T15:32:39Z,15889639081151,2752,btc_qm_engine:btc_ptmc_rep_cold,2.0000000000
METRIC,2026-04-15T15:32:39Z,15889639666641,2752,btc_qm_engine:btc_ptmc_accept,1.0000000000
METRIC,2026-04-15T15:32:39Z,15889640311581,2752,btc_qm_engine:btc_ptmc_rep_hot,4.0000000000
METRIC,2026-04-15T15:32:39Z,15889640798971,2752,btc_qm_engine:btc_ptmc_rep_cold,3.0000000000
METRIC,2026-04-15T15:32:39Z,15889641352641,2752,btc_qm_engine:btc_ptmc_accept,1.0000000000
METRIC,2026-04-15T15:32:39Z,15889641889511,2752,btc_qm_engine:btc_ptmc_rep_hot,5.0000000000
METRIC,2026-04-15T15:32:39Z,15889642306781,2752,btc_qm_engine:btc_ptmc_rep_cold,4.0000000000
METRIC,2026-04-15T15:32:39Z,15889642756631,2752,btc_qm_engine:btc_ptmc_accept,1.0000000000
METRIC,2026-04-15T15:32:39Z,15889643415621,2752,btc_qm_engine:btc_ptmc_rep_hot,6.0000000000
METRIC,2026-04-15T15:32:39Z,15889643871001,2752,btc_qm_engine:btc_ptmc_rep_cold,5.0000000000
METRIC,2026-04-15T15:32:39Z,15889644481811,2752,btc_qm_engine:btc_ptmc_accept,1.0000000000
METRIC,2026-04-15T15:32:39Z,15889644931151,2752,btc_qm_engine:btc_ptmc_rep_hot,7.0000000000
METRIC,2026-04-15T15:32:39Z,15889645531711,2752,btc_qm_engine:btc_ptmc_rep_cold,6.0000000000
METRIC,2026-04-15T15:32:39Z,15889645962811,2752,btc_qm_engine:btc_ptmc_accept,1.0000000000
METRIC,2026-04-15T15:32:39Z,15889735786562,2752,btc_qm_engine:btc_ptmc_rep_hot,1.0000000000
METRIC,2026-04-15T15:32:39Z,15889736385942,2752,btc_qm_engine:btc_ptmc_rep_cold,0.0000000000
METRIC,2026-04-15T15:32:39Z,15889736888512,2752,btc_qm_engine:btc_ptmc_accept,1.0000000000
METRIC,2026-04-15T15:32:39Z,15889737453312,2752,btc_qm_engine:btc_ptmc_rep_hot,2.0000000000
METRIC,2026-04-15T15:32:39Z,15889737955592,2752,btc_qm_engine:btc_ptmc_rep_cold,1.0000000000
METRIC,2026-04-15T15:32:39Z,15889738470962,2752,btc_qm_engine:btc_ptmc_accept,-0.3678196603
METRIC,2026-04-15T15:32:39Z,15889739082812,2752,btc_qm_engine:btc_ptmc_rep_hot,3.0000000000
METRIC,2026-04-15T15:32:39Z,15889739654712,2752,btc_qm_engine:btc_ptmc_rep_cold,2.0000000000
METRIC,2026-04-15T15:32:39Z,15889740327622,2752,btc_qm_engine:btc_ptmc_accept,1.0000000000
METRIC,2026-04-15T15:32:39Z,15889740824152,2752,btc_qm_engine:btc_ptmc_rep_hot,4.0000000000
METRIC,2026-04-15T15:32:39Z,15889741438312,2752,btc_qm_engine:btc_ptmc_rep_cold,3.0000000000
METRIC,2026-04-15T15:32:39Z,15889741953752,2752,btc_qm_engine:btc_ptmc_accept,1.0000000000
METRIC,2026-04-15T15:32:39Z,15889742484492,2752,btc_qm_engine:btc_ptmc_rep_hot,5.0000000000
METRIC,2026-04-15T15:32:39Z,15889743126602,2752,btc_qm_engine:btc_ptmc_rep_cold,4.0000000000
METRIC,2026-04-15T15:32:39Z,15889743669762,2752,btc_qm_engine:btc_ptmc_accept,1.0000000000
METRIC,2026-04-15T15:32:39Z,15889744174972,2752,btc_qm_engine:btc_ptmc_rep_hot,6.0000000000
METRIC,2026-04-15T15:32:39Z,15889744664562,2752,btc_qm_engine:btc_ptmc_rep_cold,5.0000000000
METRIC,2026-04-15T15:32:39Z,15889745187682,2752,btc_qm_engine:btc_ptmc_accept,1.0000000000
METRIC,2026-04-15T15:32:39Z,15889745731512,2752,btc_qm_engine:btc_ptmc_rep_hot,7.0000000000
METRIC,2026-04-15T15:32:39Z,15889746142052,2752,btc_qm_engine:btc_ptmc_rep_cold,6.0000000000
METRIC,2026-04-15T15:32:39Z,15889746506762,2752,btc_qm_engine:btc_ptmc_accept,1.0000000000
METRIC,2026-04-15T15:32:40Z,15889836549763,2752,btc_qm_engine:btc_ptmc_rep_hot,1.0000000000
METRIC,2026-04-15T15:32:40Z,15889837249113,2752,btc_qm_engine:btc_ptmc_rep_cold,0.0000000000
METRIC,2026-04-15T15:32:40Z,15889837880393,2752,btc_qm_engine:btc_ptmc_accept,1.0000000000
METRIC,2026-04-15T15:32:40Z,15889838574273,2752,btc_qm_engine:btc_ptmc_rep_hot,2.0000000000
METRIC,2026-04-15T15:32:40Z,15889839204643,2752,btc_qm_engine:btc_ptmc_rep_cold,1.0000000000
METRIC,2026-04-15T15:32:40Z,15889839687273,2752,btc_qm_engine:btc_ptmc_accept,1.0000000000
METRIC,2026-04-15T15:32:40Z,15889840428013,2752,btc_qm_engine:btc_ptmc_rep_hot,3.0000000000
METRIC,2026-04-15T15:32:40Z,15889841610513,2752,btc_qm_engine:btc_ptmc_rep_cold,2.0000000000
METRIC,2026-04-15T15:32:40Z,15889842182433,2752,btc_qm_engine:btc_ptmc_accept,1.0000000000
METRIC,2026-04-15T15:32:40Z,15889842694193,2752,btc_qm_engine:btc_ptmc_rep_hot,4.0000000000
METRIC,2026-04-15T15:32:40Z,15889845092753,2752,btc_qm_engine:btc_ptmc_rep_cold,3.0000000000
METRIC,2026-04-15T15:32:40Z,15889845583203,2752,btc_qm_engine:btc_ptmc_accept,1.0000000000
METRIC,2026-04-15T15:32:40Z,15889846055773,2752,btc_qm_engine:btc_ptmc_rep_hot,5.0000000000
METRIC,2026-04-15T15:32:40Z,15889846613163,2752,btc_qm_engine:btc_ptmc_rep_cold,4.0000000000
METRIC,2026-04-15T15:32:40Z,15889847152953,2752,btc_qm_engine:btc_ptmc_accept,1.0000000000
METRIC,2026-04-15T15:32:40Z,15889847599253,2752,btc_qm_engine:btc_ptmc_rep_hot,6.0000000000
METRIC,2026-04-15T15:32:40Z,15889848119953,2752,btc_qm_engine:btc_ptmc_rep_cold,5.0000000000
METRIC,2026-04-15T15:32:40Z,15889848574453,2752,btc_qm_engine:btc_ptmc_accept,1.0000000000
METRIC,2026-04-15T15:32:40Z,15889849096573,2752,btc_qm_engine:btc_ptmc_rep_hot,7.0000000000
METRIC,2026-04-15T15:32:40Z,15889849644513,2752,btc_qm_engine:btc_ptmc_rep_cold,6.0000000000
METRIC,2026-04-15T15:32:40Z,15889851456183,2752,btc_qm_engine:btc_ptmc_accept,1.0000000000
METRIC,2026-04-15T15:32:40Z,15889937864524,2752,btc_qm_engine:btc_ptmc_rep_hot,1.0000000000
METRIC,2026-04-15T15:32:40Z,15889938447814,2752,btc_qm_engine:btc_ptmc_rep_cold,0.0000000000
METRIC,2026-04-15T15:32:40Z,15889938966654,2752,btc_qm_engine:btc_ptmc_accept,1.0000000000
METRIC,2026-04-15T15:32:40Z,15889939444144,2752,btc_qm_engine:btc_ptmc_rep_hot,2.0000000000
METRIC,2026-04-15T15:32:40Z,15889939916994,2752,btc_qm_engine:btc_ptmc_rep_cold,1.0000000000
METRIC,2026-04-15T15:32:40Z,15889940474174,2752,btc_qm_engine:btc_ptmc_accept,1.0000000000
METRIC,2026-04-15T15:32:40Z,15889941107314,2752,btc_qm_engine:btc_ptmc_rep_hot,3.0000000000
METRIC,2026-04-15T15:32:40Z,15889941639404,2752,btc_qm_engine:btc_ptmc_rep_cold,2.0000000000
METRIC,2026-04-15T15:32:40Z,15889942097484,2752,btc_qm_engine:btc_ptmc_accept,1.0000000000
METRIC,2026-04-15T15:32:40Z,15889942519574,2752,btc_qm_engine:btc_ptmc_rep_hot,4.0000000000
METRIC,2026-04-15T15:32:40Z,15889943008164,2752,btc_qm_engine:btc_ptmc_rep_cold,3.0000000000
METRIC,2026-04-15T15:32:40Z,15889943604364,2752,btc_qm_engine:btc_ptmc_accept,1.0000000000
METRIC,2026-04-15T15:32:40Z,15889944077734,2752,btc_qm_engine:btc_ptmc_rep_hot,5.0000000000
METRIC,2026-04-15T15:32:40Z,15889944534394,2752,btc_qm_engine:btc_ptmc_rep_cold,4.0000000000
METRIC,2026-04-15T15:32:40Z,15889944968614,2752,btc_qm_engine:btc_ptmc_accept,1.0000000000
METRIC,2026-04-15T15:32:40Z,15889945433194,2752,btc_qm_engine:btc_ptmc_rep_hot,6.0000000000
METRIC,2026-04-15T15:32:40Z,15889945933654,2752,btc_qm_engine:btc_ptmc_rep_cold,5.0000000000
METRIC,2026-04-15T15:32:40Z,15889946443884,2752,btc_qm_engine:btc_ptmc_accept,1.0000000000
METRIC,2026-04-15T15:32:40Z,15889946868104,2752,btc_qm_engine:btc_ptmc_rep_hot,7.0000000000
METRIC,2026-04-15T15:32:40Z,15889947441824,2752,btc_qm_engine:btc_ptmc_rep_cold,6.0000000000
METRIC,2026-04-15T15:32:40Z,15889948007714,2752,btc_qm_engine:btc_ptmc_accept,1.0000000000
THREAD,2026-04-15T15:32:40Z,15890036613115,2752,btc_qm_engine:btc_mining_worker_END,140249979803328
THREAD,2026-04-15T15:32:40Z,15890037153305,2752,btc_qm_engine:btc_mining_worker_END,140249988196032
METRIC,2026-04-15T15:32:40Z,15890037543395,2752,btc_qm_engine:btc_nonces_total,677888.0000000000
METRIC,2026-04-15T15:32:40Z,15890038091185,2752,btc_qm_engine:btc_elapsed_s,2.0012248870
METRIC,2026-04-15T15:32:40Z,15890038585575,2752,btc_qm_engine:btc_hashrate_mhs_final,0.3387365430
METRIC,2026-04-15T15:32:40Z,15890039078065,2752,btc_qm_engine:btc_best_leading_zeros,20.0000000000
METRIC,2026-04-15T15:32:40Z,15890039530595,2752,btc_qm_engine:btc_best_nonce_final,2772869959.0000000000
METRIC,2026-04-15T15:32:40Z,15890039978835,2752,btc_qm_engine:btc_block_valid,0.0000000000
METRIC,2026-04-15T15:32:40Z,15890040478125,2752,btc_qm_engine:btc_hashrate_gate_pass,1.0000000000
METRIC,2026-04-15T15:32:40Z,15890040882645,2752,btc_qm_engine:btc_memory_gate_pass,1.0000000000
MODULE_END,2026-04-15T15:32:40Z,15890041421975,2752,btc_qm_engine:btc_engine_run,2005103567
METRIC,2026-04-15T15:32:40Z,15890041981865,2752,btc_qm_engine:btc_nx48_csv_saved,1.0000000000
METRIC,2026-04-15T15:32:43Z,15893036957310,2752,btc_qm_engine:btc_ram_available_mb_end,18988.0000000000
METRIC,2026-04-15T15:32:43Z,15893037854480,2752,btc_qm_engine:btc_nx48_csv_saved,1.0000000000
METRIC,2026-04-15T15:32:43Z,15893038395540,2752,btc_qm_engine:btc_memory_gate_pass,1.0000000000
MODULE_END,2026-04-15T15:32:43Z,15893038969950,2752,btc_qm_engine:main_btc_mining,5002651542
METRIC,2026-04-15T15:32:43Z,15893039206780,2752,btc_qm_engine:btc_wallet_destroyed,1.0000000000
HW_SAMPLE,2026-04-15T15:32:43Z,15893049808250,2752,shutdown:cpu_delta_pct,100.0000
HW_SAMPLE,2026-04-15T15:32:43Z,15893049808250,2752,shutdown:mem_used_pct,70.4701
HW_SAMPLE,2026-04-15T15:32:43Z,15893049808250,2752,shutdown:vm_rss_kb,7704
