event,timestamp_utc,timestamp_ns,pid,detail,value
INIT,2026-04-15T15:32:43Z,15893076326390,2756,activation,100PCT_INCONDITIONNELLE
INIT,2026-04-15T15:32:43Z,15893076326390,2756,modules_reels,ultra_forensic_logger_v3+memory_tracker
INIT,2026-04-15T15:32:43Z,15893076326390,2756,version,3.0_cycle17_NL03_NV01_NV02_AC01_NANO_ANOMALY_FIX_RAM01
HW_SAMPLE,2026-04-15T15:32:43Z,15893076326390,2756,init:cpu_delta_pct,0.0000
HW_SAMPLE,2026-04-15T15:32:43Z,15893076326390,2756,init:mem_used_pct,70.4708
HW_SAMPLE,2026-04-15T15:32:43Z,15893076326390,2756,init:mem_total_kb,65847776
HW_SAMPLE,2026-04-15T15:32:43Z,15893076326390,2756,init:mem_avail_kb,19444320
HW_SAMPLE,2026-04-15T15:32:43Z,15893076326390,2756,init:vm_rss_kb,3916
HW_SAMPLE,2026-04-15T15:32:43Z,15893076326390,2756,init:vm_peak_kb,14724
MODULE_START,2026-04-15T15:32:43Z,15893078464130,2756,btc_qm_engine,main_btc_mining
METRIC,2026-04-15T15:32:43Z,15893079151440,2756,btc_qm_engine:btc_run_mode_hash,66.0000000000
METRIC,2026-04-15T15:32:43Z,15893091178930,2756,btc_qm_engine:btc_module_version,17.0000000000
METRIC,2026-04-15T15:32:43Z,15893093805300,2756,btc_qm_engine:btc_nx48_init_loaded,0.0000000000
METRIC,2026-04-15T15:32:43Z,15893094422620,2756,btc_qm_engine:btc_nx48_delta_nonce_scale,1.0000000000
METRIC,2026-04-15T15:32:43Z,15893094872820,2756,btc_qm_engine:btc_nx48_n_replicas_scale,1.0000000000
METRIC,2026-04-15T15:32:43Z,15893096666410,2756,btc_qm_engine:btc_nx48_swap_temp_scale,1.0000000000
METRIC,2026-04-15T15:32:43Z,15893097191770,2756,btc_qm_engine:btc_nx48_batch_size_scale,1.0000000000
METRIC,2026-04-15T15:32:43Z,15893097658200,2756,btc_qm_engine:btc_nx48_exploration_bias,0.5000000000
METRIC,2026-04-15T15:32:43Z,15893098159850,2756,btc_qm_engine:btc_nx48_neuron_count,2.0000000000
METRIC,2026-04-15T15:32:43Z,15893098745700,2756,btc_qm_engine:btc_sha256_self_test_pass,1.0000000000
METRIC,2026-04-15T15:32:43Z,15893099787280,2756,btc_qm_engine:btc_wallet_from_privkey_start,1.0000000000
METRIC,2026-04-15T15:32:43Z,15893105956120,2756,btc_qm_engine:btc_wallet_from_privkey_ok,1.0000000000
METRIC,2026-04-15T15:32:43Z,15893132310971,2756,btc_qm_engine:btc_wallet_saved_json,1.0000000000
METRIC,2026-04-15T15:32:43Z,15893132937801,2756,btc_qm_engine:btc_sha256_self_test_pass,1.0000000000
METRIC,2026-04-15T15:32:43Z,15893133454871,2756,btc_qm_engine:btc_integrity_gate_pass,1.0000000000
METRIC,2026-04-15T15:32:43Z,15893135143201,2756,btc_qm_engine:btc_ram_available_mb_start,18989.0000000000
MODULE_START,2026-04-15T15:32:43Z,15893135635021,2756,btc_qm_engine,btc_engine_create
METRIC,2026-04-15T15:32:43Z,15893135775031,2756,btc_qm_engine:btc_n_replicas,8.0000000000
METRIC,2026-04-15T15:32:43Z,15893136325511,2756,btc_qm_engine:btc_n_threads,2.0000000000
METRIC,2026-04-15T15:32:43Z,15893136773461,2756,btc_qm_engine:btc_batch_size,512.0000000000
METRIC,2026-04-15T15:32:43Z,15893137272881,2756,btc_qm_engine:btc_nonce_start,0.0000000000
METRIC,2026-04-15T15:32:43Z,15893137697251,2756,btc_qm_engine:btc_nonce_end,4294967295.0000000000
METRIC,2026-04-15T15:32:43Z,15893138258281,2756,btc_qm_engine:btc_duration_s,2.0000000000
METRIC,2026-04-15T15:32:43Z,15893138786651,2756,btc_qm_engine:btc_replica_idx,0.0000000000
METRIC,2026-04-15T15:32:43Z,15893139462321,2756,btc_qm_engine:btc_replica_nonce,0.0000000000
METRIC,2026-04-15T15:32:43Z,15893140179321,2756,btc_qm_engine:btc_replica_temp,1.0000000000
METRIC,2026-04-15T15:32:43Z,15893140747881,2756,btc_qm_engine:btc_replica_leading,0.0000000000
METRIC,2026-04-15T15:32:43Z,15893141389051,2756,btc_qm_engine:btc_replica_idx,1.0000000000
METRIC,2026-04-15T15:32:43Z,15893141864571,2756,btc_qm_engine:btc_replica_nonce,536870911.0000000000
METRIC,2026-04-15T15:32:43Z,15893142418031,2756,btc_qm_engine:btc_replica_temp,2.0000000000
METRIC,2026-04-15T15:32:43Z,15893142878801,2756,btc_qm_engine:btc_replica_leading,0.0000000000
METRIC,2026-04-15T15:32:43Z,15893143479221,2756,btc_qm_engine:btc_replica_idx,2.0000000000
METRIC,2026-04-15T15:32:43Z,15893144051791,2756,btc_qm_engine:btc_replica_nonce,1073741822.0000000000
METRIC,2026-04-15T15:32:43Z,15893144607381,2756,btc_qm_engine:btc_replica_temp,4.0000000000
METRIC,2026-04-15T15:32:43Z,15893145256601,2756,btc_qm_engine:btc_replica_leading,0.0000000000
METRIC,2026-04-15T15:32:43Z,15893145770031,2756,btc_qm_engine:btc_replica_idx,3.0000000000
METRIC,2026-04-15T15:32:43Z,15893146300711,2756,btc_qm_engine:btc_replica_nonce,1610612733.0000000000
METRIC,2026-04-15T15:32:43Z,15893146813381,2756,btc_qm_engine:btc_replica_temp,8.0000000000
METRIC,2026-04-15T15:32:43Z,15893147319221,2756,btc_qm_engine:btc_replica_leading,0.0000000000
METRIC,2026-04-15T15:32:43Z,15893147769551,2756,btc_qm_engine:btc_replica_idx,4.0000000000
METRIC,2026-04-15T15:32:43Z,15893148335741,2756,btc_qm_engine:btc_replica_nonce,2147483644.0000000000
METRIC,2026-04-15T15:32:43Z,15893148742961,2756,btc_qm_engine:btc_replica_temp,12.0000000000
METRIC,2026-04-15T15:32:43Z,15893149414791,2756,btc_qm_engine:btc_replica_leading,0.0000000000
METRIC,2026-04-15T15:32:43Z,15893149899901,2756,btc_qm_engine:btc_replica_idx,5.0000000000
METRIC,2026-04-15T15:32:43Z,15893150355111,2756,btc_qm_engine:btc_replica_nonce,2684354555.0000000000
METRIC,2026-04-15T15:32:43Z,15893150755671,2756,btc_qm_engine:btc_replica_temp,20.0000000000
METRIC,2026-04-15T15:32:43Z,15893151198071,2756,btc_qm_engine:btc_replica_leading,0.0000000000
METRIC,2026-04-15T15:32:43Z,15893151712911,2756,btc_qm_engine:btc_replica_idx,6.0000000000
METRIC,2026-04-15T15:32:43Z,15893152206991,2756,btc_qm_engine:btc_replica_nonce,3221225466.0000000000
METRIC,2026-04-15T15:32:43Z,15893152694621,2756,btc_qm_engine:btc_replica_temp,35.0000000000
METRIC,2026-04-15T15:32:43Z,15893153232301,2756,btc_qm_engine:btc_replica_leading,0.0000000000
METRIC,2026-04-15T15:32:43Z,15893153731361,2756,btc_qm_engine:btc_replica_idx,7.0000000000
METRIC,2026-04-15T15:32:43Z,15893154225151,2756,btc_qm_engine:btc_replica_nonce,3758096377.0000000000
METRIC,2026-04-15T15:32:43Z,15893154791651,2756,btc_qm_engine:btc_replica_temp,50.0000000000
METRIC,2026-04-15T15:32:43Z,15893155347211,2756,btc_qm_engine:btc_replica_leading,0.0000000000
METRIC,2026-04-15T15:32:43Z,15893155947451,2756,btc_qm_engine:btc_midstate_applied,1.0000000000
THREAD,2026-04-15T15:32:43Z,15893156966101,2756,btc_qm_engine:btc_mining_worker_START,139912875955904
METRIC,2026-04-15T15:32:43Z,15893157173261,2756,btc_qm_engine:btc_block_nonce,2745135522.0000000000
THREAD,2026-04-15T15:32:43Z,15893157362751,2756,btc_qm_engine:btc_mining_worker_START,139912867563200
METRIC,2026-04-15T15:32:43Z,15893157931401,2756,btc_qm_engine:btc_best_leading_zeros,1.0000000000
METRIC,2026-04-15T15:32:43Z,15893158555721,2756,btc_qm_engine:btc_block_valid,0.0000000000
ANOMALY,2026-04-15T15:32:43Z,15893159091991,2756,btc_qm_engine:btc_near_miss_or_valid,1.0000000000
METRIC,2026-04-15T15:32:43Z,15893159096581,2756,btc_qm_engine:btc_threads_launched,2.0000000000
METRIC,2026-04-15T15:32:43Z,15893160140371,2756,btc_qm_engine:btc_best_leading_zeros,1.0000000000
METRIC,2026-04-15T15:32:43Z,15893160865301,2756,btc_qm_engine:btc_nx48_csv_saved,1.0000000000
METRIC,2026-04-15T15:32:43Z,15893161381731,2756,btc_qm_engine:btc_block_nonce,1767036297.0000000000
METRIC,2026-04-15T15:32:43Z,15893161911591,2756,btc_qm_engine:btc_best_leading_zeros,2.0000000000
METRIC,2026-04-15T15:32:43Z,15893162372991,2756,btc_qm_engine:btc_block_valid,0.0000000000
ANOMALY,2026-04-15T15:32:43Z,15893162745951,2756,btc_qm_engine:btc_near_miss_or_valid,2.0000000000
METRIC,2026-04-15T15:32:43Z,15893163202401,2756,btc_qm_engine:btc_best_leading_zeros,2.0000000000
METRIC,2026-04-15T15:32:43Z,15893164365731,2756,btc_qm_engine:btc_nx48_csv_saved,1.0000000000
METRIC,2026-04-15T15:32:43Z,15893165139211,2756,btc_qm_engine:btc_block_nonce,1767030799.0000000000
METRIC,2026-04-15T15:32:43Z,15893165626431,2756,btc_qm_engine:btc_best_leading_zeros,3.0000000000
METRIC,2026-04-15T15:32:43Z,15893166169581,2756,btc_qm_engine:btc_block_valid,0.0000000000
ANOMALY,2026-04-15T15:32:43Z,15893166573731,2756,btc_qm_engine:btc_near_miss_or_valid,3.0000000000
METRIC,2026-04-15T15:32:43Z,15893167093521,2756,btc_qm_engine:btc_best_leading_zeros,3.0000000000
METRIC,2026-04-15T15:32:43Z,15893167795901,2756,btc_qm_engine:btc_nx48_csv_saved,1.0000000000
METRIC,2026-04-15T15:32:43Z,15893168471981,2756,btc_qm_engine:btc_block_nonce,1767039739.0000000000
METRIC,2026-04-15T15:32:43Z,15893168927591,2756,btc_qm_engine:btc_best_leading_zeros,4.0000000000
METRIC,2026-04-15T15:32:43Z,15893169474521,2756,btc_qm_engine:btc_block_valid,0.0000000000
ANOMALY,2026-04-15T15:32:43Z,15893170083231,2756,btc_qm_engine:btc_near_miss_or_valid,4.0000000000
METRIC,2026-04-15T15:32:43Z,15893170659181,2756,btc_qm_engine:btc_best_leading_zeros,4.0000000000
METRIC,2026-04-15T15:32:43Z,15893171563931,2756,btc_qm_engine:btc_nx48_csv_saved,1.0000000000
METRIC,2026-04-15T15:32:43Z,15893172809071,2756,btc_qm_engine:btc_block_nonce,1767064075.0000000000
METRIC,2026-04-15T15:32:43Z,15893173271771,2756,btc_qm_engine:btc_best_leading_zeros,8.0000000000
METRIC,2026-04-15T15:32:43Z,15893173758481,2756,btc_qm_engine:btc_block_valid,0.0000000000
ANOMALY,2026-04-15T15:32:43Z,15893174229471,2756,btc_qm_engine:btc_near_miss_or_valid,8.0000000000
METRIC,2026-04-15T15:32:43Z,15893174639561,2756,btc_qm_engine:btc_best_leading_zeros,8.0000000000
METRIC,2026-04-15T15:32:43Z,15893175421591,2756,btc_qm_engine:btc_nx48_csv_saved,1.0000000000
METRIC,2026-04-15T15:32:43Z,15893176062871,2756,btc_qm_engine:btc_block_nonce,2745182127.0000000000
METRIC,2026-04-15T15:32:43Z,15893176506001,2756,btc_qm_engine:btc_best_leading_zeros,10.0000000000
METRIC,2026-04-15T15:32:43Z,15893176948931,2756,btc_qm_engine:btc_block_valid,0.0000000000
ANOMALY,2026-04-15T15:32:43Z,15893177404681,2756,btc_qm_engine:btc_near_miss_or_valid,10.0000000000
METRIC,2026-04-15T15:32:43Z,15893177859981,2756,btc_qm_engine:btc_best_leading_zeros,10.0000000000
METRIC,2026-04-15T15:32:43Z,15893178651461,2756,btc_qm_engine:btc_nx48_csv_saved,1.0000000000
METRIC,2026-04-15T15:32:43Z,15893181349841,2756,btc_qm_engine:btc_block_nonce,2708116573.0000000000
METRIC,2026-04-15T15:32:43Z,15893181814361,2756,btc_qm_engine:btc_best_leading_zeros,12.0000000000
METRIC,2026-04-15T15:32:43Z,15893182284551,2756,btc_qm_engine:btc_block_valid,0.0000000000
ANOMALY,2026-04-15T15:32:43Z,15893182709381,2756,btc_qm_engine:btc_near_miss_or_valid,12.0000000000
METRIC,2026-04-15T15:32:43Z,15893183210021,2756,btc_qm_engine:btc_best_leading_zeros,12.0000000000
METRIC,2026-04-15T15:32:43Z,15893183932871,2756,btc_qm_engine:btc_nx48_csv_saved,1.0000000000
METRIC,2026-04-15T15:32:43Z,15893257865202,2756,btc_qm_engine:btc_ptmc_rep_hot,1.0000000000
METRIC,2026-04-15T15:32:43Z,15893258628132,2756,btc_qm_engine:btc_ptmc_rep_cold,0.0000000000
METRIC,2026-04-15T15:32:43Z,15893259229152,2756,btc_qm_engine:btc_ptmc_accept,1.0000000000
METRIC,2026-04-15T15:32:43Z,15893259794392,2756,btc_qm_engine:btc_ptmc_rep_hot,2.0000000000
METRIC,2026-04-15T15:32:43Z,15893260329492,2756,btc_qm_engine:btc_ptmc_rep_cold,1.0000000000
METRIC,2026-04-15T15:32:43Z,15893260761252,2756,btc_qm_engine:btc_ptmc_accept,1.0000000000
METRIC,2026-04-15T15:32:43Z,15893261278432,2756,btc_qm_engine:btc_ptmc_rep_hot,3.0000000000
METRIC,2026-04-15T15:32:43Z,15893261788952,2756,btc_qm_engine:btc_ptmc_rep_cold,2.0000000000
METRIC,2026-04-15T15:32:43Z,15893262286822,2756,btc_qm_engine:btc_ptmc_accept,1.0000000000
METRIC,2026-04-15T15:32:43Z,15893262721752,2756,btc_qm_engine:btc_ptmc_rep_hot,4.0000000000
METRIC,2026-04-15T15:32:43Z,15893263259982,2756,btc_qm_engine:btc_ptmc_rep_cold,3.0000000000
METRIC,2026-04-15T15:32:43Z,15893263882302,2756,btc_qm_engine:btc_ptmc_accept,1.0000000000
METRIC,2026-04-15T15:32:43Z,15893264352082,2756,btc_qm_engine:btc_ptmc_rep_hot,5.0000000000
METRIC,2026-04-15T15:32:43Z,15893264810312,2756,btc_qm_engine:btc_ptmc_rep_cold,4.0000000000
METRIC,2026-04-15T15:32:43Z,15893265378022,2756,btc_qm_engine:btc_ptmc_accept,1.0000000000
METRIC,2026-04-15T15:32:43Z,15893265834742,2756,btc_qm_engine:btc_ptmc_rep_hot,6.0000000000
METRIC,2026-04-15T15:32:43Z,15893266374702,2756,btc_qm_engine:btc_ptmc_rep_cold,5.0000000000
METRIC,2026-04-15T15:32:43Z,15893266821422,2756,btc_qm_engine:btc_ptmc_accept,1.0000000000
METRIC,2026-04-15T15:32:43Z,15893267365332,2756,btc_qm_engine:btc_ptmc_rep_hot,7.0000000000
METRIC,2026-04-15T15:32:43Z,15893267883992,2756,btc_qm_engine:btc_ptmc_rep_cold,6.0000000000
METRIC,2026-04-15T15:32:43Z,15893268777402,2756,btc_qm_engine:btc_ptmc_accept,1.0000000000
METRIC,2026-04-15T15:32:43Z,15893312772542,2756,btc_qm_engine:btc_block_nonce,2708107027.0000000000
METRIC,2026-04-15T15:32:43Z,15893314636352,2756,btc_qm_engine:btc_best_leading_zeros,16.0000000000
METRIC,2026-04-15T15:32:43Z,15893315189442,2756,btc_qm_engine:btc_block_valid,0.0000000000
ANOMALY,2026-04-15T15:32:43Z,15893315757562,2756,btc_qm_engine:btc_near_miss_or_valid,16.0000000000
METRIC,2026-04-15T15:32:43Z,15893316328302,2756,btc_qm_engine:btc_best_leading_zeros,16.0000000000
METRIC,2026-04-15T15:32:43Z,15893317304212,2756,btc_qm_engine:btc_nx48_csv_saved,1.0000000000
METRIC,2026-04-15T15:32:43Z,15893361940453,2756,btc_qm_engine:btc_ptmc_rep_hot,1.0000000000
METRIC,2026-04-15T15:32:43Z,15893362534893,2756,btc_qm_engine:btc_ptmc_rep_cold,0.0000000000
METRIC,2026-04-15T15:32:43Z,15893362984573,2756,btc_qm_engine:btc_ptmc_accept,1.0000000000
METRIC,2026-04-15T15:32:43Z,15893363516513,2756,btc_qm_engine:btc_ptmc_rep_hot,2.0000000000
METRIC,2026-04-15T15:32:43Z,15893364178843,2756,btc_qm_engine:btc_ptmc_rep_cold,1.0000000000
METRIC,2026-04-15T15:32:43Z,15893364648143,2756,btc_qm_engine:btc_ptmc_accept,0.7164924961
METRIC,2026-04-15T15:32:43Z,15893365262093,2756,btc_qm_engine:btc_ptmc_rep_hot,3.0000000000
METRIC,2026-04-15T15:32:43Z,15893365816693,2756,btc_qm_engine:btc_ptmc_rep_cold,2.0000000000
METRIC,2026-04-15T15:32:43Z,15893366384523,2756,btc_qm_engine:btc_ptmc_accept,0.8464702621
METRIC,2026-04-15T15:32:43Z,15893366881053,2756,btc_qm_engine:btc_ptmc_rep_hot,4.0000000000
METRIC,2026-04-15T15:32:43Z,15893367527143,2756,btc_qm_engine:btc_ptmc_rep_cold,3.0000000000
METRIC,2026-04-15T15:32:43Z,15893368062373,2756,btc_qm_engine:btc_ptmc_accept,0.9048330071
METRIC,2026-04-15T15:32:43Z,15893368577023,2756,btc_qm_engine:btc_ptmc_rep_hot,5.0000000000
METRIC,2026-04-15T15:32:43Z,15893369086683,2756,btc_qm_engine:btc_ptmc_rep_cold,4.0000000000
METRIC,2026-04-15T15:32:43Z,15893369592513,2756,btc_qm_engine:btc_ptmc_accept,0.9394112740
METRIC,2026-04-15T15:32:43Z,15893370137623,2756,btc_qm_engine:btc_ptmc_rep_hot,6.0000000000
METRIC,2026-04-15T15:32:43Z,15893370647913,2756,btc_qm_engine:btc_ptmc_rep_cold,5.0000000000
METRIC,2026-04-15T15:32:43Z,15893371231923,2756,btc_qm_engine:btc_ptmc_accept,0.9642889574
METRIC,2026-04-15T15:32:43Z,15893371734733,2756,btc_qm_engine:btc_ptmc_rep_hot,7.0000000000
METRIC,2026-04-15T15:32:43Z,15893372382193,2756,btc_qm_engine:btc_ptmc_rep_cold,6.0000000000
METRIC,2026-04-15T15:32:43Z,15893372913203,2756,btc_qm_engine:btc_ptmc_accept,0.9767447714
METRIC,2026-04-15T15:32:43Z,15893463078293,2756,btc_qm_engine:btc_ptmc_rep_hot,1.0000000000
METRIC,2026-04-15T15:32:43Z,15893463589913,2756,btc_qm_engine:btc_ptmc_rep_cold,0.0000000000
METRIC,2026-04-15T15:32:43Z,15893464054913,2756,btc_qm_engine:btc_ptmc_accept,1.0000000000
METRIC,2026-04-15T15:32:43Z,15893464575063,2756,btc_qm_engine:btc_ptmc_rep_hot,2.0000000000
METRIC,2026-04-15T15:32:43Z,15893465056033,2756,btc_qm_engine:btc_ptmc_rep_cold,1.0000000000
METRIC,2026-04-15T15:32:43Z,15893465515053,2756,btc_qm_engine:btc_ptmc_accept,1.0000000000
METRIC,2026-04-15T15:32:43Z,15893466157823,2756,btc_qm_engine:btc_ptmc_rep_hot,3.0000000000
METRIC,2026-04-15T15:32:43Z,15893466964893,2756,btc_qm_engine:btc_ptmc_rep_cold,2.0000000000
METRIC,2026-04-15T15:32:43Z,15893467604493,2756,btc_qm_engine:btc_ptmc_accept,1.0000000000
METRIC,2026-04-15T15:32:43Z,15893468267563,2756,btc_qm_engine:btc_ptmc_rep_hot,4.0000000000
METRIC,2026-04-15T15:32:43Z,15893468743213,2756,btc_qm_engine:btc_ptmc_rep_cold,3.0000000000
METRIC,2026-04-15T15:32:43Z,15893469313663,2756,btc_qm_engine:btc_ptmc_accept,1.0000000000
METRIC,2026-04-15T15:32:43Z,15893470098883,2756,btc_qm_engine:btc_ptmc_rep_hot,5.0000000000
METRIC,2026-04-15T15:32:43Z,15893470648863,2756,btc_qm_engine:btc_ptmc_rep_cold,4.0000000000
METRIC,2026-04-15T15:32:43Z,15893471425263,2756,btc_qm_engine:btc_ptmc_accept,1.0000000000
METRIC,2026-04-15T15:32:43Z,15893471926903,2756,btc_qm_engine:btc_ptmc_rep_hot,6.0000000000
METRIC,2026-04-15T15:32:43Z,15893472861804,2756,btc_qm_engine:btc_ptmc_rep_cold,5.0000000000
METRIC,2026-04-15T15:32:43Z,15893473508324,2756,btc_qm_engine:btc_ptmc_accept,1.0000000000
METRIC,2026-04-15T15:32:43Z,15893473991153,2756,btc_qm_engine:btc_ptmc_rep_hot,7.0000000000
METRIC,2026-04-15T15:32:43Z,15893474699023,2756,btc_qm_engine:btc_ptmc_rep_cold,6.0000000000
METRIC,2026-04-15T15:32:43Z,15893475657943,2756,btc_qm_engine:btc_ptmc_accept,1.0000000000
METRIC,2026-04-15T15:32:43Z,15893564701984,2756,btc_qm_engine:btc_ptmc_rep_hot,1.0000000000
METRIC,2026-04-15T15:32:43Z,15893565269264,2756,btc_qm_engine:btc_ptmc_rep_cold,0.0000000000
METRIC,2026-04-15T15:32:43Z,15893565755844,2756,btc_qm_engine:btc_ptmc_accept,0.2638537189
METRIC,2026-04-15T15:32:43Z,15893566465734,2756,btc_qm_engine:btc_ptmc_rep_hot,2.0000000000
METRIC,2026-04-15T15:32:43Z,15893566923094,2756,btc_qm_engine:btc_ptmc_rep_cold,1.0000000000
METRIC,2026-04-15T15:32:43Z,15893567419414,2756,btc_qm_engine:btc_ptmc_accept,-0.5134418693
METRIC,2026-04-15T15:32:43Z,15893567984564,2756,btc_qm_engine:btc_ptmc_rep_hot,3.0000000000
METRIC,2026-04-15T15:32:43Z,15893568504024,2756,btc_qm_engine:btc_ptmc_rep_cold,2.0000000000
METRIC,2026-04-15T15:32:43Z,15893568976794,2756,btc_qm_engine:btc_ptmc_accept,1.0000000000
METRIC,2026-04-15T15:32:43Z,15893569518444,2756,btc_qm_engine:btc_ptmc_rep_hot,4.0000000000
METRIC,2026-04-15T15:32:43Z,15893570011904,2756,btc_qm_engine:btc_ptmc_rep_cold,3.0000000000
METRIC,2026-04-15T15:32:43Z,15893570506284,2756,btc_qm_engine:btc_ptmc_accept,1.0000000000
METRIC,2026-04-15T15:32:43Z,15893571138384,2756,btc_qm_engine:btc_ptmc_rep_hot,5.0000000000
METRIC,2026-04-15T15:32:43Z,15893571599984,2756,btc_qm_engine:btc_ptmc_rep_cold,4.0000000000
METRIC,2026-04-15T15:32:43Z,15893572063054,2756,btc_qm_engine:btc_ptmc_accept,1.0000000000
METRIC,2026-04-15T15:32:43Z,15893572482544,2756,btc_qm_engine:btc_ptmc_rep_hot,6.0000000000
METRIC,2026-04-15T15:32:43Z,15893572928504,2756,btc_qm_engine:btc_ptmc_rep_cold,5.0000000000
METRIC,2026-04-15T15:32:43Z,15893573472014,2756,btc_qm_engine:btc_ptmc_accept,1.0000000000
METRIC,2026-04-15T15:32:43Z,15893574324774,2756,btc_qm_engine:btc_ptmc_rep_hot,7.0000000000
METRIC,2026-04-15T15:32:43Z,15893574878124,2756,btc_qm_engine:btc_ptmc_rep_cold,6.0000000000
METRIC,2026-04-15T15:32:43Z,15893575499814,2756,btc_qm_engine:btc_ptmc_accept,1.0000000000
METRIC,2026-04-15T15:32:43Z,15893669814285,2756,btc_qm_engine:btc_ptmc_rep_hot,1.0000000000
METRIC,2026-04-15T15:32:43Z,15893670500635,2756,btc_qm_engine:btc_ptmc_rep_cold,0.0000000000
METRIC,2026-04-15T15:32:43Z,15893670959545,2756,btc_qm_engine:btc_ptmc_accept,1.0000000000
METRIC,2026-04-15T15:32:43Z,15893671614565,2756,btc_qm_engine:btc_ptmc_rep_hot,2.0000000000
METRIC,2026-04-15T15:32:43Z,15893672125795,2756,btc_qm_engine:btc_ptmc_rep_cold,1.0000000000
METRIC,2026-04-15T15:32:43Z,15893672527795,2756,btc_qm_engine:btc_ptmc_accept,-0.2636542435
METRIC,2026-04-15T15:32:43Z,15893673115815,2756,btc_qm_engine:btc_ptmc_rep_hot,3.0000000000
METRIC,2026-04-15T15:32:43Z,15893673544565,2756,btc_qm_engine:btc_ptmc_rep_cold,2.0000000000
METRIC,2026-04-15T15:32:43Z,15893674077685,2756,btc_qm_engine:btc_ptmc_accept,1.0000000000
METRIC,2026-04-15T15:32:43Z,15893674490335,2756,btc_qm_engine:btc_ptmc_rep_hot,4.0000000000
METRIC,2026-04-15T15:32:43Z,15893674892775,2756,btc_qm_engine:btc_ptmc_rep_cold,3.0000000000
METRIC,2026-04-15T15:32:43Z,15893675707035,2756,btc_qm_engine:btc_ptmc_accept,1.0000000000
METRIC,2026-04-15T15:32:43Z,15893676704015,2756,btc_qm_engine:btc_ptmc_rep_hot,5.0000000000
METRIC,2026-04-15T15:32:43Z,15893677229135,2756,btc_qm_engine:btc_ptmc_rep_cold,4.0000000000
METRIC,2026-04-15T15:32:43Z,15893677761155,2756,btc_qm_engine:btc_ptmc_accept,1.0000000000
METRIC,2026-04-15T15:32:43Z,15893678248375,2756,btc_qm_engine:btc_ptmc_rep_hot,6.0000000000
METRIC,2026-04-15T15:32:43Z,15893678717435,2756,btc_qm_engine:btc_ptmc_rep_cold,5.0000000000
METRIC,2026-04-15T15:32:43Z,15893679244495,2756,btc_qm_engine:btc_ptmc_accept,1.0000000000
METRIC,2026-04-15T15:32:43Z,15893679731385,2756,btc_qm_engine:btc_ptmc_rep_hot,7.0000000000
METRIC,2026-04-15T15:32:43Z,15893680251785,2756,btc_qm_engine:btc_ptmc_rep_cold,6.0000000000
METRIC,2026-04-15T15:32:43Z,15893680753075,2756,btc_qm_engine:btc_ptmc_accept,1.0000000000
METRIC,2026-04-15T15:32:44Z,15893773203016,2756,btc_qm_engine:btc_ptmc_rep_hot,1.0000000000
METRIC,2026-04-15T15:32:44Z,15893773729446,2756,btc_qm_engine:btc_ptmc_rep_cold,0.0000000000
METRIC,2026-04-15T15:32:44Z,15893774368676,2756,btc_qm_engine:btc_ptmc_accept,1.0000000000
METRIC,2026-04-15T15:32:44Z,15893774948816,2756,btc_qm_engine:btc_ptmc_rep_hot,2.0000000000
METRIC,2026-04-15T15:32:44Z,15893775512936,2756,btc_qm_engine:btc_ptmc_rep_cold,1.0000000000
METRIC,2026-04-15T15:32:44Z,15893776153816,2756,btc_qm_engine:btc_ptmc_accept,0.7165624298
METRIC,2026-04-15T15:32:44Z,15893776727616,2756,btc_qm_engine:btc_ptmc_rep_hot,3.0000000000
METRIC,2026-04-15T15:32:44Z,15893777193796,2756,btc_qm_engine:btc_ptmc_rep_cold,2.0000000000
METRIC,2026-04-15T15:32:44Z,15893777630946,2756,btc_qm_engine:btc_ptmc_accept,-0.8464909161
METRIC,2026-04-15T15:32:44Z,15893778162436,2756,btc_qm_engine:btc_ptmc_rep_hot,4.0000000000
METRIC,2026-04-15T15:32:44Z,15893778537726,2756,btc_qm_engine:btc_ptmc_rep_cold,3.0000000000
METRIC,2026-04-15T15:32:44Z,15893779009756,2756,btc_qm_engine:btc_ptmc_accept,1.0000000000
METRIC,2026-04-15T15:32:44Z,15893779442726,2756,btc_qm_engine:btc_ptmc_rep_hot,5.0000000000
METRIC,2026-04-15T15:32:44Z,15893779807416,2756,btc_qm_engine:btc_ptmc_rep_cold,4.0000000000
METRIC,2026-04-15T15:32:44Z,15893780316096,2756,btc_qm_engine:btc_ptmc_accept,1.0000000000
METRIC,2026-04-15T15:32:44Z,15893780694666,2756,btc_qm_engine:btc_ptmc_rep_hot,6.0000000000
METRIC,2026-04-15T15:32:44Z,15893781171796,2756,btc_qm_engine:btc_ptmc_rep_cold,5.0000000000
METRIC,2026-04-15T15:32:44Z,15893781608656,2756,btc_qm_engine:btc_ptmc_accept,1.0000000000
METRIC,2026-04-15T15:32:44Z,15893782068306,2756,btc_qm_engine:btc_ptmc_rep_hot,7.0000000000
METRIC,2026-04-15T15:32:44Z,15893782463396,2756,btc_qm_engine:btc_ptmc_rep_cold,6.0000000000
METRIC,2026-04-15T15:32:44Z,15893782851606,2756,btc_qm_engine:btc_ptmc_accept,1.0000000000
METRIC,2026-04-15T15:32:44Z,15893873289287,2756,btc_qm_engine:btc_ptmc_rep_hot,1.0000000000
METRIC,2026-04-15T15:32:44Z,15893873878067,2756,btc_qm_engine:btc_ptmc_rep_cold,0.0000000000
METRIC,2026-04-15T15:32:44Z,15893874477037,2756,btc_qm_engine:btc_ptmc_accept,0.5134171190
METRIC,2026-04-15T15:32:44Z,15893875160337,2756,btc_qm_engine:btc_ptmc_rep_hot,2.0000000000
METRIC,2026-04-15T15:32:44Z,15893875772847,2756,btc_qm_engine:btc_ptmc_rep_cold,1.0000000000
METRIC,2026-04-15T15:32:44Z,15893876411587,2756,btc_qm_engine:btc_ptmc_accept,-0.5134171190
METRIC,2026-04-15T15:32:44Z,15893877158717,2756,btc_qm_engine:btc_ptmc_rep_hot,3.0000000000
METRIC,2026-04-15T15:32:44Z,15893878847127,2756,btc_qm_engine:btc_ptmc_rep_cold,2.0000000000
METRIC,2026-04-15T15:32:44Z,15893879512567,2756,btc_qm_engine:btc_ptmc_accept,1.0000000000
METRIC,2026-04-15T15:32:44Z,15893880065197,2756,btc_qm_engine:btc_ptmc_rep_hot,4.0000000000
METRIC,2026-04-15T15:32:44Z,15893880938087,2756,btc_qm_engine:btc_ptmc_rep_cold,3.0000000000
METRIC,2026-04-15T15:32:44Z,15893881687327,2756,btc_qm_engine:btc_ptmc_accept,0.9048374180
METRIC,2026-04-15T15:32:44Z,15893882343857,2756,btc_qm_engine:btc_ptmc_rep_hot,5.0000000000
METRIC,2026-04-15T15:32:44Z,15893882935937,2756,btc_qm_engine:btc_ptmc_rep_cold,4.0000000000
METRIC,2026-04-15T15:32:44Z,15893883533347,2756,btc_qm_engine:btc_ptmc_accept,0.9394130628
METRIC,2026-04-15T15:32:44Z,15893884098037,2756,btc_qm_engine:btc_ptmc_rep_hot,6.0000000000
METRIC,2026-04-15T15:32:44Z,15893884728387,2756,btc_qm_engine:btc_ptmc_rep_cold,5.0000000000
METRIC,2026-04-15T15:32:44Z,15893885372857,2756,btc_qm_engine:btc_ptmc_accept,0.9642895790
METRIC,2026-04-15T15:32:44Z,15893885923877,2756,btc_qm_engine:btc_ptmc_rep_hot,7.0000000000
METRIC,2026-04-15T15:32:44Z,15893886496237,2756,btc_qm_engine:btc_ptmc_rep_cold,6.0000000000
METRIC,2026-04-15T15:32:44Z,15893887055227,2756,btc_qm_engine:btc_ptmc_accept,0.9767452464
METRIC,2026-04-15T15:32:44Z,15893973360818,2756,btc_qm_engine:btc_ptmc_rep_hot,1.0000000000
METRIC,2026-04-15T15:32:44Z,15893973968418,2756,btc_qm_engine:btc_ptmc_rep_cold,0.0000000000
METRIC,2026-04-15T15:32:44Z,15893974553998,2756,btc_qm_engine:btc_ptmc_accept,-0.5134171190
METRIC,2026-04-15T15:32:44Z,15893975179558,2756,btc_qm_engine:btc_ptmc_rep_hot,2.0000000000
METRIC,2026-04-15T15:32:44Z,15893975622398,2756,btc_qm_engine:btc_ptmc_rep_cold,1.0000000000
METRIC,2026-04-15T15:32:44Z,15893976144538,2756,btc_qm_engine:btc_ptmc_accept,1.0000000000
METRIC,2026-04-15T15:32:44Z,15893976764628,2756,btc_qm_engine:btc_ptmc_rep_hot,3.0000000000
METRIC,2026-04-15T15:32:44Z,15893977332838,2756,btc_qm_engine:btc_ptmc_rep_cold,2.0000000000
METRIC,2026-04-15T15:32:44Z,15893977853508,2756,btc_qm_engine:btc_ptmc_accept,0.8464725326
METRIC,2026-04-15T15:32:44Z,15893978385208,2756,btc_qm_engine:btc_ptmc_rep_hot,4.0000000000
METRIC,2026-04-15T15:32:44Z,15893978917298,2756,btc_qm_engine:btc_ptmc_rep_cold,3.0000000000
METRIC,2026-04-15T15:32:44Z,15893979411988,2756,btc_qm_engine:btc_ptmc_accept,0.9048338808
METRIC,2026-04-15T15:32:44Z,15893979827818,2756,btc_qm_engine:btc_ptmc_rep_hot,5.0000000000
METRIC,2026-04-15T15:32:44Z,15893980243348,2756,btc_qm_engine:btc_ptmc_rep_cold,4.0000000000
METRIC,2026-04-15T15:32:44Z,15893980697928,2756,btc_qm_engine:btc_ptmc_accept,0.9394116283
METRIC,2026-04-15T15:32:44Z,15893981120918,2756,btc_qm_engine:btc_ptmc_rep_hot,6.0000000000
METRIC,2026-04-15T15:32:44Z,15893981673788,2756,btc_qm_engine:btc_ptmc_rep_cold,5.0000000000
METRIC,2026-04-15T15:32:44Z,15893982166418,2756,btc_qm_engine:btc_ptmc_accept,0.9642890805
METRIC,2026-04-15T15:32:44Z,15893982600378,2756,btc_qm_engine:btc_ptmc_rep_hot,7.0000000000
METRIC,2026-04-15T15:32:44Z,15893983227518,2756,btc_qm_engine:btc_ptmc_rep_cold,6.0000000000
METRIC,2026-04-15T15:32:44Z,15893983763598,2756,btc_qm_engine:btc_ptmc_accept,1.0000000000
METRIC,2026-04-15T15:32:44Z,15894074210029,2756,btc_qm_engine:btc_ptmc_rep_hot,1.0000000000
METRIC,2026-04-15T15:32:44Z,15894074928969,2756,btc_qm_engine:btc_ptmc_rep_cold,0.0000000000
METRIC,2026-04-15T15:32:44Z,15894075437379,2756,btc_qm_engine:btc_ptmc_accept,1.0000000000
METRIC,2026-04-15T15:32:44Z,15894076109239,2756,btc_qm_engine:btc_ptmc_rep_hot,2.0000000000
METRIC,2026-04-15T15:32:44Z,15894076690569,2756,btc_qm_engine:btc_ptmc_rep_cold,1.0000000000
METRIC,2026-04-15T15:32:44Z,15894077244689,2756,btc_qm_engine:btc_ptmc_accept,1.0000000000
METRIC,2026-04-15T15:32:44Z,15894077821919,2756,btc_qm_engine:btc_ptmc_rep_hot,3.0000000000
METRIC,2026-04-15T15:32:44Z,15894078338849,2756,btc_qm_engine:btc_ptmc_rep_cold,2.0000000000
METRIC,2026-04-15T15:32:44Z,15894078834929,2756,btc_qm_engine:btc_ptmc_accept,1.0000000000
METRIC,2026-04-15T15:32:44Z,15894079307609,2756,btc_qm_engine:btc_ptmc_rep_hot,4.0000000000
METRIC,2026-04-15T15:32:44Z,15894079821759,2756,btc_qm_engine:btc_ptmc_rep_cold,3.0000000000
METRIC,2026-04-15T15:32:44Z,15894080369129,2756,btc_qm_engine:btc_ptmc_accept,1.0000000000
METRIC,2026-04-15T15:32:44Z,15894080884149,2756,btc_qm_engine:btc_ptmc_rep_hot,5.0000000000
METRIC,2026-04-15T15:32:44Z,15894081455309,2756,btc_qm_engine:btc_ptmc_rep_cold,4.0000000000
METRIC,2026-04-15T15:32:44Z,15894081883349,2756,btc_qm_engine:btc_ptmc_accept,1.0000000000
METRIC,2026-04-15T15:32:44Z,15894082485329,2756,btc_qm_engine:btc_ptmc_rep_hot,6.0000000000
METRIC,2026-04-15T15:32:44Z,15894082971829,2756,btc_qm_engine:btc_ptmc_rep_cold,5.0000000000
METRIC,2026-04-15T15:32:44Z,15894083508509,2756,btc_qm_engine:btc_ptmc_accept,1.0000000000
METRIC,2026-04-15T15:32:44Z,15894083968169,2756,btc_qm_engine:btc_ptmc_rep_hot,7.0000000000
METRIC,2026-04-15T15:32:44Z,15894084401399,2756,btc_qm_engine:btc_ptmc_rep_cold,6.0000000000
METRIC,2026-04-15T15:32:44Z,15894084854029,2756,btc_qm_engine:btc_ptmc_accept,1.0000000000
METRIC,2026-04-15T15:32:44Z,15894175236309,2756,btc_qm_engine:btc_ptmc_rep_hot,1.0000000000
METRIC,2026-04-15T15:32:44Z,15894175902779,2756,btc_qm_engine:btc_ptmc_rep_cold,0.0000000000
METRIC,2026-04-15T15:32:44Z,15894176443729,2756,btc_qm_engine:btc_ptmc_accept,-0.2638029098
METRIC,2026-04-15T15:32:44Z,15894177083069,2756,btc_qm_engine:btc_ptmc_rep_hot,2.0000000000
METRIC,2026-04-15T15:32:44Z,15894177749069,2756,btc_qm_engine:btc_ptmc_rep_cold,1.0000000000
METRIC,2026-04-15T15:32:44Z,15894178306249,2756,btc_qm_engine:btc_ptmc_accept,1.0000000000
METRIC,2026-04-15T15:32:44Z,15894178771859,2756,btc_qm_engine:btc_ptmc_rep_hot,3.0000000000
METRIC,2026-04-15T15:32:44Z,15894179219549,2756,btc_qm_engine:btc_ptmc_rep_cold,2.0000000000
METRIC,2026-04-15T15:32:44Z,15894179633299,2756,btc_qm_engine:btc_ptmc_accept,1.0000000000
METRIC,2026-04-15T15:32:44Z,15894180149329,2756,btc_qm_engine:btc_ptmc_rep_hot,4.0000000000
METRIC,2026-04-15T15:32:44Z,15894180629749,2756,btc_qm_engine:btc_ptmc_rep_cold,3.0000000000
METRIC,2026-04-15T15:32:44Z,15894181188799,2756,btc_qm_engine:btc_ptmc_accept,1.0000000000
METRIC,2026-04-15T15:32:44Z,15894181680469,2756,btc_qm_engine:btc_ptmc_rep_hot,5.0000000000
METRIC,2026-04-15T15:32:44Z,15894182185809,2756,btc_qm_engine:btc_ptmc_rep_cold,4.0000000000
METRIC,2026-04-15T15:32:44Z,15894182670929,2756,btc_qm_engine:btc_ptmc_accept,1.0000000000
METRIC,2026-04-15T15:32:44Z,15894183155619,2756,btc_qm_engine:btc_ptmc_rep_hot,6.0000000000
METRIC,2026-04-15T15:32:44Z,15894183652699,2756,btc_qm_engine:btc_ptmc_rep_cold,5.0000000000
METRIC,2026-04-15T15:32:44Z,15894184175649,2756,btc_qm_engine:btc_ptmc_accept,1.0000000000
METRIC,2026-04-15T15:32:44Z,15894184626079,2756,btc_qm_engine:btc_ptmc_rep_hot,7.0000000000
METRIC,2026-04-15T15:32:44Z,15894185210519,2756,btc_qm_engine:btc_ptmc_rep_cold,6.0000000000
METRIC,2026-04-15T15:32:44Z,15894185651869,2756,btc_qm_engine:btc_ptmc_accept,1.0000000000
METRIC,2026-04-15T15:32:44Z,15894276360150,2756,btc_qm_engine:btc_ptmc_rep_hot,1.0000000000
METRIC,2026-04-15T15:32:44Z,15894276980170,2756,btc_qm_engine:btc_ptmc_rep_cold,0.0000000000
METRIC,2026-04-15T15:32:44Z,15894277513680,2756,btc_qm_engine:btc_ptmc_accept,1.0000000000
METRIC,2026-04-15T15:32:44Z,15894278254230,2756,btc_qm_engine:btc_ptmc_rep_hot,2.0000000000
METRIC,2026-04-15T15:32:44Z,15894278783720,2756,btc_qm_engine:btc_ptmc_rep_cold,1.0000000000
METRIC,2026-04-15T15:32:44Z,15894279289570,2756,btc_qm_engine:btc_ptmc_accept,-0.7165485813
METRIC,2026-04-15T15:32:44Z,15894279845210,2756,btc_qm_engine:btc_ptmc_rep_hot,3.0000000000
METRIC,2026-04-15T15:32:44Z,15894280495670,2756,btc_qm_engine:btc_ptmc_rep_cold,2.0000000000
METRIC,2026-04-15T15:32:44Z,15894281163060,2756,btc_qm_engine:btc_ptmc_accept,1.0000000000
METRIC,2026-04-15T15:32:44Z,15894281694050,2756,btc_qm_engine:btc_ptmc_rep_hot,4.0000000000
METRIC,2026-04-15T15:32:44Z,15894282287180,2756,btc_qm_engine:btc_ptmc_rep_cold,3.0000000000
METRIC,2026-04-15T15:32:44Z,15894282833930,2756,btc_qm_engine:btc_ptmc_accept,1.0000000000
METRIC,2026-04-15T15:32:44Z,15894283326360,2756,btc_qm_engine:btc_ptmc_rep_hot,5.0000000000
METRIC,2026-04-15T15:32:44Z,15894283860130,2756,btc_qm_engine:btc_ptmc_rep_cold,4.0000000000
METRIC,2026-04-15T15:32:44Z,15894284444300,2756,btc_qm_engine:btc_ptmc_accept,1.0000000000
METRIC,2026-04-15T15:32:44Z,15894285000660,2756,btc_qm_engine:btc_ptmc_rep_hot,6.0000000000
METRIC,2026-04-15T15:32:44Z,15894285703580,2756,btc_qm_engine:btc_ptmc_rep_cold,5.0000000000
METRIC,2026-04-15T15:32:44Z,15894286242230,2756,btc_qm_engine:btc_ptmc_accept,1.0000000000
METRIC,2026-04-15T15:32:44Z,15894286889040,2756,btc_qm_engine:btc_ptmc_rep_hot,7.0000000000
METRIC,2026-04-15T15:32:44Z,15894287508710,2756,btc_qm_engine:btc_ptmc_rep_cold,6.0000000000
METRIC,2026-04-15T15:32:44Z,15894288115910,2756,btc_qm_engine:btc_ptmc_accept,1.0000000000
METRIC,2026-04-15T15:32:44Z,15894376678661,2756,btc_qm_engine:btc_ptmc_rep_hot,1.0000000000
METRIC,2026-04-15T15:32:44Z,15894377302881,2756,btc_qm_engine:btc_ptmc_rep_cold,0.0000000000
METRIC,2026-04-15T15:32:44Z,15894377804191,2756,btc_qm_engine:btc_ptmc_accept,0.0695919752
METRIC,2026-04-15T15:32:44Z,15894378419791,2756,btc_qm_engine:btc_ptmc_rep_hot,2.0000000000
METRIC,2026-04-15T15:32:44Z,15894378903661,2756,btc_qm_engine:btc_ptmc_rep_cold,1.0000000000
METRIC,2026-04-15T15:32:44Z,15894379666871,2756,btc_qm_engine:btc_ptmc_accept,0.7165701146
METRIC,2026-04-15T15:32:44Z,15894380636771,2756,btc_qm_engine:btc_ptmc_rep_hot,3.0000000000
METRIC,2026-04-15T15:32:44Z,15894384396011,2756,btc_qm_engine:btc_ptmc_rep_cold,2.0000000000
METRIC,2026-04-15T15:32:44Z,15894384915471,2756,btc_qm_engine:btc_ptmc_accept,1.0000000000
METRIC,2026-04-15T15:32:44Z,15894385418461,2756,btc_qm_engine:btc_ptmc_rep_hot,4.0000000000
METRIC,2026-04-15T15:32:44Z,15894387663991,2756,btc_qm_engine:btc_ptmc_rep_cold,3.0000000000
METRIC,2026-04-15T15:32:44Z,15894388040771,2756,btc_qm_engine:btc_ptmc_accept,1.0000000000
METRIC,2026-04-15T15:32:44Z,15894388406041,2756,btc_qm_engine:btc_ptmc_rep_hot,5.0000000000
METRIC,2026-04-15T15:32:44Z,15894388781111,2756,btc_qm_engine:btc_ptmc_rep_cold,4.0000000000
METRIC,2026-04-15T15:32:44Z,15894389154971,2756,btc_qm_engine:btc_ptmc_accept,0.9394148515
METRIC,2026-04-15T15:32:44Z,15894389537151,2756,btc_qm_engine:btc_ptmc_rep_hot,6.0000000000
METRIC,2026-04-15T15:32:44Z,15894389899131,2756,btc_qm_engine:btc_ptmc_rep_cold,5.0000000000
METRIC,2026-04-15T15:32:44Z,15894390273191,2756,btc_qm_engine:btc_ptmc_accept,0.9642902005
METRIC,2026-04-15T15:32:44Z,15894390676271,2756,btc_qm_engine:btc_ptmc_rep_hot,7.0000000000
METRIC,2026-04-15T15:32:44Z,15894391217771,2756,btc_qm_engine:btc_ptmc_rep_cold,6.0000000000
METRIC,2026-04-15T15:32:44Z,15894391814721,2756,btc_qm_engine:btc_ptmc_accept,0.9767450351
METRIC,2026-04-15T15:32:44Z,15894480485312,2756,btc_qm_engine:btc_ptmc_rep_hot,1.0000000000
METRIC,2026-04-15T15:32:44Z,15894481064722,2756,btc_qm_engine:btc_ptmc_rep_cold,0.0000000000
METRIC,2026-04-15T15:32:44Z,15894481805052,2756,btc_qm_engine:btc_ptmc_accept,1.0000000000
METRIC,2026-04-15T15:32:44Z,15894482367942,2756,btc_qm_engine:btc_ptmc_rep_hot,2.0000000000
METRIC,2026-04-15T15:32:44Z,15894482831852,2756,btc_qm_engine:btc_ptmc_rep_cold,1.0000000000
METRIC,2026-04-15T15:32:44Z,15894483348452,2756,btc_qm_engine:btc_ptmc_accept,1.0000000000
METRIC,2026-04-15T15:32:44Z,15894483897572,2756,btc_qm_engine:btc_ptmc_rep_hot,3.0000000000
METRIC,2026-04-15T15:32:44Z,15894484422762,2756,btc_qm_engine:btc_ptmc_rep_cold,2.0000000000
METRIC,2026-04-15T15:32:44Z,15894484921592,2756,btc_qm_engine:btc_ptmc_accept,1.0000000000
METRIC,2026-04-15T15:32:44Z,15894485431852,2756,btc_qm_engine:btc_ptmc_rep_hot,4.0000000000
METRIC,2026-04-15T15:32:44Z,15894485898292,2756,btc_qm_engine:btc_ptmc_rep_cold,3.0000000000
METRIC,2026-04-15T15:32:44Z,15894486467132,2756,btc_qm_engine:btc_ptmc_accept,0.9048409551
METRIC,2026-04-15T15:32:44Z,15894486956552,2756,btc_qm_engine:btc_ptmc_rep_hot,5.0000000000
METRIC,2026-04-15T15:32:44Z,15894487462442,2756,btc_qm_engine:btc_ptmc_rep_cold,4.0000000000
METRIC,2026-04-15T15:32:44Z,15894487910212,2756,btc_qm_engine:btc_ptmc_accept,0.9394144973
METRIC,2026-04-15T15:32:44Z,15894488422122,2756,btc_qm_engine:btc_ptmc_rep_hot,6.0000000000
METRIC,2026-04-15T15:32:44Z,15894488971632,2756,btc_qm_engine:btc_ptmc_rep_cold,5.0000000000
METRIC,2026-04-15T15:32:44Z,15894489440492,2756,btc_qm_engine:btc_ptmc_accept,0.9642900774
METRIC,2026-04-15T15:32:44Z,15894489912312,2756,btc_qm_engine:btc_ptmc_rep_hot,7.0000000000
METRIC,2026-04-15T15:32:44Z,15894490434052,2756,btc_qm_engine:btc_ptmc_rep_cold,6.0000000000
METRIC,2026-04-15T15:32:44Z,15894490850342,2756,btc_qm_engine:btc_ptmc_accept,1.0000000000
METRIC,2026-04-15T15:32:44Z,15894583234913,2756,btc_qm_engine:btc_ptmc_rep_hot,1.0000000000
METRIC,2026-04-15T15:32:44Z,15894583722213,2756,btc_qm_engine:btc_ptmc_rep_cold,0.0000000000
METRIC,2026-04-15T15:32:44Z,15894584191583,2756,btc_qm_engine:btc_ptmc_accept,1.0000000000
METRIC,2026-04-15T15:32:44Z,15894585303173,2756,btc_qm_engine:btc_ptmc_rep_hot,2.0000000000
METRIC,2026-04-15T15:32:44Z,15894585782273,2756,btc_qm_engine:btc_ptmc_rep_cold,1.0000000000
METRIC,2026-04-15T15:32:44Z,15894586218593,2756,btc_qm_engine:btc_ptmc_accept,1.0000000000
METRIC,2026-04-15T15:32:44Z,15894586706273,2756,btc_qm_engine:btc_ptmc_rep_hot,3.0000000000
METRIC,2026-04-15T15:32:44Z,15894589474493,2756,btc_qm_engine:btc_ptmc_rep_cold,2.0000000000
METRIC,2026-04-15T15:32:44Z,15894590557603,2756,btc_qm_engine:btc_ptmc_accept,0.8464817249
METRIC,2026-04-15T15:32:44Z,15894591186253,2756,btc_qm_engine:btc_ptmc_rep_hot,4.0000000000
METRIC,2026-04-15T15:32:44Z,15894591705533,2756,btc_qm_engine:btc_ptmc_rep_cold,3.0000000000
METRIC,2026-04-15T15:32:44Z,15894592262933,2756,btc_qm_engine:btc_ptmc_accept,-0.9048374180
METRIC,2026-04-15T15:32:44Z,15894592740883,2756,btc_qm_engine:btc_ptmc_rep_hot,5.0000000000
METRIC,2026-04-15T15:32:44Z,15894593291203,2756,btc_qm_engine:btc_ptmc_rep_cold,4.0000000000
METRIC,2026-04-15T15:32:44Z,15894593754803,2756,btc_qm_engine:btc_ptmc_accept,1.0000000000
METRIC,2026-04-15T15:32:44Z,15894594360223,2756,btc_qm_engine:btc_ptmc_rep_hot,6.0000000000
METRIC,2026-04-15T15:32:44Z,15894594867733,2756,btc_qm_engine:btc_ptmc_rep_cold,5.0000000000
METRIC,2026-04-15T15:32:44Z,15894595369133,2756,btc_qm_engine:btc_ptmc_accept,1.0000000000
METRIC,2026-04-15T15:32:44Z,15894595871463,2756,btc_qm_engine:btc_ptmc_rep_hot,7.0000000000
METRIC,2026-04-15T15:32:44Z,15894596327933,2756,btc_qm_engine:btc_ptmc_rep_cold,6.0000000000
METRIC,2026-04-15T15:32:44Z,15894596763953,2756,btc_qm_engine:btc_ptmc_accept,1.0000000000
METRIC,2026-04-15T15:32:44Z,15894685537454,2756,btc_qm_engine:btc_ptmc_rep_hot,1.0000000000
METRIC,2026-04-15T15:32:44Z,15894686106104,2756,btc_qm_engine:btc_ptmc_rep_cold,0.0000000000
METRIC,2026-04-15T15:32:44Z,15894686720634,2756,btc_qm_engine:btc_ptmc_accept,1.0000000000
METRIC,2026-04-15T15:32:44Z,15894687349664,2756,btc_qm_engine:btc_ptmc_rep_hot,2.0000000000
METRIC,2026-04-15T15:32:44Z,15894687798374,2756,btc_qm_engine:btc_ptmc_rep_cold,1.0000000000
METRIC,2026-04-15T15:32:44Z,15894688383324,2756,btc_qm_engine:btc_ptmc_accept,1.0000000000
METRIC,2026-04-15T15:32:44Z,15894689046284,2756,btc_qm_engine:btc_ptmc_rep_hot,3.0000000000
METRIC,2026-04-15T15:32:44Z,15894689538104,2756,btc_qm_engine:btc_ptmc_rep_cold,2.0000000000
METRIC,2026-04-15T15:32:44Z,15894690006464,2756,btc_qm_engine:btc_ptmc_accept,1.0000000000
METRIC,2026-04-15T15:32:44Z,15894690533084,2756,btc_qm_engine:btc_ptmc_rep_hot,4.0000000000
METRIC,2026-04-15T15:32:44Z,15894691303684,2756,btc_qm_engine:btc_ptmc_rep_cold,3.0000000000
METRIC,2026-04-15T15:32:44Z,15894691709374,2756,btc_qm_engine:btc_ptmc_accept,1.0000000000
METRIC,2026-04-15T15:32:44Z,15894692156224,2756,btc_qm_engine:btc_ptmc_rep_hot,5.0000000000
METRIC,2026-04-15T15:32:44Z,15894692586874,2756,btc_qm_engine:btc_ptmc_rep_cold,4.0000000000
METRIC,2026-04-15T15:32:44Z,15894692966564,2756,btc_qm_engine:btc_ptmc_accept,1.0000000000
METRIC,2026-04-15T15:32:44Z,15894693462084,2756,btc_qm_engine:btc_ptmc_rep_hot,6.0000000000
METRIC,2026-04-15T15:32:44Z,15894693923604,2756,btc_qm_engine:btc_ptmc_rep_cold,5.0000000000
METRIC,2026-04-15T15:32:44Z,15894695581624,2756,btc_qm_engine:btc_ptmc_accept,1.0000000000
METRIC,2026-04-15T15:32:44Z,15894696125204,2756,btc_qm_engine:btc_ptmc_rep_hot,7.0000000000
METRIC,2026-04-15T15:32:44Z,15894696557094,2756,btc_qm_engine:btc_ptmc_rep_cold,6.0000000000
METRIC,2026-04-15T15:32:44Z,15894697148174,2756,btc_qm_engine:btc_ptmc_accept,1.0000000000
METRIC,2026-04-15T15:32:45Z,15894788593215,2756,btc_qm_engine:btc_ptmc_rep_hot,1.0000000000
METRIC,2026-04-15T15:32:45Z,15894789109265,2756,btc_qm_engine:btc_ptmc_rep_cold,0.0000000000
METRIC,2026-04-15T15:32:45Z,15894789572934,2756,btc_qm_engine:btc_ptmc_accept,1.0000000000
METRIC,2026-04-15T15:32:45Z,15894790063764,2756,btc_qm_engine:btc_ptmc_rep_hot,2.0000000000
METRIC,2026-04-15T15:32:45Z,15894790486275,2756,btc_qm_engine:btc_ptmc_rep_cold,1.0000000000
METRIC,2026-04-15T15:32:45Z,15894790915615,2756,btc_qm_engine:btc_ptmc_accept,0.7164924961
METRIC,2026-04-15T15:32:45Z,15894791463435,2756,btc_qm_engine:btc_ptmc_rep_hot,3.0000000000
METRIC,2026-04-15T15:32:45Z,15894791918255,2756,btc_qm_engine:btc_ptmc_rep_cold,2.0000000000
METRIC,2026-04-15T15:32:45Z,15894792551485,2756,btc_qm_engine:btc_ptmc_accept,-0.7165119046
METRIC,2026-04-15T15:32:45Z,15894793101665,2756,btc_qm_engine:btc_ptmc_rep_hot,4.0000000000
METRIC,2026-04-15T15:32:45Z,15894793580335,2756,btc_qm_engine:btc_ptmc_rep_cold,3.0000000000
METRIC,2026-04-15T15:32:45Z,15894794107335,2756,btc_qm_engine:btc_ptmc_accept,1.0000000000
METRIC,2026-04-15T15:32:45Z,15894794690655,2756,btc_qm_engine:btc_ptmc_rep_hot,5.0000000000
METRIC,2026-04-15T15:32:45Z,15894795252555,2756,btc_qm_engine:btc_ptmc_rep_cold,4.0000000000
METRIC,2026-04-15T15:32:45Z,15894795656865,2756,btc_qm_engine:btc_ptmc_accept,1.0000000000
METRIC,2026-04-15T15:32:45Z,15894796188985,2756,btc_qm_engine:btc_ptmc_rep_hot,6.0000000000
METRIC,2026-04-15T15:32:45Z,15894796638505,2756,btc_qm_engine:btc_ptmc_rep_cold,5.0000000000
METRIC,2026-04-15T15:32:45Z,15894797101045,2756,btc_qm_engine:btc_ptmc_accept,1.0000000000
METRIC,2026-04-15T15:32:45Z,15894797506165,2756,btc_qm_engine:btc_ptmc_rep_hot,7.0000000000
METRIC,2026-04-15T15:32:45Z,15894797976435,2756,btc_qm_engine:btc_ptmc_rep_cold,6.0000000000
METRIC,2026-04-15T15:32:45Z,15894798416765,2756,btc_qm_engine:btc_ptmc_accept,1.0000000000
METRIC,2026-04-15T15:32:45Z,15894893884565,2756,btc_qm_engine:btc_ptmc_rep_hot,1.0000000000
METRIC,2026-04-15T15:32:45Z,15894894510365,2756,btc_qm_engine:btc_ptmc_rep_cold,0.0000000000
METRIC,2026-04-15T15:32:45Z,15894895127415,2756,btc_qm_engine:btc_ptmc_accept,1.0000000000
METRIC,2026-04-15T15:32:45Z,15894895598775,2756,btc_qm_engine:btc_ptmc_rep_hot,2.0000000000
METRIC,2026-04-15T15:32:45Z,15894896081035,2756,btc_qm_engine:btc_ptmc_rep_cold,1.0000000000
METRIC,2026-04-15T15:32:45Z,15894896601745,2756,btc_qm_engine:btc_ptmc_accept,1.0000000000
METRIC,2026-04-15T15:32:45Z,15894897114555,2756,btc_qm_engine:btc_ptmc_rep_hot,3.0000000000
METRIC,2026-04-15T15:32:45Z,15894897556915,2756,btc_qm_engine:btc_ptmc_rep_cold,2.0000000000
METRIC,2026-04-15T15:32:45Z,15894898012645,2756,btc_qm_engine:btc_ptmc_accept,1.0000000000
METRIC,2026-04-15T15:32:45Z,15894898555435,2756,btc_qm_engine:btc_ptmc_rep_hot,4.0000000000
METRIC,2026-04-15T15:32:45Z,15894898998015,2756,btc_qm_engine:btc_ptmc_rep_cold,3.0000000000
METRIC,2026-04-15T15:32:45Z,15894899450595,2756,btc_qm_engine:btc_ptmc_accept,1.0000000000
METRIC,2026-04-15T15:32:45Z,15894899903035,2756,btc_qm_engine:btc_ptmc_rep_hot,5.0000000000
METRIC,2026-04-15T15:32:45Z,15894900353415,2756,btc_qm_engine:btc_ptmc_rep_cold,4.0000000000
METRIC,2026-04-15T15:32:45Z,15894900883325,2756,btc_qm_engine:btc_ptmc_accept,1.0000000000
METRIC,2026-04-15T15:32:45Z,15894901395555,2756,btc_qm_engine:btc_ptmc_rep_hot,6.0000000000
METRIC,2026-04-15T15:32:45Z,15894901931156,2756,btc_qm_engine:btc_ptmc_rep_cold,5.0000000000
METRIC,2026-04-15T15:32:45Z,15894902485106,2756,btc_qm_engine:btc_ptmc_accept,1.0000000000
METRIC,2026-04-15T15:32:45Z,15894903092755,2756,btc_qm_engine:btc_ptmc_rep_hot,7.0000000000
METRIC,2026-04-15T15:32:45Z,15894903597505,2756,btc_qm_engine:btc_ptmc_rep_cold,6.0000000000
METRIC,2026-04-15T15:32:45Z,15894904137565,2756,btc_qm_engine:btc_ptmc_accept,1.0000000000
METRIC,2026-04-15T15:32:45Z,15894993971256,2756,btc_qm_engine:btc_ptmc_rep_hot,1.0000000000
METRIC,2026-04-15T15:32:45Z,15894994530826,2756,btc_qm_engine:btc_ptmc_rep_cold,0.0000000000
METRIC,2026-04-15T15:32:45Z,15894994980306,2756,btc_qm_engine:btc_ptmc_accept,1.0000000000
METRIC,2026-04-15T15:32:45Z,15894995433616,2756,btc_qm_engine:btc_ptmc_rep_hot,2.0000000000
METRIC,2026-04-15T15:32:45Z,15894995869076,2756,btc_qm_engine:btc_ptmc_rep_cold,1.0000000000
METRIC,2026-04-15T15:32:45Z,15894996316306,2756,btc_qm_engine:btc_ptmc_accept,1.0000000000
METRIC,2026-04-15T15:32:45Z,15894996879776,2756,btc_qm_engine:btc_ptmc_rep_hot,3.0000000000
METRIC,2026-04-15T15:32:45Z,15894997458806,2756,btc_qm_engine:btc_ptmc_rep_cold,2.0000000000
METRIC,2026-04-15T15:32:45Z,15894997883216,2756,btc_qm_engine:btc_ptmc_accept,1.0000000000
METRIC,2026-04-15T15:32:45Z,15894998310696,2756,btc_qm_engine:btc_ptmc_rep_hot,4.0000000000
METRIC,2026-04-15T15:32:45Z,15894998737776,2756,btc_qm_engine:btc_ptmc_rep_cold,3.0000000000
METRIC,2026-04-15T15:32:45Z,15894999164336,2756,btc_qm_engine:btc_ptmc_accept,1.0000000000
METRIC,2026-04-15T15:32:45Z,15894999590406,2756,btc_qm_engine:btc_ptmc_rep_hot,5.0000000000
METRIC,2026-04-15T15:32:45Z,15895000058526,2756,btc_qm_engine:btc_ptmc_rep_cold,4.0000000000
METRIC,2026-04-15T15:32:45Z,15895000625646,2756,btc_qm_engine:btc_ptmc_accept,1.0000000000
METRIC,2026-04-15T15:32:45Z,15895002469416,2756,btc_qm_engine:btc_ptmc_rep_hot,6.0000000000
METRIC,2026-04-15T15:32:45Z,15895002954116,2756,btc_qm_engine:btc_ptmc_rep_cold,5.0000000000
METRIC,2026-04-15T15:32:45Z,15895003501296,2756,btc_qm_engine:btc_ptmc_accept,1.0000000000
METRIC,2026-04-15T15:32:45Z,15895004009406,2756,btc_qm_engine:btc_ptmc_rep_hot,7.0000000000
METRIC,2026-04-15T15:32:45Z,15895004495576,2756,btc_qm_engine:btc_ptmc_rep_cold,6.0000000000
METRIC,2026-04-15T15:32:45Z,15895004973956,2756,btc_qm_engine:btc_ptmc_accept,1.0000000000
METRIC,2026-04-15T15:32:45Z,15895062988047,2756,btc_qm_engine:btc_block_nonce,891993748.0000000000
METRIC,2026-04-15T15:32:45Z,15895063598717,2756,btc_qm_engine:btc_best_leading_zeros,18.0000000000
METRIC,2026-04-15T15:32:45Z,15895064139677,2756,btc_qm_engine:btc_block_valid,0.0000000000
ANOMALY,2026-04-15T15:32:45Z,15895064912907,2756,btc_qm_engine:btc_near_miss_or_valid,18.0000000000
METRIC,2026-04-15T15:32:45Z,15895065608607,2756,btc_qm_engine:btc_best_leading_zeros,18.0000000000
METRIC,2026-04-15T15:32:45Z,15895066857717,2756,btc_qm_engine:btc_nx48_csv_saved,1.0000000000
METRIC,2026-04-15T15:32:45Z,15895095056537,2756,btc_qm_engine:btc_ptmc_rep_hot,1.0000000000
METRIC,2026-04-15T15:32:45Z,15895095643447,2756,btc_qm_engine:btc_ptmc_rep_cold,0.0000000000
METRIC,2026-04-15T15:32:45Z,15895096204787,2756,btc_qm_engine:btc_ptmc_accept,1.0000000000
METRIC,2026-04-15T15:32:45Z,15895096763057,2756,btc_qm_engine:btc_ptmc_rep_hot,2.0000000000
METRIC,2026-04-15T15:32:45Z,15895097282147,2756,btc_qm_engine:btc_ptmc_rep_cold,1.0000000000
METRIC,2026-04-15T15:32:45Z,15895097818777,2756,btc_qm_engine:btc_ptmc_accept,-0.7165701146
METRIC,2026-04-15T15:32:45Z,15895098378617,2756,btc_qm_engine:btc_ptmc_rep_hot,3.0000000000
METRIC,2026-04-15T15:32:45Z,15895098892597,2756,btc_qm_engine:btc_ptmc_rep_cold,2.0000000000
METRIC,2026-04-15T15:32:45Z,15895099481237,2756,btc_qm_engine:btc_ptmc_accept,-0.8464931860
METRIC,2026-04-15T15:32:45Z,15895099980217,2756,btc_qm_engine:btc_ptmc_rep_hot,4.0000000000
METRIC,2026-04-15T15:32:45Z,15895100483547,2756,btc_qm_engine:btc_ptmc_rep_cold,3.0000000000
METRIC,2026-04-15T15:32:45Z,15895100997977,2756,btc_qm_engine:btc_ptmc_accept,1.0000000000
METRIC,2026-04-15T15:32:45Z,15895101502607,2756,btc_qm_engine:btc_ptmc_rep_hot,5.0000000000
METRIC,2026-04-15T15:32:45Z,15895102107057,2756,btc_qm_engine:btc_ptmc_rep_cold,4.0000000000
METRIC,2026-04-15T15:32:45Z,15895102637487,2756,btc_qm_engine:btc_ptmc_accept,1.0000000000
METRIC,2026-04-15T15:32:45Z,15895103230777,2756,btc_qm_engine:btc_ptmc_rep_hot,6.0000000000
METRIC,2026-04-15T15:32:45Z,15895103735597,2756,btc_qm_engine:btc_ptmc_rep_cold,5.0000000000
METRIC,2026-04-15T15:32:45Z,15895104276877,2756,btc_qm_engine:btc_ptmc_accept,1.0000000000
METRIC,2026-04-15T15:32:45Z,15895104781347,2756,btc_qm_engine:btc_ptmc_rep_hot,7.0000000000
METRIC,2026-04-15T15:32:45Z,15895105357557,2756,btc_qm_engine:btc_ptmc_rep_cold,6.0000000000
METRIC,2026-04-15T15:32:45Z,15895105945867,2756,btc_qm_engine:btc_ptmc_accept,1.0000000000
THREAD,2026-04-15T15:32:45Z,15895136954867,2756,btc_qm_engine:btc_mining_worker_END,139912867563200
THREAD,2026-04-15T15:32:45Z,15895137256707,2756,btc_qm_engine:btc_mining_worker_END,139912875955904
METRIC,2026-04-15T15:32:45Z,15895137611917,2756,btc_qm_engine:btc_nonces_total,689152.0000000000
METRIC,2026-04-15T15:32:45Z,15895138227107,2756,btc_qm_engine:btc_elapsed_s,2.0019765960
METRIC,2026-04-15T15:32:45Z,15895138639477,2756,btc_qm_engine:btc_hashrate_mhs_final,0.3442357925
METRIC,2026-04-15T15:32:45Z,15895139184378,2756,btc_qm_engine:btc_best_leading_zeros,18.0000000000
METRIC,2026-04-15T15:32:45Z,15895139661697,2756,btc_qm_engine:btc_best_nonce_final,891993748.0000000000
METRIC,2026-04-15T15:32:45Z,15895140117687,2756,btc_qm_engine:btc_block_valid,0.0000000000
METRIC,2026-04-15T15:32:45Z,15895140533177,2756,btc_qm_engine:btc_hashrate_gate_pass,1.0000000000
METRIC,2026-04-15T15:32:45Z,15895141041977,2756,btc_qm_engine:btc_memory_gate_pass,1.0000000000
MODULE_END,2026-04-15T15:32:45Z,15895141569937,2756,btc_qm_engine:btc_engine_run,2005934916
METRIC,2026-04-15T15:32:45Z,15895142147937,2756,btc_qm_engine:btc_nx48_csv_saved,1.0000000000
METRIC,2026-04-15T15:32:48Z,15898136277723,2756,btc_qm_engine:btc_ram_available_mb_end,18985.0000000000
METRIC,2026-04-15T15:32:48Z,15898137156503,2756,btc_qm_engine:btc_nx48_csv_saved,1.0000000000
METRIC,2026-04-15T15:32:48Z,15898137571913,2756,btc_qm_engine:btc_memory_gate_pass,1.0000000000
MODULE_END,2026-04-15T15:32:48Z,15898138144533,2756,btc_qm_engine:main_btc_mining,5002509512
METRIC,2026-04-15T15:32:48Z,15898138296623,2756,btc_qm_engine:btc_wallet_destroyed,1.0000000000
HW_SAMPLE,2026-04-15T15:32:48Z,15898148516823,2756,shutdown:cpu_delta_pct,50.0000
HW_SAMPLE,2026-04-15T15:32:48Z,15898148516823,2756,shutdown:mem_used_pct,70.4757
HW_SAMPLE,2026-04-15T15:32:48Z,15898148516823,2756,shutdown:vm_rss_kb,7792
