=== LOG FORENSIQUE ULTRA-STRICT v3.0 MODULE btc_qm_engine ===
Timestamp: 85438362068598 ns | PID: 4344 | Thread: 139927988538560
Standards: ISO/IEC 27037, NIST SP 800-86, IEEE 1012
=====================================================
[85438362365998] TEST_START: main_btc_mining | Source: src/main_btc_mining.c:160 in main()
[85438362499458] METRIC #1: btc_run_mode_hash = 66.0000000000 | Src: src/main_btc_mining.c:162 main()
[85438362860738] METRIC #2: btc_module_version = 17.0000000000 | Src: src/main_btc_mining.c:163 main()
[85438363519378] METRIC #3: btc_nx48_csv_loaded = 1.0000000000 | Src: src/nx48_btc_controller.c:272 nx48_btc_load_csv()
[85438363904048] METRIC #4: btc_nx48_init_loaded = 1.0000000000 | Src: src/nx48_btc_controller.c:83 nx48_btc_init()
[85438364318698] METRIC #5: btc_nx48_delta_nonce_scale = 1.0000000000 | Src: src/nx48_btc_controller.c:84 nx48_btc_init()
[85438364678548] METRIC #6: btc_nx48_n_replicas_scale = 1.0000000000 | Src: src/nx48_btc_controller.c:85 nx48_btc_init()
[85438365088068] METRIC #7: btc_nx48_swap_temp_scale = 1.0000000000 | Src: src/nx48_btc_controller.c:86 nx48_btc_init()
[85438365422218] METRIC #8: btc_nx48_batch_size_scale = 1.0000000000 | Src: src/nx48_btc_controller.c:87 nx48_btc_init()
[85438365787578] METRIC #9: btc_nx48_exploration_bias = 0.5000000000 | Src: src/nx48_btc_controller.c:88 nx48_btc_init()
[85438366523088] METRIC #10: btc_sha256_self_test_pass = 1.0000000000 | Src: src/sha256_lumvorax.c:350 lv_sha256_self_test()
[85438367102828] METRIC #11: btc_sha256_self_test_pass = 1.0000000000 | Src: src/sha256_lumvorax.c:350 lv_sha256_self_test()
[85438367564258] METRIC #12: btc_integrity_gate_pass = 1.0000000000 | Src: src/btc_mining_engine.c:405 btc_engine_run()
[85438367959187] TEST_START: btc_engine_create | Source: src/btc_mining_engine.c:153 in engine_create()
[85438368107327] METRIC #13: btc_n_replicas = 8.0000000000 | Src: src/btc_mining_engine.c:154 engine_create()
[85438368511977] METRIC #14: btc_n_threads = 4.0000000000 | Src: src/btc_mining_engine.c:155 engine_create()
[85438368863007] METRIC #15: btc_batch_size = 256.0000000000 | Src: src/btc_mining_engine.c:156 engine_create()
[85438369265177] METRIC #16: btc_nonce_start = 0.0000000000 | Src: src/btc_mining_engine.c:157 engine_create()
[85438369678897] METRIC #17: btc_nonce_end = 4294967295.0000000000 | Src: src/btc_mining_engine.c:158 engine_create()
[85438370081568] METRIC #18: btc_duration_s = 5.0000000000 | Src: src/btc_mining_engine.c:159 engine_create()
[85438370413607] METRIC #19: btc_replica_idx = 0.0000000000 | Src: src/btc_mining_engine.c:163 engine_create()
[85438370751907] METRIC #20: btc_replica_nonce = 0.0000000000 | Src: src/btc_mining_engine.c:163 engine_create()
[85438371098467] METRIC #21: btc_replica_temp = 1.0000000000 | Src: src/btc_mining_engine.c:163 engine_create()
[85438371428297] METRIC #22: btc_replica_leading = 0.0000000000 | Src: src/btc_mining_engine.c:163 engine_create()
[85438371766097] METRIC #23: btc_replica_idx = 1.0000000000 | Src: src/btc_mining_engine.c:163 engine_create()
[85438372140267] METRIC #24: btc_replica_nonce = 536870911.0000000000 | Src: src/btc_mining_engine.c:163 engine_create()
[85438372505457] METRIC #25: btc_replica_temp = 2.0000000000 | Src: src/btc_mining_engine.c:163 engine_create()
[85438372865737] METRIC #26: btc_replica_leading = 0.0000000000 | Src: src/btc_mining_engine.c:163 engine_create()
[85438373288127] METRIC #27: btc_replica_idx = 2.0000000000 | Src: src/btc_mining_engine.c:163 engine_create()
[85438373688107] METRIC #28: btc_replica_nonce = 1073741822.0000000000 | Src: src/btc_mining_engine.c:163 engine_create()
[85438374095397] METRIC #29: btc_replica_temp = 4.0000000000 | Src: src/btc_mining_engine.c:163 engine_create()
[85438374472657] METRIC #30: btc_replica_leading = 0.0000000000 | Src: src/btc_mining_engine.c:163 engine_create()
[85438374859577] METRIC #31: btc_replica_idx = 3.0000000000 | Src: src/btc_mining_engine.c:163 engine_create()
[85438375275897] METRIC #32: btc_replica_nonce = 1610612733.0000000000 | Src: src/btc_mining_engine.c:163 engine_create()
[85438375693167] METRIC #33: btc_replica_temp = 8.0000000000 | Src: src/btc_mining_engine.c:163 engine_create()
[85438376069617] METRIC #34: btc_replica_leading = 0.0000000000 | Src: src/btc_mining_engine.c:163 engine_create()
[85438376443607] METRIC #35: btc_replica_idx = 4.0000000000 | Src: src/btc_mining_engine.c:163 engine_create()
[85438376817167] METRIC #36: btc_replica_nonce = 2147483644.0000000000 | Src: src/btc_mining_engine.c:163 engine_create()
[85438377245537] METRIC #37: btc_replica_temp = 12.0000000000 | Src: src/btc_mining_engine.c:163 engine_create()
[85438377647797] METRIC #38: btc_replica_leading = 0.0000000000 | Src: src/btc_mining_engine.c:163 engine_create()
[85438378081887] METRIC #39: btc_replica_idx = 5.0000000000 | Src: src/btc_mining_engine.c:163 engine_create()
[85438378490427] METRIC #40: btc_replica_nonce = 2684354555.0000000000 | Src: src/btc_mining_engine.c:163 engine_create()
[85438378888137] METRIC #41: btc_replica_temp = 20.0000000000 | Src: src/btc_mining_engine.c:163 engine_create()
[85438379259727] METRIC #42: btc_replica_leading = 0.0000000000 | Src: src/btc_mining_engine.c:163 engine_create()
[85438379692747] METRIC #43: btc_replica_idx = 6.0000000000 | Src: src/btc_mining_engine.c:163 engine_create()
[85438380091107] METRIC #44: btc_replica_nonce = 3221225466.0000000000 | Src: src/btc_mining_engine.c:163 engine_create()
[85438380454837] METRIC #45: btc_replica_temp = 35.0000000000 | Src: src/btc_mining_engine.c:163 engine_create()
[85438380816517] METRIC #46: btc_replica_leading = 0.0000000000 | Src: src/btc_mining_engine.c:163 engine_create()
[85438381248137] METRIC #47: btc_replica_idx = 7.0000000000 | Src: src/btc_mining_engine.c:163 engine_create()
[85438381618007] METRIC #48: btc_replica_nonce = 3758096377.0000000000 | Src: src/btc_mining_engine.c:163 engine_create()
[85438381979117] METRIC #49: btc_replica_temp = 50.0000000000 | Src: src/btc_mining_engine.c:163 engine_create()
[85438382424257] METRIC #50: btc_replica_leading = 0.0000000000 | Src: src/btc_mining_engine.c:163 engine_create()
[85438382796397] METRIC #51: btc_midstate_applied = 1.0000000000 | Src: src/btc_mining_engine.c:415 btc_engine_run()
[85438383877797] METRIC #52: btc_block_nonce = 14252.0000000000 | Src: src/btc_mining_engine.c:298 btc_mining_thread()
