[NS_SOLVER][DEBUG] Grille 64x64 | dx=0.0156 dy=0.0156 | Re=100.0 | dt=0.001000
[NS_SOLVER][DEBUG] Mémoire : u=4290 v=4290 p=4356 doubles
[NS][step=00100] Poisson_res=9.97e-06 | u_max=0.8420 | v_max=0.3629
[NS][step=00200] Poisson_res=9.94e-06 | u_max=0.8836 | v_max=0.4028
[NS][step=00300] Poisson_res=9.98e-06 | u_max=0.9017 | v_max=0.4199
[NS][step=00400] Poisson_res=9.99e-06 | u_max=0.9126 | v_max=0.4391
[NS][step=00500] Poisson_res=9.94e-06 | u_max=0.9200 | v_max=0.4525
[NS][step=00600] Poisson_res=9.96e-06 | u_max=0.9254 | v_max=0.4615
[NS][step=00700] Poisson_res=9.95e-06 | u_max=0.9296 | v_max=0.4679
[NS][step=00800] Poisson_res=9.80e-06 | u_max=0.9328 | v_max=0.4744
[NS][step=00900] Poisson_res=9.50e-06 | u_max=0.9355 | v_max=0.4817
[NS][step=01000] Poisson_res=9.13e-06 | u_max=0.9376 | v_max=0.4873
[NS][step=01100] Poisson_res=9.81e-06 | u_max=0.9394 | v_max=0.4918
[NS][step=01200] Poisson_res=9.27e-06 | u_max=0.9410 | v_max=0.4955
[NS][step=01300] Poisson_res=8.36e-06 | u_max=0.9422 | v_max=0.4984
[NS][step=01400] Poisson_res=9.58e-06 | u_max=0.9433 | v_max=0.5009
[NS][step=01500] Poisson_res=7.93e-06 | u_max=0.9443 | v_max=0.5029
[NS][step=01600] Poisson_res=8.02e-06 | u_max=0.9451 | v_max=0.5046
[NS][step=01700] Poisson_res=7.60e-06 | u_max=0.9458 | v_max=0.5063
[NS][step=01800] Poisson_res=9.99e-06 | u_max=0.9463 | v_max=0.5085
[NS][step=01900] Poisson_res=9.42e-06 | u_max=0.9469 | v_max=0.5104
[NS][step=02000] Poisson_res=6.87e-06 | u_max=0.9473 | v_max=0.5120
[NS][step=02100] Poisson_res=7.05e-06 | u_max=0.9477 | v_max=0.5135
[NS][step=02200] Poisson_res=7.50e-06 | u_max=0.9481 | v_max=0.5148
[NS][step=02300] Poisson_res=9.35e-06 | u_max=0.9484 | v_max=0.5159
[NS][step=02400] Poisson_res=8.09e-06 | u_max=0.9487 | v_max=0.5169
[NS][step=02500] Poisson_res=9.39e-06 | u_max=0.9490 | v_max=0.5178
[NS][step=02600] Poisson_res=7.79e-06 | u_max=0.9492 | v_max=0.5186
[NS][step=02700] Poisson_res=7.73e-06 | u_max=0.9494 | v_max=0.5193
[NS][step=02800] Poisson_res=7.05e-06 | u_max=0.9496 | v_max=0.5200
[NS][step=02900] Poisson_res=7.49e-06 | u_max=0.9498 | v_max=0.5205
[NS][step=03000] Poisson_res=8.25e-06 | u_max=0.9499 | v_max=0.5211
[NS][step=03100] Poisson_res=6.08e-06 | u_max=0.9501 | v_max=0.5217
[NS][step=03200] Poisson_res=8.45e-06 | u_max=0.9502 | v_max=0.5223
[NS][step=03300] Poisson_res=6.76e-06 | u_max=0.9503 | v_max=0.5228
[NS][step=03400] Poisson_res=9.91e-06 | u_max=0.9504 | v_max=0.5233
[NS][step=03500] Poisson_res=9.79e-06 | u_max=0.9506 | v_max=0.5238
[NS][step=03600] Poisson_res=6.69e-06 | u_max=0.9506 | v_max=0.5242
[NS][step=03700] Poisson_res=9.49e-06 | u_max=0.9507 | v_max=0.5246
[NS][step=03800] Poisson_res=9.47e-06 | u_max=0.9508 | v_max=0.5249
[NS][step=03900] Poisson_res=9.23e-06 | u_max=0.9509 | v_max=0.5253
[NS][step=04000] Poisson_res=7.33e-06 | u_max=0.9510 | v_max=0.5256
[NS][step=04100] Poisson_res=8.79e-06 | u_max=0.9511 | v_max=0.5258
[NS][step=04200] Poisson_res=7.11e-06 | u_max=0.9511 | v_max=0.5261
[NS][step=04300] Poisson_res=8.74e-06 | u_max=0.9512 | v_max=0.5264
[NS][step=04400] Poisson_res=8.47e-06 | u_max=0.9513 | v_max=0.5266
[NS][step=04500] Poisson_res=8.20e-06 | u_max=0.9513 | v_max=0.5268
[NS][step=04600] Poisson_res=8.60e-06 | u_max=0.9514 | v_max=0.5270
[NS][step=04700] Poisson_res=8.61e-06 | u_max=0.9514 | v_max=0.5272
[NS][step=04800] Poisson_res=8.07e-06 | u_max=0.9515 | v_max=0.5274
[NS][step=04900] Poisson_res=8.93e-06 | u_max=0.9515 | v_max=0.5275
[NS][step=05000] Poisson_res=8.31e-06 | u_max=0.9516 | v_max=0.5277
[NS_LID_DRIVEN][START] Benchmark Lid-Driven Cavity Re=100
[REFERENCE] Ghia et al. 1982 — 17 points profil u + 17 profil v
[MODE] DEBUG | CERTIFIED_100=false

[PARAMS] nx=64 ny=64 | Re=100.0 | dt=0.0010 | steps=5000

[NS_LID_DRIVEN][RUN] Démarrage simulation...
[NS_LID_DRIVEN][RUN] 5000 pas effectués

[VALIDATION] Profil u(x=0.5, y) — 17 points Ghia Re=100
y_Ghia    u_Ghia        u_sim         erreur    
  0.0000    +0.000000    -0.005281    0.0053
  0.0547    -0.037170    -0.032870    0.0043
  0.0625    -0.041920    -0.036964    0.0050
  0.0703    -0.047750    -0.041058    0.0067
  0.1016    -0.064340    -0.056548    0.0078
  0.1719    -0.101500    -0.089248    0.0123
  0.2813    -0.156620    -0.141015    0.0156
  0.4531    -0.210900    -0.205923    0.0050
  0.5000    -0.205810    -0.206939    0.0011
  0.6172    -0.136410    -0.151360    0.0149
  0.7344    +0.003320    -0.013519    0.0168
  0.8516    +0.231510    +0.224198    0.0073
  0.9531    +0.687170    +0.687536    0.0004
  0.9609    +0.737220    +0.736767    0.0005
  0.9688    +0.788710    +0.789452    0.0007
  0.9766    +0.841230    +0.841489    0.0003
  1.0000    +1.000000    +1.000000    0.0000
  L∞(u) = 0.0168 | Lmoy(u) = 0.0061 | Tolérance = 0.05

[VALIDATION] Profil v(x, y=0.5) — 17 points Ghia Re=100
x_Ghia    v_Ghia        v_sim         erreur    
  0.0000    +0.000000    +0.013337    0.0133
  0.0625    +0.092330    +0.085743    0.0066
  0.0703    +0.100910    +0.093981    0.0069
  0.0781    +0.108900    +0.101127    0.0078
  0.0938    +0.123170    +0.114491    0.0087
  0.1563    +0.160770    +0.149916    0.0109
  0.2266    +0.175070    +0.164686    0.0104
  0.2344    +0.175270    +0.164980    0.0103
  0.5000    +0.054540    +0.061959    0.0074
  0.8047    -0.245330    -0.243219    0.0021
  0.8594    -0.224450    -0.226829    0.0024
  0.9063    -0.169140    -0.173505    0.0044
  0.9453    -0.103130    -0.107217    0.0041
  0.9531    -0.088640    -0.092192    0.0036
  0.9609    -0.073910    -0.077166    0.0033
  0.9688    -0.059060    -0.061534    0.0025
  1.0000    +0.000000    -0.015177    0.0152
  L∞(v) = 0.0152 | Lmoy(v) = 0.0070 | Tolérance = 0.05

[VERDICT] Profil u : PASS ✓ (L∞=0.0168)
[VERDICT] Profil v : PASS ✓ (L∞=0.0152)
[VERDICT] GLOBAL : PASS ✓
[WALL_TIME] 3.907 s | [STEPS] 5000
[NOTE] CERTIFIED_100=false | unique_human_proven=false
