Collecting azure-cli
  Downloading azure_cli-2.86.0-py3-none-any.whl.metadata (9.0 kB)
Collecting antlr4-python3-runtime~=4.13.1 (from azure-cli)
  Downloading antlr4_python3_runtime-4.13.2-py3-none-any.whl.metadata (304 bytes)
Collecting azure-appconfiguration~=1.7.2 (from azure-cli)
  Downloading azure_appconfiguration-1.7.2-py3-none-any.whl.metadata (19 kB)
Collecting azure-ai-projects~=1.0.0 (from azure-cli)
  Downloading azure_ai_projects-1.0.0-py3-none-any.whl.metadata (21 kB)
Collecting azure-batch==15.0.0b1 (from azure-cli)
  Downloading azure_batch-15.0.0b1-py3-none-any.whl.metadata (1.7 kB)
Collecting azure-cli-core==2.86.0 (from azure-cli)
  Downloading azure_cli_core-2.86.0-py3-none-any.whl.metadata (2.0 kB)
Collecting azure-cosmos>=3.0.2,~=3.0 (from azure-cli)
  Downloading azure_cosmos-3.2.0-py2.py3-none-any.whl.metadata (22 kB)
Collecting azure-data-tables==12.4.0 (from azure-cli)
  Downloading azure_data_tables-12.4.0-py3-none-any.whl.metadata (31 kB)
Collecting azure-datalake-store~=1.0.1 (from azure-cli)
  Downloading azure_datalake_store-1.0.1-py2.py3-none-any.whl.metadata (19 kB)
Collecting azure-keyvault-administration==4.4.0 (from azure-cli)
  Downloading azure_keyvault_administration-4.4.0-py3-none-any.whl.metadata (30 kB)
Collecting azure-keyvault-certificates==4.7.0 (from azure-cli)
  Downloading azure_keyvault_certificates-4.7.0-py3-none-any.whl.metadata (34 kB)
Collecting azure-keyvault-keys==4.11.0 (from azure-cli)
  Downloading azure_keyvault_keys-4.11.0-py3-none-any.whl.metadata (21 kB)
Collecting azure-keyvault-secrets==4.7.0 (from azure-cli)
  Downloading azure_keyvault_secrets-4.7.0-py3-none-any.whl.metadata (28 kB)
Collecting azure-keyvault-securitydomain==1.0.0b1 (from azure-cli)
  Downloading azure_keyvault_securitydomain-1.0.0b1-py3-none-any.whl.metadata (10 kB)
Collecting azure-mgmt-advisor==9.0.0 (from azure-cli)
  Downloading azure_mgmt_advisor-9.0.0-py2.py3-none-any.whl.metadata (8.6 kB)
Collecting azure-mgmt-apimanagement==4.0.0 (from azure-cli)
  Downloading azure_mgmt_apimanagement-4.0.0-py3-none-any.whl.metadata (24 kB)
Collecting azure-mgmt-appconfiguration==6.0.0b1 (from azure-cli)
  Downloading azure_mgmt_appconfiguration-6.0.0b1-py3-none-any.whl.metadata (12 kB)
Collecting azure-mgmt-appcontainers==2.0.0 (from azure-cli)
  Downloading azure_mgmt_appcontainers-2.0.0-py3-none-any.whl.metadata (19 kB)
Collecting azure-mgmt-applicationinsights~=1.0.0 (from azure-cli)
  Downloading azure_mgmt_applicationinsights-1.0.0-py2.py3-none-any.whl.metadata (11 kB)
Collecting azure-mgmt-authorization==5.0.0b1 (from azure-cli)
  Downloading azure_mgmt_authorization-5.0.0b1-py3-none-any.whl.metadata (32 kB)
Collecting azure-mgmt-batchai==7.0.0b1 (from azure-cli)
  Downloading azure_mgmt_batchai-7.0.0b1-py2.py3-none-any.whl.metadata (8.9 kB)
Collecting azure-mgmt-batch~=17.3.0 (from azure-cli)
  Downloading azure_mgmt_batch-17.3.0-py3-none-any.whl.metadata (19 kB)
Collecting azure-mgmt-billing==6.0.0 (from azure-cli)
  Downloading azure_mgmt_billing-6.0.0-py2.py3-none-any.whl.metadata (7.5 kB)
Collecting azure-mgmt-botservice~=2.0.0b3 (from azure-cli)
  Downloading azure_mgmt_botservice-2.0.0-py3-none-any.whl.metadata (18 kB)
Collecting azure-mgmt-cdn==12.0.0 (from azure-cli)
  Downloading azure_mgmt_cdn-12.0.0-py3-none-any.whl.metadata (25 kB)
Collecting azure-mgmt-cognitiveservices~=15.0.0b1 (from azure-cli)
  Downloading azure_mgmt_cognitiveservices-15.0.0b1-py3-none-any.whl.metadata (41 kB)
Collecting azure-mgmt-compute~=34.1.0 (from azure-cli)
  Downloading azure_mgmt_compute-34.1.0-py3-none-any.whl.metadata (73 kB)
Collecting azure-mgmt-containerinstance==10.2.0b1 (from azure-cli)
  Downloading azure_mgmt_containerinstance-10.2.0b1-py3-none-any.whl.metadata (14 kB)
Collecting azure-mgmt-containerregistry==15.1.0b1 (from azure-cli)
  Downloading azure_mgmt_containerregistry-15.1.0b1-py3-none-any.whl.metadata (43 kB)
Collecting azure-mgmt-containerregistrytasks==1.0.0b1 (from azure-cli)
  Downloading azure_mgmt_containerregistrytasks-1.0.0b1-py3-none-any.whl.metadata (5.0 kB)
Collecting azure-mgmt-containerservice~=41.1.0 (from azure-cli)
  Downloading azure_mgmt_containerservice-41.1.0-py3-none-any.whl.metadata (111 kB)
Collecting azure-mgmt-cosmosdb==9.9.0 (from azure-cli)
  Downloading azure_mgmt_cosmosdb-9.9.0-py3-none-any.whl.metadata (118 kB)
Collecting azure-mgmt-datalake-store~=1.1.0b1 (from azure-cli)
  Downloading azure_mgmt_datalake_store-1.1.0b1-py3-none-any.whl.metadata (13 kB)
Collecting azure-mgmt-datamigration~=10.0.0 (from azure-cli)
  Downloading azure_mgmt_datamigration-10.0.0-py2.py3-none-any.whl.metadata (13 kB)
Collecting azure-mgmt-eventgrid==10.2.0b2 (from azure-cli)
  Downloading azure_mgmt_eventgrid-10.2.0b2-py3-none-any.whl.metadata (23 kB)
Collecting azure-mgmt-eventhub~=12.0.0b1 (from azure-cli)
  Downloading azure_mgmt_eventhub-12.0.0b1-py3-none-any.whl.metadata (19 kB)
Collecting azure-mgmt-extendedlocation==1.0.0b2 (from azure-cli)
  Downloading azure_mgmt_extendedlocation-1.0.0b2-py2.py3-none-any.whl.metadata (2.4 kB)
Collecting azure-mgmt-hdinsight==9.1.0b2 (from azure-cli)
  Downloading azure_mgmt_hdinsight-9.1.0b2-py3-none-any.whl.metadata (15 kB)
Collecting azure-mgmt-imagebuilder~=1.3.0 (from azure-cli)
  Downloading azure_mgmt_imagebuilder-1.3.0-py3-none-any.whl.metadata (9.4 kB)
Collecting azure-mgmt-iotcentral~=10.0.0b1 (from azure-cli)
  Downloading azure_mgmt_iotcentral-10.0.0b2-py3-none-any.whl.metadata (8.3 kB)
Collecting azure-mgmt-iothub==5.0.0b1 (from azure-cli)
  Downloading azure_mgmt_iothub-5.0.0b1-py3-none-any.whl.metadata (17 kB)
Collecting azure-mgmt-iothubprovisioningservices==1.1.0 (from azure-cli)
  Downloading azure_mgmt_iothubprovisioningservices-1.1.0-py3-none-any.whl.metadata (7.3 kB)
Collecting azure-mgmt-keyvault==13.0.0 (from azure-cli)
  Downloading azure_mgmt_keyvault-13.0.0-py3-none-any.whl.metadata (19 kB)
Collecting azure-mgmt-loganalytics==13.0.0b4 (from azure-cli)
  Downloading azure_mgmt_loganalytics-13.0.0b4-py3-none-any.whl.metadata (17 kB)
Collecting azure-mgmt-managementgroups~=1.0.0 (from azure-cli)
  Downloading azure_mgmt_managementgroups-1.0.0-py2.py3-none-any.whl.metadata (5.6 kB)
Collecting azure-mgmt-maps~=2.0.0 (from azure-cli)
  Downloading azure_mgmt_maps-2.0.0-py2.py3-none-any.whl.metadata (5.6 kB)
Collecting azure-mgmt-marketplaceordering==1.1.0 (from azure-cli)
  Downloading azure_mgmt_marketplaceordering-1.1.0-py2.py3-none-any.whl.metadata (7.5 kB)
Collecting azure-mgmt-media~=9.0 (from azure-cli)
  Downloading azure_mgmt_media-9.0.0-py3-none-any.whl.metadata (14 kB)
Collecting azure-mgmt-monitor~=7.0.0b1 (from azure-cli)
  Downloading azure_mgmt_monitor-7.0.0-py3-none-any.whl.metadata (63 kB)
Collecting azure-mgmt-msi~=7.1.0 (from azure-cli)
  Downloading azure_mgmt_msi-7.1.0-py3-none-any.whl.metadata (9.0 kB)
Collecting azure-mgmt-netapp~=10.1.0 (from azure-cli)
  Downloading azure_mgmt_netapp-10.1.0-py3-none-any.whl.metadata (21 kB)
Collecting azure-mgmt-policyinsights==1.1.0b4 (from azure-cli)
  Downloading azure_mgmt_policyinsights-1.1.0b4-py3-none-any.whl.metadata (11 kB)
Collecting azure-mgmt-postgresqlflexibleservers==3.0.0b1 (from azure-cli)
  Downloading azure_mgmt_postgresqlflexibleservers-3.0.0b1-py3-none-any.whl.metadata (28 kB)
Collecting azure-mgmt-privatedns~=1.0.0 (from azure-cli)
  Downloading azure_mgmt_privatedns-1.0.0-py2.py3-none-any.whl.metadata (4.9 kB)
Collecting azure-mgmt-rdbms==10.2.0b17 (from azure-cli)
  Downloading azure_mgmt_rdbms-10.2.0b17-py3-none-any.whl.metadata (31 kB)
Collecting azure-mgmt-mysqlflexibleservers==1.1.0b2 (from azure-cli)
  Downloading azure_mgmt_mysqlflexibleservers-1.1.0b2-py3-none-any.whl.metadata (5.0 kB)
Collecting azure-mgmt-recoveryservicesbackup~=9.2.0 (from azure-cli)
  Downloading azure_mgmt_recoveryservicesbackup-9.2.0-py3-none-any.whl.metadata (37 kB)
Collecting azure-mgmt-recoveryservices~=4.0.0 (from azure-cli)
  Downloading azure_mgmt_recoveryservices-4.0.0-py3-none-any.whl.metadata (16 kB)
Collecting azure-mgmt-redhatopenshift~=3.0.0 (from azure-cli)
  Downloading azure_mgmt_redhatopenshift-3.0.0-py3-none-any.whl.metadata (9.9 kB)
Collecting azure-mgmt-redis~=14.5.0 (from azure-cli)
  Downloading azure_mgmt_redis-14.5.0-py3-none-any.whl.metadata (17 kB)
Collecting azure-mgmt-resource==24.0.0 (from azure-cli)
  Downloading azure_mgmt_resource-24.0.0-py3-none-any.whl.metadata (43 kB)
Collecting azure-mgmt-resource-deployments==1.0.0b1 (from azure-cli)
  Downloading azure_mgmt_resource_deployments-1.0.0b1-py3-none-any.whl.metadata (3.2 kB)
Collecting azure-mgmt-resource-deploymentscripts==1.0.0b1 (from azure-cli)
  Downloading azure_mgmt_resource_deploymentscripts-1.0.0b1-py3-none-any.whl.metadata (3.2 kB)
Collecting azure-mgmt-resource-deploymentstacks==1.0.0 (from azure-cli)
  Downloading azure_mgmt_resource_deploymentstacks-1.0.0-py3-none-any.whl.metadata (9.0 kB)
Collecting azure-mgmt-resource-templatespecs==1.0.0b1 (from azure-cli)
  Downloading azure_mgmt_resource_templatespecs-1.0.0b1-py3-none-any.whl.metadata (3.2 kB)
Collecting azure-mgmt-search~=9.0 (from azure-cli)
  Downloading azure_mgmt_search-9.2.0-py3-none-any.whl.metadata (14 kB)
Collecting azure-mgmt-security==6.0.0 (from azure-cli)
  Downloading azure_mgmt_security-6.0.0-py3-none-any.whl.metadata (31 kB)
Collecting azure-mgmt-servicebus~=10.0.0b1 (from azure-cli)
  Downloading azure_mgmt_servicebus-10.0.0b1-py3-none-any.whl.metadata (16 kB)
Collecting azure-mgmt-servicefabricmanagedclusters==2.1.0b1 (from azure-cli)
  Downloading azure_mgmt_servicefabricmanagedclusters-2.1.0b1-py3-none-any.whl.metadata (14 kB)
Collecting azure-mgmt-servicelinker==1.2.0b3 (from azure-cli)
  Downloading azure_mgmt_servicelinker-1.2.0b3-py3-none-any.whl.metadata (7.5 kB)
Collecting azure-mgmt-servicefabric~=2.1.0 (from azure-cli)
  Downloading azure_mgmt_servicefabric-2.1.0-py3-none-any.whl.metadata (13 kB)
Collecting azure-mgmt-signalr==2.0.0b2 (from azure-cli)
  Downloading azure_mgmt_signalr-2.0.0b2-py3-none-any.whl.metadata (10 kB)
Collecting azure-mgmt-sqlvirtualmachine==1.0.0b5 (from azure-cli)
  Downloading azure_mgmt_sqlvirtualmachine-1.0.0b5-py3-none-any.whl.metadata (8.8 kB)
Collecting azure-mgmt-sql==4.0.0b22 (from azure-cli)
  Downloading azure_mgmt_sql-4.0.0b22-py3-none-any.whl.metadata (82 kB)
Collecting azure-mgmt-storage==24.0.0 (from azure-cli)
  Downloading azure_mgmt_storage-24.0.0-py3-none-any.whl.metadata (36 kB)
Collecting azure-mgmt-synapse==2.1.0b5 (from azure-cli)
  Downloading azure_mgmt_synapse-2.1.0b5-py3-none-any.whl.metadata (15 kB)
Collecting azure-mgmt-trafficmanager~=1.0.0 (from azure-cli)
  Downloading azure_mgmt_trafficmanager-1.0.0-py3-none-any.whl.metadata (7.8 kB)
Collecting azure-mgmt-web==9.0.0 (from azure-cli)
  Downloading azure_mgmt_web-9.0.0-py3-none-any.whl.metadata (89 kB)
Collecting azure-monitor-query==1.2.0 (from azure-cli)
  Downloading azure_monitor_query-1.2.0-py3-none-any.whl.metadata (32 kB)
Collecting azure-storage-common~=1.4 (from azure-cli)
  Downloading azure_storage_common-1.4.2-py2.py3-none-any.whl.metadata (8.1 kB)
Collecting azure-storage-blob==12.29.0b1 (from azure-cli)
  Downloading azure_storage_blob-12.29.0b1-py3-none-any.whl.metadata (26 kB)
Collecting azure-storage-file-datalake==12.24.0b1 (from azure-cli)
  Downloading azure_storage_file_datalake-12.24.0b1-py3-none-any.whl.metadata (16 kB)
Collecting azure-storage-file-share==12.25.0b1 (from azure-cli)
  Downloading azure_storage_file_share-12.25.0b1-py3-none-any.whl.metadata (54 kB)
Collecting azure-storage-queue==12.16.0b1 (from azure-cli)
  Downloading azure_storage_queue-12.16.0b1-py3-none-any.whl.metadata (38 kB)
Collecting azure-synapse-accesscontrol~=0.5.0 (from azure-cli)
  Downloading azure_synapse_accesscontrol-0.5.0-py2.py3-none-any.whl.metadata (2.1 kB)
Collecting azure-synapse-artifacts~=0.22.0 (from azure-cli)
  Downloading azure_synapse_artifacts-0.22.0-py3-none-any.whl.metadata (36 kB)
Collecting azure-synapse-managedprivateendpoints~=0.4.0 (from azure-cli)
  Downloading azure_synapse_managedprivateendpoints-0.4.0-py2.py3-none-any.whl.metadata (2.3 kB)
Collecting azure-synapse-spark~=0.7.0 (from azure-cli)
  Downloading azure_synapse_spark-0.7.0-py2.py3-none-any.whl.metadata (2.5 kB)
Collecting chardet~=5.2.0 (from azure-cli)
  Downloading chardet-5.2.0-py3-none-any.whl.metadata (3.4 kB)
Collecting colorama~=0.4.4 (from azure-cli)
  Downloading colorama-0.4.6-py2.py3-none-any.whl.metadata (17 kB)
Collecting distro (from azure-cli)
  Downloading distro-1.9.0-py3-none-any.whl.metadata (6.8 kB)
Collecting fabric~=3.2.2 (from azure-cli)
  Downloading fabric-3.2.3-py3-none-any.whl.metadata (3.7 kB)
Collecting javaproperties~=0.5.1 (from azure-cli)
  Downloading javaproperties-0.5.2-py2.py3-none-any.whl.metadata (5.8 kB)
Collecting jsondiff~=2.0.0 (from azure-cli)
  Downloading jsondiff-2.0.0-py3-none-any.whl.metadata (562 bytes)
Collecting packaging>=20.9 (from azure-cli)
  Using cached packaging-26.2-py3-none-any.whl.metadata (3.5 kB)
Collecting paramiko<4.0.0,>=2.0.8 (from azure-cli)
  Downloading paramiko-3.5.1-py3-none-any.whl.metadata (4.6 kB)
Collecting pycomposefile>=0.0.34 (from azure-cli)
  Downloading pycomposefile-0.0.34-py3-none-any.whl.metadata (421 bytes)
Collecting PyGithub~=1.38 (from azure-cli)
  Downloading PyGithub-1.59.1-py3-none-any.whl.metadata (2.0 kB)
Collecting PyNaCl~=1.6.2 (from azure-cli)
  Downloading pynacl-1.6.2-cp38-abi3-manylinux_2_34_x86_64.whl.metadata (10.0 kB)
Collecting scp~=0.13.2 (from azure-cli)
  Downloading scp-0.13.6-py2.py3-none-any.whl.metadata (4.5 kB)
Collecting semver~=3.0 (from azure-cli)
  Downloading semver-3.0.4-py3-none-any.whl.metadata (6.8 kB)
Collecting setuptools (from azure-cli)
  Downloading setuptools-82.0.1-py3-none-any.whl.metadata (6.5 kB)
Collecting six>=1.10.0 (from azure-cli)
  Using cached six-1.17.0-py2.py3-none-any.whl.metadata (1.7 kB)
Collecting sshtunnel~=0.1.4 (from azure-cli)
  Downloading sshtunnel-0.1.5-py2.py3-none-any.whl.metadata (17 kB)
Collecting tabulate (from azure-cli)
  Downloading tabulate-0.10.0-py3-none-any.whl.metadata (40 kB)
Collecting urllib3 (from azure-cli)
  Downloading urllib3-2.7.0-py3-none-any.whl.metadata (6.9 kB)
Collecting websocket-client~=1.8.0 (from azure-cli)
  Downloading websocket_client-1.8.0-py3-none-any.whl.metadata (8.0 kB)
Collecting xmltodict~=0.12 (from azure-cli)
  Downloading xmltodict-0.15.1-py2.py3-none-any.whl.metadata (9.4 kB)
Collecting isodate>=0.6.1 (from azure-batch==15.0.0b1->azure-cli)
  Downloading isodate-0.7.2-py3-none-any.whl.metadata (11 kB)
Collecting azure-core>=1.30.0 (from azure-batch==15.0.0b1->azure-cli)
  Downloading azure_core-1.41.0-py3-none-any.whl.metadata (49 kB)
Collecting typing-extensions>=4.6.0 (from azure-batch==15.0.0b1->azure-cli)
  Using cached typing_extensions-4.15.0-py3-none-any.whl.metadata (3.3 kB)
Collecting argcomplete~=3.5.2 (from azure-cli-core==2.86.0->azure-cli)
  Downloading argcomplete-3.5.3-py3-none-any.whl.metadata (16 kB)
Collecting azure-cli-telemetry==1.1.0.* (from azure-cli-core==2.86.0->azure-cli)
  Downloading azure_cli_telemetry-1.1.0-py3-none-any.whl.metadata (1.8 kB)
Collecting azure-core>=1.30.0 (from azure-batch==15.0.0b1->azure-cli)
  Downloading azure_core-1.39.0-py3-none-any.whl.metadata (48 kB)
Collecting azure-mgmt-core<2,>=1.2.0 (from azure-cli-core==2.86.0->azure-cli)
  Downloading azure_mgmt_core-1.6.0-py3-none-any.whl.metadata (4.6 kB)
Collecting cryptography (from azure-cli-core==2.86.0->azure-cli)
  Downloading cryptography-48.0.0-cp311-abi3-manylinux_2_34_x86_64.whl.metadata (4.3 kB)
Collecting humanfriendly~=10.0 (from azure-cli-core==2.86.0->azure-cli)
  Downloading humanfriendly-10.0-py2.py3-none-any.whl.metadata (9.2 kB)
Collecting jmespath (from azure-cli-core==2.86.0->azure-cli)
  Downloading jmespath-1.1.0-py3-none-any.whl.metadata (7.6 kB)
Collecting knack~=0.11.0 (from azure-cli-core==2.86.0->azure-cli)
  Downloading knack-0.11.0-py3-none-any.whl.metadata (5.2 kB)
Collecting microsoft-security-utilities-secret-masker~=1.0.0b4 (from azure-cli-core==2.86.0->azure-cli)
  Downloading microsoft_security_utilities_secret_masker-1.0.0b4-py3-none-any.whl.metadata (3.3 kB)
Collecting msal-extensions==1.3.1 (from azure-cli-core==2.86.0->azure-cli)
  Downloading msal_extensions-1.3.1-py3-none-any.whl.metadata (7.8 kB)
Collecting msal==1.35.1 (from azure-cli-core==2.86.0->azure-cli)
  Downloading msal-1.35.1-py3-none-any.whl.metadata (11 kB)
Collecting pkginfo>=1.5.0.1 (from azure-cli-core==2.86.0->azure-cli)
  Downloading pkginfo-1.12.1.2-py3-none-any.whl.metadata (13 kB)
Collecting psutil>=5.9 (from azure-cli-core==2.86.0->azure-cli)
  Using cached psutil-7.2.2-cp36-abi3-manylinux2010_x86_64.manylinux_2_12_x86_64.manylinux_2_28_x86_64.whl.metadata (22 kB)
Collecting PyJWT>=2.1.0 (from azure-cli-core==2.86.0->azure-cli)
  Using cached pyjwt-2.12.1-py3-none-any.whl.metadata (4.1 kB)
Collecting pyopenssl>=17.1.0 (from azure-cli-core==2.86.0->azure-cli)
  Downloading pyopenssl-26.2.0-py3-none-any.whl.metadata (19 kB)
Collecting py-deviceid (from azure-cli-core==2.86.0->azure-cli)
  Downloading py_deviceid-0.1.1-py3-none-any.whl.metadata (3.9 kB)
Collecting requests[socks] (from azure-cli-core==2.86.0->azure-cli)
  Using cached requests-2.33.1-py3-none-any.whl.metadata (4.8 kB)
Collecting msrest>=0.6.21 (from azure-data-tables==12.4.0->azure-cli)
  Downloading msrest-0.7.1-py3-none-any.whl.metadata (21 kB)
Collecting azure-common~=1.1 (from azure-keyvault-certificates==4.7.0->azure-cli)
  Downloading azure_common-1.1.28-py2.py3-none-any.whl.metadata (5.0 kB)
Collecting azure-ai-agents>=1.0.0 (from azure-ai-projects~=1.0.0->azure-cli)
  Downloading azure_ai_agents-1.1.0-py3-none-any.whl.metadata (52 kB)
Collecting applicationinsights<0.12,>=0.11.1 (from azure-cli-telemetry==1.1.0.*->azure-cli-core==2.86.0->azure-cli)
  Downloading applicationinsights-0.11.10-py2.py3-none-any.whl.metadata (982 bytes)
Collecting portalocker<3,>=1.6 (from azure-cli-telemetry==1.1.0.*->azure-cli-core==2.86.0->azure-cli)
  Downloading portalocker-2.10.1-py3-none-any.whl.metadata (8.5 kB)
Collecting cffi (from azure-datalake-store~=1.0.1->azure-cli)
  Using cached cffi-2.0.0-cp312-cp312-manylinux2014_x86_64.manylinux_2_17_x86_64.whl.metadata (2.6 kB)
Collecting python-dateutil (from azure-storage-common~=1.4->azure-cli)
  Using cached python_dateutil-2.9.0.post0-py2.py3-none-any.whl.metadata (8.4 kB)
Collecting invoke<3.0,>=2.0 (from fabric~=3.2.2->azure-cli)
  Downloading invoke-2.2.1-py3-none-any.whl.metadata (3.3 kB)
Collecting decorator>=5 (from fabric~=3.2.2->azure-cli)
  Downloading decorator-5.2.1-py3-none-any.whl.metadata (3.9 kB)
Collecting deprecated>=1.2 (from fabric~=3.2.2->azure-cli)
  Downloading deprecated-1.3.1-py2.py3-none-any.whl.metadata (5.9 kB)
Collecting pygments (from knack~=0.11.0->azure-cli-core==2.86.0->azure-cli)
  Downloading pygments-2.20.0-py3-none-any.whl.metadata (2.5 kB)
Collecting pyyaml (from knack~=0.11.0->azure-cli-core==2.86.0->azure-cli)
  Downloading pyyaml-6.0.3-cp312-cp312-manylinux2014_x86_64.manylinux_2_17_x86_64.manylinux_2_28_x86_64.whl.metadata (2.4 kB)
Collecting bcrypt>=3.2 (from paramiko<4.0.0,>=2.0.8->azure-cli)
  Downloading bcrypt-5.0.0-cp39-abi3-manylinux_2_34_x86_64.whl.metadata (10 kB)
Collecting charset_normalizer<4,>=2 (from requests[socks]->azure-cli-core==2.86.0->azure-cli)
  Using cached charset_normalizer-3.4.7-cp312-cp312-manylinux2014_x86_64.manylinux_2_17_x86_64.manylinux_2_28_x86_64.whl.metadata (40 kB)
Collecting idna<4,>=2.5 (from requests[socks]->azure-cli-core==2.86.0->azure-cli)
  Downloading idna-3.14-py3-none-any.whl.metadata (8.0 kB)
Collecting certifi>=2023.5.7 (from requests[socks]->azure-cli-core==2.86.0->azure-cli)
  Using cached certifi-2026.4.22-py3-none-any.whl.metadata (2.5 kB)
Collecting pycparser (from cffi->azure-datalake-store~=1.0.1->azure-cli)
  Using cached pycparser-3.0-py3-none-any.whl.metadata (8.2 kB)
Collecting wrapt<3,>=1.10 (from deprecated>=1.2->fabric~=3.2.2->azure-cli)
  Downloading wrapt-2.1.2-cp312-cp312-manylinux1_x86_64.manylinux_2_28_x86_64.manylinux_2_5_x86_64.whl.metadata (7.4 kB)
Collecting requests-oauthlib>=0.5.0 (from msrest>=0.6.21->azure-data-tables==12.4.0->azure-cli)
  Downloading requests_oauthlib-2.0.0-py2.py3-none-any.whl.metadata (11 kB)
Collecting oauthlib>=3.0.0 (from requests-oauthlib>=0.5.0->msrest>=0.6.21->azure-data-tables==12.4.0->azure-cli)
  Downloading oauthlib-3.3.1-py3-none-any.whl.metadata (7.9 kB)
Collecting PySocks!=1.5.7,>=1.5.6 (from requests[socks]->azure-cli-core==2.86.0->azure-cli)
  Downloading PySocks-1.7.1-py3-none-any.whl.metadata (13 kB)
Downloading azure_cli-2.86.0-py3-none-any.whl (13.4 MB)
   ━━━━━━━━━━━━━━━━━━━━━━━━━━━━━━━━━━━━━━━━ 13.4/13.4 MB 11.4 MB/s  0:00:01
Downloading azure_batch-15.0.0b1-py3-none-any.whl (892 kB)
   ━━━━━━━━━━━━━━━━━━━━━━━━━━━━━━━━━━━━━━━━ 892.2/892.2 kB 11.1 MB/s  0:00:00
Downloading azure_cli_core-2.86.0-py3-none-any.whl (274 kB)
Downloading azure_data_tables-12.4.0-py3-none-any.whl (113 kB)
Downloading azure_keyvault_administration-4.4.0-py3-none-any.whl (94 kB)
Downloading azure_keyvault_certificates-4.7.0-py3-none-any.whl (428 kB)
Downloading azure_keyvault_keys-4.11.0-py3-none-any.whl (191 kB)
Downloading azure_keyvault_secrets-4.7.0-py3-none-any.whl (348 kB)
Downloading azure_keyvault_securitydomain-1.0.0b1-py3-none-any.whl (78 kB)
Downloading azure_mgmt_advisor-9.0.0-py2.py3-none-any.whl (46 kB)
Downloading azure_mgmt_apimanagement-4.0.0-py3-none-any.whl (804 kB)
   ━━━━━━━━━━━━━━━━━━━━━━━━━━━━━━━━━━━━━━━━ 804.5/804.5 kB 10.9 MB/s  0:00:00
Downloading azure_mgmt_appconfiguration-6.0.0b1-py3-none-any.whl (84 kB)
Downloading azure_mgmt_appcontainers-2.0.0-py3-none-any.whl (214 kB)
Downloading azure_mgmt_authorization-5.0.0b1-py3-none-any.whl (324 kB)
Downloading azure_mgmt_batchai-7.0.0b1-py2.py3-none-any.whl (99 kB)
Downloading azure_mgmt_billing-6.0.0-py2.py3-none-any.whl (166 kB)
Downloading azure_mgmt_cdn-12.0.0-py3-none-any.whl (239 kB)
Downloading azure_mgmt_containerinstance-10.2.0b1-py3-none-any.whl (101 kB)
Downloading azure_mgmt_containerregistry-15.1.0b1-py3-none-any.whl (142 kB)
Downloading azure_mgmt_containerregistrytasks-1.0.0b1-py3-none-any.whl (85 kB)
Downloading azure_mgmt_cosmosdb-9.9.0-py3-none-any.whl (420 kB)
Downloading azure_mgmt_eventgrid-10.2.0b2-py3-none-any.whl (248 kB)
Downloading azure_mgmt_extendedlocation-1.0.0b2-py2.py3-none-any.whl (37 kB)
Downloading azure_mgmt_hdinsight-9.1.0b2-py3-none-any.whl (145 kB)
Downloading azure_mgmt_iothub-5.0.0b1-py3-none-any.whl (114 kB)
Downloading azure_mgmt_iothubprovisioningservices-1.1.0-py3-none-any.whl (52 kB)
Downloading azure_mgmt_keyvault-13.0.0-py3-none-any.whl (102 kB)
Downloading azure_mgmt_loganalytics-13.0.0b4-py3-none-any.whl (162 kB)
Downloading azure_mgmt_marketplaceordering-1.1.0-py2.py3-none-any.whl (26 kB)
Downloading azure_mgmt_mysqlflexibleservers-1.1.0b2-py3-none-any.whl (215 kB)
Downloading azure_mgmt_policyinsights-1.1.0b4-py3-none-any.whl (127 kB)
Downloading azure_mgmt_postgresqlflexibleservers-3.0.0b1-py3-none-any.whl (135 kB)
Downloading azure_mgmt_rdbms-10.2.0b17-py3-none-any.whl (975 kB)
   ━━━━━━━━━━━━━━━━━━━━━━━━━━━━━━━━━━━━━━━━ 975.1/975.1 kB 10.1 MB/s  0:00:00
Downloading azure_mgmt_resource-24.0.0-py3-none-any.whl (3.6 MB)
   ━━━━━━━━━━━━━━━━━━━━━━━━━━━━━━━━━━━━━━━━ 3.6/3.6 MB 11.1 MB/s  0:00:00
Downloading azure_mgmt_resource_deployments-1.0.0b1-py3-none-any.whl (89 kB)
Downloading azure_mgmt_resource_deploymentscripts-1.0.0b1-py3-none-any.whl (52 kB)
Downloading azure_mgmt_resource_deploymentstacks-1.0.0-py3-none-any.whl (94 kB)
Downloading azure_mgmt_resource_templatespecs-1.0.0b1-py3-none-any.whl (54 kB)
Downloading azure_mgmt_security-6.0.0-py3-none-any.whl (1.1 MB)
   ━━━━━━━━━━━━━━━━━━━━━━━━━━━━━━━━━━━━━━━━ 1.1/1.1 MB 10.9 MB/s  0:00:00
Downloading azure_mgmt_servicefabricmanagedclusters-2.1.0b1-py3-none-any.whl (203 kB)
Downloading azure_mgmt_servicelinker-1.2.0b3-py3-none-any.whl (91 kB)
Downloading azure_mgmt_signalr-2.0.0b2-py3-none-any.whl (124 kB)
Downloading azure_mgmt_sql-4.0.0b22-py3-none-any.whl (1.2 MB)
   ━━━━━━━━━━━━━━━━━━━━━━━━━━━━━━━━━━━━━━━━ 1.2/1.2 MB 8.6 MB/s  0:00:00
Downloading azure_mgmt_sqlvirtualmachine-1.0.0b5-py3-none-any.whl (95 kB)
Downloading azure_mgmt_storage-24.0.0-py3-none-any.whl (290 kB)
Downloading azure_mgmt_synapse-2.1.0b5-py3-none-any.whl (547 kB)
   ━━━━━━━━━━━━━━━━━━━━━━━━━━━━━━━━━━━━━━━━ 547.1/547.1 kB 10.8 MB/s  0:00:00
Downloading azure_mgmt_web-9.0.0-py3-none-any.whl (2.6 MB)
   ━━━━━━━━━━━━━━━━━━━━━━━━━━━━━━━━━━━━━━━━ 2.6/2.6 MB 10.9 MB/s  0:00:00
Downloading azure_monitor_query-1.2.0-py3-none-any.whl (113 kB)
Downloading azure_storage_blob-12.29.0b1-py3-none-any.whl (434 kB)
Downloading azure_storage_file_datalake-12.24.0b1-py3-none-any.whl (285 kB)
Downloading azure_storage_file_share-12.25.0b1-py3-none-any.whl (315 kB)
Downloading azure_storage_queue-12.16.0b1-py3-none-any.whl (188 kB)
Downloading msal-1.35.1-py3-none-any.whl (119 kB)
Downloading msal_extensions-1.3.1-py3-none-any.whl (20 kB)
Downloading antlr4_python3_runtime-4.13.2-py3-none-any.whl (144 kB)
Downloading argcomplete-3.5.3-py3-none-any.whl (43 kB)
Downloading azure_ai_projects-1.0.0-py3-none-any.whl (115 kB)
Downloading azure_appconfiguration-1.7.2-py3-none-any.whl (100 kB)
Downloading azure_cli_telemetry-1.1.0-py3-none-any.whl (11 kB)
Downloading applicationinsights-0.11.10-py2.py3-none-any.whl (55 kB)
Downloading azure_common-1.1.28-py2.py3-none-any.whl (14 kB)
Downloading azure_core-1.39.0-py3-none-any.whl (218 kB)
Downloading azure_cosmos-3.2.0-py2.py3-none-any.whl (106 kB)
Downloading azure_datalake_store-1.0.1-py2.py3-none-any.whl (53 kB)
Downloading azure_mgmt_applicationinsights-1.0.0-py2.py3-none-any.whl (302 kB)
Downloading azure_mgmt_batch-17.3.0-py3-none-any.whl (162 kB)
Downloading azure_mgmt_botservice-2.0.0-py3-none-any.whl (126 kB)
Downloading azure_mgmt_cognitiveservices-15.0.0b1-py3-none-any.whl (209 kB)
Downloading azure_mgmt_compute-34.1.0-py3-none-any.whl (2.0 MB)
   ━━━━━━━━━━━━━━━━━━━━━━━━━━━━━━━━━━━━━━━━ 2.0/2.0 MB 11.5 MB/s  0:00:00
Downloading azure_mgmt_containerservice-41.1.0-py3-none-any.whl (189 kB)
Downloading azure_mgmt_core-1.6.0-py3-none-any.whl (29 kB)
Downloading azure_mgmt_datalake_store-1.1.0b1-py3-none-any.whl (90 kB)
Downloading azure_mgmt_datamigration-10.0.0-py2.py3-none-any.whl (174 kB)
Downloading azure_mgmt_eventhub-12.0.0b1-py3-none-any.whl (150 kB)
Downloading azure_mgmt_imagebuilder-1.3.0-py3-none-any.whl (78 kB)
Downloading azure_mgmt_iotcentral-10.0.0b2-py3-none-any.whl (55 kB)
Downloading azure_mgmt_managementgroups-1.0.0-py2.py3-none-any.whl (58 kB)
Downloading azure_mgmt_maps-2.0.0-py2.py3-none-any.whl (38 kB)
Downloading azure_mgmt_media-9.0.0-py3-none-any.whl (211 kB)
Downloading azure_mgmt_monitor-7.0.0-py3-none-any.whl (245 kB)
Downloading azure_mgmt_msi-7.1.0-py3-none-any.whl (252 kB)
Downloading azure_mgmt_netapp-10.1.0-py3-none-any.whl (200 kB)
Downloading azure_mgmt_privatedns-1.0.0-py2.py3-none-any.whl (43 kB)
Downloading azure_mgmt_recoveryservices-4.0.0-py3-none-any.whl (158 kB)
Downloading azure_mgmt_recoveryservicesbackup-9.2.0-py3-none-any.whl (576 kB)
   ━━━━━━━━━━━━━━━━━━━━━━━━━━━━━━━━━━━━━━━━ 576.7/576.7 kB 9.8 MB/s  0:00:00
Downloading azure_mgmt_redhatopenshift-3.0.0-py3-none-any.whl (74 kB)
Downloading azure_mgmt_redis-14.5.0-py3-none-any.whl (128 kB)
Downloading azure_mgmt_search-9.2.0-py3-none-any.whl (124 kB)
Downloading azure_mgmt_servicebus-10.0.0b1-py3-none-any.whl (136 kB)
Downloading azure_mgmt_servicefabric-2.1.0-py3-none-any.whl (124 kB)
Downloading azure_mgmt_trafficmanager-1.0.0-py3-none-any.whl (49 kB)
Downloading azure_storage_common-1.4.2-py2.py3-none-any.whl (47 kB)
Downloading azure_synapse_accesscontrol-0.5.0-py2.py3-none-any.whl (30 kB)
Downloading azure_synapse_artifacts-0.22.0-py3-none-any.whl (544 kB)
   ━━━━━━━━━━━━━━━━━━━━━━━━━━━━━━━━━━━━━━━━ 544.7/544.7 kB 9.9 MB/s  0:00:00
Downloading azure_synapse_managedprivateendpoints-0.4.0-py2.py3-none-any.whl (45 kB)
Downloading azure_synapse_spark-0.7.0-py2.py3-none-any.whl (32 kB)
Downloading chardet-5.2.0-py3-none-any.whl (199 kB)
Downloading colorama-0.4.6-py2.py3-none-any.whl (25 kB)
Downloading cryptography-48.0.0-cp311-abi3-manylinux_2_34_x86_64.whl (4.7 MB)
   ━━━━━━━━━━━━━━━━━━━━━━━━━━━━━━━━━━━━━━━━ 4.7/4.7 MB 11.2 MB/s  0:00:00
Downloading fabric-3.2.3-py3-none-any.whl (59 kB)
Downloading humanfriendly-10.0-py2.py3-none-any.whl (86 kB)
Downloading invoke-2.2.1-py3-none-any.whl (160 kB)
Downloading isodate-0.7.2-py3-none-any.whl (22 kB)
Downloading javaproperties-0.5.2-py2.py3-none-any.whl (19 kB)
Downloading jsondiff-2.0.0-py3-none-any.whl (6.6 kB)
Downloading knack-0.11.0-py3-none-any.whl (60 kB)
Downloading microsoft_security_utilities_secret_masker-1.0.0b4-py3-none-any.whl (16 kB)
Downloading paramiko-3.5.1-py3-none-any.whl (227 kB)
Downloading portalocker-2.10.1-py3-none-any.whl (18 kB)
Downloading PyGithub-1.59.1-py3-none-any.whl (342 kB)
Using cached pyjwt-2.12.1-py3-none-any.whl (29 kB)
Downloading pynacl-1.6.2-cp38-abi3-manylinux_2_34_x86_64.whl (1.4 MB)
   ━━━━━━━━━━━━━━━━━━━━━━━━━━━━━━━━━━━━━━━━ 1.4/1.4 MB 10.9 MB/s  0:00:00
Using cached requests-2.33.1-py3-none-any.whl (64 kB)
Using cached charset_normalizer-3.4.7-cp312-cp312-manylinux2014_x86_64.manylinux_2_17_x86_64.manylinux_2_28_x86_64.whl (216 kB)
Downloading idna-3.14-py3-none-any.whl (72 kB)
Downloading scp-0.13.6-py2.py3-none-any.whl (8.2 kB)
Downloading semver-3.0.4-py3-none-any.whl (17 kB)
Using cached six-1.17.0-py2.py3-none-any.whl (11 kB)
Downloading sshtunnel-0.1.5-py2.py3-none-any.whl (23 kB)
Downloading urllib3-2.7.0-py3-none-any.whl (131 kB)
Downloading websocket_client-1.8.0-py3-none-any.whl (58 kB)
Downloading xmltodict-0.15.1-py2.py3-none-any.whl (11 kB)
Downloading azure_ai_agents-1.1.0-py3-none-any.whl (191 kB)
Downloading bcrypt-5.0.0-cp39-abi3-manylinux_2_34_x86_64.whl (278 kB)
Using cached certifi-2026.4.22-py3-none-any.whl (135 kB)
Using cached cffi-2.0.0-cp312-cp312-manylinux2014_x86_64.manylinux_2_17_x86_64.whl (219 kB)
Downloading decorator-5.2.1-py3-none-any.whl (9.2 kB)
Downloading deprecated-1.3.1-py2.py3-none-any.whl (11 kB)
Downloading wrapt-2.1.2-cp312-cp312-manylinux1_x86_64.manylinux_2_28_x86_64.manylinux_2_5_x86_64.whl (121 kB)
Downloading msrest-0.7.1-py3-none-any.whl (85 kB)
Using cached packaging-26.2-py3-none-any.whl (100 kB)
Downloading pkginfo-1.12.1.2-py3-none-any.whl (32 kB)
Using cached psutil-7.2.2-cp36-abi3-manylinux2010_x86_64.manylinux_2_12_x86_64.manylinux_2_28_x86_64.whl (155 kB)
Downloading pycomposefile-0.0.34-py3-none-any.whl (17 kB)
Downloading pyopenssl-26.2.0-py3-none-any.whl (55 kB)
Downloading requests_oauthlib-2.0.0-py2.py3-none-any.whl (24 kB)
Downloading oauthlib-3.3.1-py3-none-any.whl (160 kB)
Using cached typing_extensions-4.15.0-py3-none-any.whl (44 kB)
Downloading distro-1.9.0-py3-none-any.whl (20 kB)
Downloading jmespath-1.1.0-py3-none-any.whl (20 kB)
Downloading py_deviceid-0.1.1-py3-none-any.whl (5.7 kB)
Using cached pycparser-3.0-py3-none-any.whl (48 kB)
Downloading pygments-2.20.0-py3-none-any.whl (1.2 MB)
   ━━━━━━━━━━━━━━━━━━━━━━━━━━━━━━━━━━━━━━━━ 1.2/1.2 MB 9.9 MB/s  0:00:00
Using cached python_dateutil-2.9.0.post0-py2.py3-none-any.whl (229 kB)
Downloading pyyaml-6.0.3-cp312-cp312-manylinux2014_x86_64.manylinux_2_17_x86_64.manylinux_2_28_x86_64.whl (807 kB)
   ━━━━━━━━━━━━━━━━━━━━━━━━━━━━━━━━━━━━━━━━ 807.9/807.9 kB 10.1 MB/s  0:00:00
Downloading PySocks-1.7.1-py3-none-any.whl (16 kB)
Downloading setuptools-82.0.1-py3-none-any.whl (1.0 MB)
   ━━━━━━━━━━━━━━━━━━━━━━━━━━━━━━━━━━━━━━━━ 1.0/1.0 MB 10.9 MB/s  0:00:00
Downloading tabulate-0.10.0-py3-none-any.whl (39 kB)
Installing collected packages: microsoft-security-utilities-secret-masker, jsondiff, azure-common, applicationinsights, antlr4-python3-runtime, xmltodict, wrapt, websocket-client, urllib3, typing-extensions, tabulate, six, setuptools, semver, pyyaml, PySocks, PyJWT, pygments, pycparser, py-deviceid, psutil, portalocker, pkginfo, packaging, oauthlib, jmespath, isodate, invoke, idna, humanfriendly, distro, decorator, colorama, charset_normalizer, chardet, certifi, bcrypt, argcomplete, requests, python-dateutil, pycomposefile, knack, javaproperties, deprecated, cffi, azure-cli-telemetry, requests-oauthlib, PyNaCl, cryptography, azure-datalake-store, azure-cosmos, azure-core, pyopenssl, paramiko, msrest, azure-storage-queue, azure-storage-file-share, azure-storage-common, azure-storage-blob, azure-monitor-query, azure-mgmt-core, azure-keyvault-securitydomain, azure-keyvault-secrets, azure-keyvault-keys, azure-keyvault-certificates, azure-keyvault-administration, azure-batch, azure-appconfiguration, azure-ai-agents, sshtunnel, scp, PyGithub, msal, fabric, azure-synapse-spark, azure-synapse-managedprivateendpoints, azure-synapse-artifacts, azure-synapse-accesscontrol, azure-storage-file-datalake, azure-mgmt-web, azure-mgmt-trafficmanager, azure-mgmt-synapse, azure-mgmt-storage, azure-mgmt-sqlvirtualmachine, azure-mgmt-sql, azure-mgmt-signalr, azure-mgmt-servicelinker, azure-mgmt-servicefabricmanagedclusters, azure-mgmt-servicefabric, azure-mgmt-servicebus, azure-mgmt-security, azure-mgmt-search, azure-mgmt-resource-templatespecs, azure-mgmt-resource-deploymentstacks, azure-mgmt-resource-deploymentscripts, azure-mgmt-resource-deployments, azure-mgmt-resource, azure-mgmt-redis, azure-mgmt-redhatopenshift, azure-mgmt-recoveryservicesbackup, azure-mgmt-recoveryservices, azure-mgmt-rdbms, azure-mgmt-privatedns, azure-mgmt-postgresqlflexibleservers, azure-mgmt-policyinsights, azure-mgmt-netapp, azure-mgmt-mysqlflexibleservers, azure-mgmt-msi, azure-mgmt-monitor, azure-mgmt-media, azure-mgmt-marketplaceordering, azure-mgmt-maps, azure-mgmt-managementgroups, azure-mgmt-loganalytics, azure-mgmt-keyvault, azure-mgmt-iothubprovisioningservices, azure-mgmt-iothub, azure-mgmt-iotcentral, azure-mgmt-imagebuilder, azure-mgmt-hdinsight, azure-mgmt-extendedlocation, azure-mgmt-eventhub, azure-mgmt-eventgrid, azure-mgmt-datamigration, azure-mgmt-datalake-store, azure-mgmt-cosmosdb, azure-mgmt-containerservice, azure-mgmt-containerregistrytasks, azure-mgmt-containerregistry, azure-mgmt-containerinstance, azure-mgmt-compute, azure-mgmt-cognitiveservices, azure-mgmt-cdn, azure-mgmt-botservice, azure-mgmt-billing, azure-mgmt-batchai, azure-mgmt-batch, azure-mgmt-authorization, azure-mgmt-applicationinsights, azure-mgmt-appcontainers, azure-mgmt-appconfiguration, azure-mgmt-apimanagement, azure-mgmt-advisor, azure-data-tables, azure-ai-projects, msal-extensions, azure-cli-core, azure-cli

Successfully installed PyGithub-1.59.1 PyJWT-2.12.1 PyNaCl-1.6.2 PySocks-1.7.1 antlr4-python3-runtime-4.13.2 applicationinsights-0.11.10 argcomplete-3.5.3 azure-ai-agents-1.1.0 azure-ai-projects-1.0.0 azure-appconfiguration-1.7.2 azure-batch-15.0.0b1 azure-cli-2.86.0 azure-cli-core-2.86.0 azure-cli-telemetry-1.1.0 azure-common-1.1.28 azure-core-1.39.0 azure-cosmos-3.2.0 azure-data-tables-12.4.0 azure-datalake-store-1.0.1 azure-keyvault-administration-4.4.0 azure-keyvault-certificates-4.7.0 azure-keyvault-keys-4.11.0 azure-keyvault-secrets-4.7.0 azure-keyvault-securitydomain-1.0.0b1 azure-mgmt-advisor-9.0.0 azure-mgmt-apimanagement-4.0.0 azure-mgmt-appconfiguration-6.0.0b1 azure-mgmt-appcontainers-2.0.0 azure-mgmt-applicationinsights-1.0.0 azure-mgmt-authorization-5.0.0b1 azure-mgmt-batch-17.3.0 azure-mgmt-batchai-7.0.0b1 azure-mgmt-billing-6.0.0 azure-mgmt-botservice-2.0.0 azure-mgmt-cdn-12.0.0 azure-mgmt-cognitiveservices-15.0.0b1 azure-mgmt-compute-34.1.0 azure-mgmt-containerinstance-10.2.0b1 azure-mgmt-containerregistry-15.1.0b1 azure-mgmt-containerregistrytasks-1.0.0b1 azure-mgmt-containerservice-41.1.0 azure-mgmt-core-1.6.0 azure-mgmt-cosmosdb-9.9.0 azure-mgmt-datalake-store-1.1.0b1 azure-mgmt-datamigration-10.0.0 azure-mgmt-eventgrid-10.2.0b2 azure-mgmt-eventhub-12.0.0b1 azure-mgmt-extendedlocation-1.0.0b2 azure-mgmt-hdinsight-9.1.0b2 azure-mgmt-imagebuilder-1.3.0 azure-mgmt-iotcentral-10.0.0b2 azure-mgmt-iothub-5.0.0b1 azure-mgmt-iothubprovisioningservices-1.1.0 azure-mgmt-keyvault-13.0.0 azure-mgmt-loganalytics-13.0.0b4 azure-mgmt-managementgroups-1.0.0 azure-mgmt-maps-2.0.0 azure-mgmt-marketplaceordering-1.1.0 azure-mgmt-media-9.0.0 azure-mgmt-monitor-7.0.0 azure-mgmt-msi-7.1.0 azure-mgmt-mysqlflexibleservers-1.1.0b2 azure-mgmt-netapp-10.1.0 azure-mgmt-policyinsights-1.1.0b4 azure-mgmt-postgresqlflexibleservers-3.0.0b1 azure-mgmt-privatedns-1.0.0 azure-mgmt-rdbms-10.2.0b17 azure-mgmt-recoveryservices-4.0.0 azure-mgmt-recoveryservicesbackup-9.2.0 azure-mgmt-redhatopenshift-3.0.0 azure-mgmt-redis-14.5.0 azure-mgmt-resource-24.0.0 azure-mgmt-resource-deployments-1.0.0b1 azure-mgmt-resource-deploymentscripts-1.0.0b1 azure-mgmt-resource-deploymentstacks-1.0.0 azure-mgmt-resource-templatespecs-1.0.0b1 azure-mgmt-search-9.2.0 azure-mgmt-security-6.0.0 azure-mgmt-servicebus-10.0.0b1 azure-mgmt-servicefabric-2.1.0 azure-mgmt-servicefabricmanagedclusters-2.1.0b1 azure-mgmt-servicelinker-1.2.0b3 azure-mgmt-signalr-2.0.0b2 azure-mgmt-sql-4.0.0b22 azure-mgmt-sqlvirtualmachine-1.0.0b5 azure-mgmt-storage-24.0.0 azure-mgmt-synapse-2.1.0b5 azure-mgmt-trafficmanager-1.0.0 azure-mgmt-web-9.0.0 azure-monitor-query-1.2.0 azure-storage-blob-12.29.0b1 azure-storage-common-1.4.2 azure-storage-file-datalake-12.24.0b1 azure-storage-file-share-12.25.0b1 azure-storage-queue-12.16.0b1 azure-synapse-accesscontrol-0.5.0 azure-synapse-artifacts-0.22.0 azure-synapse-managedprivateendpoints-0.4.0 azure-synapse-spark-0.7.0 bcrypt-5.0.0 certifi-2026.4.22 cffi-2.0.0 chardet-5.2.0 charset_normalizer-3.4.7 colorama-0.4.6 cryptography-48.0.0 decorator-5.2.1 deprecated-1.3.1 distro-1.9.0 fabric-3.2.3 humanfriendly-10.0 idna-3.14 invoke-2.2.1 isodate-0.7.2 javaproperties-0.5.2 jmespath-1.1.0 jsondiff-2.0.0 knack-0.11.0 microsoft-security-utilities-secret-masker-1.0.0b4 msal-1.35.1 msal-extensions-1.3.1 msrest-0.7.1 oauthlib-3.3.1 packaging-26.2 paramiko-3.5.1 pkginfo-1.12.1.2 portalocker-2.10.1 psutil-7.2.2 py-deviceid-0.1.1 pycomposefile-0.0.34 pycparser-3.0 pygments-2.20.0 pyopenssl-26.2.0 python-dateutil-2.9.0.post0 pyyaml-6.0.3 requests-2.33.1 requests-oauthlib-2.0.0 scp-0.13.6 semver-3.0.4 setuptools-82.0.1 six-1.17.0 sshtunnel-0.1.5 tabulate-0.10.0 typing-extensions-4.15.0 urllib3-2.7.0 websocket-client-1.8.0 wrapt-2.1.2 xmltodict-0.15.1
