=== FORENSIC LOG STARTED ===
ts_monotonic_ns=267653463321000 ts_realtime_ns=1791059156534900000
flush_batch_size=1024 event_seq_start=0
format: [ts_ns] [seq=N] [lum_id=0xXXXX...] op_name
[267653466433000] [UNIFIED_1] lum_security_init: Security initialization complete - Magic pattern: 0xA37D16C0
[267653466450000] [UNIFIED_0] lum_generate_id: Cryptographically secure ID generated: 518952077
[267653466513000] [UNIFIED_0] lum_generate_id: Cryptographically secure ID generated: 264477158
[267653466523000] [seq=1] [lum_id=0x000000000fc399e6] ADD_TO_GROUP
[267653468758000] LUM_ADD_TO_GROUP: count=1, duration=0.000 ns
[267653468784000] [UNIFIED_0] lum_generate_id: Cryptographically secure ID generated: 1079967187
[267653468792000] [seq=2] [lum_id=0x00000000405efdd3] ADD_TO_GROUP
[267653468805000] LUM_ADD_TO_GROUP: count=2, duration=0.000 ns
[267653468815000] [UNIFIED_0] lum_generate_id: Cryptographically secure ID generated: 3837342712
[267653468821000] [seq=3] [lum_id=0x00000000e4b933f8] ADD_TO_GROUP
[267653468830000] LUM_ADD_TO_GROUP: count=3, duration=0.000 ns
[267653468839000] [UNIFIED_0] lum_generate_id: Cryptographically secure ID generated: 2175693309
[267653468845000] [seq=4] [lum_id=0x0000000081ae71fd] ADD_TO_GROUP
[267653468854000] LUM_ADD_TO_GROUP: count=4, duration=0.000 ns
[267653468862000] [UNIFIED_0] lum_generate_id: Cryptographically secure ID generated: 3227482551
[267653468868000] [seq=5] [lum_id=0x00000000c05f79b7] ADD_TO_GROUP
[267653468877000] LUM_ADD_TO_GROUP: count=5, duration=0.000 ns
[267653468885000] [UNIFIED_0] lum_generate_id: Cryptographically secure ID generated: 4177804771
[267653468891000] [seq=6] [lum_id=0x00000000f9043de3] ADD_TO_GROUP
[267653468900000] LUM_ADD_TO_GROUP: count=6, duration=0.000 ns
[267653468909000] [UNIFIED_0] lum_generate_id: Cryptographically secure ID generated: 1702951986
[267653468915000] [seq=7] [lum_id=0x000000006580fc32] ADD_TO_GROUP
[267653468923000] LUM_ADD_TO_GROUP: count=7, duration=0.000 ns
[267653468931000] [UNIFIED_0] lum_generate_id: Cryptographically secure ID generated: 1338176280
[267653468938000] [seq=8] [lum_id=0x000000004fc2f318] ADD_TO_GROUP
[267653468953000] LUM_ADD_TO_GROUP: count=8, duration=0.000 ns
[1791059156540544000] [seq=9] [lum_id=0x010000000fc399e6] LOOP001:lum_create:idx=0:id=264477158:x=0:y=0
[1791059156540564000] [seq=10] [lum_id=0x0200000000000000] LOOP002:grouping_audit:sz=8:valid=8
[1791059156540586000] [seq=11] [lum_id=0x0300000000000000] LOOP003:simd_ops:ok=1:vec=8:scalar=0:gain=8.0:real_simd=0
[1791059156540635000] [seq=12] [lum_id=0x0400000000000000] LOOP004:mem_opt:alloc_ok=8:n=8
[267653469241000] [UNIFIED_0] lum_generate_id: Cryptographically secure ID generated: 890224720
[267653469280000] [UNIFIED_0] lum_generate_id: Cryptographically secure ID generated: 2008260198
[267653469310000] [UNIFIED_0] lum_generate_id: Cryptographically secure ID generated: 2066756517
[267653469337000] [UNIFIED_0] lum_generate_id: Cryptographically secure ID generated: 2977655267
[267653469365000] [UNIFIED_0] lum_generate_id: Cryptographically secure ID generated: 601310573
[267653469391000] [UNIFIED_0] lum_generate_id: Cryptographically secure ID generated: 3174076223
[267653469490000] [UNIFIED_0] lum_generate_id: Cryptographically secure ID generated: 3619185235
[267653469530000] [UNIFIED_0] lum_generate_id: Cryptographically secure ID generated: 4260949539
[1791059156544195000] [seq=13] [lum_id=0x0500000000000000] LOOP005:parallel:c_ok=1:submitted=8:sz=8:bug=BUG-PARALLEL-001
[1791059156544289000] [seq=14] [lum_id=0x060000000fc399e6] LOOP006:per_lum:idx=0:id=264477158:x=1:y=0:presence=1
[1791059156544293000] [seq=15] [lum_id=0x06000000405efdd3] LOOP006:per_lum:idx=1:id=1079967187:x=2:y=2:presence=1
[1791059156544295000] [seq=16] [lum_id=0x06000000e4b933f8] LOOP006:per_lum:idx=2:id=3837342712:x=3:y=4:presence=1
[1791059156544298000] [seq=17] [lum_id=0x0600000081ae71fd] LOOP006:per_lum:idx=3:id=2175693309:x=4:y=6:presence=1
[1791059156544300000] [seq=18] [lum_id=0x06000000c05f79b7] LOOP006:per_lum:idx=4:id=3227482551:x=5:y=8:presence=1
[1791059156544303000] [seq=19] [lum_id=0x06000000f9043de3] LOOP006:per_lum:idx=5:id=4177804771:x=6:y=10:presence=1
[1791059156544305000] [seq=20] [lum_id=0x060000006580fc32] LOOP006:per_lum:idx=6:id=1702951986:x=7:y=12:presence=1
[1791059156544308000] [seq=21] [lum_id=0x060000004fc2f318] LOOP006:per_lum:idx=7:id=1338176280:x=8:y=14:presence=1
[1791059156544734000] [seq=22] [lum_id=0x0700000000000000] LOOP007:zero_copy:alloc_ok=8/8:is_zc=8:eff=0.000:pool=2048
[1791059156544899000] [seq=23] [lum_id=0x0700000000000000] PARETO:init:pt_cap=32
=== FORENSIC LOG ENDED ===
ts_monotonic_ns=267653474359000 ts_realtime_ns=1791059156545937000
total_events=23
