🎯 PHASE 4.6.4 - EXTRACTION MASSIVE HUMANS
==========================================

📡 [0%] Fetching list of human sessions...
Traceback (most recent call last):
  File "<string>", line 1, in <module>
  File "/usr/lib/python3.12/json/__init__.py", line 293, in load
    return loads(fp.read(),
           ^^^^^^^^^^^^^^^^
  File "/usr/lib/python3.12/json/__init__.py", line 346, in loads
    return _default_decoder.decode(s)
           ^^^^^^^^^^^^^^^^^^^^^^^^^^
  File "/usr/lib/python3.12/json/decoder.py", line 340, in decode
    raise JSONDecodeError("Extra data", s, end)
json.decoder.JSONDecodeError: Extra data: line 1 column 5 (char 4)
✅ Found  human sessions

📥 [10%] Downloading replays...
Traceback (most recent call last):
  File "<stdin>", line 7, in <module>
  File "/usr/lib/python3.12/json/__init__.py", line 293, in load
    return loads(fp.read(),
           ^^^^^^^^^^^^^^^^
  File "/usr/lib/python3.12/json/__init__.py", line 346, in loads
    return _default_decoder.decode(s)
           ^^^^^^^^^^^^^^^^^^^^^^^^^^
  File "/usr/lib/python3.12/json/decoder.py", line 340, in decode
    raise JSONDecodeError("Extra data", s, end)
json.decoder.JSONDecodeError: Extra data: line 1 column 5 (char 4)

🔍 [90%] Parsing all replays...

✅ [100%] PHASE 4.6.4 COMPLETE!
==========================================
📊 Summary:
   Replays downloaded: 0
   Demonstrations parsed: 0
   Total size: 8.0K
