⚠️ Utilisation world_model_simple (sans NetworkX)

======================================================================
🎓 MAGEN LONG-TERM TRAINING - PHASE 1
======================================================================
🎯 Objectif: 50% succès ARC → Débloquer Phase 2 (HUMANS)
📊 Dataset: 800 puzzles ARC + 25 arcade
🔄 Mode: Rotation cyclique continue
======================================================================

🔧 Initialisation Unified Rotation Engine...
======================================================================
🎮 UNIFIED ROTATION ENGINE - PHASE 4.6.1
======================================================================

🔧 Initialisation Unified Puzzle Manager...
📂 Chargement depuis: /home/lvx/LVX/environment_files/ARC-AGI/data
   Training: 400 fichiers trouvés
   Evaluation: 400 fichiers trouvés
✅ Total chargé: 800 puzzles
✅ 800 puzzles ARC chargés
📝 Nouvelle base de connaissances créée

🎮 Scan jeux arcade dans: /home/lvx/LVX/lumvorax2/src/environment_files
   Trouvés: 25 répertoires
   ✅ ar25/0c556536 - AR25
   ✅ bp35/0a0ad940 - BP35
   ✅ cd82/fb555c5d - CD82
   ✅ cn04/2fe56bfb - CN04
   ✅ dc22/fdcac232 - DC22
   ✅ ft09/0d8bbf25 - FT09
   ✅ g50t/5849a774 - G50T
   ✅ ka59/38d34dbb - KA59
   ✅ lf52/271a04aa - LF52
   ✅ lp85/305b61c3 - LP85
   ✅ ls20/9607627b - LS20
   ✅ m0r0/492f87ba - M0R0
   ✅ r11l/495a7899 - R11L
   ✅ re86/8af5384d - RE86
   ✅ s5i5/18d95033 - S5I5
   ✅ sb26/7fbdac44 - SB26
   ✅ sc25/635fd71a - SC25
   ✅ sk48/d8078629 - SK48
   ✅ sp80/589a99af - SP80
   ✅ su15/1944f8ab - SU15
   ✅ tn36/ef4dde99 - TN36
   ✅ tr87/cd924810 - TR87
   ✅ tu93/0768757b - TU93
   ✅ vc33/5430563c - VC33
   ✅ wa30/ee6fef47 - WA30
======================================================================
🎮 UNIFIED PUZZLE MANAGER - PHASE 4.6.1
======================================================================

📊 PUZZLES CHARGÉS:
  🔷 ARC Classiques (statiques): 800
  🎯 Arcade 2D (dynamiques): 25
  📦 TOTAL: 825 puzzles

🎯 TYPES DE PUZZLES:
  ✅ Transformations statiques (ARC-AGI 2)
  ✅ Jeux arcade dynamiques (ls20, etc.)

🧠 APPRENTISSAGE UNIFIÉ:
  ✅ Mémoire partagée entre tous les types
  ✅ Transfert de concepts inter-types
  ✅ Rotation équilibrée ARC + Arcade
======================================================================

🤖 Initialisation MAGEN Agent (7 couches + corrections 4.5.9)...

✅ Unified Rotation Engine prêt
📊 825 puzzles chargés
   🔷 ARC: 800
   🎯 Arcade: 25
🎓 MODE PROGRESSIF: ARC d'abord → Arcade après 50% succès
======================================================================

📋 Configuration:
   Cycles max: 1000
   Puzzles/cycle: 50
   Objectif: 50% succès ARC
======================================================================

🚀 Cycle 1/1000

======================================================================
🔄 CYCLE UNIFIÉ 1
======================================================================

🎓 PHASE 1: APPRENTISSAGE ARC
   Succès: 0.0% | Maîtrise: 0.0%
   Objectif: 50% succès pour débloquer HUMANS

🔷 Puzzle 1/50: e8dc4411 (ARC, niveau 1)

🔷 Puzzle 2/50: 55059096 (ARC, niveau 1)

🔷 Puzzle 3/50: a59b95c0 (ARC, niveau 1)

🔷 Puzzle 4/50: 2b01abd0 (ARC, niveau 1)

🔷 Puzzle 5/50: 64a7c07e (ARC, niveau 1)

🔷 Puzzle 6/50: 75b8110e (ARC, niveau 1)

🔷 Puzzle 7/50: 358ba94e (ARC, niveau 1)

🔷 Puzzle 8/50: b782dc8a (ARC, niveau 1)

🔷 Puzzle 9/50: b7f8a4d8 (ARC, niveau 1)

🔷 Puzzle 10/50: 776ffc46 (ARC, niveau 1)

🔷 Puzzle 11/50: 5ffb2104 (ARC, niveau 1)

🔷 Puzzle 12/50: 3bd67248 (ARC, niveau 1)

🔷 Puzzle 13/50: e9afcf9a (ARC, niveau 1)

🔷 Puzzle 14/50: 54db823b (ARC, niveau 1)

🔷 Puzzle 15/50: ac0c5833 (ARC, niveau 1)

🔷 Puzzle 16/50: ca8de6ea (ARC, niveau 1)

🔷 Puzzle 17/50: 8e5a5113 (ARC, niveau 1)

🔷 Puzzle 18/50: 1da012fc (ARC, niveau 1)

🔷 Puzzle 19/50: 9a4bb226 (ARC, niveau 1)

🔷 Puzzle 20/50: 03560426 (ARC, niveau 1)

🔷 Puzzle 21/50: 5b526a93 (ARC, niveau 1)

🔷 Puzzle 22/50: 2c737e39 (ARC, niveau 1)

🔷 Puzzle 23/50: 103eff5b (ARC, niveau 1)

🔷 Puzzle 24/50: 2dc579da (ARC, niveau 1)

🔷 Puzzle 25/50: 84db8fc4 (ARC, niveau 1)

🔷 Puzzle 26/50: 63613498 (ARC, niveau 1)

🔷 Puzzle 27/50: 1a6449f1 (ARC, niveau 1)

🔷 Puzzle 28/50: 11852cab (ARC, niveau 1)

🔷 Puzzle 29/50: 23581191 (ARC, niveau 1)

🔷 Puzzle 30/50: c87289bb (ARC, niveau 1)

🔷 Puzzle 31/50: 264363fd (ARC, niveau 1)

🔷 Puzzle 32/50: dc0a314f (ARC, niveau 1)

🔷 Puzzle 33/50: 5783df64 (ARC, niveau 1)

🔷 Puzzle 34/50: 7c8af763 (ARC, niveau 1)

🔷 Puzzle 35/50: 833dafe3 (ARC, niveau 1)

🔷 Puzzle 36/50: c1990cce (ARC, niveau 1)

🔷 Puzzle 37/50: 15696249 (ARC, niveau 1)

🔷 Puzzle 38/50: 8ee62060 (ARC, niveau 1)

🔷 Puzzle 39/50: 79fb03f4 (ARC, niveau 1)

🔷 Puzzle 40/50: eb5a1d5d (ARC, niveau 1)

🔷 Puzzle 41/50: a9f96cdd (ARC, niveau 1)

🔷 Puzzle 42/50: e0fb7511 (ARC, niveau 1)

🔷 Puzzle 43/50: 6cf79266 (ARC, niveau 1)

🔷 Puzzle 44/50: 539a4f51 (ARC, niveau 1)

🔷 Puzzle 45/50: 4c177718 (ARC, niveau 1)

🔷 Puzzle 46/50: 60a26a3e (ARC, niveau 1)

🔷 Puzzle 47/50: 17cae0c1 (ARC, niveau 1)

🔷 Puzzle 48/50: a64e4611 (ARC, niveau 1)

🔷 Puzzle 49/50: 890034e9 (ARC, niveau 1)

🔷 Puzzle 50/50: b15fca0b (ARC, niveau 1)

======================================================================
📊 RÉSUMÉ CYCLE 1
======================================================================

🎮 Puzzles joués: 50
   🔷 ARC: 50
   🎯 Arcade: 0

🏆 Victoires:
   🔷 ARC: 0
   🎯 Arcade: 0
   📦 TOTAL: 0

💰 Reward total: -500.00

📈 Statistiques globales:
   Cycles complétés: 1
   Épisodes joués: 50
   Puzzles uniques: 50
   Victoires ARC: 0
   Victoires Arcade: 0
======================================================================

💾 Progression sauvegardée: unified_rotation_progress.json

======================================================================
📊 RÉSUMÉ FINAL
======================================================================
⏱️  Durée totale: 0.0min (0.0h)
🔄 Cycles complétés: 1
🎮 Episodes joués: 50
🔷 Victoires ARC: 0
🎯 Victoires Arcade: 0
Traceback (most recent call last):
  File "/home/lvx/LVX/lumvorax2/src/MAGEN/arc_integration/train_longterm.py", line 66, in main
    arc_played = stats['by_type']['arc_static']['played']
                 ~~~~~~~~~~~~~~~~^^^^^^^^^^^^^^
KeyError: 'arc_static'

During handling of the above exception, another exception occurred:

Traceback (most recent call last):
  File "/home/lvx/LVX/lumvorax2/src/MAGEN/arc_integration/train_longterm.py", line 120, in <module>
    main()
  File "/home/lvx/LVX/lumvorax2/src/MAGEN/arc_integration/train_longterm.py", line 106, in main
    final_arc_played = final_stats['by_type']['arc_static']['played']
                       ~~~~~~~~~~~~~~~~~~~~~~^^^^^^^^^^^^^^
KeyError: 'arc_static'
