⚠️ Utilisation world_model_simple (sans NetworkX)

======================================================================
🧪 TEST UNIFIED ROTATION ENGINE - PHASE 4.6.1
======================================================================
======================================================================
🎮 UNIFIED ROTATION ENGINE - PHASE 4.6.1
======================================================================

🔧 Initialisation Unified Puzzle Manager...
📂 Chargement depuis: /home/lvx/LVX/environment_files/ARC-AGI/data
   Training: 400 fichiers trouvés
   Evaluation: 400 fichiers trouvés
✅ Total chargé: 800 puzzles
✅ 800 puzzles ARC chargés
📝 Nouvelle base de connaissances créée

🎮 Scan jeux arcade dans: /home/lvx/LVX/lumvorax2/src/environment_files
   Trouvés: 25 répertoires
   ✅ ar25/0c556536 - AR25
   ✅ bp35/0a0ad940 - BP35
   ✅ cd82/fb555c5d - CD82
   ✅ cn04/2fe56bfb - CN04
   ✅ dc22/fdcac232 - DC22
   ✅ ft09/0d8bbf25 - FT09
   ✅ g50t/5849a774 - G50T
   ✅ ka59/38d34dbb - KA59
   ✅ lf52/271a04aa - LF52
   ✅ lp85/305b61c3 - LP85
   ✅ ls20/9607627b - LS20
   ✅ m0r0/492f87ba - M0R0
   ✅ r11l/495a7899 - R11L
   ✅ re86/8af5384d - RE86
   ✅ s5i5/18d95033 - S5I5
   ✅ sb26/7fbdac44 - SB26
   ✅ sc25/635fd71a - SC25
   ✅ sk48/d8078629 - SK48
   ✅ sp80/589a99af - SP80
   ✅ su15/1944f8ab - SU15
   ✅ tn36/ef4dde99 - TN36
   ✅ tr87/cd924810 - TR87
   ✅ tu93/0768757b - TU93
   ✅ vc33/5430563c - VC33
   ✅ wa30/ee6fef47 - WA30
======================================================================
🎮 UNIFIED PUZZLE MANAGER - PHASE 4.6.1
======================================================================

📊 PUZZLES CHARGÉS:
  🔷 ARC Classiques (statiques): 800
  🎯 Arcade 2D (dynamiques): 25
  📦 TOTAL: 825 puzzles

🎯 TYPES DE PUZZLES:
  ✅ Transformations statiques (ARC-AGI 2)
  ✅ Jeux arcade dynamiques (ls20, etc.)

🧠 APPRENTISSAGE UNIFIÉ:
  ✅ Mémoire partagée entre tous les types
  ✅ Transfert de concepts inter-types
  ✅ Rotation équilibrée ARC + Arcade
======================================================================

🤖 Initialisation MAGEN Agent (7 couches + corrections 4.5.9)...

✅ Unified Rotation Engine prêt
📊 825 puzzles chargés
   🔷 ARC: 800
   🎯 Arcade: 25
🎓 MODE PROGRESSIF: ARC d'abord → Arcade après 50% succès
======================================================================

🚀 Lancement cycle de test (10 puzzles)...

======================================================================
🔄 CYCLE UNIFIÉ 1
======================================================================

🎓 PHASE 1: APPRENTISSAGE ARC
   Succès: 0.0% | Maîtrise: 0.0%
   Objectif: 50% succès pour débloquer HUMANS

🔷 Puzzle 1/10: 5ffb2104 (ARC, niveau 1)

🔷 Puzzle 2/10: 0dfd9992 (ARC, niveau 1)

🔷 Puzzle 3/10: 794b24be (ARC, niveau 1)

🔷 Puzzle 4/10: 2685904e (ARC, niveau 1)

🔷 Puzzle 5/10: b9b7f026 (ARC, niveau 1)

🔷 Puzzle 6/10: 79fb03f4 (ARC, niveau 1)

🔷 Puzzle 7/10: 070dd51e (ARC, niveau 1)

🔷 Puzzle 8/10: 93b581b8 (ARC, niveau 1)

🔷 Puzzle 9/10: b0722778 (ARC, niveau 1)

🔷 Puzzle 10/10: e681b708 (ARC, niveau 1)

======================================================================
📊 RÉSUMÉ CYCLE 1
======================================================================

🎮 Puzzles joués: 10
   🔷 ARC: 10
   🎯 Arcade: 0

🏆 Victoires:
   🔷 ARC: 0
   🎯 Arcade: 0
   📦 TOTAL: 0

💰 Reward total: -100.00

📈 Statistiques globales:
   Cycles complétés: 1
   Épisodes joués: 10
   Puzzles uniques: 10
   Victoires ARC: 0
   Victoires Arcade: 0
======================================================================

💾 Progression sauvegardée: unified_rotation_progress.json

✅ Test terminé avec succès
📊 Résultats: 0 victoires sur 10 puzzles
