✅ Module ls20 importé depuis: /home/lvx/LVX/environment_files/ls20/9607627b

🎮 Initialisation jeu RÉEL ls20-9607627b...
   ✅ Jeu initialisé: Niveau 1
   📊 Actions disponibles: 4
   🎯 Max steps: 100

================================================================================
🎯 ENTRAÎNEMENT INTENSIF NIVEAU 1 - JUSQU'À VICTOIRE
================================================================================
Niveau: 1 (ls20-9607627b)
Max épisodes: 1000
Max steps/épisode: 100
Critère arrêt: AU MOINS 1 VICTOIRE
================================================================================


🔄 Épisode 1 - Reset
   État shape: (64, 64)

✅ Épisode 1 terminé
   Steps: 100
   Récompense: -1.00
   Succès: False

🔄 Épisode 2 - Reset
   État shape: (64, 64)

✅ Épisode 2 terminé
   Steps: 100
   Récompense: -1.00
   Succès: False

🔄 Épisode 3 - Reset
   État shape: (64, 64)

✅ Épisode 3 terminé
   Steps: 100
   Récompense: -1.00
   Succès: False

🔄 Épisode 4 - Reset
   État shape: (64, 64)

✅ Épisode 4 terminé
   Steps: 100
   Récompense: -1.00
   Succès: False

🔄 Épisode 5 - Reset
   État shape: (64, 64)

✅ Épisode 5 terminé
   Steps: 100
   Récompense: -1.00
   Succès: False

🔄 Épisode 6 - Reset
   État shape: (64, 64)

✅ Épisode 6 terminé
   Steps: 100
   Récompense: -1.00
   Succès: False

🔄 Épisode 7 - Reset
   État shape: (64, 64)

✅ Épisode 7 terminé
   Steps: 100
   Récompense: -1.00
   Succès: False

🔄 Épisode 8 - Reset
   État shape: (64, 64)

✅ Épisode 8 terminé
   Steps: 100
   Récompense: -1.00
   Succès: False

🔄 Épisode 9 - Reset
   État shape: (64, 64)

✅ Épisode 9 terminé
   Steps: 100
   Récompense: -1.00
   Succès: False

🔄 Épisode 10 - Reset
   État shape: (64, 64)

✅ Épisode 10 terminé
   Steps: 100
   Récompense: -1.00
   Succès: False
📊 Episode   10: reward= -1.00, steps=100, states=100, epsilon=0.995, total_states= 789

🔄 Épisode 11 - Reset
   État shape: (64, 64)

✅ Épisode 11 terminé
   Steps: 100
   Récompense: -1.00
   Succès: False

🔄 Épisode 12 - Reset
   État shape: (64, 64)

✅ Épisode 12 terminé
   Steps: 100
   Récompense: -1.00
   Succès: False

🔄 Épisode 13 - Reset
   État shape: (64, 64)

✅ Épisode 13 terminé
   Steps: 100
   Récompense: -1.00
   Succès: False

🔄 Épisode 14 - Reset
   État shape: (64, 64)

✅ Épisode 14 terminé
   Steps: 100
   Récompense: -1.00
   Succès: False

🔄 Épisode 15 - Reset
   État shape: (64, 64)

✅ Épisode 15 terminé
   Steps: 100
   Récompense: -1.00
   Succès: False

🔄 Épisode 16 - Reset
   État shape: (64, 64)

✅ Épisode 16 terminé
   Steps: 100
   Récompense: -1.00
   Succès: False

🔄 Épisode 17 - Reset
   État shape: (64, 64)

✅ Épisode 17 terminé
   Steps: 100
   Récompense: -1.00
   Succès: False

🔄 Épisode 18 - Reset
   État shape: (64, 64)

✅ Épisode 18 terminé
   Steps: 100
   Récompense: -1.00
   Succès: False

🔄 Épisode 19 - Reset
   État shape: (64, 64)

✅ Épisode 19 terminé
   Steps: 100
   Récompense: -1.00
   Succès: False

🔄 Épisode 20 - Reset
   État shape: (64, 64)

✅ Épisode 20 terminé
   Steps: 100
   Récompense: -1.00
   Succès: False
📊 Episode   20: reward= -1.00, steps=100, states=100, epsilon=0.995, total_states=1328

🔄 Épisode 21 - Reset
   État shape: (64, 64)

✅ Épisode 21 terminé
   Steps: 100
   Récompense: -1.00
   Succès: False

🔄 Épisode 22 - Reset
   État shape: (64, 64)

✅ Épisode 22 terminé
   Steps: 100
   Récompense: -1.00
   Succès: False

🔄 Épisode 23 - Reset
   État shape: (64, 64)

✅ Épisode 23 terminé
   Steps: 100
   Récompense: -1.00
   Succès: False

🔄 Épisode 24 - Reset
   État shape: (64, 64)

✅ Épisode 24 terminé
   Steps: 100
   Récompense: -1.00
   Succès: False

🔄 Épisode 25 - Reset
   État shape: (64, 64)

✅ Épisode 25 terminé
   Steps: 100
   Récompense: -1.00
   Succès: False

🔄 Épisode 26 - Reset
   État shape: (64, 64)

✅ Épisode 26 terminé
   Steps: 100
   Récompense: -1.00
   Succès: False

🔄 Épisode 27 - Reset
   État shape: (64, 64)

✅ Épisode 27 terminé
   Steps: 100
   Récompense: -1.00
   Succès: False

🔄 Épisode 28 - Reset
   État shape: (64, 64)

✅ Épisode 28 terminé
   Steps: 100
   Récompense: -1.00
   Succès: False

🔄 Épisode 29 - Reset
   État shape: (64, 64)

✅ Épisode 29 terminé
   Steps: 100
   Récompense: -1.00
   Succès: False

🔄 Épisode 30 - Reset
   État shape: (64, 64)

✅ Épisode 30 terminé
   Steps: 100
   Récompense: -1.00
   Succès: False
📊 Episode   30: reward= -1.00, steps=100, states=100, epsilon=0.995, total_states=1697

🔄 Épisode 31 - Reset
   État shape: (64, 64)

✅ Épisode 31 terminé
   Steps: 100
   Récompense: -1.00
   Succès: False

🔄 Épisode 32 - Reset
   État shape: (64, 64)

✅ Épisode 32 terminé
   Steps: 100
   Récompense: -1.00
   Succès: False

🔄 Épisode 33 - Reset
   État shape: (64, 64)

✅ Épisode 33 terminé
   Steps: 100
   Récompense: -1.00
   Succès: False

🔄 Épisode 34 - Reset
   État shape: (64, 64)

✅ Épisode 34 terminé
   Steps: 100
   Récompense: -1.00
   Succès: False

🔄 Épisode 35 - Reset
   État shape: (64, 64)

✅ Épisode 35 terminé
   Steps: 100
   Récompense: -1.00
   Succès: False

🔄 Épisode 36 - Reset
   État shape: (64, 64)

✅ Épisode 36 terminé
   Steps: 100
   Récompense: -1.00
   Succès: False

🔄 Épisode 37 - Reset
   État shape: (64, 64)

✅ Épisode 37 terminé
   Steps: 100
   Récompense: -1.00
   Succès: False

🔄 Épisode 38 - Reset
   État shape: (64, 64)

✅ Épisode 38 terminé
   Steps: 100
   Récompense: -1.00
   Succès: False

🔄 Épisode 39 - Reset
   État shape: (64, 64)

✅ Épisode 39 terminé
   Steps: 100
   Récompense: -1.00
   Succès: False

🔄 Épisode 40 - Reset
   État shape: (64, 64)

✅ Épisode 40 terminé
   Steps: 100
   Récompense: -1.00
   Succès: False
📊 Episode   40: reward= -1.00, steps=100, states=100, epsilon=0.995, total_states=1943

🔄 Épisode 41 - Reset
   État shape: (64, 64)

✅ Épisode 41 terminé
   Steps: 100
   Récompense: -1.00
   Succès: False

🔄 Épisode 42 - Reset
   État shape: (64, 64)

✅ Épisode 42 terminé
   Steps: 100
   Récompense: -1.00
   Succès: False

🔄 Épisode 43 - Reset
   État shape: (64, 64)

✅ Épisode 43 terminé
   Steps: 100
   Récompense: -1.00
   Succès: False

🔄 Épisode 44 - Reset
   État shape: (64, 64)

✅ Épisode 44 terminé
   Steps: 100
   Récompense: -1.00
   Succès: False

🔄 Épisode 45 - Reset
   État shape: (64, 64)

✅ Épisode 45 terminé
   Steps: 100
   Récompense: -1.00
   Succès: False

🔄 Épisode 46 - Reset
   État shape: (64, 64)

✅ Épisode 46 terminé
   Steps: 100
   Récompense: -1.00
   Succès: False

🔄 Épisode 47 - Reset
   État shape: (64, 64)

✅ Épisode 47 terminé
   Steps: 100
   Récompense: -1.00
   Succès: False

🔄 Épisode 48 - Reset
   État shape: (64, 64)

✅ Épisode 48 terminé
   Steps: 100
   Récompense: -1.00
   Succès: False

🔄 Épisode 49 - Reset
   État shape: (64, 64)

✅ Épisode 49 terminé
   Steps: 100
   Récompense: -1.00
   Succès: False

🔄 Épisode 50 - Reset
   État shape: (64, 64)

✅ Épisode 50 terminé
   Steps: 100
   Récompense: -1.00
   Succès: False
📊 Episode   50: reward= -1.00, steps=100, states=100, epsilon=0.995, total_states=2148
Traceback (most recent call last):
  File "/home/lvx/LVX/lumvorax2/src/MAGEN/arc_integration/train_level1_until_victory.py", line 353, in <module>
    main()
  File "/home/lvx/LVX/lumvorax2/src/MAGEN/arc_integration/train_level1_until_victory.py", line 344, in main
    report = trainer.train_until_victory()
             ^^^^^^^^^^^^^^^^^^^^^^^^^^^^^
  File "/home/lvx/LVX/lumvorax2/src/MAGEN/arc_integration/train_level1_until_victory.py", line 150, in train_until_victory
    self._save_checkpoint(episode)
  File "/home/lvx/LVX/lumvorax2/src/MAGEN/arc_integration/train_level1_until_victory.py", line 245, in _save_checkpoint
    pickle.dump({
AttributeError: Can't pickle local object 'MAGENSimpleAgent.__init__.<locals>.<lambda>'
