[LUMVORAX] init_lum: log_run=logs/forensic/modules/btc_qm_engine_forensic_btc_20260504T185014Z_142641.log ACTIF v3.0 (FD_PERSISTANT=ON)
[ULTRA_FORENSIC] Système de logging forensique v3.0 initialisé

╔══════════════════════════════════════════════════════════╗
║  LumVorax — Module 17 — Bitcoin Quantum Mining Engine   ║
║  Version : 1.0.0-C43 | Standard : STANDARD_NAMES v4.2  ║
║  C43 : NX48 dual-neuron, POW candidate export           ║
║  C43 : module bridge advisory + chain validator         ║
╚══════════════════════════════════════════════════════════╝
[BTC_QM] run_id    = btc_20260504T185014Z_142641
[BTC_QM] mode      = BENCHMARK
[BTC_QM] threads   = 16
[BTC_QM] duration  = 60 s
[BTC_QM] nx48 csv  = config/btc_nx48_last.csv
[BTC_QM] log dir   = logs/forensic
[BTC_QM] bits      = 0x1d00ffff
[BTC_QM] target    = 000000000000000000000000000000000000000000000000000000ffff000000
[C171-GPU-ASYNC] Initialisation logger GPU asynchrone (buffer 262k)...
[C171-GPU-ASYNC] Logger GPU asynchrone actif
[NX48-LUM] Chargé : update=2578 best=38 bits exploration=0.857 delta=33.77 [header-bound]
[NX48-BTC-C170] ✅ NX49 neurone biologique activé (pyramidal)
[NX48-BTC-C170]    └─ Soma: 20.0µm | Dendrites: 100 | Axon: 1000µm
[NX48-BTC-C170]    └─ V_rest: -70.0mV | V_threshold: -55.0mV | Synapses: 125
[NX48-HW] CPU:8 threads AVX:1 (AVX2) SHA-NI:0 | GPU-OpenCL:Intel(R) UHD Graphics 620 DRI:1 | RAM:905MB
[NX48-HW] Binaire compilé AVEC : AVX2+SSE +FMA | gcc auto-vectorise SHA-256 dès maintenant
[NX48-INIT] C61 — 8 sous-neurones × 2 | exploration_bias=0.86 | LUM=chargé
[BTC_QM] NX48_BTC C61 initialisé — update_count=2578 best_leading=38
[BTC_QM] NX48 architecture C61 : 2 neurones × 8 sous-neurones = 16 total
[BTC_QM] NX48 contrôle : threads=16 | T_hot=1.0 | T_cold=1.0 | GPU=Intel(R) UHD Graphics 620
[BTC_QM] NX48 exploration_bias=0.857 | delta_nonce=33.77 | AVX=1
[SMAPS-KERNEL] RSS=101128 KB (25282 pages 4KiB)
[SMAPS-KERNEL] AnonHugePages (THP 2MB)=0 KB (0 hugepages)
[SMAPS-KERNEL] Private_Dirty=97420 KB | Shared_Dirty=0 KB
[SMAPS-KERNEL] Referenced=100992 KB | VM_Total=0 KB
[SMAPS-KERNEL] Granularité réelle : PAGE 4KiB standard (selon AnonHugePages)
[C118-Q5] ASIC optimizer balayage 4 tailles batch (BTC_TUNE_FULL=1 pour sweep complet)...

╔══════════════════════════════════════════════════════════╗
║     ASIC BTC OPTIMIZER — Rapport C115                  ║
╠══════════════════════════════════════════════════════════╣
║ CONFIGURATION                                           ║
║   Pipeline depth    : 64 stages SHA-256              
║   Moteurs parallèles: 96                              
║   Fréquence         : 0.000 GHz                        
║   Stratégie nonce   : SEQUENTIAL                             
║   Batch size        : 2097152 nonces                      
║   Durée simulation  : 5 s                         
╠══════════════════════════════════════════════════════════╣
║ RÉSULTATS HASHRATE                                      ║
║   Peak              : 0.001 MH/s                      
║   Moyen             : 0.001 MH/s                      
║   Final             : 0.001 MH/s                      
║   Déclin thermique  : 0.00 %                        
╠══════════════════════════════════════════════════════════╣
║ MÉTRIQUES EFFICACITÉ                                    ║
║   W/GH              : 71525.5737                           
║   J/hash            : 7.15e-05                           
║   Total hashes      : 2.097e+06                           
║   Batches traités   : 1                           
╠══════════════════════════════════════════════════════════╣
║ MÉTRIQUES QUALITÉ NONCE                                 ║
║   Best leading bits : 9                              
║   Best nonce        : 0x000002CC                        
║   Near-miss / MH    : 0.0000                           
╠══════════════════════════════════════════════════════════╣
║ MÉTRIQUES NX48                                          ║
║   Delta final       : 6.000                           
║   Resets C62        : 0                              
╠══════════════════════════════════════════════════════════╣
║ SCORE OPTIMISATION  : 2.8 / 100                     
╚══════════════════════════════════════════════════════════╝

[C118-Q5] BEST batch=2097152 (idx=3) | score=2.8 | hashrate_avg=0.00 MH/s
[C118-Q5] nx48_ctrl_batch_size ← 2097152 (boucle feedback fermée)
[BTC_QM] Test intégrité SHA-256 (NIST)… OK ✓
[BTC_QM] Génération nouveau wallet secp256k1 pour ce run…

╔═══════════════════════════════════════════════════════════╗
║        LumVorax — Wallet Bitcoin RÉEL                    ║
╠═══════════════════════════════════════════════════════════╣
║ Réseau      : TESTNET3                                      ║
║ run_id      : btc_20260504T185014Z_142641                   ║
╠═══════════════════════════════════════════════════════════╣
║ Adresse P2PKH   : mnNaEb69SpW73DsXSvgxp146aeABncSr8a        ║
║ Adresse Bech32  : tb1qfvejxcaarjxqnsd4npxr8kplywa6cff3mhfu23║
╠═══════════════════════════════════════════════════════════╣
║ Clé privée (hex): bc010726...(masquée)                     ║
║ WIF compressé   : cTtA3zde4VJmEAEktJf8Pm6B1C7E83JLYxuuCodhJ9LtjzqRRecA║
╠═══════════════════════════════════════════════════════════╣
║ HASH160 (hex)   : 4b332363bd1c8c09c1b5984c33d83f23bbac2531  ║
╚═══════════════════════════════════════════════════════════╝
[BTC_QM] Wallet sauvegardé → logs/forensic/wallet_btc_20260504T185014Z_142641.json
[BTC_QM] Lancement du moteur PT-MC…
[C42-WATCHDOG] 🟢 RAM disponible au démarrage: 902MB
[C42-WATCHDOG] 🟡 RAM modérée: 902MB — throttle 5ms batch/2
[C100-ALLTIME] seed best_lz_alltime=38 nonce=4278190080 upd_count=16 (historique préservé)
[C65-GPU-EARLY] ✅ GPU OpenCL activé AVANT moteur PT-MC : Intel(R) UHD Graphics 620
[C178-GPU-NATIVE] Initialisation module GPU natif LumVorax...
[C178-GPU-NATIVE] Module GPU natif initialisé — cible: 25-27 MH/s
[C174-3] GPU ts_start_ns set to NOW (not eng->ts_start_ns from 82s ago)
[C174-2] Thread GPU lancé immédiatement (init+warmup déjà faits)
[C174-2] GPU démarre en parallèle de 16 threads CPU
[C174-2-GPU] Thread GPU démarre immédiatement (init+warmup déjà faits)
[C174-2-GPU] Target near-miss : 20 bits | Batch : 262144 nonces/dispatch
[C174-GPU-DEBUG] === DEBUT BOUCLE GPU ===
[C174-GPU-DEBUG] duration_ns=60000000000 | ts_start_ns=27562196555145
[C174-GPU-DEBUG] Iteration 0 START | nonce_start=0x80000000 | gpu_total=0
[C174-GPU-DEBUG] Timeout check: elapsed=173371 ns (0.00 s) | duration=60000000000 ns (60.00 s)
[C178-GPU-NATIVE] Calling lum_gpu_mine_batch_async(nonce_start=0x80000000, batch=262144, target_bits=20)...
[C178-GPU-NATIVE] Batch 0: 26.25 MH/s | GPU util: 184.2% | CPU free: -84.2%
[C174-GPU-DEBUG] btc_opencl_mine_batch returned: r=0 (BTC_OCL_OK=0)
[C174-GPU-DEBUG] out_nonce=0xFFFFFFFF | out_best=0 bits
[C174-GPU-DEBUG] Iteration 1 END | gpu_total_hashes=262144 (+262144)
[C174-GPU-DEBUG] Iteration 1 START | nonce_start=0x80040000 | gpu_total=262144
[C174-GPU-DEBUG] Timeout check: elapsed=37931266 ns (0.04 s) | duration=60000000000 ns (60.00 s)
[C178-GPU-NATIVE] Calling lum_gpu_mine_batch_async(nonce_start=0x80040000, batch=262144, target_bits=20)...
[C178-GPU-NATIVE] Batch 1: 25.31 MH/s | GPU util: 48.7% | CPU free: 51.3%
[C174-GPU-DEBUG] btc_opencl_mine_batch returned: r=0 (BTC_OCL_OK=0)
[C174-GPU-DEBUG] out_nonce=0xFFFFFFFF | out_best=0 bits
[C174-GPU-DEBUG] Iteration 2 END | gpu_total_hashes=524288 (+262144)
[C174-GPU-DEBUG] Iteration 2 START | nonce_start=0x80080000 | gpu_total=524288
[C174-GPU-DEBUG] Timeout check: elapsed=67035731 ns (0.07 s) | duration=60000000000 ns (60.00 s)
[C178-GPU-NATIVE] Calling lum_gpu_mine_batch_async(nonce_start=0x80080000, batch=262144, target_bits=20)...
[C178-GPU-NATIVE] Batch 2: 26.42 MH/s | GPU util: 42.3% | CPU free: 57.7%
[C174-GPU-DEBUG] btc_opencl_mine_batch returned: r=0 (BTC_OCL_OK=0)
[C174-GPU-DEBUG] out_nonce=0xFFFFFFFF | out_best=0 bits
[C174-GPU-DEBUG] Iteration 3 END | gpu_total_hashes=786432 (+262144)
[C174-GPU-DEBUG] Iteration 3 START | nonce_start=0x800C0000 | gpu_total=786432
[C174-GPU-DEBUG] Timeout check: elapsed=93604025 ns (0.09 s) | duration=60000000000 ns (60.00 s)
[C178-GPU-NATIVE] Calling lum_gpu_mine_batch_async(nonce_start=0x800C0000, batch=262144, target_bits=20)...
[C178-GPU-NATIVE] Batch 3: 25.86 MH/s | GPU util: 30.5% | CPU free: 69.5%
[C174-GPU-DEBUG] btc_opencl_mine_batch returned: r=0 (BTC_OCL_OK=0)
[C174-GPU-DEBUG] out_nonce=0xFFFFFFFF | out_best=0 bits
[C174-GPU-DEBUG] Iteration 4 END | gpu_total_hashes=1048576 (+262144)
[C174-GPU-DEBUG] Iteration 4 START | nonce_start=0x80100000 | gpu_total=1048576
[C174-GPU-DEBUG] Timeout check: elapsed=129715932 ns (0.13 s) | duration=60000000000 ns (60.00 s)
[C178-GPU-NATIVE] Calling lum_gpu_mine_batch_async(nonce_start=0x80100000, batch=262144, target_bits=20)...
[C178-GPU-NATIVE] Batch 4: 26.37 MH/s | GPU util: 42.2% | CPU free: 57.8%
[C174-GPU-DEBUG] btc_opencl_mine_batch returned: r=0 (BTC_OCL_OK=0)
[C174-GPU-DEBUG] out_nonce=0x2AE994CC | out_best=0 bits
[C174-GPU-DEBUG] Iteration 5 END | gpu_total_hashes=1310720 (+262144)
[C116-P4] near_miss_bits adaptatif = 20 bits (QDPR)
[C88-GPU-FIX] Near-miss GPU nonce=2160418547 best=0 bits (target_bits=20) — minage continue (PAS un bloc valide)
[C174-2-GPU] batch #100 | GPU hashes: 26214400 | near-miss GPU best: 0 bits
[C174-GPU-DEBUG] Iteration 100 START | nonce_start=0x81900000 | gpu_total=26214400
[C174-GPU-DEBUG] Timeout check: elapsed=6798028609 ns (6.80 s) | duration=60000000000 ns (60.00 s)
[C178-GPU-NATIVE] Batch 100: 17.09 MH/s | GPU util: 47.5% | CPU free: 52.5%
[LUMVORAX] Rotation CSV → logs/forensic/modules/btc_qm_engine_forensic_btc_20260504T185014Z_142641.log_part_0001.csv (partie 1, cap 20 MB atteint)
[C88-GPU-FIX] Near-miss GPU nonce=2186700292 best=0 bits (target_bits=20) — minage continue (PAS un bloc valide)
[BTC_QM] elapsed=13.5s hashes=52248576 hashrate=3.87MH/s best_leading=38 best_nonce=4278190080 nx48_delta=40.57
[C174-2-GPU] batch #200 | GPU hashes: 52428800 | near-miss GPU best: 0 bits
[C174-GPU-DEBUG] Iteration 200 START | nonce_start=0x83200000 | gpu_total=52428800
[C174-GPU-DEBUG] Timeout check: elapsed=13512827264 ns (13.51 s) | duration=60000000000 ns (60.00 s)
[C178-GPU-NATIVE] Batch 200: 14.65 MH/s | GPU util: 58.1% | CPU free: 41.9%
[LUMVORAX] Rotation CSV → logs/forensic/modules/btc_qm_engine_forensic_btc_20260504T185014Z_142641.log_part_0002.csv (partie 2, cap 20 MB atteint)
[C174-2-GPU] batch #300 | GPU hashes: 78643200 | near-miss GPU best: 0 bits
[C174-GPU-DEBUG] Iteration 300 START | nonce_start=0x84B00000 | gpu_total=78643200
[C174-GPU-DEBUG] Timeout check: elapsed=20950871537 ns (20.95 s) | duration=60000000000 ns (60.00 s)
[C178-GPU-NATIVE] Batch 300: 26.09 MH/s | GPU util: 46.3% | CPU free: 53.7%
[LUMVORAX:ANOMALY] module=btc_qm_engine desc=btc_nx49_spike_detected val=1.000000 src=src/nx48_btc_controller.c:1145
[LUMVORAX] Rotation CSV → logs/forensic/modules/btc_qm_engine_forensic_btc_20260504T185014Z_142641.log_part_0003.csv (partie 3, cap 20 MB atteint)
[C174-2-GPU] batch #400 | GPU hashes: 104857600 | near-miss GPU best: 0 bits
[C174-GPU-DEBUG] Iteration 400 START | nonce_start=0x86400000 | gpu_total=104857600
[C174-GPU-DEBUG] Timeout check: elapsed=27048582390 ns (27.05 s) | duration=60000000000 ns (60.00 s)
[C178-GPU-NATIVE] Batch 400: 24.73 MH/s | GPU util: 41.0% | CPU free: 59.0%
[BTC_QM] elapsed=34.3s hashes=127369216 hashrate=3.71MH/s best_leading=38 best_nonce=4278190080 nx48_delta=49.59
[C174-2-GPU] batch #500 | GPU hashes: 131072000 | near-miss GPU best: 0 bits
[C174-GPU-DEBUG] Iteration 500 START | nonce_start=0x87D00000 | gpu_total=131072000
[C174-GPU-DEBUG] Timeout check: elapsed=35945732388 ns (35.95 s) | duration=60000000000 ns (60.00 s)
[C178-GPU-NATIVE] Batch 500: 25.82 MH/s | GPU util: 47.1% | CPU free: 52.9%
[LUMVORAX] Rotation CSV → logs/forensic/modules/btc_qm_engine_forensic_btc_20260504T185014Z_142641.log_part_0004.csv (partie 4, cap 20 MB atteint)
[C88-GPU-FIX] Near-miss GPU nonce=2291623977 best=0 bits (target_bits=20) — minage continue (PAS un bloc valide)
[LUMVORAX] Rotation CSV → logs/forensic/modules/btc_qm_engine_forensic_btc_20260504T185014Z_142641.log_part_0005.csv (partie 5, cap 20 MB atteint)
[C174-2-GPU] batch #600 | GPU hashes: 157286400 | near-miss GPU best: 0 bits
[C174-GPU-DEBUG] Iteration 600 START | nonce_start=0x89600000 | gpu_total=157286400
[C174-GPU-DEBUG] Timeout check: elapsed=49114931325 ns (49.11 s) | duration=60000000000 ns (60.00 s)
[C178-GPU-NATIVE] Batch 600: 27.18 MH/s | GPU util: 50.7% | CPU free: 49.3%
[C88-GPU-FIX] Near-miss GPU nonce=2330838959 best=0 bits (target_bits=20) — minage continue (PAS un bloc valide)
[C174-2-GPU] batch #700 | GPU hashes: 183500800 | near-miss GPU best: 0 bits
[C174-GPU-DEBUG] Iteration 700 START | nonce_start=0x8AF00000 | gpu_total=183500800
[C174-GPU-DEBUG] Timeout check: elapsed=55473939432 ns (55.47 s) | duration=60000000000 ns (60.00 s)
[C178-GPU-NATIVE] Batch 700: 24.69 MH/s | GPU util: 51.8% | CPU free: 48.2%
[LUMVORAX] Rotation CSV → logs/forensic/modules/btc_qm_engine_forensic_btc_20260504T185014Z_142641.log_part_0006.csv (partie 6, cap 20 MB atteint)
[BTC_QM] elapsed=59.4s hashes=198578176 hashrate=3.34MH/s best_leading=38 best_nonce=4278190080 nx48_delta=47.30
[C174-GPU-DEBUG] EXIT: timeout reached (batch=769, elapsed=60.07s)
[C174-GPU-DEBUG] === FIN BOUCLE GPU ===
[C174-GPU-DEBUG] Total iterations: 769 | gpu_total_hashes=201588736 | gpu_best_bits=0
[C42-WATCHDOG] 🟡 RAM modérée: 999MB — throttle 5ms batch/2
[C69-GPU] Thread GPU termine | Total GPU hashes: 201588736 | Best GPU near-miss: 0 bits
[BTC_QM] === RÉSULTATS FINAUX ===
[BTC_QM] Total hashes : 202055680
[BTC_QM] Durée        : 64.10 s
[BTC_QM] Hashrate     : 3.15 MH/s
[BTC_QM] Best leading : 38 bits
[BTC_QM] Best nonce   : 4278190080
[BTC_QM] Bloc valide  : non
[LUMVORAX] Nano ring flushed: 4096 entrées → logs/forensic/nano/nano_ring_27627080994594.csv
[C42-WATCHDOG] 🏁 Run terminé — RAM finale: 1020MB

[BTC_QM] Module 17 terminé — résultat=0
[BTC_QM] Sauvegarde NX48 → config/btc_nx48_last.csv
[C171-GPU-ASYNC] Arrêt logger GPU asynchrone (pending: 0 entries)...
[C171-GPU-ASYNC] Logger GPU asynchrone arrêté proprement
[NX48-BTC-C170] Libération neurone NX49 (spikes=1)
Rapport résumé généré: logs/forensic/sessions/summary_27627085565694.txt
[ULTRA_FORENSIC] Système de logging forensique arrêté proprement
